Command line invocation:
    /Applications/Xcode.app/Contents/Developer/usr/bin/xcodebuild -workspace SugarBeat.xcworkspace -scheme SugarBeat -destination "platform=iOS Simulator,name=iPhone 16" clean build

Resolve Package Graph


Resolved source packages:
  GoogleDataTransport: https://github.com/google/GoogleDataTransport.git @ 10.1.0
  AppAuth: https://github.com/openid/AppAuth-iOS.git @ 2.0.0
  abseil: https://github.com/google/abseil-cpp-binary.git @ 1.2024072200.0
  GoogleMobileAds: https://github.com/googleads/swift-package-manager-google-mobile-ads.git @ 12.14.0
  nanopb: https://github.com/firebase/nanopb.git @ 2.30910.0
  GoogleUserMessagingPlatform: https://github.com/googleads/swift-package-manager-google-user-messaging-platform.git @ 3.1.0
  gRPC: https://github.com/google/grpc-binary.git @ 1.69.1
  GoogleUtilities: https://github.com/google/GoogleUtilities.git @ 8.1.0
  GoogleAdsOnDeviceConversion: https://github.com/googleads/google-ads-on-device-conversion-ios-sdk @ 3.2.0
  SwiftProtobuf: https://github.com/apple/swift-protobuf.git @ 1.33.3
  Firebase: https://github.com/firebase/firebase-ios-sdk @ 12.7.0
  GoogleAppMeasurement: https://github.com/google/GoogleAppMeasurement.git @ 12.5.0
  GTMSessionFetcher: https://github.com/google/gtm-session-fetcher.git @ 3.5.0
  AppCheck: https://github.com/google/app-check.git @ 11.2.0
  GTMAppAuth: https://github.com/google/GTMAppAuth.git @ 5.0.0
  GoogleSignIn: https://github.com/google/GoogleSignIn-iOS @ 9.1.0
  leveldb: https://github.com/firebase/leveldb.git @ 1.22.5
  Promises: https://github.com/google/promises.git @ 2.4.0
  InteropForGoogle: https://github.com/google/interop-ios-for-google-sdks.git @ 101.0.0

--- xcodebuild: WARNING: Using the first of multiple matching destinations:
{ platform:iOS Simulator, arch:arm64, id:4DCF10B0-1124-43B8-835F-63573BA3D327, OS:18.4, name:iPhone 16 }
{ platform:iOS Simulator, arch:x86_64, id:4DCF10B0-1124-43B8-835F-63573BA3D327, OS:18.4, name:iPhone 16 }
ComputePackagePrebuildTargetDependencyGraph

CreateBuildRequest

SendProjectDescription

CreateBuildOperation

** CLEAN SUCCEEDED **

--- xcodebuild: WARNING: Using the first of multiple matching destinations:
{ platform:iOS Simulator, arch:arm64, id:4DCF10B0-1124-43B8-835F-63573BA3D327, OS:18.4, name:iPhone 16 }
{ platform:iOS Simulator, arch:x86_64, id:4DCF10B0-1124-43B8-835F-63573BA3D327, OS:18.4, name:iPhone 16 }
ComputePackagePrebuildTargetDependencyGraph

Prepare packages

CreateBuildRequest

SendProjectDescription

CreateBuildOperation

ComputeTargetDependencyGraph
note: Building targets in dependency order
note: Target dependency graph (87 targets)
    Target 'SugarBeat' in project 'SugarBeat'
        ➜ Explicit dependency on target 'GoogleSignIn' in project 'GoogleSignIn'
        ➜ Explicit dependency on target 'FirebaseStorage' in project 'Firebase'
        ➜ Explicit dependency on target 'GoogleSignInSwift' in project 'GoogleSignIn'
        ➜ Explicit dependency on target 'FirebaseAuth' in project 'Firebase'
        ➜ Explicit dependency on target 'FirebaseFirestore' in project 'Firebase'
        ➜ Explicit dependency on target 'GoogleMobileAds' in project 'GoogleMobileAds'
    Target 'GoogleMobileAds' in project 'GoogleMobileAds'
        ➜ Explicit dependency on target 'GoogleMobileAdsTarget' in project 'GoogleMobileAds'
        ➜ Explicit dependency on target 'GoogleUserMessagingPlatform' in project 'GoogleUserMessagingPlatform'
    Target 'GoogleMobileAdsTarget' in project 'GoogleMobileAds'
        ➜ Explicit dependency on target 'GoogleUserMessagingPlatform' in project 'GoogleUserMessagingPlatform'
    Target 'GoogleUserMessagingPlatform' in project 'GoogleUserMessagingPlatform'
        ➜ Explicit dependency on target 'UserMessagingPlatformTarget' in project 'GoogleUserMessagingPlatform'
    Target 'UserMessagingPlatformTarget' in project 'GoogleUserMessagingPlatform' (no dependencies)
    Target 'FirebaseFirestore' in project 'Firebase'
        ➜ Explicit dependency on target 'FirebaseFirestoreTarget' in project 'Firebase'
        ➜ Explicit dependency on target 'FirebaseFirestoreInternalWrapper' in project 'Firebase'
        ➜ Explicit dependency on target 'FirebaseAppCheckInterop' in project 'Firebase'
        ➜ Explicit dependency on target 'Firebase' in project 'Firebase'
        ➜ Explicit dependency on target 'FirebaseCoreInternal' in project 'Firebase'
        ➜ Explicit dependency on target 'FirebaseCore' in project 'Firebase'
        ➜ Explicit dependency on target 'FirebaseCoreExtension' in project 'Firebase'
        ➜ Explicit dependency on target 'FirebaseSharedSwift' in project 'Firebase'
        ➜ Explicit dependency on target 'FirebaseFirestore' in project 'Firebase'
        ➜ Explicit dependency on target 'GULNSData' in project 'GoogleUtilities'
        ➜ Explicit dependency on target 'GULEnvironment' in project 'GoogleUtilities'
        ➜ Explicit dependency on target 'GULLogger' in project 'GoogleUtilities'
        ➜ Explicit dependency on target 'abseil' in project 'abseil'
        ➜ Explicit dependency on target 'gRPC-C++' in project 'gRPC'
        ➜ Explicit dependency on target 'nanopb' in project 'nanopb'
        ➜ Explicit dependency on target 'leveldb' in project 'leveldb'
    Target 'FirebaseFirestoreTarget' in project 'Firebase'
        ➜ Explicit dependency on target 'FirebaseFirestoreInternalWrapper' in project 'Firebase'
        ➜ Explicit dependency on target 'FirebaseAppCheckInterop' in project 'Firebase'
        ➜ Explicit dependency on target 'Firebase' in project 'Firebase'
        ➜ Explicit dependency on target 'FirebaseCoreInternal' in project 'Firebase'
        ➜ Explicit dependency on target 'FirebaseCore' in project 'Firebase'
        ➜ Explicit dependency on target 'FirebaseCoreExtension' in project 'Firebase'
        ➜ Explicit dependency on target 'FirebaseSharedSwift' in project 'Firebase'
        ➜ Explicit dependency on target 'FirebaseFirestore' in project 'Firebase'
        ➜ Explicit dependency on target 'GULNSData' in project 'GoogleUtilities'
        ➜ Explicit dependency on target 'GULEnvironment' in project 'GoogleUtilities'
        ➜ Explicit dependency on target 'GULLogger' in project 'GoogleUtilities'
        ➜ Explicit dependency on target 'abseil' in project 'abseil'
        ➜ Explicit dependency on target 'gRPC-C++' in project 'gRPC'
        ➜ Explicit dependency on target 'nanopb' in project 'nanopb'
        ➜ Explicit dependency on target 'leveldb' in project 'leveldb'
    Target 'FirebaseFirestore' in project 'Firebase'
        ➜ Explicit dependency on target 'Firebase_FirebaseFirestore' in project 'Firebase'
        ➜ Explicit dependency on target 'FirebaseFirestoreInternalWrapper' in project 'Firebase'
        ➜ Explicit dependency on target 'FirebaseAppCheckInterop' in project 'Firebase'
        ➜ Explicit dependency on target 'Firebase' in project 'Firebase'
        ➜ Explicit dependency on target 'FirebaseCoreInternal' in project 'Firebase'
        ➜ Explicit dependency on target 'FirebaseCore' in project 'Firebase'
        ➜ Explicit dependency on target 'FirebaseCoreExtension' in project 'Firebase'
        ➜ Explicit dependency on target 'FirebaseSharedSwift' in project 'Firebase'
        ➜ Explicit dependency on target 'GULNSData' in project 'GoogleUtilities'
        ➜ Explicit dependency on target 'GULEnvironment' in project 'GoogleUtilities'
        ➜ Explicit dependency on target 'GULLogger' in project 'GoogleUtilities'
        ➜ Explicit dependency on target 'abseil' in project 'abseil'
        ➜ Explicit dependency on target 'gRPC-C++' in project 'gRPC'
        ➜ Explicit dependency on target 'nanopb' in project 'nanopb'
        ➜ Explicit dependency on target 'leveldb' in project 'leveldb'
    Target 'leveldb' in project 'leveldb'
        ➜ Explicit dependency on target 'leveldb' in project 'leveldb'
        ➜ Explicit dependency on target 'leveldb_leveldb' in project 'leveldb'
    Target 'leveldb' in project 'leveldb'
        ➜ Explicit dependency on target 'leveldb_leveldb' in project 'leveldb'
    Target 'leveldb_leveldb' in project 'leveldb' (no dependencies)
    Target 'nanopb' in project 'nanopb'
        ➜ Explicit dependency on target 'nanopb' in project 'nanopb'
        ➜ Explicit dependency on target 'nanopb_nanopb' in project 'nanopb'
    Target 'nanopb' in project 'nanopb'
        ➜ Explicit dependency on target 'nanopb_nanopb' in project 'nanopb'
    Target 'nanopb_nanopb' in project 'nanopb' (no dependencies)
    Target 'gRPC-C++' in project 'gRPC'
        ➜ Explicit dependency on target 'grpcppWrapper' in project 'gRPC'
        ➜ Explicit dependency on target 'gRPC_grpcppWrapper' in project 'gRPC'
        ➜ Explicit dependency on target 'grpcWrapper' in project 'gRPC'
        ➜ Explicit dependency on target 'opensslWrapper' in project 'gRPC'
        ➜ Explicit dependency on target 'abseil' in project 'abseil'
    Target 'grpcppWrapper' in project 'gRPC'
        ➜ Explicit dependency on target 'gRPC_grpcppWrapper' in project 'gRPC'
        ➜ Explicit dependency on target 'grpcWrapper' in project 'gRPC'
        ➜ Explicit dependency on target 'opensslWrapper' in project 'gRPC'
        ➜ Explicit dependency on target 'abseil' in project 'abseil'
    Target 'opensslWrapper' in project 'gRPC'
        ➜ Explicit dependency on target 'gRPC_opensslWrapper' in project 'gRPC'
    Target 'gRPC_opensslWrapper' in project 'gRPC' (no dependencies)
    Target 'grpcWrapper' in project 'gRPC'
        ➜ Explicit dependency on target 'gRPC_grpcWrapper' in project 'gRPC'
    Target 'gRPC_grpcWrapper' in project 'gRPC' (no dependencies)
    Target 'gRPC_grpcppWrapper' in project 'gRPC' (no dependencies)
    Target 'abseil' in project 'abseil'
        ➜ Explicit dependency on target 'abslWrapper' in project 'abseil'
        ➜ Explicit dependency on target 'abseil_abslWrapper' in project 'abseil'
    Target 'abslWrapper' in project 'abseil'
        ➜ Explicit dependency on target 'abseil_abslWrapper' in project 'abseil'
    Target 'abseil_abslWrapper' in project 'abseil' (no dependencies)
    Target 'Firebase_FirebaseFirestore' in project 'Firebase' (no dependencies)
    Target 'FirebaseSharedSwift' in project 'Firebase' (no dependencies)
    Target 'FirebaseFirestoreInternalWrapper' in project 'Firebase' (no dependencies)
    Target 'FirebaseAuth' in project 'Firebase'
        ➜ Explicit dependency on target 'FirebaseAuth' in project 'Firebase'
        ➜ Explicit dependency on target 'Firebase_FirebaseAuth' in project 'Firebase'
        ➜ Explicit dependency on target 'FirebaseAppCheckInterop' in project 'Firebase'
        ➜ Explicit dependency on target 'FirebaseAuthInterop' in project 'Firebase'
        ➜ Explicit dependency on target 'FirebaseAuthInternal' in project 'Firebase'
        ➜ Explicit dependency on target 'Firebase' in project 'Firebase'
        ➜ Explicit dependency on target 'FirebaseCoreInternal' in project 'Firebase'
        ➜ Explicit dependency on target 'FirebaseCore' in project 'Firebase'
        ➜ Explicit dependency on target 'FirebaseCoreExtension' in project 'Firebase'
        ➜ Explicit dependency on target 'RecaptchaInterop' in project 'InteropForGoogle'
        ➜ Explicit dependency on target 'GULNSData' in project 'GoogleUtilities'
        ➜ Explicit dependency on target 'GULEnvironment' in project 'GoogleUtilities'
        ➜ Explicit dependency on target 'GULLogger' in project 'GoogleUtilities'
        ➜ Explicit dependency on target 'GULAppDelegateSwizzler' in project 'GoogleUtilities'
        ➜ Explicit dependency on target 'GTMSessionFetcherCore' in project 'GTMSessionFetcher'
    Target 'FirebaseAuth' in project 'Firebase'
        ➜ Explicit dependency on target 'Firebase_FirebaseAuth' in project 'Firebase'
        ➜ Explicit dependency on target 'FirebaseAppCheckInterop' in project 'Firebase'
        ➜ Explicit dependency on target 'FirebaseAuthInterop' in project 'Firebase'
        ➜ Explicit dependency on target 'FirebaseAuthInternal' in project 'Firebase'
        ➜ Explicit dependency on target 'Firebase' in project 'Firebase'
        ➜ Explicit dependency on target 'FirebaseCoreInternal' in project 'Firebase'
        ➜ Explicit dependency on target 'FirebaseCore' in project 'Firebase'
        ➜ Explicit dependency on target 'FirebaseCoreExtension' in project 'Firebase'
        ➜ Explicit dependency on target 'RecaptchaInterop' in project 'InteropForGoogle'
        ➜ Explicit dependency on target 'GULNSData' in project 'GoogleUtilities'
        ➜ Explicit dependency on target 'GULEnvironment' in project 'GoogleUtilities'
        ➜ Explicit dependency on target 'GULLogger' in project 'GoogleUtilities'
        ➜ Explicit dependency on target 'GULAppDelegateSwizzler' in project 'GoogleUtilities'
        ➜ Explicit dependency on target 'GTMSessionFetcherCore' in project 'GTMSessionFetcher'
    Target 'GULAppDelegateSwizzler' in project 'GoogleUtilities'
        ➜ Explicit dependency on target 'GoogleUtilities-AppDelegateSwizzler' in project 'GoogleUtilities'
        ➜ Explicit dependency on target 'GoogleUtilities_GoogleUtilities-AppDelegateSwizzler' in project 'GoogleUtilities'
        ➜ Explicit dependency on target 'third-party-IsAppEncrypted' in project 'GoogleUtilities'
        ➜ Explicit dependency on target 'GoogleUtilities-Environment' in project 'GoogleUtilities'
        ➜ Explicit dependency on target 'GoogleUtilities-Logger' in project 'GoogleUtilities'
        ➜ Explicit dependency on target 'GoogleUtilities-NSData' in project 'GoogleUtilities'
        ➜ Explicit dependency on target 'GoogleUtilities-Reachability' in project 'GoogleUtilities'
        ➜ Explicit dependency on target 'GoogleUtilities-Network' in project 'GoogleUtilities'
    Target 'GoogleUtilities-AppDelegateSwizzler' in project 'GoogleUtilities'
        ➜ Explicit dependency on target 'GoogleUtilities_GoogleUtilities-AppDelegateSwizzler' in project 'GoogleUtilities'
        ➜ Explicit dependency on target 'third-party-IsAppEncrypted' in project 'GoogleUtilities'
        ➜ Explicit dependency on target 'GoogleUtilities-Environment' in project 'GoogleUtilities'
        ➜ Explicit dependency on target 'GoogleUtilities-Logger' in project 'GoogleUtilities'
        ➜ Explicit dependency on target 'GoogleUtilities-NSData' in project 'GoogleUtilities'
        ➜ Explicit dependency on target 'GoogleUtilities-Reachability' in project 'GoogleUtilities'
        ➜ Explicit dependency on target 'GoogleUtilities-Network' in project 'GoogleUtilities'
    Target 'GoogleUtilities-Network' in project 'GoogleUtilities'
        ➜ Explicit dependency on target 'GoogleUtilities_GoogleUtilities-Network' in project 'GoogleUtilities'
        ➜ Explicit dependency on target 'third-party-IsAppEncrypted' in project 'GoogleUtilities'
        ➜ Explicit dependency on target 'GoogleUtilities-Environment' in project 'GoogleUtilities'
        ➜ Explicit dependency on target 'GoogleUtilities-Logger' in project 'GoogleUtilities'
        ➜ Explicit dependency on target 'GoogleUtilities-NSData' in project 'GoogleUtilities'
        ➜ Explicit dependency on target 'GoogleUtilities-Reachability' in project 'GoogleUtilities'
    Target 'GoogleUtilities_GoogleUtilities-Network' in project 'GoogleUtilities' (no dependencies)
    Target 'GoogleUtilities-Reachability' in project 'GoogleUtilities'
        ➜ Explicit dependency on target 'GoogleUtilities_GoogleUtilities-Reachability' in project 'GoogleUtilities'
        ➜ Explicit dependency on target 'third-party-IsAppEncrypted' in project 'GoogleUtilities'
        ➜ Explicit dependency on target 'GoogleUtilities-Environment' in project 'GoogleUtilities'
        ➜ Explicit dependency on target 'GoogleUtilities-Logger' in project 'GoogleUtilities'
    Target 'GoogleUtilities_GoogleUtilities-Reachability' in project 'GoogleUtilities' (no dependencies)
    Target 'GoogleUtilities_GoogleUtilities-AppDelegateSwizzler' in project 'GoogleUtilities' (no dependencies)
    Target 'FirebaseAuthInternal' in project 'Firebase'
        ➜ Explicit dependency on target 'RecaptchaInterop' in project 'InteropForGoogle'
    Target 'RecaptchaInterop' in project 'InteropForGoogle'
        ➜ Explicit dependency on target 'RecaptchaInterop' in project 'InteropForGoogle'
    Target 'RecaptchaInterop' in project 'InteropForGoogle' (no dependencies)
    Target 'Firebase_FirebaseAuth' in project 'Firebase' (no dependencies)
    Target 'GoogleSignInSwift' in project 'GoogleSignIn'
        ➜ Explicit dependency on target 'GoogleSignInSwift' in project 'GoogleSignIn'
        ➜ Explicit dependency on target 'GoogleSignIn_GoogleSignInSwift' in project 'GoogleSignIn'
        ➜ Explicit dependency on target 'GoogleSignIn' in project 'GoogleSignIn'
        ➜ Explicit dependency on target 'AppAuth' in project 'AppAuth'
        ➜ Explicit dependency on target 'AppAuthCore' in project 'AppAuth'
        ➜ Explicit dependency on target 'AppCheckCore' in project 'AppCheck'
        ➜ Explicit dependency on target 'GTMAppAuth' in project 'GTMAppAuth'
        ➜ Explicit dependency on target 'GTMSessionFetcherCore' in project 'GTMSessionFetcher'
    Target 'GoogleSignInSwift' in project 'GoogleSignIn'
        ➜ Explicit dependency on target 'GoogleSignIn_GoogleSignInSwift' in project 'GoogleSignIn'
        ➜ Explicit dependency on target 'GoogleSignIn' in project 'GoogleSignIn'
        ➜ Explicit dependency on target 'AppAuth' in project 'AppAuth'
        ➜ Explicit dependency on target 'AppAuthCore' in project 'AppAuth'
        ➜ Explicit dependency on target 'AppCheckCore' in project 'AppCheck'
        ➜ Explicit dependency on target 'GTMAppAuth' in project 'GTMAppAuth'
        ➜ Explicit dependency on target 'GTMSessionFetcherCore' in project 'GTMSessionFetcher'
    Target 'GoogleSignIn_GoogleSignInSwift' in project 'GoogleSignIn' (no dependencies)
    Target 'FirebaseStorage' in project 'Firebase'
        ➜ Explicit dependency on target 'FirebaseStorage' in project 'Firebase'
        ➜ Explicit dependency on target 'FirebaseAppCheckInterop' in project 'Firebase'
        ➜ Explicit dependency on target 'FirebaseAuthInterop' in project 'Firebase'
        ➜ Explicit dependency on target 'Firebase' in project 'Firebase'
        ➜ Explicit dependency on target 'FirebaseCoreInternal' in project 'Firebase'
        ➜ Explicit dependency on target 'FirebaseCore' in project 'Firebase'
        ➜ Explicit dependency on target 'FirebaseCoreExtension' in project 'Firebase'
        ➜ Explicit dependency on target 'GULNSData' in project 'GoogleUtilities'
        ➜ Explicit dependency on target 'GULEnvironment' in project 'GoogleUtilities'
        ➜ Explicit dependency on target 'GULLogger' in project 'GoogleUtilities'
        ➜ Explicit dependency on target 'GTMSessionFetcherCore' in project 'GTMSessionFetcher'
    Target 'FirebaseStorage' in project 'Firebase'
        ➜ Explicit dependency on target 'FirebaseAppCheckInterop' in project 'Firebase'
        ➜ Explicit dependency on target 'FirebaseAuthInterop' in project 'Firebase'
        ➜ Explicit dependency on target 'Firebase' in project 'Firebase'
        ➜ Explicit dependency on target 'FirebaseCoreInternal' in project 'Firebase'
        ➜ Explicit dependency on target 'FirebaseCore' in project 'Firebase'
        ➜ Explicit dependency on target 'FirebaseCoreExtension' in project 'Firebase'
        ➜ Explicit dependency on target 'GULNSData' in project 'GoogleUtilities'
        ➜ Explicit dependency on target 'GULEnvironment' in project 'GoogleUtilities'
        ➜ Explicit dependency on target 'GULLogger' in project 'GoogleUtilities'
        ➜ Explicit dependency on target 'GTMSessionFetcherCore' in project 'GTMSessionFetcher'
    Target 'FirebaseCoreExtension' in project 'Firebase'
        ➜ Explicit dependency on target 'Firebase_FirebaseCoreExtension' in project 'Firebase'
    Target 'Firebase_FirebaseCoreExtension' in project 'Firebase' (no dependencies)
    Target 'FirebaseCore' in project 'Firebase'
        ➜ Explicit dependency on target 'Firebase_FirebaseCore' in project 'Firebase'
        ➜ Explicit dependency on target 'Firebase' in project 'Firebase'
        ➜ Explicit dependency on target 'FirebaseCoreInternal' in project 'Firebase'
        ➜ Explicit dependency on target 'GULNSData' in project 'GoogleUtilities'
        ➜ Explicit dependency on target 'GULEnvironment' in project 'GoogleUtilities'
        ➜ Explicit dependency on target 'GULLogger' in project 'GoogleUtilities'
    Target 'GULLogger' in project 'GoogleUtilities'
        ➜ Explicit dependency on target 'GoogleUtilities-Logger' in project 'GoogleUtilities'
        ➜ Explicit dependency on target 'GoogleUtilities_GoogleUtilities-Logger' in project 'GoogleUtilities'
        ➜ Explicit dependency on target 'third-party-IsAppEncrypted' in project 'GoogleUtilities'
        ➜ Explicit dependency on target 'GoogleUtilities-Environment' in project 'GoogleUtilities'
    Target 'Firebase_FirebaseCore' in project 'Firebase' (no dependencies)
    Target 'FirebaseCoreInternal' in project 'Firebase'
        ➜ Explicit dependency on target 'Firebase_FirebaseCoreInternal' in project 'Firebase'
        ➜ Explicit dependency on target 'GULNSData' in project 'GoogleUtilities'
    Target 'GULNSData' in project 'GoogleUtilities'
        ➜ Explicit dependency on target 'GoogleUtilities-NSData' in project 'GoogleUtilities'
        ➜ Explicit dependency on target 'GoogleUtilities_GoogleUtilities-NSData' in project 'GoogleUtilities'
    Target 'GoogleUtilities-NSData' in project 'GoogleUtilities'
        ➜ Explicit dependency on target 'GoogleUtilities_GoogleUtilities-NSData' in project 'GoogleUtilities'
    Target 'GoogleUtilities_GoogleUtilities-NSData' in project 'GoogleUtilities' (no dependencies)
    Target 'Firebase_FirebaseCoreInternal' in project 'Firebase' (no dependencies)
    Target 'Firebase' in project 'Firebase' (no dependencies)
    Target 'FirebaseAuthInterop' in project 'Firebase' (no dependencies)
    Target 'FirebaseAppCheckInterop' in project 'Firebase' (no dependencies)
    Target 'GoogleSignIn' in project 'GoogleSignIn'
        ➜ Explicit dependency on target 'GoogleSignIn' in project 'GoogleSignIn'
        ➜ Explicit dependency on target 'GoogleSignIn_GoogleSignIn' in project 'GoogleSignIn'
        ➜ Explicit dependency on target 'AppAuth' in project 'AppAuth'
        ➜ Explicit dependency on target 'AppAuthCore' in project 'AppAuth'
        ➜ Explicit dependency on target 'AppCheckCore' in project 'AppCheck'
        ➜ Explicit dependency on target 'GTMAppAuth' in project 'GTMAppAuth'
        ➜ Explicit dependency on target 'GTMSessionFetcherCore' in project 'GTMSessionFetcher'
    Target 'GoogleSignIn' in project 'GoogleSignIn'
        ➜ Explicit dependency on target 'GoogleSignIn_GoogleSignIn' in project 'GoogleSignIn'
        ➜ Explicit dependency on target 'AppAuth' in project 'AppAuth'
        ➜ Explicit dependency on target 'AppAuthCore' in project 'AppAuth'
        ➜ Explicit dependency on target 'AppCheckCore' in project 'AppCheck'
        ➜ Explicit dependency on target 'GTMAppAuth' in project 'GTMAppAuth'
        ➜ Explicit dependency on target 'GTMSessionFetcherCore' in project 'GTMSessionFetcher'
    Target 'GTMAppAuth' in project 'GTMAppAuth'
        ➜ Explicit dependency on target 'GTMAppAuth' in project 'GTMAppAuth'
        ➜ Explicit dependency on target 'GTMAppAuth_GTMAppAuth' in project 'GTMAppAuth'
        ➜ Explicit dependency on target 'GTMSessionFetcherCore' in project 'GTMSessionFetcher'
        ➜ Explicit dependency on target 'AppAuthCore' in project 'AppAuth'
    Target 'GTMAppAuth' in project 'GTMAppAuth'
        ➜ Explicit dependency on target 'GTMAppAuth_GTMAppAuth' in project 'GTMAppAuth'
        ➜ Explicit dependency on target 'GTMSessionFetcherCore' in project 'GTMSessionFetcher'
        ➜ Explicit dependency on target 'AppAuthCore' in project 'AppAuth'
    Target 'GTMSessionFetcherCore' in project 'GTMSessionFetcher'
        ➜ Explicit dependency on target 'GTMSessionFetcherCore' in project 'GTMSessionFetcher'
        ➜ Explicit dependency on target 'GTMSessionFetcher_GTMSessionFetcherCore' in project 'GTMSessionFetcher'
    Target 'GTMSessionFetcherCore' in project 'GTMSessionFetcher'
        ➜ Explicit dependency on target 'GTMSessionFetcher_GTMSessionFetcherCore' in project 'GTMSessionFetcher'
    Target 'GTMSessionFetcher_GTMSessionFetcherCore' in project 'GTMSessionFetcher' (no dependencies)
    Target 'GTMAppAuth_GTMAppAuth' in project 'GTMAppAuth' (no dependencies)
    Target 'AppCheckCore' in project 'AppCheck'
        ➜ Explicit dependency on target 'AppCheckCore' in project 'AppCheck'
        ➜ Explicit dependency on target 'FBLPromises' in project 'Promises'
        ➜ Explicit dependency on target 'GULEnvironment' in project 'GoogleUtilities'
        ➜ Explicit dependency on target 'GULUserDefaults' in project 'GoogleUtilities'
    Target 'AppCheckCore' in project 'AppCheck'
        ➜ Explicit dependency on target 'FBLPromises' in project 'Promises'
        ➜ Explicit dependency on target 'GULEnvironment' in project 'GoogleUtilities'
        ➜ Explicit dependency on target 'GULUserDefaults' in project 'GoogleUtilities'
    Target 'GULUserDefaults' in project 'GoogleUtilities'
        ➜ Explicit dependency on target 'GoogleUtilities-UserDefaults' in project 'GoogleUtilities'
        ➜ Explicit dependency on target 'GoogleUtilities_GoogleUtilities-UserDefaults' in project 'GoogleUtilities'
        ➜ Explicit dependency on target 'third-party-IsAppEncrypted' in project 'GoogleUtilities'
        ➜ Explicit dependency on target 'GoogleUtilities-Environment' in project 'GoogleUtilities'
        ➜ Explicit dependency on target 'GoogleUtilities-Logger' in project 'GoogleUtilities'
    Target 'GoogleUtilities-UserDefaults' in project 'GoogleUtilities'
        ➜ Explicit dependency on target 'GoogleUtilities_GoogleUtilities-UserDefaults' in project 'GoogleUtilities'
        ➜ Explicit dependency on target 'third-party-IsAppEncrypted' in project 'GoogleUtilities'
        ➜ Explicit dependency on target 'GoogleUtilities-Environment' in project 'GoogleUtilities'
        ➜ Explicit dependency on target 'GoogleUtilities-Logger' in project 'GoogleUtilities'
    Target 'GoogleUtilities-Logger' in project 'GoogleUtilities'
        ➜ Explicit dependency on target 'GoogleUtilities_GoogleUtilities-Logger' in project 'GoogleUtilities'
        ➜ Explicit dependency on target 'third-party-IsAppEncrypted' in project 'GoogleUtilities'
        ➜ Explicit dependency on target 'GoogleUtilities-Environment' in project 'GoogleUtilities'
    Target 'GoogleUtilities_GoogleUtilities-Logger' in project 'GoogleUtilities' (no dependencies)
    Target 'GoogleUtilities_GoogleUtilities-UserDefaults' in project 'GoogleUtilities' (no dependencies)
    Target 'GULEnvironment' in project 'GoogleUtilities'
        ➜ Explicit dependency on target 'GoogleUtilities-Environment' in project 'GoogleUtilities'
        ➜ Explicit dependency on target 'GoogleUtilities_GoogleUtilities-Environment' in project 'GoogleUtilities'
        ➜ Explicit dependency on target 'third-party-IsAppEncrypted' in project 'GoogleUtilities'
    Target 'GoogleUtilities-Environment' in project 'GoogleUtilities'
        ➜ Explicit dependency on target 'GoogleUtilities_GoogleUtilities-Environment' in project 'GoogleUtilities'
        ➜ Explicit dependency on target 'third-party-IsAppEncrypted' in project 'GoogleUtilities'
    Target 'third-party-IsAppEncrypted' in project 'GoogleUtilities' (no dependencies)
    Target 'GoogleUtilities_GoogleUtilities-Environment' in project 'GoogleUtilities' (no dependencies)
    Target 'FBLPromises' in project 'Promises'
        ➜ Explicit dependency on target 'FBLPromises' in project 'Promises'
        ➜ Explicit dependency on target 'Promises_FBLPromises' in project 'Promises'
    Target 'FBLPromises' in project 'Promises'
        ➜ Explicit dependency on target 'Promises_FBLPromises' in project 'Promises'
    Target 'Promises_FBLPromises' in project 'Promises' (no dependencies)
    Target 'AppAuthCore' in project 'AppAuth'
        ➜ Explicit dependency on target 'AppAuthCore' in project 'AppAuth'
        ➜ Explicit dependency on target 'AppAuth_AppAuthCore' in project 'AppAuth'
    Target 'AppAuth' in project 'AppAuth'
        ➜ Explicit dependency on target 'AppAuth' in project 'AppAuth'
        ➜ Explicit dependency on target 'AppAuth_AppAuth' in project 'AppAuth'
        ➜ Explicit dependency on target 'AppAuthCore' in project 'AppAuth'
    Target 'AppAuth' in project 'AppAuth'
        ➜ Explicit dependency on target 'AppAuth_AppAuth' in project 'AppAuth'
        ➜ Explicit dependency on target 'AppAuthCore' in project 'AppAuth'
    Target 'AppAuthCore' in project 'AppAuth'
        ➜ Explicit dependency on target 'AppAuth_AppAuthCore' in project 'AppAuth'
    Target 'AppAuth_AppAuthCore' in project 'AppAuth' (no dependencies)
    Target 'AppAuth_AppAuth' in project 'AppAuth' (no dependencies)
    Target 'GoogleSignIn_GoogleSignIn' in project 'GoogleSignIn' (no dependencies)

GatherProvisioningInputs

CreateBuildDescription

ExecuteExternalTool /Applications/Xcode.app/Contents/Developer/Toolchains/XcodeDefault.xctoolchain/usr/bin/clang -v -E -dM -arch arm64 -isysroot /Applications/Xcode.app/Contents/Developer/Platforms/iPhoneSimulator.platform/Developer/SDKs/iPhoneSimulator18.4.sdk -x objective-c -c /dev/null

ExecuteExternalTool /Applications/Xcode.app/Contents/Developer/Toolchains/XcodeDefault.xctoolchain/usr/bin/swiftc --version

ExecuteExternalTool /Applications/Xcode.app/Contents/Developer/Toolchains/XcodeDefault.xctoolchain/usr/bin/clang -v -E -dM -isysroot /Applications/Xcode.app/Contents/Developer/Platforms/iPhoneSimulator.platform/Developer/SDKs/iPhoneSimulator18.4.sdk -x c -c /dev/null

ExecuteExternalTool /Applications/Xcode.app/Contents/Developer/usr/bin/actool --print-asset-tag-combinations --output-format xml1 /Users/fukushimatakumi/develop/sugarbeat/sugarbeat-front/SugarBeat/Assets.xcassets

ExecuteExternalTool /Applications/Xcode.app/Contents/Developer/Toolchains/XcodeDefault.xctoolchain/usr/bin/ld -version_details

ExecuteExternalTool /Applications/Xcode.app/Contents/Developer/Toolchains/XcodeDefault.xctoolchain/usr/bin/clang -v -E -dM -arch arm64 -isysroot /Applications/Xcode.app/Contents/Developer/Platforms/iPhoneSimulator.platform/Developer/SDKs/iPhoneSimulator18.4.sdk -x c -c /dev/null

ExecuteExternalTool /Applications/Xcode.app/Contents/Developer/Toolchains/XcodeDefault.xctoolchain/usr/bin/clang -v -E -dM -arch arm64 -isysroot /Applications/Xcode.app/Contents/Developer/Platforms/iPhoneSimulator.platform/Developer/SDKs/iPhoneSimulator18.4.sdk -x c++ -c /dev/null

ExecuteExternalTool /Applications/Xcode.app/Contents/Developer/usr/bin/actool --version --output-format xml1

Build description signature: 2ac58fcf87499381b72687affd48c64d
Build description path: /Users/fukushimatakumi/Library/Developer/Xcode/DerivedData/SugarBeat-hgoxfxbbugxkfsbmqcjlbmjeaqyg/Build/Intermediates.noindex/XCBuildData/2ac58fcf87499381b72687affd48c64d.xcbuilddata
ClangStatCache /Applications/Xcode.app/Contents/Developer/Toolchains/XcodeDefault.xctoolchain/usr/bin/clang-stat-cache /Applications/Xcode.app/Contents/Developer/Platforms/iPhoneSimulator.platform/Developer/SDKs/iPhoneSimulator18.4.sdk /Users/fukushimatakumi/Library/Developer/Xcode/DerivedData/SDKStatCaches.noindex/iphonesimulator18.4-22E235-71825a6d136aa4733edcbe86ece5525b.sdkstatcache
    cd /Users/fukushimatakumi/develop/sugarbeat/sugarbeat-front
    /Applications/Xcode.app/Contents/Developer/Toolchains/XcodeDefault.xctoolchain/usr/bin/clang-stat-cache /Applications/Xcode.app/Contents/Developer/Platforms/iPhoneSimulator.platform/Developer/SDKs/iPhoneSimulator18.4.sdk -o /Users/fukushimatakumi/Library/Developer/Xcode/DerivedData/SDKStatCaches.noindex/iphonesimulator18.4-22E235-71825a6d136aa4733edcbe86ece5525b.sdkstatcache

CreateBuildDirectory /Users/fukushimatakumi/Library/Developer/Xcode/DerivedData/SugarBeat-hgoxfxbbugxkfsbmqcjlbmjeaqyg/Build/Products
    cd /Users/fukushimatakumi/develop/sugarbeat/sugarbeat-front
    builtin-create-build-directory /Users/fukushimatakumi/Library/Developer/Xcode/DerivedData/SugarBeat-hgoxfxbbugxkfsbmqcjlbmjeaqyg/Build/Products

CreateBuildDirectory /Users/fukushimatakumi/Library/Developer/Xcode/DerivedData/SugarBeat-hgoxfxbbugxkfsbmqcjlbmjeaqyg/Build/Intermediates.noindex
    cd /Users/fukushimatakumi/develop/sugarbeat/sugarbeat-front
    builtin-create-build-directory /Users/fukushimatakumi/Library/Developer/Xcode/DerivedData/SugarBeat-hgoxfxbbugxkfsbmqcjlbmjeaqyg/Build/Intermediates.noindex

CreateBuildDirectory /Users/fukushimatakumi/Library/Developer/Xcode/DerivedData/SugarBeat-hgoxfxbbugxkfsbmqcjlbmjeaqyg/Build/Products/Debug-iphonesimulator
    cd /Users/fukushimatakumi/develop/sugarbeat/sugarbeat-front
    builtin-create-build-directory /Users/fukushimatakumi/Library/Developer/Xcode/DerivedData/SugarBeat-hgoxfxbbugxkfsbmqcjlbmjeaqyg/Build/Products/Debug-iphonesimulator

CreateBuildDirectory /Users/fukushimatakumi/Library/Developer/Xcode/DerivedData/SugarBeat-hgoxfxbbugxkfsbmqcjlbmjeaqyg/Build/Intermediates.noindex/EagerLinkingTBDs/Debug-iphonesimulator
    cd /Users/fukushimatakumi/develop/sugarbeat/sugarbeat-front
    builtin-create-build-directory /Users/fukushimatakumi/Library/Developer/Xcode/DerivedData/SugarBeat-hgoxfxbbugxkfsbmqcjlbmjeaqyg/Build/Intermediates.noindex/EagerLinkingTBDs/Debug-iphonesimulator

WriteAuxiliaryFile /Users/fukushimatakumi/Library/Developer/Xcode/DerivedData/SugarBeat-hgoxfxbbugxkfsbmqcjlbmjeaqyg/Build/Intermediates.noindex/SugarBeat.build/Debug-iphonesimulator/SugarBeat-9b4bfaf8f5d669518fd7cb2cde12d7cc-VFS-iphonesimulator/all-product-headers.yaml
    cd /Users/fukushimatakumi/develop/sugarbeat/sugarbeat-front
    write-file /Users/fukushimatakumi/Library/Developer/Xcode/DerivedData/SugarBeat-hgoxfxbbugxkfsbmqcjlbmjeaqyg/Build/Intermediates.noindex/SugarBeat.build/Debug-iphonesimulator/SugarBeat-9b4bfaf8f5d669518fd7cb2cde12d7cc-VFS-iphonesimulator/all-product-headers.yaml

CreateBuildDirectory /Users/fukushimatakumi/Library/Developer/Xcode/DerivedData/SugarBeat-hgoxfxbbugxkfsbmqcjlbmjeaqyg/Build/Products/Debug-iphonesimulator/PackageFrameworks
    cd /Users/fukushimatakumi/develop/sugarbeat/sugarbeat-front
    builtin-create-build-directory /Users/fukushimatakumi/Library/Developer/Xcode/DerivedData/SugarBeat-hgoxfxbbugxkfsbmqcjlbmjeaqyg/Build/Products/Debug-iphonesimulator/PackageFrameworks

WriteAuxiliaryFile /Users/fukushimatakumi/Library/Developer/Xcode/DerivedData/SugarBeat-hgoxfxbbugxkfsbmqcjlbmjeaqyg/Build/Intermediates.noindex/leveldb.build/Debug-iphonesimulator/leveldb_leveldb.build/leveldb_leveldb.DependencyStaticMetadataFileList (in target 'leveldb_leveldb' from project 'leveldb')
    cd /Users/fukushimatakumi/Library/Developer/Xcode/DerivedData/SugarBeat-hgoxfxbbugxkfsbmqcjlbmjeaqyg/SourcePackages/checkouts/leveldb
    write-file /Users/fukushimatakumi/Library/Developer/Xcode/DerivedData/SugarBeat-hgoxfxbbugxkfsbmqcjlbmjeaqyg/Build/Intermediates.noindex/leveldb.build/Debug-iphonesimulator/leveldb_leveldb.build/leveldb_leveldb.DependencyStaticMetadataFileList

WriteAuxiliaryFile /Users/fukushimatakumi/Library/Developer/Xcode/DerivedData/SugarBeat-hgoxfxbbugxkfsbmqcjlbmjeaqyg/Build/Intermediates.noindex/leveldb.build/Debug-iphonesimulator/leveldb_leveldb.build/leveldb_leveldb.DependencyMetadataFileList (in target 'leveldb_leveldb' from project 'leveldb')
    cd /Users/fukushimatakumi/Library/Developer/Xcode/DerivedData/SugarBeat-hgoxfxbbugxkfsbmqcjlbmjeaqyg/SourcePackages/checkouts/leveldb
    write-file /Users/fukushimatakumi/Library/Developer/Xcode/DerivedData/SugarBeat-hgoxfxbbugxkfsbmqcjlbmjeaqyg/Build/Intermediates.noindex/leveldb.build/Debug-iphonesimulator/leveldb_leveldb.build/leveldb_leveldb.DependencyMetadataFileList

WriteAuxiliaryFile /Users/fukushimatakumi/Library/Developer/Xcode/DerivedData/SugarBeat-hgoxfxbbugxkfsbmqcjlbmjeaqyg/Build/Intermediates.noindex/leveldb.build/Debug-iphonesimulator/leveldb_leveldb.build/empty-leveldb_leveldb.plist (in target 'leveldb_leveldb' from project 'leveldb')
    cd /Users/fukushimatakumi/Library/Developer/Xcode/DerivedData/SugarBeat-hgoxfxbbugxkfsbmqcjlbmjeaqyg/SourcePackages/checkouts/leveldb
    write-file /Users/fukushimatakumi/Library/Developer/Xcode/DerivedData/SugarBeat-hgoxfxbbugxkfsbmqcjlbmjeaqyg/Build/Intermediates.noindex/leveldb.build/Debug-iphonesimulator/leveldb_leveldb.build/empty-leveldb_leveldb.plist

WriteAuxiliaryFile /Users/fukushimatakumi/Library/Developer/Xcode/DerivedData/SugarBeat-hgoxfxbbugxkfsbmqcjlbmjeaqyg/Build/Intermediates.noindex/gRPC.build/Debug-iphonesimulator/gRPC_opensslWrapper.build/gRPC_opensslWrapper.DependencyStaticMetadataFileList (in target 'gRPC_opensslWrapper' from project 'gRPC')
    cd /Users/fukushimatakumi/Library/Developer/Xcode/DerivedData/SugarBeat-hgoxfxbbugxkfsbmqcjlbmjeaqyg/SourcePackages/checkouts/grpc-binary
    write-file /Users/fukushimatakumi/Library/Developer/Xcode/DerivedData/SugarBeat-hgoxfxbbugxkfsbmqcjlbmjeaqyg/Build/Intermediates.noindex/gRPC.build/Debug-iphonesimulator/gRPC_opensslWrapper.build/gRPC_opensslWrapper.DependencyStaticMetadataFileList

WriteAuxiliaryFile /Users/fukushimatakumi/Library/Developer/Xcode/DerivedData/SugarBeat-hgoxfxbbugxkfsbmqcjlbmjeaqyg/Build/Intermediates.noindex/nanopb.build/Debug-iphonesimulator/nanopb_nanopb.build/nanopb_nanopb.DependencyMetadataFileList (in target 'nanopb_nanopb' from project 'nanopb')
    cd /Users/fukushimatakumi/Library/Developer/Xcode/DerivedData/SugarBeat-hgoxfxbbugxkfsbmqcjlbmjeaqyg/SourcePackages/checkouts/nanopb
    write-file /Users/fukushimatakumi/Library/Developer/Xcode/DerivedData/SugarBeat-hgoxfxbbugxkfsbmqcjlbmjeaqyg/Build/Intermediates.noindex/nanopb.build/Debug-iphonesimulator/nanopb_nanopb.build/nanopb_nanopb.DependencyMetadataFileList

WriteAuxiliaryFile /Users/fukushimatakumi/Library/Developer/Xcode/DerivedData/SugarBeat-hgoxfxbbugxkfsbmqcjlbmjeaqyg/Build/Intermediates.noindex/nanopb.build/Debug-iphonesimulator/nanopb_nanopb.build/empty-nanopb_nanopb.plist (in target 'nanopb_nanopb' from project 'nanopb')
    cd /Users/fukushimatakumi/Library/Developer/Xcode/DerivedData/SugarBeat-hgoxfxbbugxkfsbmqcjlbmjeaqyg/SourcePackages/checkouts/nanopb
    write-file /Users/fukushimatakumi/Library/Developer/Xcode/DerivedData/SugarBeat-hgoxfxbbugxkfsbmqcjlbmjeaqyg/Build/Intermediates.noindex/nanopb.build/Debug-iphonesimulator/nanopb_nanopb.build/empty-nanopb_nanopb.plist

WriteAuxiliaryFile /Users/fukushimatakumi/Library/Developer/Xcode/DerivedData/SugarBeat-hgoxfxbbugxkfsbmqcjlbmjeaqyg/Build/Intermediates.noindex/nanopb.build/Debug-iphonesimulator/nanopb_nanopb.build/nanopb_nanopb.DependencyStaticMetadataFileList (in target 'nanopb_nanopb' from project 'nanopb')
    cd /Users/fukushimatakumi/Library/Developer/Xcode/DerivedData/SugarBeat-hgoxfxbbugxkfsbmqcjlbmjeaqyg/SourcePackages/checkouts/nanopb
    write-file /Users/fukushimatakumi/Library/Developer/Xcode/DerivedData/SugarBeat-hgoxfxbbugxkfsbmqcjlbmjeaqyg/Build/Intermediates.noindex/nanopb.build/Debug-iphonesimulator/nanopb_nanopb.build/nanopb_nanopb.DependencyStaticMetadataFileList

WriteAuxiliaryFile /Users/fukushimatakumi/Library/Developer/Xcode/DerivedData/SugarBeat-hgoxfxbbugxkfsbmqcjlbmjeaqyg/Build/Intermediates.noindex/GoogleUtilities.build/Debug-iphonesimulator/third-party-IsAppEncrypted.build/third-party-IsAppEncrypted.DependencyStaticMetadataFileList (in target 'third-party-IsAppEncrypted' from project 'GoogleUtilities')
    cd /Users/fukushimatakumi/Library/Developer/Xcode/DerivedData/SugarBeat-hgoxfxbbugxkfsbmqcjlbmjeaqyg/SourcePackages/checkouts/GoogleUtilities
    write-file /Users/fukushimatakumi/Library/Developer/Xcode/DerivedData/SugarBeat-hgoxfxbbugxkfsbmqcjlbmjeaqyg/Build/Intermediates.noindex/GoogleUtilities.build/Debug-iphonesimulator/third-party-IsAppEncrypted.build/third-party-IsAppEncrypted.DependencyStaticMetadataFileList

WriteAuxiliaryFile /Users/fukushimatakumi/Library/Developer/Xcode/DerivedData/SugarBeat-hgoxfxbbugxkfsbmqcjlbmjeaqyg/Build/Intermediates.noindex/GoogleUtilities.build/Debug-iphonesimulator/third-party-IsAppEncrypted.build/third-party-IsAppEncrypted.modulemap (in target 'third-party-IsAppEncrypted' from project 'GoogleUtilities')
    cd /Users/fukushimatakumi/Library/Developer/Xcode/DerivedData/SugarBeat-hgoxfxbbugxkfsbmqcjlbmjeaqyg/SourcePackages/checkouts/GoogleUtilities
    write-file /Users/fukushimatakumi/Library/Developer/Xcode/DerivedData/SugarBeat-hgoxfxbbugxkfsbmqcjlbmjeaqyg/Build/Intermediates.noindex/GoogleUtilities.build/Debug-iphonesimulator/third-party-IsAppEncrypted.build/third-party-IsAppEncrypted.modulemap

WriteAuxiliaryFile /Users/fukushimatakumi/Library/Developer/Xcode/DerivedData/SugarBeat-hgoxfxbbugxkfsbmqcjlbmjeaqyg/Build/Intermediates.noindex/GoogleUtilities.build/Debug-iphonesimulator/third-party-IsAppEncrypted.build/third-party-IsAppEncrypted.DependencyMetadataFileList (in target 'third-party-IsAppEncrypted' from project 'GoogleUtilities')
    cd /Users/fukushimatakumi/Library/Developer/Xcode/DerivedData/SugarBeat-hgoxfxbbugxkfsbmqcjlbmjeaqyg/SourcePackages/checkouts/GoogleUtilities
    write-file /Users/fukushimatakumi/Library/Developer/Xcode/DerivedData/SugarBeat-hgoxfxbbugxkfsbmqcjlbmjeaqyg/Build/Intermediates.noindex/GoogleUtilities.build/Debug-iphonesimulator/third-party-IsAppEncrypted.build/third-party-IsAppEncrypted.DependencyMetadataFileList

WriteAuxiliaryFile /Users/fukushimatakumi/Library/Developer/Xcode/DerivedData/SugarBeat-hgoxfxbbugxkfsbmqcjlbmjeaqyg/Build/Intermediates.noindex/GoogleUtilities.build/Debug-iphonesimulator/third-party-IsAppEncrypted.build/Objects-normal/arm64/e6072d4f65d7061329687fe24e3d63a7-common-args.resp (in target 'third-party-IsAppEncrypted' from project 'GoogleUtilities')
    cd /Users/fukushimatakumi/Library/Developer/Xcode/DerivedData/SugarBeat-hgoxfxbbugxkfsbmqcjlbmjeaqyg/SourcePackages/checkouts/GoogleUtilities
    write-file /Users/fukushimatakumi/Library/Developer/Xcode/DerivedData/SugarBeat-hgoxfxbbugxkfsbmqcjlbmjeaqyg/Build/Intermediates.noindex/GoogleUtilities.build/Debug-iphonesimulator/third-party-IsAppEncrypted.build/Objects-normal/arm64/e6072d4f65d7061329687fe24e3d63a7-common-args.resp
-target arm64-apple-ios12.0-simulator '-std=c99' -fobjc-arc -fmodules -gmodules '-fmodules-cache-path=/Users/fukushimatakumi/Library/Developer/Xcode/DerivedData/ModuleCache.noindex' '-fmodule-name=third_party_IsAppEncrypted' -fpascal-strings -O0 -DSWIFT_PACKAGE '-DDEBUG=1' '-DOBJC_OLD_DISPATCH_PROTOTYPES=1' -isysroot /Applications/Xcode.app/Contents/Developer/Platforms/iPhoneSimulator.platform/Developer/SDKs/iPhoneSimulator18.4.sdk -g '-fobjc-abi-version=2' -fobjc-legacy-dispatch -I/Users/fukushimatakumi/Library/Developer/Xcode/DerivedData/SugarBeat-hgoxfxbbugxkfsbmqcjlbmjeaqyg/Build/Products/Debug-iphonesimulator/include -I/Users/fukushimatakumi/Library/Developer/Xcode/DerivedData/SugarBeat-hgoxfxbbugxkfsbmqcjlbmjeaqyg/SourcePackages/checkouts/GoogleUtilities/third_party/IsAppEncrypted/Public -I/Users/fukushimatakumi/Library/Developer/Xcode/DerivedData/SugarBeat-hgoxfxbbugxkfsbmqcjlbmjeaqyg/SourcePackages/checkouts/GoogleUtilities -I/Users/fukushimatakumi/Library/Developer/Xcode/DerivedData/SugarBeat-hgoxfxbbugxkfsbmqcjlbmjeaqyg/Build/Intermediates.noindex/GoogleUtilities.build/Debug-iphonesimulator/third-party-IsAppEncrypted.build/DerivedSources-normal/arm64 -I/Users/fukushimatakumi/Library/Developer/Xcode/DerivedData/SugarBeat-hgoxfxbbugxkfsbmqcjlbmjeaqyg/Build/Intermediates.noindex/GoogleUtilities.build/Debug-iphonesimulator/third-party-IsAppEncrypted.build/DerivedSources/arm64 -I/Users/fukushimatakumi/Library/Developer/Xcode/DerivedData/SugarBeat-hgoxfxbbugxkfsbmqcjlbmjeaqyg/Build/Intermediates.noindex/GoogleUtilities.build/Debug-iphonesimulator/third-party-IsAppEncrypted.build/DerivedSources -F/Users/fukushimatakumi/Library/Developer/Xcode/DerivedData/SugarBeat-hgoxfxbbugxkfsbmqcjlbmjeaqyg/Build/Products/Debug-iphonesimulator -iframework /Applications/Xcode.app/Contents/Developer/Platforms/iPhoneSimulator.platform/Developer/Library/Frameworks -iframework /Applications/Xcode.app/Contents/Developer/Platforms/iPhoneSimulator.platform/Developer/SDKs/iPhoneSimulator18.4.sdk/Developer/Library/Frameworks -DXcode

WriteAuxiliaryFile /Users/fukushimatakumi/Library/Developer/Xcode/DerivedData/SugarBeat-hgoxfxbbugxkfsbmqcjlbmjeaqyg/Build/Intermediates.noindex/GoogleUtilities.build/Debug-iphonesimulator/third-party-IsAppEncrypted.build/Objects-normal/arm64/third-party-IsAppEncrypted.LinkFileList (in target 'third-party-IsAppEncrypted' from project 'GoogleUtilities')
    cd /Users/fukushimatakumi/Library/Developer/Xcode/DerivedData/SugarBeat-hgoxfxbbugxkfsbmqcjlbmjeaqyg/SourcePackages/checkouts/GoogleUtilities
    write-file /Users/fukushimatakumi/Library/Developer/Xcode/DerivedData/SugarBeat-hgoxfxbbugxkfsbmqcjlbmjeaqyg/Build/Intermediates.noindex/GoogleUtilities.build/Debug-iphonesimulator/third-party-IsAppEncrypted.build/Objects-normal/arm64/third-party-IsAppEncrypted.LinkFileList

WriteAuxiliaryFile /Users/fukushimatakumi/Library/Developer/Xcode/DerivedData/SugarBeat-hgoxfxbbugxkfsbmqcjlbmjeaqyg/Build/Intermediates.noindex/nanopb.build/Debug-iphonesimulator/nanopb.build/nanopb.modulemap (in target 'nanopb' from project 'nanopb')
    cd /Users/fukushimatakumi/Library/Developer/Xcode/DerivedData/SugarBeat-hgoxfxbbugxkfsbmqcjlbmjeaqyg/SourcePackages/checkouts/nanopb
    write-file /Users/fukushimatakumi/Library/Developer/Xcode/DerivedData/SugarBeat-hgoxfxbbugxkfsbmqcjlbmjeaqyg/Build/Intermediates.noindex/nanopb.build/Debug-iphonesimulator/nanopb.build/nanopb.modulemap

WriteAuxiliaryFile /Users/fukushimatakumi/Library/Developer/Xcode/DerivedData/SugarBeat-hgoxfxbbugxkfsbmqcjlbmjeaqyg/Build/Intermediates.noindex/nanopb.build/Debug-iphonesimulator/nanopb.build/nanopb.DependencyStaticMetadataFileList (in target 'nanopb' from project 'nanopb')
    cd /Users/fukushimatakumi/Library/Developer/Xcode/DerivedData/SugarBeat-hgoxfxbbugxkfsbmqcjlbmjeaqyg/SourcePackages/checkouts/nanopb
    write-file /Users/fukushimatakumi/Library/Developer/Xcode/DerivedData/SugarBeat-hgoxfxbbugxkfsbmqcjlbmjeaqyg/Build/Intermediates.noindex/nanopb.build/Debug-iphonesimulator/nanopb.build/nanopb.DependencyStaticMetadataFileList

WriteAuxiliaryFile /Users/fukushimatakumi/Library/Developer/Xcode/DerivedData/SugarBeat-hgoxfxbbugxkfsbmqcjlbmjeaqyg/Build/Intermediates.noindex/nanopb.build/Debug-iphonesimulator/nanopb.build/nanopb.DependencyMetadataFileList (in target 'nanopb' from project 'nanopb')
    cd /Users/fukushimatakumi/Library/Developer/Xcode/DerivedData/SugarBeat-hgoxfxbbugxkfsbmqcjlbmjeaqyg/SourcePackages/checkouts/nanopb
    write-file /Users/fukushimatakumi/Library/Developer/Xcode/DerivedData/SugarBeat-hgoxfxbbugxkfsbmqcjlbmjeaqyg/Build/Intermediates.noindex/nanopb.build/Debug-iphonesimulator/nanopb.build/nanopb.DependencyMetadataFileList

WriteAuxiliaryFile /Users/fukushimatakumi/Library/Developer/Xcode/DerivedData/SugarBeat-hgoxfxbbugxkfsbmqcjlbmjeaqyg/Build/Intermediates.noindex/nanopb.build/Debug-iphonesimulator/nanopb.build/Objects-normal/arm64/nanopb.LinkFileList (in target 'nanopb' from project 'nanopb')
    cd /Users/fukushimatakumi/Library/Developer/Xcode/DerivedData/SugarBeat-hgoxfxbbugxkfsbmqcjlbmjeaqyg/SourcePackages/checkouts/nanopb
    write-file /Users/fukushimatakumi/Library/Developer/Xcode/DerivedData/SugarBeat-hgoxfxbbugxkfsbmqcjlbmjeaqyg/Build/Intermediates.noindex/nanopb.build/Debug-iphonesimulator/nanopb.build/Objects-normal/arm64/nanopb.LinkFileList

WriteAuxiliaryFile /Users/fukushimatakumi/Library/Developer/Xcode/DerivedData/SugarBeat-hgoxfxbbugxkfsbmqcjlbmjeaqyg/Build/Intermediates.noindex/nanopb.build/Debug-iphonesimulator/nanopb.build/Objects-normal/arm64/e6072d4f65d7061329687fe24e3d63a7-common-args.resp (in target 'nanopb' from project 'nanopb')
    cd /Users/fukushimatakumi/Library/Developer/Xcode/DerivedData/SugarBeat-hgoxfxbbugxkfsbmqcjlbmjeaqyg/SourcePackages/checkouts/nanopb
    write-file /Users/fukushimatakumi/Library/Developer/Xcode/DerivedData/SugarBeat-hgoxfxbbugxkfsbmqcjlbmjeaqyg/Build/Intermediates.noindex/nanopb.build/Debug-iphonesimulator/nanopb.build/Objects-normal/arm64/e6072d4f65d7061329687fe24e3d63a7-common-args.resp
-target arm64-apple-ios12.0-simulator -fobjc-arc -fmodules -gmodules '-fmodules-cache-path=/Users/fukushimatakumi/Library/Developer/Xcode/DerivedData/ModuleCache.noindex' '-fmodule-name=nanopb' -fpascal-strings -O0 -DSWIFT_PACKAGE '-DDEBUG=1' '-DPB_FIELD_32BIT=1' '-DPB_NO_PACKED_STRUCTS=1' '-DPB_ENABLE_MALLOC=1' '-DOBJC_OLD_DISPATCH_PROTOTYPES=1' -isysroot /Applications/Xcode.app/Contents/Developer/Platforms/iPhoneSimulator.platform/Developer/SDKs/iPhoneSimulator18.4.sdk -g '-fobjc-abi-version=2' -fobjc-legacy-dispatch -I/Users/fukushimatakumi/Library/Developer/Xcode/DerivedData/SugarBeat-hgoxfxbbugxkfsbmqcjlbmjeaqyg/Build/Products/Debug-iphonesimulator/include -I/Users/fukushimatakumi/Library/Developer/Xcode/DerivedData/SugarBeat-hgoxfxbbugxkfsbmqcjlbmjeaqyg/SourcePackages/checkouts/nanopb/spm_headers -I/Users/fukushimatakumi/Library/Developer/Xcode/DerivedData/SugarBeat-hgoxfxbbugxkfsbmqcjlbmjeaqyg/Build/Intermediates.noindex/nanopb.build/Debug-iphonesimulator/nanopb.build/DerivedSources-normal/arm64 -I/Users/fukushimatakumi/Library/Developer/Xcode/DerivedData/SugarBeat-hgoxfxbbugxkfsbmqcjlbmjeaqyg/Build/Intermediates.noindex/nanopb.build/Debug-iphonesimulator/nanopb.build/DerivedSources/arm64 -I/Users/fukushimatakumi/Library/Developer/Xcode/DerivedData/SugarBeat-hgoxfxbbugxkfsbmqcjlbmjeaqyg/Build/Intermediates.noindex/nanopb.build/Debug-iphonesimulator/nanopb.build/DerivedSources -F/Users/fukushimatakumi/Library/Developer/Xcode/DerivedData/SugarBeat-hgoxfxbbugxkfsbmqcjlbmjeaqyg/Build/Products/Debug-iphonesimulator -iframework /Applications/Xcode.app/Contents/Developer/Platforms/iPhoneSimulator.platform/Developer/Library/Frameworks -iframework /Applications/Xcode.app/Contents/Developer/Platforms/iPhoneSimulator.platform/Developer/SDKs/iPhoneSimulator18.4.sdk/Developer/Library/Frameworks -DXcode

WriteAuxiliaryFile /Users/fukushimatakumi/Library/Developer/Xcode/DerivedData/SugarBeat-hgoxfxbbugxkfsbmqcjlbmjeaqyg/Build/Intermediates.noindex/nanopb.build/Debug-iphonesimulator/nanopb.build/Objects-normal/arm64/7187679823f38a2a940e0043cdf9d637-common-args.resp (in target 'nanopb' from project 'nanopb')
    cd /Users/fukushimatakumi/Library/Developer/Xcode/DerivedData/SugarBeat-hgoxfxbbugxkfsbmqcjlbmjeaqyg/SourcePackages/checkouts/nanopb
    write-file /Users/fukushimatakumi/Library/Developer/Xcode/DerivedData/SugarBeat-hgoxfxbbugxkfsbmqcjlbmjeaqyg/Build/Intermediates.noindex/nanopb.build/Debug-iphonesimulator/nanopb.build/Objects-normal/arm64/7187679823f38a2a940e0043cdf9d637-common-args.resp
-target arm64-apple-ios12.0-simulator -fmodules -gmodules '-fmodules-cache-path=/Users/fukushimatakumi/Library/Developer/Xcode/DerivedData/ModuleCache.noindex' '-fmodule-name=nanopb' -fpascal-strings -O0 -DSWIFT_PACKAGE '-DDEBUG=1' '-DPB_FIELD_32BIT=1' '-DPB_NO_PACKED_STRUCTS=1' '-DPB_ENABLE_MALLOC=1' -isysroot /Applications/Xcode.app/Contents/Developer/Platforms/iPhoneSimulator.platform/Developer/SDKs/iPhoneSimulator18.4.sdk -g -I/Users/fukushimatakumi/Library/Developer/Xcode/DerivedData/SugarBeat-hgoxfxbbugxkfsbmqcjlbmjeaqyg/Build/Products/Debug-iphonesimulator/include -I/Users/fukushimatakumi/Library/Developer/Xcode/DerivedData/SugarBeat-hgoxfxbbugxkfsbmqcjlbmjeaqyg/SourcePackages/checkouts/nanopb/spm_headers -I/Users/fukushimatakumi/Library/Developer/Xcode/DerivedData/SugarBeat-hgoxfxbbugxkfsbmqcjlbmjeaqyg/Build/Intermediates.noindex/nanopb.build/Debug-iphonesimulator/nanopb.build/DerivedSources-normal/arm64 -I/Users/fukushimatakumi/Library/Developer/Xcode/DerivedData/SugarBeat-hgoxfxbbugxkfsbmqcjlbmjeaqyg/Build/Intermediates.noindex/nanopb.build/Debug-iphonesimulator/nanopb.build/DerivedSources/arm64 -I/Users/fukushimatakumi/Library/Developer/Xcode/DerivedData/SugarBeat-hgoxfxbbugxkfsbmqcjlbmjeaqyg/Build/Intermediates.noindex/nanopb.build/Debug-iphonesimulator/nanopb.build/DerivedSources -F/Users/fukushimatakumi/Library/Developer/Xcode/DerivedData/SugarBeat-hgoxfxbbugxkfsbmqcjlbmjeaqyg/Build/Products/Debug-iphonesimulator -iframework /Applications/Xcode.app/Contents/Developer/Platforms/iPhoneSimulator.platform/Developer/Library/Frameworks -iframework /Applications/Xcode.app/Contents/Developer/Platforms/iPhoneSimulator.platform/Developer/SDKs/iPhoneSimulator18.4.sdk/Developer/Library/Frameworks -DXcode

WriteAuxiliaryFile /Users/fukushimatakumi/Library/Developer/Xcode/DerivedData/SugarBeat-hgoxfxbbugxkfsbmqcjlbmjeaqyg/Build/Intermediates.noindex/nanopb.build/Debug-iphonesimulator/nanopb.build/DerivedSources/resource_bundle_accessor.m (in target 'nanopb' from project 'nanopb')
    cd /Users/fukushimatakumi/Library/Developer/Xcode/DerivedData/SugarBeat-hgoxfxbbugxkfsbmqcjlbmjeaqyg/SourcePackages/checkouts/nanopb
    write-file /Users/fukushimatakumi/Library/Developer/Xcode/DerivedData/SugarBeat-hgoxfxbbugxkfsbmqcjlbmjeaqyg/Build/Intermediates.noindex/nanopb.build/Debug-iphonesimulator/nanopb.build/DerivedSources/resource_bundle_accessor.m

WriteAuxiliaryFile /Users/fukushimatakumi/Library/Developer/Xcode/DerivedData/SugarBeat-hgoxfxbbugxkfsbmqcjlbmjeaqyg/Build/Intermediates.noindex/nanopb.build/Debug-iphonesimulator/nanopb.build/DerivedSources/resource_bundle_accessor.h (in target 'nanopb' from project 'nanopb')
    cd /Users/fukushimatakumi/Library/Developer/Xcode/DerivedData/SugarBeat-hgoxfxbbugxkfsbmqcjlbmjeaqyg/SourcePackages/checkouts/nanopb
    write-file /Users/fukushimatakumi/Library/Developer/Xcode/DerivedData/SugarBeat-hgoxfxbbugxkfsbmqcjlbmjeaqyg/Build/Intermediates.noindex/nanopb.build/Debug-iphonesimulator/nanopb.build/DerivedSources/resource_bundle_accessor.h

WriteAuxiliaryFile /Users/fukushimatakumi/Library/Developer/Xcode/DerivedData/SugarBeat-hgoxfxbbugxkfsbmqcjlbmjeaqyg/Build/Intermediates.noindex/leveldb.build/Debug-iphonesimulator/leveldb.build/leveldb.modulemap (in target 'leveldb' from project 'leveldb')
    cd /Users/fukushimatakumi/Library/Developer/Xcode/DerivedData/SugarBeat-hgoxfxbbugxkfsbmqcjlbmjeaqyg/SourcePackages/checkouts/leveldb
    write-file /Users/fukushimatakumi/Library/Developer/Xcode/DerivedData/SugarBeat-hgoxfxbbugxkfsbmqcjlbmjeaqyg/Build/Intermediates.noindex/leveldb.build/Debug-iphonesimulator/leveldb.build/leveldb.modulemap

WriteAuxiliaryFile /Users/fukushimatakumi/Library/Developer/Xcode/DerivedData/SugarBeat-hgoxfxbbugxkfsbmqcjlbmjeaqyg/Build/Intermediates.noindex/leveldb.build/Debug-iphonesimulator/leveldb.build/leveldb.DependencyStaticMetadataFileList (in target 'leveldb' from project 'leveldb')
    cd /Users/fukushimatakumi/Library/Developer/Xcode/DerivedData/SugarBeat-hgoxfxbbugxkfsbmqcjlbmjeaqyg/SourcePackages/checkouts/leveldb
    write-file /Users/fukushimatakumi/Library/Developer/Xcode/DerivedData/SugarBeat-hgoxfxbbugxkfsbmqcjlbmjeaqyg/Build/Intermediates.noindex/leveldb.build/Debug-iphonesimulator/leveldb.build/leveldb.DependencyStaticMetadataFileList

WriteAuxiliaryFile /Users/fukushimatakumi/Library/Developer/Xcode/DerivedData/SugarBeat-hgoxfxbbugxkfsbmqcjlbmjeaqyg/Build/Intermediates.noindex/leveldb.build/Debug-iphonesimulator/leveldb.build/leveldb.DependencyMetadataFileList (in target 'leveldb' from project 'leveldb')
    cd /Users/fukushimatakumi/Library/Developer/Xcode/DerivedData/SugarBeat-hgoxfxbbugxkfsbmqcjlbmjeaqyg/SourcePackages/checkouts/leveldb
    write-file /Users/fukushimatakumi/Library/Developer/Xcode/DerivedData/SugarBeat-hgoxfxbbugxkfsbmqcjlbmjeaqyg/Build/Intermediates.noindex/leveldb.build/Debug-iphonesimulator/leveldb.build/leveldb.DependencyMetadataFileList

WriteAuxiliaryFile /Users/fukushimatakumi/Library/Developer/Xcode/DerivedData/SugarBeat-hgoxfxbbugxkfsbmqcjlbmjeaqyg/Build/Intermediates.noindex/leveldb.build/Debug-iphonesimulator/leveldb.build/Objects-normal/arm64/leveldb.LinkFileList (in target 'leveldb' from project 'leveldb')
    cd /Users/fukushimatakumi/Library/Developer/Xcode/DerivedData/SugarBeat-hgoxfxbbugxkfsbmqcjlbmjeaqyg/SourcePackages/checkouts/leveldb
    write-file /Users/fukushimatakumi/Library/Developer/Xcode/DerivedData/SugarBeat-hgoxfxbbugxkfsbmqcjlbmjeaqyg/Build/Intermediates.noindex/leveldb.build/Debug-iphonesimulator/leveldb.build/Objects-normal/arm64/leveldb.LinkFileList

WriteAuxiliaryFile /Users/fukushimatakumi/Library/Developer/Xcode/DerivedData/SugarBeat-hgoxfxbbugxkfsbmqcjlbmjeaqyg/Build/Intermediates.noindex/leveldb.build/Debug-iphonesimulator/leveldb.build/Objects-normal/arm64/e6072d4f65d7061329687fe24e3d63a7-common-args.resp (in target 'leveldb' from project 'leveldb')
    cd /Users/fukushimatakumi/Library/Developer/Xcode/DerivedData/SugarBeat-hgoxfxbbugxkfsbmqcjlbmjeaqyg/SourcePackages/checkouts/leveldb
    write-file /Users/fukushimatakumi/Library/Developer/Xcode/DerivedData/SugarBeat-hgoxfxbbugxkfsbmqcjlbmjeaqyg/Build/Intermediates.noindex/leveldb.build/Debug-iphonesimulator/leveldb.build/Objects-normal/arm64/e6072d4f65d7061329687fe24e3d63a7-common-args.resp
-target arm64-apple-ios12.0-simulator -fobjc-arc -fmodules -gmodules '-fmodules-cache-path=/Users/fukushimatakumi/Library/Developer/Xcode/DerivedData/ModuleCache.noindex' '-fmodule-name=leveldb' -fpascal-strings -O0 -DSWIFT_PACKAGE '-DDEBUG=1' '-DLEVELDB_IS_BIG_ENDIAN=0' '-DLEVELDB_PLATFORM_POSIX=1' '-DHAVE_FULLFSYNC=1' '-DOBJC_OLD_DISPATCH_PROTOTYPES=1' -isysroot /Applications/Xcode.app/Contents/Developer/Platforms/iPhoneSimulator.platform/Developer/SDKs/iPhoneSimulator18.4.sdk -g '-fobjc-abi-version=2' -fobjc-legacy-dispatch -I/Users/fukushimatakumi/Library/Developer/Xcode/DerivedData/SugarBeat-hgoxfxbbugxkfsbmqcjlbmjeaqyg/Build/Products/Debug-iphonesimulator/include -I/Users/fukushimatakumi/Library/Developer/Xcode/DerivedData/SugarBeat-hgoxfxbbugxkfsbmqcjlbmjeaqyg/SourcePackages/checkouts/leveldb/include -I/Users/fukushimatakumi/Library/Developer/Xcode/DerivedData/SugarBeat-hgoxfxbbugxkfsbmqcjlbmjeaqyg/SourcePackages/checkouts/leveldb -I/Users/fukushimatakumi/Library/Developer/Xcode/DerivedData/SugarBeat-hgoxfxbbugxkfsbmqcjlbmjeaqyg/SourcePackages/checkouts/leveldb/include -I/Users/fukushimatakumi/Library/Developer/Xcode/DerivedData/SugarBeat-hgoxfxbbugxkfsbmqcjlbmjeaqyg/Build/Intermediates.noindex/leveldb.build/Debug-iphonesimulator/leveldb.build/DerivedSources-normal/arm64 -I/Users/fukushimatakumi/Library/Developer/Xcode/DerivedData/SugarBeat-hgoxfxbbugxkfsbmqcjlbmjeaqyg/Build/Intermediates.noindex/leveldb.build/Debug-iphonesimulator/leveldb.build/DerivedSources/arm64 -I/Users/fukushimatakumi/Library/Developer/Xcode/DerivedData/SugarBeat-hgoxfxbbugxkfsbmqcjlbmjeaqyg/Build/Intermediates.noindex/leveldb.build/Debug-iphonesimulator/leveldb.build/DerivedSources -F/Users/fukushimatakumi/Library/Developer/Xcode/DerivedData/SugarBeat-hgoxfxbbugxkfsbmqcjlbmjeaqyg/Build/Products/Debug-iphonesimulator -iframework /Applications/Xcode.app/Contents/Developer/Platforms/iPhoneSimulator.platform/Developer/Library/Frameworks -iframework /Applications/Xcode.app/Contents/Developer/Platforms/iPhoneSimulator.platform/Developer/SDKs/iPhoneSimulator18.4.sdk/Developer/Library/Frameworks -DXcode

WriteAuxiliaryFile /Users/fukushimatakumi/Library/Developer/Xcode/DerivedData/SugarBeat-hgoxfxbbugxkfsbmqcjlbmjeaqyg/Build/Intermediates.noindex/leveldb.build/Debug-iphonesimulator/leveldb.build/Objects-normal/arm64/82b82416624d2658e5098eb0a28c15c5-common-args.resp (in target 'leveldb' from project 'leveldb')
    cd /Users/fukushimatakumi/Library/Developer/Xcode/DerivedData/SugarBeat-hgoxfxbbugxkfsbmqcjlbmjeaqyg/SourcePackages/checkouts/leveldb
    write-file /Users/fukushimatakumi/Library/Developer/Xcode/DerivedData/SugarBeat-hgoxfxbbugxkfsbmqcjlbmjeaqyg/Build/Intermediates.noindex/leveldb.build/Debug-iphonesimulator/leveldb.build/Objects-normal/arm64/82b82416624d2658e5098eb0a28c15c5-common-args.resp
-target arm64-apple-ios12.0-simulator '-std=gnu++14' -fmodules -fno-cxx-modules -gmodules '-fmodules-cache-path=/Users/fukushimatakumi/Library/Developer/Xcode/DerivedData/ModuleCache.noindex' '-fmodule-name=leveldb' '-D_LIBCPP_HARDENING_MODE=_LIBCPP_HARDENING_MODE_DEBUG' -fpascal-strings -O0 -DSWIFT_PACKAGE '-DDEBUG=1' '-DLEVELDB_IS_BIG_ENDIAN=0' '-DLEVELDB_PLATFORM_POSIX=1' '-DHAVE_FULLFSYNC=1' -isysroot /Applications/Xcode.app/Contents/Developer/Platforms/iPhoneSimulator.platform/Developer/SDKs/iPhoneSimulator18.4.sdk -g -fvisibility-inlines-hidden -I/Users/fukushimatakumi/Library/Developer/Xcode/DerivedData/SugarBeat-hgoxfxbbugxkfsbmqcjlbmjeaqyg/Build/Products/Debug-iphonesimulator/include -I/Users/fukushimatakumi/Library/Developer/Xcode/DerivedData/SugarBeat-hgoxfxbbugxkfsbmqcjlbmjeaqyg/SourcePackages/checkouts/leveldb/include -I/Users/fukushimatakumi/Library/Developer/Xcode/DerivedData/SugarBeat-hgoxfxbbugxkfsbmqcjlbmjeaqyg/SourcePackages/checkouts/leveldb -I/Users/fukushimatakumi/Library/Developer/Xcode/DerivedData/SugarBeat-hgoxfxbbugxkfsbmqcjlbmjeaqyg/SourcePackages/checkouts/leveldb/include -I/Users/fukushimatakumi/Library/Developer/Xcode/DerivedData/SugarBeat-hgoxfxbbugxkfsbmqcjlbmjeaqyg/Build/Intermediates.noindex/leveldb.build/Debug-iphonesimulator/leveldb.build/DerivedSources-normal/arm64 -I/Users/fukushimatakumi/Library/Developer/Xcode/DerivedData/SugarBeat-hgoxfxbbugxkfsbmqcjlbmjeaqyg/Build/Intermediates.noindex/leveldb.build/Debug-iphonesimulator/leveldb.build/DerivedSources/arm64 -I/Users/fukushimatakumi/Library/Developer/Xcode/DerivedData/SugarBeat-hgoxfxbbugxkfsbmqcjlbmjeaqyg/Build/Intermediates.noindex/leveldb.build/Debug-iphonesimulator/leveldb.build/DerivedSources -F/Users/fukushimatakumi/Library/Developer/Xcode/DerivedData/SugarBeat-hgoxfxbbugxkfsbmqcjlbmjeaqyg/Build/Products/Debug-iphonesimulator -iframework /Applications/Xcode.app/Contents/Developer/Platforms/iPhoneSimulator.platform/Developer/Library/Frameworks -iframework /Applications/Xcode.app/Contents/Developer/Platforms/iPhoneSimulator.platform/Developer/SDKs/iPhoneSimulator18.4.sdk/Developer/Library/Frameworks -DXcode

WriteAuxiliaryFile /Users/fukushimatakumi/Library/Developer/Xcode/DerivedData/SugarBeat-hgoxfxbbugxkfsbmqcjlbmjeaqyg/Build/Intermediates.noindex/leveldb.build/Debug-iphonesimulator/leveldb.build/DerivedSources/resource_bundle_accessor.m (in target 'leveldb' from project 'leveldb')
    cd /Users/fukushimatakumi/Library/Developer/Xcode/DerivedData/SugarBeat-hgoxfxbbugxkfsbmqcjlbmjeaqyg/SourcePackages/checkouts/leveldb
    write-file /Users/fukushimatakumi/Library/Developer/Xcode/DerivedData/SugarBeat-hgoxfxbbugxkfsbmqcjlbmjeaqyg/Build/Intermediates.noindex/leveldb.build/Debug-iphonesimulator/leveldb.build/DerivedSources/resource_bundle_accessor.m

WriteAuxiliaryFile /Users/fukushimatakumi/Library/Developer/Xcode/DerivedData/SugarBeat-hgoxfxbbugxkfsbmqcjlbmjeaqyg/Build/Intermediates.noindex/leveldb.build/Debug-iphonesimulator/leveldb.build/DerivedSources/resource_bundle_accessor.h (in target 'leveldb' from project 'leveldb')
    cd /Users/fukushimatakumi/Library/Developer/Xcode/DerivedData/SugarBeat-hgoxfxbbugxkfsbmqcjlbmjeaqyg/SourcePackages/checkouts/leveldb
    write-file /Users/fukushimatakumi/Library/Developer/Xcode/DerivedData/SugarBeat-hgoxfxbbugxkfsbmqcjlbmjeaqyg/Build/Intermediates.noindex/leveldb.build/Debug-iphonesimulator/leveldb.build/DerivedSources/resource_bundle_accessor.h

WriteAuxiliaryFile /Users/fukushimatakumi/Library/Developer/Xcode/DerivedData/SugarBeat-hgoxfxbbugxkfsbmqcjlbmjeaqyg/Build/Intermediates.noindex/gRPC.build/Debug-iphonesimulator/gRPC_opensslWrapper.build/gRPC_opensslWrapper.DependencyMetadataFileList (in target 'gRPC_opensslWrapper' from project 'gRPC')
    cd /Users/fukushimatakumi/Library/Developer/Xcode/DerivedData/SugarBeat-hgoxfxbbugxkfsbmqcjlbmjeaqyg/SourcePackages/checkouts/grpc-binary
    write-file /Users/fukushimatakumi/Library/Developer/Xcode/DerivedData/SugarBeat-hgoxfxbbugxkfsbmqcjlbmjeaqyg/Build/Intermediates.noindex/gRPC.build/Debug-iphonesimulator/gRPC_opensslWrapper.build/gRPC_opensslWrapper.DependencyMetadataFileList

WriteAuxiliaryFile /Users/fukushimatakumi/Library/Developer/Xcode/DerivedData/SugarBeat-hgoxfxbbugxkfsbmqcjlbmjeaqyg/Build/Intermediates.noindex/gRPC.build/Debug-iphonesimulator/gRPC_opensslWrapper.build/empty-gRPC_opensslWrapper.plist (in target 'gRPC_opensslWrapper' from project 'gRPC')
    cd /Users/fukushimatakumi/Library/Developer/Xcode/DerivedData/SugarBeat-hgoxfxbbugxkfsbmqcjlbmjeaqyg/SourcePackages/checkouts/grpc-binary
    write-file /Users/fukushimatakumi/Library/Developer/Xcode/DerivedData/SugarBeat-hgoxfxbbugxkfsbmqcjlbmjeaqyg/Build/Intermediates.noindex/gRPC.build/Debug-iphonesimulator/gRPC_opensslWrapper.build/empty-gRPC_opensslWrapper.plist

WriteAuxiliaryFile /Users/fukushimatakumi/Library/Developer/Xcode/DerivedData/SugarBeat-hgoxfxbbugxkfsbmqcjlbmjeaqyg/Build/Intermediates.noindex/gRPC.build/Debug-iphonesimulator/gRPC_grpcppWrapper.build/gRPC_grpcppWrapper.DependencyStaticMetadataFileList (in target 'gRPC_grpcppWrapper' from project 'gRPC')
    cd /Users/fukushimatakumi/Library/Developer/Xcode/DerivedData/SugarBeat-hgoxfxbbugxkfsbmqcjlbmjeaqyg/SourcePackages/checkouts/grpc-binary
    write-file /Users/fukushimatakumi/Library/Developer/Xcode/DerivedData/SugarBeat-hgoxfxbbugxkfsbmqcjlbmjeaqyg/Build/Intermediates.noindex/gRPC.build/Debug-iphonesimulator/gRPC_grpcppWrapper.build/gRPC_grpcppWrapper.DependencyStaticMetadataFileList

WriteAuxiliaryFile /Users/fukushimatakumi/Library/Developer/Xcode/DerivedData/SugarBeat-hgoxfxbbugxkfsbmqcjlbmjeaqyg/Build/Intermediates.noindex/gRPC.build/Debug-iphonesimulator/gRPC_grpcppWrapper.build/gRPC_grpcppWrapper.DependencyMetadataFileList (in target 'gRPC_grpcppWrapper' from project 'gRPC')
    cd /Users/fukushimatakumi/Library/Developer/Xcode/DerivedData/SugarBeat-hgoxfxbbugxkfsbmqcjlbmjeaqyg/SourcePackages/checkouts/grpc-binary
    write-file /Users/fukushimatakumi/Library/Developer/Xcode/DerivedData/SugarBeat-hgoxfxbbugxkfsbmqcjlbmjeaqyg/Build/Intermediates.noindex/gRPC.build/Debug-iphonesimulator/gRPC_grpcppWrapper.build/gRPC_grpcppWrapper.DependencyMetadataFileList

WriteAuxiliaryFile /Users/fukushimatakumi/Library/Developer/Xcode/DerivedData/SugarBeat-hgoxfxbbugxkfsbmqcjlbmjeaqyg/Build/Intermediates.noindex/gRPC.build/Debug-iphonesimulator/gRPC_grpcppWrapper.build/empty-gRPC_grpcppWrapper.plist (in target 'gRPC_grpcppWrapper' from project 'gRPC')
    cd /Users/fukushimatakumi/Library/Developer/Xcode/DerivedData/SugarBeat-hgoxfxbbugxkfsbmqcjlbmjeaqyg/SourcePackages/checkouts/grpc-binary
    write-file /Users/fukushimatakumi/Library/Developer/Xcode/DerivedData/SugarBeat-hgoxfxbbugxkfsbmqcjlbmjeaqyg/Build/Intermediates.noindex/gRPC.build/Debug-iphonesimulator/gRPC_grpcppWrapper.build/empty-gRPC_grpcppWrapper.plist

WriteAuxiliaryFile /Users/fukushimatakumi/Library/Developer/Xcode/DerivedData/SugarBeat-hgoxfxbbugxkfsbmqcjlbmjeaqyg/Build/Intermediates.noindex/gRPC.build/Debug-iphonesimulator/gRPC_grpcWrapper.build/gRPC_grpcWrapper.DependencyStaticMetadataFileList (in target 'gRPC_grpcWrapper' from project 'gRPC')
    cd /Users/fukushimatakumi/Library/Developer/Xcode/DerivedData/SugarBeat-hgoxfxbbugxkfsbmqcjlbmjeaqyg/SourcePackages/checkouts/grpc-binary
    write-file /Users/fukushimatakumi/Library/Developer/Xcode/DerivedData/SugarBeat-hgoxfxbbugxkfsbmqcjlbmjeaqyg/Build/Intermediates.noindex/gRPC.build/Debug-iphonesimulator/gRPC_grpcWrapper.build/gRPC_grpcWrapper.DependencyStaticMetadataFileList

WriteAuxiliaryFile /Users/fukushimatakumi/Library/Developer/Xcode/DerivedData/SugarBeat-hgoxfxbbugxkfsbmqcjlbmjeaqyg/Build/Intermediates.noindex/gRPC.build/Debug-iphonesimulator/gRPC_grpcWrapper.build/gRPC_grpcWrapper.DependencyMetadataFileList (in target 'gRPC_grpcWrapper' from project 'gRPC')
    cd /Users/fukushimatakumi/Library/Developer/Xcode/DerivedData/SugarBeat-hgoxfxbbugxkfsbmqcjlbmjeaqyg/SourcePackages/checkouts/grpc-binary
    write-file /Users/fukushimatakumi/Library/Developer/Xcode/DerivedData/SugarBeat-hgoxfxbbugxkfsbmqcjlbmjeaqyg/Build/Intermediates.noindex/gRPC.build/Debug-iphonesimulator/gRPC_grpcWrapper.build/gRPC_grpcWrapper.DependencyMetadataFileList

WriteAuxiliaryFile /Users/fukushimatakumi/Library/Developer/Xcode/DerivedData/SugarBeat-hgoxfxbbugxkfsbmqcjlbmjeaqyg/Build/Intermediates.noindex/gRPC.build/Debug-iphonesimulator/gRPC_grpcWrapper.build/empty-gRPC_grpcWrapper.plist (in target 'gRPC_grpcWrapper' from project 'gRPC')
    cd /Users/fukushimatakumi/Library/Developer/Xcode/DerivedData/SugarBeat-hgoxfxbbugxkfsbmqcjlbmjeaqyg/SourcePackages/checkouts/grpc-binary
    write-file /Users/fukushimatakumi/Library/Developer/Xcode/DerivedData/SugarBeat-hgoxfxbbugxkfsbmqcjlbmjeaqyg/Build/Intermediates.noindex/gRPC.build/Debug-iphonesimulator/gRPC_grpcWrapper.build/empty-gRPC_grpcWrapper.plist

WriteAuxiliaryFile /Users/fukushimatakumi/Library/Developer/Xcode/DerivedData/SugarBeat-hgoxfxbbugxkfsbmqcjlbmjeaqyg/Build/Intermediates.noindex/abseil.build/Debug-iphonesimulator/abseil_abslWrapper.build/abseil_abslWrapper.DependencyStaticMetadataFileList (in target 'abseil_abslWrapper' from project 'abseil')
    cd /Users/fukushimatakumi/Library/Developer/Xcode/DerivedData/SugarBeat-hgoxfxbbugxkfsbmqcjlbmjeaqyg/SourcePackages/checkouts/abseil-cpp-binary
    write-file /Users/fukushimatakumi/Library/Developer/Xcode/DerivedData/SugarBeat-hgoxfxbbugxkfsbmqcjlbmjeaqyg/Build/Intermediates.noindex/abseil.build/Debug-iphonesimulator/abseil_abslWrapper.build/abseil_abslWrapper.DependencyStaticMetadataFileList

WriteAuxiliaryFile /Users/fukushimatakumi/Library/Developer/Xcode/DerivedData/SugarBeat-hgoxfxbbugxkfsbmqcjlbmjeaqyg/Build/Intermediates.noindex/abseil.build/Debug-iphonesimulator/abseil_abslWrapper.build/empty-abseil_abslWrapper.plist (in target 'abseil_abslWrapper' from project 'abseil')
    cd /Users/fukushimatakumi/Library/Developer/Xcode/DerivedData/SugarBeat-hgoxfxbbugxkfsbmqcjlbmjeaqyg/SourcePackages/checkouts/abseil-cpp-binary
    write-file /Users/fukushimatakumi/Library/Developer/Xcode/DerivedData/SugarBeat-hgoxfxbbugxkfsbmqcjlbmjeaqyg/Build/Intermediates.noindex/abseil.build/Debug-iphonesimulator/abseil_abslWrapper.build/empty-abseil_abslWrapper.plist

WriteAuxiliaryFile /Users/fukushimatakumi/Library/Developer/Xcode/DerivedData/SugarBeat-hgoxfxbbugxkfsbmqcjlbmjeaqyg/Build/Intermediates.noindex/abseil.build/Debug-iphonesimulator/abseil_abslWrapper.build/abseil_abslWrapper.DependencyMetadataFileList (in target 'abseil_abslWrapper' from project 'abseil')
    cd /Users/fukushimatakumi/Library/Developer/Xcode/DerivedData/SugarBeat-hgoxfxbbugxkfsbmqcjlbmjeaqyg/SourcePackages/checkouts/abseil-cpp-binary
    write-file /Users/fukushimatakumi/Library/Developer/Xcode/DerivedData/SugarBeat-hgoxfxbbugxkfsbmqcjlbmjeaqyg/Build/Intermediates.noindex/abseil.build/Debug-iphonesimulator/abseil_abslWrapper.build/abseil_abslWrapper.DependencyMetadataFileList

WriteAuxiliaryFile /Users/fukushimatakumi/Library/Developer/Xcode/DerivedData/SugarBeat-hgoxfxbbugxkfsbmqcjlbmjeaqyg/Build/Intermediates.noindex/InteropForGoogle.build/Debug-iphonesimulator/RecaptchaInterop.build/RecaptchaInterop.modulemap (in target 'RecaptchaInterop' from project 'InteropForGoogle')
    cd /Users/fukushimatakumi/Library/Developer/Xcode/DerivedData/SugarBeat-hgoxfxbbugxkfsbmqcjlbmjeaqyg/SourcePackages/checkouts/interop-ios-for-google-sdks
    write-file /Users/fukushimatakumi/Library/Developer/Xcode/DerivedData/SugarBeat-hgoxfxbbugxkfsbmqcjlbmjeaqyg/Build/Intermediates.noindex/InteropForGoogle.build/Debug-iphonesimulator/RecaptchaInterop.build/RecaptchaInterop.modulemap

WriteAuxiliaryFile /Users/fukushimatakumi/Library/Developer/Xcode/DerivedData/SugarBeat-hgoxfxbbugxkfsbmqcjlbmjeaqyg/Build/Intermediates.noindex/InteropForGoogle.build/Debug-iphonesimulator/RecaptchaInterop.build/RecaptchaInterop.DependencyStaticMetadataFileList (in target 'RecaptchaInterop' from project 'InteropForGoogle')
    cd /Users/fukushimatakumi/Library/Developer/Xcode/DerivedData/SugarBeat-hgoxfxbbugxkfsbmqcjlbmjeaqyg/SourcePackages/checkouts/interop-ios-for-google-sdks
    write-file /Users/fukushimatakumi/Library/Developer/Xcode/DerivedData/SugarBeat-hgoxfxbbugxkfsbmqcjlbmjeaqyg/Build/Intermediates.noindex/InteropForGoogle.build/Debug-iphonesimulator/RecaptchaInterop.build/RecaptchaInterop.DependencyStaticMetadataFileList

WriteAuxiliaryFile /Users/fukushimatakumi/Library/Developer/Xcode/DerivedData/SugarBeat-hgoxfxbbugxkfsbmqcjlbmjeaqyg/Build/Intermediates.noindex/InteropForGoogle.build/Debug-iphonesimulator/RecaptchaInterop.build/RecaptchaInterop.DependencyMetadataFileList (in target 'RecaptchaInterop' from project 'InteropForGoogle')
    cd /Users/fukushimatakumi/Library/Developer/Xcode/DerivedData/SugarBeat-hgoxfxbbugxkfsbmqcjlbmjeaqyg/SourcePackages/checkouts/interop-ios-for-google-sdks
    write-file /Users/fukushimatakumi/Library/Developer/Xcode/DerivedData/SugarBeat-hgoxfxbbugxkfsbmqcjlbmjeaqyg/Build/Intermediates.noindex/InteropForGoogle.build/Debug-iphonesimulator/RecaptchaInterop.build/RecaptchaInterop.DependencyMetadataFileList

WriteAuxiliaryFile /Users/fukushimatakumi/Library/Developer/Xcode/DerivedData/SugarBeat-hgoxfxbbugxkfsbmqcjlbmjeaqyg/Build/Intermediates.noindex/InteropForGoogle.build/Debug-iphonesimulator/RecaptchaInterop.build/Objects-normal/arm64/e6072d4f65d7061329687fe24e3d63a7-common-args.resp (in target 'RecaptchaInterop' from project 'InteropForGoogle')
    cd /Users/fukushimatakumi/Library/Developer/Xcode/DerivedData/SugarBeat-hgoxfxbbugxkfsbmqcjlbmjeaqyg/SourcePackages/checkouts/interop-ios-for-google-sdks
    write-file /Users/fukushimatakumi/Library/Developer/Xcode/DerivedData/SugarBeat-hgoxfxbbugxkfsbmqcjlbmjeaqyg/Build/Intermediates.noindex/InteropForGoogle.build/Debug-iphonesimulator/RecaptchaInterop.build/Objects-normal/arm64/e6072d4f65d7061329687fe24e3d63a7-common-args.resp
-target arm64-apple-ios12.0-simulator -fobjc-arc -fmodules -gmodules '-fmodules-cache-path=/Users/fukushimatakumi/Library/Developer/Xcode/DerivedData/ModuleCache.noindex' '-fmodule-name=RecaptchaInterop' -fpascal-strings -O0 -DSWIFT_PACKAGE '-DDEBUG=1' '-DOBJC_OLD_DISPATCH_PROTOTYPES=1' -isysroot /Applications/Xcode.app/Contents/Developer/Platforms/iPhoneSimulator.platform/Developer/SDKs/iPhoneSimulator18.4.sdk -g '-fobjc-abi-version=2' -fobjc-legacy-dispatch -I/Users/fukushimatakumi/Library/Developer/Xcode/DerivedData/SugarBeat-hgoxfxbbugxkfsbmqcjlbmjeaqyg/Build/Products/Debug-iphonesimulator/include -I/Users/fukushimatakumi/Library/Developer/Xcode/DerivedData/SugarBeat-hgoxfxbbugxkfsbmqcjlbmjeaqyg/SourcePackages/checkouts/interop-ios-for-google-sdks/RecaptchaEnterprise/RecaptchaInterop/Public -I/Users/fukushimatakumi/Library/Developer/Xcode/DerivedData/SugarBeat-hgoxfxbbugxkfsbmqcjlbmjeaqyg/Build/Intermediates.noindex/InteropForGoogle.build/Debug-iphonesimulator/RecaptchaInterop.build/DerivedSources-normal/arm64 -I/Users/fukushimatakumi/Library/Developer/Xcode/DerivedData/SugarBeat-hgoxfxbbugxkfsbmqcjlbmjeaqyg/Build/Intermediates.noindex/InteropForGoogle.build/Debug-iphonesimulator/RecaptchaInterop.build/DerivedSources/arm64 -I/Users/fukushimatakumi/Library/Developer/Xcode/DerivedData/SugarBeat-hgoxfxbbugxkfsbmqcjlbmjeaqyg/Build/Intermediates.noindex/InteropForGoogle.build/Debug-iphonesimulator/RecaptchaInterop.build/DerivedSources -F/Users/fukushimatakumi/Library/Developer/Xcode/DerivedData/SugarBeat-hgoxfxbbugxkfsbmqcjlbmjeaqyg/Build/Products/Debug-iphonesimulator -iframework /Applications/Xcode.app/Contents/Developer/Platforms/iPhoneSimulator.platform/Developer/Library/Frameworks -iframework /Applications/Xcode.app/Contents/Developer/Platforms/iPhoneSimulator.platform/Developer/SDKs/iPhoneSimulator18.4.sdk/Developer/Library/Frameworks -DXcode

WriteAuxiliaryFile /Users/fukushimatakumi/Library/Developer/Xcode/DerivedData/SugarBeat-hgoxfxbbugxkfsbmqcjlbmjeaqyg/Build/Intermediates.noindex/InteropForGoogle.build/Debug-iphonesimulator/RecaptchaInterop.build/Objects-normal/arm64/RecaptchaInterop.LinkFileList (in target 'RecaptchaInterop' from project 'InteropForGoogle')
    cd /Users/fukushimatakumi/Library/Developer/Xcode/DerivedData/SugarBeat-hgoxfxbbugxkfsbmqcjlbmjeaqyg/SourcePackages/checkouts/interop-ios-for-google-sdks
    write-file /Users/fukushimatakumi/Library/Developer/Xcode/DerivedData/SugarBeat-hgoxfxbbugxkfsbmqcjlbmjeaqyg/Build/Intermediates.noindex/InteropForGoogle.build/Debug-iphonesimulator/RecaptchaInterop.build/Objects-normal/arm64/RecaptchaInterop.LinkFileList

WriteAuxiliaryFile /Users/fukushimatakumi/Library/Developer/Xcode/DerivedData/SugarBeat-hgoxfxbbugxkfsbmqcjlbmjeaqyg/Build/Intermediates.noindex/Promises.build/Debug-iphonesimulator/Promises_FBLPromises.build/empty-Promises_FBLPromises.plist (in target 'Promises_FBLPromises' from project 'Promises')
    cd /Users/fukushimatakumi/Library/Developer/Xcode/DerivedData/SugarBeat-hgoxfxbbugxkfsbmqcjlbmjeaqyg/SourcePackages/checkouts/promises
    write-file /Users/fukushimatakumi/Library/Developer/Xcode/DerivedData/SugarBeat-hgoxfxbbugxkfsbmqcjlbmjeaqyg/Build/Intermediates.noindex/Promises.build/Debug-iphonesimulator/Promises_FBLPromises.build/empty-Promises_FBLPromises.plist

WriteAuxiliaryFile /Users/fukushimatakumi/Library/Developer/Xcode/DerivedData/SugarBeat-hgoxfxbbugxkfsbmqcjlbmjeaqyg/Build/Intermediates.noindex/Promises.build/Debug-iphonesimulator/Promises_FBLPromises.build/Promises_FBLPromises.DependencyStaticMetadataFileList (in target 'Promises_FBLPromises' from project 'Promises')
    cd /Users/fukushimatakumi/Library/Developer/Xcode/DerivedData/SugarBeat-hgoxfxbbugxkfsbmqcjlbmjeaqyg/SourcePackages/checkouts/promises
    write-file /Users/fukushimatakumi/Library/Developer/Xcode/DerivedData/SugarBeat-hgoxfxbbugxkfsbmqcjlbmjeaqyg/Build/Intermediates.noindex/Promises.build/Debug-iphonesimulator/Promises_FBLPromises.build/Promises_FBLPromises.DependencyStaticMetadataFileList

WriteAuxiliaryFile /Users/fukushimatakumi/Library/Developer/Xcode/DerivedData/SugarBeat-hgoxfxbbugxkfsbmqcjlbmjeaqyg/Build/Intermediates.noindex/Promises.build/Debug-iphonesimulator/Promises_FBLPromises.build/Promises_FBLPromises.DependencyMetadataFileList (in target 'Promises_FBLPromises' from project 'Promises')
    cd /Users/fukushimatakumi/Library/Developer/Xcode/DerivedData/SugarBeat-hgoxfxbbugxkfsbmqcjlbmjeaqyg/SourcePackages/checkouts/promises
    write-file /Users/fukushimatakumi/Library/Developer/Xcode/DerivedData/SugarBeat-hgoxfxbbugxkfsbmqcjlbmjeaqyg/Build/Intermediates.noindex/Promises.build/Debug-iphonesimulator/Promises_FBLPromises.build/Promises_FBLPromises.DependencyMetadataFileList

WriteAuxiliaryFile /Users/fukushimatakumi/Library/Developer/Xcode/DerivedData/SugarBeat-hgoxfxbbugxkfsbmqcjlbmjeaqyg/Build/Intermediates.noindex/GoogleUtilities.build/Debug-iphonesimulator/GoogleUtilities_GoogleUtilities-UserDefaults.build/empty-GoogleUtilities_GoogleUtilities-UserDefaults.plist (in target 'GoogleUtilities_GoogleUtilities-UserDefaults' from project 'GoogleUtilities')
    cd /Users/fukushimatakumi/Library/Developer/Xcode/DerivedData/SugarBeat-hgoxfxbbugxkfsbmqcjlbmjeaqyg/SourcePackages/checkouts/GoogleUtilities
    write-file /Users/fukushimatakumi/Library/Developer/Xcode/DerivedData/SugarBeat-hgoxfxbbugxkfsbmqcjlbmjeaqyg/Build/Intermediates.noindex/GoogleUtilities.build/Debug-iphonesimulator/GoogleUtilities_GoogleUtilities-UserDefaults.build/empty-GoogleUtilities_GoogleUtilities-UserDefaults.plist

WriteAuxiliaryFile /Users/fukushimatakumi/Library/Developer/Xcode/DerivedData/SugarBeat-hgoxfxbbugxkfsbmqcjlbmjeaqyg/Build/Intermediates.noindex/GoogleUtilities.build/Debug-iphonesimulator/GoogleUtilities_GoogleUtilities-UserDefaults.build/GoogleUtilities_GoogleUtilities-UserDefaults.DependencyStaticMetadataFileList (in target 'GoogleUtilities_GoogleUtilities-UserDefaults' from project 'GoogleUtilities')
    cd /Users/fukushimatakumi/Library/Developer/Xcode/DerivedData/SugarBeat-hgoxfxbbugxkfsbmqcjlbmjeaqyg/SourcePackages/checkouts/GoogleUtilities
    write-file /Users/fukushimatakumi/Library/Developer/Xcode/DerivedData/SugarBeat-hgoxfxbbugxkfsbmqcjlbmjeaqyg/Build/Intermediates.noindex/GoogleUtilities.build/Debug-iphonesimulator/GoogleUtilities_GoogleUtilities-UserDefaults.build/GoogleUtilities_GoogleUtilities-UserDefaults.DependencyStaticMetadataFileList

WriteAuxiliaryFile /Users/fukushimatakumi/Library/Developer/Xcode/DerivedData/SugarBeat-hgoxfxbbugxkfsbmqcjlbmjeaqyg/Build/Intermediates.noindex/GoogleUtilities.build/Debug-iphonesimulator/GoogleUtilities_GoogleUtilities-UserDefaults.build/GoogleUtilities_GoogleUtilities-UserDefaults.DependencyMetadataFileList (in target 'GoogleUtilities_GoogleUtilities-UserDefaults' from project 'GoogleUtilities')
    cd /Users/fukushimatakumi/Library/Developer/Xcode/DerivedData/SugarBeat-hgoxfxbbugxkfsbmqcjlbmjeaqyg/SourcePackages/checkouts/GoogleUtilities
    write-file /Users/fukushimatakumi/Library/Developer/Xcode/DerivedData/SugarBeat-hgoxfxbbugxkfsbmqcjlbmjeaqyg/Build/Intermediates.noindex/GoogleUtilities.build/Debug-iphonesimulator/GoogleUtilities_GoogleUtilities-UserDefaults.build/GoogleUtilities_GoogleUtilities-UserDefaults.DependencyMetadataFileList

WriteAuxiliaryFile /Users/fukushimatakumi/Library/Developer/Xcode/DerivedData/SugarBeat-hgoxfxbbugxkfsbmqcjlbmjeaqyg/Build/Intermediates.noindex/GoogleUtilities.build/Debug-iphonesimulator/GoogleUtilities_GoogleUtilities-Reachability.build/empty-GoogleUtilities_GoogleUtilities-Reachability.plist (in target 'GoogleUtilities_GoogleUtilities-Reachability' from project 'GoogleUtilities')
    cd /Users/fukushimatakumi/Library/Developer/Xcode/DerivedData/SugarBeat-hgoxfxbbugxkfsbmqcjlbmjeaqyg/SourcePackages/checkouts/GoogleUtilities
    write-file /Users/fukushimatakumi/Library/Developer/Xcode/DerivedData/SugarBeat-hgoxfxbbugxkfsbmqcjlbmjeaqyg/Build/Intermediates.noindex/GoogleUtilities.build/Debug-iphonesimulator/GoogleUtilities_GoogleUtilities-Reachability.build/empty-GoogleUtilities_GoogleUtilities-Reachability.plist

WriteAuxiliaryFile /Users/fukushimatakumi/Library/Developer/Xcode/DerivedData/SugarBeat-hgoxfxbbugxkfsbmqcjlbmjeaqyg/Build/Intermediates.noindex/GoogleUtilities.build/Debug-iphonesimulator/GoogleUtilities_GoogleUtilities-Reachability.build/GoogleUtilities_GoogleUtilities-Reachability.DependencyStaticMetadataFileList (in target 'GoogleUtilities_GoogleUtilities-Reachability' from project 'GoogleUtilities')
    cd /Users/fukushimatakumi/Library/Developer/Xcode/DerivedData/SugarBeat-hgoxfxbbugxkfsbmqcjlbmjeaqyg/SourcePackages/checkouts/GoogleUtilities
    write-file /Users/fukushimatakumi/Library/Developer/Xcode/DerivedData/SugarBeat-hgoxfxbbugxkfsbmqcjlbmjeaqyg/Build/Intermediates.noindex/GoogleUtilities.build/Debug-iphonesimulator/GoogleUtilities_GoogleUtilities-Reachability.build/GoogleUtilities_GoogleUtilities-Reachability.DependencyStaticMetadataFileList

WriteAuxiliaryFile /Users/fukushimatakumi/Library/Developer/Xcode/DerivedData/SugarBeat-hgoxfxbbugxkfsbmqcjlbmjeaqyg/Build/Intermediates.noindex/GoogleUtilities.build/Debug-iphonesimulator/GoogleUtilities_GoogleUtilities-Reachability.build/GoogleUtilities_GoogleUtilities-Reachability.DependencyMetadataFileList (in target 'GoogleUtilities_GoogleUtilities-Reachability' from project 'GoogleUtilities')
    cd /Users/fukushimatakumi/Library/Developer/Xcode/DerivedData/SugarBeat-hgoxfxbbugxkfsbmqcjlbmjeaqyg/SourcePackages/checkouts/GoogleUtilities
    write-file /Users/fukushimatakumi/Library/Developer/Xcode/DerivedData/SugarBeat-hgoxfxbbugxkfsbmqcjlbmjeaqyg/Build/Intermediates.noindex/GoogleUtilities.build/Debug-iphonesimulator/GoogleUtilities_GoogleUtilities-Reachability.build/GoogleUtilities_GoogleUtilities-Reachability.DependencyMetadataFileList

WriteAuxiliaryFile /Users/fukushimatakumi/Library/Developer/Xcode/DerivedData/SugarBeat-hgoxfxbbugxkfsbmqcjlbmjeaqyg/Build/Intermediates.noindex/GoogleUtilities.build/Debug-iphonesimulator/GoogleUtilities_GoogleUtilities-Network.build/empty-GoogleUtilities_GoogleUtilities-Network.plist (in target 'GoogleUtilities_GoogleUtilities-Network' from project 'GoogleUtilities')
    cd /Users/fukushimatakumi/Library/Developer/Xcode/DerivedData/SugarBeat-hgoxfxbbugxkfsbmqcjlbmjeaqyg/SourcePackages/checkouts/GoogleUtilities
    write-file /Users/fukushimatakumi/Library/Developer/Xcode/DerivedData/SugarBeat-hgoxfxbbugxkfsbmqcjlbmjeaqyg/Build/Intermediates.noindex/GoogleUtilities.build/Debug-iphonesimulator/GoogleUtilities_GoogleUtilities-Network.build/empty-GoogleUtilities_GoogleUtilities-Network.plist

WriteAuxiliaryFile /Users/fukushimatakumi/Library/Developer/Xcode/DerivedData/SugarBeat-hgoxfxbbugxkfsbmqcjlbmjeaqyg/Build/Intermediates.noindex/GoogleUtilities.build/Debug-iphonesimulator/GoogleUtilities_GoogleUtilities-Network.build/GoogleUtilities_GoogleUtilities-Network.DependencyStaticMetadataFileList (in target 'GoogleUtilities_GoogleUtilities-Network' from project 'GoogleUtilities')
    cd /Users/fukushimatakumi/Library/Developer/Xcode/DerivedData/SugarBeat-hgoxfxbbugxkfsbmqcjlbmjeaqyg/SourcePackages/checkouts/GoogleUtilities
    write-file /Users/fukushimatakumi/Library/Developer/Xcode/DerivedData/SugarBeat-hgoxfxbbugxkfsbmqcjlbmjeaqyg/Build/Intermediates.noindex/GoogleUtilities.build/Debug-iphonesimulator/GoogleUtilities_GoogleUtilities-Network.build/GoogleUtilities_GoogleUtilities-Network.DependencyStaticMetadataFileList

WriteAuxiliaryFile /Users/fukushimatakumi/Library/Developer/Xcode/DerivedData/SugarBeat-hgoxfxbbugxkfsbmqcjlbmjeaqyg/Build/Intermediates.noindex/GoogleUtilities.build/Debug-iphonesimulator/GoogleUtilities_GoogleUtilities-Network.build/GoogleUtilities_GoogleUtilities-Network.DependencyMetadataFileList (in target 'GoogleUtilities_GoogleUtilities-Network' from project 'GoogleUtilities')
    cd /Users/fukushimatakumi/Library/Developer/Xcode/DerivedData/SugarBeat-hgoxfxbbugxkfsbmqcjlbmjeaqyg/SourcePackages/checkouts/GoogleUtilities
    write-file /Users/fukushimatakumi/Library/Developer/Xcode/DerivedData/SugarBeat-hgoxfxbbugxkfsbmqcjlbmjeaqyg/Build/Intermediates.noindex/GoogleUtilities.build/Debug-iphonesimulator/GoogleUtilities_GoogleUtilities-Network.build/GoogleUtilities_GoogleUtilities-Network.DependencyMetadataFileList

WriteAuxiliaryFile /Users/fukushimatakumi/Library/Developer/Xcode/DerivedData/SugarBeat-hgoxfxbbugxkfsbmqcjlbmjeaqyg/Build/Intermediates.noindex/GoogleUtilities.build/Debug-iphonesimulator/GoogleUtilities_GoogleUtilities-NSData.build/empty-GoogleUtilities_GoogleUtilities-NSData.plist (in target 'GoogleUtilities_GoogleUtilities-NSData' from project 'GoogleUtilities')
    cd /Users/fukushimatakumi/Library/Developer/Xcode/DerivedData/SugarBeat-hgoxfxbbugxkfsbmqcjlbmjeaqyg/SourcePackages/checkouts/GoogleUtilities
    write-file /Users/fukushimatakumi/Library/Developer/Xcode/DerivedData/SugarBeat-hgoxfxbbugxkfsbmqcjlbmjeaqyg/Build/Intermediates.noindex/GoogleUtilities.build/Debug-iphonesimulator/GoogleUtilities_GoogleUtilities-NSData.build/empty-GoogleUtilities_GoogleUtilities-NSData.plist

WriteAuxiliaryFile /Users/fukushimatakumi/Library/Developer/Xcode/DerivedData/SugarBeat-hgoxfxbbugxkfsbmqcjlbmjeaqyg/Build/Intermediates.noindex/GoogleUtilities.build/Debug-iphonesimulator/GoogleUtilities_GoogleUtilities-NSData.build/GoogleUtilities_GoogleUtilities-NSData.DependencyStaticMetadataFileList (in target 'GoogleUtilities_GoogleUtilities-NSData' from project 'GoogleUtilities')
    cd /Users/fukushimatakumi/Library/Developer/Xcode/DerivedData/SugarBeat-hgoxfxbbugxkfsbmqcjlbmjeaqyg/SourcePackages/checkouts/GoogleUtilities
    write-file /Users/fukushimatakumi/Library/Developer/Xcode/DerivedData/SugarBeat-hgoxfxbbugxkfsbmqcjlbmjeaqyg/Build/Intermediates.noindex/GoogleUtilities.build/Debug-iphonesimulator/GoogleUtilities_GoogleUtilities-NSData.build/GoogleUtilities_GoogleUtilities-NSData.DependencyStaticMetadataFileList

WriteAuxiliaryFile /Users/fukushimatakumi/Library/Developer/Xcode/DerivedData/SugarBeat-hgoxfxbbugxkfsbmqcjlbmjeaqyg/Build/Intermediates.noindex/GoogleUtilities.build/Debug-iphonesimulator/GoogleUtilities_GoogleUtilities-NSData.build/GoogleUtilities_GoogleUtilities-NSData.DependencyMetadataFileList (in target 'GoogleUtilities_GoogleUtilities-NSData' from project 'GoogleUtilities')
    cd /Users/fukushimatakumi/Library/Developer/Xcode/DerivedData/SugarBeat-hgoxfxbbugxkfsbmqcjlbmjeaqyg/SourcePackages/checkouts/GoogleUtilities
    write-file /Users/fukushimatakumi/Library/Developer/Xcode/DerivedData/SugarBeat-hgoxfxbbugxkfsbmqcjlbmjeaqyg/Build/Intermediates.noindex/GoogleUtilities.build/Debug-iphonesimulator/GoogleUtilities_GoogleUtilities-NSData.build/GoogleUtilities_GoogleUtilities-NSData.DependencyMetadataFileList

WriteAuxiliaryFile /Users/fukushimatakumi/Library/Developer/Xcode/DerivedData/SugarBeat-hgoxfxbbugxkfsbmqcjlbmjeaqyg/Build/Intermediates.noindex/GoogleUtilities.build/Debug-iphonesimulator/GoogleUtilities_GoogleUtilities-Logger.build/empty-GoogleUtilities_GoogleUtilities-Logger.plist (in target 'GoogleUtilities_GoogleUtilities-Logger' from project 'GoogleUtilities')
    cd /Users/fukushimatakumi/Library/Developer/Xcode/DerivedData/SugarBeat-hgoxfxbbugxkfsbmqcjlbmjeaqyg/SourcePackages/checkouts/GoogleUtilities
    write-file /Users/fukushimatakumi/Library/Developer/Xcode/DerivedData/SugarBeat-hgoxfxbbugxkfsbmqcjlbmjeaqyg/Build/Intermediates.noindex/GoogleUtilities.build/Debug-iphonesimulator/GoogleUtilities_GoogleUtilities-Logger.build/empty-GoogleUtilities_GoogleUtilities-Logger.plist

WriteAuxiliaryFile /Users/fukushimatakumi/Library/Developer/Xcode/DerivedData/SugarBeat-hgoxfxbbugxkfsbmqcjlbmjeaqyg/Build/Intermediates.noindex/GoogleUtilities.build/Debug-iphonesimulator/GoogleUtilities_GoogleUtilities-Logger.build/GoogleUtilities_GoogleUtilities-Logger.DependencyStaticMetadataFileList (in target 'GoogleUtilities_GoogleUtilities-Logger' from project 'GoogleUtilities')
    cd /Users/fukushimatakumi/Library/Developer/Xcode/DerivedData/SugarBeat-hgoxfxbbugxkfsbmqcjlbmjeaqyg/SourcePackages/checkouts/GoogleUtilities
    write-file /Users/fukushimatakumi/Library/Developer/Xcode/DerivedData/SugarBeat-hgoxfxbbugxkfsbmqcjlbmjeaqyg/Build/Intermediates.noindex/GoogleUtilities.build/Debug-iphonesimulator/GoogleUtilities_GoogleUtilities-Logger.build/GoogleUtilities_GoogleUtilities-Logger.DependencyStaticMetadataFileList

WriteAuxiliaryFile /Users/fukushimatakumi/Library/Developer/Xcode/DerivedData/SugarBeat-hgoxfxbbugxkfsbmqcjlbmjeaqyg/Build/Intermediates.noindex/GoogleUtilities.build/Debug-iphonesimulator/GoogleUtilities_GoogleUtilities-Logger.build/GoogleUtilities_GoogleUtilities-Logger.DependencyMetadataFileList (in target 'GoogleUtilities_GoogleUtilities-Logger' from project 'GoogleUtilities')
    cd /Users/fukushimatakumi/Library/Developer/Xcode/DerivedData/SugarBeat-hgoxfxbbugxkfsbmqcjlbmjeaqyg/SourcePackages/checkouts/GoogleUtilities
    write-file /Users/fukushimatakumi/Library/Developer/Xcode/DerivedData/SugarBeat-hgoxfxbbugxkfsbmqcjlbmjeaqyg/Build/Intermediates.noindex/GoogleUtilities.build/Debug-iphonesimulator/GoogleUtilities_GoogleUtilities-Logger.build/GoogleUtilities_GoogleUtilities-Logger.DependencyMetadataFileList

WriteAuxiliaryFile /Users/fukushimatakumi/Library/Developer/Xcode/DerivedData/SugarBeat-hgoxfxbbugxkfsbmqcjlbmjeaqyg/Build/Intermediates.noindex/GoogleUtilities.build/Debug-iphonesimulator/GoogleUtilities_GoogleUtilities-Environment.build/empty-GoogleUtilities_GoogleUtilities-Environment.plist (in target 'GoogleUtilities_GoogleUtilities-Environment' from project 'GoogleUtilities')
    cd /Users/fukushimatakumi/Library/Developer/Xcode/DerivedData/SugarBeat-hgoxfxbbugxkfsbmqcjlbmjeaqyg/SourcePackages/checkouts/GoogleUtilities
    write-file /Users/fukushimatakumi/Library/Developer/Xcode/DerivedData/SugarBeat-hgoxfxbbugxkfsbmqcjlbmjeaqyg/Build/Intermediates.noindex/GoogleUtilities.build/Debug-iphonesimulator/GoogleUtilities_GoogleUtilities-Environment.build/empty-GoogleUtilities_GoogleUtilities-Environment.plist

WriteAuxiliaryFile /Users/fukushimatakumi/Library/Developer/Xcode/DerivedData/SugarBeat-hgoxfxbbugxkfsbmqcjlbmjeaqyg/Build/Intermediates.noindex/GoogleUtilities.build/Debug-iphonesimulator/GoogleUtilities_GoogleUtilities-Environment.build/GoogleUtilities_GoogleUtilities-Environment.DependencyStaticMetadataFileList (in target 'GoogleUtilities_GoogleUtilities-Environment' from project 'GoogleUtilities')
    cd /Users/fukushimatakumi/Library/Developer/Xcode/DerivedData/SugarBeat-hgoxfxbbugxkfsbmqcjlbmjeaqyg/SourcePackages/checkouts/GoogleUtilities
    write-file /Users/fukushimatakumi/Library/Developer/Xcode/DerivedData/SugarBeat-hgoxfxbbugxkfsbmqcjlbmjeaqyg/Build/Intermediates.noindex/GoogleUtilities.build/Debug-iphonesimulator/GoogleUtilities_GoogleUtilities-Environment.build/GoogleUtilities_GoogleUtilities-Environment.DependencyStaticMetadataFileList

WriteAuxiliaryFile /Users/fukushimatakumi/Library/Developer/Xcode/DerivedData/SugarBeat-hgoxfxbbugxkfsbmqcjlbmjeaqyg/Build/Intermediates.noindex/GoogleUtilities.build/Debug-iphonesimulator/GoogleUtilities_GoogleUtilities-Environment.build/GoogleUtilities_GoogleUtilities-Environment.DependencyMetadataFileList (in target 'GoogleUtilities_GoogleUtilities-Environment' from project 'GoogleUtilities')
    cd /Users/fukushimatakumi/Library/Developer/Xcode/DerivedData/SugarBeat-hgoxfxbbugxkfsbmqcjlbmjeaqyg/SourcePackages/checkouts/GoogleUtilities
    write-file /Users/fukushimatakumi/Library/Developer/Xcode/DerivedData/SugarBeat-hgoxfxbbugxkfsbmqcjlbmjeaqyg/Build/Intermediates.noindex/GoogleUtilities.build/Debug-iphonesimulator/GoogleUtilities_GoogleUtilities-Environment.build/GoogleUtilities_GoogleUtilities-Environment.DependencyMetadataFileList

WriteAuxiliaryFile /Users/fukushimatakumi/Library/Developer/Xcode/DerivedData/SugarBeat-hgoxfxbbugxkfsbmqcjlbmjeaqyg/Build/Intermediates.noindex/GoogleUtilities.build/Debug-iphonesimulator/GoogleUtilities_GoogleUtilities-AppDelegateSwizzler.build/empty-GoogleUtilities_GoogleUtilities-AppDelegateSwizzler.plist (in target 'GoogleUtilities_GoogleUtilities-AppDelegateSwizzler' from project 'GoogleUtilities')
    cd /Users/fukushimatakumi/Library/Developer/Xcode/DerivedData/SugarBeat-hgoxfxbbugxkfsbmqcjlbmjeaqyg/SourcePackages/checkouts/GoogleUtilities
    write-file /Users/fukushimatakumi/Library/Developer/Xcode/DerivedData/SugarBeat-hgoxfxbbugxkfsbmqcjlbmjeaqyg/Build/Intermediates.noindex/GoogleUtilities.build/Debug-iphonesimulator/GoogleUtilities_GoogleUtilities-AppDelegateSwizzler.build/empty-GoogleUtilities_GoogleUtilities-AppDelegateSwizzler.plist

WriteAuxiliaryFile /Users/fukushimatakumi/Library/Developer/Xcode/DerivedData/SugarBeat-hgoxfxbbugxkfsbmqcjlbmjeaqyg/Build/Intermediates.noindex/GoogleUtilities.build/Debug-iphonesimulator/GoogleUtilities_GoogleUtilities-AppDelegateSwizzler.build/GoogleUtilities_GoogleUtilities-AppDelegateSwizzler.DependencyStaticMetadataFileList (in target 'GoogleUtilities_GoogleUtilities-AppDelegateSwizzler' from project 'GoogleUtilities')
    cd /Users/fukushimatakumi/Library/Developer/Xcode/DerivedData/SugarBeat-hgoxfxbbugxkfsbmqcjlbmjeaqyg/SourcePackages/checkouts/GoogleUtilities
    write-file /Users/fukushimatakumi/Library/Developer/Xcode/DerivedData/SugarBeat-hgoxfxbbugxkfsbmqcjlbmjeaqyg/Build/Intermediates.noindex/GoogleUtilities.build/Debug-iphonesimulator/GoogleUtilities_GoogleUtilities-AppDelegateSwizzler.build/GoogleUtilities_GoogleUtilities-AppDelegateSwizzler.DependencyStaticMetadataFileList

WriteAuxiliaryFile /Users/fukushimatakumi/Library/Developer/Xcode/DerivedData/SugarBeat-hgoxfxbbugxkfsbmqcjlbmjeaqyg/Build/Intermediates.noindex/GoogleUtilities.build/Debug-iphonesimulator/GoogleUtilities_GoogleUtilities-AppDelegateSwizzler.build/GoogleUtilities_GoogleUtilities-AppDelegateSwizzler.DependencyMetadataFileList (in target 'GoogleUtilities_GoogleUtilities-AppDelegateSwizzler' from project 'GoogleUtilities')
    cd /Users/fukushimatakumi/Library/Developer/Xcode/DerivedData/SugarBeat-hgoxfxbbugxkfsbmqcjlbmjeaqyg/SourcePackages/checkouts/GoogleUtilities
    write-file /Users/fukushimatakumi/Library/Developer/Xcode/DerivedData/SugarBeat-hgoxfxbbugxkfsbmqcjlbmjeaqyg/Build/Intermediates.noindex/GoogleUtilities.build/Debug-iphonesimulator/GoogleUtilities_GoogleUtilities-AppDelegateSwizzler.build/GoogleUtilities_GoogleUtilities-AppDelegateSwizzler.DependencyMetadataFileList

WriteAuxiliaryFile /Users/fukushimatakumi/Library/Developer/Xcode/DerivedData/SugarBeat-hgoxfxbbugxkfsbmqcjlbmjeaqyg/Build/Intermediates.noindex/GoogleUtilities.build/Debug-iphonesimulator/GoogleUtilities-UserDefaults.build/Objects-normal/arm64/e6072d4f65d7061329687fe24e3d63a7-common-args.resp (in target 'GoogleUtilities-UserDefaults' from project 'GoogleUtilities')
    cd /Users/fukushimatakumi/Library/Developer/Xcode/DerivedData/SugarBeat-hgoxfxbbugxkfsbmqcjlbmjeaqyg/SourcePackages/checkouts/GoogleUtilities
    write-file /Users/fukushimatakumi/Library/Developer/Xcode/DerivedData/SugarBeat-hgoxfxbbugxkfsbmqcjlbmjeaqyg/Build/Intermediates.noindex/GoogleUtilities.build/Debug-iphonesimulator/GoogleUtilities-UserDefaults.build/Objects-normal/arm64/e6072d4f65d7061329687fe24e3d63a7-common-args.resp
-target arm64-apple-ios12.0-simulator '-std=c99' -fobjc-arc -fmodules -gmodules '-fmodules-cache-path=/Users/fukushimatakumi/Library/Developer/Xcode/DerivedData/ModuleCache.noindex' '-fmodule-name=GoogleUtilities_UserDefaults' -fpascal-strings -O0 -DSWIFT_PACKAGE '-DDEBUG=1' '-DOBJC_OLD_DISPATCH_PROTOTYPES=1' -isysroot /Applications/Xcode.app/Contents/Developer/Platforms/iPhoneSimulator.platform/Developer/SDKs/iPhoneSimulator18.4.sdk -g '-fobjc-abi-version=2' -fobjc-legacy-dispatch -I/Users/fukushimatakumi/Library/Developer/Xcode/DerivedData/SugarBeat-hgoxfxbbugxkfsbmqcjlbmjeaqyg/SourcePackages/checkouts/GoogleUtilities/GoogleUtilities/Logger/Public -I/Users/fukushimatakumi/Library/Developer/Xcode/DerivedData/SugarBeat-hgoxfxbbugxkfsbmqcjlbmjeaqyg/SourcePackages/checkouts/GoogleUtilities/GoogleUtilities/Environment/Public -I/Users/fukushimatakumi/Library/Developer/Xcode/DerivedData/SugarBeat-hgoxfxbbugxkfsbmqcjlbmjeaqyg/SourcePackages/checkouts/GoogleUtilities/third_party/IsAppEncrypted/Public -I/Users/fukushimatakumi/Library/Developer/Xcode/DerivedData/SugarBeat-hgoxfxbbugxkfsbmqcjlbmjeaqyg/Build/Products/Debug-iphonesimulator/include -I/Users/fukushimatakumi/Library/Developer/Xcode/DerivedData/SugarBeat-hgoxfxbbugxkfsbmqcjlbmjeaqyg/SourcePackages/checkouts/GoogleUtilities/GoogleUtilities/UserDefaults/Public -I/Users/fukushimatakumi/Library/Developer/Xcode/DerivedData/SugarBeat-hgoxfxbbugxkfsbmqcjlbmjeaqyg/SourcePackages/checkouts/GoogleUtilities -I/Users/fukushimatakumi/Library/Developer/Xcode/DerivedData/SugarBeat-hgoxfxbbugxkfsbmqcjlbmjeaqyg/Build/Intermediates.noindex/GoogleUtilities.build/Debug-iphonesimulator/GoogleUtilities-UserDefaults.build/DerivedSources-normal/arm64 -I/Users/fukushimatakumi/Library/Developer/Xcode/DerivedData/SugarBeat-hgoxfxbbugxkfsbmqcjlbmjeaqyg/Build/Intermediates.noindex/GoogleUtilities.build/Debug-iphonesimulator/GoogleUtilities-UserDefaults.build/DerivedSources/arm64 -I/Users/fukushimatakumi/Library/Developer/Xcode/DerivedData/SugarBeat-hgoxfxbbugxkfsbmqcjlbmjeaqyg/Build/Intermediates.noindex/GoogleUtilities.build/Debug-iphonesimulator/GoogleUtilities-UserDefaults.build/DerivedSources -F/Users/fukushimatakumi/Library/Developer/Xcode/DerivedData/SugarBeat-hgoxfxbbugxkfsbmqcjlbmjeaqyg/Build/Products/Debug-iphonesimulator/PackageFrameworks -F/Users/fukushimatakumi/Library/Developer/Xcode/DerivedData/SugarBeat-hgoxfxbbugxkfsbmqcjlbmjeaqyg/Build/Products/Debug-iphonesimulator/PackageFrameworks -F/Users/fukushimatakumi/Library/Developer/Xcode/DerivedData/SugarBeat-hgoxfxbbugxkfsbmqcjlbmjeaqyg/Build/Products/Debug-iphonesimulator/PackageFrameworks -F/Users/fukushimatakumi/Library/Developer/Xcode/DerivedData/SugarBeat-hgoxfxbbugxkfsbmqcjlbmjeaqyg/Build/Products/Debug-iphonesimulator -iframework /Applications/Xcode.app/Contents/Developer/Platforms/iPhoneSimulator.platform/Developer/Library/Frameworks -iframework /Applications/Xcode.app/Contents/Developer/Platforms/iPhoneSimulator.platform/Developer/SDKs/iPhoneSimulator18.4.sdk/Developer/Library/Frameworks '-fmodule-map-file=/Users/fukushimatakumi/Library/Developer/Xcode/DerivedData/SugarBeat-hgoxfxbbugxkfsbmqcjlbmjeaqyg/Build/Intermediates.noindex/GeneratedModuleMaps-iphonesimulator/GoogleUtilities-Logger.modulemap' '-fmodule-map-file=/Users/fukushimatakumi/Library/Developer/Xcode/DerivedData/SugarBeat-hgoxfxbbugxkfsbmqcjlbmjeaqyg/Build/Intermediates.noindex/GeneratedModuleMaps-iphonesimulator/GoogleUtilities-Environment.modulemap' '-fmodule-map-file=/Users/fukushimatakumi/Library/Developer/Xcode/DerivedData/SugarBeat-hgoxfxbbugxkfsbmqcjlbmjeaqyg/Build/Intermediates.noindex/GeneratedModuleMaps-iphonesimulator/third-party-IsAppEncrypted.modulemap' -DXcode

WriteAuxiliaryFile /Users/fukushimatakumi/Library/Developer/Xcode/DerivedData/SugarBeat-hgoxfxbbugxkfsbmqcjlbmjeaqyg/Build/Intermediates.noindex/GoogleUtilities.build/Debug-iphonesimulator/GoogleUtilities-UserDefaults.build/Objects-normal/arm64/GoogleUtilities-UserDefaults.LinkFileList (in target 'GoogleUtilities-UserDefaults' from project 'GoogleUtilities')
    cd /Users/fukushimatakumi/Library/Developer/Xcode/DerivedData/SugarBeat-hgoxfxbbugxkfsbmqcjlbmjeaqyg/SourcePackages/checkouts/GoogleUtilities
    write-file /Users/fukushimatakumi/Library/Developer/Xcode/DerivedData/SugarBeat-hgoxfxbbugxkfsbmqcjlbmjeaqyg/Build/Intermediates.noindex/GoogleUtilities.build/Debug-iphonesimulator/GoogleUtilities-UserDefaults.build/Objects-normal/arm64/GoogleUtilities-UserDefaults.LinkFileList

WriteAuxiliaryFile /Users/fukushimatakumi/Library/Developer/Xcode/DerivedData/SugarBeat-hgoxfxbbugxkfsbmqcjlbmjeaqyg/Build/Intermediates.noindex/GoogleUtilities.build/Debug-iphonesimulator/GoogleUtilities-UserDefaults.build/GoogleUtilities-UserDefaults.modulemap (in target 'GoogleUtilities-UserDefaults' from project 'GoogleUtilities')
    cd /Users/fukushimatakumi/Library/Developer/Xcode/DerivedData/SugarBeat-hgoxfxbbugxkfsbmqcjlbmjeaqyg/SourcePackages/checkouts/GoogleUtilities
    write-file /Users/fukushimatakumi/Library/Developer/Xcode/DerivedData/SugarBeat-hgoxfxbbugxkfsbmqcjlbmjeaqyg/Build/Intermediates.noindex/GoogleUtilities.build/Debug-iphonesimulator/GoogleUtilities-UserDefaults.build/GoogleUtilities-UserDefaults.modulemap

WriteAuxiliaryFile /Users/fukushimatakumi/Library/Developer/Xcode/DerivedData/SugarBeat-hgoxfxbbugxkfsbmqcjlbmjeaqyg/Build/Intermediates.noindex/GoogleUtilities.build/Debug-iphonesimulator/GoogleUtilities-UserDefaults.build/GoogleUtilities-UserDefaults.DependencyStaticMetadataFileList (in target 'GoogleUtilities-UserDefaults' from project 'GoogleUtilities')
    cd /Users/fukushimatakumi/Library/Developer/Xcode/DerivedData/SugarBeat-hgoxfxbbugxkfsbmqcjlbmjeaqyg/SourcePackages/checkouts/GoogleUtilities
    write-file /Users/fukushimatakumi/Library/Developer/Xcode/DerivedData/SugarBeat-hgoxfxbbugxkfsbmqcjlbmjeaqyg/Build/Intermediates.noindex/GoogleUtilities.build/Debug-iphonesimulator/GoogleUtilities-UserDefaults.build/GoogleUtilities-UserDefaults.DependencyStaticMetadataFileList

WriteAuxiliaryFile /Users/fukushimatakumi/Library/Developer/Xcode/DerivedData/SugarBeat-hgoxfxbbugxkfsbmqcjlbmjeaqyg/Build/Intermediates.noindex/GoogleUtilities.build/Debug-iphonesimulator/GoogleUtilities-UserDefaults.build/GoogleUtilities-UserDefaults.DependencyMetadataFileList (in target 'GoogleUtilities-UserDefaults' from project 'GoogleUtilities')
    cd /Users/fukushimatakumi/Library/Developer/Xcode/DerivedData/SugarBeat-hgoxfxbbugxkfsbmqcjlbmjeaqyg/SourcePackages/checkouts/GoogleUtilities
    write-file /Users/fukushimatakumi/Library/Developer/Xcode/DerivedData/SugarBeat-hgoxfxbbugxkfsbmqcjlbmjeaqyg/Build/Intermediates.noindex/GoogleUtilities.build/Debug-iphonesimulator/GoogleUtilities-UserDefaults.build/GoogleUtilities-UserDefaults.DependencyMetadataFileList

WriteAuxiliaryFile /Users/fukushimatakumi/Library/Developer/Xcode/DerivedData/SugarBeat-hgoxfxbbugxkfsbmqcjlbmjeaqyg/Build/Intermediates.noindex/GoogleUtilities.build/Debug-iphonesimulator/GoogleUtilities-UserDefaults.build/DerivedSources/resource_bundle_accessor.m (in target 'GoogleUtilities-UserDefaults' from project 'GoogleUtilities')
    cd /Users/fukushimatakumi/Library/Developer/Xcode/DerivedData/SugarBeat-hgoxfxbbugxkfsbmqcjlbmjeaqyg/SourcePackages/checkouts/GoogleUtilities
    write-file /Users/fukushimatakumi/Library/Developer/Xcode/DerivedData/SugarBeat-hgoxfxbbugxkfsbmqcjlbmjeaqyg/Build/Intermediates.noindex/GoogleUtilities.build/Debug-iphonesimulator/GoogleUtilities-UserDefaults.build/DerivedSources/resource_bundle_accessor.m

WriteAuxiliaryFile /Users/fukushimatakumi/Library/Developer/Xcode/DerivedData/SugarBeat-hgoxfxbbugxkfsbmqcjlbmjeaqyg/Build/Intermediates.noindex/GoogleUtilities.build/Debug-iphonesimulator/GoogleUtilities-UserDefaults.build/DerivedSources/resource_bundle_accessor.h (in target 'GoogleUtilities-UserDefaults' from project 'GoogleUtilities')
    cd /Users/fukushimatakumi/Library/Developer/Xcode/DerivedData/SugarBeat-hgoxfxbbugxkfsbmqcjlbmjeaqyg/SourcePackages/checkouts/GoogleUtilities
    write-file /Users/fukushimatakumi/Library/Developer/Xcode/DerivedData/SugarBeat-hgoxfxbbugxkfsbmqcjlbmjeaqyg/Build/Intermediates.noindex/GoogleUtilities.build/Debug-iphonesimulator/GoogleUtilities-UserDefaults.build/DerivedSources/resource_bundle_accessor.h

WriteAuxiliaryFile /Users/fukushimatakumi/Library/Developer/Xcode/DerivedData/SugarBeat-hgoxfxbbugxkfsbmqcjlbmjeaqyg/Build/Intermediates.noindex/GoogleUtilities.build/Debug-iphonesimulator/GoogleUtilities-Reachability.build/Objects-normal/arm64/e6072d4f65d7061329687fe24e3d63a7-common-args.resp (in target 'GoogleUtilities-Reachability' from project 'GoogleUtilities')
    cd /Users/fukushimatakumi/Library/Developer/Xcode/DerivedData/SugarBeat-hgoxfxbbugxkfsbmqcjlbmjeaqyg/SourcePackages/checkouts/GoogleUtilities
    write-file /Users/fukushimatakumi/Library/Developer/Xcode/DerivedData/SugarBeat-hgoxfxbbugxkfsbmqcjlbmjeaqyg/Build/Intermediates.noindex/GoogleUtilities.build/Debug-iphonesimulator/GoogleUtilities-Reachability.build/Objects-normal/arm64/e6072d4f65d7061329687fe24e3d63a7-common-args.resp
-target arm64-apple-ios12.0-simulator '-std=c99' -fobjc-arc -fmodules -gmodules '-fmodules-cache-path=/Users/fukushimatakumi/Library/Developer/Xcode/DerivedData/ModuleCache.noindex' '-fmodule-name=GoogleUtilities_Reachability' -fpascal-strings -O0 -DSWIFT_PACKAGE '-DDEBUG=1' '-DOBJC_OLD_DISPATCH_PROTOTYPES=1' -isysroot /Applications/Xcode.app/Contents/Developer/Platforms/iPhoneSimulator.platform/Developer/SDKs/iPhoneSimulator18.4.sdk -g '-fobjc-abi-version=2' -fobjc-legacy-dispatch -I/Users/fukushimatakumi/Library/Developer/Xcode/DerivedData/SugarBeat-hgoxfxbbugxkfsbmqcjlbmjeaqyg/SourcePackages/checkouts/GoogleUtilities/GoogleUtilities/Logger/Public -I/Users/fukushimatakumi/Library/Developer/Xcode/DerivedData/SugarBeat-hgoxfxbbugxkfsbmqcjlbmjeaqyg/SourcePackages/checkouts/GoogleUtilities/GoogleUtilities/Environment/Public -I/Users/fukushimatakumi/Library/Developer/Xcode/DerivedData/SugarBeat-hgoxfxbbugxkfsbmqcjlbmjeaqyg/SourcePackages/checkouts/GoogleUtilities/third_party/IsAppEncrypted/Public -I/Users/fukushimatakumi/Library/Developer/Xcode/DerivedData/SugarBeat-hgoxfxbbugxkfsbmqcjlbmjeaqyg/Build/Products/Debug-iphonesimulator/include -I/Users/fukushimatakumi/Library/Developer/Xcode/DerivedData/SugarBeat-hgoxfxbbugxkfsbmqcjlbmjeaqyg/SourcePackages/checkouts/GoogleUtilities/GoogleUtilities/Reachability/Public -I/Users/fukushimatakumi/Library/Developer/Xcode/DerivedData/SugarBeat-hgoxfxbbugxkfsbmqcjlbmjeaqyg/SourcePackages/checkouts/GoogleUtilities -I/Users/fukushimatakumi/Library/Developer/Xcode/DerivedData/SugarBeat-hgoxfxbbugxkfsbmqcjlbmjeaqyg/Build/Intermediates.noindex/GoogleUtilities.build/Debug-iphonesimulator/GoogleUtilities-Reachability.build/DerivedSources-normal/arm64 -I/Users/fukushimatakumi/Library/Developer/Xcode/DerivedData/SugarBeat-hgoxfxbbugxkfsbmqcjlbmjeaqyg/Build/Intermediates.noindex/GoogleUtilities.build/Debug-iphonesimulator/GoogleUtilities-Reachability.build/DerivedSources/arm64 -I/Users/fukushimatakumi/Library/Developer/Xcode/DerivedData/SugarBeat-hgoxfxbbugxkfsbmqcjlbmjeaqyg/Build/Intermediates.noindex/GoogleUtilities.build/Debug-iphonesimulator/GoogleUtilities-Reachability.build/DerivedSources -F/Users/fukushimatakumi/Library/Developer/Xcode/DerivedData/SugarBeat-hgoxfxbbugxkfsbmqcjlbmjeaqyg/Build/Products/Debug-iphonesimulator/PackageFrameworks -F/Users/fukushimatakumi/Library/Developer/Xcode/DerivedData/SugarBeat-hgoxfxbbugxkfsbmqcjlbmjeaqyg/Build/Products/Debug-iphonesimulator/PackageFrameworks -F/Users/fukushimatakumi/Library/Developer/Xcode/DerivedData/SugarBeat-hgoxfxbbugxkfsbmqcjlbmjeaqyg/Build/Products/Debug-iphonesimulator/PackageFrameworks -F/Users/fukushimatakumi/Library/Developer/Xcode/DerivedData/SugarBeat-hgoxfxbbugxkfsbmqcjlbmjeaqyg/Build/Products/Debug-iphonesimulator -iframework /Applications/Xcode.app/Contents/Developer/Platforms/iPhoneSimulator.platform/Developer/Library/Frameworks -iframework /Applications/Xcode.app/Contents/Developer/Platforms/iPhoneSimulator.platform/Developer/SDKs/iPhoneSimulator18.4.sdk/Developer/Library/Frameworks '-fmodule-map-file=/Users/fukushimatakumi/Library/Developer/Xcode/DerivedData/SugarBeat-hgoxfxbbugxkfsbmqcjlbmjeaqyg/Build/Intermediates.noindex/GeneratedModuleMaps-iphonesimulator/GoogleUtilities-Logger.modulemap' '-fmodule-map-file=/Users/fukushimatakumi/Library/Developer/Xcode/DerivedData/SugarBeat-hgoxfxbbugxkfsbmqcjlbmjeaqyg/Build/Intermediates.noindex/GeneratedModuleMaps-iphonesimulator/GoogleUtilities-Environment.modulemap' '-fmodule-map-file=/Users/fukushimatakumi/Library/Developer/Xcode/DerivedData/SugarBeat-hgoxfxbbugxkfsbmqcjlbmjeaqyg/Build/Intermediates.noindex/GeneratedModuleMaps-iphonesimulator/third-party-IsAppEncrypted.modulemap' -DXcode

WriteAuxiliaryFile /Users/fukushimatakumi/Library/Developer/Xcode/DerivedData/SugarBeat-hgoxfxbbugxkfsbmqcjlbmjeaqyg/Build/Intermediates.noindex/GoogleUtilities.build/Debug-iphonesimulator/GoogleUtilities-Reachability.build/Objects-normal/arm64/GoogleUtilities-Reachability.LinkFileList (in target 'GoogleUtilities-Reachability' from project 'GoogleUtilities')
    cd /Users/fukushimatakumi/Library/Developer/Xcode/DerivedData/SugarBeat-hgoxfxbbugxkfsbmqcjlbmjeaqyg/SourcePackages/checkouts/GoogleUtilities
    write-file /Users/fukushimatakumi/Library/Developer/Xcode/DerivedData/SugarBeat-hgoxfxbbugxkfsbmqcjlbmjeaqyg/Build/Intermediates.noindex/GoogleUtilities.build/Debug-iphonesimulator/GoogleUtilities-Reachability.build/Objects-normal/arm64/GoogleUtilities-Reachability.LinkFileList

WriteAuxiliaryFile /Users/fukushimatakumi/Library/Developer/Xcode/DerivedData/SugarBeat-hgoxfxbbugxkfsbmqcjlbmjeaqyg/Build/Intermediates.noindex/GoogleUtilities.build/Debug-iphonesimulator/GoogleUtilities-Reachability.build/GoogleUtilities-Reachability.modulemap (in target 'GoogleUtilities-Reachability' from project 'GoogleUtilities')
    cd /Users/fukushimatakumi/Library/Developer/Xcode/DerivedData/SugarBeat-hgoxfxbbugxkfsbmqcjlbmjeaqyg/SourcePackages/checkouts/GoogleUtilities
    write-file /Users/fukushimatakumi/Library/Developer/Xcode/DerivedData/SugarBeat-hgoxfxbbugxkfsbmqcjlbmjeaqyg/Build/Intermediates.noindex/GoogleUtilities.build/Debug-iphonesimulator/GoogleUtilities-Reachability.build/GoogleUtilities-Reachability.modulemap

WriteAuxiliaryFile /Users/fukushimatakumi/Library/Developer/Xcode/DerivedData/SugarBeat-hgoxfxbbugxkfsbmqcjlbmjeaqyg/Build/Intermediates.noindex/GoogleUtilities.build/Debug-iphonesimulator/GoogleUtilities-Reachability.build/GoogleUtilities-Reachability.DependencyStaticMetadataFileList (in target 'GoogleUtilities-Reachability' from project 'GoogleUtilities')
    cd /Users/fukushimatakumi/Library/Developer/Xcode/DerivedData/SugarBeat-hgoxfxbbugxkfsbmqcjlbmjeaqyg/SourcePackages/checkouts/GoogleUtilities
    write-file /Users/fukushimatakumi/Library/Developer/Xcode/DerivedData/SugarBeat-hgoxfxbbugxkfsbmqcjlbmjeaqyg/Build/Intermediates.noindex/GoogleUtilities.build/Debug-iphonesimulator/GoogleUtilities-Reachability.build/GoogleUtilities-Reachability.DependencyStaticMetadataFileList

WriteAuxiliaryFile /Users/fukushimatakumi/Library/Developer/Xcode/DerivedData/SugarBeat-hgoxfxbbugxkfsbmqcjlbmjeaqyg/Build/Intermediates.noindex/GoogleUtilities.build/Debug-iphonesimulator/GoogleUtilities-Reachability.build/GoogleUtilities-Reachability.DependencyMetadataFileList (in target 'GoogleUtilities-Reachability' from project 'GoogleUtilities')
    cd /Users/fukushimatakumi/Library/Developer/Xcode/DerivedData/SugarBeat-hgoxfxbbugxkfsbmqcjlbmjeaqyg/SourcePackages/checkouts/GoogleUtilities
    write-file /Users/fukushimatakumi/Library/Developer/Xcode/DerivedData/SugarBeat-hgoxfxbbugxkfsbmqcjlbmjeaqyg/Build/Intermediates.noindex/GoogleUtilities.build/Debug-iphonesimulator/GoogleUtilities-Reachability.build/GoogleUtilities-Reachability.DependencyMetadataFileList

WriteAuxiliaryFile /Users/fukushimatakumi/Library/Developer/Xcode/DerivedData/SugarBeat-hgoxfxbbugxkfsbmqcjlbmjeaqyg/Build/Intermediates.noindex/GoogleUtilities.build/Debug-iphonesimulator/GoogleUtilities-Reachability.build/DerivedSources/resource_bundle_accessor.m (in target 'GoogleUtilities-Reachability' from project 'GoogleUtilities')
    cd /Users/fukushimatakumi/Library/Developer/Xcode/DerivedData/SugarBeat-hgoxfxbbugxkfsbmqcjlbmjeaqyg/SourcePackages/checkouts/GoogleUtilities
    write-file /Users/fukushimatakumi/Library/Developer/Xcode/DerivedData/SugarBeat-hgoxfxbbugxkfsbmqcjlbmjeaqyg/Build/Intermediates.noindex/GoogleUtilities.build/Debug-iphonesimulator/GoogleUtilities-Reachability.build/DerivedSources/resource_bundle_accessor.m

WriteAuxiliaryFile /Users/fukushimatakumi/Library/Developer/Xcode/DerivedData/SugarBeat-hgoxfxbbugxkfsbmqcjlbmjeaqyg/Build/Intermediates.noindex/GoogleUtilities.build/Debug-iphonesimulator/GoogleUtilities-Reachability.build/DerivedSources/resource_bundle_accessor.h (in target 'GoogleUtilities-Reachability' from project 'GoogleUtilities')
    cd /Users/fukushimatakumi/Library/Developer/Xcode/DerivedData/SugarBeat-hgoxfxbbugxkfsbmqcjlbmjeaqyg/SourcePackages/checkouts/GoogleUtilities
    write-file /Users/fukushimatakumi/Library/Developer/Xcode/DerivedData/SugarBeat-hgoxfxbbugxkfsbmqcjlbmjeaqyg/Build/Intermediates.noindex/GoogleUtilities.build/Debug-iphonesimulator/GoogleUtilities-Reachability.build/DerivedSources/resource_bundle_accessor.h

WriteAuxiliaryFile /Users/fukushimatakumi/Library/Developer/Xcode/DerivedData/SugarBeat-hgoxfxbbugxkfsbmqcjlbmjeaqyg/Build/Intermediates.noindex/GoogleUtilities.build/Debug-iphonesimulator/GoogleUtilities-Network.build/Objects-normal/arm64/GoogleUtilities-Network.LinkFileList (in target 'GoogleUtilities-Network' from project 'GoogleUtilities')
    cd /Users/fukushimatakumi/Library/Developer/Xcode/DerivedData/SugarBeat-hgoxfxbbugxkfsbmqcjlbmjeaqyg/SourcePackages/checkouts/GoogleUtilities
    write-file /Users/fukushimatakumi/Library/Developer/Xcode/DerivedData/SugarBeat-hgoxfxbbugxkfsbmqcjlbmjeaqyg/Build/Intermediates.noindex/GoogleUtilities.build/Debug-iphonesimulator/GoogleUtilities-Network.build/Objects-normal/arm64/GoogleUtilities-Network.LinkFileList

WriteAuxiliaryFile /Users/fukushimatakumi/Library/Developer/Xcode/DerivedData/SugarBeat-hgoxfxbbugxkfsbmqcjlbmjeaqyg/Build/Intermediates.noindex/GoogleUtilities.build/Debug-iphonesimulator/GoogleUtilities-Network.build/Objects-normal/arm64/e6072d4f65d7061329687fe24e3d63a7-common-args.resp (in target 'GoogleUtilities-Network' from project 'GoogleUtilities')
    cd /Users/fukushimatakumi/Library/Developer/Xcode/DerivedData/SugarBeat-hgoxfxbbugxkfsbmqcjlbmjeaqyg/SourcePackages/checkouts/GoogleUtilities
    write-file /Users/fukushimatakumi/Library/Developer/Xcode/DerivedData/SugarBeat-hgoxfxbbugxkfsbmqcjlbmjeaqyg/Build/Intermediates.noindex/GoogleUtilities.build/Debug-iphonesimulator/GoogleUtilities-Network.build/Objects-normal/arm64/e6072d4f65d7061329687fe24e3d63a7-common-args.resp
-target arm64-apple-ios12.0-simulator '-std=c99' -fobjc-arc -fmodules -gmodules '-fmodules-cache-path=/Users/fukushimatakumi/Library/Developer/Xcode/DerivedData/ModuleCache.noindex' '-fmodule-name=GoogleUtilities_Network' -fpascal-strings -O0 -DSWIFT_PACKAGE '-DDEBUG=1' '-DOBJC_OLD_DISPATCH_PROTOTYPES=1' -isysroot /Applications/Xcode.app/Contents/Developer/Platforms/iPhoneSimulator.platform/Developer/SDKs/iPhoneSimulator18.4.sdk -g '-fobjc-abi-version=2' -fobjc-legacy-dispatch -I/Users/fukushimatakumi/Library/Developer/Xcode/DerivedData/SugarBeat-hgoxfxbbugxkfsbmqcjlbmjeaqyg/SourcePackages/checkouts/GoogleUtilities/GoogleUtilities/Reachability/Public -I/Users/fukushimatakumi/Library/Developer/Xcode/DerivedData/SugarBeat-hgoxfxbbugxkfsbmqcjlbmjeaqyg/SourcePackages/checkouts/GoogleUtilities/GoogleUtilities/NSData+zlib/Public -I/Users/fukushimatakumi/Library/Developer/Xcode/DerivedData/SugarBeat-hgoxfxbbugxkfsbmqcjlbmjeaqyg/SourcePackages/checkouts/GoogleUtilities/GoogleUtilities/Logger/Public -I/Users/fukushimatakumi/Library/Developer/Xcode/DerivedData/SugarBeat-hgoxfxbbugxkfsbmqcjlbmjeaqyg/SourcePackages/checkouts/GoogleUtilities/GoogleUtilities/Environment/Public -I/Users/fukushimatakumi/Library/Developer/Xcode/DerivedData/SugarBeat-hgoxfxbbugxkfsbmqcjlbmjeaqyg/SourcePackages/checkouts/GoogleUtilities/third_party/IsAppEncrypted/Public -I/Users/fukushimatakumi/Library/Developer/Xcode/DerivedData/SugarBeat-hgoxfxbbugxkfsbmqcjlbmjeaqyg/Build/Products/Debug-iphonesimulator/include -I/Users/fukushimatakumi/Library/Developer/Xcode/DerivedData/SugarBeat-hgoxfxbbugxkfsbmqcjlbmjeaqyg/SourcePackages/checkouts/GoogleUtilities/GoogleUtilities/Network/Public -I/Users/fukushimatakumi/Library/Developer/Xcode/DerivedData/SugarBeat-hgoxfxbbugxkfsbmqcjlbmjeaqyg/SourcePackages/checkouts/GoogleUtilities -I/Users/fukushimatakumi/Library/Developer/Xcode/DerivedData/SugarBeat-hgoxfxbbugxkfsbmqcjlbmjeaqyg/Build/Intermediates.noindex/GoogleUtilities.build/Debug-iphonesimulator/GoogleUtilities-Network.build/DerivedSources-normal/arm64 -I/Users/fukushimatakumi/Library/Developer/Xcode/DerivedData/SugarBeat-hgoxfxbbugxkfsbmqcjlbmjeaqyg/Build/Intermediates.noindex/GoogleUtilities.build/Debug-iphonesimulator/GoogleUtilities-Network.build/DerivedSources/arm64 -I/Users/fukushimatakumi/Library/Developer/Xcode/DerivedData/SugarBeat-hgoxfxbbugxkfsbmqcjlbmjeaqyg/Build/Intermediates.noindex/GoogleUtilities.build/Debug-iphonesimulator/GoogleUtilities-Network.build/DerivedSources -F/Users/fukushimatakumi/Library/Developer/Xcode/DerivedData/SugarBeat-hgoxfxbbugxkfsbmqcjlbmjeaqyg/Build/Products/Debug-iphonesimulator/PackageFrameworks -F/Users/fukushimatakumi/Library/Developer/Xcode/DerivedData/SugarBeat-hgoxfxbbugxkfsbmqcjlbmjeaqyg/Build/Products/Debug-iphonesimulator/PackageFrameworks -F/Users/fukushimatakumi/Library/Developer/Xcode/DerivedData/SugarBeat-hgoxfxbbugxkfsbmqcjlbmjeaqyg/Build/Products/Debug-iphonesimulator/PackageFrameworks -F/Users/fukushimatakumi/Library/Developer/Xcode/DerivedData/SugarBeat-hgoxfxbbugxkfsbmqcjlbmjeaqyg/Build/Products/Debug-iphonesimulator/PackageFrameworks -F/Users/fukushimatakumi/Library/Developer/Xcode/DerivedData/SugarBeat-hgoxfxbbugxkfsbmqcjlbmjeaqyg/Build/Products/Debug-iphonesimulator/PackageFrameworks -F/Users/fukushimatakumi/Library/Developer/Xcode/DerivedData/SugarBeat-hgoxfxbbugxkfsbmqcjlbmjeaqyg/Build/Products/Debug-iphonesimulator -iframework /Applications/Xcode.app/Contents/Developer/Platforms/iPhoneSimulator.platform/Developer/Library/Frameworks -iframework /Applications/Xcode.app/Contents/Developer/Platforms/iPhoneSimulator.platform/Developer/SDKs/iPhoneSimulator18.4.sdk/Developer/Library/Frameworks '-fmodule-map-file=/Users/fukushimatakumi/Library/Developer/Xcode/DerivedData/SugarBeat-hgoxfxbbugxkfsbmqcjlbmjeaqyg/Build/Intermediates.noindex/GeneratedModuleMaps-iphonesimulator/GoogleUtilities-Reachability.modulemap' '-fmodule-map-file=/Users/fukushimatakumi/Library/Developer/Xcode/DerivedData/SugarBeat-hgoxfxbbugxkfsbmqcjlbmjeaqyg/Build/Intermediates.noindex/GeneratedModuleMaps-iphonesimulator/GoogleUtilities-NSData.modulemap' '-fmodule-map-file=/Users/fukushimatakumi/Library/Developer/Xcode/DerivedData/SugarBeat-hgoxfxbbugxkfsbmqcjlbmjeaqyg/Build/Intermediates.noindex/GeneratedModuleMaps-iphonesimulator/GoogleUtilities-Logger.modulemap' '-fmodule-map-file=/Users/fukushimatakumi/Library/Developer/Xcode/DerivedData/SugarBeat-hgoxfxbbugxkfsbmqcjlbmjeaqyg/Build/Intermediates.noindex/GeneratedModuleMaps-iphonesimulator/GoogleUtilities-Environment.modulemap' '-fmodule-map-file=/Users/fukushimatakumi/Library/Developer/Xcode/DerivedData/SugarBeat-hgoxfxbbugxkfsbmqcjlbmjeaqyg/Build/Intermediates.noindex/GeneratedModuleMaps-iphonesimulator/third-party-IsAppEncrypted.modulemap' -DXcode

WriteAuxiliaryFile /Users/fukushimatakumi/Library/Developer/Xcode/DerivedData/SugarBeat-hgoxfxbbugxkfsbmqcjlbmjeaqyg/Build/Intermediates.noindex/GoogleUtilities.build/Debug-iphonesimulator/GoogleUtilities-Network.build/GoogleUtilities-Network.modulemap (in target 'GoogleUtilities-Network' from project 'GoogleUtilities')
    cd /Users/fukushimatakumi/Library/Developer/Xcode/DerivedData/SugarBeat-hgoxfxbbugxkfsbmqcjlbmjeaqyg/SourcePackages/checkouts/GoogleUtilities
    write-file /Users/fukushimatakumi/Library/Developer/Xcode/DerivedData/SugarBeat-hgoxfxbbugxkfsbmqcjlbmjeaqyg/Build/Intermediates.noindex/GoogleUtilities.build/Debug-iphonesimulator/GoogleUtilities-Network.build/GoogleUtilities-Network.modulemap

WriteAuxiliaryFile /Users/fukushimatakumi/Library/Developer/Xcode/DerivedData/SugarBeat-hgoxfxbbugxkfsbmqcjlbmjeaqyg/Build/Intermediates.noindex/GoogleUtilities.build/Debug-iphonesimulator/GoogleUtilities-Network.build/GoogleUtilities-Network.DependencyStaticMetadataFileList (in target 'GoogleUtilities-Network' from project 'GoogleUtilities')
    cd /Users/fukushimatakumi/Library/Developer/Xcode/DerivedData/SugarBeat-hgoxfxbbugxkfsbmqcjlbmjeaqyg/SourcePackages/checkouts/GoogleUtilities
    write-file /Users/fukushimatakumi/Library/Developer/Xcode/DerivedData/SugarBeat-hgoxfxbbugxkfsbmqcjlbmjeaqyg/Build/Intermediates.noindex/GoogleUtilities.build/Debug-iphonesimulator/GoogleUtilities-Network.build/GoogleUtilities-Network.DependencyStaticMetadataFileList

WriteAuxiliaryFile /Users/fukushimatakumi/Library/Developer/Xcode/DerivedData/SugarBeat-hgoxfxbbugxkfsbmqcjlbmjeaqyg/Build/Intermediates.noindex/GoogleUtilities.build/Debug-iphonesimulator/GoogleUtilities-Network.build/GoogleUtilities-Network.DependencyMetadataFileList (in target 'GoogleUtilities-Network' from project 'GoogleUtilities')
    cd /Users/fukushimatakumi/Library/Developer/Xcode/DerivedData/SugarBeat-hgoxfxbbugxkfsbmqcjlbmjeaqyg/SourcePackages/checkouts/GoogleUtilities
    write-file /Users/fukushimatakumi/Library/Developer/Xcode/DerivedData/SugarBeat-hgoxfxbbugxkfsbmqcjlbmjeaqyg/Build/Intermediates.noindex/GoogleUtilities.build/Debug-iphonesimulator/GoogleUtilities-Network.build/GoogleUtilities-Network.DependencyMetadataFileList

WriteAuxiliaryFile /Users/fukushimatakumi/Library/Developer/Xcode/DerivedData/SugarBeat-hgoxfxbbugxkfsbmqcjlbmjeaqyg/Build/Intermediates.noindex/GoogleUtilities.build/Debug-iphonesimulator/GoogleUtilities-Network.build/DerivedSources/resource_bundle_accessor.m (in target 'GoogleUtilities-Network' from project 'GoogleUtilities')
    cd /Users/fukushimatakumi/Library/Developer/Xcode/DerivedData/SugarBeat-hgoxfxbbugxkfsbmqcjlbmjeaqyg/SourcePackages/checkouts/GoogleUtilities
    write-file /Users/fukushimatakumi/Library/Developer/Xcode/DerivedData/SugarBeat-hgoxfxbbugxkfsbmqcjlbmjeaqyg/Build/Intermediates.noindex/GoogleUtilities.build/Debug-iphonesimulator/GoogleUtilities-Network.build/DerivedSources/resource_bundle_accessor.m

WriteAuxiliaryFile /Users/fukushimatakumi/Library/Developer/Xcode/DerivedData/SugarBeat-hgoxfxbbugxkfsbmqcjlbmjeaqyg/Build/Intermediates.noindex/GoogleUtilities.build/Debug-iphonesimulator/GoogleUtilities-Network.build/DerivedSources/resource_bundle_accessor.h (in target 'GoogleUtilities-Network' from project 'GoogleUtilities')
    cd /Users/fukushimatakumi/Library/Developer/Xcode/DerivedData/SugarBeat-hgoxfxbbugxkfsbmqcjlbmjeaqyg/SourcePackages/checkouts/GoogleUtilities
    write-file /Users/fukushimatakumi/Library/Developer/Xcode/DerivedData/SugarBeat-hgoxfxbbugxkfsbmqcjlbmjeaqyg/Build/Intermediates.noindex/GoogleUtilities.build/Debug-iphonesimulator/GoogleUtilities-Network.build/DerivedSources/resource_bundle_accessor.h

WriteAuxiliaryFile /Users/fukushimatakumi/Library/Developer/Xcode/DerivedData/SugarBeat-hgoxfxbbugxkfsbmqcjlbmjeaqyg/Build/Intermediates.noindex/GoogleUtilities.build/Debug-iphonesimulator/GoogleUtilities-NSData.build/Objects-normal/arm64/e6072d4f65d7061329687fe24e3d63a7-common-args.resp (in target 'GoogleUtilities-NSData' from project 'GoogleUtilities')
    cd /Users/fukushimatakumi/Library/Developer/Xcode/DerivedData/SugarBeat-hgoxfxbbugxkfsbmqcjlbmjeaqyg/SourcePackages/checkouts/GoogleUtilities
    write-file /Users/fukushimatakumi/Library/Developer/Xcode/DerivedData/SugarBeat-hgoxfxbbugxkfsbmqcjlbmjeaqyg/Build/Intermediates.noindex/GoogleUtilities.build/Debug-iphonesimulator/GoogleUtilities-NSData.build/Objects-normal/arm64/e6072d4f65d7061329687fe24e3d63a7-common-args.resp
-target arm64-apple-ios12.0-simulator '-std=c99' -fobjc-arc -fmodules -gmodules '-fmodules-cache-path=/Users/fukushimatakumi/Library/Developer/Xcode/DerivedData/ModuleCache.noindex' '-fmodule-name=GoogleUtilities_NSData' -fpascal-strings -O0 -DSWIFT_PACKAGE '-DDEBUG=1' '-DOBJC_OLD_DISPATCH_PROTOTYPES=1' -isysroot /Applications/Xcode.app/Contents/Developer/Platforms/iPhoneSimulator.platform/Developer/SDKs/iPhoneSimulator18.4.sdk -g '-fobjc-abi-version=2' -fobjc-legacy-dispatch -I/Users/fukushimatakumi/Library/Developer/Xcode/DerivedData/SugarBeat-hgoxfxbbugxkfsbmqcjlbmjeaqyg/Build/Products/Debug-iphonesimulator/include -I/Users/fukushimatakumi/Library/Developer/Xcode/DerivedData/SugarBeat-hgoxfxbbugxkfsbmqcjlbmjeaqyg/SourcePackages/checkouts/GoogleUtilities/GoogleUtilities/NSData+zlib/Public -I/Users/fukushimatakumi/Library/Developer/Xcode/DerivedData/SugarBeat-hgoxfxbbugxkfsbmqcjlbmjeaqyg/SourcePackages/checkouts/GoogleUtilities -I/Users/fukushimatakumi/Library/Developer/Xcode/DerivedData/SugarBeat-hgoxfxbbugxkfsbmqcjlbmjeaqyg/Build/Intermediates.noindex/GoogleUtilities.build/Debug-iphonesimulator/GoogleUtilities-NSData.build/DerivedSources-normal/arm64 -I/Users/fukushimatakumi/Library/Developer/Xcode/DerivedData/SugarBeat-hgoxfxbbugxkfsbmqcjlbmjeaqyg/Build/Intermediates.noindex/GoogleUtilities.build/Debug-iphonesimulator/GoogleUtilities-NSData.build/DerivedSources/arm64 -I/Users/fukushimatakumi/Library/Developer/Xcode/DerivedData/SugarBeat-hgoxfxbbugxkfsbmqcjlbmjeaqyg/Build/Intermediates.noindex/GoogleUtilities.build/Debug-iphonesimulator/GoogleUtilities-NSData.build/DerivedSources -F/Users/fukushimatakumi/Library/Developer/Xcode/DerivedData/SugarBeat-hgoxfxbbugxkfsbmqcjlbmjeaqyg/Build/Products/Debug-iphonesimulator -iframework /Applications/Xcode.app/Contents/Developer/Platforms/iPhoneSimulator.platform/Developer/Library/Frameworks -iframework /Applications/Xcode.app/Contents/Developer/Platforms/iPhoneSimulator.platform/Developer/SDKs/iPhoneSimulator18.4.sdk/Developer/Library/Frameworks -DXcode

WriteAuxiliaryFile /Users/fukushimatakumi/Library/Developer/Xcode/DerivedData/SugarBeat-hgoxfxbbugxkfsbmqcjlbmjeaqyg/Build/Intermediates.noindex/GoogleUtilities.build/Debug-iphonesimulator/GoogleUtilities-NSData.build/Objects-normal/arm64/GoogleUtilities-NSData.LinkFileList (in target 'GoogleUtilities-NSData' from project 'GoogleUtilities')
    cd /Users/fukushimatakumi/Library/Developer/Xcode/DerivedData/SugarBeat-hgoxfxbbugxkfsbmqcjlbmjeaqyg/SourcePackages/checkouts/GoogleUtilities
    write-file /Users/fukushimatakumi/Library/Developer/Xcode/DerivedData/SugarBeat-hgoxfxbbugxkfsbmqcjlbmjeaqyg/Build/Intermediates.noindex/GoogleUtilities.build/Debug-iphonesimulator/GoogleUtilities-NSData.build/Objects-normal/arm64/GoogleUtilities-NSData.LinkFileList

WriteAuxiliaryFile /Users/fukushimatakumi/Library/Developer/Xcode/DerivedData/SugarBeat-hgoxfxbbugxkfsbmqcjlbmjeaqyg/Build/Intermediates.noindex/GoogleUtilities.build/Debug-iphonesimulator/GoogleUtilities-NSData.build/GoogleUtilities-NSData.modulemap (in target 'GoogleUtilities-NSData' from project 'GoogleUtilities')
    cd /Users/fukushimatakumi/Library/Developer/Xcode/DerivedData/SugarBeat-hgoxfxbbugxkfsbmqcjlbmjeaqyg/SourcePackages/checkouts/GoogleUtilities
    write-file /Users/fukushimatakumi/Library/Developer/Xcode/DerivedData/SugarBeat-hgoxfxbbugxkfsbmqcjlbmjeaqyg/Build/Intermediates.noindex/GoogleUtilities.build/Debug-iphonesimulator/GoogleUtilities-NSData.build/GoogleUtilities-NSData.modulemap

WriteAuxiliaryFile /Users/fukushimatakumi/Library/Developer/Xcode/DerivedData/SugarBeat-hgoxfxbbugxkfsbmqcjlbmjeaqyg/Build/Intermediates.noindex/GoogleUtilities.build/Debug-iphonesimulator/GoogleUtilities-NSData.build/GoogleUtilities-NSData.DependencyStaticMetadataFileList (in target 'GoogleUtilities-NSData' from project 'GoogleUtilities')
    cd /Users/fukushimatakumi/Library/Developer/Xcode/DerivedData/SugarBeat-hgoxfxbbugxkfsbmqcjlbmjeaqyg/SourcePackages/checkouts/GoogleUtilities
    write-file /Users/fukushimatakumi/Library/Developer/Xcode/DerivedData/SugarBeat-hgoxfxbbugxkfsbmqcjlbmjeaqyg/Build/Intermediates.noindex/GoogleUtilities.build/Debug-iphonesimulator/GoogleUtilities-NSData.build/GoogleUtilities-NSData.DependencyStaticMetadataFileList

WriteAuxiliaryFile /Users/fukushimatakumi/Library/Developer/Xcode/DerivedData/SugarBeat-hgoxfxbbugxkfsbmqcjlbmjeaqyg/Build/Intermediates.noindex/GoogleUtilities.build/Debug-iphonesimulator/GoogleUtilities-NSData.build/GoogleUtilities-NSData.DependencyMetadataFileList (in target 'GoogleUtilities-NSData' from project 'GoogleUtilities')
    cd /Users/fukushimatakumi/Library/Developer/Xcode/DerivedData/SugarBeat-hgoxfxbbugxkfsbmqcjlbmjeaqyg/SourcePackages/checkouts/GoogleUtilities
    write-file /Users/fukushimatakumi/Library/Developer/Xcode/DerivedData/SugarBeat-hgoxfxbbugxkfsbmqcjlbmjeaqyg/Build/Intermediates.noindex/GoogleUtilities.build/Debug-iphonesimulator/GoogleUtilities-NSData.build/GoogleUtilities-NSData.DependencyMetadataFileList

WriteAuxiliaryFile /Users/fukushimatakumi/Library/Developer/Xcode/DerivedData/SugarBeat-hgoxfxbbugxkfsbmqcjlbmjeaqyg/Build/Intermediates.noindex/GoogleUtilities.build/Debug-iphonesimulator/GoogleUtilities-NSData.build/DerivedSources/resource_bundle_accessor.m (in target 'GoogleUtilities-NSData' from project 'GoogleUtilities')
    cd /Users/fukushimatakumi/Library/Developer/Xcode/DerivedData/SugarBeat-hgoxfxbbugxkfsbmqcjlbmjeaqyg/SourcePackages/checkouts/GoogleUtilities
    write-file /Users/fukushimatakumi/Library/Developer/Xcode/DerivedData/SugarBeat-hgoxfxbbugxkfsbmqcjlbmjeaqyg/Build/Intermediates.noindex/GoogleUtilities.build/Debug-iphonesimulator/GoogleUtilities-NSData.build/DerivedSources/resource_bundle_accessor.m

WriteAuxiliaryFile /Users/fukushimatakumi/Library/Developer/Xcode/DerivedData/SugarBeat-hgoxfxbbugxkfsbmqcjlbmjeaqyg/Build/Intermediates.noindex/GoogleUtilities.build/Debug-iphonesimulator/GoogleUtilities-NSData.build/DerivedSources/resource_bundle_accessor.h (in target 'GoogleUtilities-NSData' from project 'GoogleUtilities')
    cd /Users/fukushimatakumi/Library/Developer/Xcode/DerivedData/SugarBeat-hgoxfxbbugxkfsbmqcjlbmjeaqyg/SourcePackages/checkouts/GoogleUtilities
    write-file /Users/fukushimatakumi/Library/Developer/Xcode/DerivedData/SugarBeat-hgoxfxbbugxkfsbmqcjlbmjeaqyg/Build/Intermediates.noindex/GoogleUtilities.build/Debug-iphonesimulator/GoogleUtilities-NSData.build/DerivedSources/resource_bundle_accessor.h

WriteAuxiliaryFile /Users/fukushimatakumi/Library/Developer/Xcode/DerivedData/SugarBeat-hgoxfxbbugxkfsbmqcjlbmjeaqyg/Build/Intermediates.noindex/GoogleUtilities.build/Debug-iphonesimulator/GoogleUtilities-Logger.build/Objects-normal/arm64/e6072d4f65d7061329687fe24e3d63a7-common-args.resp (in target 'GoogleUtilities-Logger' from project 'GoogleUtilities')
    cd /Users/fukushimatakumi/Library/Developer/Xcode/DerivedData/SugarBeat-hgoxfxbbugxkfsbmqcjlbmjeaqyg/SourcePackages/checkouts/GoogleUtilities
    write-file /Users/fukushimatakumi/Library/Developer/Xcode/DerivedData/SugarBeat-hgoxfxbbugxkfsbmqcjlbmjeaqyg/Build/Intermediates.noindex/GoogleUtilities.build/Debug-iphonesimulator/GoogleUtilities-Logger.build/Objects-normal/arm64/e6072d4f65d7061329687fe24e3d63a7-common-args.resp
-target arm64-apple-ios12.0-simulator '-std=c99' -fobjc-arc -fmodules -gmodules '-fmodules-cache-path=/Users/fukushimatakumi/Library/Developer/Xcode/DerivedData/ModuleCache.noindex' '-fmodule-name=GoogleUtilities_Logger' -fpascal-strings -O0 -DSWIFT_PACKAGE '-DDEBUG=1' '-DOBJC_OLD_DISPATCH_PROTOTYPES=1' -isysroot /Applications/Xcode.app/Contents/Developer/Platforms/iPhoneSimulator.platform/Developer/SDKs/iPhoneSimulator18.4.sdk -g '-fobjc-abi-version=2' -fobjc-legacy-dispatch -I/Users/fukushimatakumi/Library/Developer/Xcode/DerivedData/SugarBeat-hgoxfxbbugxkfsbmqcjlbmjeaqyg/SourcePackages/checkouts/GoogleUtilities/GoogleUtilities/Environment/Public -I/Users/fukushimatakumi/Library/Developer/Xcode/DerivedData/SugarBeat-hgoxfxbbugxkfsbmqcjlbmjeaqyg/SourcePackages/checkouts/GoogleUtilities/third_party/IsAppEncrypted/Public -I/Users/fukushimatakumi/Library/Developer/Xcode/DerivedData/SugarBeat-hgoxfxbbugxkfsbmqcjlbmjeaqyg/Build/Products/Debug-iphonesimulator/include -I/Users/fukushimatakumi/Library/Developer/Xcode/DerivedData/SugarBeat-hgoxfxbbugxkfsbmqcjlbmjeaqyg/SourcePackages/checkouts/GoogleUtilities/GoogleUtilities/Logger/Public -I/Users/fukushimatakumi/Library/Developer/Xcode/DerivedData/SugarBeat-hgoxfxbbugxkfsbmqcjlbmjeaqyg/SourcePackages/checkouts/GoogleUtilities -I/Users/fukushimatakumi/Library/Developer/Xcode/DerivedData/SugarBeat-hgoxfxbbugxkfsbmqcjlbmjeaqyg/Build/Intermediates.noindex/GoogleUtilities.build/Debug-iphonesimulator/GoogleUtilities-Logger.build/DerivedSources-normal/arm64 -I/Users/fukushimatakumi/Library/Developer/Xcode/DerivedData/SugarBeat-hgoxfxbbugxkfsbmqcjlbmjeaqyg/Build/Intermediates.noindex/GoogleUtilities.build/Debug-iphonesimulator/GoogleUtilities-Logger.build/DerivedSources/arm64 -I/Users/fukushimatakumi/Library/Developer/Xcode/DerivedData/SugarBeat-hgoxfxbbugxkfsbmqcjlbmjeaqyg/Build/Intermediates.noindex/GoogleUtilities.build/Debug-iphonesimulator/GoogleUtilities-Logger.build/DerivedSources -F/Users/fukushimatakumi/Library/Developer/Xcode/DerivedData/SugarBeat-hgoxfxbbugxkfsbmqcjlbmjeaqyg/Build/Products/Debug-iphonesimulator/PackageFrameworks -F/Users/fukushimatakumi/Library/Developer/Xcode/DerivedData/SugarBeat-hgoxfxbbugxkfsbmqcjlbmjeaqyg/Build/Products/Debug-iphonesimulator/PackageFrameworks -F/Users/fukushimatakumi/Library/Developer/Xcode/DerivedData/SugarBeat-hgoxfxbbugxkfsbmqcjlbmjeaqyg/Build/Products/Debug-iphonesimulator -iframework /Applications/Xcode.app/Contents/Developer/Platforms/iPhoneSimulator.platform/Developer/Library/Frameworks -iframework /Applications/Xcode.app/Contents/Developer/Platforms/iPhoneSimulator.platform/Developer/SDKs/iPhoneSimulator18.4.sdk/Developer/Library/Frameworks '-fmodule-map-file=/Users/fukushimatakumi/Library/Developer/Xcode/DerivedData/SugarBeat-hgoxfxbbugxkfsbmqcjlbmjeaqyg/Build/Intermediates.noindex/GeneratedModuleMaps-iphonesimulator/GoogleUtilities-Environment.modulemap' '-fmodule-map-file=/Users/fukushimatakumi/Library/Developer/Xcode/DerivedData/SugarBeat-hgoxfxbbugxkfsbmqcjlbmjeaqyg/Build/Intermediates.noindex/GeneratedModuleMaps-iphonesimulator/third-party-IsAppEncrypted.modulemap' -DXcode

WriteAuxiliaryFile /Users/fukushimatakumi/Library/Developer/Xcode/DerivedData/SugarBeat-hgoxfxbbugxkfsbmqcjlbmjeaqyg/Build/Intermediates.noindex/GoogleUtilities.build/Debug-iphonesimulator/GoogleUtilities-Logger.build/Objects-normal/arm64/GoogleUtilities-Logger.LinkFileList (in target 'GoogleUtilities-Logger' from project 'GoogleUtilities')
    cd /Users/fukushimatakumi/Library/Developer/Xcode/DerivedData/SugarBeat-hgoxfxbbugxkfsbmqcjlbmjeaqyg/SourcePackages/checkouts/GoogleUtilities
    write-file /Users/fukushimatakumi/Library/Developer/Xcode/DerivedData/SugarBeat-hgoxfxbbugxkfsbmqcjlbmjeaqyg/Build/Intermediates.noindex/GoogleUtilities.build/Debug-iphonesimulator/GoogleUtilities-Logger.build/Objects-normal/arm64/GoogleUtilities-Logger.LinkFileList

WriteAuxiliaryFile /Users/fukushimatakumi/Library/Developer/Xcode/DerivedData/SugarBeat-hgoxfxbbugxkfsbmqcjlbmjeaqyg/Build/Intermediates.noindex/GoogleUtilities.build/Debug-iphonesimulator/GoogleUtilities-Logger.build/GoogleUtilities-Logger.modulemap (in target 'GoogleUtilities-Logger' from project 'GoogleUtilities')
    cd /Users/fukushimatakumi/Library/Developer/Xcode/DerivedData/SugarBeat-hgoxfxbbugxkfsbmqcjlbmjeaqyg/SourcePackages/checkouts/GoogleUtilities
    write-file /Users/fukushimatakumi/Library/Developer/Xcode/DerivedData/SugarBeat-hgoxfxbbugxkfsbmqcjlbmjeaqyg/Build/Intermediates.noindex/GoogleUtilities.build/Debug-iphonesimulator/GoogleUtilities-Logger.build/GoogleUtilities-Logger.modulemap

WriteAuxiliaryFile /Users/fukushimatakumi/Library/Developer/Xcode/DerivedData/SugarBeat-hgoxfxbbugxkfsbmqcjlbmjeaqyg/Build/Intermediates.noindex/GoogleUtilities.build/Debug-iphonesimulator/GoogleUtilities-Logger.build/GoogleUtilities-Logger.DependencyStaticMetadataFileList (in target 'GoogleUtilities-Logger' from project 'GoogleUtilities')
    cd /Users/fukushimatakumi/Library/Developer/Xcode/DerivedData/SugarBeat-hgoxfxbbugxkfsbmqcjlbmjeaqyg/SourcePackages/checkouts/GoogleUtilities
    write-file /Users/fukushimatakumi/Library/Developer/Xcode/DerivedData/SugarBeat-hgoxfxbbugxkfsbmqcjlbmjeaqyg/Build/Intermediates.noindex/GoogleUtilities.build/Debug-iphonesimulator/GoogleUtilities-Logger.build/GoogleUtilities-Logger.DependencyStaticMetadataFileList

WriteAuxiliaryFile /Users/fukushimatakumi/Library/Developer/Xcode/DerivedData/SugarBeat-hgoxfxbbugxkfsbmqcjlbmjeaqyg/Build/Intermediates.noindex/GoogleUtilities.build/Debug-iphonesimulator/GoogleUtilities-Logger.build/GoogleUtilities-Logger.DependencyMetadataFileList (in target 'GoogleUtilities-Logger' from project 'GoogleUtilities')
    cd /Users/fukushimatakumi/Library/Developer/Xcode/DerivedData/SugarBeat-hgoxfxbbugxkfsbmqcjlbmjeaqyg/SourcePackages/checkouts/GoogleUtilities
    write-file /Users/fukushimatakumi/Library/Developer/Xcode/DerivedData/SugarBeat-hgoxfxbbugxkfsbmqcjlbmjeaqyg/Build/Intermediates.noindex/GoogleUtilities.build/Debug-iphonesimulator/GoogleUtilities-Logger.build/GoogleUtilities-Logger.DependencyMetadataFileList

WriteAuxiliaryFile /Users/fukushimatakumi/Library/Developer/Xcode/DerivedData/SugarBeat-hgoxfxbbugxkfsbmqcjlbmjeaqyg/Build/Intermediates.noindex/GoogleUtilities.build/Debug-iphonesimulator/GoogleUtilities-Logger.build/DerivedSources/resource_bundle_accessor.m (in target 'GoogleUtilities-Logger' from project 'GoogleUtilities')
    cd /Users/fukushimatakumi/Library/Developer/Xcode/DerivedData/SugarBeat-hgoxfxbbugxkfsbmqcjlbmjeaqyg/SourcePackages/checkouts/GoogleUtilities
    write-file /Users/fukushimatakumi/Library/Developer/Xcode/DerivedData/SugarBeat-hgoxfxbbugxkfsbmqcjlbmjeaqyg/Build/Intermediates.noindex/GoogleUtilities.build/Debug-iphonesimulator/GoogleUtilities-Logger.build/DerivedSources/resource_bundle_accessor.m

WriteAuxiliaryFile /Users/fukushimatakumi/Library/Developer/Xcode/DerivedData/SugarBeat-hgoxfxbbugxkfsbmqcjlbmjeaqyg/Build/Intermediates.noindex/GoogleUtilities.build/Debug-iphonesimulator/GoogleUtilities-Logger.build/DerivedSources/resource_bundle_accessor.h (in target 'GoogleUtilities-Logger' from project 'GoogleUtilities')
    cd /Users/fukushimatakumi/Library/Developer/Xcode/DerivedData/SugarBeat-hgoxfxbbugxkfsbmqcjlbmjeaqyg/SourcePackages/checkouts/GoogleUtilities
    write-file /Users/fukushimatakumi/Library/Developer/Xcode/DerivedData/SugarBeat-hgoxfxbbugxkfsbmqcjlbmjeaqyg/Build/Intermediates.noindex/GoogleUtilities.build/Debug-iphonesimulator/GoogleUtilities-Logger.build/DerivedSources/resource_bundle_accessor.h

WriteAuxiliaryFile /Users/fukushimatakumi/Library/Developer/Xcode/DerivedData/SugarBeat-hgoxfxbbugxkfsbmqcjlbmjeaqyg/Build/Intermediates.noindex/GoogleUtilities.build/Debug-iphonesimulator/GoogleUtilities-Environment.build/Objects-normal/arm64/e6072d4f65d7061329687fe24e3d63a7-common-args.resp (in target 'GoogleUtilities-Environment' from project 'GoogleUtilities')
    cd /Users/fukushimatakumi/Library/Developer/Xcode/DerivedData/SugarBeat-hgoxfxbbugxkfsbmqcjlbmjeaqyg/SourcePackages/checkouts/GoogleUtilities
    write-file /Users/fukushimatakumi/Library/Developer/Xcode/DerivedData/SugarBeat-hgoxfxbbugxkfsbmqcjlbmjeaqyg/Build/Intermediates.noindex/GoogleUtilities.build/Debug-iphonesimulator/GoogleUtilities-Environment.build/Objects-normal/arm64/e6072d4f65d7061329687fe24e3d63a7-common-args.resp
-target arm64-apple-ios12.0-simulator '-std=c99' -fobjc-arc -fmodules -gmodules '-fmodules-cache-path=/Users/fukushimatakumi/Library/Developer/Xcode/DerivedData/ModuleCache.noindex' '-fmodule-name=GoogleUtilities_Environment' -fpascal-strings -O0 -DSWIFT_PACKAGE '-DDEBUG=1' '-DOBJC_OLD_DISPATCH_PROTOTYPES=1' -isysroot /Applications/Xcode.app/Contents/Developer/Platforms/iPhoneSimulator.platform/Developer/SDKs/iPhoneSimulator18.4.sdk -g '-fobjc-abi-version=2' -fobjc-legacy-dispatch -I/Users/fukushimatakumi/Library/Developer/Xcode/DerivedData/SugarBeat-hgoxfxbbugxkfsbmqcjlbmjeaqyg/SourcePackages/checkouts/GoogleUtilities/third_party/IsAppEncrypted/Public -I/Users/fukushimatakumi/Library/Developer/Xcode/DerivedData/SugarBeat-hgoxfxbbugxkfsbmqcjlbmjeaqyg/Build/Products/Debug-iphonesimulator/include -I/Users/fukushimatakumi/Library/Developer/Xcode/DerivedData/SugarBeat-hgoxfxbbugxkfsbmqcjlbmjeaqyg/SourcePackages/checkouts/GoogleUtilities/GoogleUtilities/Environment/Public -I/Users/fukushimatakumi/Library/Developer/Xcode/DerivedData/SugarBeat-hgoxfxbbugxkfsbmqcjlbmjeaqyg/SourcePackages/checkouts/GoogleUtilities -I/Users/fukushimatakumi/Library/Developer/Xcode/DerivedData/SugarBeat-hgoxfxbbugxkfsbmqcjlbmjeaqyg/Build/Intermediates.noindex/GoogleUtilities.build/Debug-iphonesimulator/GoogleUtilities-Environment.build/DerivedSources-normal/arm64 -I/Users/fukushimatakumi/Library/Developer/Xcode/DerivedData/SugarBeat-hgoxfxbbugxkfsbmqcjlbmjeaqyg/Build/Intermediates.noindex/GoogleUtilities.build/Debug-iphonesimulator/GoogleUtilities-Environment.build/DerivedSources/arm64 -I/Users/fukushimatakumi/Library/Developer/Xcode/DerivedData/SugarBeat-hgoxfxbbugxkfsbmqcjlbmjeaqyg/Build/Intermediates.noindex/GoogleUtilities.build/Debug-iphonesimulator/GoogleUtilities-Environment.build/DerivedSources -F/Users/fukushimatakumi/Library/Developer/Xcode/DerivedData/SugarBeat-hgoxfxbbugxkfsbmqcjlbmjeaqyg/Build/Products/Debug-iphonesimulator/PackageFrameworks -F/Users/fukushimatakumi/Library/Developer/Xcode/DerivedData/SugarBeat-hgoxfxbbugxkfsbmqcjlbmjeaqyg/Build/Products/Debug-iphonesimulator -iframework /Applications/Xcode.app/Contents/Developer/Platforms/iPhoneSimulator.platform/Developer/Library/Frameworks -iframework /Applications/Xcode.app/Contents/Developer/Platforms/iPhoneSimulator.platform/Developer/SDKs/iPhoneSimulator18.4.sdk/Developer/Library/Frameworks '-fmodule-map-file=/Users/fukushimatakumi/Library/Developer/Xcode/DerivedData/SugarBeat-hgoxfxbbugxkfsbmqcjlbmjeaqyg/Build/Intermediates.noindex/GeneratedModuleMaps-iphonesimulator/third-party-IsAppEncrypted.modulemap' -DXcode

WriteAuxiliaryFile /Users/fukushimatakumi/Library/Developer/Xcode/DerivedData/SugarBeat-hgoxfxbbugxkfsbmqcjlbmjeaqyg/Build/Intermediates.noindex/GoogleUtilities.build/Debug-iphonesimulator/GoogleUtilities-Environment.build/Objects-normal/arm64/GoogleUtilities-Environment.LinkFileList (in target 'GoogleUtilities-Environment' from project 'GoogleUtilities')
    cd /Users/fukushimatakumi/Library/Developer/Xcode/DerivedData/SugarBeat-hgoxfxbbugxkfsbmqcjlbmjeaqyg/SourcePackages/checkouts/GoogleUtilities
    write-file /Users/fukushimatakumi/Library/Developer/Xcode/DerivedData/SugarBeat-hgoxfxbbugxkfsbmqcjlbmjeaqyg/Build/Intermediates.noindex/GoogleUtilities.build/Debug-iphonesimulator/GoogleUtilities-Environment.build/Objects-normal/arm64/GoogleUtilities-Environment.LinkFileList

WriteAuxiliaryFile /Users/fukushimatakumi/Library/Developer/Xcode/DerivedData/SugarBeat-hgoxfxbbugxkfsbmqcjlbmjeaqyg/Build/Intermediates.noindex/GoogleUtilities.build/Debug-iphonesimulator/GoogleUtilities-Environment.build/GoogleUtilities-Environment.modulemap (in target 'GoogleUtilities-Environment' from project 'GoogleUtilities')
    cd /Users/fukushimatakumi/Library/Developer/Xcode/DerivedData/SugarBeat-hgoxfxbbugxkfsbmqcjlbmjeaqyg/SourcePackages/checkouts/GoogleUtilities
    write-file /Users/fukushimatakumi/Library/Developer/Xcode/DerivedData/SugarBeat-hgoxfxbbugxkfsbmqcjlbmjeaqyg/Build/Intermediates.noindex/GoogleUtilities.build/Debug-iphonesimulator/GoogleUtilities-Environment.build/GoogleUtilities-Environment.modulemap

WriteAuxiliaryFile /Users/fukushimatakumi/Library/Developer/Xcode/DerivedData/SugarBeat-hgoxfxbbugxkfsbmqcjlbmjeaqyg/Build/Intermediates.noindex/GoogleUtilities.build/Debug-iphonesimulator/GoogleUtilities-Environment.build/GoogleUtilities-Environment.DependencyStaticMetadataFileList (in target 'GoogleUtilities-Environment' from project 'GoogleUtilities')
    cd /Users/fukushimatakumi/Library/Developer/Xcode/DerivedData/SugarBeat-hgoxfxbbugxkfsbmqcjlbmjeaqyg/SourcePackages/checkouts/GoogleUtilities
    write-file /Users/fukushimatakumi/Library/Developer/Xcode/DerivedData/SugarBeat-hgoxfxbbugxkfsbmqcjlbmjeaqyg/Build/Intermediates.noindex/GoogleUtilities.build/Debug-iphonesimulator/GoogleUtilities-Environment.build/GoogleUtilities-Environment.DependencyStaticMetadataFileList

WriteAuxiliaryFile /Users/fukushimatakumi/Library/Developer/Xcode/DerivedData/SugarBeat-hgoxfxbbugxkfsbmqcjlbmjeaqyg/Build/Intermediates.noindex/GoogleUtilities.build/Debug-iphonesimulator/GoogleUtilities-Environment.build/GoogleUtilities-Environment.DependencyMetadataFileList (in target 'GoogleUtilities-Environment' from project 'GoogleUtilities')
    cd /Users/fukushimatakumi/Library/Developer/Xcode/DerivedData/SugarBeat-hgoxfxbbugxkfsbmqcjlbmjeaqyg/SourcePackages/checkouts/GoogleUtilities
    write-file /Users/fukushimatakumi/Library/Developer/Xcode/DerivedData/SugarBeat-hgoxfxbbugxkfsbmqcjlbmjeaqyg/Build/Intermediates.noindex/GoogleUtilities.build/Debug-iphonesimulator/GoogleUtilities-Environment.build/GoogleUtilities-Environment.DependencyMetadataFileList

WriteAuxiliaryFile /Users/fukushimatakumi/Library/Developer/Xcode/DerivedData/SugarBeat-hgoxfxbbugxkfsbmqcjlbmjeaqyg/Build/Intermediates.noindex/GoogleUtilities.build/Debug-iphonesimulator/GoogleUtilities-Environment.build/DerivedSources/resource_bundle_accessor.m (in target 'GoogleUtilities-Environment' from project 'GoogleUtilities')
    cd /Users/fukushimatakumi/Library/Developer/Xcode/DerivedData/SugarBeat-hgoxfxbbugxkfsbmqcjlbmjeaqyg/SourcePackages/checkouts/GoogleUtilities
    write-file /Users/fukushimatakumi/Library/Developer/Xcode/DerivedData/SugarBeat-hgoxfxbbugxkfsbmqcjlbmjeaqyg/Build/Intermediates.noindex/GoogleUtilities.build/Debug-iphonesimulator/GoogleUtilities-Environment.build/DerivedSources/resource_bundle_accessor.m

WriteAuxiliaryFile /Users/fukushimatakumi/Library/Developer/Xcode/DerivedData/SugarBeat-hgoxfxbbugxkfsbmqcjlbmjeaqyg/Build/Intermediates.noindex/GoogleUtilities.build/Debug-iphonesimulator/GoogleUtilities-Environment.build/DerivedSources/resource_bundle_accessor.h (in target 'GoogleUtilities-Environment' from project 'GoogleUtilities')
    cd /Users/fukushimatakumi/Library/Developer/Xcode/DerivedData/SugarBeat-hgoxfxbbugxkfsbmqcjlbmjeaqyg/SourcePackages/checkouts/GoogleUtilities
    write-file /Users/fukushimatakumi/Library/Developer/Xcode/DerivedData/SugarBeat-hgoxfxbbugxkfsbmqcjlbmjeaqyg/Build/Intermediates.noindex/GoogleUtilities.build/Debug-iphonesimulator/GoogleUtilities-Environment.build/DerivedSources/resource_bundle_accessor.h

WriteAuxiliaryFile /Users/fukushimatakumi/Library/Developer/Xcode/DerivedData/SugarBeat-hgoxfxbbugxkfsbmqcjlbmjeaqyg/Build/Intermediates.noindex/GoogleUtilities.build/Debug-iphonesimulator/GoogleUtilities-AppDelegateSwizzler.build/Objects-normal/arm64/e6072d4f65d7061329687fe24e3d63a7-common-args.resp (in target 'GoogleUtilities-AppDelegateSwizzler' from project 'GoogleUtilities')
    cd /Users/fukushimatakumi/Library/Developer/Xcode/DerivedData/SugarBeat-hgoxfxbbugxkfsbmqcjlbmjeaqyg/SourcePackages/checkouts/GoogleUtilities
    write-file /Users/fukushimatakumi/Library/Developer/Xcode/DerivedData/SugarBeat-hgoxfxbbugxkfsbmqcjlbmjeaqyg/Build/Intermediates.noindex/GoogleUtilities.build/Debug-iphonesimulator/GoogleUtilities-AppDelegateSwizzler.build/Objects-normal/arm64/e6072d4f65d7061329687fe24e3d63a7-common-args.resp
-target arm64-apple-ios12.0-simulator '-std=c99' -fobjc-arc -fmodules -gmodules '-fmodules-cache-path=/Users/fukushimatakumi/Library/Developer/Xcode/DerivedData/ModuleCache.noindex' '-fmodule-name=GoogleUtilities_AppDelegateSwizzler' -fpascal-strings -O0 -DSWIFT_PACKAGE '-DDEBUG=1' '-DOBJC_OLD_DISPATCH_PROTOTYPES=1' -isysroot /Applications/Xcode.app/Contents/Developer/Platforms/iPhoneSimulator.platform/Developer/SDKs/iPhoneSimulator18.4.sdk -g '-fobjc-abi-version=2' -fobjc-legacy-dispatch -I/Users/fukushimatakumi/Library/Developer/Xcode/DerivedData/SugarBeat-hgoxfxbbugxkfsbmqcjlbmjeaqyg/SourcePackages/checkouts/GoogleUtilities/GoogleUtilities/Network/Public -I/Users/fukushimatakumi/Library/Developer/Xcode/DerivedData/SugarBeat-hgoxfxbbugxkfsbmqcjlbmjeaqyg/SourcePackages/checkouts/GoogleUtilities/GoogleUtilities/Reachability/Public -I/Users/fukushimatakumi/Library/Developer/Xcode/DerivedData/SugarBeat-hgoxfxbbugxkfsbmqcjlbmjeaqyg/SourcePackages/checkouts/GoogleUtilities/GoogleUtilities/NSData+zlib/Public -I/Users/fukushimatakumi/Library/Developer/Xcode/DerivedData/SugarBeat-hgoxfxbbugxkfsbmqcjlbmjeaqyg/SourcePackages/checkouts/GoogleUtilities/GoogleUtilities/Logger/Public -I/Users/fukushimatakumi/Library/Developer/Xcode/DerivedData/SugarBeat-hgoxfxbbugxkfsbmqcjlbmjeaqyg/SourcePackages/checkouts/GoogleUtilities/GoogleUtilities/Environment/Public -I/Users/fukushimatakumi/Library/Developer/Xcode/DerivedData/SugarBeat-hgoxfxbbugxkfsbmqcjlbmjeaqyg/SourcePackages/checkouts/GoogleUtilities/third_party/IsAppEncrypted/Public -I/Users/fukushimatakumi/Library/Developer/Xcode/DerivedData/SugarBeat-hgoxfxbbugxkfsbmqcjlbmjeaqyg/Build/Products/Debug-iphonesimulator/include -I/Users/fukushimatakumi/Library/Developer/Xcode/DerivedData/SugarBeat-hgoxfxbbugxkfsbmqcjlbmjeaqyg/SourcePackages/checkouts/GoogleUtilities/GoogleUtilities/AppDelegateSwizzler/Public -I/Users/fukushimatakumi/Library/Developer/Xcode/DerivedData/SugarBeat-hgoxfxbbugxkfsbmqcjlbmjeaqyg/SourcePackages/checkouts/GoogleUtilities -I/Users/fukushimatakumi/Library/Developer/Xcode/DerivedData/SugarBeat-hgoxfxbbugxkfsbmqcjlbmjeaqyg/Build/Intermediates.noindex/GoogleUtilities.build/Debug-iphonesimulator/GoogleUtilities-AppDelegateSwizzler.build/DerivedSources-normal/arm64 -I/Users/fukushimatakumi/Library/Developer/Xcode/DerivedData/SugarBeat-hgoxfxbbugxkfsbmqcjlbmjeaqyg/Build/Intermediates.noindex/GoogleUtilities.build/Debug-iphonesimulator/GoogleUtilities-AppDelegateSwizzler.build/DerivedSources/arm64 -I/Users/fukushimatakumi/Library/Developer/Xcode/DerivedData/SugarBeat-hgoxfxbbugxkfsbmqcjlbmjeaqyg/Build/Intermediates.noindex/GoogleUtilities.build/Debug-iphonesimulator/GoogleUtilities-AppDelegateSwizzler.build/DerivedSources -F/Users/fukushimatakumi/Library/Developer/Xcode/DerivedData/SugarBeat-hgoxfxbbugxkfsbmqcjlbmjeaqyg/Build/Products/Debug-iphonesimulator/PackageFrameworks -F/Users/fukushimatakumi/Library/Developer/Xcode/DerivedData/SugarBeat-hgoxfxbbugxkfsbmqcjlbmjeaqyg/Build/Products/Debug-iphonesimulator/PackageFrameworks -F/Users/fukushimatakumi/Library/Developer/Xcode/DerivedData/SugarBeat-hgoxfxbbugxkfsbmqcjlbmjeaqyg/Build/Products/Debug-iphonesimulator/PackageFrameworks -F/Users/fukushimatakumi/Library/Developer/Xcode/DerivedData/SugarBeat-hgoxfxbbugxkfsbmqcjlbmjeaqyg/Build/Products/Debug-iphonesimulator/PackageFrameworks -F/Users/fukushimatakumi/Library/Developer/Xcode/DerivedData/SugarBeat-hgoxfxbbugxkfsbmqcjlbmjeaqyg/Build/Products/Debug-iphonesimulator/PackageFrameworks -F/Users/fukushimatakumi/Library/Developer/Xcode/DerivedData/SugarBeat-hgoxfxbbugxkfsbmqcjlbmjeaqyg/Build/Products/Debug-iphonesimulator/PackageFrameworks -F/Users/fukushimatakumi/Library/Developer/Xcode/DerivedData/SugarBeat-hgoxfxbbugxkfsbmqcjlbmjeaqyg/Build/Products/Debug-iphonesimulator -iframework /Applications/Xcode.app/Contents/Developer/Platforms/iPhoneSimulator.platform/Developer/Library/Frameworks -iframework /Applications/Xcode.app/Contents/Developer/Platforms/iPhoneSimulator.platform/Developer/SDKs/iPhoneSimulator18.4.sdk/Developer/Library/Frameworks '-fmodule-map-file=/Users/fukushimatakumi/Library/Developer/Xcode/DerivedData/SugarBeat-hgoxfxbbugxkfsbmqcjlbmjeaqyg/Build/Intermediates.noindex/GeneratedModuleMaps-iphonesimulator/GoogleUtilities-Network.modulemap' '-fmodule-map-file=/Users/fukushimatakumi/Library/Developer/Xcode/DerivedData/SugarBeat-hgoxfxbbugxkfsbmqcjlbmjeaqyg/Build/Intermediates.noindex/GeneratedModuleMaps-iphonesimulator/GoogleUtilities-Reachability.modulemap' '-fmodule-map-file=/Users/fukushimatakumi/Library/Developer/Xcode/DerivedData/SugarBeat-hgoxfxbbugxkfsbmqcjlbmjeaqyg/Build/Intermediates.noindex/GeneratedModuleMaps-iphonesimulator/GoogleUtilities-NSData.modulemap' '-fmodule-map-file=/Users/fukushimatakumi/Library/Developer/Xcode/DerivedData/SugarBeat-hgoxfxbbugxkfsbmqcjlbmjeaqyg/Build/Intermediates.noindex/GeneratedModuleMaps-iphonesimulator/GoogleUtilities-Logger.modulemap' '-fmodule-map-file=/Users/fukushimatakumi/Library/Developer/Xcode/DerivedData/SugarBeat-hgoxfxbbugxkfsbmqcjlbmjeaqyg/Build/Intermediates.noindex/GeneratedModuleMaps-iphonesimulator/GoogleUtilities-Environment.modulemap' '-fmodule-map-file=/Users/fukushimatakumi/Library/Developer/Xcode/DerivedData/SugarBeat-hgoxfxbbugxkfsbmqcjlbmjeaqyg/Build/Intermediates.noindex/GeneratedModuleMaps-iphonesimulator/third-party-IsAppEncrypted.modulemap' -DXcode

WriteAuxiliaryFile /Users/fukushimatakumi/Library/Developer/Xcode/DerivedData/SugarBeat-hgoxfxbbugxkfsbmqcjlbmjeaqyg/Build/Intermediates.noindex/GoogleUtilities.build/Debug-iphonesimulator/GoogleUtilities-AppDelegateSwizzler.build/Objects-normal/arm64/GoogleUtilities-AppDelegateSwizzler.LinkFileList (in target 'GoogleUtilities-AppDelegateSwizzler' from project 'GoogleUtilities')
    cd /Users/fukushimatakumi/Library/Developer/Xcode/DerivedData/SugarBeat-hgoxfxbbugxkfsbmqcjlbmjeaqyg/SourcePackages/checkouts/GoogleUtilities
    write-file /Users/fukushimatakumi/Library/Developer/Xcode/DerivedData/SugarBeat-hgoxfxbbugxkfsbmqcjlbmjeaqyg/Build/Intermediates.noindex/GoogleUtilities.build/Debug-iphonesimulator/GoogleUtilities-AppDelegateSwizzler.build/Objects-normal/arm64/GoogleUtilities-AppDelegateSwizzler.LinkFileList

WriteAuxiliaryFile /Users/fukushimatakumi/Library/Developer/Xcode/DerivedData/SugarBeat-hgoxfxbbugxkfsbmqcjlbmjeaqyg/Build/Intermediates.noindex/GoogleUtilities.build/Debug-iphonesimulator/GoogleUtilities-AppDelegateSwizzler.build/GoogleUtilities-AppDelegateSwizzler.modulemap (in target 'GoogleUtilities-AppDelegateSwizzler' from project 'GoogleUtilities')
    cd /Users/fukushimatakumi/Library/Developer/Xcode/DerivedData/SugarBeat-hgoxfxbbugxkfsbmqcjlbmjeaqyg/SourcePackages/checkouts/GoogleUtilities
    write-file /Users/fukushimatakumi/Library/Developer/Xcode/DerivedData/SugarBeat-hgoxfxbbugxkfsbmqcjlbmjeaqyg/Build/Intermediates.noindex/GoogleUtilities.build/Debug-iphonesimulator/GoogleUtilities-AppDelegateSwizzler.build/GoogleUtilities-AppDelegateSwizzler.modulemap

WriteAuxiliaryFile /Users/fukushimatakumi/Library/Developer/Xcode/DerivedData/SugarBeat-hgoxfxbbugxkfsbmqcjlbmjeaqyg/Build/Intermediates.noindex/GoogleUtilities.build/Debug-iphonesimulator/GoogleUtilities-AppDelegateSwizzler.build/GoogleUtilities-AppDelegateSwizzler.DependencyStaticMetadataFileList (in target 'GoogleUtilities-AppDelegateSwizzler' from project 'GoogleUtilities')
    cd /Users/fukushimatakumi/Library/Developer/Xcode/DerivedData/SugarBeat-hgoxfxbbugxkfsbmqcjlbmjeaqyg/SourcePackages/checkouts/GoogleUtilities
    write-file /Users/fukushimatakumi/Library/Developer/Xcode/DerivedData/SugarBeat-hgoxfxbbugxkfsbmqcjlbmjeaqyg/Build/Intermediates.noindex/GoogleUtilities.build/Debug-iphonesimulator/GoogleUtilities-AppDelegateSwizzler.build/GoogleUtilities-AppDelegateSwizzler.DependencyStaticMetadataFileList

WriteAuxiliaryFile /Users/fukushimatakumi/Library/Developer/Xcode/DerivedData/SugarBeat-hgoxfxbbugxkfsbmqcjlbmjeaqyg/Build/Intermediates.noindex/GoogleUtilities.build/Debug-iphonesimulator/GoogleUtilities-AppDelegateSwizzler.build/GoogleUtilities-AppDelegateSwizzler.DependencyMetadataFileList (in target 'GoogleUtilities-AppDelegateSwizzler' from project 'GoogleUtilities')
    cd /Users/fukushimatakumi/Library/Developer/Xcode/DerivedData/SugarBeat-hgoxfxbbugxkfsbmqcjlbmjeaqyg/SourcePackages/checkouts/GoogleUtilities
    write-file /Users/fukushimatakumi/Library/Developer/Xcode/DerivedData/SugarBeat-hgoxfxbbugxkfsbmqcjlbmjeaqyg/Build/Intermediates.noindex/GoogleUtilities.build/Debug-iphonesimulator/GoogleUtilities-AppDelegateSwizzler.build/GoogleUtilities-AppDelegateSwizzler.DependencyMetadataFileList

WriteAuxiliaryFile /Users/fukushimatakumi/Library/Developer/Xcode/DerivedData/SugarBeat-hgoxfxbbugxkfsbmqcjlbmjeaqyg/Build/Intermediates.noindex/GoogleUtilities.build/Debug-iphonesimulator/GoogleUtilities-AppDelegateSwizzler.build/DerivedSources/resource_bundle_accessor.m (in target 'GoogleUtilities-AppDelegateSwizzler' from project 'GoogleUtilities')
    cd /Users/fukushimatakumi/Library/Developer/Xcode/DerivedData/SugarBeat-hgoxfxbbugxkfsbmqcjlbmjeaqyg/SourcePackages/checkouts/GoogleUtilities
    write-file /Users/fukushimatakumi/Library/Developer/Xcode/DerivedData/SugarBeat-hgoxfxbbugxkfsbmqcjlbmjeaqyg/Build/Intermediates.noindex/GoogleUtilities.build/Debug-iphonesimulator/GoogleUtilities-AppDelegateSwizzler.build/DerivedSources/resource_bundle_accessor.m

WriteAuxiliaryFile /Users/fukushimatakumi/Library/Developer/Xcode/DerivedData/SugarBeat-hgoxfxbbugxkfsbmqcjlbmjeaqyg/Build/Intermediates.noindex/GoogleUtilities.build/Debug-iphonesimulator/GoogleUtilities-AppDelegateSwizzler.build/DerivedSources/resource_bundle_accessor.h (in target 'GoogleUtilities-AppDelegateSwizzler' from project 'GoogleUtilities')
    cd /Users/fukushimatakumi/Library/Developer/Xcode/DerivedData/SugarBeat-hgoxfxbbugxkfsbmqcjlbmjeaqyg/SourcePackages/checkouts/GoogleUtilities
    write-file /Users/fukushimatakumi/Library/Developer/Xcode/DerivedData/SugarBeat-hgoxfxbbugxkfsbmqcjlbmjeaqyg/Build/Intermediates.noindex/GoogleUtilities.build/Debug-iphonesimulator/GoogleUtilities-AppDelegateSwizzler.build/DerivedSources/resource_bundle_accessor.h

WriteAuxiliaryFile /Users/fukushimatakumi/Library/Developer/Xcode/DerivedData/SugarBeat-hgoxfxbbugxkfsbmqcjlbmjeaqyg/Build/Intermediates.noindex/GoogleSignIn.build/Debug-iphonesimulator/GoogleSignIn_GoogleSignInSwift.build/empty-GoogleSignIn_GoogleSignInSwift.plist (in target 'GoogleSignIn_GoogleSignInSwift' from project 'GoogleSignIn')
    cd /Users/fukushimatakumi/Library/Developer/Xcode/DerivedData/SugarBeat-hgoxfxbbugxkfsbmqcjlbmjeaqyg/SourcePackages/checkouts/GoogleSignIn-iOS
    write-file /Users/fukushimatakumi/Library/Developer/Xcode/DerivedData/SugarBeat-hgoxfxbbugxkfsbmqcjlbmjeaqyg/Build/Intermediates.noindex/GoogleSignIn.build/Debug-iphonesimulator/GoogleSignIn_GoogleSignInSwift.build/empty-GoogleSignIn_GoogleSignInSwift.plist

WriteAuxiliaryFile /Users/fukushimatakumi/Library/Developer/Xcode/DerivedData/SugarBeat-hgoxfxbbugxkfsbmqcjlbmjeaqyg/Build/Intermediates.noindex/GoogleSignIn.build/Debug-iphonesimulator/GoogleSignIn_GoogleSignInSwift.build/GoogleSignIn_GoogleSignInSwift.DependencyStaticMetadataFileList (in target 'GoogleSignIn_GoogleSignInSwift' from project 'GoogleSignIn')
    cd /Users/fukushimatakumi/Library/Developer/Xcode/DerivedData/SugarBeat-hgoxfxbbugxkfsbmqcjlbmjeaqyg/SourcePackages/checkouts/GoogleSignIn-iOS
    write-file /Users/fukushimatakumi/Library/Developer/Xcode/DerivedData/SugarBeat-hgoxfxbbugxkfsbmqcjlbmjeaqyg/Build/Intermediates.noindex/GoogleSignIn.build/Debug-iphonesimulator/GoogleSignIn_GoogleSignInSwift.build/GoogleSignIn_GoogleSignInSwift.DependencyStaticMetadataFileList

WriteAuxiliaryFile /Users/fukushimatakumi/Library/Developer/Xcode/DerivedData/SugarBeat-hgoxfxbbugxkfsbmqcjlbmjeaqyg/Build/Intermediates.noindex/GoogleSignIn.build/Debug-iphonesimulator/GoogleSignIn_GoogleSignInSwift.build/GoogleSignIn_GoogleSignInSwift.DependencyMetadataFileList (in target 'GoogleSignIn_GoogleSignInSwift' from project 'GoogleSignIn')
    cd /Users/fukushimatakumi/Library/Developer/Xcode/DerivedData/SugarBeat-hgoxfxbbugxkfsbmqcjlbmjeaqyg/SourcePackages/checkouts/GoogleSignIn-iOS
    write-file /Users/fukushimatakumi/Library/Developer/Xcode/DerivedData/SugarBeat-hgoxfxbbugxkfsbmqcjlbmjeaqyg/Build/Intermediates.noindex/GoogleSignIn.build/Debug-iphonesimulator/GoogleSignIn_GoogleSignInSwift.build/GoogleSignIn_GoogleSignInSwift.DependencyMetadataFileList

WriteAuxiliaryFile /Users/fukushimatakumi/Library/Developer/Xcode/DerivedData/SugarBeat-hgoxfxbbugxkfsbmqcjlbmjeaqyg/Build/Intermediates.noindex/GoogleSignIn.build/Debug-iphonesimulator/GoogleSignIn_GoogleSignIn.build/empty-GoogleSignIn_GoogleSignIn.plist (in target 'GoogleSignIn_GoogleSignIn' from project 'GoogleSignIn')
    cd /Users/fukushimatakumi/Library/Developer/Xcode/DerivedData/SugarBeat-hgoxfxbbugxkfsbmqcjlbmjeaqyg/SourcePackages/checkouts/GoogleSignIn-iOS
    write-file /Users/fukushimatakumi/Library/Developer/Xcode/DerivedData/SugarBeat-hgoxfxbbugxkfsbmqcjlbmjeaqyg/Build/Intermediates.noindex/GoogleSignIn.build/Debug-iphonesimulator/GoogleSignIn_GoogleSignIn.build/empty-GoogleSignIn_GoogleSignIn.plist

WriteAuxiliaryFile /Users/fukushimatakumi/Library/Developer/Xcode/DerivedData/SugarBeat-hgoxfxbbugxkfsbmqcjlbmjeaqyg/Build/Intermediates.noindex/GoogleSignIn.build/Debug-iphonesimulator/GoogleSignIn_GoogleSignIn.build/GoogleSignIn_GoogleSignIn.DependencyStaticMetadataFileList (in target 'GoogleSignIn_GoogleSignIn' from project 'GoogleSignIn')
    cd /Users/fukushimatakumi/Library/Developer/Xcode/DerivedData/SugarBeat-hgoxfxbbugxkfsbmqcjlbmjeaqyg/SourcePackages/checkouts/GoogleSignIn-iOS
    write-file /Users/fukushimatakumi/Library/Developer/Xcode/DerivedData/SugarBeat-hgoxfxbbugxkfsbmqcjlbmjeaqyg/Build/Intermediates.noindex/GoogleSignIn.build/Debug-iphonesimulator/GoogleSignIn_GoogleSignIn.build/GoogleSignIn_GoogleSignIn.DependencyStaticMetadataFileList

WriteAuxiliaryFile /Users/fukushimatakumi/Library/Developer/Xcode/DerivedData/SugarBeat-hgoxfxbbugxkfsbmqcjlbmjeaqyg/Build/Intermediates.noindex/GoogleSignIn.build/Debug-iphonesimulator/GoogleSignIn_GoogleSignIn.build/GoogleSignIn_GoogleSignIn.DependencyMetadataFileList (in target 'GoogleSignIn_GoogleSignIn' from project 'GoogleSignIn')
    cd /Users/fukushimatakumi/Library/Developer/Xcode/DerivedData/SugarBeat-hgoxfxbbugxkfsbmqcjlbmjeaqyg/SourcePackages/checkouts/GoogleSignIn-iOS
    write-file /Users/fukushimatakumi/Library/Developer/Xcode/DerivedData/SugarBeat-hgoxfxbbugxkfsbmqcjlbmjeaqyg/Build/Intermediates.noindex/GoogleSignIn.build/Debug-iphonesimulator/GoogleSignIn_GoogleSignIn.build/GoogleSignIn_GoogleSignIn.DependencyMetadataFileList

WriteAuxiliaryFile /Users/fukushimatakumi/Library/Developer/Xcode/DerivedData/SugarBeat-hgoxfxbbugxkfsbmqcjlbmjeaqyg/Build/Intermediates.noindex/GoogleSignIn.build/Debug-iphonesimulator/GoogleSignInSwift.build/Objects-normal/arm64/GoogleSignInSwift.SwiftFileList (in target 'GoogleSignInSwift' from project 'GoogleSignIn')
    cd /Users/fukushimatakumi/Library/Developer/Xcode/DerivedData/SugarBeat-hgoxfxbbugxkfsbmqcjlbmjeaqyg/SourcePackages/checkouts/GoogleSignIn-iOS
    write-file /Users/fukushimatakumi/Library/Developer/Xcode/DerivedData/SugarBeat-hgoxfxbbugxkfsbmqcjlbmjeaqyg/Build/Intermediates.noindex/GoogleSignIn.build/Debug-iphonesimulator/GoogleSignInSwift.build/Objects-normal/arm64/GoogleSignInSwift.SwiftFileList

WriteAuxiliaryFile /Users/fukushimatakumi/Library/Developer/Xcode/DerivedData/SugarBeat-hgoxfxbbugxkfsbmqcjlbmjeaqyg/Build/Intermediates.noindex/GoogleSignIn.build/Debug-iphonesimulator/GoogleSignInSwift.build/Objects-normal/arm64/GoogleSignInSwift_const_extract_protocols.json (in target 'GoogleSignInSwift' from project 'GoogleSignIn')
    cd /Users/fukushimatakumi/Library/Developer/Xcode/DerivedData/SugarBeat-hgoxfxbbugxkfsbmqcjlbmjeaqyg/SourcePackages/checkouts/GoogleSignIn-iOS
    write-file /Users/fukushimatakumi/Library/Developer/Xcode/DerivedData/SugarBeat-hgoxfxbbugxkfsbmqcjlbmjeaqyg/Build/Intermediates.noindex/GoogleSignIn.build/Debug-iphonesimulator/GoogleSignInSwift.build/Objects-normal/arm64/GoogleSignInSwift_const_extract_protocols.json

WriteAuxiliaryFile /Users/fukushimatakumi/Library/Developer/Xcode/DerivedData/SugarBeat-hgoxfxbbugxkfsbmqcjlbmjeaqyg/Build/Intermediates.noindex/GoogleSignIn.build/Debug-iphonesimulator/GoogleSignInSwift.build/Objects-normal/arm64/GoogleSignInSwift.SwiftConstValuesFileList (in target 'GoogleSignInSwift' from project 'GoogleSignIn')
    cd /Users/fukushimatakumi/Library/Developer/Xcode/DerivedData/SugarBeat-hgoxfxbbugxkfsbmqcjlbmjeaqyg/SourcePackages/checkouts/GoogleSignIn-iOS
    write-file /Users/fukushimatakumi/Library/Developer/Xcode/DerivedData/SugarBeat-hgoxfxbbugxkfsbmqcjlbmjeaqyg/Build/Intermediates.noindex/GoogleSignIn.build/Debug-iphonesimulator/GoogleSignInSwift.build/Objects-normal/arm64/GoogleSignInSwift.SwiftConstValuesFileList

WriteAuxiliaryFile /Users/fukushimatakumi/Library/Developer/Xcode/DerivedData/SugarBeat-hgoxfxbbugxkfsbmqcjlbmjeaqyg/Build/Intermediates.noindex/GoogleSignIn.build/Debug-iphonesimulator/GoogleSignInSwift.build/Objects-normal/arm64/GoogleSignInSwift.LinkFileList (in target 'GoogleSignInSwift' from project 'GoogleSignIn')
    cd /Users/fukushimatakumi/Library/Developer/Xcode/DerivedData/SugarBeat-hgoxfxbbugxkfsbmqcjlbmjeaqyg/SourcePackages/checkouts/GoogleSignIn-iOS
    write-file /Users/fukushimatakumi/Library/Developer/Xcode/DerivedData/SugarBeat-hgoxfxbbugxkfsbmqcjlbmjeaqyg/Build/Intermediates.noindex/GoogleSignIn.build/Debug-iphonesimulator/GoogleSignInSwift.build/Objects-normal/arm64/GoogleSignInSwift.LinkFileList

WriteAuxiliaryFile /Users/fukushimatakumi/Library/Developer/Xcode/DerivedData/SugarBeat-hgoxfxbbugxkfsbmqcjlbmjeaqyg/Build/Intermediates.noindex/GoogleSignIn.build/Debug-iphonesimulator/GoogleSignInSwift.build/Objects-normal/arm64/GoogleSignInSwift-OutputFileMap.json (in target 'GoogleSignInSwift' from project 'GoogleSignIn')
    cd /Users/fukushimatakumi/Library/Developer/Xcode/DerivedData/SugarBeat-hgoxfxbbugxkfsbmqcjlbmjeaqyg/SourcePackages/checkouts/GoogleSignIn-iOS
    write-file /Users/fukushimatakumi/Library/Developer/Xcode/DerivedData/SugarBeat-hgoxfxbbugxkfsbmqcjlbmjeaqyg/Build/Intermediates.noindex/GoogleSignIn.build/Debug-iphonesimulator/GoogleSignInSwift.build/Objects-normal/arm64/GoogleSignInSwift-OutputFileMap.json

WriteAuxiliaryFile /Users/fukushimatakumi/Library/Developer/Xcode/DerivedData/SugarBeat-hgoxfxbbugxkfsbmqcjlbmjeaqyg/Build/Intermediates.noindex/GoogleSignIn.build/Debug-iphonesimulator/GoogleSignInSwift.build/GoogleSignInSwift.modulemap (in target 'GoogleSignInSwift' from project 'GoogleSignIn')
    cd /Users/fukushimatakumi/Library/Developer/Xcode/DerivedData/SugarBeat-hgoxfxbbugxkfsbmqcjlbmjeaqyg/SourcePackages/checkouts/GoogleSignIn-iOS
    write-file /Users/fukushimatakumi/Library/Developer/Xcode/DerivedData/SugarBeat-hgoxfxbbugxkfsbmqcjlbmjeaqyg/Build/Intermediates.noindex/GoogleSignIn.build/Debug-iphonesimulator/GoogleSignInSwift.build/GoogleSignInSwift.modulemap

WriteAuxiliaryFile /Users/fukushimatakumi/Library/Developer/Xcode/DerivedData/SugarBeat-hgoxfxbbugxkfsbmqcjlbmjeaqyg/Build/Intermediates.noindex/GoogleSignIn.build/Debug-iphonesimulator/GoogleSignInSwift.build/GoogleSignInSwift.DependencyStaticMetadataFileList (in target 'GoogleSignInSwift' from project 'GoogleSignIn')
    cd /Users/fukushimatakumi/Library/Developer/Xcode/DerivedData/SugarBeat-hgoxfxbbugxkfsbmqcjlbmjeaqyg/SourcePackages/checkouts/GoogleSignIn-iOS
    write-file /Users/fukushimatakumi/Library/Developer/Xcode/DerivedData/SugarBeat-hgoxfxbbugxkfsbmqcjlbmjeaqyg/Build/Intermediates.noindex/GoogleSignIn.build/Debug-iphonesimulator/GoogleSignInSwift.build/GoogleSignInSwift.DependencyStaticMetadataFileList

WriteAuxiliaryFile /Users/fukushimatakumi/Library/Developer/Xcode/DerivedData/SugarBeat-hgoxfxbbugxkfsbmqcjlbmjeaqyg/Build/Intermediates.noindex/GoogleSignIn.build/Debug-iphonesimulator/GoogleSignInSwift.build/GoogleSignInSwift.DependencyMetadataFileList (in target 'GoogleSignInSwift' from project 'GoogleSignIn')
    cd /Users/fukushimatakumi/Library/Developer/Xcode/DerivedData/SugarBeat-hgoxfxbbugxkfsbmqcjlbmjeaqyg/SourcePackages/checkouts/GoogleSignIn-iOS
    write-file /Users/fukushimatakumi/Library/Developer/Xcode/DerivedData/SugarBeat-hgoxfxbbugxkfsbmqcjlbmjeaqyg/Build/Intermediates.noindex/GoogleSignIn.build/Debug-iphonesimulator/GoogleSignInSwift.build/GoogleSignInSwift.DependencyMetadataFileList

WriteAuxiliaryFile /Users/fukushimatakumi/Library/Developer/Xcode/DerivedData/SugarBeat-hgoxfxbbugxkfsbmqcjlbmjeaqyg/Build/Intermediates.noindex/GoogleSignIn.build/Debug-iphonesimulator/GoogleSignInSwift.build/DerivedSources/resource_bundle_accessor.swift (in target 'GoogleSignInSwift' from project 'GoogleSignIn')
    cd /Users/fukushimatakumi/Library/Developer/Xcode/DerivedData/SugarBeat-hgoxfxbbugxkfsbmqcjlbmjeaqyg/SourcePackages/checkouts/GoogleSignIn-iOS
    write-file /Users/fukushimatakumi/Library/Developer/Xcode/DerivedData/SugarBeat-hgoxfxbbugxkfsbmqcjlbmjeaqyg/Build/Intermediates.noindex/GoogleSignIn.build/Debug-iphonesimulator/GoogleSignInSwift.build/DerivedSources/resource_bundle_accessor.swift

WriteAuxiliaryFile /Users/fukushimatakumi/Library/Developer/Xcode/DerivedData/SugarBeat-hgoxfxbbugxkfsbmqcjlbmjeaqyg/Build/Intermediates.noindex/GoogleSignIn.build/Debug-iphonesimulator/GoogleSignIn.build/Objects-normal/arm64/e6072d4f65d7061329687fe24e3d63a7-common-args.resp (in target 'GoogleSignIn' from project 'GoogleSignIn')
    cd /Users/fukushimatakumi/Library/Developer/Xcode/DerivedData/SugarBeat-hgoxfxbbugxkfsbmqcjlbmjeaqyg/SourcePackages/checkouts/GoogleSignIn-iOS
    write-file /Users/fukushimatakumi/Library/Developer/Xcode/DerivedData/SugarBeat-hgoxfxbbugxkfsbmqcjlbmjeaqyg/Build/Intermediates.noindex/GoogleSignIn.build/Debug-iphonesimulator/GoogleSignIn.build/Objects-normal/arm64/e6072d4f65d7061329687fe24e3d63a7-common-args.resp
-target arm64-apple-ios12.0-simulator -fobjc-arc -fmodules -gmodules '-fmodules-cache-path=/Users/fukushimatakumi/Library/Developer/Xcode/DerivedData/ModuleCache.noindex' '-fmodule-name=GoogleSignIn' -fpascal-strings -O0 -DSWIFT_PACKAGE '-DDEBUG=1' '-DGID_SDK_VERSION=9.1.0' '-DOBJC_OLD_DISPATCH_PROTOTYPES=1' -isysroot /Applications/Xcode.app/Contents/Developer/Platforms/iPhoneSimulator.platform/Developer/SDKs/iPhoneSimulator18.4.sdk -g '-fobjc-abi-version=2' -fobjc-legacy-dispatch -I/Users/fukushimatakumi/Library/Developer/Xcode/DerivedData/SugarBeat-hgoxfxbbugxkfsbmqcjlbmjeaqyg/SourcePackages/checkouts/AppAuth-iOS/Sources/AppAuth -I/Users/fukushimatakumi/Library/Developer/Xcode/DerivedData/SugarBeat-hgoxfxbbugxkfsbmqcjlbmjeaqyg/SourcePackages/checkouts/AppAuth-iOS/Sources/AppAuthCore -I/Users/fukushimatakumi/Library/Developer/Xcode/DerivedData/SugarBeat-hgoxfxbbugxkfsbmqcjlbmjeaqyg/SourcePackages/checkouts/promises/Sources/FBLPromises/include -I/Users/fukushimatakumi/Library/Developer/Xcode/DerivedData/SugarBeat-hgoxfxbbugxkfsbmqcjlbmjeaqyg/SourcePackages/checkouts/GoogleUtilities/GoogleUtilities/Logger/Public -I/Users/fukushimatakumi/Library/Developer/Xcode/DerivedData/SugarBeat-hgoxfxbbugxkfsbmqcjlbmjeaqyg/SourcePackages/checkouts/GoogleUtilities/GoogleUtilities/Environment/Public -I/Users/fukushimatakumi/Library/Developer/Xcode/DerivedData/SugarBeat-hgoxfxbbugxkfsbmqcjlbmjeaqyg/SourcePackages/checkouts/GoogleUtilities/third_party/IsAppEncrypted/Public -I/Users/fukushimatakumi/Library/Developer/Xcode/DerivedData/SugarBeat-hgoxfxbbugxkfsbmqcjlbmjeaqyg/SourcePackages/checkouts/GoogleUtilities/GoogleUtilities/UserDefaults/Public -I/Users/fukushimatakumi/Library/Developer/Xcode/DerivedData/SugarBeat-hgoxfxbbugxkfsbmqcjlbmjeaqyg/SourcePackages/checkouts/app-check/AppCheckCore/Sources/Public -I/Users/fukushimatakumi/Library/Developer/Xcode/DerivedData/SugarBeat-hgoxfxbbugxkfsbmqcjlbmjeaqyg/SourcePackages/checkouts/gtm-session-fetcher/Sources/Core/Public -I/Users/fukushimatakumi/Library/Developer/Xcode/DerivedData/SugarBeat-hgoxfxbbugxkfsbmqcjlbmjeaqyg/Build/Products/Debug-iphonesimulator/include -I/Users/fukushimatakumi/Library/Developer/Xcode/DerivedData/SugarBeat-hgoxfxbbugxkfsbmqcjlbmjeaqyg/SourcePackages/checkouts/GoogleSignIn-iOS/GoogleSignIn/Sources/Public -I/Users/fukushimatakumi/Library/Developer/Xcode/DerivedData/SugarBeat-hgoxfxbbugxkfsbmqcjlbmjeaqyg/SourcePackages/checkouts/GoogleSignIn-iOS -I/Users/fukushimatakumi/Library/Developer/Xcode/DerivedData/SugarBeat-hgoxfxbbugxkfsbmqcjlbmjeaqyg/Build/Intermediates.noindex/GoogleSignIn.build/Debug-iphonesimulator/GoogleSignIn.build/DerivedSources-normal/arm64 -I/Users/fukushimatakumi/Library/Developer/Xcode/DerivedData/SugarBeat-hgoxfxbbugxkfsbmqcjlbmjeaqyg/Build/Intermediates.noindex/GoogleSignIn.build/Debug-iphonesimulator/GoogleSignIn.build/DerivedSources/arm64 -I/Users/fukushimatakumi/Library/Developer/Xcode/DerivedData/SugarBeat-hgoxfxbbugxkfsbmqcjlbmjeaqyg/Build/Intermediates.noindex/GoogleSignIn.build/Debug-iphonesimulator/GoogleSignIn.build/DerivedSources -F/Users/fukushimatakumi/Library/Developer/Xcode/DerivedData/SugarBeat-hgoxfxbbugxkfsbmqcjlbmjeaqyg/Build/Products/Debug-iphonesimulator/PackageFrameworks -F/Users/fukushimatakumi/Library/Developer/Xcode/DerivedData/SugarBeat-hgoxfxbbugxkfsbmqcjlbmjeaqyg/Build/Products/Debug-iphonesimulator/PackageFrameworks -F/Users/fukushimatakumi/Library/Developer/Xcode/DerivedData/SugarBeat-hgoxfxbbugxkfsbmqcjlbmjeaqyg/Build/Products/Debug-iphonesimulator/PackageFrameworks -F/Users/fukushimatakumi/Library/Developer/Xcode/DerivedData/SugarBeat-hgoxfxbbugxkfsbmqcjlbmjeaqyg/Build/Products/Debug-iphonesimulator/PackageFrameworks -F/Users/fukushimatakumi/Library/Developer/Xcode/DerivedData/SugarBeat-hgoxfxbbugxkfsbmqcjlbmjeaqyg/Build/Products/Debug-iphonesimulator/PackageFrameworks -F/Users/fukushimatakumi/Library/Developer/Xcode/DerivedData/SugarBeat-hgoxfxbbugxkfsbmqcjlbmjeaqyg/Build/Products/Debug-iphonesimulator/PackageFrameworks -F/Users/fukushimatakumi/Library/Developer/Xcode/DerivedData/SugarBeat-hgoxfxbbugxkfsbmqcjlbmjeaqyg/Build/Products/Debug-iphonesimulator/PackageFrameworks -F/Users/fukushimatakumi/Library/Developer/Xcode/DerivedData/SugarBeat-hgoxfxbbugxkfsbmqcjlbmjeaqyg/Build/Products/Debug-iphonesimulator/PackageFrameworks -F/Users/fukushimatakumi/Library/Developer/Xcode/DerivedData/SugarBeat-hgoxfxbbugxkfsbmqcjlbmjeaqyg/Build/Products/Debug-iphonesimulator/PackageFrameworks -F/Users/fukushimatakumi/Library/Developer/Xcode/DerivedData/SugarBeat-hgoxfxbbugxkfsbmqcjlbmjeaqyg/Build/Products/Debug-iphonesimulator/PackageFrameworks -F/Users/fukushimatakumi/Library/Developer/Xcode/DerivedData/SugarBeat-hgoxfxbbugxkfsbmqcjlbmjeaqyg/Build/Products/Debug-iphonesimulator -iframework /Applications/Xcode.app/Contents/Developer/Platforms/iPhoneSimulator.platform/Developer/Library/Frameworks -iframework /Applications/Xcode.app/Contents/Developer/Platforms/iPhoneSimulator.platform/Developer/SDKs/iPhoneSimulator18.4.sdk/Developer/Library/Frameworks '-fmodule-map-file=/Users/fukushimatakumi/Library/Developer/Xcode/DerivedData/SugarBeat-hgoxfxbbugxkfsbmqcjlbmjeaqyg/Build/Intermediates.noindex/GeneratedModuleMaps-iphonesimulator/AppAuth.modulemap' '-fmodule-map-file=/Users/fukushimatakumi/Library/Developer/Xcode/DerivedData/SugarBeat-hgoxfxbbugxkfsbmqcjlbmjeaqyg/Build/Intermediates.noindex/GeneratedModuleMaps-iphonesimulator/AppAuthCore.modulemap' '-fmodule-map-file=/Users/fukushimatakumi/Library/Developer/Xcode/DerivedData/SugarBeat-hgoxfxbbugxkfsbmqcjlbmjeaqyg/Build/Intermediates.noindex/GeneratedModuleMaps-iphonesimulator/GoogleUtilities-Logger.modulemap' '-fmodule-map-file=/Users/fukushimatakumi/Library/Developer/Xcode/DerivedData/SugarBeat-hgoxfxbbugxkfsbmqcjlbmjeaqyg/Build/Intermediates.noindex/GeneratedModuleMaps-iphonesimulator/GoogleUtilities-Environment.modulemap' '-fmodule-map-file=/Users/fukushimatakumi/Library/Developer/Xcode/DerivedData/SugarBeat-hgoxfxbbugxkfsbmqcjlbmjeaqyg/Build/Intermediates.noindex/GeneratedModuleMaps-iphonesimulator/third-party-IsAppEncrypted.modulemap' '-fmodule-map-file=/Users/fukushimatakumi/Library/Developer/Xcode/DerivedData/SugarBeat-hgoxfxbbugxkfsbmqcjlbmjeaqyg/Build/Intermediates.noindex/GeneratedModuleMaps-iphonesimulator/GoogleUtilities-UserDefaults.modulemap' '-fmodule-map-file=/Users/fukushimatakumi/Library/Developer/Xcode/DerivedData/SugarBeat-hgoxfxbbugxkfsbmqcjlbmjeaqyg/Build/Intermediates.noindex/GeneratedModuleMaps-iphonesimulator/AppCheckCore.modulemap' '-fmodule-map-file=/Users/fukushimatakumi/Library/Developer/Xcode/DerivedData/SugarBeat-hgoxfxbbugxkfsbmqcjlbmjeaqyg/Build/Intermediates.noindex/GeneratedModuleMaps-iphonesimulator/GTMAppAuth.modulemap' '-fmodule-map-file=/Users/fukushimatakumi/Library/Developer/Xcode/DerivedData/SugarBeat-hgoxfxbbugxkfsbmqcjlbmjeaqyg/Build/Intermediates.noindex/GeneratedModuleMaps-iphonesimulator/GTMSessionFetcherCore.modulemap' -DXcode

WriteAuxiliaryFile /Users/fukushimatakumi/Library/Developer/Xcode/DerivedData/SugarBeat-hgoxfxbbugxkfsbmqcjlbmjeaqyg/Build/Intermediates.noindex/GoogleSignIn.build/Debug-iphonesimulator/GoogleSignIn.build/Objects-normal/arm64/GoogleSignIn.LinkFileList (in target 'GoogleSignIn' from project 'GoogleSignIn')
    cd /Users/fukushimatakumi/Library/Developer/Xcode/DerivedData/SugarBeat-hgoxfxbbugxkfsbmqcjlbmjeaqyg/SourcePackages/checkouts/GoogleSignIn-iOS
    write-file /Users/fukushimatakumi/Library/Developer/Xcode/DerivedData/SugarBeat-hgoxfxbbugxkfsbmqcjlbmjeaqyg/Build/Intermediates.noindex/GoogleSignIn.build/Debug-iphonesimulator/GoogleSignIn.build/Objects-normal/arm64/GoogleSignIn.LinkFileList

WriteAuxiliaryFile /Users/fukushimatakumi/Library/Developer/Xcode/DerivedData/SugarBeat-hgoxfxbbugxkfsbmqcjlbmjeaqyg/Build/Intermediates.noindex/GoogleSignIn.build/Debug-iphonesimulator/GoogleSignIn.build/GoogleSignIn.modulemap (in target 'GoogleSignIn' from project 'GoogleSignIn')
    cd /Users/fukushimatakumi/Library/Developer/Xcode/DerivedData/SugarBeat-hgoxfxbbugxkfsbmqcjlbmjeaqyg/SourcePackages/checkouts/GoogleSignIn-iOS
    write-file /Users/fukushimatakumi/Library/Developer/Xcode/DerivedData/SugarBeat-hgoxfxbbugxkfsbmqcjlbmjeaqyg/Build/Intermediates.noindex/GoogleSignIn.build/Debug-iphonesimulator/GoogleSignIn.build/GoogleSignIn.modulemap

WriteAuxiliaryFile /Users/fukushimatakumi/Library/Developer/Xcode/DerivedData/SugarBeat-hgoxfxbbugxkfsbmqcjlbmjeaqyg/Build/Intermediates.noindex/GoogleSignIn.build/Debug-iphonesimulator/GoogleSignIn.build/GoogleSignIn.DependencyStaticMetadataFileList (in target 'GoogleSignIn' from project 'GoogleSignIn')
    cd /Users/fukushimatakumi/Library/Developer/Xcode/DerivedData/SugarBeat-hgoxfxbbugxkfsbmqcjlbmjeaqyg/SourcePackages/checkouts/GoogleSignIn-iOS
    write-file /Users/fukushimatakumi/Library/Developer/Xcode/DerivedData/SugarBeat-hgoxfxbbugxkfsbmqcjlbmjeaqyg/Build/Intermediates.noindex/GoogleSignIn.build/Debug-iphonesimulator/GoogleSignIn.build/GoogleSignIn.DependencyStaticMetadataFileList

WriteAuxiliaryFile /Users/fukushimatakumi/Library/Developer/Xcode/DerivedData/SugarBeat-hgoxfxbbugxkfsbmqcjlbmjeaqyg/Build/Intermediates.noindex/GoogleSignIn.build/Debug-iphonesimulator/GoogleSignIn.build/GoogleSignIn.DependencyMetadataFileList (in target 'GoogleSignIn' from project 'GoogleSignIn')
    cd /Users/fukushimatakumi/Library/Developer/Xcode/DerivedData/SugarBeat-hgoxfxbbugxkfsbmqcjlbmjeaqyg/SourcePackages/checkouts/GoogleSignIn-iOS
    write-file /Users/fukushimatakumi/Library/Developer/Xcode/DerivedData/SugarBeat-hgoxfxbbugxkfsbmqcjlbmjeaqyg/Build/Intermediates.noindex/GoogleSignIn.build/Debug-iphonesimulator/GoogleSignIn.build/GoogleSignIn.DependencyMetadataFileList

WriteAuxiliaryFile /Users/fukushimatakumi/Library/Developer/Xcode/DerivedData/SugarBeat-hgoxfxbbugxkfsbmqcjlbmjeaqyg/Build/Intermediates.noindex/GoogleSignIn.build/Debug-iphonesimulator/GoogleSignIn.build/DerivedSources/resource_bundle_accessor.m (in target 'GoogleSignIn' from project 'GoogleSignIn')
    cd /Users/fukushimatakumi/Library/Developer/Xcode/DerivedData/SugarBeat-hgoxfxbbugxkfsbmqcjlbmjeaqyg/SourcePackages/checkouts/GoogleSignIn-iOS
    write-file /Users/fukushimatakumi/Library/Developer/Xcode/DerivedData/SugarBeat-hgoxfxbbugxkfsbmqcjlbmjeaqyg/Build/Intermediates.noindex/GoogleSignIn.build/Debug-iphonesimulator/GoogleSignIn.build/DerivedSources/resource_bundle_accessor.m

WriteAuxiliaryFile /Users/fukushimatakumi/Library/Developer/Xcode/DerivedData/SugarBeat-hgoxfxbbugxkfsbmqcjlbmjeaqyg/Build/Intermediates.noindex/GoogleSignIn.build/Debug-iphonesimulator/GoogleSignIn.build/DerivedSources/resource_bundle_accessor.h (in target 'GoogleSignIn' from project 'GoogleSignIn')
    cd /Users/fukushimatakumi/Library/Developer/Xcode/DerivedData/SugarBeat-hgoxfxbbugxkfsbmqcjlbmjeaqyg/SourcePackages/checkouts/GoogleSignIn-iOS
    write-file /Users/fukushimatakumi/Library/Developer/Xcode/DerivedData/SugarBeat-hgoxfxbbugxkfsbmqcjlbmjeaqyg/Build/Intermediates.noindex/GoogleSignIn.build/Debug-iphonesimulator/GoogleSignIn.build/DerivedSources/resource_bundle_accessor.h

Copy /Users/fukushimatakumi/Library/Developer/Xcode/DerivedData/SugarBeat-hgoxfxbbugxkfsbmqcjlbmjeaqyg/Build/Intermediates.noindex/GeneratedModuleMaps-iphonesimulator/third-party-IsAppEncrypted.modulemap /Users/fukushimatakumi/Library/Developer/Xcode/DerivedData/SugarBeat-hgoxfxbbugxkfsbmqcjlbmjeaqyg/Build/Intermediates.noindex/GoogleUtilities.build/Debug-iphonesimulator/third-party-IsAppEncrypted.build/third-party-IsAppEncrypted.modulemap (in target 'third-party-IsAppEncrypted' from project 'GoogleUtilities')
    cd /Users/fukushimatakumi/Library/Developer/Xcode/DerivedData/SugarBeat-hgoxfxbbugxkfsbmqcjlbmjeaqyg/SourcePackages/checkouts/GoogleUtilities
    builtin-copy -exclude .DS_Store -exclude CVS -exclude .svn -exclude .git -exclude .hg -resolve-src-symlinks /Users/fukushimatakumi/Library/Developer/Xcode/DerivedData/SugarBeat-hgoxfxbbugxkfsbmqcjlbmjeaqyg/Build/Intermediates.noindex/GoogleUtilities.build/Debug-iphonesimulator/third-party-IsAppEncrypted.build/third-party-IsAppEncrypted.modulemap /Users/fukushimatakumi/Library/Developer/Xcode/DerivedData/SugarBeat-hgoxfxbbugxkfsbmqcjlbmjeaqyg/Build/Intermediates.noindex/GeneratedModuleMaps-iphonesimulator

Copy /Users/fukushimatakumi/Library/Developer/Xcode/DerivedData/SugarBeat-hgoxfxbbugxkfsbmqcjlbmjeaqyg/Build/Intermediates.noindex/GeneratedModuleMaps-iphonesimulator/nanopb.modulemap /Users/fukushimatakumi/Library/Developer/Xcode/DerivedData/SugarBeat-hgoxfxbbugxkfsbmqcjlbmjeaqyg/Build/Intermediates.noindex/nanopb.build/Debug-iphonesimulator/nanopb.build/nanopb.modulemap (in target 'nanopb' from project 'nanopb')
    cd /Users/fukushimatakumi/Library/Developer/Xcode/DerivedData/SugarBeat-hgoxfxbbugxkfsbmqcjlbmjeaqyg/SourcePackages/checkouts/nanopb
    builtin-copy -exclude .DS_Store -exclude CVS -exclude .svn -exclude .git -exclude .hg -resolve-src-symlinks /Users/fukushimatakumi/Library/Developer/Xcode/DerivedData/SugarBeat-hgoxfxbbugxkfsbmqcjlbmjeaqyg/Build/Intermediates.noindex/nanopb.build/Debug-iphonesimulator/nanopb.build/nanopb.modulemap /Users/fukushimatakumi/Library/Developer/Xcode/DerivedData/SugarBeat-hgoxfxbbugxkfsbmqcjlbmjeaqyg/Build/Intermediates.noindex/GeneratedModuleMaps-iphonesimulator

Copy /Users/fukushimatakumi/Library/Developer/Xcode/DerivedData/SugarBeat-hgoxfxbbugxkfsbmqcjlbmjeaqyg/Build/Intermediates.noindex/GeneratedModuleMaps-iphonesimulator/leveldb.modulemap /Users/fukushimatakumi/Library/Developer/Xcode/DerivedData/SugarBeat-hgoxfxbbugxkfsbmqcjlbmjeaqyg/Build/Intermediates.noindex/leveldb.build/Debug-iphonesimulator/leveldb.build/leveldb.modulemap (in target 'leveldb' from project 'leveldb')
    cd /Users/fukushimatakumi/Library/Developer/Xcode/DerivedData/SugarBeat-hgoxfxbbugxkfsbmqcjlbmjeaqyg/SourcePackages/checkouts/leveldb
    builtin-copy -exclude .DS_Store -exclude CVS -exclude .svn -exclude .git -exclude .hg -resolve-src-symlinks /Users/fukushimatakumi/Library/Developer/Xcode/DerivedData/SugarBeat-hgoxfxbbugxkfsbmqcjlbmjeaqyg/Build/Intermediates.noindex/leveldb.build/Debug-iphonesimulator/leveldb.build/leveldb.modulemap /Users/fukushimatakumi/Library/Developer/Xcode/DerivedData/SugarBeat-hgoxfxbbugxkfsbmqcjlbmjeaqyg/Build/Intermediates.noindex/GeneratedModuleMaps-iphonesimulator

WriteAuxiliaryFile /Users/fukushimatakumi/Library/Developer/Xcode/DerivedData/SugarBeat-hgoxfxbbugxkfsbmqcjlbmjeaqyg/Build/Intermediates.noindex/GTMSessionFetcher.build/Debug-iphonesimulator/GTMSessionFetcher_GTMSessionFetcherCore.build/empty-GTMSessionFetcher_GTMSessionFetcherCore.plist (in target 'GTMSessionFetcher_GTMSessionFetcherCore' from project 'GTMSessionFetcher')
    cd /Users/fukushimatakumi/Library/Developer/Xcode/DerivedData/SugarBeat-hgoxfxbbugxkfsbmqcjlbmjeaqyg/SourcePackages/checkouts/gtm-session-fetcher
    write-file /Users/fukushimatakumi/Library/Developer/Xcode/DerivedData/SugarBeat-hgoxfxbbugxkfsbmqcjlbmjeaqyg/Build/Intermediates.noindex/GTMSessionFetcher.build/Debug-iphonesimulator/GTMSessionFetcher_GTMSessionFetcherCore.build/empty-GTMSessionFetcher_GTMSessionFetcherCore.plist

WriteAuxiliaryFile /Users/fukushimatakumi/Library/Developer/Xcode/DerivedData/SugarBeat-hgoxfxbbugxkfsbmqcjlbmjeaqyg/Build/Intermediates.noindex/GTMSessionFetcher.build/Debug-iphonesimulator/GTMSessionFetcher_GTMSessionFetcherCore.build/GTMSessionFetcher_GTMSessionFetcherCore.DependencyStaticMetadataFileList (in target 'GTMSessionFetcher_GTMSessionFetcherCore' from project 'GTMSessionFetcher')
    cd /Users/fukushimatakumi/Library/Developer/Xcode/DerivedData/SugarBeat-hgoxfxbbugxkfsbmqcjlbmjeaqyg/SourcePackages/checkouts/gtm-session-fetcher
    write-file /Users/fukushimatakumi/Library/Developer/Xcode/DerivedData/SugarBeat-hgoxfxbbugxkfsbmqcjlbmjeaqyg/Build/Intermediates.noindex/GTMSessionFetcher.build/Debug-iphonesimulator/GTMSessionFetcher_GTMSessionFetcherCore.build/GTMSessionFetcher_GTMSessionFetcherCore.DependencyStaticMetadataFileList

WriteAuxiliaryFile /Users/fukushimatakumi/Library/Developer/Xcode/DerivedData/SugarBeat-hgoxfxbbugxkfsbmqcjlbmjeaqyg/Build/Intermediates.noindex/GTMSessionFetcher.build/Debug-iphonesimulator/GTMSessionFetcher_GTMSessionFetcherCore.build/GTMSessionFetcher_GTMSessionFetcherCore.DependencyMetadataFileList (in target 'GTMSessionFetcher_GTMSessionFetcherCore' from project 'GTMSessionFetcher')
    cd /Users/fukushimatakumi/Library/Developer/Xcode/DerivedData/SugarBeat-hgoxfxbbugxkfsbmqcjlbmjeaqyg/SourcePackages/checkouts/gtm-session-fetcher
    write-file /Users/fukushimatakumi/Library/Developer/Xcode/DerivedData/SugarBeat-hgoxfxbbugxkfsbmqcjlbmjeaqyg/Build/Intermediates.noindex/GTMSessionFetcher.build/Debug-iphonesimulator/GTMSessionFetcher_GTMSessionFetcherCore.build/GTMSessionFetcher_GTMSessionFetcherCore.DependencyMetadataFileList

WriteAuxiliaryFile /Users/fukushimatakumi/Library/Developer/Xcode/DerivedData/SugarBeat-hgoxfxbbugxkfsbmqcjlbmjeaqyg/Build/Intermediates.noindex/GTMSessionFetcher.build/Debug-iphonesimulator/GTMSessionFetcherCore.build/Objects-normal/arm64/e6072d4f65d7061329687fe24e3d63a7-common-args.resp (in target 'GTMSessionFetcherCore' from project 'GTMSessionFetcher')
    cd /Users/fukushimatakumi/Library/Developer/Xcode/DerivedData/SugarBeat-hgoxfxbbugxkfsbmqcjlbmjeaqyg/SourcePackages/checkouts/gtm-session-fetcher
    write-file /Users/fukushimatakumi/Library/Developer/Xcode/DerivedData/SugarBeat-hgoxfxbbugxkfsbmqcjlbmjeaqyg/Build/Intermediates.noindex/GTMSessionFetcher.build/Debug-iphonesimulator/GTMSessionFetcherCore.build/Objects-normal/arm64/e6072d4f65d7061329687fe24e3d63a7-common-args.resp
-target arm64-apple-ios12.0-simulator -fobjc-arc -fmodules -gmodules '-fmodules-cache-path=/Users/fukushimatakumi/Library/Developer/Xcode/DerivedData/ModuleCache.noindex' '-fmodule-name=GTMSessionFetcherCore' -fpascal-strings -O0 -DSWIFT_PACKAGE '-DDEBUG=1' '-DOBJC_OLD_DISPATCH_PROTOTYPES=1' -isysroot /Applications/Xcode.app/Contents/Developer/Platforms/iPhoneSimulator.platform/Developer/SDKs/iPhoneSimulator18.4.sdk -g '-fobjc-abi-version=2' -fobjc-legacy-dispatch -I/Users/fukushimatakumi/Library/Developer/Xcode/DerivedData/SugarBeat-hgoxfxbbugxkfsbmqcjlbmjeaqyg/Build/Products/Debug-iphonesimulator/include -I/Users/fukushimatakumi/Library/Developer/Xcode/DerivedData/SugarBeat-hgoxfxbbugxkfsbmqcjlbmjeaqyg/SourcePackages/checkouts/gtm-session-fetcher/Sources/Core/Public -I/Users/fukushimatakumi/Library/Developer/Xcode/DerivedData/SugarBeat-hgoxfxbbugxkfsbmqcjlbmjeaqyg/Build/Intermediates.noindex/GTMSessionFetcher.build/Debug-iphonesimulator/GTMSessionFetcherCore.build/DerivedSources-normal/arm64 -I/Users/fukushimatakumi/Library/Developer/Xcode/DerivedData/SugarBeat-hgoxfxbbugxkfsbmqcjlbmjeaqyg/Build/Intermediates.noindex/GTMSessionFetcher.build/Debug-iphonesimulator/GTMSessionFetcherCore.build/DerivedSources/arm64 -I/Users/fukushimatakumi/Library/Developer/Xcode/DerivedData/SugarBeat-hgoxfxbbugxkfsbmqcjlbmjeaqyg/Build/Intermediates.noindex/GTMSessionFetcher.build/Debug-iphonesimulator/GTMSessionFetcherCore.build/DerivedSources -F/Users/fukushimatakumi/Library/Developer/Xcode/DerivedData/SugarBeat-hgoxfxbbugxkfsbmqcjlbmjeaqyg/Build/Products/Debug-iphonesimulator -iframework /Applications/Xcode.app/Contents/Developer/Platforms/iPhoneSimulator.platform/Developer/Library/Frameworks -iframework /Applications/Xcode.app/Contents/Developer/Platforms/iPhoneSimulator.platform/Developer/SDKs/iPhoneSimulator18.4.sdk/Developer/Library/Frameworks -DXcode

WriteAuxiliaryFile /Users/fukushimatakumi/Library/Developer/Xcode/DerivedData/SugarBeat-hgoxfxbbugxkfsbmqcjlbmjeaqyg/Build/Intermediates.noindex/GTMSessionFetcher.build/Debug-iphonesimulator/GTMSessionFetcherCore.build/Objects-normal/arm64/GTMSessionFetcherCore.LinkFileList (in target 'GTMSessionFetcherCore' from project 'GTMSessionFetcher')
    cd /Users/fukushimatakumi/Library/Developer/Xcode/DerivedData/SugarBeat-hgoxfxbbugxkfsbmqcjlbmjeaqyg/SourcePackages/checkouts/gtm-session-fetcher
    write-file /Users/fukushimatakumi/Library/Developer/Xcode/DerivedData/SugarBeat-hgoxfxbbugxkfsbmqcjlbmjeaqyg/Build/Intermediates.noindex/GTMSessionFetcher.build/Debug-iphonesimulator/GTMSessionFetcherCore.build/Objects-normal/arm64/GTMSessionFetcherCore.LinkFileList

WriteAuxiliaryFile /Users/fukushimatakumi/Library/Developer/Xcode/DerivedData/SugarBeat-hgoxfxbbugxkfsbmqcjlbmjeaqyg/Build/Intermediates.noindex/GTMSessionFetcher.build/Debug-iphonesimulator/GTMSessionFetcherCore.build/GTMSessionFetcherCore.modulemap (in target 'GTMSessionFetcherCore' from project 'GTMSessionFetcher')
    cd /Users/fukushimatakumi/Library/Developer/Xcode/DerivedData/SugarBeat-hgoxfxbbugxkfsbmqcjlbmjeaqyg/SourcePackages/checkouts/gtm-session-fetcher
    write-file /Users/fukushimatakumi/Library/Developer/Xcode/DerivedData/SugarBeat-hgoxfxbbugxkfsbmqcjlbmjeaqyg/Build/Intermediates.noindex/GTMSessionFetcher.build/Debug-iphonesimulator/GTMSessionFetcherCore.build/GTMSessionFetcherCore.modulemap

WriteAuxiliaryFile /Users/fukushimatakumi/Library/Developer/Xcode/DerivedData/SugarBeat-hgoxfxbbugxkfsbmqcjlbmjeaqyg/Build/Intermediates.noindex/GTMSessionFetcher.build/Debug-iphonesimulator/GTMSessionFetcherCore.build/GTMSessionFetcherCore.DependencyStaticMetadataFileList (in target 'GTMSessionFetcherCore' from project 'GTMSessionFetcher')
    cd /Users/fukushimatakumi/Library/Developer/Xcode/DerivedData/SugarBeat-hgoxfxbbugxkfsbmqcjlbmjeaqyg/SourcePackages/checkouts/gtm-session-fetcher
    write-file /Users/fukushimatakumi/Library/Developer/Xcode/DerivedData/SugarBeat-hgoxfxbbugxkfsbmqcjlbmjeaqyg/Build/Intermediates.noindex/GTMSessionFetcher.build/Debug-iphonesimulator/GTMSessionFetcherCore.build/GTMSessionFetcherCore.DependencyStaticMetadataFileList

WriteAuxiliaryFile /Users/fukushimatakumi/Library/Developer/Xcode/DerivedData/SugarBeat-hgoxfxbbugxkfsbmqcjlbmjeaqyg/Build/Intermediates.noindex/GTMSessionFetcher.build/Debug-iphonesimulator/GTMSessionFetcherCore.build/GTMSessionFetcherCore.DependencyMetadataFileList (in target 'GTMSessionFetcherCore' from project 'GTMSessionFetcher')
    cd /Users/fukushimatakumi/Library/Developer/Xcode/DerivedData/SugarBeat-hgoxfxbbugxkfsbmqcjlbmjeaqyg/SourcePackages/checkouts/gtm-session-fetcher
    write-file /Users/fukushimatakumi/Library/Developer/Xcode/DerivedData/SugarBeat-hgoxfxbbugxkfsbmqcjlbmjeaqyg/Build/Intermediates.noindex/GTMSessionFetcher.build/Debug-iphonesimulator/GTMSessionFetcherCore.build/GTMSessionFetcherCore.DependencyMetadataFileList

WriteAuxiliaryFile /Users/fukushimatakumi/Library/Developer/Xcode/DerivedData/SugarBeat-hgoxfxbbugxkfsbmqcjlbmjeaqyg/Build/Intermediates.noindex/GTMSessionFetcher.build/Debug-iphonesimulator/GTMSessionFetcherCore.build/DerivedSources/resource_bundle_accessor.m (in target 'GTMSessionFetcherCore' from project 'GTMSessionFetcher')
    cd /Users/fukushimatakumi/Library/Developer/Xcode/DerivedData/SugarBeat-hgoxfxbbugxkfsbmqcjlbmjeaqyg/SourcePackages/checkouts/gtm-session-fetcher
    write-file /Users/fukushimatakumi/Library/Developer/Xcode/DerivedData/SugarBeat-hgoxfxbbugxkfsbmqcjlbmjeaqyg/Build/Intermediates.noindex/GTMSessionFetcher.build/Debug-iphonesimulator/GTMSessionFetcherCore.build/DerivedSources/resource_bundle_accessor.m

WriteAuxiliaryFile /Users/fukushimatakumi/Library/Developer/Xcode/DerivedData/SugarBeat-hgoxfxbbugxkfsbmqcjlbmjeaqyg/Build/Intermediates.noindex/GTMSessionFetcher.build/Debug-iphonesimulator/GTMSessionFetcherCore.build/DerivedSources/resource_bundle_accessor.h (in target 'GTMSessionFetcherCore' from project 'GTMSessionFetcher')
    cd /Users/fukushimatakumi/Library/Developer/Xcode/DerivedData/SugarBeat-hgoxfxbbugxkfsbmqcjlbmjeaqyg/SourcePackages/checkouts/gtm-session-fetcher
    write-file /Users/fukushimatakumi/Library/Developer/Xcode/DerivedData/SugarBeat-hgoxfxbbugxkfsbmqcjlbmjeaqyg/Build/Intermediates.noindex/GTMSessionFetcher.build/Debug-iphonesimulator/GTMSessionFetcherCore.build/DerivedSources/resource_bundle_accessor.h

WriteAuxiliaryFile /Users/fukushimatakumi/Library/Developer/Xcode/DerivedData/SugarBeat-hgoxfxbbugxkfsbmqcjlbmjeaqyg/Build/Intermediates.noindex/GTMAppAuth.build/Debug-iphonesimulator/GTMAppAuth_GTMAppAuth.build/empty-GTMAppAuth_GTMAppAuth.plist (in target 'GTMAppAuth_GTMAppAuth' from project 'GTMAppAuth')
    cd /Users/fukushimatakumi/Library/Developer/Xcode/DerivedData/SugarBeat-hgoxfxbbugxkfsbmqcjlbmjeaqyg/SourcePackages/checkouts/GTMAppAuth
    write-file /Users/fukushimatakumi/Library/Developer/Xcode/DerivedData/SugarBeat-hgoxfxbbugxkfsbmqcjlbmjeaqyg/Build/Intermediates.noindex/GTMAppAuth.build/Debug-iphonesimulator/GTMAppAuth_GTMAppAuth.build/empty-GTMAppAuth_GTMAppAuth.plist

WriteAuxiliaryFile /Users/fukushimatakumi/Library/Developer/Xcode/DerivedData/SugarBeat-hgoxfxbbugxkfsbmqcjlbmjeaqyg/Build/Intermediates.noindex/GTMAppAuth.build/Debug-iphonesimulator/GTMAppAuth_GTMAppAuth.build/GTMAppAuth_GTMAppAuth.DependencyStaticMetadataFileList (in target 'GTMAppAuth_GTMAppAuth' from project 'GTMAppAuth')
    cd /Users/fukushimatakumi/Library/Developer/Xcode/DerivedData/SugarBeat-hgoxfxbbugxkfsbmqcjlbmjeaqyg/SourcePackages/checkouts/GTMAppAuth
    write-file /Users/fukushimatakumi/Library/Developer/Xcode/DerivedData/SugarBeat-hgoxfxbbugxkfsbmqcjlbmjeaqyg/Build/Intermediates.noindex/GTMAppAuth.build/Debug-iphonesimulator/GTMAppAuth_GTMAppAuth.build/GTMAppAuth_GTMAppAuth.DependencyStaticMetadataFileList

WriteAuxiliaryFile /Users/fukushimatakumi/Library/Developer/Xcode/DerivedData/SugarBeat-hgoxfxbbugxkfsbmqcjlbmjeaqyg/Build/Intermediates.noindex/GTMAppAuth.build/Debug-iphonesimulator/GTMAppAuth_GTMAppAuth.build/GTMAppAuth_GTMAppAuth.DependencyMetadataFileList (in target 'GTMAppAuth_GTMAppAuth' from project 'GTMAppAuth')
    cd /Users/fukushimatakumi/Library/Developer/Xcode/DerivedData/SugarBeat-hgoxfxbbugxkfsbmqcjlbmjeaqyg/SourcePackages/checkouts/GTMAppAuth
    write-file /Users/fukushimatakumi/Library/Developer/Xcode/DerivedData/SugarBeat-hgoxfxbbugxkfsbmqcjlbmjeaqyg/Build/Intermediates.noindex/GTMAppAuth.build/Debug-iphonesimulator/GTMAppAuth_GTMAppAuth.build/GTMAppAuth_GTMAppAuth.DependencyMetadataFileList

WriteAuxiliaryFile /Users/fukushimatakumi/Library/Developer/Xcode/DerivedData/SugarBeat-hgoxfxbbugxkfsbmqcjlbmjeaqyg/Build/Intermediates.noindex/GTMAppAuth.build/Debug-iphonesimulator/GTMAppAuth.build/Objects-normal/arm64/GTMAppAuth_const_extract_protocols.json (in target 'GTMAppAuth' from project 'GTMAppAuth')
    cd /Users/fukushimatakumi/Library/Developer/Xcode/DerivedData/SugarBeat-hgoxfxbbugxkfsbmqcjlbmjeaqyg/SourcePackages/checkouts/GTMAppAuth
    write-file /Users/fukushimatakumi/Library/Developer/Xcode/DerivedData/SugarBeat-hgoxfxbbugxkfsbmqcjlbmjeaqyg/Build/Intermediates.noindex/GTMAppAuth.build/Debug-iphonesimulator/GTMAppAuth.build/Objects-normal/arm64/GTMAppAuth_const_extract_protocols.json

WriteAuxiliaryFile /Users/fukushimatakumi/Library/Developer/Xcode/DerivedData/SugarBeat-hgoxfxbbugxkfsbmqcjlbmjeaqyg/Build/Intermediates.noindex/GTMAppAuth.build/Debug-iphonesimulator/GTMAppAuth.build/Objects-normal/arm64/GTMAppAuth.SwiftFileList (in target 'GTMAppAuth' from project 'GTMAppAuth')
    cd /Users/fukushimatakumi/Library/Developer/Xcode/DerivedData/SugarBeat-hgoxfxbbugxkfsbmqcjlbmjeaqyg/SourcePackages/checkouts/GTMAppAuth
    write-file /Users/fukushimatakumi/Library/Developer/Xcode/DerivedData/SugarBeat-hgoxfxbbugxkfsbmqcjlbmjeaqyg/Build/Intermediates.noindex/GTMAppAuth.build/Debug-iphonesimulator/GTMAppAuth.build/Objects-normal/arm64/GTMAppAuth.SwiftFileList

WriteAuxiliaryFile /Users/fukushimatakumi/Library/Developer/Xcode/DerivedData/SugarBeat-hgoxfxbbugxkfsbmqcjlbmjeaqyg/Build/Intermediates.noindex/GTMAppAuth.build/Debug-iphonesimulator/GTMAppAuth.build/Objects-normal/arm64/GTMAppAuth.SwiftConstValuesFileList (in target 'GTMAppAuth' from project 'GTMAppAuth')
    cd /Users/fukushimatakumi/Library/Developer/Xcode/DerivedData/SugarBeat-hgoxfxbbugxkfsbmqcjlbmjeaqyg/SourcePackages/checkouts/GTMAppAuth
    write-file /Users/fukushimatakumi/Library/Developer/Xcode/DerivedData/SugarBeat-hgoxfxbbugxkfsbmqcjlbmjeaqyg/Build/Intermediates.noindex/GTMAppAuth.build/Debug-iphonesimulator/GTMAppAuth.build/Objects-normal/arm64/GTMAppAuth.SwiftConstValuesFileList

WriteAuxiliaryFile /Users/fukushimatakumi/Library/Developer/Xcode/DerivedData/SugarBeat-hgoxfxbbugxkfsbmqcjlbmjeaqyg/Build/Intermediates.noindex/GTMAppAuth.build/Debug-iphonesimulator/GTMAppAuth.build/Objects-normal/arm64/GTMAppAuth.LinkFileList (in target 'GTMAppAuth' from project 'GTMAppAuth')
    cd /Users/fukushimatakumi/Library/Developer/Xcode/DerivedData/SugarBeat-hgoxfxbbugxkfsbmqcjlbmjeaqyg/SourcePackages/checkouts/GTMAppAuth
    write-file /Users/fukushimatakumi/Library/Developer/Xcode/DerivedData/SugarBeat-hgoxfxbbugxkfsbmqcjlbmjeaqyg/Build/Intermediates.noindex/GTMAppAuth.build/Debug-iphonesimulator/GTMAppAuth.build/Objects-normal/arm64/GTMAppAuth.LinkFileList

WriteAuxiliaryFile /Users/fukushimatakumi/Library/Developer/Xcode/DerivedData/SugarBeat-hgoxfxbbugxkfsbmqcjlbmjeaqyg/Build/Intermediates.noindex/GTMAppAuth.build/Debug-iphonesimulator/GTMAppAuth.build/Objects-normal/arm64/GTMAppAuth-OutputFileMap.json (in target 'GTMAppAuth' from project 'GTMAppAuth')
    cd /Users/fukushimatakumi/Library/Developer/Xcode/DerivedData/SugarBeat-hgoxfxbbugxkfsbmqcjlbmjeaqyg/SourcePackages/checkouts/GTMAppAuth
    write-file /Users/fukushimatakumi/Library/Developer/Xcode/DerivedData/SugarBeat-hgoxfxbbugxkfsbmqcjlbmjeaqyg/Build/Intermediates.noindex/GTMAppAuth.build/Debug-iphonesimulator/GTMAppAuth.build/Objects-normal/arm64/GTMAppAuth-OutputFileMap.json

WriteAuxiliaryFile /Users/fukushimatakumi/Library/Developer/Xcode/DerivedData/SugarBeat-hgoxfxbbugxkfsbmqcjlbmjeaqyg/Build/Intermediates.noindex/GTMAppAuth.build/Debug-iphonesimulator/GTMAppAuth.build/GTMAppAuth.modulemap (in target 'GTMAppAuth' from project 'GTMAppAuth')
    cd /Users/fukushimatakumi/Library/Developer/Xcode/DerivedData/SugarBeat-hgoxfxbbugxkfsbmqcjlbmjeaqyg/SourcePackages/checkouts/GTMAppAuth
    write-file /Users/fukushimatakumi/Library/Developer/Xcode/DerivedData/SugarBeat-hgoxfxbbugxkfsbmqcjlbmjeaqyg/Build/Intermediates.noindex/GTMAppAuth.build/Debug-iphonesimulator/GTMAppAuth.build/GTMAppAuth.modulemap

WriteAuxiliaryFile /Users/fukushimatakumi/Library/Developer/Xcode/DerivedData/SugarBeat-hgoxfxbbugxkfsbmqcjlbmjeaqyg/Build/Intermediates.noindex/GTMAppAuth.build/Debug-iphonesimulator/GTMAppAuth.build/GTMAppAuth.DependencyStaticMetadataFileList (in target 'GTMAppAuth' from project 'GTMAppAuth')
    cd /Users/fukushimatakumi/Library/Developer/Xcode/DerivedData/SugarBeat-hgoxfxbbugxkfsbmqcjlbmjeaqyg/SourcePackages/checkouts/GTMAppAuth
    write-file /Users/fukushimatakumi/Library/Developer/Xcode/DerivedData/SugarBeat-hgoxfxbbugxkfsbmqcjlbmjeaqyg/Build/Intermediates.noindex/GTMAppAuth.build/Debug-iphonesimulator/GTMAppAuth.build/GTMAppAuth.DependencyStaticMetadataFileList

WriteAuxiliaryFile /Users/fukushimatakumi/Library/Developer/Xcode/DerivedData/SugarBeat-hgoxfxbbugxkfsbmqcjlbmjeaqyg/Build/Intermediates.noindex/GTMAppAuth.build/Debug-iphonesimulator/GTMAppAuth.build/GTMAppAuth.DependencyMetadataFileList (in target 'GTMAppAuth' from project 'GTMAppAuth')
    cd /Users/fukushimatakumi/Library/Developer/Xcode/DerivedData/SugarBeat-hgoxfxbbugxkfsbmqcjlbmjeaqyg/SourcePackages/checkouts/GTMAppAuth
    write-file /Users/fukushimatakumi/Library/Developer/Xcode/DerivedData/SugarBeat-hgoxfxbbugxkfsbmqcjlbmjeaqyg/Build/Intermediates.noindex/GTMAppAuth.build/Debug-iphonesimulator/GTMAppAuth.build/GTMAppAuth.DependencyMetadataFileList

WriteAuxiliaryFile /Users/fukushimatakumi/Library/Developer/Xcode/DerivedData/SugarBeat-hgoxfxbbugxkfsbmqcjlbmjeaqyg/Build/Intermediates.noindex/GTMAppAuth.build/Debug-iphonesimulator/GTMAppAuth.build/DerivedSources/resource_bundle_accessor.swift (in target 'GTMAppAuth' from project 'GTMAppAuth')
    cd /Users/fukushimatakumi/Library/Developer/Xcode/DerivedData/SugarBeat-hgoxfxbbugxkfsbmqcjlbmjeaqyg/SourcePackages/checkouts/GTMAppAuth
    write-file /Users/fukushimatakumi/Library/Developer/Xcode/DerivedData/SugarBeat-hgoxfxbbugxkfsbmqcjlbmjeaqyg/Build/Intermediates.noindex/GTMAppAuth.build/Debug-iphonesimulator/GTMAppAuth.build/DerivedSources/resource_bundle_accessor.swift

WriteAuxiliaryFile /Users/fukushimatakumi/Library/Developer/Xcode/DerivedData/SugarBeat-hgoxfxbbugxkfsbmqcjlbmjeaqyg/Build/Intermediates.noindex/Firebase.build/Debug-iphonesimulator/Firebase_FirebaseFirestore.build/Firebase_FirebaseFirestore.DependencyStaticMetadataFileList (in target 'Firebase_FirebaseFirestore' from project 'Firebase')
    cd /Users/fukushimatakumi/Library/Developer/Xcode/DerivedData/SugarBeat-hgoxfxbbugxkfsbmqcjlbmjeaqyg/SourcePackages/checkouts/firebase-ios-sdk
    write-file /Users/fukushimatakumi/Library/Developer/Xcode/DerivedData/SugarBeat-hgoxfxbbugxkfsbmqcjlbmjeaqyg/Build/Intermediates.noindex/Firebase.build/Debug-iphonesimulator/Firebase_FirebaseFirestore.build/Firebase_FirebaseFirestore.DependencyStaticMetadataFileList

WriteAuxiliaryFile /Users/fukushimatakumi/Library/Developer/Xcode/DerivedData/SugarBeat-hgoxfxbbugxkfsbmqcjlbmjeaqyg/Build/Intermediates.noindex/Firebase.build/Debug-iphonesimulator/Firebase_FirebaseFirestore.build/empty-Firebase_FirebaseFirestore.plist (in target 'Firebase_FirebaseFirestore' from project 'Firebase')
    cd /Users/fukushimatakumi/Library/Developer/Xcode/DerivedData/SugarBeat-hgoxfxbbugxkfsbmqcjlbmjeaqyg/SourcePackages/checkouts/firebase-ios-sdk
    write-file /Users/fukushimatakumi/Library/Developer/Xcode/DerivedData/SugarBeat-hgoxfxbbugxkfsbmqcjlbmjeaqyg/Build/Intermediates.noindex/Firebase.build/Debug-iphonesimulator/Firebase_FirebaseFirestore.build/empty-Firebase_FirebaseFirestore.plist

WriteAuxiliaryFile /Users/fukushimatakumi/Library/Developer/Xcode/DerivedData/SugarBeat-hgoxfxbbugxkfsbmqcjlbmjeaqyg/Build/Intermediates.noindex/Firebase.build/Debug-iphonesimulator/Firebase_FirebaseFirestore.build/Firebase_FirebaseFirestore.DependencyMetadataFileList (in target 'Firebase_FirebaseFirestore' from project 'Firebase')
    cd /Users/fukushimatakumi/Library/Developer/Xcode/DerivedData/SugarBeat-hgoxfxbbugxkfsbmqcjlbmjeaqyg/SourcePackages/checkouts/firebase-ios-sdk
    write-file /Users/fukushimatakumi/Library/Developer/Xcode/DerivedData/SugarBeat-hgoxfxbbugxkfsbmqcjlbmjeaqyg/Build/Intermediates.noindex/Firebase.build/Debug-iphonesimulator/Firebase_FirebaseFirestore.build/Firebase_FirebaseFirestore.DependencyMetadataFileList

WriteAuxiliaryFile /Users/fukushimatakumi/Library/Developer/Xcode/DerivedData/SugarBeat-hgoxfxbbugxkfsbmqcjlbmjeaqyg/Build/Intermediates.noindex/Firebase.build/Debug-iphonesimulator/Firebase_FirebaseCoreInternal.build/empty-Firebase_FirebaseCoreInternal.plist (in target 'Firebase_FirebaseCoreInternal' from project 'Firebase')
    cd /Users/fukushimatakumi/Library/Developer/Xcode/DerivedData/SugarBeat-hgoxfxbbugxkfsbmqcjlbmjeaqyg/SourcePackages/checkouts/firebase-ios-sdk
    write-file /Users/fukushimatakumi/Library/Developer/Xcode/DerivedData/SugarBeat-hgoxfxbbugxkfsbmqcjlbmjeaqyg/Build/Intermediates.noindex/Firebase.build/Debug-iphonesimulator/Firebase_FirebaseCoreInternal.build/empty-Firebase_FirebaseCoreInternal.plist

WriteAuxiliaryFile /Users/fukushimatakumi/Library/Developer/Xcode/DerivedData/SugarBeat-hgoxfxbbugxkfsbmqcjlbmjeaqyg/Build/Intermediates.noindex/Firebase.build/Debug-iphonesimulator/Firebase_FirebaseCoreInternal.build/Firebase_FirebaseCoreInternal.DependencyStaticMetadataFileList (in target 'Firebase_FirebaseCoreInternal' from project 'Firebase')
    cd /Users/fukushimatakumi/Library/Developer/Xcode/DerivedData/SugarBeat-hgoxfxbbugxkfsbmqcjlbmjeaqyg/SourcePackages/checkouts/firebase-ios-sdk
    write-file /Users/fukushimatakumi/Library/Developer/Xcode/DerivedData/SugarBeat-hgoxfxbbugxkfsbmqcjlbmjeaqyg/Build/Intermediates.noindex/Firebase.build/Debug-iphonesimulator/Firebase_FirebaseCoreInternal.build/Firebase_FirebaseCoreInternal.DependencyStaticMetadataFileList

WriteAuxiliaryFile /Users/fukushimatakumi/Library/Developer/Xcode/DerivedData/SugarBeat-hgoxfxbbugxkfsbmqcjlbmjeaqyg/Build/Intermediates.noindex/Firebase.build/Debug-iphonesimulator/Firebase_FirebaseCoreInternal.build/Firebase_FirebaseCoreInternal.DependencyMetadataFileList (in target 'Firebase_FirebaseCoreInternal' from project 'Firebase')
    cd /Users/fukushimatakumi/Library/Developer/Xcode/DerivedData/SugarBeat-hgoxfxbbugxkfsbmqcjlbmjeaqyg/SourcePackages/checkouts/firebase-ios-sdk
    write-file /Users/fukushimatakumi/Library/Developer/Xcode/DerivedData/SugarBeat-hgoxfxbbugxkfsbmqcjlbmjeaqyg/Build/Intermediates.noindex/Firebase.build/Debug-iphonesimulator/Firebase_FirebaseCoreInternal.build/Firebase_FirebaseCoreInternal.DependencyMetadataFileList

WriteAuxiliaryFile /Users/fukushimatakumi/Library/Developer/Xcode/DerivedData/SugarBeat-hgoxfxbbugxkfsbmqcjlbmjeaqyg/Build/Intermediates.noindex/Firebase.build/Debug-iphonesimulator/Firebase_FirebaseCoreExtension.build/empty-Firebase_FirebaseCoreExtension.plist (in target 'Firebase_FirebaseCoreExtension' from project 'Firebase')
    cd /Users/fukushimatakumi/Library/Developer/Xcode/DerivedData/SugarBeat-hgoxfxbbugxkfsbmqcjlbmjeaqyg/SourcePackages/checkouts/firebase-ios-sdk
    write-file /Users/fukushimatakumi/Library/Developer/Xcode/DerivedData/SugarBeat-hgoxfxbbugxkfsbmqcjlbmjeaqyg/Build/Intermediates.noindex/Firebase.build/Debug-iphonesimulator/Firebase_FirebaseCoreExtension.build/empty-Firebase_FirebaseCoreExtension.plist

WriteAuxiliaryFile /Users/fukushimatakumi/Library/Developer/Xcode/DerivedData/SugarBeat-hgoxfxbbugxkfsbmqcjlbmjeaqyg/Build/Intermediates.noindex/Firebase.build/Debug-iphonesimulator/Firebase_FirebaseCoreExtension.build/Firebase_FirebaseCoreExtension.DependencyStaticMetadataFileList (in target 'Firebase_FirebaseCoreExtension' from project 'Firebase')
    cd /Users/fukushimatakumi/Library/Developer/Xcode/DerivedData/SugarBeat-hgoxfxbbugxkfsbmqcjlbmjeaqyg/SourcePackages/checkouts/firebase-ios-sdk
    write-file /Users/fukushimatakumi/Library/Developer/Xcode/DerivedData/SugarBeat-hgoxfxbbugxkfsbmqcjlbmjeaqyg/Build/Intermediates.noindex/Firebase.build/Debug-iphonesimulator/Firebase_FirebaseCoreExtension.build/Firebase_FirebaseCoreExtension.DependencyStaticMetadataFileList

WriteAuxiliaryFile /Users/fukushimatakumi/Library/Developer/Xcode/DerivedData/SugarBeat-hgoxfxbbugxkfsbmqcjlbmjeaqyg/Build/Intermediates.noindex/Firebase.build/Debug-iphonesimulator/Firebase_FirebaseCoreExtension.build/Firebase_FirebaseCoreExtension.DependencyMetadataFileList (in target 'Firebase_FirebaseCoreExtension' from project 'Firebase')
    cd /Users/fukushimatakumi/Library/Developer/Xcode/DerivedData/SugarBeat-hgoxfxbbugxkfsbmqcjlbmjeaqyg/SourcePackages/checkouts/firebase-ios-sdk
    write-file /Users/fukushimatakumi/Library/Developer/Xcode/DerivedData/SugarBeat-hgoxfxbbugxkfsbmqcjlbmjeaqyg/Build/Intermediates.noindex/Firebase.build/Debug-iphonesimulator/Firebase_FirebaseCoreExtension.build/Firebase_FirebaseCoreExtension.DependencyMetadataFileList

WriteAuxiliaryFile /Users/fukushimatakumi/Library/Developer/Xcode/DerivedData/SugarBeat-hgoxfxbbugxkfsbmqcjlbmjeaqyg/Build/Intermediates.noindex/Firebase.build/Debug-iphonesimulator/Firebase_FirebaseCore.build/Firebase_FirebaseCore.DependencyStaticMetadataFileList (in target 'Firebase_FirebaseCore' from project 'Firebase')
    cd /Users/fukushimatakumi/Library/Developer/Xcode/DerivedData/SugarBeat-hgoxfxbbugxkfsbmqcjlbmjeaqyg/SourcePackages/checkouts/firebase-ios-sdk
    write-file /Users/fukushimatakumi/Library/Developer/Xcode/DerivedData/SugarBeat-hgoxfxbbugxkfsbmqcjlbmjeaqyg/Build/Intermediates.noindex/Firebase.build/Debug-iphonesimulator/Firebase_FirebaseCore.build/Firebase_FirebaseCore.DependencyStaticMetadataFileList

WriteAuxiliaryFile /Users/fukushimatakumi/Library/Developer/Xcode/DerivedData/SugarBeat-hgoxfxbbugxkfsbmqcjlbmjeaqyg/Build/Intermediates.noindex/Firebase.build/Debug-iphonesimulator/Firebase_FirebaseCore.build/empty-Firebase_FirebaseCore.plist (in target 'Firebase_FirebaseCore' from project 'Firebase')
    cd /Users/fukushimatakumi/Library/Developer/Xcode/DerivedData/SugarBeat-hgoxfxbbugxkfsbmqcjlbmjeaqyg/SourcePackages/checkouts/firebase-ios-sdk
    write-file /Users/fukushimatakumi/Library/Developer/Xcode/DerivedData/SugarBeat-hgoxfxbbugxkfsbmqcjlbmjeaqyg/Build/Intermediates.noindex/Firebase.build/Debug-iphonesimulator/Firebase_FirebaseCore.build/empty-Firebase_FirebaseCore.plist

WriteAuxiliaryFile /Users/fukushimatakumi/Library/Developer/Xcode/DerivedData/SugarBeat-hgoxfxbbugxkfsbmqcjlbmjeaqyg/Build/Intermediates.noindex/Firebase.build/Debug-iphonesimulator/Firebase_FirebaseCore.build/Firebase_FirebaseCore.DependencyMetadataFileList (in target 'Firebase_FirebaseCore' from project 'Firebase')
    cd /Users/fukushimatakumi/Library/Developer/Xcode/DerivedData/SugarBeat-hgoxfxbbugxkfsbmqcjlbmjeaqyg/SourcePackages/checkouts/firebase-ios-sdk
    write-file /Users/fukushimatakumi/Library/Developer/Xcode/DerivedData/SugarBeat-hgoxfxbbugxkfsbmqcjlbmjeaqyg/Build/Intermediates.noindex/Firebase.build/Debug-iphonesimulator/Firebase_FirebaseCore.build/Firebase_FirebaseCore.DependencyMetadataFileList

WriteAuxiliaryFile /Users/fukushimatakumi/Library/Developer/Xcode/DerivedData/SugarBeat-hgoxfxbbugxkfsbmqcjlbmjeaqyg/Build/Intermediates.noindex/Firebase.build/Debug-iphonesimulator/Firebase_FirebaseAuth.build/empty-Firebase_FirebaseAuth.plist (in target 'Firebase_FirebaseAuth' from project 'Firebase')
    cd /Users/fukushimatakumi/Library/Developer/Xcode/DerivedData/SugarBeat-hgoxfxbbugxkfsbmqcjlbmjeaqyg/SourcePackages/checkouts/firebase-ios-sdk
    write-file /Users/fukushimatakumi/Library/Developer/Xcode/DerivedData/SugarBeat-hgoxfxbbugxkfsbmqcjlbmjeaqyg/Build/Intermediates.noindex/Firebase.build/Debug-iphonesimulator/Firebase_FirebaseAuth.build/empty-Firebase_FirebaseAuth.plist

WriteAuxiliaryFile /Users/fukushimatakumi/Library/Developer/Xcode/DerivedData/SugarBeat-hgoxfxbbugxkfsbmqcjlbmjeaqyg/Build/Intermediates.noindex/Firebase.build/Debug-iphonesimulator/Firebase_FirebaseAuth.build/Firebase_FirebaseAuth.DependencyStaticMetadataFileList (in target 'Firebase_FirebaseAuth' from project 'Firebase')
    cd /Users/fukushimatakumi/Library/Developer/Xcode/DerivedData/SugarBeat-hgoxfxbbugxkfsbmqcjlbmjeaqyg/SourcePackages/checkouts/firebase-ios-sdk
    write-file /Users/fukushimatakumi/Library/Developer/Xcode/DerivedData/SugarBeat-hgoxfxbbugxkfsbmqcjlbmjeaqyg/Build/Intermediates.noindex/Firebase.build/Debug-iphonesimulator/Firebase_FirebaseAuth.build/Firebase_FirebaseAuth.DependencyStaticMetadataFileList

WriteAuxiliaryFile /Users/fukushimatakumi/Library/Developer/Xcode/DerivedData/SugarBeat-hgoxfxbbugxkfsbmqcjlbmjeaqyg/Build/Intermediates.noindex/Firebase.build/Debug-iphonesimulator/Firebase_FirebaseAuth.build/Firebase_FirebaseAuth.DependencyMetadataFileList (in target 'Firebase_FirebaseAuth' from project 'Firebase')
    cd /Users/fukushimatakumi/Library/Developer/Xcode/DerivedData/SugarBeat-hgoxfxbbugxkfsbmqcjlbmjeaqyg/SourcePackages/checkouts/firebase-ios-sdk
    write-file /Users/fukushimatakumi/Library/Developer/Xcode/DerivedData/SugarBeat-hgoxfxbbugxkfsbmqcjlbmjeaqyg/Build/Intermediates.noindex/Firebase.build/Debug-iphonesimulator/Firebase_FirebaseAuth.build/Firebase_FirebaseAuth.DependencyMetadataFileList

WriteAuxiliaryFile /Users/fukushimatakumi/Library/Developer/Xcode/DerivedData/SugarBeat-hgoxfxbbugxkfsbmqcjlbmjeaqyg/Build/Intermediates.noindex/Firebase.build/Debug-iphonesimulator/FirebaseStorage.build/Objects-normal/arm64/FirebaseStorage_const_extract_protocols.json (in target 'FirebaseStorage' from project 'Firebase')
    cd /Users/fukushimatakumi/Library/Developer/Xcode/DerivedData/SugarBeat-hgoxfxbbugxkfsbmqcjlbmjeaqyg/SourcePackages/checkouts/firebase-ios-sdk
    write-file /Users/fukushimatakumi/Library/Developer/Xcode/DerivedData/SugarBeat-hgoxfxbbugxkfsbmqcjlbmjeaqyg/Build/Intermediates.noindex/Firebase.build/Debug-iphonesimulator/FirebaseStorage.build/Objects-normal/arm64/FirebaseStorage_const_extract_protocols.json

WriteAuxiliaryFile /Users/fukushimatakumi/Library/Developer/Xcode/DerivedData/SugarBeat-hgoxfxbbugxkfsbmqcjlbmjeaqyg/Build/Intermediates.noindex/Firebase.build/Debug-iphonesimulator/FirebaseStorage.build/Objects-normal/arm64/FirebaseStorage.SwiftFileList (in target 'FirebaseStorage' from project 'Firebase')
    cd /Users/fukushimatakumi/Library/Developer/Xcode/DerivedData/SugarBeat-hgoxfxbbugxkfsbmqcjlbmjeaqyg/SourcePackages/checkouts/firebase-ios-sdk
    write-file /Users/fukushimatakumi/Library/Developer/Xcode/DerivedData/SugarBeat-hgoxfxbbugxkfsbmqcjlbmjeaqyg/Build/Intermediates.noindex/Firebase.build/Debug-iphonesimulator/FirebaseStorage.build/Objects-normal/arm64/FirebaseStorage.SwiftFileList

WriteAuxiliaryFile /Users/fukushimatakumi/Library/Developer/Xcode/DerivedData/SugarBeat-hgoxfxbbugxkfsbmqcjlbmjeaqyg/Build/Intermediates.noindex/Firebase.build/Debug-iphonesimulator/FirebaseStorage.build/Objects-normal/arm64/FirebaseStorage.SwiftConstValuesFileList (in target 'FirebaseStorage' from project 'Firebase')
    cd /Users/fukushimatakumi/Library/Developer/Xcode/DerivedData/SugarBeat-hgoxfxbbugxkfsbmqcjlbmjeaqyg/SourcePackages/checkouts/firebase-ios-sdk
    write-file /Users/fukushimatakumi/Library/Developer/Xcode/DerivedData/SugarBeat-hgoxfxbbugxkfsbmqcjlbmjeaqyg/Build/Intermediates.noindex/Firebase.build/Debug-iphonesimulator/FirebaseStorage.build/Objects-normal/arm64/FirebaseStorage.SwiftConstValuesFileList

WriteAuxiliaryFile /Users/fukushimatakumi/Library/Developer/Xcode/DerivedData/SugarBeat-hgoxfxbbugxkfsbmqcjlbmjeaqyg/Build/Intermediates.noindex/Firebase.build/Debug-iphonesimulator/FirebaseStorage.build/Objects-normal/arm64/FirebaseStorage.LinkFileList (in target 'FirebaseStorage' from project 'Firebase')
    cd /Users/fukushimatakumi/Library/Developer/Xcode/DerivedData/SugarBeat-hgoxfxbbugxkfsbmqcjlbmjeaqyg/SourcePackages/checkouts/firebase-ios-sdk
    write-file /Users/fukushimatakumi/Library/Developer/Xcode/DerivedData/SugarBeat-hgoxfxbbugxkfsbmqcjlbmjeaqyg/Build/Intermediates.noindex/Firebase.build/Debug-iphonesimulator/FirebaseStorage.build/Objects-normal/arm64/FirebaseStorage.LinkFileList

WriteAuxiliaryFile /Users/fukushimatakumi/Library/Developer/Xcode/DerivedData/SugarBeat-hgoxfxbbugxkfsbmqcjlbmjeaqyg/Build/Intermediates.noindex/Firebase.build/Debug-iphonesimulator/FirebaseStorage.build/Objects-normal/arm64/FirebaseStorage-OutputFileMap.json (in target 'FirebaseStorage' from project 'Firebase')
    cd /Users/fukushimatakumi/Library/Developer/Xcode/DerivedData/SugarBeat-hgoxfxbbugxkfsbmqcjlbmjeaqyg/SourcePackages/checkouts/firebase-ios-sdk
    write-file /Users/fukushimatakumi/Library/Developer/Xcode/DerivedData/SugarBeat-hgoxfxbbugxkfsbmqcjlbmjeaqyg/Build/Intermediates.noindex/Firebase.build/Debug-iphonesimulator/FirebaseStorage.build/Objects-normal/arm64/FirebaseStorage-OutputFileMap.json

WriteAuxiliaryFile /Users/fukushimatakumi/Library/Developer/Xcode/DerivedData/SugarBeat-hgoxfxbbugxkfsbmqcjlbmjeaqyg/Build/Intermediates.noindex/Firebase.build/Debug-iphonesimulator/FirebaseStorage.build/FirebaseStorage.modulemap (in target 'FirebaseStorage' from project 'Firebase')
    cd /Users/fukushimatakumi/Library/Developer/Xcode/DerivedData/SugarBeat-hgoxfxbbugxkfsbmqcjlbmjeaqyg/SourcePackages/checkouts/firebase-ios-sdk
    write-file /Users/fukushimatakumi/Library/Developer/Xcode/DerivedData/SugarBeat-hgoxfxbbugxkfsbmqcjlbmjeaqyg/Build/Intermediates.noindex/Firebase.build/Debug-iphonesimulator/FirebaseStorage.build/FirebaseStorage.modulemap

WriteAuxiliaryFile /Users/fukushimatakumi/Library/Developer/Xcode/DerivedData/SugarBeat-hgoxfxbbugxkfsbmqcjlbmjeaqyg/Build/Intermediates.noindex/Firebase.build/Debug-iphonesimulator/FirebaseStorage.build/FirebaseStorage.DependencyStaticMetadataFileList (in target 'FirebaseStorage' from project 'Firebase')
    cd /Users/fukushimatakumi/Library/Developer/Xcode/DerivedData/SugarBeat-hgoxfxbbugxkfsbmqcjlbmjeaqyg/SourcePackages/checkouts/firebase-ios-sdk
    write-file /Users/fukushimatakumi/Library/Developer/Xcode/DerivedData/SugarBeat-hgoxfxbbugxkfsbmqcjlbmjeaqyg/Build/Intermediates.noindex/Firebase.build/Debug-iphonesimulator/FirebaseStorage.build/FirebaseStorage.DependencyStaticMetadataFileList

WriteAuxiliaryFile /Users/fukushimatakumi/Library/Developer/Xcode/DerivedData/SugarBeat-hgoxfxbbugxkfsbmqcjlbmjeaqyg/Build/Intermediates.noindex/Firebase.build/Debug-iphonesimulator/FirebaseStorage.build/FirebaseStorage.DependencyMetadataFileList (in target 'FirebaseStorage' from project 'Firebase')
    cd /Users/fukushimatakumi/Library/Developer/Xcode/DerivedData/SugarBeat-hgoxfxbbugxkfsbmqcjlbmjeaqyg/SourcePackages/checkouts/firebase-ios-sdk
    write-file /Users/fukushimatakumi/Library/Developer/Xcode/DerivedData/SugarBeat-hgoxfxbbugxkfsbmqcjlbmjeaqyg/Build/Intermediates.noindex/Firebase.build/Debug-iphonesimulator/FirebaseStorage.build/FirebaseStorage.DependencyMetadataFileList

WriteAuxiliaryFile /Users/fukushimatakumi/Library/Developer/Xcode/DerivedData/SugarBeat-hgoxfxbbugxkfsbmqcjlbmjeaqyg/Build/Intermediates.noindex/Firebase.build/Debug-iphonesimulator/FirebaseSharedSwift.build/Objects-normal/arm64/FirebaseSharedSwift_const_extract_protocols.json (in target 'FirebaseSharedSwift' from project 'Firebase')
    cd /Users/fukushimatakumi/Library/Developer/Xcode/DerivedData/SugarBeat-hgoxfxbbugxkfsbmqcjlbmjeaqyg/SourcePackages/checkouts/firebase-ios-sdk
    write-file /Users/fukushimatakumi/Library/Developer/Xcode/DerivedData/SugarBeat-hgoxfxbbugxkfsbmqcjlbmjeaqyg/Build/Intermediates.noindex/Firebase.build/Debug-iphonesimulator/FirebaseSharedSwift.build/Objects-normal/arm64/FirebaseSharedSwift_const_extract_protocols.json

WriteAuxiliaryFile /Users/fukushimatakumi/Library/Developer/Xcode/DerivedData/SugarBeat-hgoxfxbbugxkfsbmqcjlbmjeaqyg/Build/Intermediates.noindex/Firebase.build/Debug-iphonesimulator/FirebaseSharedSwift.build/Objects-normal/arm64/FirebaseSharedSwift.SwiftFileList (in target 'FirebaseSharedSwift' from project 'Firebase')
    cd /Users/fukushimatakumi/Library/Developer/Xcode/DerivedData/SugarBeat-hgoxfxbbugxkfsbmqcjlbmjeaqyg/SourcePackages/checkouts/firebase-ios-sdk
    write-file /Users/fukushimatakumi/Library/Developer/Xcode/DerivedData/SugarBeat-hgoxfxbbugxkfsbmqcjlbmjeaqyg/Build/Intermediates.noindex/Firebase.build/Debug-iphonesimulator/FirebaseSharedSwift.build/Objects-normal/arm64/FirebaseSharedSwift.SwiftFileList

WriteAuxiliaryFile /Users/fukushimatakumi/Library/Developer/Xcode/DerivedData/SugarBeat-hgoxfxbbugxkfsbmqcjlbmjeaqyg/Build/Intermediates.noindex/Firebase.build/Debug-iphonesimulator/FirebaseSharedSwift.build/Objects-normal/arm64/FirebaseSharedSwift.SwiftConstValuesFileList (in target 'FirebaseSharedSwift' from project 'Firebase')
    cd /Users/fukushimatakumi/Library/Developer/Xcode/DerivedData/SugarBeat-hgoxfxbbugxkfsbmqcjlbmjeaqyg/SourcePackages/checkouts/firebase-ios-sdk
    write-file /Users/fukushimatakumi/Library/Developer/Xcode/DerivedData/SugarBeat-hgoxfxbbugxkfsbmqcjlbmjeaqyg/Build/Intermediates.noindex/Firebase.build/Debug-iphonesimulator/FirebaseSharedSwift.build/Objects-normal/arm64/FirebaseSharedSwift.SwiftConstValuesFileList

WriteAuxiliaryFile /Users/fukushimatakumi/Library/Developer/Xcode/DerivedData/SugarBeat-hgoxfxbbugxkfsbmqcjlbmjeaqyg/Build/Intermediates.noindex/Firebase.build/Debug-iphonesimulator/FirebaseSharedSwift.build/Objects-normal/arm64/FirebaseSharedSwift.LinkFileList (in target 'FirebaseSharedSwift' from project 'Firebase')
    cd /Users/fukushimatakumi/Library/Developer/Xcode/DerivedData/SugarBeat-hgoxfxbbugxkfsbmqcjlbmjeaqyg/SourcePackages/checkouts/firebase-ios-sdk
    write-file /Users/fukushimatakumi/Library/Developer/Xcode/DerivedData/SugarBeat-hgoxfxbbugxkfsbmqcjlbmjeaqyg/Build/Intermediates.noindex/Firebase.build/Debug-iphonesimulator/FirebaseSharedSwift.build/Objects-normal/arm64/FirebaseSharedSwift.LinkFileList

WriteAuxiliaryFile /Users/fukushimatakumi/Library/Developer/Xcode/DerivedData/SugarBeat-hgoxfxbbugxkfsbmqcjlbmjeaqyg/Build/Intermediates.noindex/Firebase.build/Debug-iphonesimulator/FirebaseSharedSwift.build/Objects-normal/arm64/FirebaseSharedSwift-OutputFileMap.json (in target 'FirebaseSharedSwift' from project 'Firebase')
    cd /Users/fukushimatakumi/Library/Developer/Xcode/DerivedData/SugarBeat-hgoxfxbbugxkfsbmqcjlbmjeaqyg/SourcePackages/checkouts/firebase-ios-sdk
    write-file /Users/fukushimatakumi/Library/Developer/Xcode/DerivedData/SugarBeat-hgoxfxbbugxkfsbmqcjlbmjeaqyg/Build/Intermediates.noindex/Firebase.build/Debug-iphonesimulator/FirebaseSharedSwift.build/Objects-normal/arm64/FirebaseSharedSwift-OutputFileMap.json

WriteAuxiliaryFile /Users/fukushimatakumi/Library/Developer/Xcode/DerivedData/SugarBeat-hgoxfxbbugxkfsbmqcjlbmjeaqyg/Build/Intermediates.noindex/Firebase.build/Debug-iphonesimulator/FirebaseSharedSwift.build/FirebaseSharedSwift.modulemap (in target 'FirebaseSharedSwift' from project 'Firebase')
    cd /Users/fukushimatakumi/Library/Developer/Xcode/DerivedData/SugarBeat-hgoxfxbbugxkfsbmqcjlbmjeaqyg/SourcePackages/checkouts/firebase-ios-sdk
    write-file /Users/fukushimatakumi/Library/Developer/Xcode/DerivedData/SugarBeat-hgoxfxbbugxkfsbmqcjlbmjeaqyg/Build/Intermediates.noindex/Firebase.build/Debug-iphonesimulator/FirebaseSharedSwift.build/FirebaseSharedSwift.modulemap

WriteAuxiliaryFile /Users/fukushimatakumi/Library/Developer/Xcode/DerivedData/SugarBeat-hgoxfxbbugxkfsbmqcjlbmjeaqyg/Build/Intermediates.noindex/Firebase.build/Debug-iphonesimulator/FirebaseSharedSwift.build/FirebaseSharedSwift.DependencyStaticMetadataFileList (in target 'FirebaseSharedSwift' from project 'Firebase')
    cd /Users/fukushimatakumi/Library/Developer/Xcode/DerivedData/SugarBeat-hgoxfxbbugxkfsbmqcjlbmjeaqyg/SourcePackages/checkouts/firebase-ios-sdk
    write-file /Users/fukushimatakumi/Library/Developer/Xcode/DerivedData/SugarBeat-hgoxfxbbugxkfsbmqcjlbmjeaqyg/Build/Intermediates.noindex/Firebase.build/Debug-iphonesimulator/FirebaseSharedSwift.build/FirebaseSharedSwift.DependencyStaticMetadataFileList

WriteAuxiliaryFile /Users/fukushimatakumi/Library/Developer/Xcode/DerivedData/SugarBeat-hgoxfxbbugxkfsbmqcjlbmjeaqyg/Build/Intermediates.noindex/Firebase.build/Debug-iphonesimulator/FirebaseSharedSwift.build/FirebaseSharedSwift.DependencyMetadataFileList (in target 'FirebaseSharedSwift' from project 'Firebase')
    cd /Users/fukushimatakumi/Library/Developer/Xcode/DerivedData/SugarBeat-hgoxfxbbugxkfsbmqcjlbmjeaqyg/SourcePackages/checkouts/firebase-ios-sdk
    write-file /Users/fukushimatakumi/Library/Developer/Xcode/DerivedData/SugarBeat-hgoxfxbbugxkfsbmqcjlbmjeaqyg/Build/Intermediates.noindex/Firebase.build/Debug-iphonesimulator/FirebaseSharedSwift.build/FirebaseSharedSwift.DependencyMetadataFileList

WriteAuxiliaryFile /Users/fukushimatakumi/Library/Developer/Xcode/DerivedData/SugarBeat-hgoxfxbbugxkfsbmqcjlbmjeaqyg/Build/Intermediates.noindex/Firebase.build/Debug-iphonesimulator/FirebaseCoreInternal.build/Objects-normal/arm64/FirebaseCoreInternal_const_extract_protocols.json (in target 'FirebaseCoreInternal' from project 'Firebase')
    cd /Users/fukushimatakumi/Library/Developer/Xcode/DerivedData/SugarBeat-hgoxfxbbugxkfsbmqcjlbmjeaqyg/SourcePackages/checkouts/firebase-ios-sdk
    write-file /Users/fukushimatakumi/Library/Developer/Xcode/DerivedData/SugarBeat-hgoxfxbbugxkfsbmqcjlbmjeaqyg/Build/Intermediates.noindex/Firebase.build/Debug-iphonesimulator/FirebaseCoreInternal.build/Objects-normal/arm64/FirebaseCoreInternal_const_extract_protocols.json

WriteAuxiliaryFile /Users/fukushimatakumi/Library/Developer/Xcode/DerivedData/SugarBeat-hgoxfxbbugxkfsbmqcjlbmjeaqyg/Build/Intermediates.noindex/Firebase.build/Debug-iphonesimulator/FirebaseCoreInternal.build/Objects-normal/arm64/FirebaseCoreInternal.SwiftFileList (in target 'FirebaseCoreInternal' from project 'Firebase')
    cd /Users/fukushimatakumi/Library/Developer/Xcode/DerivedData/SugarBeat-hgoxfxbbugxkfsbmqcjlbmjeaqyg/SourcePackages/checkouts/firebase-ios-sdk
    write-file /Users/fukushimatakumi/Library/Developer/Xcode/DerivedData/SugarBeat-hgoxfxbbugxkfsbmqcjlbmjeaqyg/Build/Intermediates.noindex/Firebase.build/Debug-iphonesimulator/FirebaseCoreInternal.build/Objects-normal/arm64/FirebaseCoreInternal.SwiftFileList

WriteAuxiliaryFile /Users/fukushimatakumi/Library/Developer/Xcode/DerivedData/SugarBeat-hgoxfxbbugxkfsbmqcjlbmjeaqyg/Build/Intermediates.noindex/Firebase.build/Debug-iphonesimulator/FirebaseCoreInternal.build/Objects-normal/arm64/FirebaseCoreInternal.SwiftConstValuesFileList (in target 'FirebaseCoreInternal' from project 'Firebase')
    cd /Users/fukushimatakumi/Library/Developer/Xcode/DerivedData/SugarBeat-hgoxfxbbugxkfsbmqcjlbmjeaqyg/SourcePackages/checkouts/firebase-ios-sdk
    write-file /Users/fukushimatakumi/Library/Developer/Xcode/DerivedData/SugarBeat-hgoxfxbbugxkfsbmqcjlbmjeaqyg/Build/Intermediates.noindex/Firebase.build/Debug-iphonesimulator/FirebaseCoreInternal.build/Objects-normal/arm64/FirebaseCoreInternal.SwiftConstValuesFileList

WriteAuxiliaryFile /Users/fukushimatakumi/Library/Developer/Xcode/DerivedData/SugarBeat-hgoxfxbbugxkfsbmqcjlbmjeaqyg/Build/Intermediates.noindex/Firebase.build/Debug-iphonesimulator/FirebaseCoreInternal.build/Objects-normal/arm64/FirebaseCoreInternal.LinkFileList (in target 'FirebaseCoreInternal' from project 'Firebase')
    cd /Users/fukushimatakumi/Library/Developer/Xcode/DerivedData/SugarBeat-hgoxfxbbugxkfsbmqcjlbmjeaqyg/SourcePackages/checkouts/firebase-ios-sdk
    write-file /Users/fukushimatakumi/Library/Developer/Xcode/DerivedData/SugarBeat-hgoxfxbbugxkfsbmqcjlbmjeaqyg/Build/Intermediates.noindex/Firebase.build/Debug-iphonesimulator/FirebaseCoreInternal.build/Objects-normal/arm64/FirebaseCoreInternal.LinkFileList

WriteAuxiliaryFile /Users/fukushimatakumi/Library/Developer/Xcode/DerivedData/SugarBeat-hgoxfxbbugxkfsbmqcjlbmjeaqyg/Build/Intermediates.noindex/Firebase.build/Debug-iphonesimulator/FirebaseCoreInternal.build/Objects-normal/arm64/FirebaseCoreInternal-OutputFileMap.json (in target 'FirebaseCoreInternal' from project 'Firebase')
    cd /Users/fukushimatakumi/Library/Developer/Xcode/DerivedData/SugarBeat-hgoxfxbbugxkfsbmqcjlbmjeaqyg/SourcePackages/checkouts/firebase-ios-sdk
    write-file /Users/fukushimatakumi/Library/Developer/Xcode/DerivedData/SugarBeat-hgoxfxbbugxkfsbmqcjlbmjeaqyg/Build/Intermediates.noindex/Firebase.build/Debug-iphonesimulator/FirebaseCoreInternal.build/Objects-normal/arm64/FirebaseCoreInternal-OutputFileMap.json

WriteAuxiliaryFile /Users/fukushimatakumi/Library/Developer/Xcode/DerivedData/SugarBeat-hgoxfxbbugxkfsbmqcjlbmjeaqyg/Build/Intermediates.noindex/Firebase.build/Debug-iphonesimulator/FirebaseCoreInternal.build/FirebaseCoreInternal.modulemap (in target 'FirebaseCoreInternal' from project 'Firebase')
    cd /Users/fukushimatakumi/Library/Developer/Xcode/DerivedData/SugarBeat-hgoxfxbbugxkfsbmqcjlbmjeaqyg/SourcePackages/checkouts/firebase-ios-sdk
    write-file /Users/fukushimatakumi/Library/Developer/Xcode/DerivedData/SugarBeat-hgoxfxbbugxkfsbmqcjlbmjeaqyg/Build/Intermediates.noindex/Firebase.build/Debug-iphonesimulator/FirebaseCoreInternal.build/FirebaseCoreInternal.modulemap

WriteAuxiliaryFile /Users/fukushimatakumi/Library/Developer/Xcode/DerivedData/SugarBeat-hgoxfxbbugxkfsbmqcjlbmjeaqyg/Build/Intermediates.noindex/Firebase.build/Debug-iphonesimulator/FirebaseCoreInternal.build/FirebaseCoreInternal.DependencyStaticMetadataFileList (in target 'FirebaseCoreInternal' from project 'Firebase')
    cd /Users/fukushimatakumi/Library/Developer/Xcode/DerivedData/SugarBeat-hgoxfxbbugxkfsbmqcjlbmjeaqyg/SourcePackages/checkouts/firebase-ios-sdk
    write-file /Users/fukushimatakumi/Library/Developer/Xcode/DerivedData/SugarBeat-hgoxfxbbugxkfsbmqcjlbmjeaqyg/Build/Intermediates.noindex/Firebase.build/Debug-iphonesimulator/FirebaseCoreInternal.build/FirebaseCoreInternal.DependencyStaticMetadataFileList

WriteAuxiliaryFile /Users/fukushimatakumi/Library/Developer/Xcode/DerivedData/SugarBeat-hgoxfxbbugxkfsbmqcjlbmjeaqyg/Build/Intermediates.noindex/Firebase.build/Debug-iphonesimulator/FirebaseCoreInternal.build/FirebaseCoreInternal.DependencyMetadataFileList (in target 'FirebaseCoreInternal' from project 'Firebase')
    cd /Users/fukushimatakumi/Library/Developer/Xcode/DerivedData/SugarBeat-hgoxfxbbugxkfsbmqcjlbmjeaqyg/SourcePackages/checkouts/firebase-ios-sdk
    write-file /Users/fukushimatakumi/Library/Developer/Xcode/DerivedData/SugarBeat-hgoxfxbbugxkfsbmqcjlbmjeaqyg/Build/Intermediates.noindex/Firebase.build/Debug-iphonesimulator/FirebaseCoreInternal.build/FirebaseCoreInternal.DependencyMetadataFileList

WriteAuxiliaryFile /Users/fukushimatakumi/Library/Developer/Xcode/DerivedData/SugarBeat-hgoxfxbbugxkfsbmqcjlbmjeaqyg/Build/Intermediates.noindex/Firebase.build/Debug-iphonesimulator/FirebaseCoreInternal.build/DerivedSources/resource_bundle_accessor.swift (in target 'FirebaseCoreInternal' from project 'Firebase')
    cd /Users/fukushimatakumi/Library/Developer/Xcode/DerivedData/SugarBeat-hgoxfxbbugxkfsbmqcjlbmjeaqyg/SourcePackages/checkouts/firebase-ios-sdk
    write-file /Users/fukushimatakumi/Library/Developer/Xcode/DerivedData/SugarBeat-hgoxfxbbugxkfsbmqcjlbmjeaqyg/Build/Intermediates.noindex/Firebase.build/Debug-iphonesimulator/FirebaseCoreInternal.build/DerivedSources/resource_bundle_accessor.swift

WriteAuxiliaryFile /Users/fukushimatakumi/Library/Developer/Xcode/DerivedData/SugarBeat-hgoxfxbbugxkfsbmqcjlbmjeaqyg/Build/Intermediates.noindex/Firebase.build/Debug-iphonesimulator/FirebaseCoreExtension.build/Objects-normal/arm64/e6072d4f65d7061329687fe24e3d63a7-common-args.resp (in target 'FirebaseCoreExtension' from project 'Firebase')
    cd /Users/fukushimatakumi/Library/Developer/Xcode/DerivedData/SugarBeat-hgoxfxbbugxkfsbmqcjlbmjeaqyg/SourcePackages/checkouts/firebase-ios-sdk
    write-file /Users/fukushimatakumi/Library/Developer/Xcode/DerivedData/SugarBeat-hgoxfxbbugxkfsbmqcjlbmjeaqyg/Build/Intermediates.noindex/Firebase.build/Debug-iphonesimulator/FirebaseCoreExtension.build/Objects-normal/arm64/e6072d4f65d7061329687fe24e3d63a7-common-args.resp
-target arm64-apple-ios15.0-simulator -fobjc-arc -fmodules -gmodules '-fmodules-cache-path=/Users/fukushimatakumi/Library/Developer/Xcode/DerivedData/ModuleCache.noindex' '-fmodule-name=FirebaseCoreExtension' -fpascal-strings -O0 -DSWIFT_PACKAGE '-DDEBUG=1' '-DOBJC_OLD_DISPATCH_PROTOTYPES=1' -isysroot /Applications/Xcode.app/Contents/Developer/Platforms/iPhoneSimulator.platform/Developer/SDKs/iPhoneSimulator18.4.sdk -g '-fobjc-abi-version=2' -fobjc-legacy-dispatch -I/Users/fukushimatakumi/Library/Developer/Xcode/DerivedData/SugarBeat-hgoxfxbbugxkfsbmqcjlbmjeaqyg/Build/Products/Debug-iphonesimulator/include -I/Users/fukushimatakumi/Library/Developer/Xcode/DerivedData/SugarBeat-hgoxfxbbugxkfsbmqcjlbmjeaqyg/SourcePackages/checkouts/firebase-ios-sdk/FirebaseCore/Extension -I/Users/fukushimatakumi/Library/Developer/Xcode/DerivedData/SugarBeat-hgoxfxbbugxkfsbmqcjlbmjeaqyg/SourcePackages/checkouts/firebase-ios-sdk -I/Users/fukushimatakumi/Library/Developer/Xcode/DerivedData/SugarBeat-hgoxfxbbugxkfsbmqcjlbmjeaqyg/Build/Intermediates.noindex/Firebase.build/Debug-iphonesimulator/FirebaseCoreExtension.build/DerivedSources-normal/arm64 -I/Users/fukushimatakumi/Library/Developer/Xcode/DerivedData/SugarBeat-hgoxfxbbugxkfsbmqcjlbmjeaqyg/Build/Intermediates.noindex/Firebase.build/Debug-iphonesimulator/FirebaseCoreExtension.build/DerivedSources/arm64 -I/Users/fukushimatakumi/Library/Developer/Xcode/DerivedData/SugarBeat-hgoxfxbbugxkfsbmqcjlbmjeaqyg/Build/Intermediates.noindex/Firebase.build/Debug-iphonesimulator/FirebaseCoreExtension.build/DerivedSources -F/Users/fukushimatakumi/Library/Developer/Xcode/DerivedData/SugarBeat-hgoxfxbbugxkfsbmqcjlbmjeaqyg/Build/Products/Debug-iphonesimulator -iframework /Applications/Xcode.app/Contents/Developer/Platforms/iPhoneSimulator.platform/Developer/Library/Frameworks -iframework /Applications/Xcode.app/Contents/Developer/Platforms/iPhoneSimulator.platform/Developer/SDKs/iPhoneSimulator18.4.sdk/Developer/Library/Frameworks -DXcode

WriteAuxiliaryFile /Users/fukushimatakumi/Library/Developer/Xcode/DerivedData/SugarBeat-hgoxfxbbugxkfsbmqcjlbmjeaqyg/Build/Intermediates.noindex/Firebase.build/Debug-iphonesimulator/FirebaseCoreExtension.build/Objects-normal/arm64/FirebaseCoreExtension.LinkFileList (in target 'FirebaseCoreExtension' from project 'Firebase')
    cd /Users/fukushimatakumi/Library/Developer/Xcode/DerivedData/SugarBeat-hgoxfxbbugxkfsbmqcjlbmjeaqyg/SourcePackages/checkouts/firebase-ios-sdk
    write-file /Users/fukushimatakumi/Library/Developer/Xcode/DerivedData/SugarBeat-hgoxfxbbugxkfsbmqcjlbmjeaqyg/Build/Intermediates.noindex/Firebase.build/Debug-iphonesimulator/FirebaseCoreExtension.build/Objects-normal/arm64/FirebaseCoreExtension.LinkFileList

WriteAuxiliaryFile /Users/fukushimatakumi/Library/Developer/Xcode/DerivedData/SugarBeat-hgoxfxbbugxkfsbmqcjlbmjeaqyg/Build/Intermediates.noindex/Firebase.build/Debug-iphonesimulator/FirebaseCoreExtension.build/FirebaseCoreExtension.modulemap (in target 'FirebaseCoreExtension' from project 'Firebase')
    cd /Users/fukushimatakumi/Library/Developer/Xcode/DerivedData/SugarBeat-hgoxfxbbugxkfsbmqcjlbmjeaqyg/SourcePackages/checkouts/firebase-ios-sdk
    write-file /Users/fukushimatakumi/Library/Developer/Xcode/DerivedData/SugarBeat-hgoxfxbbugxkfsbmqcjlbmjeaqyg/Build/Intermediates.noindex/Firebase.build/Debug-iphonesimulator/FirebaseCoreExtension.build/FirebaseCoreExtension.modulemap

WriteAuxiliaryFile /Users/fukushimatakumi/Library/Developer/Xcode/DerivedData/SugarBeat-hgoxfxbbugxkfsbmqcjlbmjeaqyg/Build/Intermediates.noindex/Firebase.build/Debug-iphonesimulator/FirebaseCoreExtension.build/FirebaseCoreExtension.DependencyStaticMetadataFileList (in target 'FirebaseCoreExtension' from project 'Firebase')
    cd /Users/fukushimatakumi/Library/Developer/Xcode/DerivedData/SugarBeat-hgoxfxbbugxkfsbmqcjlbmjeaqyg/SourcePackages/checkouts/firebase-ios-sdk
    write-file /Users/fukushimatakumi/Library/Developer/Xcode/DerivedData/SugarBeat-hgoxfxbbugxkfsbmqcjlbmjeaqyg/Build/Intermediates.noindex/Firebase.build/Debug-iphonesimulator/FirebaseCoreExtension.build/FirebaseCoreExtension.DependencyStaticMetadataFileList

WriteAuxiliaryFile /Users/fukushimatakumi/Library/Developer/Xcode/DerivedData/SugarBeat-hgoxfxbbugxkfsbmqcjlbmjeaqyg/Build/Intermediates.noindex/Firebase.build/Debug-iphonesimulator/FirebaseCoreExtension.build/FirebaseCoreExtension.DependencyMetadataFileList (in target 'FirebaseCoreExtension' from project 'Firebase')
    cd /Users/fukushimatakumi/Library/Developer/Xcode/DerivedData/SugarBeat-hgoxfxbbugxkfsbmqcjlbmjeaqyg/SourcePackages/checkouts/firebase-ios-sdk
    write-file /Users/fukushimatakumi/Library/Developer/Xcode/DerivedData/SugarBeat-hgoxfxbbugxkfsbmqcjlbmjeaqyg/Build/Intermediates.noindex/Firebase.build/Debug-iphonesimulator/FirebaseCoreExtension.build/FirebaseCoreExtension.DependencyMetadataFileList

Copy /Users/fukushimatakumi/Library/Developer/Xcode/DerivedData/SugarBeat-hgoxfxbbugxkfsbmqcjlbmjeaqyg/Build/Intermediates.noindex/GeneratedModuleMaps-iphonesimulator/RecaptchaInterop.modulemap /Users/fukushimatakumi/Library/Developer/Xcode/DerivedData/SugarBeat-hgoxfxbbugxkfsbmqcjlbmjeaqyg/Build/Intermediates.noindex/InteropForGoogle.build/Debug-iphonesimulator/RecaptchaInterop.build/RecaptchaInterop.modulemap (in target 'RecaptchaInterop' from project 'InteropForGoogle')
    cd /Users/fukushimatakumi/Library/Developer/Xcode/DerivedData/SugarBeat-hgoxfxbbugxkfsbmqcjlbmjeaqyg/SourcePackages/checkouts/interop-ios-for-google-sdks
    builtin-copy -exclude .DS_Store -exclude CVS -exclude .svn -exclude .git -exclude .hg -resolve-src-symlinks /Users/fukushimatakumi/Library/Developer/Xcode/DerivedData/SugarBeat-hgoxfxbbugxkfsbmqcjlbmjeaqyg/Build/Intermediates.noindex/InteropForGoogle.build/Debug-iphonesimulator/RecaptchaInterop.build/RecaptchaInterop.modulemap /Users/fukushimatakumi/Library/Developer/Xcode/DerivedData/SugarBeat-hgoxfxbbugxkfsbmqcjlbmjeaqyg/Build/Intermediates.noindex/GeneratedModuleMaps-iphonesimulator

WriteAuxiliaryFile /Users/fukushimatakumi/Library/Developer/Xcode/DerivedData/SugarBeat-hgoxfxbbugxkfsbmqcjlbmjeaqyg/Build/Intermediates.noindex/Firebase.build/Debug-iphonesimulator/FirebaseCoreExtension.build/DerivedSources/resource_bundle_accessor.m (in target 'FirebaseCoreExtension' from project 'Firebase')
    cd /Users/fukushimatakumi/Library/Developer/Xcode/DerivedData/SugarBeat-hgoxfxbbugxkfsbmqcjlbmjeaqyg/SourcePackages/checkouts/firebase-ios-sdk
    write-file /Users/fukushimatakumi/Library/Developer/Xcode/DerivedData/SugarBeat-hgoxfxbbugxkfsbmqcjlbmjeaqyg/Build/Intermediates.noindex/Firebase.build/Debug-iphonesimulator/FirebaseCoreExtension.build/DerivedSources/resource_bundle_accessor.m

WriteAuxiliaryFile /Users/fukushimatakumi/Library/Developer/Xcode/DerivedData/SugarBeat-hgoxfxbbugxkfsbmqcjlbmjeaqyg/Build/Intermediates.noindex/Firebase.build/Debug-iphonesimulator/FirebaseCoreExtension.build/DerivedSources/resource_bundle_accessor.h (in target 'FirebaseCoreExtension' from project 'Firebase')
    cd /Users/fukushimatakumi/Library/Developer/Xcode/DerivedData/SugarBeat-hgoxfxbbugxkfsbmqcjlbmjeaqyg/SourcePackages/checkouts/firebase-ios-sdk
    write-file /Users/fukushimatakumi/Library/Developer/Xcode/DerivedData/SugarBeat-hgoxfxbbugxkfsbmqcjlbmjeaqyg/Build/Intermediates.noindex/Firebase.build/Debug-iphonesimulator/FirebaseCoreExtension.build/DerivedSources/resource_bundle_accessor.h

WriteAuxiliaryFile /Users/fukushimatakumi/Library/Developer/Xcode/DerivedData/SugarBeat-hgoxfxbbugxkfsbmqcjlbmjeaqyg/Build/Intermediates.noindex/Firebase.build/Debug-iphonesimulator/FirebaseCore.build/Objects-normal/arm64/e6072d4f65d7061329687fe24e3d63a7-common-args.resp (in target 'FirebaseCore' from project 'Firebase')
    cd /Users/fukushimatakumi/Library/Developer/Xcode/DerivedData/SugarBeat-hgoxfxbbugxkfsbmqcjlbmjeaqyg/SourcePackages/checkouts/firebase-ios-sdk
    write-file /Users/fukushimatakumi/Library/Developer/Xcode/DerivedData/SugarBeat-hgoxfxbbugxkfsbmqcjlbmjeaqyg/Build/Intermediates.noindex/Firebase.build/Debug-iphonesimulator/FirebaseCore.build/Objects-normal/arm64/e6072d4f65d7061329687fe24e3d63a7-common-args.resp
-target arm64-apple-ios15.0-simulator -fobjc-arc -fmodules -gmodules '-fmodules-cache-path=/Users/fukushimatakumi/Library/Developer/Xcode/DerivedData/ModuleCache.noindex' '-fmodule-name=FirebaseCore' -fpascal-strings -O0 -DSWIFT_PACKAGE '-DDEBUG=1' '-DFirebase_VERSION=12.7.0' '-DOBJC_OLD_DISPATCH_PROTOTYPES=1' -isysroot /Applications/Xcode.app/Contents/Developer/Platforms/iPhoneSimulator.platform/Developer/SDKs/iPhoneSimulator18.4.sdk -g '-fobjc-abi-version=2' -fobjc-legacy-dispatch -I/Users/fukushimatakumi/Library/Developer/Xcode/DerivedData/SugarBeat-hgoxfxbbugxkfsbmqcjlbmjeaqyg/SourcePackages/checkouts/GoogleUtilities/GoogleUtilities/NSData+zlib/Public -I/Users/fukushimatakumi/Library/Developer/Xcode/DerivedData/SugarBeat-hgoxfxbbugxkfsbmqcjlbmjeaqyg/SourcePackages/checkouts/GoogleUtilities/GoogleUtilities/Environment/Public -I/Users/fukushimatakumi/Library/Developer/Xcode/DerivedData/SugarBeat-hgoxfxbbugxkfsbmqcjlbmjeaqyg/SourcePackages/checkouts/GoogleUtilities/third_party/IsAppEncrypted/Public -I/Users/fukushimatakumi/Library/Developer/Xcode/DerivedData/SugarBeat-hgoxfxbbugxkfsbmqcjlbmjeaqyg/SourcePackages/checkouts/GoogleUtilities/GoogleUtilities/Logger/Public -I/Users/fukushimatakumi/Library/Developer/Xcode/DerivedData/SugarBeat-hgoxfxbbugxkfsbmqcjlbmjeaqyg/SourcePackages/checkouts/firebase-ios-sdk/CoreOnly/Sources -I/Users/fukushimatakumi/Library/Developer/Xcode/DerivedData/SugarBeat-hgoxfxbbugxkfsbmqcjlbmjeaqyg/Build/Products/Debug-iphonesimulator/include -I/Users/fukushimatakumi/Library/Developer/Xcode/DerivedData/SugarBeat-hgoxfxbbugxkfsbmqcjlbmjeaqyg/SourcePackages/checkouts/firebase-ios-sdk/FirebaseCore/Sources/Public -I/Users/fukushimatakumi/Library/Developer/Xcode/DerivedData/SugarBeat-hgoxfxbbugxkfsbmqcjlbmjeaqyg/SourcePackages/checkouts/firebase-ios-sdk -I/Users/fukushimatakumi/Library/Developer/Xcode/DerivedData/SugarBeat-hgoxfxbbugxkfsbmqcjlbmjeaqyg/Build/Intermediates.noindex/Firebase.build/Debug-iphonesimulator/FirebaseCore.build/DerivedSources-normal/arm64 -I/Users/fukushimatakumi/Library/Developer/Xcode/DerivedData/SugarBeat-hgoxfxbbugxkfsbmqcjlbmjeaqyg/Build/Intermediates.noindex/Firebase.build/Debug-iphonesimulator/FirebaseCore.build/DerivedSources/arm64 -I/Users/fukushimatakumi/Library/Developer/Xcode/DerivedData/SugarBeat-hgoxfxbbugxkfsbmqcjlbmjeaqyg/Build/Intermediates.noindex/Firebase.build/Debug-iphonesimulator/FirebaseCore.build/DerivedSources -F/Users/fukushimatakumi/Library/Developer/Xcode/DerivedData/SugarBeat-hgoxfxbbugxkfsbmqcjlbmjeaqyg/Build/Products/Debug-iphonesimulator/PackageFrameworks -F/Users/fukushimatakumi/Library/Developer/Xcode/DerivedData/SugarBeat-hgoxfxbbugxkfsbmqcjlbmjeaqyg/Build/Products/Debug-iphonesimulator/PackageFrameworks -F/Users/fukushimatakumi/Library/Developer/Xcode/DerivedData/SugarBeat-hgoxfxbbugxkfsbmqcjlbmjeaqyg/Build/Products/Debug-iphonesimulator/PackageFrameworks -F/Users/fukushimatakumi/Library/Developer/Xcode/DerivedData/SugarBeat-hgoxfxbbugxkfsbmqcjlbmjeaqyg/Build/Products/Debug-iphonesimulator/PackageFrameworks -F/Users/fukushimatakumi/Library/Developer/Xcode/DerivedData/SugarBeat-hgoxfxbbugxkfsbmqcjlbmjeaqyg/Build/Products/Debug-iphonesimulator/PackageFrameworks -F/Users/fukushimatakumi/Library/Developer/Xcode/DerivedData/SugarBeat-hgoxfxbbugxkfsbmqcjlbmjeaqyg/Build/Products/Debug-iphonesimulator/PackageFrameworks -F/Users/fukushimatakumi/Library/Developer/Xcode/DerivedData/SugarBeat-hgoxfxbbugxkfsbmqcjlbmjeaqyg/Build/Products/Debug-iphonesimulator -iframework /Applications/Xcode.app/Contents/Developer/Platforms/iPhoneSimulator.platform/Developer/Library/Frameworks -iframework /Applications/Xcode.app/Contents/Developer/Platforms/iPhoneSimulator.platform/Developer/SDKs/iPhoneSimulator18.4.sdk/Developer/Library/Frameworks '-fmodule-map-file=/Users/fukushimatakumi/Library/Developer/Xcode/DerivedData/SugarBeat-hgoxfxbbugxkfsbmqcjlbmjeaqyg/Build/Intermediates.noindex/GeneratedModuleMaps-iphonesimulator/GoogleUtilities-NSData.modulemap' '-fmodule-map-file=/Users/fukushimatakumi/Library/Developer/Xcode/DerivedData/SugarBeat-hgoxfxbbugxkfsbmqcjlbmjeaqyg/Build/Intermediates.noindex/GeneratedModuleMaps-iphonesimulator/GoogleUtilities-Environment.modulemap' '-fmodule-map-file=/Users/fukushimatakumi/Library/Developer/Xcode/DerivedData/SugarBeat-hgoxfxbbugxkfsbmqcjlbmjeaqyg/Build/Intermediates.noindex/GeneratedModuleMaps-iphonesimulator/third-party-IsAppEncrypted.modulemap' '-fmodule-map-file=/Users/fukushimatakumi/Library/Developer/Xcode/DerivedData/SugarBeat-hgoxfxbbugxkfsbmqcjlbmjeaqyg/Build/Intermediates.noindex/GeneratedModuleMaps-iphonesimulator/GoogleUtilities-Logger.modulemap' '-fmodule-map-file=/Users/fukushimatakumi/Library/Developer/Xcode/DerivedData/SugarBeat-hgoxfxbbugxkfsbmqcjlbmjeaqyg/Build/Intermediates.noindex/GeneratedModuleMaps-iphonesimulator/FirebaseCoreInternal.modulemap' -DXcode

WriteAuxiliaryFile /Users/fukushimatakumi/Library/Developer/Xcode/DerivedData/SugarBeat-hgoxfxbbugxkfsbmqcjlbmjeaqyg/Build/Intermediates.noindex/Firebase.build/Debug-iphonesimulator/FirebaseCore.build/Objects-normal/arm64/FirebaseCore.LinkFileList (in target 'FirebaseCore' from project 'Firebase')
    cd /Users/fukushimatakumi/Library/Developer/Xcode/DerivedData/SugarBeat-hgoxfxbbugxkfsbmqcjlbmjeaqyg/SourcePackages/checkouts/firebase-ios-sdk
    write-file /Users/fukushimatakumi/Library/Developer/Xcode/DerivedData/SugarBeat-hgoxfxbbugxkfsbmqcjlbmjeaqyg/Build/Intermediates.noindex/Firebase.build/Debug-iphonesimulator/FirebaseCore.build/Objects-normal/arm64/FirebaseCore.LinkFileList

WriteAuxiliaryFile /Users/fukushimatakumi/Library/Developer/Xcode/DerivedData/SugarBeat-hgoxfxbbugxkfsbmqcjlbmjeaqyg/Build/Intermediates.noindex/Firebase.build/Debug-iphonesimulator/FirebaseCore.build/FirebaseCore.modulemap (in target 'FirebaseCore' from project 'Firebase')
    cd /Users/fukushimatakumi/Library/Developer/Xcode/DerivedData/SugarBeat-hgoxfxbbugxkfsbmqcjlbmjeaqyg/SourcePackages/checkouts/firebase-ios-sdk
    write-file /Users/fukushimatakumi/Library/Developer/Xcode/DerivedData/SugarBeat-hgoxfxbbugxkfsbmqcjlbmjeaqyg/Build/Intermediates.noindex/Firebase.build/Debug-iphonesimulator/FirebaseCore.build/FirebaseCore.modulemap

WriteAuxiliaryFile /Users/fukushimatakumi/Library/Developer/Xcode/DerivedData/SugarBeat-hgoxfxbbugxkfsbmqcjlbmjeaqyg/Build/Intermediates.noindex/Firebase.build/Debug-iphonesimulator/FirebaseCore.build/FirebaseCore.DependencyStaticMetadataFileList (in target 'FirebaseCore' from project 'Firebase')
    cd /Users/fukushimatakumi/Library/Developer/Xcode/DerivedData/SugarBeat-hgoxfxbbugxkfsbmqcjlbmjeaqyg/SourcePackages/checkouts/firebase-ios-sdk
    write-file /Users/fukushimatakumi/Library/Developer/Xcode/DerivedData/SugarBeat-hgoxfxbbugxkfsbmqcjlbmjeaqyg/Build/Intermediates.noindex/Firebase.build/Debug-iphonesimulator/FirebaseCore.build/FirebaseCore.DependencyStaticMetadataFileList

WriteAuxiliaryFile /Users/fukushimatakumi/Library/Developer/Xcode/DerivedData/SugarBeat-hgoxfxbbugxkfsbmqcjlbmjeaqyg/Build/Intermediates.noindex/Firebase.build/Debug-iphonesimulator/FirebaseCore.build/FirebaseCore.DependencyMetadataFileList (in target 'FirebaseCore' from project 'Firebase')
    cd /Users/fukushimatakumi/Library/Developer/Xcode/DerivedData/SugarBeat-hgoxfxbbugxkfsbmqcjlbmjeaqyg/SourcePackages/checkouts/firebase-ios-sdk
    write-file /Users/fukushimatakumi/Library/Developer/Xcode/DerivedData/SugarBeat-hgoxfxbbugxkfsbmqcjlbmjeaqyg/Build/Intermediates.noindex/Firebase.build/Debug-iphonesimulator/FirebaseCore.build/FirebaseCore.DependencyMetadataFileList

WriteAuxiliaryFile /Users/fukushimatakumi/Library/Developer/Xcode/DerivedData/SugarBeat-hgoxfxbbugxkfsbmqcjlbmjeaqyg/Build/Intermediates.noindex/Firebase.build/Debug-iphonesimulator/FirebaseCore.build/DerivedSources/resource_bundle_accessor.m (in target 'FirebaseCore' from project 'Firebase')
    cd /Users/fukushimatakumi/Library/Developer/Xcode/DerivedData/SugarBeat-hgoxfxbbugxkfsbmqcjlbmjeaqyg/SourcePackages/checkouts/firebase-ios-sdk
    write-file /Users/fukushimatakumi/Library/Developer/Xcode/DerivedData/SugarBeat-hgoxfxbbugxkfsbmqcjlbmjeaqyg/Build/Intermediates.noindex/Firebase.build/Debug-iphonesimulator/FirebaseCore.build/DerivedSources/resource_bundle_accessor.m

WriteAuxiliaryFile /Users/fukushimatakumi/Library/Developer/Xcode/DerivedData/SugarBeat-hgoxfxbbugxkfsbmqcjlbmjeaqyg/Build/Intermediates.noindex/Firebase.build/Debug-iphonesimulator/FirebaseCore.build/DerivedSources/resource_bundle_accessor.h (in target 'FirebaseCore' from project 'Firebase')
    cd /Users/fukushimatakumi/Library/Developer/Xcode/DerivedData/SugarBeat-hgoxfxbbugxkfsbmqcjlbmjeaqyg/SourcePackages/checkouts/firebase-ios-sdk
    write-file /Users/fukushimatakumi/Library/Developer/Xcode/DerivedData/SugarBeat-hgoxfxbbugxkfsbmqcjlbmjeaqyg/Build/Intermediates.noindex/Firebase.build/Debug-iphonesimulator/FirebaseCore.build/DerivedSources/resource_bundle_accessor.h

WriteAuxiliaryFile /Users/fukushimatakumi/Library/Developer/Xcode/DerivedData/SugarBeat-hgoxfxbbugxkfsbmqcjlbmjeaqyg/Build/Intermediates.noindex/Firebase.build/Debug-iphonesimulator/FirebaseAuthInterop.build/Objects-normal/arm64/e6072d4f65d7061329687fe24e3d63a7-common-args.resp (in target 'FirebaseAuthInterop' from project 'Firebase')
    cd /Users/fukushimatakumi/Library/Developer/Xcode/DerivedData/SugarBeat-hgoxfxbbugxkfsbmqcjlbmjeaqyg/SourcePackages/checkouts/firebase-ios-sdk
    write-file /Users/fukushimatakumi/Library/Developer/Xcode/DerivedData/SugarBeat-hgoxfxbbugxkfsbmqcjlbmjeaqyg/Build/Intermediates.noindex/Firebase.build/Debug-iphonesimulator/FirebaseAuthInterop.build/Objects-normal/arm64/e6072d4f65d7061329687fe24e3d63a7-common-args.resp
-target arm64-apple-ios15.0-simulator -fobjc-arc -fmodules -gmodules '-fmodules-cache-path=/Users/fukushimatakumi/Library/Developer/Xcode/DerivedData/ModuleCache.noindex' '-fmodule-name=FirebaseAuthInterop' -fpascal-strings -O0 -DSWIFT_PACKAGE '-DDEBUG=1' '-DOBJC_OLD_DISPATCH_PROTOTYPES=1' -isysroot /Applications/Xcode.app/Contents/Developer/Platforms/iPhoneSimulator.platform/Developer/SDKs/iPhoneSimulator18.4.sdk -g '-fobjc-abi-version=2' -fobjc-legacy-dispatch -I/Users/fukushimatakumi/Library/Developer/Xcode/DerivedData/SugarBeat-hgoxfxbbugxkfsbmqcjlbmjeaqyg/Build/Products/Debug-iphonesimulator/include -I/Users/fukushimatakumi/Library/Developer/Xcode/DerivedData/SugarBeat-hgoxfxbbugxkfsbmqcjlbmjeaqyg/SourcePackages/checkouts/firebase-ios-sdk/FirebaseAuth/Interop/Public -I/Users/fukushimatakumi/Library/Developer/Xcode/DerivedData/SugarBeat-hgoxfxbbugxkfsbmqcjlbmjeaqyg/SourcePackages/checkouts/firebase-ios-sdk -I/Users/fukushimatakumi/Library/Developer/Xcode/DerivedData/SugarBeat-hgoxfxbbugxkfsbmqcjlbmjeaqyg/Build/Intermediates.noindex/Firebase.build/Debug-iphonesimulator/FirebaseAuthInterop.build/DerivedSources-normal/arm64 -I/Users/fukushimatakumi/Library/Developer/Xcode/DerivedData/SugarBeat-hgoxfxbbugxkfsbmqcjlbmjeaqyg/Build/Intermediates.noindex/Firebase.build/Debug-iphonesimulator/FirebaseAuthInterop.build/DerivedSources/arm64 -I/Users/fukushimatakumi/Library/Developer/Xcode/DerivedData/SugarBeat-hgoxfxbbugxkfsbmqcjlbmjeaqyg/Build/Intermediates.noindex/Firebase.build/Debug-iphonesimulator/FirebaseAuthInterop.build/DerivedSources -F/Users/fukushimatakumi/Library/Developer/Xcode/DerivedData/SugarBeat-hgoxfxbbugxkfsbmqcjlbmjeaqyg/Build/Products/Debug-iphonesimulator -iframework /Applications/Xcode.app/Contents/Developer/Platforms/iPhoneSimulator.platform/Developer/Library/Frameworks -iframework /Applications/Xcode.app/Contents/Developer/Platforms/iPhoneSimulator.platform/Developer/SDKs/iPhoneSimulator18.4.sdk/Developer/Library/Frameworks -DXcode

WriteAuxiliaryFile /Users/fukushimatakumi/Library/Developer/Xcode/DerivedData/SugarBeat-hgoxfxbbugxkfsbmqcjlbmjeaqyg/Build/Intermediates.noindex/Firebase.build/Debug-iphonesimulator/FirebaseAuthInterop.build/Objects-normal/arm64/FirebaseAuthInterop.LinkFileList (in target 'FirebaseAuthInterop' from project 'Firebase')
    cd /Users/fukushimatakumi/Library/Developer/Xcode/DerivedData/SugarBeat-hgoxfxbbugxkfsbmqcjlbmjeaqyg/SourcePackages/checkouts/firebase-ios-sdk
    write-file /Users/fukushimatakumi/Library/Developer/Xcode/DerivedData/SugarBeat-hgoxfxbbugxkfsbmqcjlbmjeaqyg/Build/Intermediates.noindex/Firebase.build/Debug-iphonesimulator/FirebaseAuthInterop.build/Objects-normal/arm64/FirebaseAuthInterop.LinkFileList

WriteAuxiliaryFile /Users/fukushimatakumi/Library/Developer/Xcode/DerivedData/SugarBeat-hgoxfxbbugxkfsbmqcjlbmjeaqyg/Build/Intermediates.noindex/Firebase.build/Debug-iphonesimulator/FirebaseAuthInterop.build/FirebaseAuthInterop.modulemap (in target 'FirebaseAuthInterop' from project 'Firebase')
    cd /Users/fukushimatakumi/Library/Developer/Xcode/DerivedData/SugarBeat-hgoxfxbbugxkfsbmqcjlbmjeaqyg/SourcePackages/checkouts/firebase-ios-sdk
    write-file /Users/fukushimatakumi/Library/Developer/Xcode/DerivedData/SugarBeat-hgoxfxbbugxkfsbmqcjlbmjeaqyg/Build/Intermediates.noindex/Firebase.build/Debug-iphonesimulator/FirebaseAuthInterop.build/FirebaseAuthInterop.modulemap

WriteAuxiliaryFile /Users/fukushimatakumi/Library/Developer/Xcode/DerivedData/SugarBeat-hgoxfxbbugxkfsbmqcjlbmjeaqyg/Build/Intermediates.noindex/Firebase.build/Debug-iphonesimulator/FirebaseAuthInterop.build/FirebaseAuthInterop.DependencyStaticMetadataFileList (in target 'FirebaseAuthInterop' from project 'Firebase')
    cd /Users/fukushimatakumi/Library/Developer/Xcode/DerivedData/SugarBeat-hgoxfxbbugxkfsbmqcjlbmjeaqyg/SourcePackages/checkouts/firebase-ios-sdk
    write-file /Users/fukushimatakumi/Library/Developer/Xcode/DerivedData/SugarBeat-hgoxfxbbugxkfsbmqcjlbmjeaqyg/Build/Intermediates.noindex/Firebase.build/Debug-iphonesimulator/FirebaseAuthInterop.build/FirebaseAuthInterop.DependencyStaticMetadataFileList

WriteAuxiliaryFile /Users/fukushimatakumi/Library/Developer/Xcode/DerivedData/SugarBeat-hgoxfxbbugxkfsbmqcjlbmjeaqyg/Build/Intermediates.noindex/Firebase.build/Debug-iphonesimulator/FirebaseAuthInterop.build/FirebaseAuthInterop.DependencyMetadataFileList (in target 'FirebaseAuthInterop' from project 'Firebase')
    cd /Users/fukushimatakumi/Library/Developer/Xcode/DerivedData/SugarBeat-hgoxfxbbugxkfsbmqcjlbmjeaqyg/SourcePackages/checkouts/firebase-ios-sdk
    write-file /Users/fukushimatakumi/Library/Developer/Xcode/DerivedData/SugarBeat-hgoxfxbbugxkfsbmqcjlbmjeaqyg/Build/Intermediates.noindex/Firebase.build/Debug-iphonesimulator/FirebaseAuthInterop.build/FirebaseAuthInterop.DependencyMetadataFileList

WriteAuxiliaryFile /Users/fukushimatakumi/Library/Developer/Xcode/DerivedData/SugarBeat-hgoxfxbbugxkfsbmqcjlbmjeaqyg/Build/Intermediates.noindex/Firebase.build/Debug-iphonesimulator/FirebaseAuthInternal.build/Objects-normal/arm64/FirebaseAuthInternal.LinkFileList (in target 'FirebaseAuthInternal' from project 'Firebase')
    cd /Users/fukushimatakumi/Library/Developer/Xcode/DerivedData/SugarBeat-hgoxfxbbugxkfsbmqcjlbmjeaqyg/SourcePackages/checkouts/firebase-ios-sdk
    write-file /Users/fukushimatakumi/Library/Developer/Xcode/DerivedData/SugarBeat-hgoxfxbbugxkfsbmqcjlbmjeaqyg/Build/Intermediates.noindex/Firebase.build/Debug-iphonesimulator/FirebaseAuthInternal.build/Objects-normal/arm64/FirebaseAuthInternal.LinkFileList

WriteAuxiliaryFile /Users/fukushimatakumi/Library/Developer/Xcode/DerivedData/SugarBeat-hgoxfxbbugxkfsbmqcjlbmjeaqyg/Build/Intermediates.noindex/Firebase.build/Debug-iphonesimulator/FirebaseAuthInternal.build/Objects-normal/arm64/e6072d4f65d7061329687fe24e3d63a7-common-args.resp (in target 'FirebaseAuthInternal' from project 'Firebase')
    cd /Users/fukushimatakumi/Library/Developer/Xcode/DerivedData/SugarBeat-hgoxfxbbugxkfsbmqcjlbmjeaqyg/SourcePackages/checkouts/firebase-ios-sdk
    write-file /Users/fukushimatakumi/Library/Developer/Xcode/DerivedData/SugarBeat-hgoxfxbbugxkfsbmqcjlbmjeaqyg/Build/Intermediates.noindex/Firebase.build/Debug-iphonesimulator/FirebaseAuthInternal.build/Objects-normal/arm64/e6072d4f65d7061329687fe24e3d63a7-common-args.resp
-target arm64-apple-ios15.0-simulator -fobjc-arc -fmodules -gmodules '-fmodules-cache-path=/Users/fukushimatakumi/Library/Developer/Xcode/DerivedData/ModuleCache.noindex' '-fmodule-name=FirebaseAuthInternal' -fpascal-strings -O0 -DSWIFT_PACKAGE '-DDEBUG=1' '-DOBJC_OLD_DISPATCH_PROTOTYPES=1' -isysroot /Applications/Xcode.app/Contents/Developer/Platforms/iPhoneSimulator.platform/Developer/SDKs/iPhoneSimulator18.4.sdk -g '-fobjc-abi-version=2' -fobjc-legacy-dispatch -I/Users/fukushimatakumi/Library/Developer/Xcode/DerivedData/SugarBeat-hgoxfxbbugxkfsbmqcjlbmjeaqyg/SourcePackages/checkouts/interop-ios-for-google-sdks/RecaptchaEnterprise/RecaptchaInterop/Public -I/Users/fukushimatakumi/Library/Developer/Xcode/DerivedData/SugarBeat-hgoxfxbbugxkfsbmqcjlbmjeaqyg/Build/Products/Debug-iphonesimulator/include -I/Users/fukushimatakumi/Library/Developer/Xcode/DerivedData/SugarBeat-hgoxfxbbugxkfsbmqcjlbmjeaqyg/SourcePackages/checkouts/firebase-ios-sdk/FirebaseAuth/Sources/Public -I/Users/fukushimatakumi/Library/Developer/Xcode/DerivedData/SugarBeat-hgoxfxbbugxkfsbmqcjlbmjeaqyg/SourcePackages/checkouts/firebase-ios-sdk -I/Users/fukushimatakumi/Library/Developer/Xcode/DerivedData/SugarBeat-hgoxfxbbugxkfsbmqcjlbmjeaqyg/Build/Intermediates.noindex/Firebase.build/Debug-iphonesimulator/FirebaseAuthInternal.build/DerivedSources-normal/arm64 -I/Users/fukushimatakumi/Library/Developer/Xcode/DerivedData/SugarBeat-hgoxfxbbugxkfsbmqcjlbmjeaqyg/Build/Intermediates.noindex/Firebase.build/Debug-iphonesimulator/FirebaseAuthInternal.build/DerivedSources/arm64 -I/Users/fukushimatakumi/Library/Developer/Xcode/DerivedData/SugarBeat-hgoxfxbbugxkfsbmqcjlbmjeaqyg/Build/Intermediates.noindex/Firebase.build/Debug-iphonesimulator/FirebaseAuthInternal.build/DerivedSources -F/Users/fukushimatakumi/Library/Developer/Xcode/DerivedData/SugarBeat-hgoxfxbbugxkfsbmqcjlbmjeaqyg/Build/Products/Debug-iphonesimulator/PackageFrameworks -F/Users/fukushimatakumi/Library/Developer/Xcode/DerivedData/SugarBeat-hgoxfxbbugxkfsbmqcjlbmjeaqyg/Build/Products/Debug-iphonesimulator -iframework /Applications/Xcode.app/Contents/Developer/Platforms/iPhoneSimulator.platform/Developer/Library/Frameworks -iframework /Applications/Xcode.app/Contents/Developer/Platforms/iPhoneSimulator.platform/Developer/SDKs/iPhoneSimulator18.4.sdk/Developer/Library/Frameworks '-fmodule-map-file=/Users/fukushimatakumi/Library/Developer/Xcode/DerivedData/SugarBeat-hgoxfxbbugxkfsbmqcjlbmjeaqyg/Build/Intermediates.noindex/GeneratedModuleMaps-iphonesimulator/RecaptchaInterop.modulemap' -DXcode

WriteAuxiliaryFile /Users/fukushimatakumi/Library/Developer/Xcode/DerivedData/SugarBeat-hgoxfxbbugxkfsbmqcjlbmjeaqyg/Build/Intermediates.noindex/Firebase.build/Debug-iphonesimulator/FirebaseAuthInternal.build/FirebaseAuthInternal.modulemap (in target 'FirebaseAuthInternal' from project 'Firebase')
    cd /Users/fukushimatakumi/Library/Developer/Xcode/DerivedData/SugarBeat-hgoxfxbbugxkfsbmqcjlbmjeaqyg/SourcePackages/checkouts/firebase-ios-sdk
    write-file /Users/fukushimatakumi/Library/Developer/Xcode/DerivedData/SugarBeat-hgoxfxbbugxkfsbmqcjlbmjeaqyg/Build/Intermediates.noindex/Firebase.build/Debug-iphonesimulator/FirebaseAuthInternal.build/FirebaseAuthInternal.modulemap

WriteAuxiliaryFile /Users/fukushimatakumi/Library/Developer/Xcode/DerivedData/SugarBeat-hgoxfxbbugxkfsbmqcjlbmjeaqyg/Build/Intermediates.noindex/Firebase.build/Debug-iphonesimulator/FirebaseAuthInternal.build/FirebaseAuthInternal.DependencyStaticMetadataFileList (in target 'FirebaseAuthInternal' from project 'Firebase')
    cd /Users/fukushimatakumi/Library/Developer/Xcode/DerivedData/SugarBeat-hgoxfxbbugxkfsbmqcjlbmjeaqyg/SourcePackages/checkouts/firebase-ios-sdk
    write-file /Users/fukushimatakumi/Library/Developer/Xcode/DerivedData/SugarBeat-hgoxfxbbugxkfsbmqcjlbmjeaqyg/Build/Intermediates.noindex/Firebase.build/Debug-iphonesimulator/FirebaseAuthInternal.build/FirebaseAuthInternal.DependencyStaticMetadataFileList

WriteAuxiliaryFile /Users/fukushimatakumi/Library/Developer/Xcode/DerivedData/SugarBeat-hgoxfxbbugxkfsbmqcjlbmjeaqyg/Build/Intermediates.noindex/Firebase.build/Debug-iphonesimulator/FirebaseAuthInternal.build/FirebaseAuthInternal.DependencyMetadataFileList (in target 'FirebaseAuthInternal' from project 'Firebase')
    cd /Users/fukushimatakumi/Library/Developer/Xcode/DerivedData/SugarBeat-hgoxfxbbugxkfsbmqcjlbmjeaqyg/SourcePackages/checkouts/firebase-ios-sdk
    write-file /Users/fukushimatakumi/Library/Developer/Xcode/DerivedData/SugarBeat-hgoxfxbbugxkfsbmqcjlbmjeaqyg/Build/Intermediates.noindex/Firebase.build/Debug-iphonesimulator/FirebaseAuthInternal.build/FirebaseAuthInternal.DependencyMetadataFileList

WriteAuxiliaryFile /Users/fukushimatakumi/Library/Developer/Xcode/DerivedData/SugarBeat-hgoxfxbbugxkfsbmqcjlbmjeaqyg/Build/Intermediates.noindex/Firebase.build/Debug-iphonesimulator/FirebaseAuth.build/Objects-normal/arm64/FirebaseAuth.SwiftFileList (in target 'FirebaseAuth' from project 'Firebase')
    cd /Users/fukushimatakumi/Library/Developer/Xcode/DerivedData/SugarBeat-hgoxfxbbugxkfsbmqcjlbmjeaqyg/SourcePackages/checkouts/firebase-ios-sdk
    write-file /Users/fukushimatakumi/Library/Developer/Xcode/DerivedData/SugarBeat-hgoxfxbbugxkfsbmqcjlbmjeaqyg/Build/Intermediates.noindex/Firebase.build/Debug-iphonesimulator/FirebaseAuth.build/Objects-normal/arm64/FirebaseAuth.SwiftFileList

WriteAuxiliaryFile /Users/fukushimatakumi/Library/Developer/Xcode/DerivedData/SugarBeat-hgoxfxbbugxkfsbmqcjlbmjeaqyg/Build/Intermediates.noindex/Firebase.build/Debug-iphonesimulator/FirebaseAuth.build/Objects-normal/arm64/FirebaseAuth_const_extract_protocols.json (in target 'FirebaseAuth' from project 'Firebase')
    cd /Users/fukushimatakumi/Library/Developer/Xcode/DerivedData/SugarBeat-hgoxfxbbugxkfsbmqcjlbmjeaqyg/SourcePackages/checkouts/firebase-ios-sdk
    write-file /Users/fukushimatakumi/Library/Developer/Xcode/DerivedData/SugarBeat-hgoxfxbbugxkfsbmqcjlbmjeaqyg/Build/Intermediates.noindex/Firebase.build/Debug-iphonesimulator/FirebaseAuth.build/Objects-normal/arm64/FirebaseAuth_const_extract_protocols.json

WriteAuxiliaryFile /Users/fukushimatakumi/Library/Developer/Xcode/DerivedData/SugarBeat-hgoxfxbbugxkfsbmqcjlbmjeaqyg/Build/Intermediates.noindex/Firebase.build/Debug-iphonesimulator/FirebaseAuth.build/Objects-normal/arm64/FirebaseAuth.SwiftConstValuesFileList (in target 'FirebaseAuth' from project 'Firebase')
    cd /Users/fukushimatakumi/Library/Developer/Xcode/DerivedData/SugarBeat-hgoxfxbbugxkfsbmqcjlbmjeaqyg/SourcePackages/checkouts/firebase-ios-sdk
    write-file /Users/fukushimatakumi/Library/Developer/Xcode/DerivedData/SugarBeat-hgoxfxbbugxkfsbmqcjlbmjeaqyg/Build/Intermediates.noindex/Firebase.build/Debug-iphonesimulator/FirebaseAuth.build/Objects-normal/arm64/FirebaseAuth.SwiftConstValuesFileList

WriteAuxiliaryFile /Users/fukushimatakumi/Library/Developer/Xcode/DerivedData/SugarBeat-hgoxfxbbugxkfsbmqcjlbmjeaqyg/Build/Intermediates.noindex/Firebase.build/Debug-iphonesimulator/FirebaseAuth.build/Objects-normal/arm64/FirebaseAuth.LinkFileList (in target 'FirebaseAuth' from project 'Firebase')
    cd /Users/fukushimatakumi/Library/Developer/Xcode/DerivedData/SugarBeat-hgoxfxbbugxkfsbmqcjlbmjeaqyg/SourcePackages/checkouts/firebase-ios-sdk
    write-file /Users/fukushimatakumi/Library/Developer/Xcode/DerivedData/SugarBeat-hgoxfxbbugxkfsbmqcjlbmjeaqyg/Build/Intermediates.noindex/Firebase.build/Debug-iphonesimulator/FirebaseAuth.build/Objects-normal/arm64/FirebaseAuth.LinkFileList

WriteAuxiliaryFile /Users/fukushimatakumi/Library/Developer/Xcode/DerivedData/SugarBeat-hgoxfxbbugxkfsbmqcjlbmjeaqyg/Build/Intermediates.noindex/Firebase.build/Debug-iphonesimulator/FirebaseAuth.build/Objects-normal/arm64/FirebaseAuth-OutputFileMap.json (in target 'FirebaseAuth' from project 'Firebase')
    cd /Users/fukushimatakumi/Library/Developer/Xcode/DerivedData/SugarBeat-hgoxfxbbugxkfsbmqcjlbmjeaqyg/SourcePackages/checkouts/firebase-ios-sdk
    write-file /Users/fukushimatakumi/Library/Developer/Xcode/DerivedData/SugarBeat-hgoxfxbbugxkfsbmqcjlbmjeaqyg/Build/Intermediates.noindex/Firebase.build/Debug-iphonesimulator/FirebaseAuth.build/Objects-normal/arm64/FirebaseAuth-OutputFileMap.json

WriteAuxiliaryFile /Users/fukushimatakumi/Library/Developer/Xcode/DerivedData/SugarBeat-hgoxfxbbugxkfsbmqcjlbmjeaqyg/Build/Intermediates.noindex/Firebase.build/Debug-iphonesimulator/FirebaseAuth.build/FirebaseAuth.modulemap (in target 'FirebaseAuth' from project 'Firebase')
    cd /Users/fukushimatakumi/Library/Developer/Xcode/DerivedData/SugarBeat-hgoxfxbbugxkfsbmqcjlbmjeaqyg/SourcePackages/checkouts/firebase-ios-sdk
    write-file /Users/fukushimatakumi/Library/Developer/Xcode/DerivedData/SugarBeat-hgoxfxbbugxkfsbmqcjlbmjeaqyg/Build/Intermediates.noindex/Firebase.build/Debug-iphonesimulator/FirebaseAuth.build/FirebaseAuth.modulemap

WriteAuxiliaryFile /Users/fukushimatakumi/Library/Developer/Xcode/DerivedData/SugarBeat-hgoxfxbbugxkfsbmqcjlbmjeaqyg/Build/Intermediates.noindex/Firebase.build/Debug-iphonesimulator/FirebaseAuth.build/FirebaseAuth.DependencyStaticMetadataFileList (in target 'FirebaseAuth' from project 'Firebase')
    cd /Users/fukushimatakumi/Library/Developer/Xcode/DerivedData/SugarBeat-hgoxfxbbugxkfsbmqcjlbmjeaqyg/SourcePackages/checkouts/firebase-ios-sdk
    write-file /Users/fukushimatakumi/Library/Developer/Xcode/DerivedData/SugarBeat-hgoxfxbbugxkfsbmqcjlbmjeaqyg/Build/Intermediates.noindex/Firebase.build/Debug-iphonesimulator/FirebaseAuth.build/FirebaseAuth.DependencyStaticMetadataFileList

WriteAuxiliaryFile /Users/fukushimatakumi/Library/Developer/Xcode/DerivedData/SugarBeat-hgoxfxbbugxkfsbmqcjlbmjeaqyg/Build/Intermediates.noindex/Firebase.build/Debug-iphonesimulator/FirebaseAuth.build/FirebaseAuth.DependencyMetadataFileList (in target 'FirebaseAuth' from project 'Firebase')
    cd /Users/fukushimatakumi/Library/Developer/Xcode/DerivedData/SugarBeat-hgoxfxbbugxkfsbmqcjlbmjeaqyg/SourcePackages/checkouts/firebase-ios-sdk
    write-file /Users/fukushimatakumi/Library/Developer/Xcode/DerivedData/SugarBeat-hgoxfxbbugxkfsbmqcjlbmjeaqyg/Build/Intermediates.noindex/Firebase.build/Debug-iphonesimulator/FirebaseAuth.build/FirebaseAuth.DependencyMetadataFileList

WriteAuxiliaryFile /Users/fukushimatakumi/Library/Developer/Xcode/DerivedData/SugarBeat-hgoxfxbbugxkfsbmqcjlbmjeaqyg/Build/Intermediates.noindex/Firebase.build/Debug-iphonesimulator/FirebaseAuth.build/DerivedSources/resource_bundle_accessor.swift (in target 'FirebaseAuth' from project 'Firebase')
    cd /Users/fukushimatakumi/Library/Developer/Xcode/DerivedData/SugarBeat-hgoxfxbbugxkfsbmqcjlbmjeaqyg/SourcePackages/checkouts/firebase-ios-sdk
    write-file /Users/fukushimatakumi/Library/Developer/Xcode/DerivedData/SugarBeat-hgoxfxbbugxkfsbmqcjlbmjeaqyg/Build/Intermediates.noindex/Firebase.build/Debug-iphonesimulator/FirebaseAuth.build/DerivedSources/resource_bundle_accessor.swift

WriteAuxiliaryFile /Users/fukushimatakumi/Library/Developer/Xcode/DerivedData/SugarBeat-hgoxfxbbugxkfsbmqcjlbmjeaqyg/Build/Intermediates.noindex/Firebase.build/Debug-iphonesimulator/FirebaseAppCheckInterop.build/Objects-normal/arm64/e6072d4f65d7061329687fe24e3d63a7-common-args.resp (in target 'FirebaseAppCheckInterop' from project 'Firebase')
    cd /Users/fukushimatakumi/Library/Developer/Xcode/DerivedData/SugarBeat-hgoxfxbbugxkfsbmqcjlbmjeaqyg/SourcePackages/checkouts/firebase-ios-sdk
    write-file /Users/fukushimatakumi/Library/Developer/Xcode/DerivedData/SugarBeat-hgoxfxbbugxkfsbmqcjlbmjeaqyg/Build/Intermediates.noindex/Firebase.build/Debug-iphonesimulator/FirebaseAppCheckInterop.build/Objects-normal/arm64/e6072d4f65d7061329687fe24e3d63a7-common-args.resp
-target arm64-apple-ios15.0-simulator -fobjc-arc -fmodules -gmodules '-fmodules-cache-path=/Users/fukushimatakumi/Library/Developer/Xcode/DerivedData/ModuleCache.noindex' '-fmodule-name=FirebaseAppCheckInterop' -fpascal-strings -O0 -DSWIFT_PACKAGE '-DDEBUG=1' '-DOBJC_OLD_DISPATCH_PROTOTYPES=1' -isysroot /Applications/Xcode.app/Contents/Developer/Platforms/iPhoneSimulator.platform/Developer/SDKs/iPhoneSimulator18.4.sdk -g '-fobjc-abi-version=2' -fobjc-legacy-dispatch -I/Users/fukushimatakumi/Library/Developer/Xcode/DerivedData/SugarBeat-hgoxfxbbugxkfsbmqcjlbmjeaqyg/Build/Products/Debug-iphonesimulator/include -I/Users/fukushimatakumi/Library/Developer/Xcode/DerivedData/SugarBeat-hgoxfxbbugxkfsbmqcjlbmjeaqyg/SourcePackages/checkouts/firebase-ios-sdk/FirebaseAppCheck/Interop/Public -I/Users/fukushimatakumi/Library/Developer/Xcode/DerivedData/SugarBeat-hgoxfxbbugxkfsbmqcjlbmjeaqyg/SourcePackages/checkouts/firebase-ios-sdk -I/Users/fukushimatakumi/Library/Developer/Xcode/DerivedData/SugarBeat-hgoxfxbbugxkfsbmqcjlbmjeaqyg/Build/Intermediates.noindex/Firebase.build/Debug-iphonesimulator/FirebaseAppCheckInterop.build/DerivedSources-normal/arm64 -I/Users/fukushimatakumi/Library/Developer/Xcode/DerivedData/SugarBeat-hgoxfxbbugxkfsbmqcjlbmjeaqyg/Build/Intermediates.noindex/Firebase.build/Debug-iphonesimulator/FirebaseAppCheckInterop.build/DerivedSources/arm64 -I/Users/fukushimatakumi/Library/Developer/Xcode/DerivedData/SugarBeat-hgoxfxbbugxkfsbmqcjlbmjeaqyg/Build/Intermediates.noindex/Firebase.build/Debug-iphonesimulator/FirebaseAppCheckInterop.build/DerivedSources -F/Users/fukushimatakumi/Library/Developer/Xcode/DerivedData/SugarBeat-hgoxfxbbugxkfsbmqcjlbmjeaqyg/Build/Products/Debug-iphonesimulator -iframework /Applications/Xcode.app/Contents/Developer/Platforms/iPhoneSimulator.platform/Developer/Library/Frameworks -iframework /Applications/Xcode.app/Contents/Developer/Platforms/iPhoneSimulator.platform/Developer/SDKs/iPhoneSimulator18.4.sdk/Developer/Library/Frameworks -DXcode

WriteAuxiliaryFile /Users/fukushimatakumi/Library/Developer/Xcode/DerivedData/SugarBeat-hgoxfxbbugxkfsbmqcjlbmjeaqyg/Build/Intermediates.noindex/Firebase.build/Debug-iphonesimulator/FirebaseAppCheckInterop.build/Objects-normal/arm64/FirebaseAppCheckInterop.LinkFileList (in target 'FirebaseAppCheckInterop' from project 'Firebase')
    cd /Users/fukushimatakumi/Library/Developer/Xcode/DerivedData/SugarBeat-hgoxfxbbugxkfsbmqcjlbmjeaqyg/SourcePackages/checkouts/firebase-ios-sdk
    write-file /Users/fukushimatakumi/Library/Developer/Xcode/DerivedData/SugarBeat-hgoxfxbbugxkfsbmqcjlbmjeaqyg/Build/Intermediates.noindex/Firebase.build/Debug-iphonesimulator/FirebaseAppCheckInterop.build/Objects-normal/arm64/FirebaseAppCheckInterop.LinkFileList

WriteAuxiliaryFile /Users/fukushimatakumi/Library/Developer/Xcode/DerivedData/SugarBeat-hgoxfxbbugxkfsbmqcjlbmjeaqyg/Build/Intermediates.noindex/Firebase.build/Debug-iphonesimulator/FirebaseAppCheckInterop.build/FirebaseAppCheckInterop.modulemap (in target 'FirebaseAppCheckInterop' from project 'Firebase')
    cd /Users/fukushimatakumi/Library/Developer/Xcode/DerivedData/SugarBeat-hgoxfxbbugxkfsbmqcjlbmjeaqyg/SourcePackages/checkouts/firebase-ios-sdk
    write-file /Users/fukushimatakumi/Library/Developer/Xcode/DerivedData/SugarBeat-hgoxfxbbugxkfsbmqcjlbmjeaqyg/Build/Intermediates.noindex/Firebase.build/Debug-iphonesimulator/FirebaseAppCheckInterop.build/FirebaseAppCheckInterop.modulemap

WriteAuxiliaryFile /Users/fukushimatakumi/Library/Developer/Xcode/DerivedData/SugarBeat-hgoxfxbbugxkfsbmqcjlbmjeaqyg/Build/Intermediates.noindex/Firebase.build/Debug-iphonesimulator/FirebaseAppCheckInterop.build/FirebaseAppCheckInterop.DependencyStaticMetadataFileList (in target 'FirebaseAppCheckInterop' from project 'Firebase')
    cd /Users/fukushimatakumi/Library/Developer/Xcode/DerivedData/SugarBeat-hgoxfxbbugxkfsbmqcjlbmjeaqyg/SourcePackages/checkouts/firebase-ios-sdk
    write-file /Users/fukushimatakumi/Library/Developer/Xcode/DerivedData/SugarBeat-hgoxfxbbugxkfsbmqcjlbmjeaqyg/Build/Intermediates.noindex/Firebase.build/Debug-iphonesimulator/FirebaseAppCheckInterop.build/FirebaseAppCheckInterop.DependencyStaticMetadataFileList

WriteAuxiliaryFile /Users/fukushimatakumi/Library/Developer/Xcode/DerivedData/SugarBeat-hgoxfxbbugxkfsbmqcjlbmjeaqyg/Build/Intermediates.noindex/Firebase.build/Debug-iphonesimulator/FirebaseAppCheckInterop.build/FirebaseAppCheckInterop.DependencyMetadataFileList (in target 'FirebaseAppCheckInterop' from project 'Firebase')
    cd /Users/fukushimatakumi/Library/Developer/Xcode/DerivedData/SugarBeat-hgoxfxbbugxkfsbmqcjlbmjeaqyg/SourcePackages/checkouts/firebase-ios-sdk
    write-file /Users/fukushimatakumi/Library/Developer/Xcode/DerivedData/SugarBeat-hgoxfxbbugxkfsbmqcjlbmjeaqyg/Build/Intermediates.noindex/Firebase.build/Debug-iphonesimulator/FirebaseAppCheckInterop.build/FirebaseAppCheckInterop.DependencyMetadataFileList

WriteAuxiliaryFile /Users/fukushimatakumi/Library/Developer/Xcode/DerivedData/SugarBeat-hgoxfxbbugxkfsbmqcjlbmjeaqyg/Build/Intermediates.noindex/Firebase.build/Debug-iphonesimulator/Firebase.build/Objects-normal/arm64/e6072d4f65d7061329687fe24e3d63a7-common-args.resp (in target 'Firebase' from project 'Firebase')
    cd /Users/fukushimatakumi/Library/Developer/Xcode/DerivedData/SugarBeat-hgoxfxbbugxkfsbmqcjlbmjeaqyg/SourcePackages/checkouts/firebase-ios-sdk
    write-file /Users/fukushimatakumi/Library/Developer/Xcode/DerivedData/SugarBeat-hgoxfxbbugxkfsbmqcjlbmjeaqyg/Build/Intermediates.noindex/Firebase.build/Debug-iphonesimulator/Firebase.build/Objects-normal/arm64/e6072d4f65d7061329687fe24e3d63a7-common-args.resp
-target arm64-apple-ios15.0-simulator -fobjc-arc -fmodules -gmodules '-fmodules-cache-path=/Users/fukushimatakumi/Library/Developer/Xcode/DerivedData/ModuleCache.noindex' '-fmodule-name=Firebase' -fpascal-strings -O0 -DSWIFT_PACKAGE '-DDEBUG=1' '-DOBJC_OLD_DISPATCH_PROTOTYPES=1' -isysroot /Applications/Xcode.app/Contents/Developer/Platforms/iPhoneSimulator.platform/Developer/SDKs/iPhoneSimulator18.4.sdk -g '-fobjc-abi-version=2' -fobjc-legacy-dispatch -I/Users/fukushimatakumi/Library/Developer/Xcode/DerivedData/SugarBeat-hgoxfxbbugxkfsbmqcjlbmjeaqyg/Build/Products/Debug-iphonesimulator/include -I/Users/fukushimatakumi/Library/Developer/Xcode/DerivedData/SugarBeat-hgoxfxbbugxkfsbmqcjlbmjeaqyg/SourcePackages/checkouts/firebase-ios-sdk/CoreOnly/Sources -I/Users/fukushimatakumi/Library/Developer/Xcode/DerivedData/SugarBeat-hgoxfxbbugxkfsbmqcjlbmjeaqyg/Build/Intermediates.noindex/Firebase.build/Debug-iphonesimulator/Firebase.build/DerivedSources-normal/arm64 -I/Users/fukushimatakumi/Library/Developer/Xcode/DerivedData/SugarBeat-hgoxfxbbugxkfsbmqcjlbmjeaqyg/Build/Intermediates.noindex/Firebase.build/Debug-iphonesimulator/Firebase.build/DerivedSources/arm64 -I/Users/fukushimatakumi/Library/Developer/Xcode/DerivedData/SugarBeat-hgoxfxbbugxkfsbmqcjlbmjeaqyg/Build/Intermediates.noindex/Firebase.build/Debug-iphonesimulator/Firebase.build/DerivedSources -F/Users/fukushimatakumi/Library/Developer/Xcode/DerivedData/SugarBeat-hgoxfxbbugxkfsbmqcjlbmjeaqyg/Build/Products/Debug-iphonesimulator -iframework /Applications/Xcode.app/Contents/Developer/Platforms/iPhoneSimulator.platform/Developer/Library/Frameworks -iframework /Applications/Xcode.app/Contents/Developer/Platforms/iPhoneSimulator.platform/Developer/SDKs/iPhoneSimulator18.4.sdk/Developer/Library/Frameworks -DXcode

WriteAuxiliaryFile /Users/fukushimatakumi/Library/Developer/Xcode/DerivedData/SugarBeat-hgoxfxbbugxkfsbmqcjlbmjeaqyg/Build/Intermediates.noindex/Firebase.build/Debug-iphonesimulator/Firebase.build/Objects-normal/arm64/Firebase.LinkFileList (in target 'Firebase' from project 'Firebase')
    cd /Users/fukushimatakumi/Library/Developer/Xcode/DerivedData/SugarBeat-hgoxfxbbugxkfsbmqcjlbmjeaqyg/SourcePackages/checkouts/firebase-ios-sdk
    write-file /Users/fukushimatakumi/Library/Developer/Xcode/DerivedData/SugarBeat-hgoxfxbbugxkfsbmqcjlbmjeaqyg/Build/Intermediates.noindex/Firebase.build/Debug-iphonesimulator/Firebase.build/Objects-normal/arm64/Firebase.LinkFileList

WriteAuxiliaryFile /Users/fukushimatakumi/Library/Developer/Xcode/DerivedData/SugarBeat-hgoxfxbbugxkfsbmqcjlbmjeaqyg/Build/Intermediates.noindex/Firebase.build/Debug-iphonesimulator/Firebase.build/Firebase.DependencyStaticMetadataFileList (in target 'Firebase' from project 'Firebase')
    cd /Users/fukushimatakumi/Library/Developer/Xcode/DerivedData/SugarBeat-hgoxfxbbugxkfsbmqcjlbmjeaqyg/SourcePackages/checkouts/firebase-ios-sdk
    write-file /Users/fukushimatakumi/Library/Developer/Xcode/DerivedData/SugarBeat-hgoxfxbbugxkfsbmqcjlbmjeaqyg/Build/Intermediates.noindex/Firebase.build/Debug-iphonesimulator/Firebase.build/Firebase.DependencyStaticMetadataFileList

WriteAuxiliaryFile /Users/fukushimatakumi/Library/Developer/Xcode/DerivedData/SugarBeat-hgoxfxbbugxkfsbmqcjlbmjeaqyg/Build/Intermediates.noindex/Firebase.build/Debug-iphonesimulator/Firebase.build/Firebase.DependencyMetadataFileList (in target 'Firebase' from project 'Firebase')
    cd /Users/fukushimatakumi/Library/Developer/Xcode/DerivedData/SugarBeat-hgoxfxbbugxkfsbmqcjlbmjeaqyg/SourcePackages/checkouts/firebase-ios-sdk
    write-file /Users/fukushimatakumi/Library/Developer/Xcode/DerivedData/SugarBeat-hgoxfxbbugxkfsbmqcjlbmjeaqyg/Build/Intermediates.noindex/Firebase.build/Debug-iphonesimulator/Firebase.build/Firebase.DependencyMetadataFileList

WriteAuxiliaryFile /Users/fukushimatakumi/Library/Developer/Xcode/DerivedData/SugarBeat-hgoxfxbbugxkfsbmqcjlbmjeaqyg/Build/Intermediates.noindex/Promises.build/Debug-iphonesimulator/FBLPromises.build/Objects-normal/arm64/FBLPromises.LinkFileList (in target 'FBLPromises' from project 'Promises')
    cd /Users/fukushimatakumi/Library/Developer/Xcode/DerivedData/SugarBeat-hgoxfxbbugxkfsbmqcjlbmjeaqyg/SourcePackages/checkouts/promises
    write-file /Users/fukushimatakumi/Library/Developer/Xcode/DerivedData/SugarBeat-hgoxfxbbugxkfsbmqcjlbmjeaqyg/Build/Intermediates.noindex/Promises.build/Debug-iphonesimulator/FBLPromises.build/Objects-normal/arm64/FBLPromises.LinkFileList

WriteAuxiliaryFile /Users/fukushimatakumi/Library/Developer/Xcode/DerivedData/SugarBeat-hgoxfxbbugxkfsbmqcjlbmjeaqyg/Build/Intermediates.noindex/Promises.build/Debug-iphonesimulator/FBLPromises.build/Objects-normal/arm64/e6072d4f65d7061329687fe24e3d63a7-common-args.resp (in target 'FBLPromises' from project 'Promises')
    cd /Users/fukushimatakumi/Library/Developer/Xcode/DerivedData/SugarBeat-hgoxfxbbugxkfsbmqcjlbmjeaqyg/SourcePackages/checkouts/promises
    write-file /Users/fukushimatakumi/Library/Developer/Xcode/DerivedData/SugarBeat-hgoxfxbbugxkfsbmqcjlbmjeaqyg/Build/Intermediates.noindex/Promises.build/Debug-iphonesimulator/FBLPromises.build/Objects-normal/arm64/e6072d4f65d7061329687fe24e3d63a7-common-args.resp
-target arm64-apple-ios12.0-simulator -fobjc-arc -fmodules -gmodules '-fmodules-cache-path=/Users/fukushimatakumi/Library/Developer/Xcode/DerivedData/ModuleCache.noindex' '-fmodule-name=FBLPromises' -fpascal-strings -O0 -DSWIFT_PACKAGE '-DDEBUG=1' '-DOBJC_OLD_DISPATCH_PROTOTYPES=1' -isysroot /Applications/Xcode.app/Contents/Developer/Platforms/iPhoneSimulator.platform/Developer/SDKs/iPhoneSimulator18.4.sdk -g '-fobjc-abi-version=2' -fobjc-legacy-dispatch -I/Users/fukushimatakumi/Library/Developer/Xcode/DerivedData/SugarBeat-hgoxfxbbugxkfsbmqcjlbmjeaqyg/Build/Products/Debug-iphonesimulator/include -I/Users/fukushimatakumi/Library/Developer/Xcode/DerivedData/SugarBeat-hgoxfxbbugxkfsbmqcjlbmjeaqyg/SourcePackages/checkouts/promises/Sources/FBLPromises/include -I/Users/fukushimatakumi/Library/Developer/Xcode/DerivedData/SugarBeat-hgoxfxbbugxkfsbmqcjlbmjeaqyg/Build/Intermediates.noindex/Promises.build/Debug-iphonesimulator/FBLPromises.build/DerivedSources-normal/arm64 -I/Users/fukushimatakumi/Library/Developer/Xcode/DerivedData/SugarBeat-hgoxfxbbugxkfsbmqcjlbmjeaqyg/Build/Intermediates.noindex/Promises.build/Debug-iphonesimulator/FBLPromises.build/DerivedSources/arm64 -I/Users/fukushimatakumi/Library/Developer/Xcode/DerivedData/SugarBeat-hgoxfxbbugxkfsbmqcjlbmjeaqyg/Build/Intermediates.noindex/Promises.build/Debug-iphonesimulator/FBLPromises.build/DerivedSources -F/Users/fukushimatakumi/Library/Developer/Xcode/DerivedData/SugarBeat-hgoxfxbbugxkfsbmqcjlbmjeaqyg/Build/Products/Debug-iphonesimulator -iframework /Applications/Xcode.app/Contents/Developer/Platforms/iPhoneSimulator.platform/Developer/Library/Frameworks -iframework /Applications/Xcode.app/Contents/Developer/Platforms/iPhoneSimulator.platform/Developer/SDKs/iPhoneSimulator18.4.sdk/Developer/Library/Frameworks -DXcode

WriteAuxiliaryFile /Users/fukushimatakumi/Library/Developer/Xcode/DerivedData/SugarBeat-hgoxfxbbugxkfsbmqcjlbmjeaqyg/Build/Intermediates.noindex/Promises.build/Debug-iphonesimulator/FBLPromises.build/FBLPromises.DependencyStaticMetadataFileList (in target 'FBLPromises' from project 'Promises')
    cd /Users/fukushimatakumi/Library/Developer/Xcode/DerivedData/SugarBeat-hgoxfxbbugxkfsbmqcjlbmjeaqyg/SourcePackages/checkouts/promises
    write-file /Users/fukushimatakumi/Library/Developer/Xcode/DerivedData/SugarBeat-hgoxfxbbugxkfsbmqcjlbmjeaqyg/Build/Intermediates.noindex/Promises.build/Debug-iphonesimulator/FBLPromises.build/FBLPromises.DependencyStaticMetadataFileList

WriteAuxiliaryFile /Users/fukushimatakumi/Library/Developer/Xcode/DerivedData/SugarBeat-hgoxfxbbugxkfsbmqcjlbmjeaqyg/Build/Intermediates.noindex/Promises.build/Debug-iphonesimulator/FBLPromises.build/FBLPromises.DependencyMetadataFileList (in target 'FBLPromises' from project 'Promises')
    cd /Users/fukushimatakumi/Library/Developer/Xcode/DerivedData/SugarBeat-hgoxfxbbugxkfsbmqcjlbmjeaqyg/SourcePackages/checkouts/promises
    write-file /Users/fukushimatakumi/Library/Developer/Xcode/DerivedData/SugarBeat-hgoxfxbbugxkfsbmqcjlbmjeaqyg/Build/Intermediates.noindex/Promises.build/Debug-iphonesimulator/FBLPromises.build/FBLPromises.DependencyMetadataFileList

WriteAuxiliaryFile /Users/fukushimatakumi/Library/Developer/Xcode/DerivedData/SugarBeat-hgoxfxbbugxkfsbmqcjlbmjeaqyg/Build/Intermediates.noindex/Promises.build/Debug-iphonesimulator/FBLPromises.build/DerivedSources/resource_bundle_accessor.m (in target 'FBLPromises' from project 'Promises')
    cd /Users/fukushimatakumi/Library/Developer/Xcode/DerivedData/SugarBeat-hgoxfxbbugxkfsbmqcjlbmjeaqyg/SourcePackages/checkouts/promises
    write-file /Users/fukushimatakumi/Library/Developer/Xcode/DerivedData/SugarBeat-hgoxfxbbugxkfsbmqcjlbmjeaqyg/Build/Intermediates.noindex/Promises.build/Debug-iphonesimulator/FBLPromises.build/DerivedSources/resource_bundle_accessor.m

WriteAuxiliaryFile /Users/fukushimatakumi/Library/Developer/Xcode/DerivedData/SugarBeat-hgoxfxbbugxkfsbmqcjlbmjeaqyg/Build/Intermediates.noindex/Promises.build/Debug-iphonesimulator/FBLPromises.build/DerivedSources/resource_bundle_accessor.h (in target 'FBLPromises' from project 'Promises')
    cd /Users/fukushimatakumi/Library/Developer/Xcode/DerivedData/SugarBeat-hgoxfxbbugxkfsbmqcjlbmjeaqyg/SourcePackages/checkouts/promises
    write-file /Users/fukushimatakumi/Library/Developer/Xcode/DerivedData/SugarBeat-hgoxfxbbugxkfsbmqcjlbmjeaqyg/Build/Intermediates.noindex/Promises.build/Debug-iphonesimulator/FBLPromises.build/DerivedSources/resource_bundle_accessor.h

WriteAuxiliaryFile /Users/fukushimatakumi/Library/Developer/Xcode/DerivedData/SugarBeat-hgoxfxbbugxkfsbmqcjlbmjeaqyg/Build/Intermediates.noindex/AppCheck.build/Debug-iphonesimulator/AppCheckCore.build/Objects-normal/arm64/e6072d4f65d7061329687fe24e3d63a7-common-args.resp (in target 'AppCheckCore' from project 'AppCheck')
    cd /Users/fukushimatakumi/Library/Developer/Xcode/DerivedData/SugarBeat-hgoxfxbbugxkfsbmqcjlbmjeaqyg/SourcePackages/checkouts/app-check
    write-file /Users/fukushimatakumi/Library/Developer/Xcode/DerivedData/SugarBeat-hgoxfxbbugxkfsbmqcjlbmjeaqyg/Build/Intermediates.noindex/AppCheck.build/Debug-iphonesimulator/AppCheckCore.build/Objects-normal/arm64/e6072d4f65d7061329687fe24e3d63a7-common-args.resp
-target arm64-apple-ios12.0-simulator -fobjc-arc -fmodules -gmodules '-fmodules-cache-path=/Users/fukushimatakumi/Library/Developer/Xcode/DerivedData/ModuleCache.noindex' '-fmodule-name=AppCheckCore' -fpascal-strings -O0 -DSWIFT_PACKAGE '-DDEBUG=1' '-DOBJC_OLD_DISPATCH_PROTOTYPES=1' -isysroot /Applications/Xcode.app/Contents/Developer/Platforms/iPhoneSimulator.platform/Developer/SDKs/iPhoneSimulator18.4.sdk -g '-fobjc-abi-version=2' -fobjc-legacy-dispatch -I/Users/fukushimatakumi/Library/Developer/Xcode/DerivedData/SugarBeat-hgoxfxbbugxkfsbmqcjlbmjeaqyg/SourcePackages/checkouts/promises/Sources/FBLPromises/include -I/Users/fukushimatakumi/Library/Developer/Xcode/DerivedData/SugarBeat-hgoxfxbbugxkfsbmqcjlbmjeaqyg/SourcePackages/checkouts/GoogleUtilities/GoogleUtilities/Logger/Public -I/Users/fukushimatakumi/Library/Developer/Xcode/DerivedData/SugarBeat-hgoxfxbbugxkfsbmqcjlbmjeaqyg/SourcePackages/checkouts/GoogleUtilities/GoogleUtilities/Environment/Public -I/Users/fukushimatakumi/Library/Developer/Xcode/DerivedData/SugarBeat-hgoxfxbbugxkfsbmqcjlbmjeaqyg/SourcePackages/checkouts/GoogleUtilities/third_party/IsAppEncrypted/Public -I/Users/fukushimatakumi/Library/Developer/Xcode/DerivedData/SugarBeat-hgoxfxbbugxkfsbmqcjlbmjeaqyg/SourcePackages/checkouts/GoogleUtilities/GoogleUtilities/UserDefaults/Public -I/Users/fukushimatakumi/Library/Developer/Xcode/DerivedData/SugarBeat-hgoxfxbbugxkfsbmqcjlbmjeaqyg/Build/Products/Debug-iphonesimulator/include -I/Users/fukushimatakumi/Library/Developer/Xcode/DerivedData/SugarBeat-hgoxfxbbugxkfsbmqcjlbmjeaqyg/SourcePackages/checkouts/app-check/AppCheckCore/Sources/Public -I/Users/fukushimatakumi/Library/Developer/Xcode/DerivedData/SugarBeat-hgoxfxbbugxkfsbmqcjlbmjeaqyg/SourcePackages/checkouts/app-check -I/Users/fukushimatakumi/Library/Developer/Xcode/DerivedData/SugarBeat-hgoxfxbbugxkfsbmqcjlbmjeaqyg/Build/Intermediates.noindex/AppCheck.build/Debug-iphonesimulator/AppCheckCore.build/DerivedSources-normal/arm64 -I/Users/fukushimatakumi/Library/Developer/Xcode/DerivedData/SugarBeat-hgoxfxbbugxkfsbmqcjlbmjeaqyg/Build/Intermediates.noindex/AppCheck.build/Debug-iphonesimulator/AppCheckCore.build/DerivedSources/arm64 -I/Users/fukushimatakumi/Library/Developer/Xcode/DerivedData/SugarBeat-hgoxfxbbugxkfsbmqcjlbmjeaqyg/Build/Intermediates.noindex/AppCheck.build/Debug-iphonesimulator/AppCheckCore.build/DerivedSources -F/Users/fukushimatakumi/Library/Developer/Xcode/DerivedData/SugarBeat-hgoxfxbbugxkfsbmqcjlbmjeaqyg/Build/Products/Debug-iphonesimulator/PackageFrameworks -F/Users/fukushimatakumi/Library/Developer/Xcode/DerivedData/SugarBeat-hgoxfxbbugxkfsbmqcjlbmjeaqyg/Build/Products/Debug-iphonesimulator/PackageFrameworks -F/Users/fukushimatakumi/Library/Developer/Xcode/DerivedData/SugarBeat-hgoxfxbbugxkfsbmqcjlbmjeaqyg/Build/Products/Debug-iphonesimulator/PackageFrameworks -F/Users/fukushimatakumi/Library/Developer/Xcode/DerivedData/SugarBeat-hgoxfxbbugxkfsbmqcjlbmjeaqyg/Build/Products/Debug-iphonesimulator/PackageFrameworks -F/Users/fukushimatakumi/Library/Developer/Xcode/DerivedData/SugarBeat-hgoxfxbbugxkfsbmqcjlbmjeaqyg/Build/Products/Debug-iphonesimulator/PackageFrameworks -F/Users/fukushimatakumi/Library/Developer/Xcode/DerivedData/SugarBeat-hgoxfxbbugxkfsbmqcjlbmjeaqyg/Build/Products/Debug-iphonesimulator -iframework /Applications/Xcode.app/Contents/Developer/Platforms/iPhoneSimulator.platform/Developer/Library/Frameworks -iframework /Applications/Xcode.app/Contents/Developer/Platforms/iPhoneSimulator.platform/Developer/SDKs/iPhoneSimulator18.4.sdk/Developer/Library/Frameworks '-fmodule-map-file=/Users/fukushimatakumi/Library/Developer/Xcode/DerivedData/SugarBeat-hgoxfxbbugxkfsbmqcjlbmjeaqyg/Build/Intermediates.noindex/GeneratedModuleMaps-iphonesimulator/GoogleUtilities-Logger.modulemap' '-fmodule-map-file=/Users/fukushimatakumi/Library/Developer/Xcode/DerivedData/SugarBeat-hgoxfxbbugxkfsbmqcjlbmjeaqyg/Build/Intermediates.noindex/GeneratedModuleMaps-iphonesimulator/GoogleUtilities-Environment.modulemap' '-fmodule-map-file=/Users/fukushimatakumi/Library/Developer/Xcode/DerivedData/SugarBeat-hgoxfxbbugxkfsbmqcjlbmjeaqyg/Build/Intermediates.noindex/GeneratedModuleMaps-iphonesimulator/third-party-IsAppEncrypted.modulemap' '-fmodule-map-file=/Users/fukushimatakumi/Library/Developer/Xcode/DerivedData/SugarBeat-hgoxfxbbugxkfsbmqcjlbmjeaqyg/Build/Intermediates.noindex/GeneratedModuleMaps-iphonesimulator/GoogleUtilities-UserDefaults.modulemap' -DXcode

WriteAuxiliaryFile /Users/fukushimatakumi/Library/Developer/Xcode/DerivedData/SugarBeat-hgoxfxbbugxkfsbmqcjlbmjeaqyg/Build/Intermediates.noindex/AppCheck.build/Debug-iphonesimulator/AppCheckCore.build/Objects-normal/arm64/AppCheckCore.LinkFileList (in target 'AppCheckCore' from project 'AppCheck')
    cd /Users/fukushimatakumi/Library/Developer/Xcode/DerivedData/SugarBeat-hgoxfxbbugxkfsbmqcjlbmjeaqyg/SourcePackages/checkouts/app-check
    write-file /Users/fukushimatakumi/Library/Developer/Xcode/DerivedData/SugarBeat-hgoxfxbbugxkfsbmqcjlbmjeaqyg/Build/Intermediates.noindex/AppCheck.build/Debug-iphonesimulator/AppCheckCore.build/Objects-normal/arm64/AppCheckCore.LinkFileList

WriteAuxiliaryFile /Users/fukushimatakumi/Library/Developer/Xcode/DerivedData/SugarBeat-hgoxfxbbugxkfsbmqcjlbmjeaqyg/Build/Intermediates.noindex/AppCheck.build/Debug-iphonesimulator/AppCheckCore.build/AppCheckCore.modulemap (in target 'AppCheckCore' from project 'AppCheck')
    cd /Users/fukushimatakumi/Library/Developer/Xcode/DerivedData/SugarBeat-hgoxfxbbugxkfsbmqcjlbmjeaqyg/SourcePackages/checkouts/app-check
    write-file /Users/fukushimatakumi/Library/Developer/Xcode/DerivedData/SugarBeat-hgoxfxbbugxkfsbmqcjlbmjeaqyg/Build/Intermediates.noindex/AppCheck.build/Debug-iphonesimulator/AppCheckCore.build/AppCheckCore.modulemap

WriteAuxiliaryFile /Users/fukushimatakumi/Library/Developer/Xcode/DerivedData/SugarBeat-hgoxfxbbugxkfsbmqcjlbmjeaqyg/Build/Intermediates.noindex/AppCheck.build/Debug-iphonesimulator/AppCheckCore.build/AppCheckCore.DependencyStaticMetadataFileList (in target 'AppCheckCore' from project 'AppCheck')
    cd /Users/fukushimatakumi/Library/Developer/Xcode/DerivedData/SugarBeat-hgoxfxbbugxkfsbmqcjlbmjeaqyg/SourcePackages/checkouts/app-check
    write-file /Users/fukushimatakumi/Library/Developer/Xcode/DerivedData/SugarBeat-hgoxfxbbugxkfsbmqcjlbmjeaqyg/Build/Intermediates.noindex/AppCheck.build/Debug-iphonesimulator/AppCheckCore.build/AppCheckCore.DependencyStaticMetadataFileList

WriteAuxiliaryFile /Users/fukushimatakumi/Library/Developer/Xcode/DerivedData/SugarBeat-hgoxfxbbugxkfsbmqcjlbmjeaqyg/Build/Intermediates.noindex/AppCheck.build/Debug-iphonesimulator/AppCheckCore.build/AppCheckCore.DependencyMetadataFileList (in target 'AppCheckCore' from project 'AppCheck')
    cd /Users/fukushimatakumi/Library/Developer/Xcode/DerivedData/SugarBeat-hgoxfxbbugxkfsbmqcjlbmjeaqyg/SourcePackages/checkouts/app-check
    write-file /Users/fukushimatakumi/Library/Developer/Xcode/DerivedData/SugarBeat-hgoxfxbbugxkfsbmqcjlbmjeaqyg/Build/Intermediates.noindex/AppCheck.build/Debug-iphonesimulator/AppCheckCore.build/AppCheckCore.DependencyMetadataFileList

WriteAuxiliaryFile /Users/fukushimatakumi/Library/Developer/Xcode/DerivedData/SugarBeat-hgoxfxbbugxkfsbmqcjlbmjeaqyg/Build/Intermediates.noindex/AppAuth.build/Debug-iphonesimulator/AppAuth_AppAuthCore.build/empty-AppAuth_AppAuthCore.plist (in target 'AppAuth_AppAuthCore' from project 'AppAuth')
    cd /Users/fukushimatakumi/Library/Developer/Xcode/DerivedData/SugarBeat-hgoxfxbbugxkfsbmqcjlbmjeaqyg/SourcePackages/checkouts/AppAuth-iOS
    write-file /Users/fukushimatakumi/Library/Developer/Xcode/DerivedData/SugarBeat-hgoxfxbbugxkfsbmqcjlbmjeaqyg/Build/Intermediates.noindex/AppAuth.build/Debug-iphonesimulator/AppAuth_AppAuthCore.build/empty-AppAuth_AppAuthCore.plist

WriteAuxiliaryFile /Users/fukushimatakumi/Library/Developer/Xcode/DerivedData/SugarBeat-hgoxfxbbugxkfsbmqcjlbmjeaqyg/Build/Intermediates.noindex/AppAuth.build/Debug-iphonesimulator/AppAuth_AppAuthCore.build/AppAuth_AppAuthCore.DependencyStaticMetadataFileList (in target 'AppAuth_AppAuthCore' from project 'AppAuth')
    cd /Users/fukushimatakumi/Library/Developer/Xcode/DerivedData/SugarBeat-hgoxfxbbugxkfsbmqcjlbmjeaqyg/SourcePackages/checkouts/AppAuth-iOS
    write-file /Users/fukushimatakumi/Library/Developer/Xcode/DerivedData/SugarBeat-hgoxfxbbugxkfsbmqcjlbmjeaqyg/Build/Intermediates.noindex/AppAuth.build/Debug-iphonesimulator/AppAuth_AppAuthCore.build/AppAuth_AppAuthCore.DependencyStaticMetadataFileList

WriteAuxiliaryFile /Users/fukushimatakumi/Library/Developer/Xcode/DerivedData/SugarBeat-hgoxfxbbugxkfsbmqcjlbmjeaqyg/Build/Intermediates.noindex/AppAuth.build/Debug-iphonesimulator/AppAuth_AppAuthCore.build/AppAuth_AppAuthCore.DependencyMetadataFileList (in target 'AppAuth_AppAuthCore' from project 'AppAuth')
    cd /Users/fukushimatakumi/Library/Developer/Xcode/DerivedData/SugarBeat-hgoxfxbbugxkfsbmqcjlbmjeaqyg/SourcePackages/checkouts/AppAuth-iOS
    write-file /Users/fukushimatakumi/Library/Developer/Xcode/DerivedData/SugarBeat-hgoxfxbbugxkfsbmqcjlbmjeaqyg/Build/Intermediates.noindex/AppAuth.build/Debug-iphonesimulator/AppAuth_AppAuthCore.build/AppAuth_AppAuthCore.DependencyMetadataFileList

WriteAuxiliaryFile /Users/fukushimatakumi/Library/Developer/Xcode/DerivedData/SugarBeat-hgoxfxbbugxkfsbmqcjlbmjeaqyg/Build/Intermediates.noindex/AppAuth.build/Debug-iphonesimulator/AppAuth_AppAuth.build/empty-AppAuth_AppAuth.plist (in target 'AppAuth_AppAuth' from project 'AppAuth')
    cd /Users/fukushimatakumi/Library/Developer/Xcode/DerivedData/SugarBeat-hgoxfxbbugxkfsbmqcjlbmjeaqyg/SourcePackages/checkouts/AppAuth-iOS
    write-file /Users/fukushimatakumi/Library/Developer/Xcode/DerivedData/SugarBeat-hgoxfxbbugxkfsbmqcjlbmjeaqyg/Build/Intermediates.noindex/AppAuth.build/Debug-iphonesimulator/AppAuth_AppAuth.build/empty-AppAuth_AppAuth.plist

WriteAuxiliaryFile /Users/fukushimatakumi/Library/Developer/Xcode/DerivedData/SugarBeat-hgoxfxbbugxkfsbmqcjlbmjeaqyg/Build/Intermediates.noindex/AppAuth.build/Debug-iphonesimulator/AppAuth_AppAuth.build/AppAuth_AppAuth.DependencyStaticMetadataFileList (in target 'AppAuth_AppAuth' from project 'AppAuth')
    cd /Users/fukushimatakumi/Library/Developer/Xcode/DerivedData/SugarBeat-hgoxfxbbugxkfsbmqcjlbmjeaqyg/SourcePackages/checkouts/AppAuth-iOS
    write-file /Users/fukushimatakumi/Library/Developer/Xcode/DerivedData/SugarBeat-hgoxfxbbugxkfsbmqcjlbmjeaqyg/Build/Intermediates.noindex/AppAuth.build/Debug-iphonesimulator/AppAuth_AppAuth.build/AppAuth_AppAuth.DependencyStaticMetadataFileList

WriteAuxiliaryFile /Users/fukushimatakumi/Library/Developer/Xcode/DerivedData/SugarBeat-hgoxfxbbugxkfsbmqcjlbmjeaqyg/Build/Intermediates.noindex/AppAuth.build/Debug-iphonesimulator/AppAuth_AppAuth.build/AppAuth_AppAuth.DependencyMetadataFileList (in target 'AppAuth_AppAuth' from project 'AppAuth')
    cd /Users/fukushimatakumi/Library/Developer/Xcode/DerivedData/SugarBeat-hgoxfxbbugxkfsbmqcjlbmjeaqyg/SourcePackages/checkouts/AppAuth-iOS
    write-file /Users/fukushimatakumi/Library/Developer/Xcode/DerivedData/SugarBeat-hgoxfxbbugxkfsbmqcjlbmjeaqyg/Build/Intermediates.noindex/AppAuth.build/Debug-iphonesimulator/AppAuth_AppAuth.build/AppAuth_AppAuth.DependencyMetadataFileList

WriteAuxiliaryFile /Users/fukushimatakumi/Library/Developer/Xcode/DerivedData/SugarBeat-hgoxfxbbugxkfsbmqcjlbmjeaqyg/Build/Intermediates.noindex/AppAuth.build/Debug-iphonesimulator/AppAuthCore.build/Objects-normal/arm64/e6072d4f65d7061329687fe24e3d63a7-common-args.resp (in target 'AppAuthCore' from project 'AppAuth')
    cd /Users/fukushimatakumi/Library/Developer/Xcode/DerivedData/SugarBeat-hgoxfxbbugxkfsbmqcjlbmjeaqyg/SourcePackages/checkouts/AppAuth-iOS
    write-file /Users/fukushimatakumi/Library/Developer/Xcode/DerivedData/SugarBeat-hgoxfxbbugxkfsbmqcjlbmjeaqyg/Build/Intermediates.noindex/AppAuth.build/Debug-iphonesimulator/AppAuthCore.build/Objects-normal/arm64/e6072d4f65d7061329687fe24e3d63a7-common-args.resp
-target arm64-apple-ios12.0-simulator -fobjc-arc -fmodules -gmodules '-fmodules-cache-path=/Users/fukushimatakumi/Library/Developer/Xcode/DerivedData/ModuleCache.noindex' '-fmodule-name=AppAuthCore' -fpascal-strings -O0 -DSWIFT_PACKAGE '-DDEBUG=1' '-DOBJC_OLD_DISPATCH_PROTOTYPES=1' -isysroot /Applications/Xcode.app/Contents/Developer/Platforms/iPhoneSimulator.platform/Developer/SDKs/iPhoneSimulator18.4.sdk -g '-fobjc-abi-version=2' -fobjc-legacy-dispatch -I/Users/fukushimatakumi/Library/Developer/Xcode/DerivedData/SugarBeat-hgoxfxbbugxkfsbmqcjlbmjeaqyg/Build/Products/Debug-iphonesimulator/include -I/Users/fukushimatakumi/Library/Developer/Xcode/DerivedData/SugarBeat-hgoxfxbbugxkfsbmqcjlbmjeaqyg/SourcePackages/checkouts/AppAuth-iOS/Sources/AppAuthCore -I/Users/fukushimatakumi/Library/Developer/Xcode/DerivedData/SugarBeat-hgoxfxbbugxkfsbmqcjlbmjeaqyg/Build/Intermediates.noindex/AppAuth.build/Debug-iphonesimulator/AppAuthCore.build/DerivedSources-normal/arm64 -I/Users/fukushimatakumi/Library/Developer/Xcode/DerivedData/SugarBeat-hgoxfxbbugxkfsbmqcjlbmjeaqyg/Build/Intermediates.noindex/AppAuth.build/Debug-iphonesimulator/AppAuthCore.build/DerivedSources/arm64 -I/Users/fukushimatakumi/Library/Developer/Xcode/DerivedData/SugarBeat-hgoxfxbbugxkfsbmqcjlbmjeaqyg/Build/Intermediates.noindex/AppAuth.build/Debug-iphonesimulator/AppAuthCore.build/DerivedSources -F/Users/fukushimatakumi/Library/Developer/Xcode/DerivedData/SugarBeat-hgoxfxbbugxkfsbmqcjlbmjeaqyg/Build/Products/Debug-iphonesimulator -iframework /Applications/Xcode.app/Contents/Developer/Platforms/iPhoneSimulator.platform/Developer/Library/Frameworks -iframework /Applications/Xcode.app/Contents/Developer/Platforms/iPhoneSimulator.platform/Developer/SDKs/iPhoneSimulator18.4.sdk/Developer/Library/Frameworks -DXcode

WriteAuxiliaryFile /Users/fukushimatakumi/Library/Developer/Xcode/DerivedData/SugarBeat-hgoxfxbbugxkfsbmqcjlbmjeaqyg/Build/Intermediates.noindex/AppAuth.build/Debug-iphonesimulator/AppAuthCore.build/Objects-normal/arm64/AppAuthCore.LinkFileList (in target 'AppAuthCore' from project 'AppAuth')
    cd /Users/fukushimatakumi/Library/Developer/Xcode/DerivedData/SugarBeat-hgoxfxbbugxkfsbmqcjlbmjeaqyg/SourcePackages/checkouts/AppAuth-iOS
    write-file /Users/fukushimatakumi/Library/Developer/Xcode/DerivedData/SugarBeat-hgoxfxbbugxkfsbmqcjlbmjeaqyg/Build/Intermediates.noindex/AppAuth.build/Debug-iphonesimulator/AppAuthCore.build/Objects-normal/arm64/AppAuthCore.LinkFileList

WriteAuxiliaryFile /Users/fukushimatakumi/Library/Developer/Xcode/DerivedData/SugarBeat-hgoxfxbbugxkfsbmqcjlbmjeaqyg/Build/Intermediates.noindex/AppAuth.build/Debug-iphonesimulator/AppAuthCore.build/DerivedSources/resource_bundle_accessor.m (in target 'AppAuthCore' from project 'AppAuth')
    cd /Users/fukushimatakumi/Library/Developer/Xcode/DerivedData/SugarBeat-hgoxfxbbugxkfsbmqcjlbmjeaqyg/SourcePackages/checkouts/AppAuth-iOS
    write-file /Users/fukushimatakumi/Library/Developer/Xcode/DerivedData/SugarBeat-hgoxfxbbugxkfsbmqcjlbmjeaqyg/Build/Intermediates.noindex/AppAuth.build/Debug-iphonesimulator/AppAuthCore.build/DerivedSources/resource_bundle_accessor.m

WriteAuxiliaryFile /Users/fukushimatakumi/Library/Developer/Xcode/DerivedData/SugarBeat-hgoxfxbbugxkfsbmqcjlbmjeaqyg/Build/Intermediates.noindex/AppAuth.build/Debug-iphonesimulator/AppAuthCore.build/DerivedSources/resource_bundle_accessor.h (in target 'AppAuthCore' from project 'AppAuth')
    cd /Users/fukushimatakumi/Library/Developer/Xcode/DerivedData/SugarBeat-hgoxfxbbugxkfsbmqcjlbmjeaqyg/SourcePackages/checkouts/AppAuth-iOS
    write-file /Users/fukushimatakumi/Library/Developer/Xcode/DerivedData/SugarBeat-hgoxfxbbugxkfsbmqcjlbmjeaqyg/Build/Intermediates.noindex/AppAuth.build/Debug-iphonesimulator/AppAuthCore.build/DerivedSources/resource_bundle_accessor.h

WriteAuxiliaryFile /Users/fukushimatakumi/Library/Developer/Xcode/DerivedData/SugarBeat-hgoxfxbbugxkfsbmqcjlbmjeaqyg/Build/Intermediates.noindex/AppAuth.build/Debug-iphonesimulator/AppAuthCore.build/AppAuthCore.modulemap (in target 'AppAuthCore' from project 'AppAuth')
    cd /Users/fukushimatakumi/Library/Developer/Xcode/DerivedData/SugarBeat-hgoxfxbbugxkfsbmqcjlbmjeaqyg/SourcePackages/checkouts/AppAuth-iOS
    write-file /Users/fukushimatakumi/Library/Developer/Xcode/DerivedData/SugarBeat-hgoxfxbbugxkfsbmqcjlbmjeaqyg/Build/Intermediates.noindex/AppAuth.build/Debug-iphonesimulator/AppAuthCore.build/AppAuthCore.modulemap

WriteAuxiliaryFile /Users/fukushimatakumi/Library/Developer/Xcode/DerivedData/SugarBeat-hgoxfxbbugxkfsbmqcjlbmjeaqyg/Build/Intermediates.noindex/AppAuth.build/Debug-iphonesimulator/AppAuthCore.build/AppAuthCore.DependencyStaticMetadataFileList (in target 'AppAuthCore' from project 'AppAuth')
    cd /Users/fukushimatakumi/Library/Developer/Xcode/DerivedData/SugarBeat-hgoxfxbbugxkfsbmqcjlbmjeaqyg/SourcePackages/checkouts/AppAuth-iOS
    write-file /Users/fukushimatakumi/Library/Developer/Xcode/DerivedData/SugarBeat-hgoxfxbbugxkfsbmqcjlbmjeaqyg/Build/Intermediates.noindex/AppAuth.build/Debug-iphonesimulator/AppAuthCore.build/AppAuthCore.DependencyStaticMetadataFileList

WriteAuxiliaryFile /Users/fukushimatakumi/Library/Developer/Xcode/DerivedData/SugarBeat-hgoxfxbbugxkfsbmqcjlbmjeaqyg/Build/Intermediates.noindex/AppAuth.build/Debug-iphonesimulator/AppAuthCore.build/AppAuthCore.DependencyMetadataFileList (in target 'AppAuthCore' from project 'AppAuth')
    cd /Users/fukushimatakumi/Library/Developer/Xcode/DerivedData/SugarBeat-hgoxfxbbugxkfsbmqcjlbmjeaqyg/SourcePackages/checkouts/AppAuth-iOS
    write-file /Users/fukushimatakumi/Library/Developer/Xcode/DerivedData/SugarBeat-hgoxfxbbugxkfsbmqcjlbmjeaqyg/Build/Intermediates.noindex/AppAuth.build/Debug-iphonesimulator/AppAuthCore.build/AppAuthCore.DependencyMetadataFileList

WriteAuxiliaryFile /Users/fukushimatakumi/Library/Developer/Xcode/DerivedData/SugarBeat-hgoxfxbbugxkfsbmqcjlbmjeaqyg/Build/Intermediates.noindex/AppAuth.build/Debug-iphonesimulator/AppAuth.build/Objects-normal/arm64/e6072d4f65d7061329687fe24e3d63a7-common-args.resp (in target 'AppAuth' from project 'AppAuth')
    cd /Users/fukushimatakumi/Library/Developer/Xcode/DerivedData/SugarBeat-hgoxfxbbugxkfsbmqcjlbmjeaqyg/SourcePackages/checkouts/AppAuth-iOS
    write-file /Users/fukushimatakumi/Library/Developer/Xcode/DerivedData/SugarBeat-hgoxfxbbugxkfsbmqcjlbmjeaqyg/Build/Intermediates.noindex/AppAuth.build/Debug-iphonesimulator/AppAuth.build/Objects-normal/arm64/e6072d4f65d7061329687fe24e3d63a7-common-args.resp
-target arm64-apple-ios12.0-simulator -fobjc-arc -fmodules -gmodules '-fmodules-cache-path=/Users/fukushimatakumi/Library/Developer/Xcode/DerivedData/ModuleCache.noindex' '-fmodule-name=AppAuth' -fpascal-strings -O0 -DSWIFT_PACKAGE '-DDEBUG=1' '-DOBJC_OLD_DISPATCH_PROTOTYPES=1' -isysroot /Applications/Xcode.app/Contents/Developer/Platforms/iPhoneSimulator.platform/Developer/SDKs/iPhoneSimulator18.4.sdk -g '-fobjc-abi-version=2' -fobjc-legacy-dispatch -I/Users/fukushimatakumi/Library/Developer/Xcode/DerivedData/SugarBeat-hgoxfxbbugxkfsbmqcjlbmjeaqyg/SourcePackages/checkouts/AppAuth-iOS/Sources/AppAuthCore -I/Users/fukushimatakumi/Library/Developer/Xcode/DerivedData/SugarBeat-hgoxfxbbugxkfsbmqcjlbmjeaqyg/Build/Products/Debug-iphonesimulator/include -I/Users/fukushimatakumi/Library/Developer/Xcode/DerivedData/SugarBeat-hgoxfxbbugxkfsbmqcjlbmjeaqyg/SourcePackages/checkouts/AppAuth-iOS/Sources/AppAuth -I/Users/fukushimatakumi/Library/Developer/Xcode/DerivedData/SugarBeat-hgoxfxbbugxkfsbmqcjlbmjeaqyg/SourcePackages/checkouts/AppAuth-iOS/Sources/AppAuth/iOS -I/Users/fukushimatakumi/Library/Developer/Xcode/DerivedData/SugarBeat-hgoxfxbbugxkfsbmqcjlbmjeaqyg/SourcePackages/checkouts/AppAuth-iOS/Sources/AppAuth/macOS -I/Users/fukushimatakumi/Library/Developer/Xcode/DerivedData/SugarBeat-hgoxfxbbugxkfsbmqcjlbmjeaqyg/SourcePackages/checkouts/AppAuth-iOS/Sources/AppAuth/macOS/LoopbackHTTPServer -I/Users/fukushimatakumi/Library/Developer/Xcode/DerivedData/SugarBeat-hgoxfxbbugxkfsbmqcjlbmjeaqyg/Build/Intermediates.noindex/AppAuth.build/Debug-iphonesimulator/AppAuth.build/DerivedSources-normal/arm64 -I/Users/fukushimatakumi/Library/Developer/Xcode/DerivedData/SugarBeat-hgoxfxbbugxkfsbmqcjlbmjeaqyg/Build/Intermediates.noindex/AppAuth.build/Debug-iphonesimulator/AppAuth.build/DerivedSources/arm64 -I/Users/fukushimatakumi/Library/Developer/Xcode/DerivedData/SugarBeat-hgoxfxbbugxkfsbmqcjlbmjeaqyg/Build/Intermediates.noindex/AppAuth.build/Debug-iphonesimulator/AppAuth.build/DerivedSources -F/Users/fukushimatakumi/Library/Developer/Xcode/DerivedData/SugarBeat-hgoxfxbbugxkfsbmqcjlbmjeaqyg/Build/Products/Debug-iphonesimulator/PackageFrameworks -F/Users/fukushimatakumi/Library/Developer/Xcode/DerivedData/SugarBeat-hgoxfxbbugxkfsbmqcjlbmjeaqyg/Build/Products/Debug-iphonesimulator -iframework /Applications/Xcode.app/Contents/Developer/Platforms/iPhoneSimulator.platform/Developer/Library/Frameworks -iframework /Applications/Xcode.app/Contents/Developer/Platforms/iPhoneSimulator.platform/Developer/SDKs/iPhoneSimulator18.4.sdk/Developer/Library/Frameworks '-fmodule-map-file=/Users/fukushimatakumi/Library/Developer/Xcode/DerivedData/SugarBeat-hgoxfxbbugxkfsbmqcjlbmjeaqyg/Build/Intermediates.noindex/GeneratedModuleMaps-iphonesimulator/AppAuthCore.modulemap' -DXcode

WriteAuxiliaryFile /Users/fukushimatakumi/Library/Developer/Xcode/DerivedData/SugarBeat-hgoxfxbbugxkfsbmqcjlbmjeaqyg/Build/Intermediates.noindex/AppAuth.build/Debug-iphonesimulator/AppAuth.build/Objects-normal/arm64/AppAuth.LinkFileList (in target 'AppAuth' from project 'AppAuth')
    cd /Users/fukushimatakumi/Library/Developer/Xcode/DerivedData/SugarBeat-hgoxfxbbugxkfsbmqcjlbmjeaqyg/SourcePackages/checkouts/AppAuth-iOS
    write-file /Users/fukushimatakumi/Library/Developer/Xcode/DerivedData/SugarBeat-hgoxfxbbugxkfsbmqcjlbmjeaqyg/Build/Intermediates.noindex/AppAuth.build/Debug-iphonesimulator/AppAuth.build/Objects-normal/arm64/AppAuth.LinkFileList

WriteAuxiliaryFile /Users/fukushimatakumi/Library/Developer/Xcode/DerivedData/SugarBeat-hgoxfxbbugxkfsbmqcjlbmjeaqyg/Build/Intermediates.noindex/AppAuth.build/Debug-iphonesimulator/AppAuth.build/DerivedSources/resource_bundle_accessor.m (in target 'AppAuth' from project 'AppAuth')
    cd /Users/fukushimatakumi/Library/Developer/Xcode/DerivedData/SugarBeat-hgoxfxbbugxkfsbmqcjlbmjeaqyg/SourcePackages/checkouts/AppAuth-iOS
    write-file /Users/fukushimatakumi/Library/Developer/Xcode/DerivedData/SugarBeat-hgoxfxbbugxkfsbmqcjlbmjeaqyg/Build/Intermediates.noindex/AppAuth.build/Debug-iphonesimulator/AppAuth.build/DerivedSources/resource_bundle_accessor.m

WriteAuxiliaryFile /Users/fukushimatakumi/Library/Developer/Xcode/DerivedData/SugarBeat-hgoxfxbbugxkfsbmqcjlbmjeaqyg/Build/Intermediates.noindex/AppAuth.build/Debug-iphonesimulator/AppAuth.build/DerivedSources/resource_bundle_accessor.h (in target 'AppAuth' from project 'AppAuth')
    cd /Users/fukushimatakumi/Library/Developer/Xcode/DerivedData/SugarBeat-hgoxfxbbugxkfsbmqcjlbmjeaqyg/SourcePackages/checkouts/AppAuth-iOS
    write-file /Users/fukushimatakumi/Library/Developer/Xcode/DerivedData/SugarBeat-hgoxfxbbugxkfsbmqcjlbmjeaqyg/Build/Intermediates.noindex/AppAuth.build/Debug-iphonesimulator/AppAuth.build/DerivedSources/resource_bundle_accessor.h

WriteAuxiliaryFile /Users/fukushimatakumi/Library/Developer/Xcode/DerivedData/SugarBeat-hgoxfxbbugxkfsbmqcjlbmjeaqyg/Build/Intermediates.noindex/AppAuth.build/Debug-iphonesimulator/AppAuth.build/AppAuth.modulemap (in target 'AppAuth' from project 'AppAuth')
    cd /Users/fukushimatakumi/Library/Developer/Xcode/DerivedData/SugarBeat-hgoxfxbbugxkfsbmqcjlbmjeaqyg/SourcePackages/checkouts/AppAuth-iOS
    write-file /Users/fukushimatakumi/Library/Developer/Xcode/DerivedData/SugarBeat-hgoxfxbbugxkfsbmqcjlbmjeaqyg/Build/Intermediates.noindex/AppAuth.build/Debug-iphonesimulator/AppAuth.build/AppAuth.modulemap

WriteAuxiliaryFile /Users/fukushimatakumi/Library/Developer/Xcode/DerivedData/SugarBeat-hgoxfxbbugxkfsbmqcjlbmjeaqyg/Build/Intermediates.noindex/AppAuth.build/Debug-iphonesimulator/AppAuth.build/AppAuth.DependencyStaticMetadataFileList (in target 'AppAuth' from project 'AppAuth')
    cd /Users/fukushimatakumi/Library/Developer/Xcode/DerivedData/SugarBeat-hgoxfxbbugxkfsbmqcjlbmjeaqyg/SourcePackages/checkouts/AppAuth-iOS
    write-file /Users/fukushimatakumi/Library/Developer/Xcode/DerivedData/SugarBeat-hgoxfxbbugxkfsbmqcjlbmjeaqyg/Build/Intermediates.noindex/AppAuth.build/Debug-iphonesimulator/AppAuth.build/AppAuth.DependencyStaticMetadataFileList

WriteAuxiliaryFile /Users/fukushimatakumi/Library/Developer/Xcode/DerivedData/SugarBeat-hgoxfxbbugxkfsbmqcjlbmjeaqyg/Build/Intermediates.noindex/AppAuth.build/Debug-iphonesimulator/AppAuth.build/AppAuth.DependencyMetadataFileList (in target 'AppAuth' from project 'AppAuth')
    cd /Users/fukushimatakumi/Library/Developer/Xcode/DerivedData/SugarBeat-hgoxfxbbugxkfsbmqcjlbmjeaqyg/SourcePackages/checkouts/AppAuth-iOS
    write-file /Users/fukushimatakumi/Library/Developer/Xcode/DerivedData/SugarBeat-hgoxfxbbugxkfsbmqcjlbmjeaqyg/Build/Intermediates.noindex/AppAuth.build/Debug-iphonesimulator/AppAuth.build/AppAuth.DependencyMetadataFileList

MkDir /Users/fukushimatakumi/Library/Developer/Xcode/DerivedData/SugarBeat-hgoxfxbbugxkfsbmqcjlbmjeaqyg/Build/Products/Debug-iphonesimulator/nanopb_nanopb.bundle (in target 'nanopb_nanopb' from project 'nanopb')
    cd /Users/fukushimatakumi/Library/Developer/Xcode/DerivedData/SugarBeat-hgoxfxbbugxkfsbmqcjlbmjeaqyg/SourcePackages/checkouts/nanopb
    /bin/mkdir -p /Users/fukushimatakumi/Library/Developer/Xcode/DerivedData/SugarBeat-hgoxfxbbugxkfsbmqcjlbmjeaqyg/Build/Products/Debug-iphonesimulator/nanopb_nanopb.bundle

MkDir /Users/fukushimatakumi/Library/Developer/Xcode/DerivedData/SugarBeat-hgoxfxbbugxkfsbmqcjlbmjeaqyg/Build/Products/Debug-iphonesimulator/leveldb_leveldb.bundle (in target 'leveldb_leveldb' from project 'leveldb')
    cd /Users/fukushimatakumi/Library/Developer/Xcode/DerivedData/SugarBeat-hgoxfxbbugxkfsbmqcjlbmjeaqyg/SourcePackages/checkouts/leveldb
    /bin/mkdir -p /Users/fukushimatakumi/Library/Developer/Xcode/DerivedData/SugarBeat-hgoxfxbbugxkfsbmqcjlbmjeaqyg/Build/Products/Debug-iphonesimulator/leveldb_leveldb.bundle

MkDir /Users/fukushimatakumi/Library/Developer/Xcode/DerivedData/SugarBeat-hgoxfxbbugxkfsbmqcjlbmjeaqyg/Build/Products/Debug-iphonesimulator/gRPC_opensslWrapper.bundle (in target 'gRPC_opensslWrapper' from project 'gRPC')
    cd /Users/fukushimatakumi/Library/Developer/Xcode/DerivedData/SugarBeat-hgoxfxbbugxkfsbmqcjlbmjeaqyg/SourcePackages/checkouts/grpc-binary
    /bin/mkdir -p /Users/fukushimatakumi/Library/Developer/Xcode/DerivedData/SugarBeat-hgoxfxbbugxkfsbmqcjlbmjeaqyg/Build/Products/Debug-iphonesimulator/gRPC_opensslWrapper.bundle

MkDir /Users/fukushimatakumi/Library/Developer/Xcode/DerivedData/SugarBeat-hgoxfxbbugxkfsbmqcjlbmjeaqyg/Build/Products/Debug-iphonesimulator/gRPC_grpcppWrapper.bundle (in target 'gRPC_grpcppWrapper' from project 'gRPC')
    cd /Users/fukushimatakumi/Library/Developer/Xcode/DerivedData/SugarBeat-hgoxfxbbugxkfsbmqcjlbmjeaqyg/SourcePackages/checkouts/grpc-binary
    /bin/mkdir -p /Users/fukushimatakumi/Library/Developer/Xcode/DerivedData/SugarBeat-hgoxfxbbugxkfsbmqcjlbmjeaqyg/Build/Products/Debug-iphonesimulator/gRPC_grpcppWrapper.bundle

MkDir /Users/fukushimatakumi/Library/Developer/Xcode/DerivedData/SugarBeat-hgoxfxbbugxkfsbmqcjlbmjeaqyg/Build/Products/Debug-iphonesimulator/gRPC_grpcWrapper.bundle (in target 'gRPC_grpcWrapper' from project 'gRPC')
    cd /Users/fukushimatakumi/Library/Developer/Xcode/DerivedData/SugarBeat-hgoxfxbbugxkfsbmqcjlbmjeaqyg/SourcePackages/checkouts/grpc-binary
    /bin/mkdir -p /Users/fukushimatakumi/Library/Developer/Xcode/DerivedData/SugarBeat-hgoxfxbbugxkfsbmqcjlbmjeaqyg/Build/Products/Debug-iphonesimulator/gRPC_grpcWrapper.bundle

MkDir /Users/fukushimatakumi/Library/Developer/Xcode/DerivedData/SugarBeat-hgoxfxbbugxkfsbmqcjlbmjeaqyg/Build/Products/Debug-iphonesimulator/abseil_abslWrapper.bundle (in target 'abseil_abslWrapper' from project 'abseil')
    cd /Users/fukushimatakumi/Library/Developer/Xcode/DerivedData/SugarBeat-hgoxfxbbugxkfsbmqcjlbmjeaqyg/SourcePackages/checkouts/abseil-cpp-binary
    /bin/mkdir -p /Users/fukushimatakumi/Library/Developer/Xcode/DerivedData/SugarBeat-hgoxfxbbugxkfsbmqcjlbmjeaqyg/Build/Products/Debug-iphonesimulator/abseil_abslWrapper.bundle

MkDir /Users/fukushimatakumi/Library/Developer/Xcode/DerivedData/SugarBeat-hgoxfxbbugxkfsbmqcjlbmjeaqyg/Build/Products/Debug-iphonesimulator/Promises_FBLPromises.bundle (in target 'Promises_FBLPromises' from project 'Promises')
    cd /Users/fukushimatakumi/Library/Developer/Xcode/DerivedData/SugarBeat-hgoxfxbbugxkfsbmqcjlbmjeaqyg/SourcePackages/checkouts/promises
    /bin/mkdir -p /Users/fukushimatakumi/Library/Developer/Xcode/DerivedData/SugarBeat-hgoxfxbbugxkfsbmqcjlbmjeaqyg/Build/Products/Debug-iphonesimulator/Promises_FBLPromises.bundle

MkDir /Users/fukushimatakumi/Library/Developer/Xcode/DerivedData/SugarBeat-hgoxfxbbugxkfsbmqcjlbmjeaqyg/Build/Products/Debug-iphonesimulator/GoogleUtilities_GoogleUtilities-UserDefaults.bundle (in target 'GoogleUtilities_GoogleUtilities-UserDefaults' from project 'GoogleUtilities')
    cd /Users/fukushimatakumi/Library/Developer/Xcode/DerivedData/SugarBeat-hgoxfxbbugxkfsbmqcjlbmjeaqyg/SourcePackages/checkouts/GoogleUtilities
    /bin/mkdir -p /Users/fukushimatakumi/Library/Developer/Xcode/DerivedData/SugarBeat-hgoxfxbbugxkfsbmqcjlbmjeaqyg/Build/Products/Debug-iphonesimulator/GoogleUtilities_GoogleUtilities-UserDefaults.bundle

MkDir /Users/fukushimatakumi/Library/Developer/Xcode/DerivedData/SugarBeat-hgoxfxbbugxkfsbmqcjlbmjeaqyg/Build/Products/Debug-iphonesimulator/GoogleUtilities_GoogleUtilities-Reachability.bundle (in target 'GoogleUtilities_GoogleUtilities-Reachability' from project 'GoogleUtilities')
    cd /Users/fukushimatakumi/Library/Developer/Xcode/DerivedData/SugarBeat-hgoxfxbbugxkfsbmqcjlbmjeaqyg/SourcePackages/checkouts/GoogleUtilities
    /bin/mkdir -p /Users/fukushimatakumi/Library/Developer/Xcode/DerivedData/SugarBeat-hgoxfxbbugxkfsbmqcjlbmjeaqyg/Build/Products/Debug-iphonesimulator/GoogleUtilities_GoogleUtilities-Reachability.bundle

MkDir /Users/fukushimatakumi/Library/Developer/Xcode/DerivedData/SugarBeat-hgoxfxbbugxkfsbmqcjlbmjeaqyg/Build/Products/Debug-iphonesimulator/GoogleUtilities_GoogleUtilities-Network.bundle (in target 'GoogleUtilities_GoogleUtilities-Network' from project 'GoogleUtilities')
    cd /Users/fukushimatakumi/Library/Developer/Xcode/DerivedData/SugarBeat-hgoxfxbbugxkfsbmqcjlbmjeaqyg/SourcePackages/checkouts/GoogleUtilities
    /bin/mkdir -p /Users/fukushimatakumi/Library/Developer/Xcode/DerivedData/SugarBeat-hgoxfxbbugxkfsbmqcjlbmjeaqyg/Build/Products/Debug-iphonesimulator/GoogleUtilities_GoogleUtilities-Network.bundle

MkDir /Users/fukushimatakumi/Library/Developer/Xcode/DerivedData/SugarBeat-hgoxfxbbugxkfsbmqcjlbmjeaqyg/Build/Products/Debug-iphonesimulator/GoogleUtilities_GoogleUtilities-NSData.bundle (in target 'GoogleUtilities_GoogleUtilities-NSData' from project 'GoogleUtilities')
    cd /Users/fukushimatakumi/Library/Developer/Xcode/DerivedData/SugarBeat-hgoxfxbbugxkfsbmqcjlbmjeaqyg/SourcePackages/checkouts/GoogleUtilities
    /bin/mkdir -p /Users/fukushimatakumi/Library/Developer/Xcode/DerivedData/SugarBeat-hgoxfxbbugxkfsbmqcjlbmjeaqyg/Build/Products/Debug-iphonesimulator/GoogleUtilities_GoogleUtilities-NSData.bundle

MkDir /Users/fukushimatakumi/Library/Developer/Xcode/DerivedData/SugarBeat-hgoxfxbbugxkfsbmqcjlbmjeaqyg/Build/Products/Debug-iphonesimulator/GoogleUtilities_GoogleUtilities-Logger.bundle (in target 'GoogleUtilities_GoogleUtilities-Logger' from project 'GoogleUtilities')
    cd /Users/fukushimatakumi/Library/Developer/Xcode/DerivedData/SugarBeat-hgoxfxbbugxkfsbmqcjlbmjeaqyg/SourcePackages/checkouts/GoogleUtilities
    /bin/mkdir -p /Users/fukushimatakumi/Library/Developer/Xcode/DerivedData/SugarBeat-hgoxfxbbugxkfsbmqcjlbmjeaqyg/Build/Products/Debug-iphonesimulator/GoogleUtilities_GoogleUtilities-Logger.bundle

MkDir /Users/fukushimatakumi/Library/Developer/Xcode/DerivedData/SugarBeat-hgoxfxbbugxkfsbmqcjlbmjeaqyg/Build/Products/Debug-iphonesimulator/GoogleUtilities_GoogleUtilities-Environment.bundle (in target 'GoogleUtilities_GoogleUtilities-Environment' from project 'GoogleUtilities')
    cd /Users/fukushimatakumi/Library/Developer/Xcode/DerivedData/SugarBeat-hgoxfxbbugxkfsbmqcjlbmjeaqyg/SourcePackages/checkouts/GoogleUtilities
    /bin/mkdir -p /Users/fukushimatakumi/Library/Developer/Xcode/DerivedData/SugarBeat-hgoxfxbbugxkfsbmqcjlbmjeaqyg/Build/Products/Debug-iphonesimulator/GoogleUtilities_GoogleUtilities-Environment.bundle

MkDir /Users/fukushimatakumi/Library/Developer/Xcode/DerivedData/SugarBeat-hgoxfxbbugxkfsbmqcjlbmjeaqyg/Build/Products/Debug-iphonesimulator/GoogleUtilities_GoogleUtilities-AppDelegateSwizzler.bundle (in target 'GoogleUtilities_GoogleUtilities-AppDelegateSwizzler' from project 'GoogleUtilities')
    cd /Users/fukushimatakumi/Library/Developer/Xcode/DerivedData/SugarBeat-hgoxfxbbugxkfsbmqcjlbmjeaqyg/SourcePackages/checkouts/GoogleUtilities
    /bin/mkdir -p /Users/fukushimatakumi/Library/Developer/Xcode/DerivedData/SugarBeat-hgoxfxbbugxkfsbmqcjlbmjeaqyg/Build/Products/Debug-iphonesimulator/GoogleUtilities_GoogleUtilities-AppDelegateSwizzler.bundle

MkDir /Users/fukushimatakumi/Library/Developer/Xcode/DerivedData/SugarBeat-hgoxfxbbugxkfsbmqcjlbmjeaqyg/Build/Products/Debug-iphonesimulator/GoogleSignIn_GoogleSignInSwift.bundle (in target 'GoogleSignIn_GoogleSignInSwift' from project 'GoogleSignIn')
    cd /Users/fukushimatakumi/Library/Developer/Xcode/DerivedData/SugarBeat-hgoxfxbbugxkfsbmqcjlbmjeaqyg/SourcePackages/checkouts/GoogleSignIn-iOS
    /bin/mkdir -p /Users/fukushimatakumi/Library/Developer/Xcode/DerivedData/SugarBeat-hgoxfxbbugxkfsbmqcjlbmjeaqyg/Build/Products/Debug-iphonesimulator/GoogleSignIn_GoogleSignInSwift.bundle

MkDir /Users/fukushimatakumi/Library/Developer/Xcode/DerivedData/SugarBeat-hgoxfxbbugxkfsbmqcjlbmjeaqyg/Build/Products/Debug-iphonesimulator/GoogleSignIn_GoogleSignIn.bundle (in target 'GoogleSignIn_GoogleSignIn' from project 'GoogleSignIn')
    cd /Users/fukushimatakumi/Library/Developer/Xcode/DerivedData/SugarBeat-hgoxfxbbugxkfsbmqcjlbmjeaqyg/SourcePackages/checkouts/GoogleSignIn-iOS
    /bin/mkdir -p /Users/fukushimatakumi/Library/Developer/Xcode/DerivedData/SugarBeat-hgoxfxbbugxkfsbmqcjlbmjeaqyg/Build/Products/Debug-iphonesimulator/GoogleSignIn_GoogleSignIn.bundle

MkDir /Users/fukushimatakumi/Library/Developer/Xcode/DerivedData/SugarBeat-hgoxfxbbugxkfsbmqcjlbmjeaqyg/Build/Products/Debug-iphonesimulator/GTMSessionFetcher_GTMSessionFetcherCore.bundle (in target 'GTMSessionFetcher_GTMSessionFetcherCore' from project 'GTMSessionFetcher')
    cd /Users/fukushimatakumi/Library/Developer/Xcode/DerivedData/SugarBeat-hgoxfxbbugxkfsbmqcjlbmjeaqyg/SourcePackages/checkouts/gtm-session-fetcher
    /bin/mkdir -p /Users/fukushimatakumi/Library/Developer/Xcode/DerivedData/SugarBeat-hgoxfxbbugxkfsbmqcjlbmjeaqyg/Build/Products/Debug-iphonesimulator/GTMSessionFetcher_GTMSessionFetcherCore.bundle

MkDir /Users/fukushimatakumi/Library/Developer/Xcode/DerivedData/SugarBeat-hgoxfxbbugxkfsbmqcjlbmjeaqyg/Build/Products/Debug-iphonesimulator/GTMAppAuth_GTMAppAuth.bundle (in target 'GTMAppAuth_GTMAppAuth' from project 'GTMAppAuth')
    cd /Users/fukushimatakumi/Library/Developer/Xcode/DerivedData/SugarBeat-hgoxfxbbugxkfsbmqcjlbmjeaqyg/SourcePackages/checkouts/GTMAppAuth
    /bin/mkdir -p /Users/fukushimatakumi/Library/Developer/Xcode/DerivedData/SugarBeat-hgoxfxbbugxkfsbmqcjlbmjeaqyg/Build/Products/Debug-iphonesimulator/GTMAppAuth_GTMAppAuth.bundle

MkDir /Users/fukushimatakumi/Library/Developer/Xcode/DerivedData/SugarBeat-hgoxfxbbugxkfsbmqcjlbmjeaqyg/Build/Products/Debug-iphonesimulator/Firebase_FirebaseFirestore.bundle (in target 'Firebase_FirebaseFirestore' from project 'Firebase')
    cd /Users/fukushimatakumi/Library/Developer/Xcode/DerivedData/SugarBeat-hgoxfxbbugxkfsbmqcjlbmjeaqyg/SourcePackages/checkouts/firebase-ios-sdk
    /bin/mkdir -p /Users/fukushimatakumi/Library/Developer/Xcode/DerivedData/SugarBeat-hgoxfxbbugxkfsbmqcjlbmjeaqyg/Build/Products/Debug-iphonesimulator/Firebase_FirebaseFirestore.bundle

MkDir /Users/fukushimatakumi/Library/Developer/Xcode/DerivedData/SugarBeat-hgoxfxbbugxkfsbmqcjlbmjeaqyg/Build/Products/Debug-iphonesimulator/Firebase_FirebaseCoreInternal.bundle (in target 'Firebase_FirebaseCoreInternal' from project 'Firebase')
    cd /Users/fukushimatakumi/Library/Developer/Xcode/DerivedData/SugarBeat-hgoxfxbbugxkfsbmqcjlbmjeaqyg/SourcePackages/checkouts/firebase-ios-sdk
    /bin/mkdir -p /Users/fukushimatakumi/Library/Developer/Xcode/DerivedData/SugarBeat-hgoxfxbbugxkfsbmqcjlbmjeaqyg/Build/Products/Debug-iphonesimulator/Firebase_FirebaseCoreInternal.bundle

MkDir /Users/fukushimatakumi/Library/Developer/Xcode/DerivedData/SugarBeat-hgoxfxbbugxkfsbmqcjlbmjeaqyg/Build/Products/Debug-iphonesimulator/Firebase_FirebaseCoreExtension.bundle (in target 'Firebase_FirebaseCoreExtension' from project 'Firebase')
    cd /Users/fukushimatakumi/Library/Developer/Xcode/DerivedData/SugarBeat-hgoxfxbbugxkfsbmqcjlbmjeaqyg/SourcePackages/checkouts/firebase-ios-sdk
    /bin/mkdir -p /Users/fukushimatakumi/Library/Developer/Xcode/DerivedData/SugarBeat-hgoxfxbbugxkfsbmqcjlbmjeaqyg/Build/Products/Debug-iphonesimulator/Firebase_FirebaseCoreExtension.bundle

MkDir /Users/fukushimatakumi/Library/Developer/Xcode/DerivedData/SugarBeat-hgoxfxbbugxkfsbmqcjlbmjeaqyg/Build/Products/Debug-iphonesimulator/Firebase_FirebaseCore.bundle (in target 'Firebase_FirebaseCore' from project 'Firebase')
    cd /Users/fukushimatakumi/Library/Developer/Xcode/DerivedData/SugarBeat-hgoxfxbbugxkfsbmqcjlbmjeaqyg/SourcePackages/checkouts/firebase-ios-sdk
    /bin/mkdir -p /Users/fukushimatakumi/Library/Developer/Xcode/DerivedData/SugarBeat-hgoxfxbbugxkfsbmqcjlbmjeaqyg/Build/Products/Debug-iphonesimulator/Firebase_FirebaseCore.bundle

MkDir /Users/fukushimatakumi/Library/Developer/Xcode/DerivedData/SugarBeat-hgoxfxbbugxkfsbmqcjlbmjeaqyg/Build/Products/Debug-iphonesimulator/Firebase_FirebaseAuth.bundle (in target 'Firebase_FirebaseAuth' from project 'Firebase')
    cd /Users/fukushimatakumi/Library/Developer/Xcode/DerivedData/SugarBeat-hgoxfxbbugxkfsbmqcjlbmjeaqyg/SourcePackages/checkouts/firebase-ios-sdk
    /bin/mkdir -p /Users/fukushimatakumi/Library/Developer/Xcode/DerivedData/SugarBeat-hgoxfxbbugxkfsbmqcjlbmjeaqyg/Build/Products/Debug-iphonesimulator/Firebase_FirebaseAuth.bundle

MkDir /Users/fukushimatakumi/Library/Developer/Xcode/DerivedData/SugarBeat-hgoxfxbbugxkfsbmqcjlbmjeaqyg/Build/Products/Debug-iphonesimulator/AppAuth_AppAuthCore.bundle (in target 'AppAuth_AppAuthCore' from project 'AppAuth')
    cd /Users/fukushimatakumi/Library/Developer/Xcode/DerivedData/SugarBeat-hgoxfxbbugxkfsbmqcjlbmjeaqyg/SourcePackages/checkouts/AppAuth-iOS
    /bin/mkdir -p /Users/fukushimatakumi/Library/Developer/Xcode/DerivedData/SugarBeat-hgoxfxbbugxkfsbmqcjlbmjeaqyg/Build/Products/Debug-iphonesimulator/AppAuth_AppAuthCore.bundle

MkDir /Users/fukushimatakumi/Library/Developer/Xcode/DerivedData/SugarBeat-hgoxfxbbugxkfsbmqcjlbmjeaqyg/Build/Products/Debug-iphonesimulator/AppAuth_AppAuth.bundle (in target 'AppAuth_AppAuth' from project 'AppAuth')
    cd /Users/fukushimatakumi/Library/Developer/Xcode/DerivedData/SugarBeat-hgoxfxbbugxkfsbmqcjlbmjeaqyg/SourcePackages/checkouts/AppAuth-iOS
    /bin/mkdir -p /Users/fukushimatakumi/Library/Developer/Xcode/DerivedData/SugarBeat-hgoxfxbbugxkfsbmqcjlbmjeaqyg/Build/Products/Debug-iphonesimulator/AppAuth_AppAuth.bundle

Copy /Users/fukushimatakumi/Library/Developer/Xcode/DerivedData/SugarBeat-hgoxfxbbugxkfsbmqcjlbmjeaqyg/Build/Intermediates.noindex/GeneratedModuleMaps-iphonesimulator/GoogleUtilities-UserDefaults.modulemap /Users/fukushimatakumi/Library/Developer/Xcode/DerivedData/SugarBeat-hgoxfxbbugxkfsbmqcjlbmjeaqyg/Build/Intermediates.noindex/GoogleUtilities.build/Debug-iphonesimulator/GoogleUtilities-UserDefaults.build/GoogleUtilities-UserDefaults.modulemap (in target 'GoogleUtilities-UserDefaults' from project 'GoogleUtilities')
    cd /Users/fukushimatakumi/Library/Developer/Xcode/DerivedData/SugarBeat-hgoxfxbbugxkfsbmqcjlbmjeaqyg/SourcePackages/checkouts/GoogleUtilities
    builtin-copy -exclude .DS_Store -exclude CVS -exclude .svn -exclude .git -exclude .hg -resolve-src-symlinks /Users/fukushimatakumi/Library/Developer/Xcode/DerivedData/SugarBeat-hgoxfxbbugxkfsbmqcjlbmjeaqyg/Build/Intermediates.noindex/GoogleUtilities.build/Debug-iphonesimulator/GoogleUtilities-UserDefaults.build/GoogleUtilities-UserDefaults.modulemap /Users/fukushimatakumi/Library/Developer/Xcode/DerivedData/SugarBeat-hgoxfxbbugxkfsbmqcjlbmjeaqyg/Build/Intermediates.noindex/GeneratedModuleMaps-iphonesimulator

Copy /Users/fukushimatakumi/Library/Developer/Xcode/DerivedData/SugarBeat-hgoxfxbbugxkfsbmqcjlbmjeaqyg/Build/Intermediates.noindex/GeneratedModuleMaps-iphonesimulator/GoogleUtilities-Reachability.modulemap /Users/fukushimatakumi/Library/Developer/Xcode/DerivedData/SugarBeat-hgoxfxbbugxkfsbmqcjlbmjeaqyg/Build/Intermediates.noindex/GoogleUtilities.build/Debug-iphonesimulator/GoogleUtilities-Reachability.build/GoogleUtilities-Reachability.modulemap (in target 'GoogleUtilities-Reachability' from project 'GoogleUtilities')
    cd /Users/fukushimatakumi/Library/Developer/Xcode/DerivedData/SugarBeat-hgoxfxbbugxkfsbmqcjlbmjeaqyg/SourcePackages/checkouts/GoogleUtilities
    builtin-copy -exclude .DS_Store -exclude CVS -exclude .svn -exclude .git -exclude .hg -resolve-src-symlinks /Users/fukushimatakumi/Library/Developer/Xcode/DerivedData/SugarBeat-hgoxfxbbugxkfsbmqcjlbmjeaqyg/Build/Intermediates.noindex/GoogleUtilities.build/Debug-iphonesimulator/GoogleUtilities-Reachability.build/GoogleUtilities-Reachability.modulemap /Users/fukushimatakumi/Library/Developer/Xcode/DerivedData/SugarBeat-hgoxfxbbugxkfsbmqcjlbmjeaqyg/Build/Intermediates.noindex/GeneratedModuleMaps-iphonesimulator

Copy /Users/fukushimatakumi/Library/Developer/Xcode/DerivedData/SugarBeat-hgoxfxbbugxkfsbmqcjlbmjeaqyg/Build/Intermediates.noindex/GeneratedModuleMaps-iphonesimulator/GoogleUtilities-Network.modulemap /Users/fukushimatakumi/Library/Developer/Xcode/DerivedData/SugarBeat-hgoxfxbbugxkfsbmqcjlbmjeaqyg/Build/Intermediates.noindex/GoogleUtilities.build/Debug-iphonesimulator/GoogleUtilities-Network.build/GoogleUtilities-Network.modulemap (in target 'GoogleUtilities-Network' from project 'GoogleUtilities')
    cd /Users/fukushimatakumi/Library/Developer/Xcode/DerivedData/SugarBeat-hgoxfxbbugxkfsbmqcjlbmjeaqyg/SourcePackages/checkouts/GoogleUtilities
    builtin-copy -exclude .DS_Store -exclude CVS -exclude .svn -exclude .git -exclude .hg -resolve-src-symlinks /Users/fukushimatakumi/Library/Developer/Xcode/DerivedData/SugarBeat-hgoxfxbbugxkfsbmqcjlbmjeaqyg/Build/Intermediates.noindex/GoogleUtilities.build/Debug-iphonesimulator/GoogleUtilities-Network.build/GoogleUtilities-Network.modulemap /Users/fukushimatakumi/Library/Developer/Xcode/DerivedData/SugarBeat-hgoxfxbbugxkfsbmqcjlbmjeaqyg/Build/Intermediates.noindex/GeneratedModuleMaps-iphonesimulator

Copy /Users/fukushimatakumi/Library/Developer/Xcode/DerivedData/SugarBeat-hgoxfxbbugxkfsbmqcjlbmjeaqyg/Build/Intermediates.noindex/GeneratedModuleMaps-iphonesimulator/GoogleUtilities-NSData.modulemap /Users/fukushimatakumi/Library/Developer/Xcode/DerivedData/SugarBeat-hgoxfxbbugxkfsbmqcjlbmjeaqyg/Build/Intermediates.noindex/GoogleUtilities.build/Debug-iphonesimulator/GoogleUtilities-NSData.build/GoogleUtilities-NSData.modulemap (in target 'GoogleUtilities-NSData' from project 'GoogleUtilities')
    cd /Users/fukushimatakumi/Library/Developer/Xcode/DerivedData/SugarBeat-hgoxfxbbugxkfsbmqcjlbmjeaqyg/SourcePackages/checkouts/GoogleUtilities
    builtin-copy -exclude .DS_Store -exclude CVS -exclude .svn -exclude .git -exclude .hg -resolve-src-symlinks /Users/fukushimatakumi/Library/Developer/Xcode/DerivedData/SugarBeat-hgoxfxbbugxkfsbmqcjlbmjeaqyg/Build/Intermediates.noindex/GoogleUtilities.build/Debug-iphonesimulator/GoogleUtilities-NSData.build/GoogleUtilities-NSData.modulemap /Users/fukushimatakumi/Library/Developer/Xcode/DerivedData/SugarBeat-hgoxfxbbugxkfsbmqcjlbmjeaqyg/Build/Intermediates.noindex/GeneratedModuleMaps-iphonesimulator

Copy /Users/fukushimatakumi/Library/Developer/Xcode/DerivedData/SugarBeat-hgoxfxbbugxkfsbmqcjlbmjeaqyg/Build/Intermediates.noindex/GeneratedModuleMaps-iphonesimulator/GoogleUtilities-Logger.modulemap /Users/fukushimatakumi/Library/Developer/Xcode/DerivedData/SugarBeat-hgoxfxbbugxkfsbmqcjlbmjeaqyg/Build/Intermediates.noindex/GoogleUtilities.build/Debug-iphonesimulator/GoogleUtilities-Logger.build/GoogleUtilities-Logger.modulemap (in target 'GoogleUtilities-Logger' from project 'GoogleUtilities')
    cd /Users/fukushimatakumi/Library/Developer/Xcode/DerivedData/SugarBeat-hgoxfxbbugxkfsbmqcjlbmjeaqyg/SourcePackages/checkouts/GoogleUtilities
    builtin-copy -exclude .DS_Store -exclude CVS -exclude .svn -exclude .git -exclude .hg -resolve-src-symlinks /Users/fukushimatakumi/Library/Developer/Xcode/DerivedData/SugarBeat-hgoxfxbbugxkfsbmqcjlbmjeaqyg/Build/Intermediates.noindex/GoogleUtilities.build/Debug-iphonesimulator/GoogleUtilities-Logger.build/GoogleUtilities-Logger.modulemap /Users/fukushimatakumi/Library/Developer/Xcode/DerivedData/SugarBeat-hgoxfxbbugxkfsbmqcjlbmjeaqyg/Build/Intermediates.noindex/GeneratedModuleMaps-iphonesimulator

Copy /Users/fukushimatakumi/Library/Developer/Xcode/DerivedData/SugarBeat-hgoxfxbbugxkfsbmqcjlbmjeaqyg/Build/Intermediates.noindex/GeneratedModuleMaps-iphonesimulator/GoogleUtilities-Environment.modulemap /Users/fukushimatakumi/Library/Developer/Xcode/DerivedData/SugarBeat-hgoxfxbbugxkfsbmqcjlbmjeaqyg/Build/Intermediates.noindex/GoogleUtilities.build/Debug-iphonesimulator/GoogleUtilities-Environment.build/GoogleUtilities-Environment.modulemap (in target 'GoogleUtilities-Environment' from project 'GoogleUtilities')
    cd /Users/fukushimatakumi/Library/Developer/Xcode/DerivedData/SugarBeat-hgoxfxbbugxkfsbmqcjlbmjeaqyg/SourcePackages/checkouts/GoogleUtilities
    builtin-copy -exclude .DS_Store -exclude CVS -exclude .svn -exclude .git -exclude .hg -resolve-src-symlinks /Users/fukushimatakumi/Library/Developer/Xcode/DerivedData/SugarBeat-hgoxfxbbugxkfsbmqcjlbmjeaqyg/Build/Intermediates.noindex/GoogleUtilities.build/Debug-iphonesimulator/GoogleUtilities-Environment.build/GoogleUtilities-Environment.modulemap /Users/fukushimatakumi/Library/Developer/Xcode/DerivedData/SugarBeat-hgoxfxbbugxkfsbmqcjlbmjeaqyg/Build/Intermediates.noindex/GeneratedModuleMaps-iphonesimulator

Copy /Users/fukushimatakumi/Library/Developer/Xcode/DerivedData/SugarBeat-hgoxfxbbugxkfsbmqcjlbmjeaqyg/Build/Intermediates.noindex/GeneratedModuleMaps-iphonesimulator/GoogleUtilities-AppDelegateSwizzler.modulemap /Users/fukushimatakumi/Library/Developer/Xcode/DerivedData/SugarBeat-hgoxfxbbugxkfsbmqcjlbmjeaqyg/Build/Intermediates.noindex/GoogleUtilities.build/Debug-iphonesimulator/GoogleUtilities-AppDelegateSwizzler.build/GoogleUtilities-AppDelegateSwizzler.modulemap (in target 'GoogleUtilities-AppDelegateSwizzler' from project 'GoogleUtilities')
    cd /Users/fukushimatakumi/Library/Developer/Xcode/DerivedData/SugarBeat-hgoxfxbbugxkfsbmqcjlbmjeaqyg/SourcePackages/checkouts/GoogleUtilities
    builtin-copy -exclude .DS_Store -exclude CVS -exclude .svn -exclude .git -exclude .hg -resolve-src-symlinks /Users/fukushimatakumi/Library/Developer/Xcode/DerivedData/SugarBeat-hgoxfxbbugxkfsbmqcjlbmjeaqyg/Build/Intermediates.noindex/GoogleUtilities.build/Debug-iphonesimulator/GoogleUtilities-AppDelegateSwizzler.build/GoogleUtilities-AppDelegateSwizzler.modulemap /Users/fukushimatakumi/Library/Developer/Xcode/DerivedData/SugarBeat-hgoxfxbbugxkfsbmqcjlbmjeaqyg/Build/Intermediates.noindex/GeneratedModuleMaps-iphonesimulator

Copy /Users/fukushimatakumi/Library/Developer/Xcode/DerivedData/SugarBeat-hgoxfxbbugxkfsbmqcjlbmjeaqyg/Build/Intermediates.noindex/GeneratedModuleMaps-iphonesimulator/GoogleSignInSwift.modulemap /Users/fukushimatakumi/Library/Developer/Xcode/DerivedData/SugarBeat-hgoxfxbbugxkfsbmqcjlbmjeaqyg/Build/Intermediates.noindex/GoogleSignIn.build/Debug-iphonesimulator/GoogleSignInSwift.build/GoogleSignInSwift.modulemap (in target 'GoogleSignInSwift' from project 'GoogleSignIn')
    cd /Users/fukushimatakumi/Library/Developer/Xcode/DerivedData/SugarBeat-hgoxfxbbugxkfsbmqcjlbmjeaqyg/SourcePackages/checkouts/GoogleSignIn-iOS
    builtin-copy -exclude .DS_Store -exclude CVS -exclude .svn -exclude .git -exclude .hg -resolve-src-symlinks /Users/fukushimatakumi/Library/Developer/Xcode/DerivedData/SugarBeat-hgoxfxbbugxkfsbmqcjlbmjeaqyg/Build/Intermediates.noindex/GoogleSignIn.build/Debug-iphonesimulator/GoogleSignInSwift.build/GoogleSignInSwift.modulemap /Users/fukushimatakumi/Library/Developer/Xcode/DerivedData/SugarBeat-hgoxfxbbugxkfsbmqcjlbmjeaqyg/Build/Intermediates.noindex/GeneratedModuleMaps-iphonesimulator

Copy /Users/fukushimatakumi/Library/Developer/Xcode/DerivedData/SugarBeat-hgoxfxbbugxkfsbmqcjlbmjeaqyg/Build/Intermediates.noindex/GeneratedModuleMaps-iphonesimulator/GTMSessionFetcherCore.modulemap /Users/fukushimatakumi/Library/Developer/Xcode/DerivedData/SugarBeat-hgoxfxbbugxkfsbmqcjlbmjeaqyg/Build/Intermediates.noindex/GTMSessionFetcher.build/Debug-iphonesimulator/GTMSessionFetcherCore.build/GTMSessionFetcherCore.modulemap (in target 'GTMSessionFetcherCore' from project 'GTMSessionFetcher')
    cd /Users/fukushimatakumi/Library/Developer/Xcode/DerivedData/SugarBeat-hgoxfxbbugxkfsbmqcjlbmjeaqyg/SourcePackages/checkouts/gtm-session-fetcher
    builtin-copy -exclude .DS_Store -exclude CVS -exclude .svn -exclude .git -exclude .hg -resolve-src-symlinks /Users/fukushimatakumi/Library/Developer/Xcode/DerivedData/SugarBeat-hgoxfxbbugxkfsbmqcjlbmjeaqyg/Build/Intermediates.noindex/GTMSessionFetcher.build/Debug-iphonesimulator/GTMSessionFetcherCore.build/GTMSessionFetcherCore.modulemap /Users/fukushimatakumi/Library/Developer/Xcode/DerivedData/SugarBeat-hgoxfxbbugxkfsbmqcjlbmjeaqyg/Build/Intermediates.noindex/GeneratedModuleMaps-iphonesimulator

Copy /Users/fukushimatakumi/Library/Developer/Xcode/DerivedData/SugarBeat-hgoxfxbbugxkfsbmqcjlbmjeaqyg/Build/Intermediates.noindex/GeneratedModuleMaps-iphonesimulator/GoogleSignIn.modulemap /Users/fukushimatakumi/Library/Developer/Xcode/DerivedData/SugarBeat-hgoxfxbbugxkfsbmqcjlbmjeaqyg/Build/Intermediates.noindex/GoogleSignIn.build/Debug-iphonesimulator/GoogleSignIn.build/GoogleSignIn.modulemap (in target 'GoogleSignIn' from project 'GoogleSignIn')
    cd /Users/fukushimatakumi/Library/Developer/Xcode/DerivedData/SugarBeat-hgoxfxbbugxkfsbmqcjlbmjeaqyg/SourcePackages/checkouts/GoogleSignIn-iOS
    builtin-copy -exclude .DS_Store -exclude CVS -exclude .svn -exclude .git -exclude .hg -resolve-src-symlinks /Users/fukushimatakumi/Library/Developer/Xcode/DerivedData/SugarBeat-hgoxfxbbugxkfsbmqcjlbmjeaqyg/Build/Intermediates.noindex/GoogleSignIn.build/Debug-iphonesimulator/GoogleSignIn.build/GoogleSignIn.modulemap /Users/fukushimatakumi/Library/Developer/Xcode/DerivedData/SugarBeat-hgoxfxbbugxkfsbmqcjlbmjeaqyg/Build/Intermediates.noindex/GeneratedModuleMaps-iphonesimulator

Copy /Users/fukushimatakumi/Library/Developer/Xcode/DerivedData/SugarBeat-hgoxfxbbugxkfsbmqcjlbmjeaqyg/Build/Intermediates.noindex/GeneratedModuleMaps-iphonesimulator/GTMAppAuth.modulemap /Users/fukushimatakumi/Library/Developer/Xcode/DerivedData/SugarBeat-hgoxfxbbugxkfsbmqcjlbmjeaqyg/Build/Intermediates.noindex/GTMAppAuth.build/Debug-iphonesimulator/GTMAppAuth.build/GTMAppAuth.modulemap (in target 'GTMAppAuth' from project 'GTMAppAuth')
    cd /Users/fukushimatakumi/Library/Developer/Xcode/DerivedData/SugarBeat-hgoxfxbbugxkfsbmqcjlbmjeaqyg/SourcePackages/checkouts/GTMAppAuth
    builtin-copy -exclude .DS_Store -exclude CVS -exclude .svn -exclude .git -exclude .hg -resolve-src-symlinks /Users/fukushimatakumi/Library/Developer/Xcode/DerivedData/SugarBeat-hgoxfxbbugxkfsbmqcjlbmjeaqyg/Build/Intermediates.noindex/GTMAppAuth.build/Debug-iphonesimulator/GTMAppAuth.build/GTMAppAuth.modulemap /Users/fukushimatakumi/Library/Developer/Xcode/DerivedData/SugarBeat-hgoxfxbbugxkfsbmqcjlbmjeaqyg/Build/Intermediates.noindex/GeneratedModuleMaps-iphonesimulator

Copy /Users/fukushimatakumi/Library/Developer/Xcode/DerivedData/SugarBeat-hgoxfxbbugxkfsbmqcjlbmjeaqyg/Build/Intermediates.noindex/GeneratedModuleMaps-iphonesimulator/FirebaseStorage.modulemap /Users/fukushimatakumi/Library/Developer/Xcode/DerivedData/SugarBeat-hgoxfxbbugxkfsbmqcjlbmjeaqyg/Build/Intermediates.noindex/Firebase.build/Debug-iphonesimulator/FirebaseStorage.build/FirebaseStorage.modulemap (in target 'FirebaseStorage' from project 'Firebase')
    cd /Users/fukushimatakumi/Library/Developer/Xcode/DerivedData/SugarBeat-hgoxfxbbugxkfsbmqcjlbmjeaqyg/SourcePackages/checkouts/firebase-ios-sdk
    builtin-copy -exclude .DS_Store -exclude CVS -exclude .svn -exclude .git -exclude .hg -resolve-src-symlinks /Users/fukushimatakumi/Library/Developer/Xcode/DerivedData/SugarBeat-hgoxfxbbugxkfsbmqcjlbmjeaqyg/Build/Intermediates.noindex/Firebase.build/Debug-iphonesimulator/FirebaseStorage.build/FirebaseStorage.modulemap /Users/fukushimatakumi/Library/Developer/Xcode/DerivedData/SugarBeat-hgoxfxbbugxkfsbmqcjlbmjeaqyg/Build/Intermediates.noindex/GeneratedModuleMaps-iphonesimulator

Copy /Users/fukushimatakumi/Library/Developer/Xcode/DerivedData/SugarBeat-hgoxfxbbugxkfsbmqcjlbmjeaqyg/Build/Intermediates.noindex/GeneratedModuleMaps-iphonesimulator/FirebaseSharedSwift.modulemap /Users/fukushimatakumi/Library/Developer/Xcode/DerivedData/SugarBeat-hgoxfxbbugxkfsbmqcjlbmjeaqyg/Build/Intermediates.noindex/Firebase.build/Debug-iphonesimulator/FirebaseSharedSwift.build/FirebaseSharedSwift.modulemap (in target 'FirebaseSharedSwift' from project 'Firebase')
    cd /Users/fukushimatakumi/Library/Developer/Xcode/DerivedData/SugarBeat-hgoxfxbbugxkfsbmqcjlbmjeaqyg/SourcePackages/checkouts/firebase-ios-sdk
    builtin-copy -exclude .DS_Store -exclude CVS -exclude .svn -exclude .git -exclude .hg -resolve-src-symlinks /Users/fukushimatakumi/Library/Developer/Xcode/DerivedData/SugarBeat-hgoxfxbbugxkfsbmqcjlbmjeaqyg/Build/Intermediates.noindex/Firebase.build/Debug-iphonesimulator/FirebaseSharedSwift.build/FirebaseSharedSwift.modulemap /Users/fukushimatakumi/Library/Developer/Xcode/DerivedData/SugarBeat-hgoxfxbbugxkfsbmqcjlbmjeaqyg/Build/Intermediates.noindex/GeneratedModuleMaps-iphonesimulator

Copy /Users/fukushimatakumi/Library/Developer/Xcode/DerivedData/SugarBeat-hgoxfxbbugxkfsbmqcjlbmjeaqyg/Build/Intermediates.noindex/GeneratedModuleMaps-iphonesimulator/FirebaseCoreInternal.modulemap /Users/fukushimatakumi/Library/Developer/Xcode/DerivedData/SugarBeat-hgoxfxbbugxkfsbmqcjlbmjeaqyg/Build/Intermediates.noindex/Firebase.build/Debug-iphonesimulator/FirebaseCoreInternal.build/FirebaseCoreInternal.modulemap (in target 'FirebaseCoreInternal' from project 'Firebase')
    cd /Users/fukushimatakumi/Library/Developer/Xcode/DerivedData/SugarBeat-hgoxfxbbugxkfsbmqcjlbmjeaqyg/SourcePackages/checkouts/firebase-ios-sdk
    builtin-copy -exclude .DS_Store -exclude CVS -exclude .svn -exclude .git -exclude .hg -resolve-src-symlinks /Users/fukushimatakumi/Library/Developer/Xcode/DerivedData/SugarBeat-hgoxfxbbugxkfsbmqcjlbmjeaqyg/Build/Intermediates.noindex/Firebase.build/Debug-iphonesimulator/FirebaseCoreInternal.build/FirebaseCoreInternal.modulemap /Users/fukushimatakumi/Library/Developer/Xcode/DerivedData/SugarBeat-hgoxfxbbugxkfsbmqcjlbmjeaqyg/Build/Intermediates.noindex/GeneratedModuleMaps-iphonesimulator

ProcessXCFramework /Users/fukushimatakumi/Library/Developer/Xcode/DerivedData/SugarBeat-hgoxfxbbugxkfsbmqcjlbmjeaqyg/SourcePackages/artifacts/swift-package-manager-google-user-messaging-platform/UserMessagingPlatform/UserMessagingPlatform.xcframework /Users/fukushimatakumi/Library/Developer/Xcode/DerivedData/SugarBeat-hgoxfxbbugxkfsbmqcjlbmjeaqyg/Build/Products/Debug-iphonesimulator/UserMessagingPlatform.framework ios simulator
    cd /Users/fukushimatakumi/develop/sugarbeat/sugarbeat-front
    builtin-process-xcframework --xcframework /Users/fukushimatakumi/Library/Developer/Xcode/DerivedData/SugarBeat-hgoxfxbbugxkfsbmqcjlbmjeaqyg/SourcePackages/artifacts/swift-package-manager-google-user-messaging-platform/UserMessagingPlatform/UserMessagingPlatform.xcframework --platform ios --environment simulator --target-path /Users/fukushimatakumi/Library/Developer/Xcode/DerivedData/SugarBeat-hgoxfxbbugxkfsbmqcjlbmjeaqyg/Build/Products/Debug-iphonesimulator
/Users/fukushimatakumi/Library/Developer/Xcode/DerivedData/SugarBeat-hgoxfxbbugxkfsbmqcjlbmjeaqyg/SourcePackages/artifacts/swift-package-manager-google-user-messaging-platform/UserMessagingPlatform/UserMessagingPlatform.xcframework:1:1: note: The identity of “UserMessagingPlatform.xcframework” is not recorded in your project.

Copy /Users/fukushimatakumi/Library/Developer/Xcode/DerivedData/SugarBeat-hgoxfxbbugxkfsbmqcjlbmjeaqyg/Build/Intermediates.noindex/GeneratedModuleMaps-iphonesimulator/FirebaseAuthInterop.modulemap /Users/fukushimatakumi/Library/Developer/Xcode/DerivedData/SugarBeat-hgoxfxbbugxkfsbmqcjlbmjeaqyg/Build/Intermediates.noindex/Firebase.build/Debug-iphonesimulator/FirebaseAuthInterop.build/FirebaseAuthInterop.modulemap (in target 'FirebaseAuthInterop' from project 'Firebase')
    cd /Users/fukushimatakumi/Library/Developer/Xcode/DerivedData/SugarBeat-hgoxfxbbugxkfsbmqcjlbmjeaqyg/SourcePackages/checkouts/firebase-ios-sdk
    builtin-copy -exclude .DS_Store -exclude CVS -exclude .svn -exclude .git -exclude .hg -resolve-src-symlinks /Users/fukushimatakumi/Library/Developer/Xcode/DerivedData/SugarBeat-hgoxfxbbugxkfsbmqcjlbmjeaqyg/Build/Intermediates.noindex/Firebase.build/Debug-iphonesimulator/FirebaseAuthInterop.build/FirebaseAuthInterop.modulemap /Users/fukushimatakumi/Library/Developer/Xcode/DerivedData/SugarBeat-hgoxfxbbugxkfsbmqcjlbmjeaqyg/Build/Intermediates.noindex/GeneratedModuleMaps-iphonesimulator

Copy /Users/fukushimatakumi/Library/Developer/Xcode/DerivedData/SugarBeat-hgoxfxbbugxkfsbmqcjlbmjeaqyg/Build/Intermediates.noindex/GeneratedModuleMaps-iphonesimulator/FirebaseCoreExtension.modulemap /Users/fukushimatakumi/Library/Developer/Xcode/DerivedData/SugarBeat-hgoxfxbbugxkfsbmqcjlbmjeaqyg/Build/Intermediates.noindex/Firebase.build/Debug-iphonesimulator/FirebaseCoreExtension.build/FirebaseCoreExtension.modulemap (in target 'FirebaseCoreExtension' from project 'Firebase')
    cd /Users/fukushimatakumi/Library/Developer/Xcode/DerivedData/SugarBeat-hgoxfxbbugxkfsbmqcjlbmjeaqyg/SourcePackages/checkouts/firebase-ios-sdk
    builtin-copy -exclude .DS_Store -exclude CVS -exclude .svn -exclude .git -exclude .hg -resolve-src-symlinks /Users/fukushimatakumi/Library/Developer/Xcode/DerivedData/SugarBeat-hgoxfxbbugxkfsbmqcjlbmjeaqyg/Build/Intermediates.noindex/Firebase.build/Debug-iphonesimulator/FirebaseCoreExtension.build/FirebaseCoreExtension.modulemap /Users/fukushimatakumi/Library/Developer/Xcode/DerivedData/SugarBeat-hgoxfxbbugxkfsbmqcjlbmjeaqyg/Build/Intermediates.noindex/GeneratedModuleMaps-iphonesimulator

Copy /Users/fukushimatakumi/Library/Developer/Xcode/DerivedData/SugarBeat-hgoxfxbbugxkfsbmqcjlbmjeaqyg/Build/Intermediates.noindex/GeneratedModuleMaps-iphonesimulator/FirebaseCore.modulemap /Users/fukushimatakumi/Library/Developer/Xcode/DerivedData/SugarBeat-hgoxfxbbugxkfsbmqcjlbmjeaqyg/Build/Intermediates.noindex/Firebase.build/Debug-iphonesimulator/FirebaseCore.build/FirebaseCore.modulemap (in target 'FirebaseCore' from project 'Firebase')
    cd /Users/fukushimatakumi/Library/Developer/Xcode/DerivedData/SugarBeat-hgoxfxbbugxkfsbmqcjlbmjeaqyg/SourcePackages/checkouts/firebase-ios-sdk
    builtin-copy -exclude .DS_Store -exclude CVS -exclude .svn -exclude .git -exclude .hg -resolve-src-symlinks /Users/fukushimatakumi/Library/Developer/Xcode/DerivedData/SugarBeat-hgoxfxbbugxkfsbmqcjlbmjeaqyg/Build/Intermediates.noindex/Firebase.build/Debug-iphonesimulator/FirebaseCore.build/FirebaseCore.modulemap /Users/fukushimatakumi/Library/Developer/Xcode/DerivedData/SugarBeat-hgoxfxbbugxkfsbmqcjlbmjeaqyg/Build/Intermediates.noindex/GeneratedModuleMaps-iphonesimulator

Copy /Users/fukushimatakumi/Library/Developer/Xcode/DerivedData/SugarBeat-hgoxfxbbugxkfsbmqcjlbmjeaqyg/Build/Intermediates.noindex/GeneratedModuleMaps-iphonesimulator/FirebaseAuthInternal.modulemap /Users/fukushimatakumi/Library/Developer/Xcode/DerivedData/SugarBeat-hgoxfxbbugxkfsbmqcjlbmjeaqyg/Build/Intermediates.noindex/Firebase.build/Debug-iphonesimulator/FirebaseAuthInternal.build/FirebaseAuthInternal.modulemap (in target 'FirebaseAuthInternal' from project 'Firebase')
    cd /Users/fukushimatakumi/Library/Developer/Xcode/DerivedData/SugarBeat-hgoxfxbbugxkfsbmqcjlbmjeaqyg/SourcePackages/checkouts/firebase-ios-sdk
    builtin-copy -exclude .DS_Store -exclude CVS -exclude .svn -exclude .git -exclude .hg -resolve-src-symlinks /Users/fukushimatakumi/Library/Developer/Xcode/DerivedData/SugarBeat-hgoxfxbbugxkfsbmqcjlbmjeaqyg/Build/Intermediates.noindex/Firebase.build/Debug-iphonesimulator/FirebaseAuthInternal.build/FirebaseAuthInternal.modulemap /Users/fukushimatakumi/Library/Developer/Xcode/DerivedData/SugarBeat-hgoxfxbbugxkfsbmqcjlbmjeaqyg/Build/Intermediates.noindex/GeneratedModuleMaps-iphonesimulator

Copy /Users/fukushimatakumi/Library/Developer/Xcode/DerivedData/SugarBeat-hgoxfxbbugxkfsbmqcjlbmjeaqyg/Build/Intermediates.noindex/GeneratedModuleMaps-iphonesimulator/FirebaseAuth.modulemap /Users/fukushimatakumi/Library/Developer/Xcode/DerivedData/SugarBeat-hgoxfxbbugxkfsbmqcjlbmjeaqyg/Build/Intermediates.noindex/Firebase.build/Debug-iphonesimulator/FirebaseAuth.build/FirebaseAuth.modulemap (in target 'FirebaseAuth' from project 'Firebase')
    cd /Users/fukushimatakumi/Library/Developer/Xcode/DerivedData/SugarBeat-hgoxfxbbugxkfsbmqcjlbmjeaqyg/SourcePackages/checkouts/firebase-ios-sdk
    builtin-copy -exclude .DS_Store -exclude CVS -exclude .svn -exclude .git -exclude .hg -resolve-src-symlinks /Users/fukushimatakumi/Library/Developer/Xcode/DerivedData/SugarBeat-hgoxfxbbugxkfsbmqcjlbmjeaqyg/Build/Intermediates.noindex/Firebase.build/Debug-iphonesimulator/FirebaseAuth.build/FirebaseAuth.modulemap /Users/fukushimatakumi/Library/Developer/Xcode/DerivedData/SugarBeat-hgoxfxbbugxkfsbmqcjlbmjeaqyg/Build/Intermediates.noindex/GeneratedModuleMaps-iphonesimulator

Copy /Users/fukushimatakumi/Library/Developer/Xcode/DerivedData/SugarBeat-hgoxfxbbugxkfsbmqcjlbmjeaqyg/Build/Intermediates.noindex/GeneratedModuleMaps-iphonesimulator/FirebaseAppCheckInterop.modulemap /Users/fukushimatakumi/Library/Developer/Xcode/DerivedData/SugarBeat-hgoxfxbbugxkfsbmqcjlbmjeaqyg/Build/Intermediates.noindex/Firebase.build/Debug-iphonesimulator/FirebaseAppCheckInterop.build/FirebaseAppCheckInterop.modulemap (in target 'FirebaseAppCheckInterop' from project 'Firebase')
    cd /Users/fukushimatakumi/Library/Developer/Xcode/DerivedData/SugarBeat-hgoxfxbbugxkfsbmqcjlbmjeaqyg/SourcePackages/checkouts/firebase-ios-sdk
    builtin-copy -exclude .DS_Store -exclude CVS -exclude .svn -exclude .git -exclude .hg -resolve-src-symlinks /Users/fukushimatakumi/Library/Developer/Xcode/DerivedData/SugarBeat-hgoxfxbbugxkfsbmqcjlbmjeaqyg/Build/Intermediates.noindex/Firebase.build/Debug-iphonesimulator/FirebaseAppCheckInterop.build/FirebaseAppCheckInterop.modulemap /Users/fukushimatakumi/Library/Developer/Xcode/DerivedData/SugarBeat-hgoxfxbbugxkfsbmqcjlbmjeaqyg/Build/Intermediates.noindex/GeneratedModuleMaps-iphonesimulator

Copy /Users/fukushimatakumi/Library/Developer/Xcode/DerivedData/SugarBeat-hgoxfxbbugxkfsbmqcjlbmjeaqyg/Build/Intermediates.noindex/GeneratedModuleMaps-iphonesimulator/AppCheckCore.modulemap /Users/fukushimatakumi/Library/Developer/Xcode/DerivedData/SugarBeat-hgoxfxbbugxkfsbmqcjlbmjeaqyg/Build/Intermediates.noindex/AppCheck.build/Debug-iphonesimulator/AppCheckCore.build/AppCheckCore.modulemap (in target 'AppCheckCore' from project 'AppCheck')
    cd /Users/fukushimatakumi/Library/Developer/Xcode/DerivedData/SugarBeat-hgoxfxbbugxkfsbmqcjlbmjeaqyg/SourcePackages/checkouts/app-check
    builtin-copy -exclude .DS_Store -exclude CVS -exclude .svn -exclude .git -exclude .hg -resolve-src-symlinks /Users/fukushimatakumi/Library/Developer/Xcode/DerivedData/SugarBeat-hgoxfxbbugxkfsbmqcjlbmjeaqyg/Build/Intermediates.noindex/AppCheck.build/Debug-iphonesimulator/AppCheckCore.build/AppCheckCore.modulemap /Users/fukushimatakumi/Library/Developer/Xcode/DerivedData/SugarBeat-hgoxfxbbugxkfsbmqcjlbmjeaqyg/Build/Intermediates.noindex/GeneratedModuleMaps-iphonesimulator

Copy /Users/fukushimatakumi/Library/Developer/Xcode/DerivedData/SugarBeat-hgoxfxbbugxkfsbmqcjlbmjeaqyg/Build/Intermediates.noindex/GeneratedModuleMaps-iphonesimulator/AppAuthCore.modulemap /Users/fukushimatakumi/Library/Developer/Xcode/DerivedData/SugarBeat-hgoxfxbbugxkfsbmqcjlbmjeaqyg/Build/Intermediates.noindex/AppAuth.build/Debug-iphonesimulator/AppAuthCore.build/AppAuthCore.modulemap (in target 'AppAuthCore' from project 'AppAuth')
    cd /Users/fukushimatakumi/Library/Developer/Xcode/DerivedData/SugarBeat-hgoxfxbbugxkfsbmqcjlbmjeaqyg/SourcePackages/checkouts/AppAuth-iOS
    builtin-copy -exclude .DS_Store -exclude CVS -exclude .svn -exclude .git -exclude .hg -resolve-src-symlinks /Users/fukushimatakumi/Library/Developer/Xcode/DerivedData/SugarBeat-hgoxfxbbugxkfsbmqcjlbmjeaqyg/Build/Intermediates.noindex/AppAuth.build/Debug-iphonesimulator/AppAuthCore.build/AppAuthCore.modulemap /Users/fukushimatakumi/Library/Developer/Xcode/DerivedData/SugarBeat-hgoxfxbbugxkfsbmqcjlbmjeaqyg/Build/Intermediates.noindex/GeneratedModuleMaps-iphonesimulator

Copy /Users/fukushimatakumi/Library/Developer/Xcode/DerivedData/SugarBeat-hgoxfxbbugxkfsbmqcjlbmjeaqyg/Build/Intermediates.noindex/GeneratedModuleMaps-iphonesimulator/AppAuth.modulemap /Users/fukushimatakumi/Library/Developer/Xcode/DerivedData/SugarBeat-hgoxfxbbugxkfsbmqcjlbmjeaqyg/Build/Intermediates.noindex/AppAuth.build/Debug-iphonesimulator/AppAuth.build/AppAuth.modulemap (in target 'AppAuth' from project 'AppAuth')
    cd /Users/fukushimatakumi/Library/Developer/Xcode/DerivedData/SugarBeat-hgoxfxbbugxkfsbmqcjlbmjeaqyg/SourcePackages/checkouts/AppAuth-iOS
    builtin-copy -exclude .DS_Store -exclude CVS -exclude .svn -exclude .git -exclude .hg -resolve-src-symlinks /Users/fukushimatakumi/Library/Developer/Xcode/DerivedData/SugarBeat-hgoxfxbbugxkfsbmqcjlbmjeaqyg/Build/Intermediates.noindex/AppAuth.build/Debug-iphonesimulator/AppAuth.build/AppAuth.modulemap /Users/fukushimatakumi/Library/Developer/Xcode/DerivedData/SugarBeat-hgoxfxbbugxkfsbmqcjlbmjeaqyg/Build/Intermediates.noindex/GeneratedModuleMaps-iphonesimulator

ProcessXCFramework /Users/fukushimatakumi/Library/Developer/Xcode/DerivedData/SugarBeat-hgoxfxbbugxkfsbmqcjlbmjeaqyg/SourcePackages/artifacts/swift-package-manager-google-mobile-ads/GoogleMobileAds/GoogleMobileAds.xcframework /Users/fukushimatakumi/Library/Developer/Xcode/DerivedData/SugarBeat-hgoxfxbbugxkfsbmqcjlbmjeaqyg/Build/Products/Debug-iphonesimulator/GoogleMobileAds.framework ios simulator
    cd /Users/fukushimatakumi/develop/sugarbeat/sugarbeat-front
    builtin-process-xcframework --xcframework /Users/fukushimatakumi/Library/Developer/Xcode/DerivedData/SugarBeat-hgoxfxbbugxkfsbmqcjlbmjeaqyg/SourcePackages/artifacts/swift-package-manager-google-mobile-ads/GoogleMobileAds/GoogleMobileAds.xcframework --platform ios --environment simulator --target-path /Users/fukushimatakumi/Library/Developer/Xcode/DerivedData/SugarBeat-hgoxfxbbugxkfsbmqcjlbmjeaqyg/Build/Products/Debug-iphonesimulator
/Users/fukushimatakumi/Library/Developer/Xcode/DerivedData/SugarBeat-hgoxfxbbugxkfsbmqcjlbmjeaqyg/SourcePackages/artifacts/swift-package-manager-google-mobile-ads/GoogleMobileAds/GoogleMobileAds.xcframework:1:1: note: The identity of “GoogleMobileAds.xcframework” is not recorded in your project.

WriteAuxiliaryFile /Users/fukushimatakumi/Library/Developer/Xcode/DerivedData/SugarBeat-hgoxfxbbugxkfsbmqcjlbmjeaqyg/Build/Intermediates.noindex/GoogleUserMessagingPlatform.build/Debug-iphonesimulator/UserMessagingPlatformTarget.build/UserMessagingPlatformTarget.modulemap (in target 'UserMessagingPlatformTarget' from project 'GoogleUserMessagingPlatform')
    cd /Users/fukushimatakumi/Library/Developer/Xcode/DerivedData/SugarBeat-hgoxfxbbugxkfsbmqcjlbmjeaqyg/SourcePackages/checkouts/swift-package-manager-google-user-messaging-platform
    write-file /Users/fukushimatakumi/Library/Developer/Xcode/DerivedData/SugarBeat-hgoxfxbbugxkfsbmqcjlbmjeaqyg/Build/Intermediates.noindex/GoogleUserMessagingPlatform.build/Debug-iphonesimulator/UserMessagingPlatformTarget.build/UserMessagingPlatformTarget.modulemap

WriteAuxiliaryFile /Users/fukushimatakumi/Library/Developer/Xcode/DerivedData/SugarBeat-hgoxfxbbugxkfsbmqcjlbmjeaqyg/Build/Intermediates.noindex/GoogleUserMessagingPlatform.build/Debug-iphonesimulator/UserMessagingPlatformTarget.build/UserMessagingPlatformTarget.DependencyStaticMetadataFileList (in target 'UserMessagingPlatformTarget' from project 'GoogleUserMessagingPlatform')
    cd /Users/fukushimatakumi/Library/Developer/Xcode/DerivedData/SugarBeat-hgoxfxbbugxkfsbmqcjlbmjeaqyg/SourcePackages/checkouts/swift-package-manager-google-user-messaging-platform
    write-file /Users/fukushimatakumi/Library/Developer/Xcode/DerivedData/SugarBeat-hgoxfxbbugxkfsbmqcjlbmjeaqyg/Build/Intermediates.noindex/GoogleUserMessagingPlatform.build/Debug-iphonesimulator/UserMessagingPlatformTarget.build/UserMessagingPlatformTarget.DependencyStaticMetadataFileList

WriteAuxiliaryFile /Users/fukushimatakumi/Library/Developer/Xcode/DerivedData/SugarBeat-hgoxfxbbugxkfsbmqcjlbmjeaqyg/Build/Intermediates.noindex/GoogleUserMessagingPlatform.build/Debug-iphonesimulator/UserMessagingPlatformTarget.build/UserMessagingPlatformTarget.DependencyMetadataFileList (in target 'UserMessagingPlatformTarget' from project 'GoogleUserMessagingPlatform')
    cd /Users/fukushimatakumi/Library/Developer/Xcode/DerivedData/SugarBeat-hgoxfxbbugxkfsbmqcjlbmjeaqyg/SourcePackages/checkouts/swift-package-manager-google-user-messaging-platform
    write-file /Users/fukushimatakumi/Library/Developer/Xcode/DerivedData/SugarBeat-hgoxfxbbugxkfsbmqcjlbmjeaqyg/Build/Intermediates.noindex/GoogleUserMessagingPlatform.build/Debug-iphonesimulator/UserMessagingPlatformTarget.build/UserMessagingPlatformTarget.DependencyMetadataFileList

WriteAuxiliaryFile /Users/fukushimatakumi/Library/Developer/Xcode/DerivedData/SugarBeat-hgoxfxbbugxkfsbmqcjlbmjeaqyg/Build/Intermediates.noindex/GoogleUserMessagingPlatform.build/Debug-iphonesimulator/UserMessagingPlatformTarget.build/Objects-normal/arm64/UserMessagingPlatformTarget.LinkFileList (in target 'UserMessagingPlatformTarget' from project 'GoogleUserMessagingPlatform')
    cd /Users/fukushimatakumi/Library/Developer/Xcode/DerivedData/SugarBeat-hgoxfxbbugxkfsbmqcjlbmjeaqyg/SourcePackages/checkouts/swift-package-manager-google-user-messaging-platform
    write-file /Users/fukushimatakumi/Library/Developer/Xcode/DerivedData/SugarBeat-hgoxfxbbugxkfsbmqcjlbmjeaqyg/Build/Intermediates.noindex/GoogleUserMessagingPlatform.build/Debug-iphonesimulator/UserMessagingPlatformTarget.build/Objects-normal/arm64/UserMessagingPlatformTarget.LinkFileList

WriteAuxiliaryFile /Users/fukushimatakumi/Library/Developer/Xcode/DerivedData/SugarBeat-hgoxfxbbugxkfsbmqcjlbmjeaqyg/Build/Intermediates.noindex/GoogleUserMessagingPlatform.build/Debug-iphonesimulator/UserMessagingPlatformTarget.build/Objects-normal/arm64/e6072d4f65d7061329687fe24e3d63a7-common-args.resp (in target 'UserMessagingPlatformTarget' from project 'GoogleUserMessagingPlatform')
    cd /Users/fukushimatakumi/Library/Developer/Xcode/DerivedData/SugarBeat-hgoxfxbbugxkfsbmqcjlbmjeaqyg/SourcePackages/checkouts/swift-package-manager-google-user-messaging-platform
    write-file /Users/fukushimatakumi/Library/Developer/Xcode/DerivedData/SugarBeat-hgoxfxbbugxkfsbmqcjlbmjeaqyg/Build/Intermediates.noindex/GoogleUserMessagingPlatform.build/Debug-iphonesimulator/UserMessagingPlatformTarget.build/Objects-normal/arm64/e6072d4f65d7061329687fe24e3d63a7-common-args.resp
-target arm64-apple-ios12.0-simulator -fobjc-arc -fmodules -gmodules '-fmodules-cache-path=/Users/fukushimatakumi/Library/Developer/Xcode/DerivedData/ModuleCache.noindex' '-fmodule-name=UserMessagingPlatformTarget' -fpascal-strings -O0 -DSWIFT_PACKAGE '-DDEBUG=1' '-DOBJC_OLD_DISPATCH_PROTOTYPES=1' -isysroot /Applications/Xcode.app/Contents/Developer/Platforms/iPhoneSimulator.platform/Developer/SDKs/iPhoneSimulator18.4.sdk -g '-fobjc-abi-version=2' -fobjc-legacy-dispatch -I/Users/fukushimatakumi/Library/Developer/Xcode/DerivedData/SugarBeat-hgoxfxbbugxkfsbmqcjlbmjeaqyg/Build/Products/Debug-iphonesimulator/include -I/Users/fukushimatakumi/Library/Developer/Xcode/DerivedData/SugarBeat-hgoxfxbbugxkfsbmqcjlbmjeaqyg/SourcePackages/checkouts/swift-package-manager-google-user-messaging-platform/UserMessagingPlatformTarget/include -I/Users/fukushimatakumi/Library/Developer/Xcode/DerivedData/SugarBeat-hgoxfxbbugxkfsbmqcjlbmjeaqyg/Build/Intermediates.noindex/GoogleUserMessagingPlatform.build/Debug-iphonesimulator/UserMessagingPlatformTarget.build/DerivedSources-normal/arm64 -I/Users/fukushimatakumi/Library/Developer/Xcode/DerivedData/SugarBeat-hgoxfxbbugxkfsbmqcjlbmjeaqyg/Build/Intermediates.noindex/GoogleUserMessagingPlatform.build/Debug-iphonesimulator/UserMessagingPlatformTarget.build/DerivedSources/arm64 -I/Users/fukushimatakumi/Library/Developer/Xcode/DerivedData/SugarBeat-hgoxfxbbugxkfsbmqcjlbmjeaqyg/Build/Intermediates.noindex/GoogleUserMessagingPlatform.build/Debug-iphonesimulator/UserMessagingPlatformTarget.build/DerivedSources -F/Users/fukushimatakumi/Library/Developer/Xcode/DerivedData/SugarBeat-hgoxfxbbugxkfsbmqcjlbmjeaqyg/Build/Products/Debug-iphonesimulator -iframework /Applications/Xcode.app/Contents/Developer/Platforms/iPhoneSimulator.platform/Developer/Library/Frameworks -iframework /Applications/Xcode.app/Contents/Developer/Platforms/iPhoneSimulator.platform/Developer/SDKs/iPhoneSimulator18.4.sdk/Developer/Library/Frameworks -DXcode

ScanDependencies /Users/fukushimatakumi/Library/Developer/Xcode/DerivedData/SugarBeat-hgoxfxbbugxkfsbmqcjlbmjeaqyg/Build/Intermediates.noindex/GoogleUtilities.build/Debug-iphonesimulator/third-party-IsAppEncrypted.build/Objects-normal/arm64/IsAppEncrypted.o /Users/fukushimatakumi/Library/Developer/Xcode/DerivedData/SugarBeat-hgoxfxbbugxkfsbmqcjlbmjeaqyg/SourcePackages/checkouts/GoogleUtilities/third_party/IsAppEncrypted/IsAppEncrypted.m normal arm64 objective-c com.apple.compilers.llvm.clang.1_0.compiler (in target 'third-party-IsAppEncrypted' from project 'GoogleUtilities')
    cd /Users/fukushimatakumi/develop/sugarbeat/sugarbeat-front
    
    Using response file: /Users/fukushimatakumi/Library/Developer/Xcode/DerivedData/SugarBeat-hgoxfxbbugxkfsbmqcjlbmjeaqyg/Build/Intermediates.noindex/GoogleUtilities.build/Debug-iphonesimulator/third-party-IsAppEncrypted.build/Objects-normal/arm64/e6072d4f65d7061329687fe24e3d63a7-common-args.resp
    
    builtin-ScanDependencies -o /Users/fukushimatakumi/Library/Developer/Xcode/DerivedData/SugarBeat-hgoxfxbbugxkfsbmqcjlbmjeaqyg/Build/Intermediates.noindex/GoogleUtilities.build/Debug-iphonesimulator/third-party-IsAppEncrypted.build/Objects-normal/arm64/IsAppEncrypted.o.scan -- /Applications/Xcode.app/Contents/Developer/Toolchains/XcodeDefault.xctoolchain/usr/bin/clang -x objective-c -ivfsstatcache /Users/fukushimatakumi/Library/Developer/Xcode/DerivedData/SDKStatCaches.noindex/iphonesimulator18.4-22E235-71825a6d136aa4733edcbe86ece5525b.sdkstatcache -fmessage-length\=0 -fdiagnostics-show-note-include-stack -fmacro-backtrace-limit\=0 -fno-color-diagnostics -fmodules-prune-interval\=86400 -fmodules-prune-after\=345600 -fbuild-session-file\=/Users/fukushimatakumi/Library/Developer/Xcode/DerivedData/ModuleCache.noindex/Session.modulevalidation -fmodules-validate-once-per-build-session -Wnon-modular-include-in-framework-module -Werror\=non-modular-include-in-framework-module -Wno-trigraphs -Wno-missing-field-initializers -Wno-missing-prototypes -Wno-return-type -Wno-implicit-atomic-properties -Wno-objc-interface-ivars -Wno-arc-repeated-use-of-weak -Wno-missing-braces -Wparentheses -Wswitch -Wno-unused-function -Wno-unused-label -Wno-unused-parameter -Wno-unused-variable -Wunused-value -Wno-empty-body -Wno-uninitialized -Wno-unknown-pragmas -w -Wno-shadow -Wno-four-char-constants -Wno-conversion -Wno-constant-conversion -Wno-int-conversion -Wno-bool-conversion -Wno-enum-conversion -Wno-float-conversion -Wno-non-literal-null-conversion -Wno-objc-literal-conversion -Wshorten-64-to-32 -Wpointer-sign -Wno-newline-eof -Wno-selector -Wno-strict-selector-match -Wno-undeclared-selector -Wno-deprecated-implementations -Wno-implicit-fallthrough -fstrict-aliasing -Wprotocol -Wdeprecated-declarations -Wno-sign-conversion -Wno-infinite-recursion -Wno-comma -Wno-block-capture-autoreleasing -Wno-strict-prototypes -Wno-semicolon-before-method-body -index-store-path /Users/fukushimatakumi/Library/Developer/Xcode/DerivedData/SugarBeat-hgoxfxbbugxkfsbmqcjlbmjeaqyg/Index.noindex/DataStore @/Users/fukushimatakumi/Library/Developer/Xcode/DerivedData/SugarBeat-hgoxfxbbugxkfsbmqcjlbmjeaqyg/Build/Intermediates.noindex/GoogleUtilities.build/Debug-iphonesimulator/third-party-IsAppEncrypted.build/Objects-normal/arm64/e6072d4f65d7061329687fe24e3d63a7-common-args.resp -MMD -MT dependencies -MF /Users/fukushimatakumi/Library/Developer/Xcode/DerivedData/SugarBeat-hgoxfxbbugxkfsbmqcjlbmjeaqyg/Build/Intermediates.noindex/GoogleUtilities.build/Debug-iphonesimulator/third-party-IsAppEncrypted.build/Objects-normal/arm64/IsAppEncrypted.d --serialize-diagnostics /Users/fukushimatakumi/Library/Developer/Xcode/DerivedData/SugarBeat-hgoxfxbbugxkfsbmqcjlbmjeaqyg/Build/Intermediates.noindex/GoogleUtilities.build/Debug-iphonesimulator/third-party-IsAppEncrypted.build/Objects-normal/arm64/IsAppEncrypted.dia -c /Users/fukushimatakumi/Library/Developer/Xcode/DerivedData/SugarBeat-hgoxfxbbugxkfsbmqcjlbmjeaqyg/SourcePackages/checkouts/GoogleUtilities/third_party/IsAppEncrypted/IsAppEncrypted.m -o /Users/fukushimatakumi/Library/Developer/Xcode/DerivedData/SugarBeat-hgoxfxbbugxkfsbmqcjlbmjeaqyg/Build/Intermediates.noindex/GoogleUtilities.build/Debug-iphonesimulator/third-party-IsAppEncrypted.build/Objects-normal/arm64/IsAppEncrypted.o -index-unit-output-path /GoogleUtilities.build/Debug-iphonesimulator/third-party-IsAppEncrypted.build/Objects-normal/arm64/IsAppEncrypted.o

ScanDependencies /Users/fukushimatakumi/Library/Developer/Xcode/DerivedData/SugarBeat-hgoxfxbbugxkfsbmqcjlbmjeaqyg/Build/Intermediates.noindex/InteropForGoogle.build/Debug-iphonesimulator/RecaptchaInterop.build/Objects-normal/arm64/placeholder.o /Users/fukushimatakumi/Library/Developer/Xcode/DerivedData/SugarBeat-hgoxfxbbugxkfsbmqcjlbmjeaqyg/SourcePackages/checkouts/interop-ios-for-google-sdks/RecaptchaEnterprise/RecaptchaInterop/placeholder.m normal arm64 objective-c com.apple.compilers.llvm.clang.1_0.compiler (in target 'RecaptchaInterop' from project 'InteropForGoogle')
    cd /Users/fukushimatakumi/develop/sugarbeat/sugarbeat-front
    
    Using response file: /Users/fukushimatakumi/Library/Developer/Xcode/DerivedData/SugarBeat-hgoxfxbbugxkfsbmqcjlbmjeaqyg/Build/Intermediates.noindex/InteropForGoogle.build/Debug-iphonesimulator/RecaptchaInterop.build/Objects-normal/arm64/e6072d4f65d7061329687fe24e3d63a7-common-args.resp
    
    builtin-ScanDependencies -o /Users/fukushimatakumi/Library/Developer/Xcode/DerivedData/SugarBeat-hgoxfxbbugxkfsbmqcjlbmjeaqyg/Build/Intermediates.noindex/InteropForGoogle.build/Debug-iphonesimulator/RecaptchaInterop.build/Objects-normal/arm64/placeholder.o.scan -- /Applications/Xcode.app/Contents/Developer/Toolchains/XcodeDefault.xctoolchain/usr/bin/clang -x objective-c -ivfsstatcache /Users/fukushimatakumi/Library/Developer/Xcode/DerivedData/SDKStatCaches.noindex/iphonesimulator18.4-22E235-71825a6d136aa4733edcbe86ece5525b.sdkstatcache -fmessage-length\=0 -fdiagnostics-show-note-include-stack -fmacro-backtrace-limit\=0 -fno-color-diagnostics -fmodules-prune-interval\=86400 -fmodules-prune-after\=345600 -fbuild-session-file\=/Users/fukushimatakumi/Library/Developer/Xcode/DerivedData/ModuleCache.noindex/Session.modulevalidation -fmodules-validate-once-per-build-session -Wnon-modular-include-in-framework-module -Werror\=non-modular-include-in-framework-module -Wno-trigraphs -Wno-missing-field-initializers -Wno-missing-prototypes -Wno-return-type -Wno-implicit-atomic-properties -Wno-objc-interface-ivars -Wno-arc-repeated-use-of-weak -Wno-missing-braces -Wparentheses -Wswitch -Wno-unused-function -Wno-unused-label -Wno-unused-parameter -Wno-unused-variable -Wunused-value -Wno-empty-body -Wno-uninitialized -Wno-unknown-pragmas -w -Wno-shadow -Wno-four-char-constants -Wno-conversion -Wno-constant-conversion -Wno-int-conversion -Wno-bool-conversion -Wno-enum-conversion -Wno-float-conversion -Wno-non-literal-null-conversion -Wno-objc-literal-conversion -Wshorten-64-to-32 -Wpointer-sign -Wno-newline-eof -Wno-selector -Wno-strict-selector-match -Wno-undeclared-selector -Wno-deprecated-implementations -Wno-implicit-fallthrough -fstrict-aliasing -Wprotocol -Wdeprecated-declarations -Wno-sign-conversion -Wno-infinite-recursion -Wno-comma -Wno-block-capture-autoreleasing -Wno-strict-prototypes -Wno-semicolon-before-method-body -index-store-path /Users/fukushimatakumi/Library/Developer/Xcode/DerivedData/SugarBeat-hgoxfxbbugxkfsbmqcjlbmjeaqyg/Index.noindex/DataStore @/Users/fukushimatakumi/Library/Developer/Xcode/DerivedData/SugarBeat-hgoxfxbbugxkfsbmqcjlbmjeaqyg/Build/Intermediates.noindex/InteropForGoogle.build/Debug-iphonesimulator/RecaptchaInterop.build/Objects-normal/arm64/e6072d4f65d7061329687fe24e3d63a7-common-args.resp -MMD -MT dependencies -MF /Users/fukushimatakumi/Library/Developer/Xcode/DerivedData/SugarBeat-hgoxfxbbugxkfsbmqcjlbmjeaqyg/Build/Intermediates.noindex/InteropForGoogle.build/Debug-iphonesimulator/RecaptchaInterop.build/Objects-normal/arm64/placeholder.d --serialize-diagnostics /Users/fukushimatakumi/Library/Developer/Xcode/DerivedData/SugarBeat-hgoxfxbbugxkfsbmqcjlbmjeaqyg/Build/Intermediates.noindex/InteropForGoogle.build/Debug-iphonesimulator/RecaptchaInterop.build/Objects-normal/arm64/placeholder.dia -c /Users/fukushimatakumi/Library/Developer/Xcode/DerivedData/SugarBeat-hgoxfxbbugxkfsbmqcjlbmjeaqyg/SourcePackages/checkouts/interop-ios-for-google-sdks/RecaptchaEnterprise/RecaptchaInterop/placeholder.m -o /Users/fukushimatakumi/Library/Developer/Xcode/DerivedData/SugarBeat-hgoxfxbbugxkfsbmqcjlbmjeaqyg/Build/Intermediates.noindex/InteropForGoogle.build/Debug-iphonesimulator/RecaptchaInterop.build/Objects-normal/arm64/placeholder.o -index-unit-output-path /InteropForGoogle.build/Debug-iphonesimulator/RecaptchaInterop.build/Objects-normal/arm64/placeholder.o

ScanDependencies /Users/fukushimatakumi/Library/Developer/Xcode/DerivedData/SugarBeat-hgoxfxbbugxkfsbmqcjlbmjeaqyg/Build/Intermediates.noindex/Firebase.build/Debug-iphonesimulator/FirebaseAuthInterop.build/Objects-normal/arm64/dummy.o /Users/fukushimatakumi/Library/Developer/Xcode/DerivedData/SugarBeat-hgoxfxbbugxkfsbmqcjlbmjeaqyg/SourcePackages/checkouts/firebase-ios-sdk/FirebaseAuth/Interop/dummy.m normal arm64 objective-c com.apple.compilers.llvm.clang.1_0.compiler (in target 'FirebaseAuthInterop' from project 'Firebase')
    cd /Users/fukushimatakumi/develop/sugarbeat/sugarbeat-front
    
    Using response file: /Users/fukushimatakumi/Library/Developer/Xcode/DerivedData/SugarBeat-hgoxfxbbugxkfsbmqcjlbmjeaqyg/Build/Intermediates.noindex/Firebase.build/Debug-iphonesimulator/FirebaseAuthInterop.build/Objects-normal/arm64/e6072d4f65d7061329687fe24e3d63a7-common-args.resp
    
    builtin-ScanDependencies -o /Users/fukushimatakumi/Library/Developer/Xcode/DerivedData/SugarBeat-hgoxfxbbugxkfsbmqcjlbmjeaqyg/Build/Intermediates.noindex/Firebase.build/Debug-iphonesimulator/FirebaseAuthInterop.build/Objects-normal/arm64/dummy.o.scan -- /Applications/Xcode.app/Contents/Developer/Toolchains/XcodeDefault.xctoolchain/usr/bin/clang -x objective-c -ivfsstatcache /Users/fukushimatakumi/Library/Developer/Xcode/DerivedData/SDKStatCaches.noindex/iphonesimulator18.4-22E235-71825a6d136aa4733edcbe86ece5525b.sdkstatcache -fmessage-length\=0 -fdiagnostics-show-note-include-stack -fmacro-backtrace-limit\=0 -fno-color-diagnostics -fmodules-prune-interval\=86400 -fmodules-prune-after\=345600 -fbuild-session-file\=/Users/fukushimatakumi/Library/Developer/Xcode/DerivedData/ModuleCache.noindex/Session.modulevalidation -fmodules-validate-once-per-build-session -Wnon-modular-include-in-framework-module -Werror\=non-modular-include-in-framework-module -Wno-trigraphs -Wno-missing-field-initializers -Wno-missing-prototypes -Wno-return-type -Wno-implicit-atomic-properties -Wno-objc-interface-ivars -Wno-arc-repeated-use-of-weak -Wno-missing-braces -Wparentheses -Wswitch -Wno-unused-function -Wno-unused-label -Wno-unused-parameter -Wno-unused-variable -Wunused-value -Wno-empty-body -Wno-uninitialized -Wno-unknown-pragmas -w -Wno-shadow -Wno-four-char-constants -Wno-conversion -Wno-constant-conversion -Wno-int-conversion -Wno-bool-conversion -Wno-enum-conversion -Wno-float-conversion -Wno-non-literal-null-conversion -Wno-objc-literal-conversion -Wshorten-64-to-32 -Wpointer-sign -Wno-newline-eof -Wno-selector -Wno-strict-selector-match -Wno-undeclared-selector -Wno-deprecated-implementations -Wno-implicit-fallthrough -fstrict-aliasing -Wprotocol -Wdeprecated-declarations -Wno-sign-conversion -Wno-infinite-recursion -Wno-comma -Wno-block-capture-autoreleasing -Wno-strict-prototypes -Wno-semicolon-before-method-body -index-store-path /Users/fukushimatakumi/Library/Developer/Xcode/DerivedData/SugarBeat-hgoxfxbbugxkfsbmqcjlbmjeaqyg/Index.noindex/DataStore @/Users/fukushimatakumi/Library/Developer/Xcode/DerivedData/SugarBeat-hgoxfxbbugxkfsbmqcjlbmjeaqyg/Build/Intermediates.noindex/Firebase.build/Debug-iphonesimulator/FirebaseAuthInterop.build/Objects-normal/arm64/e6072d4f65d7061329687fe24e3d63a7-common-args.resp -MMD -MT dependencies -MF /Users/fukushimatakumi/Library/Developer/Xcode/DerivedData/SugarBeat-hgoxfxbbugxkfsbmqcjlbmjeaqyg/Build/Intermediates.noindex/Firebase.build/Debug-iphonesimulator/FirebaseAuthInterop.build/Objects-normal/arm64/dummy.d --serialize-diagnostics /Users/fukushimatakumi/Library/Developer/Xcode/DerivedData/SugarBeat-hgoxfxbbugxkfsbmqcjlbmjeaqyg/Build/Intermediates.noindex/Firebase.build/Debug-iphonesimulator/FirebaseAuthInterop.build/Objects-normal/arm64/dummy.dia -c /Users/fukushimatakumi/Library/Developer/Xcode/DerivedData/SugarBeat-hgoxfxbbugxkfsbmqcjlbmjeaqyg/SourcePackages/checkouts/firebase-ios-sdk/FirebaseAuth/Interop/dummy.m -o /Users/fukushimatakumi/Library/Developer/Xcode/DerivedData/SugarBeat-hgoxfxbbugxkfsbmqcjlbmjeaqyg/Build/Intermediates.noindex/Firebase.build/Debug-iphonesimulator/FirebaseAuthInterop.build/Objects-normal/arm64/dummy.o -index-unit-output-path /Firebase.build/Debug-iphonesimulator/FirebaseAuthInterop.build/Objects-normal/arm64/dummy.o

ScanDependencies /Users/fukushimatakumi/Library/Developer/Xcode/DerivedData/SugarBeat-hgoxfxbbugxkfsbmqcjlbmjeaqyg/Build/Intermediates.noindex/Firebase.build/Debug-iphonesimulator/FirebaseAppCheckInterop.build/Objects-normal/arm64/dummy.o /Users/fukushimatakumi/Library/Developer/Xcode/DerivedData/SugarBeat-hgoxfxbbugxkfsbmqcjlbmjeaqyg/SourcePackages/checkouts/firebase-ios-sdk/FirebaseAppCheck/Interop/dummy.m normal arm64 objective-c com.apple.compilers.llvm.clang.1_0.compiler (in target 'FirebaseAppCheckInterop' from project 'Firebase')
    cd /Users/fukushimatakumi/develop/sugarbeat/sugarbeat-front
    
    Using response file: /Users/fukushimatakumi/Library/Developer/Xcode/DerivedData/SugarBeat-hgoxfxbbugxkfsbmqcjlbmjeaqyg/Build/Intermediates.noindex/Firebase.build/Debug-iphonesimulator/FirebaseAppCheckInterop.build/Objects-normal/arm64/e6072d4f65d7061329687fe24e3d63a7-common-args.resp
    
    builtin-ScanDependencies -o /Users/fukushimatakumi/Library/Developer/Xcode/DerivedData/SugarBeat-hgoxfxbbugxkfsbmqcjlbmjeaqyg/Build/Intermediates.noindex/Firebase.build/Debug-iphonesimulator/FirebaseAppCheckInterop.build/Objects-normal/arm64/dummy.o.scan -- /Applications/Xcode.app/Contents/Developer/Toolchains/XcodeDefault.xctoolchain/usr/bin/clang -x objective-c -ivfsstatcache /Users/fukushimatakumi/Library/Developer/Xcode/DerivedData/SDKStatCaches.noindex/iphonesimulator18.4-22E235-71825a6d136aa4733edcbe86ece5525b.sdkstatcache -fmessage-length\=0 -fdiagnostics-show-note-include-stack -fmacro-backtrace-limit\=0 -fno-color-diagnostics -fmodules-prune-interval\=86400 -fmodules-prune-after\=345600 -fbuild-session-file\=/Users/fukushimatakumi/Library/Developer/Xcode/DerivedData/ModuleCache.noindex/Session.modulevalidation -fmodules-validate-once-per-build-session -Wnon-modular-include-in-framework-module -Werror\=non-modular-include-in-framework-module -Wno-trigraphs -Wno-missing-field-initializers -Wno-missing-prototypes -Wno-return-type -Wno-implicit-atomic-properties -Wno-objc-interface-ivars -Wno-arc-repeated-use-of-weak -Wno-missing-braces -Wparentheses -Wswitch -Wno-unused-function -Wno-unused-label -Wno-unused-parameter -Wno-unused-variable -Wunused-value -Wno-empty-body -Wno-uninitialized -Wno-unknown-pragmas -w -Wno-shadow -Wno-four-char-constants -Wno-conversion -Wno-constant-conversion -Wno-int-conversion -Wno-bool-conversion -Wno-enum-conversion -Wno-float-conversion -Wno-non-literal-null-conversion -Wno-objc-literal-conversion -Wshorten-64-to-32 -Wpointer-sign -Wno-newline-eof -Wno-selector -Wno-strict-selector-match -Wno-undeclared-selector -Wno-deprecated-implementations -Wno-implicit-fallthrough -fstrict-aliasing -Wprotocol -Wdeprecated-declarations -Wno-sign-conversion -Wno-infinite-recursion -Wno-comma -Wno-block-capture-autoreleasing -Wno-strict-prototypes -Wno-semicolon-before-method-body -index-store-path /Users/fukushimatakumi/Library/Developer/Xcode/DerivedData/SugarBeat-hgoxfxbbugxkfsbmqcjlbmjeaqyg/Index.noindex/DataStore @/Users/fukushimatakumi/Library/Developer/Xcode/DerivedData/SugarBeat-hgoxfxbbugxkfsbmqcjlbmjeaqyg/Build/Intermediates.noindex/Firebase.build/Debug-iphonesimulator/FirebaseAppCheckInterop.build/Objects-normal/arm64/e6072d4f65d7061329687fe24e3d63a7-common-args.resp -MMD -MT dependencies -MF /Users/fukushimatakumi/Library/Developer/Xcode/DerivedData/SugarBeat-hgoxfxbbugxkfsbmqcjlbmjeaqyg/Build/Intermediates.noindex/Firebase.build/Debug-iphonesimulator/FirebaseAppCheckInterop.build/Objects-normal/arm64/dummy.d --serialize-diagnostics /Users/fukushimatakumi/Library/Developer/Xcode/DerivedData/SugarBeat-hgoxfxbbugxkfsbmqcjlbmjeaqyg/Build/Intermediates.noindex/Firebase.build/Debug-iphonesimulator/FirebaseAppCheckInterop.build/Objects-normal/arm64/dummy.dia -c /Users/fukushimatakumi/Library/Developer/Xcode/DerivedData/SugarBeat-hgoxfxbbugxkfsbmqcjlbmjeaqyg/SourcePackages/checkouts/firebase-ios-sdk/FirebaseAppCheck/Interop/dummy.m -o /Users/fukushimatakumi/Library/Developer/Xcode/DerivedData/SugarBeat-hgoxfxbbugxkfsbmqcjlbmjeaqyg/Build/Intermediates.noindex/Firebase.build/Debug-iphonesimulator/FirebaseAppCheckInterop.build/Objects-normal/arm64/dummy.o -index-unit-output-path /Firebase.build/Debug-iphonesimulator/FirebaseAppCheckInterop.build/Objects-normal/arm64/dummy.o

ScanDependencies /Users/fukushimatakumi/Library/Developer/Xcode/DerivedData/SugarBeat-hgoxfxbbugxkfsbmqcjlbmjeaqyg/Build/Intermediates.noindex/Firebase.build/Debug-iphonesimulator/Firebase.build/Objects-normal/arm64/dummy.o /Users/fukushimatakumi/Library/Developer/Xcode/DerivedData/SugarBeat-hgoxfxbbugxkfsbmqcjlbmjeaqyg/SourcePackages/checkouts/firebase-ios-sdk/CoreOnly/Sources/dummy.m normal arm64 objective-c com.apple.compilers.llvm.clang.1_0.compiler (in target 'Firebase' from project 'Firebase')
    cd /Users/fukushimatakumi/develop/sugarbeat/sugarbeat-front
    
    Using response file: /Users/fukushimatakumi/Library/Developer/Xcode/DerivedData/SugarBeat-hgoxfxbbugxkfsbmqcjlbmjeaqyg/Build/Intermediates.noindex/Firebase.build/Debug-iphonesimulator/Firebase.build/Objects-normal/arm64/e6072d4f65d7061329687fe24e3d63a7-common-args.resp
    
    builtin-ScanDependencies -o /Users/fukushimatakumi/Library/Developer/Xcode/DerivedData/SugarBeat-hgoxfxbbugxkfsbmqcjlbmjeaqyg/Build/Intermediates.noindex/Firebase.build/Debug-iphonesimulator/Firebase.build/Objects-normal/arm64/dummy.o.scan -- /Applications/Xcode.app/Contents/Developer/Toolchains/XcodeDefault.xctoolchain/usr/bin/clang -x objective-c -ivfsstatcache /Users/fukushimatakumi/Library/Developer/Xcode/DerivedData/SDKStatCaches.noindex/iphonesimulator18.4-22E235-71825a6d136aa4733edcbe86ece5525b.sdkstatcache -fmessage-length\=0 -fdiagnostics-show-note-include-stack -fmacro-backtrace-limit\=0 -fno-color-diagnostics -fmodules-prune-interval\=86400 -fmodules-prune-after\=345600 -fbuild-session-file\=/Users/fukushimatakumi/Library/Developer/Xcode/DerivedData/ModuleCache.noindex/Session.modulevalidation -fmodules-validate-once-per-build-session -Wnon-modular-include-in-framework-module -Werror\=non-modular-include-in-framework-module -Wno-trigraphs -Wno-missing-field-initializers -Wno-missing-prototypes -Wno-return-type -Wno-implicit-atomic-properties -Wno-objc-interface-ivars -Wno-arc-repeated-use-of-weak -Wno-missing-braces -Wparentheses -Wswitch -Wno-unused-function -Wno-unused-label -Wno-unused-parameter -Wno-unused-variable -Wunused-value -Wno-empty-body -Wno-uninitialized -Wno-unknown-pragmas -w -Wno-shadow -Wno-four-char-constants -Wno-conversion -Wno-constant-conversion -Wno-int-conversion -Wno-bool-conversion -Wno-enum-conversion -Wno-float-conversion -Wno-non-literal-null-conversion -Wno-objc-literal-conversion -Wshorten-64-to-32 -Wpointer-sign -Wno-newline-eof -Wno-selector -Wno-strict-selector-match -Wno-undeclared-selector -Wno-deprecated-implementations -Wno-implicit-fallthrough -fstrict-aliasing -Wprotocol -Wdeprecated-declarations -Wno-sign-conversion -Wno-infinite-recursion -Wno-comma -Wno-block-capture-autoreleasing -Wno-strict-prototypes -Wno-semicolon-before-method-body -index-store-path /Users/fukushimatakumi/Library/Developer/Xcode/DerivedData/SugarBeat-hgoxfxbbugxkfsbmqcjlbmjeaqyg/Index.noindex/DataStore @/Users/fukushimatakumi/Library/Developer/Xcode/DerivedData/SugarBeat-hgoxfxbbugxkfsbmqcjlbmjeaqyg/Build/Intermediates.noindex/Firebase.build/Debug-iphonesimulator/Firebase.build/Objects-normal/arm64/e6072d4f65d7061329687fe24e3d63a7-common-args.resp -MMD -MT dependencies -MF /Users/fukushimatakumi/Library/Developer/Xcode/DerivedData/SugarBeat-hgoxfxbbugxkfsbmqcjlbmjeaqyg/Build/Intermediates.noindex/Firebase.build/Debug-iphonesimulator/Firebase.build/Objects-normal/arm64/dummy.d --serialize-diagnostics /Users/fukushimatakumi/Library/Developer/Xcode/DerivedData/SugarBeat-hgoxfxbbugxkfsbmqcjlbmjeaqyg/Build/Intermediates.noindex/Firebase.build/Debug-iphonesimulator/Firebase.build/Objects-normal/arm64/dummy.dia -c /Users/fukushimatakumi/Library/Developer/Xcode/DerivedData/SugarBeat-hgoxfxbbugxkfsbmqcjlbmjeaqyg/SourcePackages/checkouts/firebase-ios-sdk/CoreOnly/Sources/dummy.m -o /Users/fukushimatakumi/Library/Developer/Xcode/DerivedData/SugarBeat-hgoxfxbbugxkfsbmqcjlbmjeaqyg/Build/Intermediates.noindex/Firebase.build/Debug-iphonesimulator/Firebase.build/Objects-normal/arm64/dummy.o -index-unit-output-path /Firebase.build/Debug-iphonesimulator/Firebase.build/Objects-normal/arm64/dummy.o

ProcessInfoPlistFile /Users/fukushimatakumi/Library/Developer/Xcode/DerivedData/SugarBeat-hgoxfxbbugxkfsbmqcjlbmjeaqyg/Build/Products/Debug-iphonesimulator/nanopb_nanopb.bundle/Info.plist /Users/fukushimatakumi/Library/Developer/Xcode/DerivedData/SugarBeat-hgoxfxbbugxkfsbmqcjlbmjeaqyg/Build/Intermediates.noindex/nanopb.build/Debug-iphonesimulator/nanopb_nanopb.build/empty-nanopb_nanopb.plist (in target 'nanopb_nanopb' from project 'nanopb')
    cd /Users/fukushimatakumi/Library/Developer/Xcode/DerivedData/SugarBeat-hgoxfxbbugxkfsbmqcjlbmjeaqyg/SourcePackages/checkouts/nanopb
    builtin-infoPlistUtility /Users/fukushimatakumi/Library/Developer/Xcode/DerivedData/SugarBeat-hgoxfxbbugxkfsbmqcjlbmjeaqyg/Build/Intermediates.noindex/nanopb.build/Debug-iphonesimulator/nanopb_nanopb.build/empty-nanopb_nanopb.plist -producttype com.apple.product-type.bundle -expandbuildsettings -format binary -platform iphonesimulator -o /Users/fukushimatakumi/Library/Developer/Xcode/DerivedData/SugarBeat-hgoxfxbbugxkfsbmqcjlbmjeaqyg/Build/Products/Debug-iphonesimulator/nanopb_nanopb.bundle/Info.plist

CpResource /Users/fukushimatakumi/Library/Developer/Xcode/DerivedData/SugarBeat-hgoxfxbbugxkfsbmqcjlbmjeaqyg/Build/Products/Debug-iphonesimulator/nanopb_nanopb.bundle/PrivacyInfo.xcprivacy /Users/fukushimatakumi/Library/Developer/Xcode/DerivedData/SugarBeat-hgoxfxbbugxkfsbmqcjlbmjeaqyg/SourcePackages/checkouts/nanopb/spm_resources/PrivacyInfo.xcprivacy (in target 'nanopb_nanopb' from project 'nanopb')
    cd /Users/fukushimatakumi/Library/Developer/Xcode/DerivedData/SugarBeat-hgoxfxbbugxkfsbmqcjlbmjeaqyg/SourcePackages/checkouts/nanopb
    builtin-copy -exclude .DS_Store -exclude CVS -exclude .svn -exclude .git -exclude .hg -resolve-src-symlinks /Users/fukushimatakumi/Library/Developer/Xcode/DerivedData/SugarBeat-hgoxfxbbugxkfsbmqcjlbmjeaqyg/SourcePackages/checkouts/nanopb/spm_resources/PrivacyInfo.xcprivacy /Users/fukushimatakumi/Library/Developer/Xcode/DerivedData/SugarBeat-hgoxfxbbugxkfsbmqcjlbmjeaqyg/Build/Products/Debug-iphonesimulator/nanopb_nanopb.bundle

ProcessInfoPlistFile /Users/fukushimatakumi/Library/Developer/Xcode/DerivedData/SugarBeat-hgoxfxbbugxkfsbmqcjlbmjeaqyg/Build/Products/Debug-iphonesimulator/leveldb_leveldb.bundle/Info.plist /Users/fukushimatakumi/Library/Developer/Xcode/DerivedData/SugarBeat-hgoxfxbbugxkfsbmqcjlbmjeaqyg/Build/Intermediates.noindex/leveldb.build/Debug-iphonesimulator/leveldb_leveldb.build/empty-leveldb_leveldb.plist (in target 'leveldb_leveldb' from project 'leveldb')
    cd /Users/fukushimatakumi/Library/Developer/Xcode/DerivedData/SugarBeat-hgoxfxbbugxkfsbmqcjlbmjeaqyg/SourcePackages/checkouts/leveldb
    builtin-infoPlistUtility /Users/fukushimatakumi/Library/Developer/Xcode/DerivedData/SugarBeat-hgoxfxbbugxkfsbmqcjlbmjeaqyg/Build/Intermediates.noindex/leveldb.build/Debug-iphonesimulator/leveldb_leveldb.build/empty-leveldb_leveldb.plist -producttype com.apple.product-type.bundle -expandbuildsettings -format binary -platform iphonesimulator -o /Users/fukushimatakumi/Library/Developer/Xcode/DerivedData/SugarBeat-hgoxfxbbugxkfsbmqcjlbmjeaqyg/Build/Products/Debug-iphonesimulator/leveldb_leveldb.bundle/Info.plist

ProcessInfoPlistFile /Users/fukushimatakumi/Library/Developer/Xcode/DerivedData/SugarBeat-hgoxfxbbugxkfsbmqcjlbmjeaqyg/Build/Products/Debug-iphonesimulator/gRPC_opensslWrapper.bundle/Info.plist /Users/fukushimatakumi/Library/Developer/Xcode/DerivedData/SugarBeat-hgoxfxbbugxkfsbmqcjlbmjeaqyg/Build/Intermediates.noindex/gRPC.build/Debug-iphonesimulator/gRPC_opensslWrapper.build/empty-gRPC_opensslWrapper.plist (in target 'gRPC_opensslWrapper' from project 'gRPC')
    cd /Users/fukushimatakumi/Library/Developer/Xcode/DerivedData/SugarBeat-hgoxfxbbugxkfsbmqcjlbmjeaqyg/SourcePackages/checkouts/grpc-binary
    builtin-infoPlistUtility /Users/fukushimatakumi/Library/Developer/Xcode/DerivedData/SugarBeat-hgoxfxbbugxkfsbmqcjlbmjeaqyg/Build/Intermediates.noindex/gRPC.build/Debug-iphonesimulator/gRPC_opensslWrapper.build/empty-gRPC_opensslWrapper.plist -producttype com.apple.product-type.bundle -expandbuildsettings -format binary -platform iphonesimulator -o /Users/fukushimatakumi/Library/Developer/Xcode/DerivedData/SugarBeat-hgoxfxbbugxkfsbmqcjlbmjeaqyg/Build/Products/Debug-iphonesimulator/gRPC_opensslWrapper.bundle/Info.plist

CpResource /Users/fukushimatakumi/Library/Developer/Xcode/DerivedData/SugarBeat-hgoxfxbbugxkfsbmqcjlbmjeaqyg/Build/Products/Debug-iphonesimulator/leveldb_leveldb.bundle/PrivacyInfo.xcprivacy /Users/fukushimatakumi/Library/Developer/Xcode/DerivedData/SugarBeat-hgoxfxbbugxkfsbmqcjlbmjeaqyg/SourcePackages/checkouts/leveldb/Resources/PrivacyInfo.xcprivacy (in target 'leveldb_leveldb' from project 'leveldb')
    cd /Users/fukushimatakumi/Library/Developer/Xcode/DerivedData/SugarBeat-hgoxfxbbugxkfsbmqcjlbmjeaqyg/SourcePackages/checkouts/leveldb
    builtin-copy -exclude .DS_Store -exclude CVS -exclude .svn -exclude .git -exclude .hg -resolve-src-symlinks /Users/fukushimatakumi/Library/Developer/Xcode/DerivedData/SugarBeat-hgoxfxbbugxkfsbmqcjlbmjeaqyg/SourcePackages/checkouts/leveldb/Resources/PrivacyInfo.xcprivacy /Users/fukushimatakumi/Library/Developer/Xcode/DerivedData/SugarBeat-hgoxfxbbugxkfsbmqcjlbmjeaqyg/Build/Products/Debug-iphonesimulator/leveldb_leveldb.bundle

CpResource /Users/fukushimatakumi/Library/Developer/Xcode/DerivedData/SugarBeat-hgoxfxbbugxkfsbmqcjlbmjeaqyg/Build/Products/Debug-iphonesimulator/gRPC_opensslWrapper.bundle/PrivacyInfo.xcprivacy /Users/fukushimatakumi/Library/Developer/Xcode/DerivedData/SugarBeat-hgoxfxbbugxkfsbmqcjlbmjeaqyg/SourcePackages/checkouts/grpc-binary/openssl-grpc-Wrapper/Resources/PrivacyInfo.xcprivacy (in target 'gRPC_opensslWrapper' from project 'gRPC')
    cd /Users/fukushimatakumi/Library/Developer/Xcode/DerivedData/SugarBeat-hgoxfxbbugxkfsbmqcjlbmjeaqyg/SourcePackages/checkouts/grpc-binary
    builtin-copy -exclude .DS_Store -exclude CVS -exclude .svn -exclude .git -exclude .hg -resolve-src-symlinks /Users/fukushimatakumi/Library/Developer/Xcode/DerivedData/SugarBeat-hgoxfxbbugxkfsbmqcjlbmjeaqyg/SourcePackages/checkouts/grpc-binary/openssl-grpc-Wrapper/Resources/PrivacyInfo.xcprivacy /Users/fukushimatakumi/Library/Developer/Xcode/DerivedData/SugarBeat-hgoxfxbbugxkfsbmqcjlbmjeaqyg/Build/Products/Debug-iphonesimulator/gRPC_opensslWrapper.bundle

ProcessInfoPlistFile /Users/fukushimatakumi/Library/Developer/Xcode/DerivedData/SugarBeat-hgoxfxbbugxkfsbmqcjlbmjeaqyg/Build/Products/Debug-iphonesimulator/gRPC_grpcppWrapper.bundle/Info.plist /Users/fukushimatakumi/Library/Developer/Xcode/DerivedData/SugarBeat-hgoxfxbbugxkfsbmqcjlbmjeaqyg/Build/Intermediates.noindex/gRPC.build/Debug-iphonesimulator/gRPC_grpcppWrapper.build/empty-gRPC_grpcppWrapper.plist (in target 'gRPC_grpcppWrapper' from project 'gRPC')
    cd /Users/fukushimatakumi/Library/Developer/Xcode/DerivedData/SugarBeat-hgoxfxbbugxkfsbmqcjlbmjeaqyg/SourcePackages/checkouts/grpc-binary
    builtin-infoPlistUtility /Users/fukushimatakumi/Library/Developer/Xcode/DerivedData/SugarBeat-hgoxfxbbugxkfsbmqcjlbmjeaqyg/Build/Intermediates.noindex/gRPC.build/Debug-iphonesimulator/gRPC_grpcppWrapper.build/empty-gRPC_grpcppWrapper.plist -producttype com.apple.product-type.bundle -expandbuildsettings -format binary -platform iphonesimulator -o /Users/fukushimatakumi/Library/Developer/Xcode/DerivedData/SugarBeat-hgoxfxbbugxkfsbmqcjlbmjeaqyg/Build/Products/Debug-iphonesimulator/gRPC_grpcppWrapper.bundle/Info.plist

CpResource /Users/fukushimatakumi/Library/Developer/Xcode/DerivedData/SugarBeat-hgoxfxbbugxkfsbmqcjlbmjeaqyg/Build/Products/Debug-iphonesimulator/gRPC_grpcppWrapper.bundle/PrivacyInfo.xcprivacy /Users/fukushimatakumi/Library/Developer/Xcode/DerivedData/SugarBeat-hgoxfxbbugxkfsbmqcjlbmjeaqyg/SourcePackages/checkouts/grpc-binary/grpcpp-Wrapper/Resources/PrivacyInfo.xcprivacy (in target 'gRPC_grpcppWrapper' from project 'gRPC')
    cd /Users/fukushimatakumi/Library/Developer/Xcode/DerivedData/SugarBeat-hgoxfxbbugxkfsbmqcjlbmjeaqyg/SourcePackages/checkouts/grpc-binary
    builtin-copy -exclude .DS_Store -exclude CVS -exclude .svn -exclude .git -exclude .hg -resolve-src-symlinks /Users/fukushimatakumi/Library/Developer/Xcode/DerivedData/SugarBeat-hgoxfxbbugxkfsbmqcjlbmjeaqyg/SourcePackages/checkouts/grpc-binary/grpcpp-Wrapper/Resources/PrivacyInfo.xcprivacy /Users/fukushimatakumi/Library/Developer/Xcode/DerivedData/SugarBeat-hgoxfxbbugxkfsbmqcjlbmjeaqyg/Build/Products/Debug-iphonesimulator/gRPC_grpcppWrapper.bundle

ProcessInfoPlistFile /Users/fukushimatakumi/Library/Developer/Xcode/DerivedData/SugarBeat-hgoxfxbbugxkfsbmqcjlbmjeaqyg/Build/Products/Debug-iphonesimulator/gRPC_grpcWrapper.bundle/Info.plist /Users/fukushimatakumi/Library/Developer/Xcode/DerivedData/SugarBeat-hgoxfxbbugxkfsbmqcjlbmjeaqyg/Build/Intermediates.noindex/gRPC.build/Debug-iphonesimulator/gRPC_grpcWrapper.build/empty-gRPC_grpcWrapper.plist (in target 'gRPC_grpcWrapper' from project 'gRPC')
    cd /Users/fukushimatakumi/Library/Developer/Xcode/DerivedData/SugarBeat-hgoxfxbbugxkfsbmqcjlbmjeaqyg/SourcePackages/checkouts/grpc-binary
    builtin-infoPlistUtility /Users/fukushimatakumi/Library/Developer/Xcode/DerivedData/SugarBeat-hgoxfxbbugxkfsbmqcjlbmjeaqyg/Build/Intermediates.noindex/gRPC.build/Debug-iphonesimulator/gRPC_grpcWrapper.build/empty-gRPC_grpcWrapper.plist -producttype com.apple.product-type.bundle -expandbuildsettings -format binary -platform iphonesimulator -o /Users/fukushimatakumi/Library/Developer/Xcode/DerivedData/SugarBeat-hgoxfxbbugxkfsbmqcjlbmjeaqyg/Build/Products/Debug-iphonesimulator/gRPC_grpcWrapper.bundle/Info.plist

CpResource /Users/fukushimatakumi/Library/Developer/Xcode/DerivedData/SugarBeat-hgoxfxbbugxkfsbmqcjlbmjeaqyg/Build/Products/Debug-iphonesimulator/gRPC_grpcWrapper.bundle/PrivacyInfo.xcprivacy /Users/fukushimatakumi/Library/Developer/Xcode/DerivedData/SugarBeat-hgoxfxbbugxkfsbmqcjlbmjeaqyg/SourcePackages/checkouts/grpc-binary/grpc-Wrapper/Resources/PrivacyInfo.xcprivacy (in target 'gRPC_grpcWrapper' from project 'gRPC')
    cd /Users/fukushimatakumi/Library/Developer/Xcode/DerivedData/SugarBeat-hgoxfxbbugxkfsbmqcjlbmjeaqyg/SourcePackages/checkouts/grpc-binary
    builtin-copy -exclude .DS_Store -exclude CVS -exclude .svn -exclude .git -exclude .hg -resolve-src-symlinks /Users/fukushimatakumi/Library/Developer/Xcode/DerivedData/SugarBeat-hgoxfxbbugxkfsbmqcjlbmjeaqyg/SourcePackages/checkouts/grpc-binary/grpc-Wrapper/Resources/PrivacyInfo.xcprivacy /Users/fukushimatakumi/Library/Developer/Xcode/DerivedData/SugarBeat-hgoxfxbbugxkfsbmqcjlbmjeaqyg/Build/Products/Debug-iphonesimulator/gRPC_grpcWrapper.bundle

ProcessInfoPlistFile /Users/fukushimatakumi/Library/Developer/Xcode/DerivedData/SugarBeat-hgoxfxbbugxkfsbmqcjlbmjeaqyg/Build/Products/Debug-iphonesimulator/abseil_abslWrapper.bundle/Info.plist /Users/fukushimatakumi/Library/Developer/Xcode/DerivedData/SugarBeat-hgoxfxbbugxkfsbmqcjlbmjeaqyg/Build/Intermediates.noindex/abseil.build/Debug-iphonesimulator/abseil_abslWrapper.build/empty-abseil_abslWrapper.plist (in target 'abseil_abslWrapper' from project 'abseil')
    cd /Users/fukushimatakumi/Library/Developer/Xcode/DerivedData/SugarBeat-hgoxfxbbugxkfsbmqcjlbmjeaqyg/SourcePackages/checkouts/abseil-cpp-binary
    builtin-infoPlistUtility /Users/fukushimatakumi/Library/Developer/Xcode/DerivedData/SugarBeat-hgoxfxbbugxkfsbmqcjlbmjeaqyg/Build/Intermediates.noindex/abseil.build/Debug-iphonesimulator/abseil_abslWrapper.build/empty-abseil_abslWrapper.plist -producttype com.apple.product-type.bundle -expandbuildsettings -format binary -platform iphonesimulator -o /Users/fukushimatakumi/Library/Developer/Xcode/DerivedData/SugarBeat-hgoxfxbbugxkfsbmqcjlbmjeaqyg/Build/Products/Debug-iphonesimulator/abseil_abslWrapper.bundle/Info.plist

CpResource /Users/fukushimatakumi/Library/Developer/Xcode/DerivedData/SugarBeat-hgoxfxbbugxkfsbmqcjlbmjeaqyg/Build/Products/Debug-iphonesimulator/abseil_abslWrapper.bundle/PrivacyInfo.xcprivacy /Users/fukushimatakumi/Library/Developer/Xcode/DerivedData/SugarBeat-hgoxfxbbugxkfsbmqcjlbmjeaqyg/SourcePackages/checkouts/abseil-cpp-binary/absl-Wrapper/Resources/PrivacyInfo.xcprivacy (in target 'abseil_abslWrapper' from project 'abseil')
    cd /Users/fukushimatakumi/Library/Developer/Xcode/DerivedData/SugarBeat-hgoxfxbbugxkfsbmqcjlbmjeaqyg/SourcePackages/checkouts/abseil-cpp-binary
    builtin-copy -exclude .DS_Store -exclude CVS -exclude .svn -exclude .git -exclude .hg -resolve-src-symlinks /Users/fukushimatakumi/Library/Developer/Xcode/DerivedData/SugarBeat-hgoxfxbbugxkfsbmqcjlbmjeaqyg/SourcePackages/checkouts/abseil-cpp-binary/absl-Wrapper/Resources/PrivacyInfo.xcprivacy /Users/fukushimatakumi/Library/Developer/Xcode/DerivedData/SugarBeat-hgoxfxbbugxkfsbmqcjlbmjeaqyg/Build/Products/Debug-iphonesimulator/abseil_abslWrapper.bundle

ProcessInfoPlistFile /Users/fukushimatakumi/Library/Developer/Xcode/DerivedData/SugarBeat-hgoxfxbbugxkfsbmqcjlbmjeaqyg/Build/Products/Debug-iphonesimulator/Promises_FBLPromises.bundle/Info.plist /Users/fukushimatakumi/Library/Developer/Xcode/DerivedData/SugarBeat-hgoxfxbbugxkfsbmqcjlbmjeaqyg/Build/Intermediates.noindex/Promises.build/Debug-iphonesimulator/Promises_FBLPromises.build/empty-Promises_FBLPromises.plist (in target 'Promises_FBLPromises' from project 'Promises')
    cd /Users/fukushimatakumi/Library/Developer/Xcode/DerivedData/SugarBeat-hgoxfxbbugxkfsbmqcjlbmjeaqyg/SourcePackages/checkouts/promises
    builtin-infoPlistUtility /Users/fukushimatakumi/Library/Developer/Xcode/DerivedData/SugarBeat-hgoxfxbbugxkfsbmqcjlbmjeaqyg/Build/Intermediates.noindex/Promises.build/Debug-iphonesimulator/Promises_FBLPromises.build/empty-Promises_FBLPromises.plist -producttype com.apple.product-type.bundle -expandbuildsettings -format binary -platform iphonesimulator -o /Users/fukushimatakumi/Library/Developer/Xcode/DerivedData/SugarBeat-hgoxfxbbugxkfsbmqcjlbmjeaqyg/Build/Products/Debug-iphonesimulator/Promises_FBLPromises.bundle/Info.plist

CpResource /Users/fukushimatakumi/Library/Developer/Xcode/DerivedData/SugarBeat-hgoxfxbbugxkfsbmqcjlbmjeaqyg/Build/Products/Debug-iphonesimulator/Promises_FBLPromises.bundle/PrivacyInfo.xcprivacy /Users/fukushimatakumi/Library/Developer/Xcode/DerivedData/SugarBeat-hgoxfxbbugxkfsbmqcjlbmjeaqyg/SourcePackages/checkouts/promises/Sources/FBLPromises/Resources/PrivacyInfo.xcprivacy (in target 'Promises_FBLPromises' from project 'Promises')
    cd /Users/fukushimatakumi/Library/Developer/Xcode/DerivedData/SugarBeat-hgoxfxbbugxkfsbmqcjlbmjeaqyg/SourcePackages/checkouts/promises
    builtin-copy -exclude .DS_Store -exclude CVS -exclude .svn -exclude .git -exclude .hg -resolve-src-symlinks /Users/fukushimatakumi/Library/Developer/Xcode/DerivedData/SugarBeat-hgoxfxbbugxkfsbmqcjlbmjeaqyg/SourcePackages/checkouts/promises/Sources/FBLPromises/Resources/PrivacyInfo.xcprivacy /Users/fukushimatakumi/Library/Developer/Xcode/DerivedData/SugarBeat-hgoxfxbbugxkfsbmqcjlbmjeaqyg/Build/Products/Debug-iphonesimulator/Promises_FBLPromises.bundle

ProcessInfoPlistFile /Users/fukushimatakumi/Library/Developer/Xcode/DerivedData/SugarBeat-hgoxfxbbugxkfsbmqcjlbmjeaqyg/Build/Products/Debug-iphonesimulator/GoogleUtilities_GoogleUtilities-UserDefaults.bundle/Info.plist /Users/fukushimatakumi/Library/Developer/Xcode/DerivedData/SugarBeat-hgoxfxbbugxkfsbmqcjlbmjeaqyg/Build/Intermediates.noindex/GoogleUtilities.build/Debug-iphonesimulator/GoogleUtilities_GoogleUtilities-UserDefaults.build/empty-GoogleUtilities_GoogleUtilities-UserDefaults.plist (in target 'GoogleUtilities_GoogleUtilities-UserDefaults' from project 'GoogleUtilities')
    cd /Users/fukushimatakumi/Library/Developer/Xcode/DerivedData/SugarBeat-hgoxfxbbugxkfsbmqcjlbmjeaqyg/SourcePackages/checkouts/GoogleUtilities
    builtin-infoPlistUtility /Users/fukushimatakumi/Library/Developer/Xcode/DerivedData/SugarBeat-hgoxfxbbugxkfsbmqcjlbmjeaqyg/Build/Intermediates.noindex/GoogleUtilities.build/Debug-iphonesimulator/GoogleUtilities_GoogleUtilities-UserDefaults.build/empty-GoogleUtilities_GoogleUtilities-UserDefaults.plist -producttype com.apple.product-type.bundle -expandbuildsettings -format binary -platform iphonesimulator -o /Users/fukushimatakumi/Library/Developer/Xcode/DerivedData/SugarBeat-hgoxfxbbugxkfsbmqcjlbmjeaqyg/Build/Products/Debug-iphonesimulator/GoogleUtilities_GoogleUtilities-UserDefaults.bundle/Info.plist

CpResource /Users/fukushimatakumi/Library/Developer/Xcode/DerivedData/SugarBeat-hgoxfxbbugxkfsbmqcjlbmjeaqyg/Build/Products/Debug-iphonesimulator/GoogleUtilities_GoogleUtilities-UserDefaults.bundle/PrivacyInfo.xcprivacy /Users/fukushimatakumi/Library/Developer/Xcode/DerivedData/SugarBeat-hgoxfxbbugxkfsbmqcjlbmjeaqyg/SourcePackages/checkouts/GoogleUtilities/GoogleUtilities/UserDefaults/Resources/PrivacyInfo.xcprivacy (in target 'GoogleUtilities_GoogleUtilities-UserDefaults' from project 'GoogleUtilities')
    cd /Users/fukushimatakumi/Library/Developer/Xcode/DerivedData/SugarBeat-hgoxfxbbugxkfsbmqcjlbmjeaqyg/SourcePackages/checkouts/GoogleUtilities
    builtin-copy -exclude .DS_Store -exclude CVS -exclude .svn -exclude .git -exclude .hg -resolve-src-symlinks /Users/fukushimatakumi/Library/Developer/Xcode/DerivedData/SugarBeat-hgoxfxbbugxkfsbmqcjlbmjeaqyg/SourcePackages/checkouts/GoogleUtilities/GoogleUtilities/UserDefaults/Resources/PrivacyInfo.xcprivacy /Users/fukushimatakumi/Library/Developer/Xcode/DerivedData/SugarBeat-hgoxfxbbugxkfsbmqcjlbmjeaqyg/Build/Products/Debug-iphonesimulator/GoogleUtilities_GoogleUtilities-UserDefaults.bundle

ProcessInfoPlistFile /Users/fukushimatakumi/Library/Developer/Xcode/DerivedData/SugarBeat-hgoxfxbbugxkfsbmqcjlbmjeaqyg/Build/Products/Debug-iphonesimulator/GoogleUtilities_GoogleUtilities-Reachability.bundle/Info.plist /Users/fukushimatakumi/Library/Developer/Xcode/DerivedData/SugarBeat-hgoxfxbbugxkfsbmqcjlbmjeaqyg/Build/Intermediates.noindex/GoogleUtilities.build/Debug-iphonesimulator/GoogleUtilities_GoogleUtilities-Reachability.build/empty-GoogleUtilities_GoogleUtilities-Reachability.plist (in target 'GoogleUtilities_GoogleUtilities-Reachability' from project 'GoogleUtilities')
    cd /Users/fukushimatakumi/Library/Developer/Xcode/DerivedData/SugarBeat-hgoxfxbbugxkfsbmqcjlbmjeaqyg/SourcePackages/checkouts/GoogleUtilities
    builtin-infoPlistUtility /Users/fukushimatakumi/Library/Developer/Xcode/DerivedData/SugarBeat-hgoxfxbbugxkfsbmqcjlbmjeaqyg/Build/Intermediates.noindex/GoogleUtilities.build/Debug-iphonesimulator/GoogleUtilities_GoogleUtilities-Reachability.build/empty-GoogleUtilities_GoogleUtilities-Reachability.plist -producttype com.apple.product-type.bundle -expandbuildsettings -format binary -platform iphonesimulator -o /Users/fukushimatakumi/Library/Developer/Xcode/DerivedData/SugarBeat-hgoxfxbbugxkfsbmqcjlbmjeaqyg/Build/Products/Debug-iphonesimulator/GoogleUtilities_GoogleUtilities-Reachability.bundle/Info.plist

CpResource /Users/fukushimatakumi/Library/Developer/Xcode/DerivedData/SugarBeat-hgoxfxbbugxkfsbmqcjlbmjeaqyg/Build/Products/Debug-iphonesimulator/GoogleUtilities_GoogleUtilities-Reachability.bundle/PrivacyInfo.xcprivacy /Users/fukushimatakumi/Library/Developer/Xcode/DerivedData/SugarBeat-hgoxfxbbugxkfsbmqcjlbmjeaqyg/SourcePackages/checkouts/GoogleUtilities/GoogleUtilities/Reachability/Resources/PrivacyInfo.xcprivacy (in target 'GoogleUtilities_GoogleUtilities-Reachability' from project 'GoogleUtilities')
    cd /Users/fukushimatakumi/Library/Developer/Xcode/DerivedData/SugarBeat-hgoxfxbbugxkfsbmqcjlbmjeaqyg/SourcePackages/checkouts/GoogleUtilities
    builtin-copy -exclude .DS_Store -exclude CVS -exclude .svn -exclude .git -exclude .hg -resolve-src-symlinks /Users/fukushimatakumi/Library/Developer/Xcode/DerivedData/SugarBeat-hgoxfxbbugxkfsbmqcjlbmjeaqyg/SourcePackages/checkouts/GoogleUtilities/GoogleUtilities/Reachability/Resources/PrivacyInfo.xcprivacy /Users/fukushimatakumi/Library/Developer/Xcode/DerivedData/SugarBeat-hgoxfxbbugxkfsbmqcjlbmjeaqyg/Build/Products/Debug-iphonesimulator/GoogleUtilities_GoogleUtilities-Reachability.bundle

SwiftDriver FirebaseSharedSwift normal arm64 com.apple.xcode.tools.swift.compiler (in target 'FirebaseSharedSwift' from project 'Firebase')
    cd /Users/fukushimatakumi/develop/sugarbeat/sugarbeat-front
    builtin-SwiftDriver -- /Applications/Xcode.app/Contents/Developer/Toolchains/XcodeDefault.xctoolchain/usr/bin/swiftc -module-name FirebaseSharedSwift -Onone -enforce-exclusivity\=checked @/Users/fukushimatakumi/Library/Developer/Xcode/DerivedData/SugarBeat-hgoxfxbbugxkfsbmqcjlbmjeaqyg/Build/Intermediates.noindex/Firebase.build/Debug-iphonesimulator/FirebaseSharedSwift.build/Objects-normal/arm64/FirebaseSharedSwift.SwiftFileList -DSWIFT_PACKAGE -DDEBUG -DXcode -plugin-path /Applications/Xcode.app/Contents/Developer/Toolchains/XcodeDefault.xctoolchain/usr/lib/swift/host/plugins/testing -enable-experimental-feature DebugDescriptionMacro -sdk /Applications/Xcode.app/Contents/Developer/Platforms/iPhoneSimulator.platform/Developer/SDKs/iPhoneSimulator18.4.sdk -target arm64-apple-ios15.0-simulator -g -module-cache-path /Users/fukushimatakumi/Library/Developer/Xcode/DerivedData/ModuleCache.noindex -Xfrontend -serialize-debugging-options -enable-testing -suppress-warnings -index-store-path /Users/fukushimatakumi/Library/Developer/Xcode/DerivedData/SugarBeat-hgoxfxbbugxkfsbmqcjlbmjeaqyg/Index.noindex/DataStore -swift-version 5 -I /Users/fukushimatakumi/Library/Developer/Xcode/DerivedData/SugarBeat-hgoxfxbbugxkfsbmqcjlbmjeaqyg/Build/Products/Debug-iphonesimulator -I /Applications/Xcode.app/Contents/Developer/Platforms/iPhoneSimulator.platform/Developer/usr/lib -F /Users/fukushimatakumi/Library/Developer/Xcode/DerivedData/SugarBeat-hgoxfxbbugxkfsbmqcjlbmjeaqyg/Build/Products/Debug-iphonesimulator -F /Applications/Xcode.app/Contents/Developer/Platforms/iPhoneSimulator.platform/Developer/Library/Frameworks -F /Applications/Xcode.app/Contents/Developer/Platforms/iPhoneSimulator.platform/Developer/SDKs/iPhoneSimulator18.4.sdk/Developer/Library/Frameworks -c -j10 -enable-batch-mode -incremental -Xcc -ivfsstatcache -Xcc /Users/fukushimatakumi/Library/Developer/Xcode/DerivedData/SDKStatCaches.noindex/iphonesimulator18.4-22E235-71825a6d136aa4733edcbe86ece5525b.sdkstatcache -output-file-map /Users/fukushimatakumi/Library/Developer/Xcode/DerivedData/SugarBeat-hgoxfxbbugxkfsbmqcjlbmjeaqyg/Build/Intermediates.noindex/Firebase.build/Debug-iphonesimulator/FirebaseSharedSwift.build/Objects-normal/arm64/FirebaseSharedSwift-OutputFileMap.json -use-frontend-parseable-output -save-temps -no-color-diagnostics -serialize-diagnostics -emit-dependencies -emit-module -emit-module-path /Users/fukushimatakumi/Library/Developer/Xcode/DerivedData/SugarBeat-hgoxfxbbugxkfsbmqcjlbmjeaqyg/Build/Intermediates.noindex/Firebase.build/Debug-iphonesimulator/FirebaseSharedSwift.build/Objects-normal/arm64/FirebaseSharedSwift.swiftmodule -user-module-version 12.7.0 -validate-clang-modules-once -clang-build-session-file /Users/fukushimatakumi/Library/Developer/Xcode/DerivedData/ModuleCache.noindex/Session.modulevalidation -package-name firebase_ios_sdk -Xcc -I/Users/fukushimatakumi/Library/Developer/Xcode/DerivedData/SugarBeat-hgoxfxbbugxkfsbmqcjlbmjeaqyg/Build/Intermediates.noindex/Firebase.build/Debug-iphonesimulator/FirebaseSharedSwift.build/swift-overrides.hmap -emit-const-values -Xfrontend -const-gather-protocols-file -Xfrontend /Users/fukushimatakumi/Library/Developer/Xcode/DerivedData/SugarBeat-hgoxfxbbugxkfsbmqcjlbmjeaqyg/Build/Intermediates.noindex/Firebase.build/Debug-iphonesimulator/FirebaseSharedSwift.build/Objects-normal/arm64/FirebaseSharedSwift_const_extract_protocols.json -Xcc -I/Users/fukushimatakumi/Library/Developer/Xcode/DerivedData/SugarBeat-hgoxfxbbugxkfsbmqcjlbmjeaqyg/Build/Products/Debug-iphonesimulator/include -Xcc -I/Users/fukushimatakumi/Library/Developer/Xcode/DerivedData/SugarBeat-hgoxfxbbugxkfsbmqcjlbmjeaqyg/Build/Intermediates.noindex/Firebase.build/Debug-iphonesimulator/FirebaseSharedSwift.build/DerivedSources-normal/arm64 -Xcc -I/Users/fukushimatakumi/Library/Developer/Xcode/DerivedData/SugarBeat-hgoxfxbbugxkfsbmqcjlbmjeaqyg/Build/Intermediates.noindex/Firebase.build/Debug-iphonesimulator/FirebaseSharedSwift.build/DerivedSources/arm64 -Xcc -I/Users/fukushimatakumi/Library/Developer/Xcode/DerivedData/SugarBeat-hgoxfxbbugxkfsbmqcjlbmjeaqyg/Build/Intermediates.noindex/Firebase.build/Debug-iphonesimulator/FirebaseSharedSwift.build/DerivedSources -Xcc -DSWIFT_PACKAGE -Xcc -DDEBUG\=1 -emit-objc-header -emit-objc-header-path /Users/fukushimatakumi/Library/Developer/Xcode/DerivedData/SugarBeat-hgoxfxbbugxkfsbmqcjlbmjeaqyg/Build/Intermediates.noindex/Firebase.build/Debug-iphonesimulator/FirebaseSharedSwift.build/Objects-normal/arm64/FirebaseSharedSwift-Swift.h -working-directory /Users/fukushimatakumi/develop/sugarbeat/sugarbeat-front -experimental-emit-module-separately -disable-cmo

ProcessInfoPlistFile /Users/fukushimatakumi/Library/Developer/Xcode/DerivedData/SugarBeat-hgoxfxbbugxkfsbmqcjlbmjeaqyg/Build/Products/Debug-iphonesimulator/GoogleUtilities_GoogleUtilities-Network.bundle/Info.plist /Users/fukushimatakumi/Library/Developer/Xcode/DerivedData/SugarBeat-hgoxfxbbugxkfsbmqcjlbmjeaqyg/Build/Intermediates.noindex/GoogleUtilities.build/Debug-iphonesimulator/GoogleUtilities_GoogleUtilities-Network.build/empty-GoogleUtilities_GoogleUtilities-Network.plist (in target 'GoogleUtilities_GoogleUtilities-Network' from project 'GoogleUtilities')
    cd /Users/fukushimatakumi/Library/Developer/Xcode/DerivedData/SugarBeat-hgoxfxbbugxkfsbmqcjlbmjeaqyg/SourcePackages/checkouts/GoogleUtilities
    builtin-infoPlistUtility /Users/fukushimatakumi/Library/Developer/Xcode/DerivedData/SugarBeat-hgoxfxbbugxkfsbmqcjlbmjeaqyg/Build/Intermediates.noindex/GoogleUtilities.build/Debug-iphonesimulator/GoogleUtilities_GoogleUtilities-Network.build/empty-GoogleUtilities_GoogleUtilities-Network.plist -producttype com.apple.product-type.bundle -expandbuildsettings -format binary -platform iphonesimulator -o /Users/fukushimatakumi/Library/Developer/Xcode/DerivedData/SugarBeat-hgoxfxbbugxkfsbmqcjlbmjeaqyg/Build/Products/Debug-iphonesimulator/GoogleUtilities_GoogleUtilities-Network.bundle/Info.plist

CpResource /Users/fukushimatakumi/Library/Developer/Xcode/DerivedData/SugarBeat-hgoxfxbbugxkfsbmqcjlbmjeaqyg/Build/Products/Debug-iphonesimulator/GoogleUtilities_GoogleUtilities-Network.bundle/PrivacyInfo.xcprivacy /Users/fukushimatakumi/Library/Developer/Xcode/DerivedData/SugarBeat-hgoxfxbbugxkfsbmqcjlbmjeaqyg/SourcePackages/checkouts/GoogleUtilities/GoogleUtilities/Network/Resources/PrivacyInfo.xcprivacy (in target 'GoogleUtilities_GoogleUtilities-Network' from project 'GoogleUtilities')
    cd /Users/fukushimatakumi/Library/Developer/Xcode/DerivedData/SugarBeat-hgoxfxbbugxkfsbmqcjlbmjeaqyg/SourcePackages/checkouts/GoogleUtilities
    builtin-copy -exclude .DS_Store -exclude CVS -exclude .svn -exclude .git -exclude .hg -resolve-src-symlinks /Users/fukushimatakumi/Library/Developer/Xcode/DerivedData/SugarBeat-hgoxfxbbugxkfsbmqcjlbmjeaqyg/SourcePackages/checkouts/GoogleUtilities/GoogleUtilities/Network/Resources/PrivacyInfo.xcprivacy /Users/fukushimatakumi/Library/Developer/Xcode/DerivedData/SugarBeat-hgoxfxbbugxkfsbmqcjlbmjeaqyg/Build/Products/Debug-iphonesimulator/GoogleUtilities_GoogleUtilities-Network.bundle

ProcessInfoPlistFile /Users/fukushimatakumi/Library/Developer/Xcode/DerivedData/SugarBeat-hgoxfxbbugxkfsbmqcjlbmjeaqyg/Build/Products/Debug-iphonesimulator/GoogleUtilities_GoogleUtilities-NSData.bundle/Info.plist /Users/fukushimatakumi/Library/Developer/Xcode/DerivedData/SugarBeat-hgoxfxbbugxkfsbmqcjlbmjeaqyg/Build/Intermediates.noindex/GoogleUtilities.build/Debug-iphonesimulator/GoogleUtilities_GoogleUtilities-NSData.build/empty-GoogleUtilities_GoogleUtilities-NSData.plist (in target 'GoogleUtilities_GoogleUtilities-NSData' from project 'GoogleUtilities')
    cd /Users/fukushimatakumi/Library/Developer/Xcode/DerivedData/SugarBeat-hgoxfxbbugxkfsbmqcjlbmjeaqyg/SourcePackages/checkouts/GoogleUtilities
    builtin-infoPlistUtility /Users/fukushimatakumi/Library/Developer/Xcode/DerivedData/SugarBeat-hgoxfxbbugxkfsbmqcjlbmjeaqyg/Build/Intermediates.noindex/GoogleUtilities.build/Debug-iphonesimulator/GoogleUtilities_GoogleUtilities-NSData.build/empty-GoogleUtilities_GoogleUtilities-NSData.plist -producttype com.apple.product-type.bundle -expandbuildsettings -format binary -platform iphonesimulator -o /Users/fukushimatakumi/Library/Developer/Xcode/DerivedData/SugarBeat-hgoxfxbbugxkfsbmqcjlbmjeaqyg/Build/Products/Debug-iphonesimulator/GoogleUtilities_GoogleUtilities-NSData.bundle/Info.plist

CpResource /Users/fukushimatakumi/Library/Developer/Xcode/DerivedData/SugarBeat-hgoxfxbbugxkfsbmqcjlbmjeaqyg/Build/Products/Debug-iphonesimulator/GoogleUtilities_GoogleUtilities-NSData.bundle/PrivacyInfo.xcprivacy /Users/fukushimatakumi/Library/Developer/Xcode/DerivedData/SugarBeat-hgoxfxbbugxkfsbmqcjlbmjeaqyg/SourcePackages/checkouts/GoogleUtilities/GoogleUtilities/NSData+zlib/Resources/PrivacyInfo.xcprivacy (in target 'GoogleUtilities_GoogleUtilities-NSData' from project 'GoogleUtilities')
    cd /Users/fukushimatakumi/Library/Developer/Xcode/DerivedData/SugarBeat-hgoxfxbbugxkfsbmqcjlbmjeaqyg/SourcePackages/checkouts/GoogleUtilities
    builtin-copy -exclude .DS_Store -exclude CVS -exclude .svn -exclude .git -exclude .hg -resolve-src-symlinks /Users/fukushimatakumi/Library/Developer/Xcode/DerivedData/SugarBeat-hgoxfxbbugxkfsbmqcjlbmjeaqyg/SourcePackages/checkouts/GoogleUtilities/GoogleUtilities/NSData+zlib/Resources/PrivacyInfo.xcprivacy /Users/fukushimatakumi/Library/Developer/Xcode/DerivedData/SugarBeat-hgoxfxbbugxkfsbmqcjlbmjeaqyg/Build/Products/Debug-iphonesimulator/GoogleUtilities_GoogleUtilities-NSData.bundle

ProcessInfoPlistFile /Users/fukushimatakumi/Library/Developer/Xcode/DerivedData/SugarBeat-hgoxfxbbugxkfsbmqcjlbmjeaqyg/Build/Products/Debug-iphonesimulator/GoogleUtilities_GoogleUtilities-Logger.bundle/Info.plist /Users/fukushimatakumi/Library/Developer/Xcode/DerivedData/SugarBeat-hgoxfxbbugxkfsbmqcjlbmjeaqyg/Build/Intermediates.noindex/GoogleUtilities.build/Debug-iphonesimulator/GoogleUtilities_GoogleUtilities-Logger.build/empty-GoogleUtilities_GoogleUtilities-Logger.plist (in target 'GoogleUtilities_GoogleUtilities-Logger' from project 'GoogleUtilities')
    cd /Users/fukushimatakumi/Library/Developer/Xcode/DerivedData/SugarBeat-hgoxfxbbugxkfsbmqcjlbmjeaqyg/SourcePackages/checkouts/GoogleUtilities
    builtin-infoPlistUtility /Users/fukushimatakumi/Library/Developer/Xcode/DerivedData/SugarBeat-hgoxfxbbugxkfsbmqcjlbmjeaqyg/Build/Intermediates.noindex/GoogleUtilities.build/Debug-iphonesimulator/GoogleUtilities_GoogleUtilities-Logger.build/empty-GoogleUtilities_GoogleUtilities-Logger.plist -producttype com.apple.product-type.bundle -expandbuildsettings -format binary -platform iphonesimulator -o /Users/fukushimatakumi/Library/Developer/Xcode/DerivedData/SugarBeat-hgoxfxbbugxkfsbmqcjlbmjeaqyg/Build/Products/Debug-iphonesimulator/GoogleUtilities_GoogleUtilities-Logger.bundle/Info.plist

CpResource /Users/fukushimatakumi/Library/Developer/Xcode/DerivedData/SugarBeat-hgoxfxbbugxkfsbmqcjlbmjeaqyg/Build/Products/Debug-iphonesimulator/GoogleUtilities_GoogleUtilities-Logger.bundle/PrivacyInfo.xcprivacy /Users/fukushimatakumi/Library/Developer/Xcode/DerivedData/SugarBeat-hgoxfxbbugxkfsbmqcjlbmjeaqyg/SourcePackages/checkouts/GoogleUtilities/GoogleUtilities/Logger/Resources/PrivacyInfo.xcprivacy (in target 'GoogleUtilities_GoogleUtilities-Logger' from project 'GoogleUtilities')
    cd /Users/fukushimatakumi/Library/Developer/Xcode/DerivedData/SugarBeat-hgoxfxbbugxkfsbmqcjlbmjeaqyg/SourcePackages/checkouts/GoogleUtilities
    builtin-copy -exclude .DS_Store -exclude CVS -exclude .svn -exclude .git -exclude .hg -resolve-src-symlinks /Users/fukushimatakumi/Library/Developer/Xcode/DerivedData/SugarBeat-hgoxfxbbugxkfsbmqcjlbmjeaqyg/SourcePackages/checkouts/GoogleUtilities/GoogleUtilities/Logger/Resources/PrivacyInfo.xcprivacy /Users/fukushimatakumi/Library/Developer/Xcode/DerivedData/SugarBeat-hgoxfxbbugxkfsbmqcjlbmjeaqyg/Build/Products/Debug-iphonesimulator/GoogleUtilities_GoogleUtilities-Logger.bundle

ProcessInfoPlistFile /Users/fukushimatakumi/Library/Developer/Xcode/DerivedData/SugarBeat-hgoxfxbbugxkfsbmqcjlbmjeaqyg/Build/Products/Debug-iphonesimulator/GoogleUtilities_GoogleUtilities-Environment.bundle/Info.plist /Users/fukushimatakumi/Library/Developer/Xcode/DerivedData/SugarBeat-hgoxfxbbugxkfsbmqcjlbmjeaqyg/Build/Intermediates.noindex/GoogleUtilities.build/Debug-iphonesimulator/GoogleUtilities_GoogleUtilities-Environment.build/empty-GoogleUtilities_GoogleUtilities-Environment.plist (in target 'GoogleUtilities_GoogleUtilities-Environment' from project 'GoogleUtilities')
    cd /Users/fukushimatakumi/Library/Developer/Xcode/DerivedData/SugarBeat-hgoxfxbbugxkfsbmqcjlbmjeaqyg/SourcePackages/checkouts/GoogleUtilities
    builtin-infoPlistUtility /Users/fukushimatakumi/Library/Developer/Xcode/DerivedData/SugarBeat-hgoxfxbbugxkfsbmqcjlbmjeaqyg/Build/Intermediates.noindex/GoogleUtilities.build/Debug-iphonesimulator/GoogleUtilities_GoogleUtilities-Environment.build/empty-GoogleUtilities_GoogleUtilities-Environment.plist -producttype com.apple.product-type.bundle -expandbuildsettings -format binary -platform iphonesimulator -o /Users/fukushimatakumi/Library/Developer/Xcode/DerivedData/SugarBeat-hgoxfxbbugxkfsbmqcjlbmjeaqyg/Build/Products/Debug-iphonesimulator/GoogleUtilities_GoogleUtilities-Environment.bundle/Info.plist

CpResource /Users/fukushimatakumi/Library/Developer/Xcode/DerivedData/SugarBeat-hgoxfxbbugxkfsbmqcjlbmjeaqyg/Build/Products/Debug-iphonesimulator/GoogleUtilities_GoogleUtilities-Environment.bundle/PrivacyInfo.xcprivacy /Users/fukushimatakumi/Library/Developer/Xcode/DerivedData/SugarBeat-hgoxfxbbugxkfsbmqcjlbmjeaqyg/SourcePackages/checkouts/GoogleUtilities/GoogleUtilities/Environment/Resources/PrivacyInfo.xcprivacy (in target 'GoogleUtilities_GoogleUtilities-Environment' from project 'GoogleUtilities')
    cd /Users/fukushimatakumi/Library/Developer/Xcode/DerivedData/SugarBeat-hgoxfxbbugxkfsbmqcjlbmjeaqyg/SourcePackages/checkouts/GoogleUtilities
    builtin-copy -exclude .DS_Store -exclude CVS -exclude .svn -exclude .git -exclude .hg -resolve-src-symlinks /Users/fukushimatakumi/Library/Developer/Xcode/DerivedData/SugarBeat-hgoxfxbbugxkfsbmqcjlbmjeaqyg/SourcePackages/checkouts/GoogleUtilities/GoogleUtilities/Environment/Resources/PrivacyInfo.xcprivacy /Users/fukushimatakumi/Library/Developer/Xcode/DerivedData/SugarBeat-hgoxfxbbugxkfsbmqcjlbmjeaqyg/Build/Products/Debug-iphonesimulator/GoogleUtilities_GoogleUtilities-Environment.bundle

ProcessInfoPlistFile /Users/fukushimatakumi/Library/Developer/Xcode/DerivedData/SugarBeat-hgoxfxbbugxkfsbmqcjlbmjeaqyg/Build/Products/Debug-iphonesimulator/GoogleUtilities_GoogleUtilities-AppDelegateSwizzler.bundle/Info.plist /Users/fukushimatakumi/Library/Developer/Xcode/DerivedData/SugarBeat-hgoxfxbbugxkfsbmqcjlbmjeaqyg/Build/Intermediates.noindex/GoogleUtilities.build/Debug-iphonesimulator/GoogleUtilities_GoogleUtilities-AppDelegateSwizzler.build/empty-GoogleUtilities_GoogleUtilities-AppDelegateSwizzler.plist (in target 'GoogleUtilities_GoogleUtilities-AppDelegateSwizzler' from project 'GoogleUtilities')
    cd /Users/fukushimatakumi/Library/Developer/Xcode/DerivedData/SugarBeat-hgoxfxbbugxkfsbmqcjlbmjeaqyg/SourcePackages/checkouts/GoogleUtilities
    builtin-infoPlistUtility /Users/fukushimatakumi/Library/Developer/Xcode/DerivedData/SugarBeat-hgoxfxbbugxkfsbmqcjlbmjeaqyg/Build/Intermediates.noindex/GoogleUtilities.build/Debug-iphonesimulator/GoogleUtilities_GoogleUtilities-AppDelegateSwizzler.build/empty-GoogleUtilities_GoogleUtilities-AppDelegateSwizzler.plist -producttype com.apple.product-type.bundle -expandbuildsettings -format binary -platform iphonesimulator -o /Users/fukushimatakumi/Library/Developer/Xcode/DerivedData/SugarBeat-hgoxfxbbugxkfsbmqcjlbmjeaqyg/Build/Products/Debug-iphonesimulator/GoogleUtilities_GoogleUtilities-AppDelegateSwizzler.bundle/Info.plist

CpResource /Users/fukushimatakumi/Library/Developer/Xcode/DerivedData/SugarBeat-hgoxfxbbugxkfsbmqcjlbmjeaqyg/Build/Products/Debug-iphonesimulator/GoogleUtilities_GoogleUtilities-AppDelegateSwizzler.bundle/PrivacyInfo.xcprivacy /Users/fukushimatakumi/Library/Developer/Xcode/DerivedData/SugarBeat-hgoxfxbbugxkfsbmqcjlbmjeaqyg/SourcePackages/checkouts/GoogleUtilities/GoogleUtilities/AppDelegateSwizzler/Resources/PrivacyInfo.xcprivacy (in target 'GoogleUtilities_GoogleUtilities-AppDelegateSwizzler' from project 'GoogleUtilities')
    cd /Users/fukushimatakumi/Library/Developer/Xcode/DerivedData/SugarBeat-hgoxfxbbugxkfsbmqcjlbmjeaqyg/SourcePackages/checkouts/GoogleUtilities
    builtin-copy -exclude .DS_Store -exclude CVS -exclude .svn -exclude .git -exclude .hg -resolve-src-symlinks /Users/fukushimatakumi/Library/Developer/Xcode/DerivedData/SugarBeat-hgoxfxbbugxkfsbmqcjlbmjeaqyg/SourcePackages/checkouts/GoogleUtilities/GoogleUtilities/AppDelegateSwizzler/Resources/PrivacyInfo.xcprivacy /Users/fukushimatakumi/Library/Developer/Xcode/DerivedData/SugarBeat-hgoxfxbbugxkfsbmqcjlbmjeaqyg/Build/Products/Debug-iphonesimulator/GoogleUtilities_GoogleUtilities-AppDelegateSwizzler.bundle

ProcessInfoPlistFile /Users/fukushimatakumi/Library/Developer/Xcode/DerivedData/SugarBeat-hgoxfxbbugxkfsbmqcjlbmjeaqyg/Build/Products/Debug-iphonesimulator/GoogleSignIn_GoogleSignInSwift.bundle/Info.plist /Users/fukushimatakumi/Library/Developer/Xcode/DerivedData/SugarBeat-hgoxfxbbugxkfsbmqcjlbmjeaqyg/Build/Intermediates.noindex/GoogleSignIn.build/Debug-iphonesimulator/GoogleSignIn_GoogleSignInSwift.build/empty-GoogleSignIn_GoogleSignInSwift.plist (in target 'GoogleSignIn_GoogleSignInSwift' from project 'GoogleSignIn')
    cd /Users/fukushimatakumi/Library/Developer/Xcode/DerivedData/SugarBeat-hgoxfxbbugxkfsbmqcjlbmjeaqyg/SourcePackages/checkouts/GoogleSignIn-iOS
    builtin-infoPlistUtility /Users/fukushimatakumi/Library/Developer/Xcode/DerivedData/SugarBeat-hgoxfxbbugxkfsbmqcjlbmjeaqyg/Build/Intermediates.noindex/GoogleSignIn.build/Debug-iphonesimulator/GoogleSignIn_GoogleSignInSwift.build/empty-GoogleSignIn_GoogleSignInSwift.plist -producttype com.apple.product-type.bundle -expandbuildsettings -format binary -platform iphonesimulator -o /Users/fukushimatakumi/Library/Developer/Xcode/DerivedData/SugarBeat-hgoxfxbbugxkfsbmqcjlbmjeaqyg/Build/Products/Debug-iphonesimulator/GoogleSignIn_GoogleSignInSwift.bundle/Info.plist

CpResource /Users/fukushimatakumi/Library/Developer/Xcode/DerivedData/SugarBeat-hgoxfxbbugxkfsbmqcjlbmjeaqyg/Build/Products/Debug-iphonesimulator/GoogleSignIn_GoogleSignInSwift.bundle/PrivacyInfo.xcprivacy /Users/fukushimatakumi/Library/Developer/Xcode/DerivedData/SugarBeat-hgoxfxbbugxkfsbmqcjlbmjeaqyg/SourcePackages/checkouts/GoogleSignIn-iOS/GoogleSignInSwift/Sources/Resources/PrivacyInfo.xcprivacy (in target 'GoogleSignIn_GoogleSignInSwift' from project 'GoogleSignIn')
    cd /Users/fukushimatakumi/Library/Developer/Xcode/DerivedData/SugarBeat-hgoxfxbbugxkfsbmqcjlbmjeaqyg/SourcePackages/checkouts/GoogleSignIn-iOS
    builtin-copy -exclude .DS_Store -exclude CVS -exclude .svn -exclude .git -exclude .hg -resolve-src-symlinks /Users/fukushimatakumi/Library/Developer/Xcode/DerivedData/SugarBeat-hgoxfxbbugxkfsbmqcjlbmjeaqyg/SourcePackages/checkouts/GoogleSignIn-iOS/GoogleSignInSwift/Sources/Resources/PrivacyInfo.xcprivacy /Users/fukushimatakumi/Library/Developer/Xcode/DerivedData/SugarBeat-hgoxfxbbugxkfsbmqcjlbmjeaqyg/Build/Products/Debug-iphonesimulator/GoogleSignIn_GoogleSignInSwift.bundle

ProcessInfoPlistFile /Users/fukushimatakumi/Library/Developer/Xcode/DerivedData/SugarBeat-hgoxfxbbugxkfsbmqcjlbmjeaqyg/Build/Products/Debug-iphonesimulator/GoogleSignIn_GoogleSignIn.bundle/Info.plist /Users/fukushimatakumi/Library/Developer/Xcode/DerivedData/SugarBeat-hgoxfxbbugxkfsbmqcjlbmjeaqyg/Build/Intermediates.noindex/GoogleSignIn.build/Debug-iphonesimulator/GoogleSignIn_GoogleSignIn.build/empty-GoogleSignIn_GoogleSignIn.plist (in target 'GoogleSignIn_GoogleSignIn' from project 'GoogleSignIn')
    cd /Users/fukushimatakumi/Library/Developer/Xcode/DerivedData/SugarBeat-hgoxfxbbugxkfsbmqcjlbmjeaqyg/SourcePackages/checkouts/GoogleSignIn-iOS
    builtin-infoPlistUtility /Users/fukushimatakumi/Library/Developer/Xcode/DerivedData/SugarBeat-hgoxfxbbugxkfsbmqcjlbmjeaqyg/Build/Intermediates.noindex/GoogleSignIn.build/Debug-iphonesimulator/GoogleSignIn_GoogleSignIn.build/empty-GoogleSignIn_GoogleSignIn.plist -producttype com.apple.product-type.bundle -expandbuildsettings -format binary -platform iphonesimulator -o /Users/fukushimatakumi/Library/Developer/Xcode/DerivedData/SugarBeat-hgoxfxbbugxkfsbmqcjlbmjeaqyg/Build/Products/Debug-iphonesimulator/GoogleSignIn_GoogleSignIn.bundle/Info.plist

CpResource /Users/fukushimatakumi/Library/Developer/Xcode/DerivedData/SugarBeat-hgoxfxbbugxkfsbmqcjlbmjeaqyg/Build/Products/Debug-iphonesimulator/GoogleSignIn_GoogleSignIn.bundle/zh_TW.lproj/GoogleSignIn.strings /Users/fukushimatakumi/Library/Developer/Xcode/DerivedData/SugarBeat-hgoxfxbbugxkfsbmqcjlbmjeaqyg/SourcePackages/checkouts/GoogleSignIn-iOS/GoogleSignIn/Sources/Strings/zh_TW.lproj/GoogleSignIn.strings (in target 'GoogleSignIn_GoogleSignIn' from project 'GoogleSignIn')
    cd /Users/fukushimatakumi/Library/Developer/Xcode/DerivedData/SugarBeat-hgoxfxbbugxkfsbmqcjlbmjeaqyg/SourcePackages/checkouts/GoogleSignIn-iOS
    builtin-copy -exclude .DS_Store -exclude CVS -exclude .svn -exclude .git -exclude .hg -resolve-src-symlinks /Users/fukushimatakumi/Library/Developer/Xcode/DerivedData/SugarBeat-hgoxfxbbugxkfsbmqcjlbmjeaqyg/SourcePackages/checkouts/GoogleSignIn-iOS/GoogleSignIn/Sources/Strings/zh_TW.lproj/GoogleSignIn.strings /Users/fukushimatakumi/Library/Developer/Xcode/DerivedData/SugarBeat-hgoxfxbbugxkfsbmqcjlbmjeaqyg/Build/Products/Debug-iphonesimulator/GoogleSignIn_GoogleSignIn.bundle/zh_TW.lproj

CpResource /Users/fukushimatakumi/Library/Developer/Xcode/DerivedData/SugarBeat-hgoxfxbbugxkfsbmqcjlbmjeaqyg/Build/Products/Debug-iphonesimulator/GoogleSignIn_GoogleSignIn.bundle/zh_CN.lproj/GoogleSignIn.strings /Users/fukushimatakumi/Library/Developer/Xcode/DerivedData/SugarBeat-hgoxfxbbugxkfsbmqcjlbmjeaqyg/SourcePackages/checkouts/GoogleSignIn-iOS/GoogleSignIn/Sources/Strings/zh_CN.lproj/GoogleSignIn.strings (in target 'GoogleSignIn_GoogleSignIn' from project 'GoogleSignIn')
    cd /Users/fukushimatakumi/Library/Developer/Xcode/DerivedData/SugarBeat-hgoxfxbbugxkfsbmqcjlbmjeaqyg/SourcePackages/checkouts/GoogleSignIn-iOS
    builtin-copy -exclude .DS_Store -exclude CVS -exclude .svn -exclude .git -exclude .hg -resolve-src-symlinks /Users/fukushimatakumi/Library/Developer/Xcode/DerivedData/SugarBeat-hgoxfxbbugxkfsbmqcjlbmjeaqyg/SourcePackages/checkouts/GoogleSignIn-iOS/GoogleSignIn/Sources/Strings/zh_CN.lproj/GoogleSignIn.strings /Users/fukushimatakumi/Library/Developer/Xcode/DerivedData/SugarBeat-hgoxfxbbugxkfsbmqcjlbmjeaqyg/Build/Products/Debug-iphonesimulator/GoogleSignIn_GoogleSignIn.bundle/zh_CN.lproj

CpResource /Users/fukushimatakumi/Library/Developer/Xcode/DerivedData/SugarBeat-hgoxfxbbugxkfsbmqcjlbmjeaqyg/Build/Products/Debug-iphonesimulator/GoogleSignIn_GoogleSignIn.bundle/vi.lproj/GoogleSignIn.strings /Users/fukushimatakumi/Library/Developer/Xcode/DerivedData/SugarBeat-hgoxfxbbugxkfsbmqcjlbmjeaqyg/SourcePackages/checkouts/GoogleSignIn-iOS/GoogleSignIn/Sources/Strings/vi.lproj/GoogleSignIn.strings (in target 'GoogleSignIn_GoogleSignIn' from project 'GoogleSignIn')
    cd /Users/fukushimatakumi/Library/Developer/Xcode/DerivedData/SugarBeat-hgoxfxbbugxkfsbmqcjlbmjeaqyg/SourcePackages/checkouts/GoogleSignIn-iOS
    builtin-copy -exclude .DS_Store -exclude CVS -exclude .svn -exclude .git -exclude .hg -resolve-src-symlinks /Users/fukushimatakumi/Library/Developer/Xcode/DerivedData/SugarBeat-hgoxfxbbugxkfsbmqcjlbmjeaqyg/SourcePackages/checkouts/GoogleSignIn-iOS/GoogleSignIn/Sources/Strings/vi.lproj/GoogleSignIn.strings /Users/fukushimatakumi/Library/Developer/Xcode/DerivedData/SugarBeat-hgoxfxbbugxkfsbmqcjlbmjeaqyg/Build/Products/Debug-iphonesimulator/GoogleSignIn_GoogleSignIn.bundle/vi.lproj

CpResource /Users/fukushimatakumi/Library/Developer/Xcode/DerivedData/SugarBeat-hgoxfxbbugxkfsbmqcjlbmjeaqyg/Build/Products/Debug-iphonesimulator/GoogleSignIn_GoogleSignIn.bundle/uk.lproj/GoogleSignIn.strings /Users/fukushimatakumi/Library/Developer/Xcode/DerivedData/SugarBeat-hgoxfxbbugxkfsbmqcjlbmjeaqyg/SourcePackages/checkouts/GoogleSignIn-iOS/GoogleSignIn/Sources/Strings/uk.lproj/GoogleSignIn.strings (in target 'GoogleSignIn_GoogleSignIn' from project 'GoogleSignIn')
    cd /Users/fukushimatakumi/Library/Developer/Xcode/DerivedData/SugarBeat-hgoxfxbbugxkfsbmqcjlbmjeaqyg/SourcePackages/checkouts/GoogleSignIn-iOS
    builtin-copy -exclude .DS_Store -exclude CVS -exclude .svn -exclude .git -exclude .hg -resolve-src-symlinks /Users/fukushimatakumi/Library/Developer/Xcode/DerivedData/SugarBeat-hgoxfxbbugxkfsbmqcjlbmjeaqyg/SourcePackages/checkouts/GoogleSignIn-iOS/GoogleSignIn/Sources/Strings/uk.lproj/GoogleSignIn.strings /Users/fukushimatakumi/Library/Developer/Xcode/DerivedData/SugarBeat-hgoxfxbbugxkfsbmqcjlbmjeaqyg/Build/Products/Debug-iphonesimulator/GoogleSignIn_GoogleSignIn.bundle/uk.lproj

CpResource /Users/fukushimatakumi/Library/Developer/Xcode/DerivedData/SugarBeat-hgoxfxbbugxkfsbmqcjlbmjeaqyg/Build/Products/Debug-iphonesimulator/GoogleSignIn_GoogleSignIn.bundle/tr.lproj/GoogleSignIn.strings /Users/fukushimatakumi/Library/Developer/Xcode/DerivedData/SugarBeat-hgoxfxbbugxkfsbmqcjlbmjeaqyg/SourcePackages/checkouts/GoogleSignIn-iOS/GoogleSignIn/Sources/Strings/tr.lproj/GoogleSignIn.strings (in target 'GoogleSignIn_GoogleSignIn' from project 'GoogleSignIn')
    cd /Users/fukushimatakumi/Library/Developer/Xcode/DerivedData/SugarBeat-hgoxfxbbugxkfsbmqcjlbmjeaqyg/SourcePackages/checkouts/GoogleSignIn-iOS
    builtin-copy -exclude .DS_Store -exclude CVS -exclude .svn -exclude .git -exclude .hg -resolve-src-symlinks /Users/fukushimatakumi/Library/Developer/Xcode/DerivedData/SugarBeat-hgoxfxbbugxkfsbmqcjlbmjeaqyg/SourcePackages/checkouts/GoogleSignIn-iOS/GoogleSignIn/Sources/Strings/tr.lproj/GoogleSignIn.strings /Users/fukushimatakumi/Library/Developer/Xcode/DerivedData/SugarBeat-hgoxfxbbugxkfsbmqcjlbmjeaqyg/Build/Products/Debug-iphonesimulator/GoogleSignIn_GoogleSignIn.bundle/tr.lproj

CpResource /Users/fukushimatakumi/Library/Developer/Xcode/DerivedData/SugarBeat-hgoxfxbbugxkfsbmqcjlbmjeaqyg/Build/Products/Debug-iphonesimulator/GoogleSignIn_GoogleSignIn.bundle/th.lproj/GoogleSignIn.strings /Users/fukushimatakumi/Library/Developer/Xcode/DerivedData/SugarBeat-hgoxfxbbugxkfsbmqcjlbmjeaqyg/SourcePackages/checkouts/GoogleSignIn-iOS/GoogleSignIn/Sources/Strings/th.lproj/GoogleSignIn.strings (in target 'GoogleSignIn_GoogleSignIn' from project 'GoogleSignIn')
    cd /Users/fukushimatakumi/Library/Developer/Xcode/DerivedData/SugarBeat-hgoxfxbbugxkfsbmqcjlbmjeaqyg/SourcePackages/checkouts/GoogleSignIn-iOS
    builtin-copy -exclude .DS_Store -exclude CVS -exclude .svn -exclude .git -exclude .hg -resolve-src-symlinks /Users/fukushimatakumi/Library/Developer/Xcode/DerivedData/SugarBeat-hgoxfxbbugxkfsbmqcjlbmjeaqyg/SourcePackages/checkouts/GoogleSignIn-iOS/GoogleSignIn/Sources/Strings/th.lproj/GoogleSignIn.strings /Users/fukushimatakumi/Library/Developer/Xcode/DerivedData/SugarBeat-hgoxfxbbugxkfsbmqcjlbmjeaqyg/Build/Products/Debug-iphonesimulator/GoogleSignIn_GoogleSignIn.bundle/th.lproj

CpResource /Users/fukushimatakumi/Library/Developer/Xcode/DerivedData/SugarBeat-hgoxfxbbugxkfsbmqcjlbmjeaqyg/Build/Products/Debug-iphonesimulator/GoogleSignIn_GoogleSignIn.bundle/sv.lproj/GoogleSignIn.strings /Users/fukushimatakumi/Library/Developer/Xcode/DerivedData/SugarBeat-hgoxfxbbugxkfsbmqcjlbmjeaqyg/SourcePackages/checkouts/GoogleSignIn-iOS/GoogleSignIn/Sources/Strings/sv.lproj/GoogleSignIn.strings (in target 'GoogleSignIn_GoogleSignIn' from project 'GoogleSignIn')
    cd /Users/fukushimatakumi/Library/Developer/Xcode/DerivedData/SugarBeat-hgoxfxbbugxkfsbmqcjlbmjeaqyg/SourcePackages/checkouts/GoogleSignIn-iOS
    builtin-copy -exclude .DS_Store -exclude CVS -exclude .svn -exclude .git -exclude .hg -resolve-src-symlinks /Users/fukushimatakumi/Library/Developer/Xcode/DerivedData/SugarBeat-hgoxfxbbugxkfsbmqcjlbmjeaqyg/SourcePackages/checkouts/GoogleSignIn-iOS/GoogleSignIn/Sources/Strings/sv.lproj/GoogleSignIn.strings /Users/fukushimatakumi/Library/Developer/Xcode/DerivedData/SugarBeat-hgoxfxbbugxkfsbmqcjlbmjeaqyg/Build/Products/Debug-iphonesimulator/GoogleSignIn_GoogleSignIn.bundle/sv.lproj

CpResource /Users/fukushimatakumi/Library/Developer/Xcode/DerivedData/SugarBeat-hgoxfxbbugxkfsbmqcjlbmjeaqyg/Build/Products/Debug-iphonesimulator/GoogleSignIn_GoogleSignIn.bundle/sk.lproj/GoogleSignIn.strings /Users/fukushimatakumi/Library/Developer/Xcode/DerivedData/SugarBeat-hgoxfxbbugxkfsbmqcjlbmjeaqyg/SourcePackages/checkouts/GoogleSignIn-iOS/GoogleSignIn/Sources/Strings/sk.lproj/GoogleSignIn.strings (in target 'GoogleSignIn_GoogleSignIn' from project 'GoogleSignIn')
    cd /Users/fukushimatakumi/Library/Developer/Xcode/DerivedData/SugarBeat-hgoxfxbbugxkfsbmqcjlbmjeaqyg/SourcePackages/checkouts/GoogleSignIn-iOS
    builtin-copy -exclude .DS_Store -exclude CVS -exclude .svn -exclude .git -exclude .hg -resolve-src-symlinks /Users/fukushimatakumi/Library/Developer/Xcode/DerivedData/SugarBeat-hgoxfxbbugxkfsbmqcjlbmjeaqyg/SourcePackages/checkouts/GoogleSignIn-iOS/GoogleSignIn/Sources/Strings/sk.lproj/GoogleSignIn.strings /Users/fukushimatakumi/Library/Developer/Xcode/DerivedData/SugarBeat-hgoxfxbbugxkfsbmqcjlbmjeaqyg/Build/Products/Debug-iphonesimulator/GoogleSignIn_GoogleSignIn.bundle/sk.lproj

CpResource /Users/fukushimatakumi/Library/Developer/Xcode/DerivedData/SugarBeat-hgoxfxbbugxkfsbmqcjlbmjeaqyg/Build/Products/Debug-iphonesimulator/GoogleSignIn_GoogleSignIn.bundle/ru.lproj/GoogleSignIn.strings /Users/fukushimatakumi/Library/Developer/Xcode/DerivedData/SugarBeat-hgoxfxbbugxkfsbmqcjlbmjeaqyg/SourcePackages/checkouts/GoogleSignIn-iOS/GoogleSignIn/Sources/Strings/ru.lproj/GoogleSignIn.strings (in target 'GoogleSignIn_GoogleSignIn' from project 'GoogleSignIn')
    cd /Users/fukushimatakumi/Library/Developer/Xcode/DerivedData/SugarBeat-hgoxfxbbugxkfsbmqcjlbmjeaqyg/SourcePackages/checkouts/GoogleSignIn-iOS
    builtin-copy -exclude .DS_Store -exclude CVS -exclude .svn -exclude .git -exclude .hg -resolve-src-symlinks /Users/fukushimatakumi/Library/Developer/Xcode/DerivedData/SugarBeat-hgoxfxbbugxkfsbmqcjlbmjeaqyg/SourcePackages/checkouts/GoogleSignIn-iOS/GoogleSignIn/Sources/Strings/ru.lproj/GoogleSignIn.strings /Users/fukushimatakumi/Library/Developer/Xcode/DerivedData/SugarBeat-hgoxfxbbugxkfsbmqcjlbmjeaqyg/Build/Products/Debug-iphonesimulator/GoogleSignIn_GoogleSignIn.bundle/ru.lproj

CpResource /Users/fukushimatakumi/Library/Developer/Xcode/DerivedData/SugarBeat-hgoxfxbbugxkfsbmqcjlbmjeaqyg/Build/Products/Debug-iphonesimulator/GoogleSignIn_GoogleSignIn.bundle/ro.lproj/GoogleSignIn.strings /Users/fukushimatakumi/Library/Developer/Xcode/DerivedData/SugarBeat-hgoxfxbbugxkfsbmqcjlbmjeaqyg/SourcePackages/checkouts/GoogleSignIn-iOS/GoogleSignIn/Sources/Strings/ro.lproj/GoogleSignIn.strings (in target 'GoogleSignIn_GoogleSignIn' from project 'GoogleSignIn')
    cd /Users/fukushimatakumi/Library/Developer/Xcode/DerivedData/SugarBeat-hgoxfxbbugxkfsbmqcjlbmjeaqyg/SourcePackages/checkouts/GoogleSignIn-iOS
    builtin-copy -exclude .DS_Store -exclude CVS -exclude .svn -exclude .git -exclude .hg -resolve-src-symlinks /Users/fukushimatakumi/Library/Developer/Xcode/DerivedData/SugarBeat-hgoxfxbbugxkfsbmqcjlbmjeaqyg/SourcePackages/checkouts/GoogleSignIn-iOS/GoogleSignIn/Sources/Strings/ro.lproj/GoogleSignIn.strings /Users/fukushimatakumi/Library/Developer/Xcode/DerivedData/SugarBeat-hgoxfxbbugxkfsbmqcjlbmjeaqyg/Build/Products/Debug-iphonesimulator/GoogleSignIn_GoogleSignIn.bundle/ro.lproj

CpResource /Users/fukushimatakumi/Library/Developer/Xcode/DerivedData/SugarBeat-hgoxfxbbugxkfsbmqcjlbmjeaqyg/Build/Products/Debug-iphonesimulator/GoogleSignIn_GoogleSignIn.bundle/pt_PT.lproj/GoogleSignIn.strings /Users/fukushimatakumi/Library/Developer/Xcode/DerivedData/SugarBeat-hgoxfxbbugxkfsbmqcjlbmjeaqyg/SourcePackages/checkouts/GoogleSignIn-iOS/GoogleSignIn/Sources/Strings/pt_PT.lproj/GoogleSignIn.strings (in target 'GoogleSignIn_GoogleSignIn' from project 'GoogleSignIn')
    cd /Users/fukushimatakumi/Library/Developer/Xcode/DerivedData/SugarBeat-hgoxfxbbugxkfsbmqcjlbmjeaqyg/SourcePackages/checkouts/GoogleSignIn-iOS
    builtin-copy -exclude .DS_Store -exclude CVS -exclude .svn -exclude .git -exclude .hg -resolve-src-symlinks /Users/fukushimatakumi/Library/Developer/Xcode/DerivedData/SugarBeat-hgoxfxbbugxkfsbmqcjlbmjeaqyg/SourcePackages/checkouts/GoogleSignIn-iOS/GoogleSignIn/Sources/Strings/pt_PT.lproj/GoogleSignIn.strings /Users/fukushimatakumi/Library/Developer/Xcode/DerivedData/SugarBeat-hgoxfxbbugxkfsbmqcjlbmjeaqyg/Build/Products/Debug-iphonesimulator/GoogleSignIn_GoogleSignIn.bundle/pt_PT.lproj

CpResource /Users/fukushimatakumi/Library/Developer/Xcode/DerivedData/SugarBeat-hgoxfxbbugxkfsbmqcjlbmjeaqyg/Build/Products/Debug-iphonesimulator/GoogleSignIn_GoogleSignIn.bundle/pt_BR.lproj/GoogleSignIn.strings /Users/fukushimatakumi/Library/Developer/Xcode/DerivedData/SugarBeat-hgoxfxbbugxkfsbmqcjlbmjeaqyg/SourcePackages/checkouts/GoogleSignIn-iOS/GoogleSignIn/Sources/Strings/pt_BR.lproj/GoogleSignIn.strings (in target 'GoogleSignIn_GoogleSignIn' from project 'GoogleSignIn')
    cd /Users/fukushimatakumi/Library/Developer/Xcode/DerivedData/SugarBeat-hgoxfxbbugxkfsbmqcjlbmjeaqyg/SourcePackages/checkouts/GoogleSignIn-iOS
    builtin-copy -exclude .DS_Store -exclude CVS -exclude .svn -exclude .git -exclude .hg -resolve-src-symlinks /Users/fukushimatakumi/Library/Developer/Xcode/DerivedData/SugarBeat-hgoxfxbbugxkfsbmqcjlbmjeaqyg/SourcePackages/checkouts/GoogleSignIn-iOS/GoogleSignIn/Sources/Strings/pt_BR.lproj/GoogleSignIn.strings /Users/fukushimatakumi/Library/Developer/Xcode/DerivedData/SugarBeat-hgoxfxbbugxkfsbmqcjlbmjeaqyg/Build/Products/Debug-iphonesimulator/GoogleSignIn_GoogleSignIn.bundle/pt_BR.lproj

CpResource /Users/fukushimatakumi/Library/Developer/Xcode/DerivedData/SugarBeat-hgoxfxbbugxkfsbmqcjlbmjeaqyg/Build/Products/Debug-iphonesimulator/GoogleSignIn_GoogleSignIn.bundle/pt.lproj/GoogleSignIn.strings /Users/fukushimatakumi/Library/Developer/Xcode/DerivedData/SugarBeat-hgoxfxbbugxkfsbmqcjlbmjeaqyg/SourcePackages/checkouts/GoogleSignIn-iOS/GoogleSignIn/Sources/Strings/pt.lproj/GoogleSignIn.strings (in target 'GoogleSignIn_GoogleSignIn' from project 'GoogleSignIn')
    cd /Users/fukushimatakumi/Library/Developer/Xcode/DerivedData/SugarBeat-hgoxfxbbugxkfsbmqcjlbmjeaqyg/SourcePackages/checkouts/GoogleSignIn-iOS
    builtin-copy -exclude .DS_Store -exclude CVS -exclude .svn -exclude .git -exclude .hg -resolve-src-symlinks /Users/fukushimatakumi/Library/Developer/Xcode/DerivedData/SugarBeat-hgoxfxbbugxkfsbmqcjlbmjeaqyg/SourcePackages/checkouts/GoogleSignIn-iOS/GoogleSignIn/Sources/Strings/pt.lproj/GoogleSignIn.strings /Users/fukushimatakumi/Library/Developer/Xcode/DerivedData/SugarBeat-hgoxfxbbugxkfsbmqcjlbmjeaqyg/Build/Products/Debug-iphonesimulator/GoogleSignIn_GoogleSignIn.bundle/pt.lproj

CpResource /Users/fukushimatakumi/Library/Developer/Xcode/DerivedData/SugarBeat-hgoxfxbbugxkfsbmqcjlbmjeaqyg/Build/Products/Debug-iphonesimulator/GoogleSignIn_GoogleSignIn.bundle/pl.lproj/GoogleSignIn.strings /Users/fukushimatakumi/Library/Developer/Xcode/DerivedData/SugarBeat-hgoxfxbbugxkfsbmqcjlbmjeaqyg/SourcePackages/checkouts/GoogleSignIn-iOS/GoogleSignIn/Sources/Strings/pl.lproj/GoogleSignIn.strings (in target 'GoogleSignIn_GoogleSignIn' from project 'GoogleSignIn')
    cd /Users/fukushimatakumi/Library/Developer/Xcode/DerivedData/SugarBeat-hgoxfxbbugxkfsbmqcjlbmjeaqyg/SourcePackages/checkouts/GoogleSignIn-iOS
    builtin-copy -exclude .DS_Store -exclude CVS -exclude .svn -exclude .git -exclude .hg -resolve-src-symlinks /Users/fukushimatakumi/Library/Developer/Xcode/DerivedData/SugarBeat-hgoxfxbbugxkfsbmqcjlbmjeaqyg/SourcePackages/checkouts/GoogleSignIn-iOS/GoogleSignIn/Sources/Strings/pl.lproj/GoogleSignIn.strings /Users/fukushimatakumi/Library/Developer/Xcode/DerivedData/SugarBeat-hgoxfxbbugxkfsbmqcjlbmjeaqyg/Build/Products/Debug-iphonesimulator/GoogleSignIn_GoogleSignIn.bundle/pl.lproj

CpResource /Users/fukushimatakumi/Library/Developer/Xcode/DerivedData/SugarBeat-hgoxfxbbugxkfsbmqcjlbmjeaqyg/Build/Products/Debug-iphonesimulator/GoogleSignIn_GoogleSignIn.bundle/nl.lproj/GoogleSignIn.strings /Users/fukushimatakumi/Library/Developer/Xcode/DerivedData/SugarBeat-hgoxfxbbugxkfsbmqcjlbmjeaqyg/SourcePackages/checkouts/GoogleSignIn-iOS/GoogleSignIn/Sources/Strings/nl.lproj/GoogleSignIn.strings (in target 'GoogleSignIn_GoogleSignIn' from project 'GoogleSignIn')
    cd /Users/fukushimatakumi/Library/Developer/Xcode/DerivedData/SugarBeat-hgoxfxbbugxkfsbmqcjlbmjeaqyg/SourcePackages/checkouts/GoogleSignIn-iOS
    builtin-copy -exclude .DS_Store -exclude CVS -exclude .svn -exclude .git -exclude .hg -resolve-src-symlinks /Users/fukushimatakumi/Library/Developer/Xcode/DerivedData/SugarBeat-hgoxfxbbugxkfsbmqcjlbmjeaqyg/SourcePackages/checkouts/GoogleSignIn-iOS/GoogleSignIn/Sources/Strings/nl.lproj/GoogleSignIn.strings /Users/fukushimatakumi/Library/Developer/Xcode/DerivedData/SugarBeat-hgoxfxbbugxkfsbmqcjlbmjeaqyg/Build/Products/Debug-iphonesimulator/GoogleSignIn_GoogleSignIn.bundle/nl.lproj

CpResource /Users/fukushimatakumi/Library/Developer/Xcode/DerivedData/SugarBeat-hgoxfxbbugxkfsbmqcjlbmjeaqyg/Build/Products/Debug-iphonesimulator/GoogleSignIn_GoogleSignIn.bundle/nb.lproj/GoogleSignIn.strings /Users/fukushimatakumi/Library/Developer/Xcode/DerivedData/SugarBeat-hgoxfxbbugxkfsbmqcjlbmjeaqyg/SourcePackages/checkouts/GoogleSignIn-iOS/GoogleSignIn/Sources/Strings/nb.lproj/GoogleSignIn.strings (in target 'GoogleSignIn_GoogleSignIn' from project 'GoogleSignIn')
    cd /Users/fukushimatakumi/Library/Developer/Xcode/DerivedData/SugarBeat-hgoxfxbbugxkfsbmqcjlbmjeaqyg/SourcePackages/checkouts/GoogleSignIn-iOS
    builtin-copy -exclude .DS_Store -exclude CVS -exclude .svn -exclude .git -exclude .hg -resolve-src-symlinks /Users/fukushimatakumi/Library/Developer/Xcode/DerivedData/SugarBeat-hgoxfxbbugxkfsbmqcjlbmjeaqyg/SourcePackages/checkouts/GoogleSignIn-iOS/GoogleSignIn/Sources/Strings/nb.lproj/GoogleSignIn.strings /Users/fukushimatakumi/Library/Developer/Xcode/DerivedData/SugarBeat-hgoxfxbbugxkfsbmqcjlbmjeaqyg/Build/Products/Debug-iphonesimulator/GoogleSignIn_GoogleSignIn.bundle/nb.lproj

CpResource /Users/fukushimatakumi/Library/Developer/Xcode/DerivedData/SugarBeat-hgoxfxbbugxkfsbmqcjlbmjeaqyg/Build/Products/Debug-iphonesimulator/GoogleSignIn_GoogleSignIn.bundle/ms.lproj/GoogleSignIn.strings /Users/fukushimatakumi/Library/Developer/Xcode/DerivedData/SugarBeat-hgoxfxbbugxkfsbmqcjlbmjeaqyg/SourcePackages/checkouts/GoogleSignIn-iOS/GoogleSignIn/Sources/Strings/ms.lproj/GoogleSignIn.strings (in target 'GoogleSignIn_GoogleSignIn' from project 'GoogleSignIn')
    cd /Users/fukushimatakumi/Library/Developer/Xcode/DerivedData/SugarBeat-hgoxfxbbugxkfsbmqcjlbmjeaqyg/SourcePackages/checkouts/GoogleSignIn-iOS
    builtin-copy -exclude .DS_Store -exclude CVS -exclude .svn -exclude .git -exclude .hg -resolve-src-symlinks /Users/fukushimatakumi/Library/Developer/Xcode/DerivedData/SugarBeat-hgoxfxbbugxkfsbmqcjlbmjeaqyg/SourcePackages/checkouts/GoogleSignIn-iOS/GoogleSignIn/Sources/Strings/ms.lproj/GoogleSignIn.strings /Users/fukushimatakumi/Library/Developer/Xcode/DerivedData/SugarBeat-hgoxfxbbugxkfsbmqcjlbmjeaqyg/Build/Products/Debug-iphonesimulator/GoogleSignIn_GoogleSignIn.bundle/ms.lproj

CpResource /Users/fukushimatakumi/Library/Developer/Xcode/DerivedData/SugarBeat-hgoxfxbbugxkfsbmqcjlbmjeaqyg/Build/Products/Debug-iphonesimulator/GoogleSignIn_GoogleSignIn.bundle/ko.lproj/GoogleSignIn.strings /Users/fukushimatakumi/Library/Developer/Xcode/DerivedData/SugarBeat-hgoxfxbbugxkfsbmqcjlbmjeaqyg/SourcePackages/checkouts/GoogleSignIn-iOS/GoogleSignIn/Sources/Strings/ko.lproj/GoogleSignIn.strings (in target 'GoogleSignIn_GoogleSignIn' from project 'GoogleSignIn')
    cd /Users/fukushimatakumi/Library/Developer/Xcode/DerivedData/SugarBeat-hgoxfxbbugxkfsbmqcjlbmjeaqyg/SourcePackages/checkouts/GoogleSignIn-iOS
    builtin-copy -exclude .DS_Store -exclude CVS -exclude .svn -exclude .git -exclude .hg -resolve-src-symlinks /Users/fukushimatakumi/Library/Developer/Xcode/DerivedData/SugarBeat-hgoxfxbbugxkfsbmqcjlbmjeaqyg/SourcePackages/checkouts/GoogleSignIn-iOS/GoogleSignIn/Sources/Strings/ko.lproj/GoogleSignIn.strings /Users/fukushimatakumi/Library/Developer/Xcode/DerivedData/SugarBeat-hgoxfxbbugxkfsbmqcjlbmjeaqyg/Build/Products/Debug-iphonesimulator/GoogleSignIn_GoogleSignIn.bundle/ko.lproj

CpResource /Users/fukushimatakumi/Library/Developer/Xcode/DerivedData/SugarBeat-hgoxfxbbugxkfsbmqcjlbmjeaqyg/Build/Products/Debug-iphonesimulator/GoogleSignIn_GoogleSignIn.bundle/ja.lproj/GoogleSignIn.strings /Users/fukushimatakumi/Library/Developer/Xcode/DerivedData/SugarBeat-hgoxfxbbugxkfsbmqcjlbmjeaqyg/SourcePackages/checkouts/GoogleSignIn-iOS/GoogleSignIn/Sources/Strings/ja.lproj/GoogleSignIn.strings (in target 'GoogleSignIn_GoogleSignIn' from project 'GoogleSignIn')
    cd /Users/fukushimatakumi/Library/Developer/Xcode/DerivedData/SugarBeat-hgoxfxbbugxkfsbmqcjlbmjeaqyg/SourcePackages/checkouts/GoogleSignIn-iOS
    builtin-copy -exclude .DS_Store -exclude CVS -exclude .svn -exclude .git -exclude .hg -resolve-src-symlinks /Users/fukushimatakumi/Library/Developer/Xcode/DerivedData/SugarBeat-hgoxfxbbugxkfsbmqcjlbmjeaqyg/SourcePackages/checkouts/GoogleSignIn-iOS/GoogleSignIn/Sources/Strings/ja.lproj/GoogleSignIn.strings /Users/fukushimatakumi/Library/Developer/Xcode/DerivedData/SugarBeat-hgoxfxbbugxkfsbmqcjlbmjeaqyg/Build/Products/Debug-iphonesimulator/GoogleSignIn_GoogleSignIn.bundle/ja.lproj

CpResource /Users/fukushimatakumi/Library/Developer/Xcode/DerivedData/SugarBeat-hgoxfxbbugxkfsbmqcjlbmjeaqyg/Build/Products/Debug-iphonesimulator/GoogleSignIn_GoogleSignIn.bundle/it.lproj/GoogleSignIn.strings /Users/fukushimatakumi/Library/Developer/Xcode/DerivedData/SugarBeat-hgoxfxbbugxkfsbmqcjlbmjeaqyg/SourcePackages/checkouts/GoogleSignIn-iOS/GoogleSignIn/Sources/Strings/it.lproj/GoogleSignIn.strings (in target 'GoogleSignIn_GoogleSignIn' from project 'GoogleSignIn')
    cd /Users/fukushimatakumi/Library/Developer/Xcode/DerivedData/SugarBeat-hgoxfxbbugxkfsbmqcjlbmjeaqyg/SourcePackages/checkouts/GoogleSignIn-iOS
    builtin-copy -exclude .DS_Store -exclude CVS -exclude .svn -exclude .git -exclude .hg -resolve-src-symlinks /Users/fukushimatakumi/Library/Developer/Xcode/DerivedData/SugarBeat-hgoxfxbbugxkfsbmqcjlbmjeaqyg/SourcePackages/checkouts/GoogleSignIn-iOS/GoogleSignIn/Sources/Strings/it.lproj/GoogleSignIn.strings /Users/fukushimatakumi/Library/Developer/Xcode/DerivedData/SugarBeat-hgoxfxbbugxkfsbmqcjlbmjeaqyg/Build/Products/Debug-iphonesimulator/GoogleSignIn_GoogleSignIn.bundle/it.lproj

CpResource /Users/fukushimatakumi/Library/Developer/Xcode/DerivedData/SugarBeat-hgoxfxbbugxkfsbmqcjlbmjeaqyg/Build/Products/Debug-iphonesimulator/GoogleSignIn_GoogleSignIn.bundle/id.lproj/GoogleSignIn.strings /Users/fukushimatakumi/Library/Developer/Xcode/DerivedData/SugarBeat-hgoxfxbbugxkfsbmqcjlbmjeaqyg/SourcePackages/checkouts/GoogleSignIn-iOS/GoogleSignIn/Sources/Strings/id.lproj/GoogleSignIn.strings (in target 'GoogleSignIn_GoogleSignIn' from project 'GoogleSignIn')
    cd /Users/fukushimatakumi/Library/Developer/Xcode/DerivedData/SugarBeat-hgoxfxbbugxkfsbmqcjlbmjeaqyg/SourcePackages/checkouts/GoogleSignIn-iOS
    builtin-copy -exclude .DS_Store -exclude CVS -exclude .svn -exclude .git -exclude .hg -resolve-src-symlinks /Users/fukushimatakumi/Library/Developer/Xcode/DerivedData/SugarBeat-hgoxfxbbugxkfsbmqcjlbmjeaqyg/SourcePackages/checkouts/GoogleSignIn-iOS/GoogleSignIn/Sources/Strings/id.lproj/GoogleSignIn.strings /Users/fukushimatakumi/Library/Developer/Xcode/DerivedData/SugarBeat-hgoxfxbbugxkfsbmqcjlbmjeaqyg/Build/Products/Debug-iphonesimulator/GoogleSignIn_GoogleSignIn.bundle/id.lproj

CpResource /Users/fukushimatakumi/Library/Developer/Xcode/DerivedData/SugarBeat-hgoxfxbbugxkfsbmqcjlbmjeaqyg/Build/Products/Debug-iphonesimulator/GoogleSignIn_GoogleSignIn.bundle/hu.lproj/GoogleSignIn.strings /Users/fukushimatakumi/Library/Developer/Xcode/DerivedData/SugarBeat-hgoxfxbbugxkfsbmqcjlbmjeaqyg/SourcePackages/checkouts/GoogleSignIn-iOS/GoogleSignIn/Sources/Strings/hu.lproj/GoogleSignIn.strings (in target 'GoogleSignIn_GoogleSignIn' from project 'GoogleSignIn')
    cd /Users/fukushimatakumi/Library/Developer/Xcode/DerivedData/SugarBeat-hgoxfxbbugxkfsbmqcjlbmjeaqyg/SourcePackages/checkouts/GoogleSignIn-iOS
    builtin-copy -exclude .DS_Store -exclude CVS -exclude .svn -exclude .git -exclude .hg -resolve-src-symlinks /Users/fukushimatakumi/Library/Developer/Xcode/DerivedData/SugarBeat-hgoxfxbbugxkfsbmqcjlbmjeaqyg/SourcePackages/checkouts/GoogleSignIn-iOS/GoogleSignIn/Sources/Strings/hu.lproj/GoogleSignIn.strings /Users/fukushimatakumi/Library/Developer/Xcode/DerivedData/SugarBeat-hgoxfxbbugxkfsbmqcjlbmjeaqyg/Build/Products/Debug-iphonesimulator/GoogleSignIn_GoogleSignIn.bundle/hu.lproj

CpResource /Users/fukushimatakumi/Library/Developer/Xcode/DerivedData/SugarBeat-hgoxfxbbugxkfsbmqcjlbmjeaqyg/Build/Products/Debug-iphonesimulator/GoogleSignIn_GoogleSignIn.bundle/hr.lproj/GoogleSignIn.strings /Users/fukushimatakumi/Library/Developer/Xcode/DerivedData/SugarBeat-hgoxfxbbugxkfsbmqcjlbmjeaqyg/SourcePackages/checkouts/GoogleSignIn-iOS/GoogleSignIn/Sources/Strings/hr.lproj/GoogleSignIn.strings (in target 'GoogleSignIn_GoogleSignIn' from project 'GoogleSignIn')
    cd /Users/fukushimatakumi/Library/Developer/Xcode/DerivedData/SugarBeat-hgoxfxbbugxkfsbmqcjlbmjeaqyg/SourcePackages/checkouts/GoogleSignIn-iOS
    builtin-copy -exclude .DS_Store -exclude CVS -exclude .svn -exclude .git -exclude .hg -resolve-src-symlinks /Users/fukushimatakumi/Library/Developer/Xcode/DerivedData/SugarBeat-hgoxfxbbugxkfsbmqcjlbmjeaqyg/SourcePackages/checkouts/GoogleSignIn-iOS/GoogleSignIn/Sources/Strings/hr.lproj/GoogleSignIn.strings /Users/fukushimatakumi/Library/Developer/Xcode/DerivedData/SugarBeat-hgoxfxbbugxkfsbmqcjlbmjeaqyg/Build/Products/Debug-iphonesimulator/GoogleSignIn_GoogleSignIn.bundle/hr.lproj

CpResource /Users/fukushimatakumi/Library/Developer/Xcode/DerivedData/SugarBeat-hgoxfxbbugxkfsbmqcjlbmjeaqyg/Build/Products/Debug-iphonesimulator/GoogleSignIn_GoogleSignIn.bundle/he.lproj/GoogleSignIn.strings /Users/fukushimatakumi/Library/Developer/Xcode/DerivedData/SugarBeat-hgoxfxbbugxkfsbmqcjlbmjeaqyg/SourcePackages/checkouts/GoogleSignIn-iOS/GoogleSignIn/Sources/Strings/he.lproj/GoogleSignIn.strings (in target 'GoogleSignIn_GoogleSignIn' from project 'GoogleSignIn')
    cd /Users/fukushimatakumi/Library/Developer/Xcode/DerivedData/SugarBeat-hgoxfxbbugxkfsbmqcjlbmjeaqyg/SourcePackages/checkouts/GoogleSignIn-iOS
    builtin-copy -exclude .DS_Store -exclude CVS -exclude .svn -exclude .git -exclude .hg -resolve-src-symlinks /Users/fukushimatakumi/Library/Developer/Xcode/DerivedData/SugarBeat-hgoxfxbbugxkfsbmqcjlbmjeaqyg/SourcePackages/checkouts/GoogleSignIn-iOS/GoogleSignIn/Sources/Strings/he.lproj/GoogleSignIn.strings /Users/fukushimatakumi/Library/Developer/Xcode/DerivedData/SugarBeat-hgoxfxbbugxkfsbmqcjlbmjeaqyg/Build/Products/Debug-iphonesimulator/GoogleSignIn_GoogleSignIn.bundle/he.lproj

CpResource /Users/fukushimatakumi/Library/Developer/Xcode/DerivedData/SugarBeat-hgoxfxbbugxkfsbmqcjlbmjeaqyg/Build/Products/Debug-iphonesimulator/GoogleSignIn_GoogleSignIn.bundle/hi.lproj/GoogleSignIn.strings /Users/fukushimatakumi/Library/Developer/Xcode/DerivedData/SugarBeat-hgoxfxbbugxkfsbmqcjlbmjeaqyg/SourcePackages/checkouts/GoogleSignIn-iOS/GoogleSignIn/Sources/Strings/hi.lproj/GoogleSignIn.strings (in target 'GoogleSignIn_GoogleSignIn' from project 'GoogleSignIn')
    cd /Users/fukushimatakumi/Library/Developer/Xcode/DerivedData/SugarBeat-hgoxfxbbugxkfsbmqcjlbmjeaqyg/SourcePackages/checkouts/GoogleSignIn-iOS
    builtin-copy -exclude .DS_Store -exclude CVS -exclude .svn -exclude .git -exclude .hg -resolve-src-symlinks /Users/fukushimatakumi/Library/Developer/Xcode/DerivedData/SugarBeat-hgoxfxbbugxkfsbmqcjlbmjeaqyg/SourcePackages/checkouts/GoogleSignIn-iOS/GoogleSignIn/Sources/Strings/hi.lproj/GoogleSignIn.strings /Users/fukushimatakumi/Library/Developer/Xcode/DerivedData/SugarBeat-hgoxfxbbugxkfsbmqcjlbmjeaqyg/Build/Products/Debug-iphonesimulator/GoogleSignIn_GoogleSignIn.bundle/hi.lproj

CpResource /Users/fukushimatakumi/Library/Developer/Xcode/DerivedData/SugarBeat-hgoxfxbbugxkfsbmqcjlbmjeaqyg/Build/Products/Debug-iphonesimulator/GoogleSignIn_GoogleSignIn.bundle/google@3x.png /Users/fukushimatakumi/Library/Developer/Xcode/DerivedData/SugarBeat-hgoxfxbbugxkfsbmqcjlbmjeaqyg/SourcePackages/checkouts/GoogleSignIn-iOS/GoogleSignIn/Sources/Resources/google@3x.png (in target 'GoogleSignIn_GoogleSignIn' from project 'GoogleSignIn')
    cd /Users/fukushimatakumi/Library/Developer/Xcode/DerivedData/SugarBeat-hgoxfxbbugxkfsbmqcjlbmjeaqyg/SourcePackages/checkouts/GoogleSignIn-iOS
    builtin-copy -exclude .DS_Store -exclude CVS -exclude .svn -exclude .git -exclude .hg -resolve-src-symlinks /Users/fukushimatakumi/Library/Developer/Xcode/DerivedData/SugarBeat-hgoxfxbbugxkfsbmqcjlbmjeaqyg/SourcePackages/checkouts/GoogleSignIn-iOS/GoogleSignIn/Sources/Resources/google@3x.png /Users/fukushimatakumi/Library/Developer/Xcode/DerivedData/SugarBeat-hgoxfxbbugxkfsbmqcjlbmjeaqyg/Build/Products/Debug-iphonesimulator/GoogleSignIn_GoogleSignIn.bundle

CpResource /Users/fukushimatakumi/Library/Developer/Xcode/DerivedData/SugarBeat-hgoxfxbbugxkfsbmqcjlbmjeaqyg/Build/Products/Debug-iphonesimulator/GoogleSignIn_GoogleSignIn.bundle/google@2x.png /Users/fukushimatakumi/Library/Developer/Xcode/DerivedData/SugarBeat-hgoxfxbbugxkfsbmqcjlbmjeaqyg/SourcePackages/checkouts/GoogleSignIn-iOS/GoogleSignIn/Sources/Resources/google@2x.png (in target 'GoogleSignIn_GoogleSignIn' from project 'GoogleSignIn')
    cd /Users/fukushimatakumi/Library/Developer/Xcode/DerivedData/SugarBeat-hgoxfxbbugxkfsbmqcjlbmjeaqyg/SourcePackages/checkouts/GoogleSignIn-iOS
    builtin-copy -exclude .DS_Store -exclude CVS -exclude .svn -exclude .git -exclude .hg -resolve-src-symlinks /Users/fukushimatakumi/Library/Developer/Xcode/DerivedData/SugarBeat-hgoxfxbbugxkfsbmqcjlbmjeaqyg/SourcePackages/checkouts/GoogleSignIn-iOS/GoogleSignIn/Sources/Resources/google@2x.png /Users/fukushimatakumi/Library/Developer/Xcode/DerivedData/SugarBeat-hgoxfxbbugxkfsbmqcjlbmjeaqyg/Build/Products/Debug-iphonesimulator/GoogleSignIn_GoogleSignIn.bundle

CpResource /Users/fukushimatakumi/Library/Developer/Xcode/DerivedData/SugarBeat-hgoxfxbbugxkfsbmqcjlbmjeaqyg/Build/Products/Debug-iphonesimulator/GoogleSignIn_GoogleSignIn.bundle/google.png /Users/fukushimatakumi/Library/Developer/Xcode/DerivedData/SugarBeat-hgoxfxbbugxkfsbmqcjlbmjeaqyg/SourcePackages/checkouts/GoogleSignIn-iOS/GoogleSignIn/Sources/Resources/google.png (in target 'GoogleSignIn_GoogleSignIn' from project 'GoogleSignIn')
    cd /Users/fukushimatakumi/Library/Developer/Xcode/DerivedData/SugarBeat-hgoxfxbbugxkfsbmqcjlbmjeaqyg/SourcePackages/checkouts/GoogleSignIn-iOS
    builtin-copy -exclude .DS_Store -exclude CVS -exclude .svn -exclude .git -exclude .hg -resolve-src-symlinks /Users/fukushimatakumi/Library/Developer/Xcode/DerivedData/SugarBeat-hgoxfxbbugxkfsbmqcjlbmjeaqyg/SourcePackages/checkouts/GoogleSignIn-iOS/GoogleSignIn/Sources/Resources/google.png /Users/fukushimatakumi/Library/Developer/Xcode/DerivedData/SugarBeat-hgoxfxbbugxkfsbmqcjlbmjeaqyg/Build/Products/Debug-iphonesimulator/GoogleSignIn_GoogleSignIn.bundle

CpResource /Users/fukushimatakumi/Library/Developer/Xcode/DerivedData/SugarBeat-hgoxfxbbugxkfsbmqcjlbmjeaqyg/Build/Products/Debug-iphonesimulator/GoogleSignIn_GoogleSignIn.bundle/fr_CA.lproj/GoogleSignIn.strings /Users/fukushimatakumi/Library/Developer/Xcode/DerivedData/SugarBeat-hgoxfxbbugxkfsbmqcjlbmjeaqyg/SourcePackages/checkouts/GoogleSignIn-iOS/GoogleSignIn/Sources/Strings/fr_CA.lproj/GoogleSignIn.strings (in target 'GoogleSignIn_GoogleSignIn' from project 'GoogleSignIn')
    cd /Users/fukushimatakumi/Library/Developer/Xcode/DerivedData/SugarBeat-hgoxfxbbugxkfsbmqcjlbmjeaqyg/SourcePackages/checkouts/GoogleSignIn-iOS
    builtin-copy -exclude .DS_Store -exclude CVS -exclude .svn -exclude .git -exclude .hg -resolve-src-symlinks /Users/fukushimatakumi/Library/Developer/Xcode/DerivedData/SugarBeat-hgoxfxbbugxkfsbmqcjlbmjeaqyg/SourcePackages/checkouts/GoogleSignIn-iOS/GoogleSignIn/Sources/Strings/fr_CA.lproj/GoogleSignIn.strings /Users/fukushimatakumi/Library/Developer/Xcode/DerivedData/SugarBeat-hgoxfxbbugxkfsbmqcjlbmjeaqyg/Build/Products/Debug-iphonesimulator/GoogleSignIn_GoogleSignIn.bundle/fr_CA.lproj

CpResource /Users/fukushimatakumi/Library/Developer/Xcode/DerivedData/SugarBeat-hgoxfxbbugxkfsbmqcjlbmjeaqyg/Build/Products/Debug-iphonesimulator/GoogleSignIn_GoogleSignIn.bundle/fr.lproj/GoogleSignIn.strings /Users/fukushimatakumi/Library/Developer/Xcode/DerivedData/SugarBeat-hgoxfxbbugxkfsbmqcjlbmjeaqyg/SourcePackages/checkouts/GoogleSignIn-iOS/GoogleSignIn/Sources/Strings/fr.lproj/GoogleSignIn.strings (in target 'GoogleSignIn_GoogleSignIn' from project 'GoogleSignIn')
    cd /Users/fukushimatakumi/Library/Developer/Xcode/DerivedData/SugarBeat-hgoxfxbbugxkfsbmqcjlbmjeaqyg/SourcePackages/checkouts/GoogleSignIn-iOS
    builtin-copy -exclude .DS_Store -exclude CVS -exclude .svn -exclude .git -exclude .hg -resolve-src-symlinks /Users/fukushimatakumi/Library/Developer/Xcode/DerivedData/SugarBeat-hgoxfxbbugxkfsbmqcjlbmjeaqyg/SourcePackages/checkouts/GoogleSignIn-iOS/GoogleSignIn/Sources/Strings/fr.lproj/GoogleSignIn.strings /Users/fukushimatakumi/Library/Developer/Xcode/DerivedData/SugarBeat-hgoxfxbbugxkfsbmqcjlbmjeaqyg/Build/Products/Debug-iphonesimulator/GoogleSignIn_GoogleSignIn.bundle/fr.lproj

CpResource /Users/fukushimatakumi/Library/Developer/Xcode/DerivedData/SugarBeat-hgoxfxbbugxkfsbmqcjlbmjeaqyg/Build/Products/Debug-iphonesimulator/GoogleSignIn_GoogleSignIn.bundle/fi.lproj/GoogleSignIn.strings /Users/fukushimatakumi/Library/Developer/Xcode/DerivedData/SugarBeat-hgoxfxbbugxkfsbmqcjlbmjeaqyg/SourcePackages/checkouts/GoogleSignIn-iOS/GoogleSignIn/Sources/Strings/fi.lproj/GoogleSignIn.strings (in target 'GoogleSignIn_GoogleSignIn' from project 'GoogleSignIn')
    cd /Users/fukushimatakumi/Library/Developer/Xcode/DerivedData/SugarBeat-hgoxfxbbugxkfsbmqcjlbmjeaqyg/SourcePackages/checkouts/GoogleSignIn-iOS
    builtin-copy -exclude .DS_Store -exclude CVS -exclude .svn -exclude .git -exclude .hg -resolve-src-symlinks /Users/fukushimatakumi/Library/Developer/Xcode/DerivedData/SugarBeat-hgoxfxbbugxkfsbmqcjlbmjeaqyg/SourcePackages/checkouts/GoogleSignIn-iOS/GoogleSignIn/Sources/Strings/fi.lproj/GoogleSignIn.strings /Users/fukushimatakumi/Library/Developer/Xcode/DerivedData/SugarBeat-hgoxfxbbugxkfsbmqcjlbmjeaqyg/Build/Products/Debug-iphonesimulator/GoogleSignIn_GoogleSignIn.bundle/fi.lproj

CpResource /Users/fukushimatakumi/Library/Developer/Xcode/DerivedData/SugarBeat-hgoxfxbbugxkfsbmqcjlbmjeaqyg/Build/Products/Debug-iphonesimulator/GoogleSignIn_GoogleSignIn.bundle/es_MX.lproj/GoogleSignIn.strings /Users/fukushimatakumi/Library/Developer/Xcode/DerivedData/SugarBeat-hgoxfxbbugxkfsbmqcjlbmjeaqyg/SourcePackages/checkouts/GoogleSignIn-iOS/GoogleSignIn/Sources/Strings/es_MX.lproj/GoogleSignIn.strings (in target 'GoogleSignIn_GoogleSignIn' from project 'GoogleSignIn')
    cd /Users/fukushimatakumi/Library/Developer/Xcode/DerivedData/SugarBeat-hgoxfxbbugxkfsbmqcjlbmjeaqyg/SourcePackages/checkouts/GoogleSignIn-iOS
    builtin-copy -exclude .DS_Store -exclude CVS -exclude .svn -exclude .git -exclude .hg -resolve-src-symlinks /Users/fukushimatakumi/Library/Developer/Xcode/DerivedData/SugarBeat-hgoxfxbbugxkfsbmqcjlbmjeaqyg/SourcePackages/checkouts/GoogleSignIn-iOS/GoogleSignIn/Sources/Strings/es_MX.lproj/GoogleSignIn.strings /Users/fukushimatakumi/Library/Developer/Xcode/DerivedData/SugarBeat-hgoxfxbbugxkfsbmqcjlbmjeaqyg/Build/Products/Debug-iphonesimulator/GoogleSignIn_GoogleSignIn.bundle/es_MX.lproj

CpResource /Users/fukushimatakumi/Library/Developer/Xcode/DerivedData/SugarBeat-hgoxfxbbugxkfsbmqcjlbmjeaqyg/Build/Products/Debug-iphonesimulator/GoogleSignIn_GoogleSignIn.bundle/es.lproj/GoogleSignIn.strings /Users/fukushimatakumi/Library/Developer/Xcode/DerivedData/SugarBeat-hgoxfxbbugxkfsbmqcjlbmjeaqyg/SourcePackages/checkouts/GoogleSignIn-iOS/GoogleSignIn/Sources/Strings/es.lproj/GoogleSignIn.strings (in target 'GoogleSignIn_GoogleSignIn' from project 'GoogleSignIn')
    cd /Users/fukushimatakumi/Library/Developer/Xcode/DerivedData/SugarBeat-hgoxfxbbugxkfsbmqcjlbmjeaqyg/SourcePackages/checkouts/GoogleSignIn-iOS
    builtin-copy -exclude .DS_Store -exclude CVS -exclude .svn -exclude .git -exclude .hg -resolve-src-symlinks /Users/fukushimatakumi/Library/Developer/Xcode/DerivedData/SugarBeat-hgoxfxbbugxkfsbmqcjlbmjeaqyg/SourcePackages/checkouts/GoogleSignIn-iOS/GoogleSignIn/Sources/Strings/es.lproj/GoogleSignIn.strings /Users/fukushimatakumi/Library/Developer/Xcode/DerivedData/SugarBeat-hgoxfxbbugxkfsbmqcjlbmjeaqyg/Build/Products/Debug-iphonesimulator/GoogleSignIn_GoogleSignIn.bundle/es.lproj

CpResource /Users/fukushimatakumi/Library/Developer/Xcode/DerivedData/SugarBeat-hgoxfxbbugxkfsbmqcjlbmjeaqyg/Build/Products/Debug-iphonesimulator/GoogleSignIn_GoogleSignIn.bundle/en_GB.lproj/GoogleSignIn.strings /Users/fukushimatakumi/Library/Developer/Xcode/DerivedData/SugarBeat-hgoxfxbbugxkfsbmqcjlbmjeaqyg/SourcePackages/checkouts/GoogleSignIn-iOS/GoogleSignIn/Sources/Strings/en_GB.lproj/GoogleSignIn.strings (in target 'GoogleSignIn_GoogleSignIn' from project 'GoogleSignIn')
    cd /Users/fukushimatakumi/Library/Developer/Xcode/DerivedData/SugarBeat-hgoxfxbbugxkfsbmqcjlbmjeaqyg/SourcePackages/checkouts/GoogleSignIn-iOS
    builtin-copy -exclude .DS_Store -exclude CVS -exclude .svn -exclude .git -exclude .hg -resolve-src-symlinks /Users/fukushimatakumi/Library/Developer/Xcode/DerivedData/SugarBeat-hgoxfxbbugxkfsbmqcjlbmjeaqyg/SourcePackages/checkouts/GoogleSignIn-iOS/GoogleSignIn/Sources/Strings/en_GB.lproj/GoogleSignIn.strings /Users/fukushimatakumi/Library/Developer/Xcode/DerivedData/SugarBeat-hgoxfxbbugxkfsbmqcjlbmjeaqyg/Build/Products/Debug-iphonesimulator/GoogleSignIn_GoogleSignIn.bundle/en_GB.lproj

CpResource /Users/fukushimatakumi/Library/Developer/Xcode/DerivedData/SugarBeat-hgoxfxbbugxkfsbmqcjlbmjeaqyg/Build/Products/Debug-iphonesimulator/GoogleSignIn_GoogleSignIn.bundle/en.lproj/GoogleSignIn.strings /Users/fukushimatakumi/Library/Developer/Xcode/DerivedData/SugarBeat-hgoxfxbbugxkfsbmqcjlbmjeaqyg/SourcePackages/checkouts/GoogleSignIn-iOS/GoogleSignIn/Sources/Strings/en.lproj/GoogleSignIn.strings (in target 'GoogleSignIn_GoogleSignIn' from project 'GoogleSignIn')
    cd /Users/fukushimatakumi/Library/Developer/Xcode/DerivedData/SugarBeat-hgoxfxbbugxkfsbmqcjlbmjeaqyg/SourcePackages/checkouts/GoogleSignIn-iOS
    builtin-copy -exclude .DS_Store -exclude CVS -exclude .svn -exclude .git -exclude .hg -resolve-src-symlinks /Users/fukushimatakumi/Library/Developer/Xcode/DerivedData/SugarBeat-hgoxfxbbugxkfsbmqcjlbmjeaqyg/SourcePackages/checkouts/GoogleSignIn-iOS/GoogleSignIn/Sources/Strings/en.lproj/GoogleSignIn.strings /Users/fukushimatakumi/Library/Developer/Xcode/DerivedData/SugarBeat-hgoxfxbbugxkfsbmqcjlbmjeaqyg/Build/Products/Debug-iphonesimulator/GoogleSignIn_GoogleSignIn.bundle/en.lproj

CpResource /Users/fukushimatakumi/Library/Developer/Xcode/DerivedData/SugarBeat-hgoxfxbbugxkfsbmqcjlbmjeaqyg/Build/Products/Debug-iphonesimulator/GoogleSignIn_GoogleSignIn.bundle/el.lproj/GoogleSignIn.strings /Users/fukushimatakumi/Library/Developer/Xcode/DerivedData/SugarBeat-hgoxfxbbugxkfsbmqcjlbmjeaqyg/SourcePackages/checkouts/GoogleSignIn-iOS/GoogleSignIn/Sources/Strings/el.lproj/GoogleSignIn.strings (in target 'GoogleSignIn_GoogleSignIn' from project 'GoogleSignIn')
    cd /Users/fukushimatakumi/Library/Developer/Xcode/DerivedData/SugarBeat-hgoxfxbbugxkfsbmqcjlbmjeaqyg/SourcePackages/checkouts/GoogleSignIn-iOS
    builtin-copy -exclude .DS_Store -exclude CVS -exclude .svn -exclude .git -exclude .hg -resolve-src-symlinks /Users/fukushimatakumi/Library/Developer/Xcode/DerivedData/SugarBeat-hgoxfxbbugxkfsbmqcjlbmjeaqyg/SourcePackages/checkouts/GoogleSignIn-iOS/GoogleSignIn/Sources/Strings/el.lproj/GoogleSignIn.strings /Users/fukushimatakumi/Library/Developer/Xcode/DerivedData/SugarBeat-hgoxfxbbugxkfsbmqcjlbmjeaqyg/Build/Products/Debug-iphonesimulator/GoogleSignIn_GoogleSignIn.bundle/el.lproj

CpResource /Users/fukushimatakumi/Library/Developer/Xcode/DerivedData/SugarBeat-hgoxfxbbugxkfsbmqcjlbmjeaqyg/Build/Products/Debug-iphonesimulator/GoogleSignIn_GoogleSignIn.bundle/de.lproj/GoogleSignIn.strings /Users/fukushimatakumi/Library/Developer/Xcode/DerivedData/SugarBeat-hgoxfxbbugxkfsbmqcjlbmjeaqyg/SourcePackages/checkouts/GoogleSignIn-iOS/GoogleSignIn/Sources/Strings/de.lproj/GoogleSignIn.strings (in target 'GoogleSignIn_GoogleSignIn' from project 'GoogleSignIn')
    cd /Users/fukushimatakumi/Library/Developer/Xcode/DerivedData/SugarBeat-hgoxfxbbugxkfsbmqcjlbmjeaqyg/SourcePackages/checkouts/GoogleSignIn-iOS
    builtin-copy -exclude .DS_Store -exclude CVS -exclude .svn -exclude .git -exclude .hg -resolve-src-symlinks /Users/fukushimatakumi/Library/Developer/Xcode/DerivedData/SugarBeat-hgoxfxbbugxkfsbmqcjlbmjeaqyg/SourcePackages/checkouts/GoogleSignIn-iOS/GoogleSignIn/Sources/Strings/de.lproj/GoogleSignIn.strings /Users/fukushimatakumi/Library/Developer/Xcode/DerivedData/SugarBeat-hgoxfxbbugxkfsbmqcjlbmjeaqyg/Build/Products/Debug-iphonesimulator/GoogleSignIn_GoogleSignIn.bundle/de.lproj

CpResource /Users/fukushimatakumi/Library/Developer/Xcode/DerivedData/SugarBeat-hgoxfxbbugxkfsbmqcjlbmjeaqyg/Build/Products/Debug-iphonesimulator/GoogleSignIn_GoogleSignIn.bundle/da.lproj/GoogleSignIn.strings /Users/fukushimatakumi/Library/Developer/Xcode/DerivedData/SugarBeat-hgoxfxbbugxkfsbmqcjlbmjeaqyg/SourcePackages/checkouts/GoogleSignIn-iOS/GoogleSignIn/Sources/Strings/da.lproj/GoogleSignIn.strings (in target 'GoogleSignIn_GoogleSignIn' from project 'GoogleSignIn')
    cd /Users/fukushimatakumi/Library/Developer/Xcode/DerivedData/SugarBeat-hgoxfxbbugxkfsbmqcjlbmjeaqyg/SourcePackages/checkouts/GoogleSignIn-iOS
    builtin-copy -exclude .DS_Store -exclude CVS -exclude .svn -exclude .git -exclude .hg -resolve-src-symlinks /Users/fukushimatakumi/Library/Developer/Xcode/DerivedData/SugarBeat-hgoxfxbbugxkfsbmqcjlbmjeaqyg/SourcePackages/checkouts/GoogleSignIn-iOS/GoogleSignIn/Sources/Strings/da.lproj/GoogleSignIn.strings /Users/fukushimatakumi/Library/Developer/Xcode/DerivedData/SugarBeat-hgoxfxbbugxkfsbmqcjlbmjeaqyg/Build/Products/Debug-iphonesimulator/GoogleSignIn_GoogleSignIn.bundle/da.lproj

CpResource /Users/fukushimatakumi/Library/Developer/Xcode/DerivedData/SugarBeat-hgoxfxbbugxkfsbmqcjlbmjeaqyg/Build/Products/Debug-iphonesimulator/GoogleSignIn_GoogleSignIn.bundle/ca.lproj/GoogleSignIn.strings /Users/fukushimatakumi/Library/Developer/Xcode/DerivedData/SugarBeat-hgoxfxbbugxkfsbmqcjlbmjeaqyg/SourcePackages/checkouts/GoogleSignIn-iOS/GoogleSignIn/Sources/Strings/ca.lproj/GoogleSignIn.strings (in target 'GoogleSignIn_GoogleSignIn' from project 'GoogleSignIn')
    cd /Users/fukushimatakumi/Library/Developer/Xcode/DerivedData/SugarBeat-hgoxfxbbugxkfsbmqcjlbmjeaqyg/SourcePackages/checkouts/GoogleSignIn-iOS
    builtin-copy -exclude .DS_Store -exclude CVS -exclude .svn -exclude .git -exclude .hg -resolve-src-symlinks /Users/fukushimatakumi/Library/Developer/Xcode/DerivedData/SugarBeat-hgoxfxbbugxkfsbmqcjlbmjeaqyg/SourcePackages/checkouts/GoogleSignIn-iOS/GoogleSignIn/Sources/Strings/ca.lproj/GoogleSignIn.strings /Users/fukushimatakumi/Library/Developer/Xcode/DerivedData/SugarBeat-hgoxfxbbugxkfsbmqcjlbmjeaqyg/Build/Products/Debug-iphonesimulator/GoogleSignIn_GoogleSignIn.bundle/ca.lproj

CpResource /Users/fukushimatakumi/Library/Developer/Xcode/DerivedData/SugarBeat-hgoxfxbbugxkfsbmqcjlbmjeaqyg/Build/Products/Debug-iphonesimulator/GoogleSignIn_GoogleSignIn.bundle/cs.lproj/GoogleSignIn.strings /Users/fukushimatakumi/Library/Developer/Xcode/DerivedData/SugarBeat-hgoxfxbbugxkfsbmqcjlbmjeaqyg/SourcePackages/checkouts/GoogleSignIn-iOS/GoogleSignIn/Sources/Strings/cs.lproj/GoogleSignIn.strings (in target 'GoogleSignIn_GoogleSignIn' from project 'GoogleSignIn')
    cd /Users/fukushimatakumi/Library/Developer/Xcode/DerivedData/SugarBeat-hgoxfxbbugxkfsbmqcjlbmjeaqyg/SourcePackages/checkouts/GoogleSignIn-iOS
    builtin-copy -exclude .DS_Store -exclude CVS -exclude .svn -exclude .git -exclude .hg -resolve-src-symlinks /Users/fukushimatakumi/Library/Developer/Xcode/DerivedData/SugarBeat-hgoxfxbbugxkfsbmqcjlbmjeaqyg/SourcePackages/checkouts/GoogleSignIn-iOS/GoogleSignIn/Sources/Strings/cs.lproj/GoogleSignIn.strings /Users/fukushimatakumi/Library/Developer/Xcode/DerivedData/SugarBeat-hgoxfxbbugxkfsbmqcjlbmjeaqyg/Build/Products/Debug-iphonesimulator/GoogleSignIn_GoogleSignIn.bundle/cs.lproj

CpResource /Users/fukushimatakumi/Library/Developer/Xcode/DerivedData/SugarBeat-hgoxfxbbugxkfsbmqcjlbmjeaqyg/Build/Products/Debug-iphonesimulator/GoogleSignIn_GoogleSignIn.bundle/ar.lproj/GoogleSignIn.strings /Users/fukushimatakumi/Library/Developer/Xcode/DerivedData/SugarBeat-hgoxfxbbugxkfsbmqcjlbmjeaqyg/SourcePackages/checkouts/GoogleSignIn-iOS/GoogleSignIn/Sources/Strings/ar.lproj/GoogleSignIn.strings (in target 'GoogleSignIn_GoogleSignIn' from project 'GoogleSignIn')
    cd /Users/fukushimatakumi/Library/Developer/Xcode/DerivedData/SugarBeat-hgoxfxbbugxkfsbmqcjlbmjeaqyg/SourcePackages/checkouts/GoogleSignIn-iOS
    builtin-copy -exclude .DS_Store -exclude CVS -exclude .svn -exclude .git -exclude .hg -resolve-src-symlinks /Users/fukushimatakumi/Library/Developer/Xcode/DerivedData/SugarBeat-hgoxfxbbugxkfsbmqcjlbmjeaqyg/SourcePackages/checkouts/GoogleSignIn-iOS/GoogleSignIn/Sources/Strings/ar.lproj/GoogleSignIn.strings /Users/fukushimatakumi/Library/Developer/Xcode/DerivedData/SugarBeat-hgoxfxbbugxkfsbmqcjlbmjeaqyg/Build/Products/Debug-iphonesimulator/GoogleSignIn_GoogleSignIn.bundle/ar.lproj

CpResource /Users/fukushimatakumi/Library/Developer/Xcode/DerivedData/SugarBeat-hgoxfxbbugxkfsbmqcjlbmjeaqyg/Build/Products/Debug-iphonesimulator/GoogleSignIn_GoogleSignIn.bundle/Roboto-Bold.ttf /Users/fukushimatakumi/Library/Developer/Xcode/DerivedData/SugarBeat-hgoxfxbbugxkfsbmqcjlbmjeaqyg/SourcePackages/checkouts/GoogleSignIn-iOS/GoogleSignIn/Sources/Resources/Roboto-Bold.ttf (in target 'GoogleSignIn_GoogleSignIn' from project 'GoogleSignIn')
    cd /Users/fukushimatakumi/Library/Developer/Xcode/DerivedData/SugarBeat-hgoxfxbbugxkfsbmqcjlbmjeaqyg/SourcePackages/checkouts/GoogleSignIn-iOS
    builtin-copy -exclude .DS_Store -exclude CVS -exclude .svn -exclude .git -exclude .hg -resolve-src-symlinks /Users/fukushimatakumi/Library/Developer/Xcode/DerivedData/SugarBeat-hgoxfxbbugxkfsbmqcjlbmjeaqyg/SourcePackages/checkouts/GoogleSignIn-iOS/GoogleSignIn/Sources/Resources/Roboto-Bold.ttf /Users/fukushimatakumi/Library/Developer/Xcode/DerivedData/SugarBeat-hgoxfxbbugxkfsbmqcjlbmjeaqyg/Build/Products/Debug-iphonesimulator/GoogleSignIn_GoogleSignIn.bundle

CpResource /Users/fukushimatakumi/Library/Developer/Xcode/DerivedData/SugarBeat-hgoxfxbbugxkfsbmqcjlbmjeaqyg/Build/Products/Debug-iphonesimulator/GoogleSignIn_GoogleSignIn.bundle/PrivacyInfo.xcprivacy /Users/fukushimatakumi/Library/Developer/Xcode/DerivedData/SugarBeat-hgoxfxbbugxkfsbmqcjlbmjeaqyg/SourcePackages/checkouts/GoogleSignIn-iOS/GoogleSignIn/Sources/Resources/PrivacyInfo.xcprivacy (in target 'GoogleSignIn_GoogleSignIn' from project 'GoogleSignIn')
    cd /Users/fukushimatakumi/Library/Developer/Xcode/DerivedData/SugarBeat-hgoxfxbbugxkfsbmqcjlbmjeaqyg/SourcePackages/checkouts/GoogleSignIn-iOS
    builtin-copy -exclude .DS_Store -exclude CVS -exclude .svn -exclude .git -exclude .hg -resolve-src-symlinks /Users/fukushimatakumi/Library/Developer/Xcode/DerivedData/SugarBeat-hgoxfxbbugxkfsbmqcjlbmjeaqyg/SourcePackages/checkouts/GoogleSignIn-iOS/GoogleSignIn/Sources/Resources/PrivacyInfo.xcprivacy /Users/fukushimatakumi/Library/Developer/Xcode/DerivedData/SugarBeat-hgoxfxbbugxkfsbmqcjlbmjeaqyg/Build/Products/Debug-iphonesimulator/GoogleSignIn_GoogleSignIn.bundle

ProcessInfoPlistFile /Users/fukushimatakumi/Library/Developer/Xcode/DerivedData/SugarBeat-hgoxfxbbugxkfsbmqcjlbmjeaqyg/Build/Products/Debug-iphonesimulator/GTMSessionFetcher_GTMSessionFetcherCore.bundle/Info.plist /Users/fukushimatakumi/Library/Developer/Xcode/DerivedData/SugarBeat-hgoxfxbbugxkfsbmqcjlbmjeaqyg/Build/Intermediates.noindex/GTMSessionFetcher.build/Debug-iphonesimulator/GTMSessionFetcher_GTMSessionFetcherCore.build/empty-GTMSessionFetcher_GTMSessionFetcherCore.plist (in target 'GTMSessionFetcher_GTMSessionFetcherCore' from project 'GTMSessionFetcher')
    cd /Users/fukushimatakumi/Library/Developer/Xcode/DerivedData/SugarBeat-hgoxfxbbugxkfsbmqcjlbmjeaqyg/SourcePackages/checkouts/gtm-session-fetcher
    builtin-infoPlistUtility /Users/fukushimatakumi/Library/Developer/Xcode/DerivedData/SugarBeat-hgoxfxbbugxkfsbmqcjlbmjeaqyg/Build/Intermediates.noindex/GTMSessionFetcher.build/Debug-iphonesimulator/GTMSessionFetcher_GTMSessionFetcherCore.build/empty-GTMSessionFetcher_GTMSessionFetcherCore.plist -producttype com.apple.product-type.bundle -expandbuildsettings -format binary -platform iphonesimulator -o /Users/fukushimatakumi/Library/Developer/Xcode/DerivedData/SugarBeat-hgoxfxbbugxkfsbmqcjlbmjeaqyg/Build/Products/Debug-iphonesimulator/GTMSessionFetcher_GTMSessionFetcherCore.bundle/Info.plist

CpResource /Users/fukushimatakumi/Library/Developer/Xcode/DerivedData/SugarBeat-hgoxfxbbugxkfsbmqcjlbmjeaqyg/Build/Products/Debug-iphonesimulator/GTMSessionFetcher_GTMSessionFetcherCore.bundle/PrivacyInfo.xcprivacy /Users/fukushimatakumi/Library/Developer/Xcode/DerivedData/SugarBeat-hgoxfxbbugxkfsbmqcjlbmjeaqyg/SourcePackages/checkouts/gtm-session-fetcher/Sources/Core/Resources/PrivacyInfo.xcprivacy (in target 'GTMSessionFetcher_GTMSessionFetcherCore' from project 'GTMSessionFetcher')
    cd /Users/fukushimatakumi/Library/Developer/Xcode/DerivedData/SugarBeat-hgoxfxbbugxkfsbmqcjlbmjeaqyg/SourcePackages/checkouts/gtm-session-fetcher
    builtin-copy -exclude .DS_Store -exclude CVS -exclude .svn -exclude .git -exclude .hg -resolve-src-symlinks /Users/fukushimatakumi/Library/Developer/Xcode/DerivedData/SugarBeat-hgoxfxbbugxkfsbmqcjlbmjeaqyg/SourcePackages/checkouts/gtm-session-fetcher/Sources/Core/Resources/PrivacyInfo.xcprivacy /Users/fukushimatakumi/Library/Developer/Xcode/DerivedData/SugarBeat-hgoxfxbbugxkfsbmqcjlbmjeaqyg/Build/Products/Debug-iphonesimulator/GTMSessionFetcher_GTMSessionFetcherCore.bundle

ProcessInfoPlistFile /Users/fukushimatakumi/Library/Developer/Xcode/DerivedData/SugarBeat-hgoxfxbbugxkfsbmqcjlbmjeaqyg/Build/Products/Debug-iphonesimulator/GTMAppAuth_GTMAppAuth.bundle/Info.plist /Users/fukushimatakumi/Library/Developer/Xcode/DerivedData/SugarBeat-hgoxfxbbugxkfsbmqcjlbmjeaqyg/Build/Intermediates.noindex/GTMAppAuth.build/Debug-iphonesimulator/GTMAppAuth_GTMAppAuth.build/empty-GTMAppAuth_GTMAppAuth.plist (in target 'GTMAppAuth_GTMAppAuth' from project 'GTMAppAuth')
    cd /Users/fukushimatakumi/Library/Developer/Xcode/DerivedData/SugarBeat-hgoxfxbbugxkfsbmqcjlbmjeaqyg/SourcePackages/checkouts/GTMAppAuth
    builtin-infoPlistUtility /Users/fukushimatakumi/Library/Developer/Xcode/DerivedData/SugarBeat-hgoxfxbbugxkfsbmqcjlbmjeaqyg/Build/Intermediates.noindex/GTMAppAuth.build/Debug-iphonesimulator/GTMAppAuth_GTMAppAuth.build/empty-GTMAppAuth_GTMAppAuth.plist -producttype com.apple.product-type.bundle -expandbuildsettings -format binary -platform iphonesimulator -o /Users/fukushimatakumi/Library/Developer/Xcode/DerivedData/SugarBeat-hgoxfxbbugxkfsbmqcjlbmjeaqyg/Build/Products/Debug-iphonesimulator/GTMAppAuth_GTMAppAuth.bundle/Info.plist

CpResource /Users/fukushimatakumi/Library/Developer/Xcode/DerivedData/SugarBeat-hgoxfxbbugxkfsbmqcjlbmjeaqyg/Build/Products/Debug-iphonesimulator/GTMAppAuth_GTMAppAuth.bundle/PrivacyInfo.xcprivacy /Users/fukushimatakumi/Library/Developer/Xcode/DerivedData/SugarBeat-hgoxfxbbugxkfsbmqcjlbmjeaqyg/SourcePackages/checkouts/GTMAppAuth/GTMAppAuth/Sources/Resources/PrivacyInfo.xcprivacy (in target 'GTMAppAuth_GTMAppAuth' from project 'GTMAppAuth')
    cd /Users/fukushimatakumi/Library/Developer/Xcode/DerivedData/SugarBeat-hgoxfxbbugxkfsbmqcjlbmjeaqyg/SourcePackages/checkouts/GTMAppAuth
    builtin-copy -exclude .DS_Store -exclude CVS -exclude .svn -exclude .git -exclude .hg -resolve-src-symlinks /Users/fukushimatakumi/Library/Developer/Xcode/DerivedData/SugarBeat-hgoxfxbbugxkfsbmqcjlbmjeaqyg/SourcePackages/checkouts/GTMAppAuth/GTMAppAuth/Sources/Resources/PrivacyInfo.xcprivacy /Users/fukushimatakumi/Library/Developer/Xcode/DerivedData/SugarBeat-hgoxfxbbugxkfsbmqcjlbmjeaqyg/Build/Products/Debug-iphonesimulator/GTMAppAuth_GTMAppAuth.bundle

ProcessInfoPlistFile /Users/fukushimatakumi/Library/Developer/Xcode/DerivedData/SugarBeat-hgoxfxbbugxkfsbmqcjlbmjeaqyg/Build/Products/Debug-iphonesimulator/Firebase_FirebaseFirestore.bundle/Info.plist /Users/fukushimatakumi/Library/Developer/Xcode/DerivedData/SugarBeat-hgoxfxbbugxkfsbmqcjlbmjeaqyg/Build/Intermediates.noindex/Firebase.build/Debug-iphonesimulator/Firebase_FirebaseFirestore.build/empty-Firebase_FirebaseFirestore.plist (in target 'Firebase_FirebaseFirestore' from project 'Firebase')
    cd /Users/fukushimatakumi/Library/Developer/Xcode/DerivedData/SugarBeat-hgoxfxbbugxkfsbmqcjlbmjeaqyg/SourcePackages/checkouts/firebase-ios-sdk
    builtin-infoPlistUtility /Users/fukushimatakumi/Library/Developer/Xcode/DerivedData/SugarBeat-hgoxfxbbugxkfsbmqcjlbmjeaqyg/Build/Intermediates.noindex/Firebase.build/Debug-iphonesimulator/Firebase_FirebaseFirestore.build/empty-Firebase_FirebaseFirestore.plist -producttype com.apple.product-type.bundle -expandbuildsettings -format binary -platform iphonesimulator -o /Users/fukushimatakumi/Library/Developer/Xcode/DerivedData/SugarBeat-hgoxfxbbugxkfsbmqcjlbmjeaqyg/Build/Products/Debug-iphonesimulator/Firebase_FirebaseFirestore.bundle/Info.plist

CpResource /Users/fukushimatakumi/Library/Developer/Xcode/DerivedData/SugarBeat-hgoxfxbbugxkfsbmqcjlbmjeaqyg/Build/Products/Debug-iphonesimulator/Firebase_FirebaseFirestore.bundle/PrivacyInfo.xcprivacy /Users/fukushimatakumi/Library/Developer/Xcode/DerivedData/SugarBeat-hgoxfxbbugxkfsbmqcjlbmjeaqyg/SourcePackages/checkouts/firebase-ios-sdk/Firestore/Swift/Source/Resources/PrivacyInfo.xcprivacy (in target 'Firebase_FirebaseFirestore' from project 'Firebase')
    cd /Users/fukushimatakumi/Library/Developer/Xcode/DerivedData/SugarBeat-hgoxfxbbugxkfsbmqcjlbmjeaqyg/SourcePackages/checkouts/firebase-ios-sdk
    builtin-copy -exclude .DS_Store -exclude CVS -exclude .svn -exclude .git -exclude .hg -resolve-src-symlinks /Users/fukushimatakumi/Library/Developer/Xcode/DerivedData/SugarBeat-hgoxfxbbugxkfsbmqcjlbmjeaqyg/SourcePackages/checkouts/firebase-ios-sdk/Firestore/Swift/Source/Resources/PrivacyInfo.xcprivacy /Users/fukushimatakumi/Library/Developer/Xcode/DerivedData/SugarBeat-hgoxfxbbugxkfsbmqcjlbmjeaqyg/Build/Products/Debug-iphonesimulator/Firebase_FirebaseFirestore.bundle

CpResource /Users/fukushimatakumi/Library/Developer/Xcode/DerivedData/SugarBeat-hgoxfxbbugxkfsbmqcjlbmjeaqyg/Build/Products/Debug-iphonesimulator/Firebase_FirebaseCoreInternal.bundle/PrivacyInfo.xcprivacy /Users/fukushimatakumi/Library/Developer/Xcode/DerivedData/SugarBeat-hgoxfxbbugxkfsbmqcjlbmjeaqyg/SourcePackages/checkouts/firebase-ios-sdk/FirebaseCore/Internal/Sources/Resources/PrivacyInfo.xcprivacy (in target 'Firebase_FirebaseCoreInternal' from project 'Firebase')
    cd /Users/fukushimatakumi/Library/Developer/Xcode/DerivedData/SugarBeat-hgoxfxbbugxkfsbmqcjlbmjeaqyg/SourcePackages/checkouts/firebase-ios-sdk
    builtin-copy -exclude .DS_Store -exclude CVS -exclude .svn -exclude .git -exclude .hg -resolve-src-symlinks /Users/fukushimatakumi/Library/Developer/Xcode/DerivedData/SugarBeat-hgoxfxbbugxkfsbmqcjlbmjeaqyg/SourcePackages/checkouts/firebase-ios-sdk/FirebaseCore/Internal/Sources/Resources/PrivacyInfo.xcprivacy /Users/fukushimatakumi/Library/Developer/Xcode/DerivedData/SugarBeat-hgoxfxbbugxkfsbmqcjlbmjeaqyg/Build/Products/Debug-iphonesimulator/Firebase_FirebaseCoreInternal.bundle

ProcessInfoPlistFile /Users/fukushimatakumi/Library/Developer/Xcode/DerivedData/SugarBeat-hgoxfxbbugxkfsbmqcjlbmjeaqyg/Build/Products/Debug-iphonesimulator/Firebase_FirebaseCoreInternal.bundle/Info.plist /Users/fukushimatakumi/Library/Developer/Xcode/DerivedData/SugarBeat-hgoxfxbbugxkfsbmqcjlbmjeaqyg/Build/Intermediates.noindex/Firebase.build/Debug-iphonesimulator/Firebase_FirebaseCoreInternal.build/empty-Firebase_FirebaseCoreInternal.plist (in target 'Firebase_FirebaseCoreInternal' from project 'Firebase')
    cd /Users/fukushimatakumi/Library/Developer/Xcode/DerivedData/SugarBeat-hgoxfxbbugxkfsbmqcjlbmjeaqyg/SourcePackages/checkouts/firebase-ios-sdk
    builtin-infoPlistUtility /Users/fukushimatakumi/Library/Developer/Xcode/DerivedData/SugarBeat-hgoxfxbbugxkfsbmqcjlbmjeaqyg/Build/Intermediates.noindex/Firebase.build/Debug-iphonesimulator/Firebase_FirebaseCoreInternal.build/empty-Firebase_FirebaseCoreInternal.plist -producttype com.apple.product-type.bundle -expandbuildsettings -format binary -platform iphonesimulator -o /Users/fukushimatakumi/Library/Developer/Xcode/DerivedData/SugarBeat-hgoxfxbbugxkfsbmqcjlbmjeaqyg/Build/Products/Debug-iphonesimulator/Firebase_FirebaseCoreInternal.bundle/Info.plist

ProcessInfoPlistFile /Users/fukushimatakumi/Library/Developer/Xcode/DerivedData/SugarBeat-hgoxfxbbugxkfsbmqcjlbmjeaqyg/Build/Products/Debug-iphonesimulator/Firebase_FirebaseCoreExtension.bundle/Info.plist /Users/fukushimatakumi/Library/Developer/Xcode/DerivedData/SugarBeat-hgoxfxbbugxkfsbmqcjlbmjeaqyg/Build/Intermediates.noindex/Firebase.build/Debug-iphonesimulator/Firebase_FirebaseCoreExtension.build/empty-Firebase_FirebaseCoreExtension.plist (in target 'Firebase_FirebaseCoreExtension' from project 'Firebase')
    cd /Users/fukushimatakumi/Library/Developer/Xcode/DerivedData/SugarBeat-hgoxfxbbugxkfsbmqcjlbmjeaqyg/SourcePackages/checkouts/firebase-ios-sdk
    builtin-infoPlistUtility /Users/fukushimatakumi/Library/Developer/Xcode/DerivedData/SugarBeat-hgoxfxbbugxkfsbmqcjlbmjeaqyg/Build/Intermediates.noindex/Firebase.build/Debug-iphonesimulator/Firebase_FirebaseCoreExtension.build/empty-Firebase_FirebaseCoreExtension.plist -producttype com.apple.product-type.bundle -expandbuildsettings -format binary -platform iphonesimulator -o /Users/fukushimatakumi/Library/Developer/Xcode/DerivedData/SugarBeat-hgoxfxbbugxkfsbmqcjlbmjeaqyg/Build/Products/Debug-iphonesimulator/Firebase_FirebaseCoreExtension.bundle/Info.plist

CpResource /Users/fukushimatakumi/Library/Developer/Xcode/DerivedData/SugarBeat-hgoxfxbbugxkfsbmqcjlbmjeaqyg/Build/Products/Debug-iphonesimulator/Firebase_FirebaseCoreExtension.bundle/PrivacyInfo.xcprivacy /Users/fukushimatakumi/Library/Developer/Xcode/DerivedData/SugarBeat-hgoxfxbbugxkfsbmqcjlbmjeaqyg/SourcePackages/checkouts/firebase-ios-sdk/FirebaseCore/Extension/Resources/PrivacyInfo.xcprivacy (in target 'Firebase_FirebaseCoreExtension' from project 'Firebase')
    cd /Users/fukushimatakumi/Library/Developer/Xcode/DerivedData/SugarBeat-hgoxfxbbugxkfsbmqcjlbmjeaqyg/SourcePackages/checkouts/firebase-ios-sdk
    builtin-copy -exclude .DS_Store -exclude CVS -exclude .svn -exclude .git -exclude .hg -resolve-src-symlinks /Users/fukushimatakumi/Library/Developer/Xcode/DerivedData/SugarBeat-hgoxfxbbugxkfsbmqcjlbmjeaqyg/SourcePackages/checkouts/firebase-ios-sdk/FirebaseCore/Extension/Resources/PrivacyInfo.xcprivacy /Users/fukushimatakumi/Library/Developer/Xcode/DerivedData/SugarBeat-hgoxfxbbugxkfsbmqcjlbmjeaqyg/Build/Products/Debug-iphonesimulator/Firebase_FirebaseCoreExtension.bundle

ProcessInfoPlistFile /Users/fukushimatakumi/Library/Developer/Xcode/DerivedData/SugarBeat-hgoxfxbbugxkfsbmqcjlbmjeaqyg/Build/Products/Debug-iphonesimulator/Firebase_FirebaseCore.bundle/Info.plist /Users/fukushimatakumi/Library/Developer/Xcode/DerivedData/SugarBeat-hgoxfxbbugxkfsbmqcjlbmjeaqyg/Build/Intermediates.noindex/Firebase.build/Debug-iphonesimulator/Firebase_FirebaseCore.build/empty-Firebase_FirebaseCore.plist (in target 'Firebase_FirebaseCore' from project 'Firebase')
    cd /Users/fukushimatakumi/Library/Developer/Xcode/DerivedData/SugarBeat-hgoxfxbbugxkfsbmqcjlbmjeaqyg/SourcePackages/checkouts/firebase-ios-sdk
    builtin-infoPlistUtility /Users/fukushimatakumi/Library/Developer/Xcode/DerivedData/SugarBeat-hgoxfxbbugxkfsbmqcjlbmjeaqyg/Build/Intermediates.noindex/Firebase.build/Debug-iphonesimulator/Firebase_FirebaseCore.build/empty-Firebase_FirebaseCore.plist -producttype com.apple.product-type.bundle -expandbuildsettings -format binary -platform iphonesimulator -o /Users/fukushimatakumi/Library/Developer/Xcode/DerivedData/SugarBeat-hgoxfxbbugxkfsbmqcjlbmjeaqyg/Build/Products/Debug-iphonesimulator/Firebase_FirebaseCore.bundle/Info.plist

CpResource /Users/fukushimatakumi/Library/Developer/Xcode/DerivedData/SugarBeat-hgoxfxbbugxkfsbmqcjlbmjeaqyg/Build/Products/Debug-iphonesimulator/Firebase_FirebaseCore.bundle/PrivacyInfo.xcprivacy /Users/fukushimatakumi/Library/Developer/Xcode/DerivedData/SugarBeat-hgoxfxbbugxkfsbmqcjlbmjeaqyg/SourcePackages/checkouts/firebase-ios-sdk/FirebaseCore/Sources/Resources/PrivacyInfo.xcprivacy (in target 'Firebase_FirebaseCore' from project 'Firebase')
    cd /Users/fukushimatakumi/Library/Developer/Xcode/DerivedData/SugarBeat-hgoxfxbbugxkfsbmqcjlbmjeaqyg/SourcePackages/checkouts/firebase-ios-sdk
    builtin-copy -exclude .DS_Store -exclude CVS -exclude .svn -exclude .git -exclude .hg -resolve-src-symlinks /Users/fukushimatakumi/Library/Developer/Xcode/DerivedData/SugarBeat-hgoxfxbbugxkfsbmqcjlbmjeaqyg/SourcePackages/checkouts/firebase-ios-sdk/FirebaseCore/Sources/Resources/PrivacyInfo.xcprivacy /Users/fukushimatakumi/Library/Developer/Xcode/DerivedData/SugarBeat-hgoxfxbbugxkfsbmqcjlbmjeaqyg/Build/Products/Debug-iphonesimulator/Firebase_FirebaseCore.bundle

ProcessInfoPlistFile /Users/fukushimatakumi/Library/Developer/Xcode/DerivedData/SugarBeat-hgoxfxbbugxkfsbmqcjlbmjeaqyg/Build/Products/Debug-iphonesimulator/Firebase_FirebaseAuth.bundle/Info.plist /Users/fukushimatakumi/Library/Developer/Xcode/DerivedData/SugarBeat-hgoxfxbbugxkfsbmqcjlbmjeaqyg/Build/Intermediates.noindex/Firebase.build/Debug-iphonesimulator/Firebase_FirebaseAuth.build/empty-Firebase_FirebaseAuth.plist (in target 'Firebase_FirebaseAuth' from project 'Firebase')
    cd /Users/fukushimatakumi/Library/Developer/Xcode/DerivedData/SugarBeat-hgoxfxbbugxkfsbmqcjlbmjeaqyg/SourcePackages/checkouts/firebase-ios-sdk
    builtin-infoPlistUtility /Users/fukushimatakumi/Library/Developer/Xcode/DerivedData/SugarBeat-hgoxfxbbugxkfsbmqcjlbmjeaqyg/Build/Intermediates.noindex/Firebase.build/Debug-iphonesimulator/Firebase_FirebaseAuth.build/empty-Firebase_FirebaseAuth.plist -producttype com.apple.product-type.bundle -expandbuildsettings -format binary -platform iphonesimulator -o /Users/fukushimatakumi/Library/Developer/Xcode/DerivedData/SugarBeat-hgoxfxbbugxkfsbmqcjlbmjeaqyg/Build/Products/Debug-iphonesimulator/Firebase_FirebaseAuth.bundle/Info.plist

CpResource /Users/fukushimatakumi/Library/Developer/Xcode/DerivedData/SugarBeat-hgoxfxbbugxkfsbmqcjlbmjeaqyg/Build/Products/Debug-iphonesimulator/Firebase_FirebaseAuth.bundle/PrivacyInfo.xcprivacy /Users/fukushimatakumi/Library/Developer/Xcode/DerivedData/SugarBeat-hgoxfxbbugxkfsbmqcjlbmjeaqyg/SourcePackages/checkouts/firebase-ios-sdk/FirebaseAuth/Sources/Resources/PrivacyInfo.xcprivacy (in target 'Firebase_FirebaseAuth' from project 'Firebase')
    cd /Users/fukushimatakumi/Library/Developer/Xcode/DerivedData/SugarBeat-hgoxfxbbugxkfsbmqcjlbmjeaqyg/SourcePackages/checkouts/firebase-ios-sdk
    builtin-copy -exclude .DS_Store -exclude CVS -exclude .svn -exclude .git -exclude .hg -resolve-src-symlinks /Users/fukushimatakumi/Library/Developer/Xcode/DerivedData/SugarBeat-hgoxfxbbugxkfsbmqcjlbmjeaqyg/SourcePackages/checkouts/firebase-ios-sdk/FirebaseAuth/Sources/Resources/PrivacyInfo.xcprivacy /Users/fukushimatakumi/Library/Developer/Xcode/DerivedData/SugarBeat-hgoxfxbbugxkfsbmqcjlbmjeaqyg/Build/Products/Debug-iphonesimulator/Firebase_FirebaseAuth.bundle

ProcessInfoPlistFile /Users/fukushimatakumi/Library/Developer/Xcode/DerivedData/SugarBeat-hgoxfxbbugxkfsbmqcjlbmjeaqyg/Build/Products/Debug-iphonesimulator/AppAuth_AppAuthCore.bundle/Info.plist /Users/fukushimatakumi/Library/Developer/Xcode/DerivedData/SugarBeat-hgoxfxbbugxkfsbmqcjlbmjeaqyg/Build/Intermediates.noindex/AppAuth.build/Debug-iphonesimulator/AppAuth_AppAuthCore.build/empty-AppAuth_AppAuthCore.plist (in target 'AppAuth_AppAuthCore' from project 'AppAuth')
    cd /Users/fukushimatakumi/Library/Developer/Xcode/DerivedData/SugarBeat-hgoxfxbbugxkfsbmqcjlbmjeaqyg/SourcePackages/checkouts/AppAuth-iOS
    builtin-infoPlistUtility /Users/fukushimatakumi/Library/Developer/Xcode/DerivedData/SugarBeat-hgoxfxbbugxkfsbmqcjlbmjeaqyg/Build/Intermediates.noindex/AppAuth.build/Debug-iphonesimulator/AppAuth_AppAuthCore.build/empty-AppAuth_AppAuthCore.plist -producttype com.apple.product-type.bundle -expandbuildsettings -format binary -platform iphonesimulator -o /Users/fukushimatakumi/Library/Developer/Xcode/DerivedData/SugarBeat-hgoxfxbbugxkfsbmqcjlbmjeaqyg/Build/Products/Debug-iphonesimulator/AppAuth_AppAuthCore.bundle/Info.plist

CpResource /Users/fukushimatakumi/Library/Developer/Xcode/DerivedData/SugarBeat-hgoxfxbbugxkfsbmqcjlbmjeaqyg/Build/Products/Debug-iphonesimulator/AppAuth_AppAuthCore.bundle/PrivacyInfo.xcprivacy /Users/fukushimatakumi/Library/Developer/Xcode/DerivedData/SugarBeat-hgoxfxbbugxkfsbmqcjlbmjeaqyg/SourcePackages/checkouts/AppAuth-iOS/Sources/AppAuthCore/Resources/PrivacyInfo.xcprivacy (in target 'AppAuth_AppAuthCore' from project 'AppAuth')
    cd /Users/fukushimatakumi/Library/Developer/Xcode/DerivedData/SugarBeat-hgoxfxbbugxkfsbmqcjlbmjeaqyg/SourcePackages/checkouts/AppAuth-iOS
    builtin-copy -exclude .DS_Store -exclude CVS -exclude .svn -exclude .git -exclude .hg -resolve-src-symlinks /Users/fukushimatakumi/Library/Developer/Xcode/DerivedData/SugarBeat-hgoxfxbbugxkfsbmqcjlbmjeaqyg/SourcePackages/checkouts/AppAuth-iOS/Sources/AppAuthCore/Resources/PrivacyInfo.xcprivacy /Users/fukushimatakumi/Library/Developer/Xcode/DerivedData/SugarBeat-hgoxfxbbugxkfsbmqcjlbmjeaqyg/Build/Products/Debug-iphonesimulator/AppAuth_AppAuthCore.bundle

CpResource /Users/fukushimatakumi/Library/Developer/Xcode/DerivedData/SugarBeat-hgoxfxbbugxkfsbmqcjlbmjeaqyg/Build/Products/Debug-iphonesimulator/AppAuth_AppAuth.bundle/PrivacyInfo.xcprivacy /Users/fukushimatakumi/Library/Developer/Xcode/DerivedData/SugarBeat-hgoxfxbbugxkfsbmqcjlbmjeaqyg/SourcePackages/checkouts/AppAuth-iOS/Sources/AppAuth/Resources/PrivacyInfo.xcprivacy (in target 'AppAuth_AppAuth' from project 'AppAuth')
    cd /Users/fukushimatakumi/Library/Developer/Xcode/DerivedData/SugarBeat-hgoxfxbbugxkfsbmqcjlbmjeaqyg/SourcePackages/checkouts/AppAuth-iOS
    builtin-copy -exclude .DS_Store -exclude CVS -exclude .svn -exclude .git -exclude .hg -resolve-src-symlinks /Users/fukushimatakumi/Library/Developer/Xcode/DerivedData/SugarBeat-hgoxfxbbugxkfsbmqcjlbmjeaqyg/SourcePackages/checkouts/AppAuth-iOS/Sources/AppAuth/Resources/PrivacyInfo.xcprivacy /Users/fukushimatakumi/Library/Developer/Xcode/DerivedData/SugarBeat-hgoxfxbbugxkfsbmqcjlbmjeaqyg/Build/Products/Debug-iphonesimulator/AppAuth_AppAuth.bundle

ProcessInfoPlistFile /Users/fukushimatakumi/Library/Developer/Xcode/DerivedData/SugarBeat-hgoxfxbbugxkfsbmqcjlbmjeaqyg/Build/Products/Debug-iphonesimulator/AppAuth_AppAuth.bundle/Info.plist /Users/fukushimatakumi/Library/Developer/Xcode/DerivedData/SugarBeat-hgoxfxbbugxkfsbmqcjlbmjeaqyg/Build/Intermediates.noindex/AppAuth.build/Debug-iphonesimulator/AppAuth_AppAuth.build/empty-AppAuth_AppAuth.plist (in target 'AppAuth_AppAuth' from project 'AppAuth')
    cd /Users/fukushimatakumi/Library/Developer/Xcode/DerivedData/SugarBeat-hgoxfxbbugxkfsbmqcjlbmjeaqyg/SourcePackages/checkouts/AppAuth-iOS
    builtin-infoPlistUtility /Users/fukushimatakumi/Library/Developer/Xcode/DerivedData/SugarBeat-hgoxfxbbugxkfsbmqcjlbmjeaqyg/Build/Intermediates.noindex/AppAuth.build/Debug-iphonesimulator/AppAuth_AppAuth.build/empty-AppAuth_AppAuth.plist -producttype com.apple.product-type.bundle -expandbuildsettings -format binary -platform iphonesimulator -o /Users/fukushimatakumi/Library/Developer/Xcode/DerivedData/SugarBeat-hgoxfxbbugxkfsbmqcjlbmjeaqyg/Build/Products/Debug-iphonesimulator/AppAuth_AppAuth.bundle/Info.plist

CompileC /Users/fukushimatakumi/Library/Developer/Xcode/DerivedData/SugarBeat-hgoxfxbbugxkfsbmqcjlbmjeaqyg/Build/Intermediates.noindex/Firebase.build/Debug-iphonesimulator/Firebase.build/Objects-normal/arm64/dummy.o /Users/fukushimatakumi/Library/Developer/Xcode/DerivedData/SugarBeat-hgoxfxbbugxkfsbmqcjlbmjeaqyg/SourcePackages/checkouts/firebase-ios-sdk/CoreOnly/Sources/dummy.m normal arm64 objective-c com.apple.compilers.llvm.clang.1_0.compiler (in target 'Firebase' from project 'Firebase')
    cd /Users/fukushimatakumi/develop/sugarbeat/sugarbeat-front
    
    Using response file: /Users/fukushimatakumi/Library/Developer/Xcode/DerivedData/SugarBeat-hgoxfxbbugxkfsbmqcjlbmjeaqyg/Build/Intermediates.noindex/Firebase.build/Debug-iphonesimulator/Firebase.build/Objects-normal/arm64/e6072d4f65d7061329687fe24e3d63a7-common-args.resp
    
    /Applications/Xcode.app/Contents/Developer/Toolchains/XcodeDefault.xctoolchain/usr/bin/clang -x objective-c -ivfsstatcache /Users/fukushimatakumi/Library/Developer/Xcode/DerivedData/SDKStatCaches.noindex/iphonesimulator18.4-22E235-71825a6d136aa4733edcbe86ece5525b.sdkstatcache -fmessage-length\=0 -fdiagnostics-show-note-include-stack -fmacro-backtrace-limit\=0 -fno-color-diagnostics -fmodules-prune-interval\=86400 -fmodules-prune-after\=345600 -fbuild-session-file\=/Users/fukushimatakumi/Library/Developer/Xcode/DerivedData/ModuleCache.noindex/Session.modulevalidation -fmodules-validate-once-per-build-session -Wnon-modular-include-in-framework-module -Werror\=non-modular-include-in-framework-module -Wno-trigraphs -Wno-missing-field-initializers -Wno-missing-prototypes -Wno-return-type -Wno-implicit-atomic-properties -Wno-objc-interface-ivars -Wno-arc-repeated-use-of-weak -Wno-missing-braces -Wparentheses -Wswitch -Wno-unused-function -Wno-unused-label -Wno-unused-parameter -Wno-unused-variable -Wunused-value -Wno-empty-body -Wno-uninitialized -Wno-unknown-pragmas -w -Wno-shadow -Wno-four-char-constants -Wno-conversion -Wno-constant-conversion -Wno-int-conversion -Wno-bool-conversion -Wno-enum-conversion -Wno-float-conversion -Wno-non-literal-null-conversion -Wno-objc-literal-conversion -Wshorten-64-to-32 -Wpointer-sign -Wno-newline-eof -Wno-selector -Wno-strict-selector-match -Wno-undeclared-selector -Wno-deprecated-implementations -Wno-implicit-fallthrough -fstrict-aliasing -Wprotocol -Wdeprecated-declarations -Wno-sign-conversion -Wno-infinite-recursion -Wno-comma -Wno-block-capture-autoreleasing -Wno-strict-prototypes -Wno-semicolon-before-method-body -index-store-path /Users/fukushimatakumi/Library/Developer/Xcode/DerivedData/SugarBeat-hgoxfxbbugxkfsbmqcjlbmjeaqyg/Index.noindex/DataStore @/Users/fukushimatakumi/Library/Developer/Xcode/DerivedData/SugarBeat-hgoxfxbbugxkfsbmqcjlbmjeaqyg/Build/Intermediates.noindex/Firebase.build/Debug-iphonesimulator/Firebase.build/Objects-normal/arm64/e6072d4f65d7061329687fe24e3d63a7-common-args.resp -MMD -MT dependencies -MF /Users/fukushimatakumi/Library/Developer/Xcode/DerivedData/SugarBeat-hgoxfxbbugxkfsbmqcjlbmjeaqyg/Build/Intermediates.noindex/Firebase.build/Debug-iphonesimulator/Firebase.build/Objects-normal/arm64/dummy.d --serialize-diagnostics /Users/fukushimatakumi/Library/Developer/Xcode/DerivedData/SugarBeat-hgoxfxbbugxkfsbmqcjlbmjeaqyg/Build/Intermediates.noindex/Firebase.build/Debug-iphonesimulator/Firebase.build/Objects-normal/arm64/dummy.dia -c /Users/fukushimatakumi/Library/Developer/Xcode/DerivedData/SugarBeat-hgoxfxbbugxkfsbmqcjlbmjeaqyg/SourcePackages/checkouts/firebase-ios-sdk/CoreOnly/Sources/dummy.m -o /Users/fukushimatakumi/Library/Developer/Xcode/DerivedData/SugarBeat-hgoxfxbbugxkfsbmqcjlbmjeaqyg/Build/Intermediates.noindex/Firebase.build/Debug-iphonesimulator/Firebase.build/Objects-normal/arm64/dummy.o -index-unit-output-path /Firebase.build/Debug-iphonesimulator/Firebase.build/Objects-normal/arm64/dummy.o

Copy /Users/fukushimatakumi/Library/Developer/Xcode/DerivedData/SugarBeat-hgoxfxbbugxkfsbmqcjlbmjeaqyg/Build/Intermediates.noindex/GeneratedModuleMaps-iphonesimulator/UserMessagingPlatformTarget.modulemap /Users/fukushimatakumi/Library/Developer/Xcode/DerivedData/SugarBeat-hgoxfxbbugxkfsbmqcjlbmjeaqyg/Build/Intermediates.noindex/GoogleUserMessagingPlatform.build/Debug-iphonesimulator/UserMessagingPlatformTarget.build/UserMessagingPlatformTarget.modulemap (in target 'UserMessagingPlatformTarget' from project 'GoogleUserMessagingPlatform')
    cd /Users/fukushimatakumi/Library/Developer/Xcode/DerivedData/SugarBeat-hgoxfxbbugxkfsbmqcjlbmjeaqyg/SourcePackages/checkouts/swift-package-manager-google-user-messaging-platform
    builtin-copy -exclude .DS_Store -exclude CVS -exclude .svn -exclude .git -exclude .hg -resolve-src-symlinks /Users/fukushimatakumi/Library/Developer/Xcode/DerivedData/SugarBeat-hgoxfxbbugxkfsbmqcjlbmjeaqyg/Build/Intermediates.noindex/GoogleUserMessagingPlatform.build/Debug-iphonesimulator/UserMessagingPlatformTarget.build/UserMessagingPlatformTarget.modulemap /Users/fukushimatakumi/Library/Developer/Xcode/DerivedData/SugarBeat-hgoxfxbbugxkfsbmqcjlbmjeaqyg/Build/Intermediates.noindex/GeneratedModuleMaps-iphonesimulator

CompileC /Users/fukushimatakumi/Library/Developer/Xcode/DerivedData/SugarBeat-hgoxfxbbugxkfsbmqcjlbmjeaqyg/Build/Intermediates.noindex/Firebase.build/Debug-iphonesimulator/FirebaseAuthInterop.build/Objects-normal/arm64/dummy.o /Users/fukushimatakumi/Library/Developer/Xcode/DerivedData/SugarBeat-hgoxfxbbugxkfsbmqcjlbmjeaqyg/SourcePackages/checkouts/firebase-ios-sdk/FirebaseAuth/Interop/dummy.m normal arm64 objective-c com.apple.compilers.llvm.clang.1_0.compiler (in target 'FirebaseAuthInterop' from project 'Firebase')
    cd /Users/fukushimatakumi/develop/sugarbeat/sugarbeat-front
    
    Using response file: /Users/fukushimatakumi/Library/Developer/Xcode/DerivedData/SugarBeat-hgoxfxbbugxkfsbmqcjlbmjeaqyg/Build/Intermediates.noindex/Firebase.build/Debug-iphonesimulator/FirebaseAuthInterop.build/Objects-normal/arm64/e6072d4f65d7061329687fe24e3d63a7-common-args.resp
    
    /Applications/Xcode.app/Contents/Developer/Toolchains/XcodeDefault.xctoolchain/usr/bin/clang -x objective-c -ivfsstatcache /Users/fukushimatakumi/Library/Developer/Xcode/DerivedData/SDKStatCaches.noindex/iphonesimulator18.4-22E235-71825a6d136aa4733edcbe86ece5525b.sdkstatcache -fmessage-length\=0 -fdiagnostics-show-note-include-stack -fmacro-backtrace-limit\=0 -fno-color-diagnostics -fmodules-prune-interval\=86400 -fmodules-prune-after\=345600 -fbuild-session-file\=/Users/fukushimatakumi/Library/Developer/Xcode/DerivedData/ModuleCache.noindex/Session.modulevalidation -fmodules-validate-once-per-build-session -Wnon-modular-include-in-framework-module -Werror\=non-modular-include-in-framework-module -Wno-trigraphs -Wno-missing-field-initializers -Wno-missing-prototypes -Wno-return-type -Wno-implicit-atomic-properties -Wno-objc-interface-ivars -Wno-arc-repeated-use-of-weak -Wno-missing-braces -Wparentheses -Wswitch -Wno-unused-function -Wno-unused-label -Wno-unused-parameter -Wno-unused-variable -Wunused-value -Wno-empty-body -Wno-uninitialized -Wno-unknown-pragmas -w -Wno-shadow -Wno-four-char-constants -Wno-conversion -Wno-constant-conversion -Wno-int-conversion -Wno-bool-conversion -Wno-enum-conversion -Wno-float-conversion -Wno-non-literal-null-conversion -Wno-objc-literal-conversion -Wshorten-64-to-32 -Wpointer-sign -Wno-newline-eof -Wno-selector -Wno-strict-selector-match -Wno-undeclared-selector -Wno-deprecated-implementations -Wno-implicit-fallthrough -fstrict-aliasing -Wprotocol -Wdeprecated-declarations -Wno-sign-conversion -Wno-infinite-recursion -Wno-comma -Wno-block-capture-autoreleasing -Wno-strict-prototypes -Wno-semicolon-before-method-body -index-store-path /Users/fukushimatakumi/Library/Developer/Xcode/DerivedData/SugarBeat-hgoxfxbbugxkfsbmqcjlbmjeaqyg/Index.noindex/DataStore @/Users/fukushimatakumi/Library/Developer/Xcode/DerivedData/SugarBeat-hgoxfxbbugxkfsbmqcjlbmjeaqyg/Build/Intermediates.noindex/Firebase.build/Debug-iphonesimulator/FirebaseAuthInterop.build/Objects-normal/arm64/e6072d4f65d7061329687fe24e3d63a7-common-args.resp -MMD -MT dependencies -MF /Users/fukushimatakumi/Library/Developer/Xcode/DerivedData/SugarBeat-hgoxfxbbugxkfsbmqcjlbmjeaqyg/Build/Intermediates.noindex/Firebase.build/Debug-iphonesimulator/FirebaseAuthInterop.build/Objects-normal/arm64/dummy.d --serialize-diagnostics /Users/fukushimatakumi/Library/Developer/Xcode/DerivedData/SugarBeat-hgoxfxbbugxkfsbmqcjlbmjeaqyg/Build/Intermediates.noindex/Firebase.build/Debug-iphonesimulator/FirebaseAuthInterop.build/Objects-normal/arm64/dummy.dia -c /Users/fukushimatakumi/Library/Developer/Xcode/DerivedData/SugarBeat-hgoxfxbbugxkfsbmqcjlbmjeaqyg/SourcePackages/checkouts/firebase-ios-sdk/FirebaseAuth/Interop/dummy.m -o /Users/fukushimatakumi/Library/Developer/Xcode/DerivedData/SugarBeat-hgoxfxbbugxkfsbmqcjlbmjeaqyg/Build/Intermediates.noindex/Firebase.build/Debug-iphonesimulator/FirebaseAuthInterop.build/Objects-normal/arm64/dummy.o -index-unit-output-path /Firebase.build/Debug-iphonesimulator/FirebaseAuthInterop.build/Objects-normal/arm64/dummy.o

CompileC /Users/fukushimatakumi/Library/Developer/Xcode/DerivedData/SugarBeat-hgoxfxbbugxkfsbmqcjlbmjeaqyg/Build/Intermediates.noindex/Firebase.build/Debug-iphonesimulator/FirebaseAppCheckInterop.build/Objects-normal/arm64/dummy.o /Users/fukushimatakumi/Library/Developer/Xcode/DerivedData/SugarBeat-hgoxfxbbugxkfsbmqcjlbmjeaqyg/SourcePackages/checkouts/firebase-ios-sdk/FirebaseAppCheck/Interop/dummy.m normal arm64 objective-c com.apple.compilers.llvm.clang.1_0.compiler (in target 'FirebaseAppCheckInterop' from project 'Firebase')
    cd /Users/fukushimatakumi/develop/sugarbeat/sugarbeat-front
    
    Using response file: /Users/fukushimatakumi/Library/Developer/Xcode/DerivedData/SugarBeat-hgoxfxbbugxkfsbmqcjlbmjeaqyg/Build/Intermediates.noindex/Firebase.build/Debug-iphonesimulator/FirebaseAppCheckInterop.build/Objects-normal/arm64/e6072d4f65d7061329687fe24e3d63a7-common-args.resp
    
    /Applications/Xcode.app/Contents/Developer/Toolchains/XcodeDefault.xctoolchain/usr/bin/clang -x objective-c -ivfsstatcache /Users/fukushimatakumi/Library/Developer/Xcode/DerivedData/SDKStatCaches.noindex/iphonesimulator18.4-22E235-71825a6d136aa4733edcbe86ece5525b.sdkstatcache -fmessage-length\=0 -fdiagnostics-show-note-include-stack -fmacro-backtrace-limit\=0 -fno-color-diagnostics -fmodules-prune-interval\=86400 -fmodules-prune-after\=345600 -fbuild-session-file\=/Users/fukushimatakumi/Library/Developer/Xcode/DerivedData/ModuleCache.noindex/Session.modulevalidation -fmodules-validate-once-per-build-session -Wnon-modular-include-in-framework-module -Werror\=non-modular-include-in-framework-module -Wno-trigraphs -Wno-missing-field-initializers -Wno-missing-prototypes -Wno-return-type -Wno-implicit-atomic-properties -Wno-objc-interface-ivars -Wno-arc-repeated-use-of-weak -Wno-missing-braces -Wparentheses -Wswitch -Wno-unused-function -Wno-unused-label -Wno-unused-parameter -Wno-unused-variable -Wunused-value -Wno-empty-body -Wno-uninitialized -Wno-unknown-pragmas -w -Wno-shadow -Wno-four-char-constants -Wno-conversion -Wno-constant-conversion -Wno-int-conversion -Wno-bool-conversion -Wno-enum-conversion -Wno-float-conversion -Wno-non-literal-null-conversion -Wno-objc-literal-conversion -Wshorten-64-to-32 -Wpointer-sign -Wno-newline-eof -Wno-selector -Wno-strict-selector-match -Wno-undeclared-selector -Wno-deprecated-implementations -Wno-implicit-fallthrough -fstrict-aliasing -Wprotocol -Wdeprecated-declarations -Wno-sign-conversion -Wno-infinite-recursion -Wno-comma -Wno-block-capture-autoreleasing -Wno-strict-prototypes -Wno-semicolon-before-method-body -index-store-path /Users/fukushimatakumi/Library/Developer/Xcode/DerivedData/SugarBeat-hgoxfxbbugxkfsbmqcjlbmjeaqyg/Index.noindex/DataStore @/Users/fukushimatakumi/Library/Developer/Xcode/DerivedData/SugarBeat-hgoxfxbbugxkfsbmqcjlbmjeaqyg/Build/Intermediates.noindex/Firebase.build/Debug-iphonesimulator/FirebaseAppCheckInterop.build/Objects-normal/arm64/e6072d4f65d7061329687fe24e3d63a7-common-args.resp -MMD -MT dependencies -MF /Users/fukushimatakumi/Library/Developer/Xcode/DerivedData/SugarBeat-hgoxfxbbugxkfsbmqcjlbmjeaqyg/Build/Intermediates.noindex/Firebase.build/Debug-iphonesimulator/FirebaseAppCheckInterop.build/Objects-normal/arm64/dummy.d --serialize-diagnostics /Users/fukushimatakumi/Library/Developer/Xcode/DerivedData/SugarBeat-hgoxfxbbugxkfsbmqcjlbmjeaqyg/Build/Intermediates.noindex/Firebase.build/Debug-iphonesimulator/FirebaseAppCheckInterop.build/Objects-normal/arm64/dummy.dia -c /Users/fukushimatakumi/Library/Developer/Xcode/DerivedData/SugarBeat-hgoxfxbbugxkfsbmqcjlbmjeaqyg/SourcePackages/checkouts/firebase-ios-sdk/FirebaseAppCheck/Interop/dummy.m -o /Users/fukushimatakumi/Library/Developer/Xcode/DerivedData/SugarBeat-hgoxfxbbugxkfsbmqcjlbmjeaqyg/Build/Intermediates.noindex/Firebase.build/Debug-iphonesimulator/FirebaseAppCheckInterop.build/Objects-normal/arm64/dummy.o -index-unit-output-path /Firebase.build/Debug-iphonesimulator/FirebaseAppCheckInterop.build/Objects-normal/arm64/dummy.o

CompileC /Users/fukushimatakumi/Library/Developer/Xcode/DerivedData/SugarBeat-hgoxfxbbugxkfsbmqcjlbmjeaqyg/Build/Intermediates.noindex/InteropForGoogle.build/Debug-iphonesimulator/RecaptchaInterop.build/Objects-normal/arm64/placeholder.o /Users/fukushimatakumi/Library/Developer/Xcode/DerivedData/SugarBeat-hgoxfxbbugxkfsbmqcjlbmjeaqyg/SourcePackages/checkouts/interop-ios-for-google-sdks/RecaptchaEnterprise/RecaptchaInterop/placeholder.m normal arm64 objective-c com.apple.compilers.llvm.clang.1_0.compiler (in target 'RecaptchaInterop' from project 'InteropForGoogle')
    cd /Users/fukushimatakumi/develop/sugarbeat/sugarbeat-front
    
    Using response file: /Users/fukushimatakumi/Library/Developer/Xcode/DerivedData/SugarBeat-hgoxfxbbugxkfsbmqcjlbmjeaqyg/Build/Intermediates.noindex/InteropForGoogle.build/Debug-iphonesimulator/RecaptchaInterop.build/Objects-normal/arm64/e6072d4f65d7061329687fe24e3d63a7-common-args.resp
    
    /Applications/Xcode.app/Contents/Developer/Toolchains/XcodeDefault.xctoolchain/usr/bin/clang -x objective-c -ivfsstatcache /Users/fukushimatakumi/Library/Developer/Xcode/DerivedData/SDKStatCaches.noindex/iphonesimulator18.4-22E235-71825a6d136aa4733edcbe86ece5525b.sdkstatcache -fmessage-length\=0 -fdiagnostics-show-note-include-stack -fmacro-backtrace-limit\=0 -fno-color-diagnostics -fmodules-prune-interval\=86400 -fmodules-prune-after\=345600 -fbuild-session-file\=/Users/fukushimatakumi/Library/Developer/Xcode/DerivedData/ModuleCache.noindex/Session.modulevalidation -fmodules-validate-once-per-build-session -Wnon-modular-include-in-framework-module -Werror\=non-modular-include-in-framework-module -Wno-trigraphs -Wno-missing-field-initializers -Wno-missing-prototypes -Wno-return-type -Wno-implicit-atomic-properties -Wno-objc-interface-ivars -Wno-arc-repeated-use-of-weak -Wno-missing-braces -Wparentheses -Wswitch -Wno-unused-function -Wno-unused-label -Wno-unused-parameter -Wno-unused-variable -Wunused-value -Wno-empty-body -Wno-uninitialized -Wno-unknown-pragmas -w -Wno-shadow -Wno-four-char-constants -Wno-conversion -Wno-constant-conversion -Wno-int-conversion -Wno-bool-conversion -Wno-enum-conversion -Wno-float-conversion -Wno-non-literal-null-conversion -Wno-objc-literal-conversion -Wshorten-64-to-32 -Wpointer-sign -Wno-newline-eof -Wno-selector -Wno-strict-selector-match -Wno-undeclared-selector -Wno-deprecated-implementations -Wno-implicit-fallthrough -fstrict-aliasing -Wprotocol -Wdeprecated-declarations -Wno-sign-conversion -Wno-infinite-recursion -Wno-comma -Wno-block-capture-autoreleasing -Wno-strict-prototypes -Wno-semicolon-before-method-body -index-store-path /Users/fukushimatakumi/Library/Developer/Xcode/DerivedData/SugarBeat-hgoxfxbbugxkfsbmqcjlbmjeaqyg/Index.noindex/DataStore @/Users/fukushimatakumi/Library/Developer/Xcode/DerivedData/SugarBeat-hgoxfxbbugxkfsbmqcjlbmjeaqyg/Build/Intermediates.noindex/InteropForGoogle.build/Debug-iphonesimulator/RecaptchaInterop.build/Objects-normal/arm64/e6072d4f65d7061329687fe24e3d63a7-common-args.resp -MMD -MT dependencies -MF /Users/fukushimatakumi/Library/Developer/Xcode/DerivedData/SugarBeat-hgoxfxbbugxkfsbmqcjlbmjeaqyg/Build/Intermediates.noindex/InteropForGoogle.build/Debug-iphonesimulator/RecaptchaInterop.build/Objects-normal/arm64/placeholder.d --serialize-diagnostics /Users/fukushimatakumi/Library/Developer/Xcode/DerivedData/SugarBeat-hgoxfxbbugxkfsbmqcjlbmjeaqyg/Build/Intermediates.noindex/InteropForGoogle.build/Debug-iphonesimulator/RecaptchaInterop.build/Objects-normal/arm64/placeholder.dia -c /Users/fukushimatakumi/Library/Developer/Xcode/DerivedData/SugarBeat-hgoxfxbbugxkfsbmqcjlbmjeaqyg/SourcePackages/checkouts/interop-ios-for-google-sdks/RecaptchaEnterprise/RecaptchaInterop/placeholder.m -o /Users/fukushimatakumi/Library/Developer/Xcode/DerivedData/SugarBeat-hgoxfxbbugxkfsbmqcjlbmjeaqyg/Build/Intermediates.noindex/InteropForGoogle.build/Debug-iphonesimulator/RecaptchaInterop.build/Objects-normal/arm64/placeholder.o -index-unit-output-path /InteropForGoogle.build/Debug-iphonesimulator/RecaptchaInterop.build/Objects-normal/arm64/placeholder.o

WriteAuxiliaryFile /Users/fukushimatakumi/Library/Developer/Xcode/DerivedData/SugarBeat-hgoxfxbbugxkfsbmqcjlbmjeaqyg/Build/Intermediates.noindex/GoogleMobileAds.build/Debug-iphonesimulator/GoogleMobileAdsTarget.build/Objects-normal/arm64/GoogleMobileAdsTarget.SwiftFileList (in target 'GoogleMobileAdsTarget' from project 'GoogleMobileAds')
    cd /Users/fukushimatakumi/Library/Developer/Xcode/DerivedData/SugarBeat-hgoxfxbbugxkfsbmqcjlbmjeaqyg/SourcePackages/checkouts/swift-package-manager-google-mobile-ads
    write-file /Users/fukushimatakumi/Library/Developer/Xcode/DerivedData/SugarBeat-hgoxfxbbugxkfsbmqcjlbmjeaqyg/Build/Intermediates.noindex/GoogleMobileAds.build/Debug-iphonesimulator/GoogleMobileAdsTarget.build/Objects-normal/arm64/GoogleMobileAdsTarget.SwiftFileList

WriteAuxiliaryFile /Users/fukushimatakumi/Library/Developer/Xcode/DerivedData/SugarBeat-hgoxfxbbugxkfsbmqcjlbmjeaqyg/Build/Intermediates.noindex/GoogleMobileAds.build/Debug-iphonesimulator/GoogleMobileAdsTarget.build/Objects-normal/arm64/GoogleMobileAdsTarget.SwiftConstValuesFileList (in target 'GoogleMobileAdsTarget' from project 'GoogleMobileAds')
    cd /Users/fukushimatakumi/Library/Developer/Xcode/DerivedData/SugarBeat-hgoxfxbbugxkfsbmqcjlbmjeaqyg/SourcePackages/checkouts/swift-package-manager-google-mobile-ads
    write-file /Users/fukushimatakumi/Library/Developer/Xcode/DerivedData/SugarBeat-hgoxfxbbugxkfsbmqcjlbmjeaqyg/Build/Intermediates.noindex/GoogleMobileAds.build/Debug-iphonesimulator/GoogleMobileAdsTarget.build/Objects-normal/arm64/GoogleMobileAdsTarget.SwiftConstValuesFileList

WriteAuxiliaryFile /Users/fukushimatakumi/Library/Developer/Xcode/DerivedData/SugarBeat-hgoxfxbbugxkfsbmqcjlbmjeaqyg/Build/Intermediates.noindex/GoogleMobileAds.build/Debug-iphonesimulator/GoogleMobileAdsTarget.build/Objects-normal/arm64/GoogleMobileAdsTarget.LinkFileList (in target 'GoogleMobileAdsTarget' from project 'GoogleMobileAds')
    cd /Users/fukushimatakumi/Library/Developer/Xcode/DerivedData/SugarBeat-hgoxfxbbugxkfsbmqcjlbmjeaqyg/SourcePackages/checkouts/swift-package-manager-google-mobile-ads
    write-file /Users/fukushimatakumi/Library/Developer/Xcode/DerivedData/SugarBeat-hgoxfxbbugxkfsbmqcjlbmjeaqyg/Build/Intermediates.noindex/GoogleMobileAds.build/Debug-iphonesimulator/GoogleMobileAdsTarget.build/Objects-normal/arm64/GoogleMobileAdsTarget.LinkFileList

WriteAuxiliaryFile /Users/fukushimatakumi/Library/Developer/Xcode/DerivedData/SugarBeat-hgoxfxbbugxkfsbmqcjlbmjeaqyg/Build/Intermediates.noindex/GoogleMobileAds.build/Debug-iphonesimulator/GoogleMobileAdsTarget.build/Objects-normal/arm64/GoogleMobileAdsTarget_const_extract_protocols.json (in target 'GoogleMobileAdsTarget' from project 'GoogleMobileAds')
    cd /Users/fukushimatakumi/Library/Developer/Xcode/DerivedData/SugarBeat-hgoxfxbbugxkfsbmqcjlbmjeaqyg/SourcePackages/checkouts/swift-package-manager-google-mobile-ads
    write-file /Users/fukushimatakumi/Library/Developer/Xcode/DerivedData/SugarBeat-hgoxfxbbugxkfsbmqcjlbmjeaqyg/Build/Intermediates.noindex/GoogleMobileAds.build/Debug-iphonesimulator/GoogleMobileAdsTarget.build/Objects-normal/arm64/GoogleMobileAdsTarget_const_extract_protocols.json

WriteAuxiliaryFile /Users/fukushimatakumi/Library/Developer/Xcode/DerivedData/SugarBeat-hgoxfxbbugxkfsbmqcjlbmjeaqyg/Build/Intermediates.noindex/GoogleMobileAds.build/Debug-iphonesimulator/GoogleMobileAdsTarget.build/GoogleMobileAdsTarget.modulemap (in target 'GoogleMobileAdsTarget' from project 'GoogleMobileAds')
    cd /Users/fukushimatakumi/Library/Developer/Xcode/DerivedData/SugarBeat-hgoxfxbbugxkfsbmqcjlbmjeaqyg/SourcePackages/checkouts/swift-package-manager-google-mobile-ads
    write-file /Users/fukushimatakumi/Library/Developer/Xcode/DerivedData/SugarBeat-hgoxfxbbugxkfsbmqcjlbmjeaqyg/Build/Intermediates.noindex/GoogleMobileAds.build/Debug-iphonesimulator/GoogleMobileAdsTarget.build/GoogleMobileAdsTarget.modulemap

WriteAuxiliaryFile /Users/fukushimatakumi/Library/Developer/Xcode/DerivedData/SugarBeat-hgoxfxbbugxkfsbmqcjlbmjeaqyg/Build/Intermediates.noindex/GoogleMobileAds.build/Debug-iphonesimulator/GoogleMobileAdsTarget.build/Objects-normal/arm64/GoogleMobileAdsTarget-OutputFileMap.json (in target 'GoogleMobileAdsTarget' from project 'GoogleMobileAds')
    cd /Users/fukushimatakumi/Library/Developer/Xcode/DerivedData/SugarBeat-hgoxfxbbugxkfsbmqcjlbmjeaqyg/SourcePackages/checkouts/swift-package-manager-google-mobile-ads
    write-file /Users/fukushimatakumi/Library/Developer/Xcode/DerivedData/SugarBeat-hgoxfxbbugxkfsbmqcjlbmjeaqyg/Build/Intermediates.noindex/GoogleMobileAds.build/Debug-iphonesimulator/GoogleMobileAdsTarget.build/Objects-normal/arm64/GoogleMobileAdsTarget-OutputFileMap.json

WriteAuxiliaryFile /Users/fukushimatakumi/Library/Developer/Xcode/DerivedData/SugarBeat-hgoxfxbbugxkfsbmqcjlbmjeaqyg/Build/Intermediates.noindex/GoogleMobileAds.build/Debug-iphonesimulator/GoogleMobileAdsTarget.build/GoogleMobileAdsTarget.DependencyStaticMetadataFileList (in target 'GoogleMobileAdsTarget' from project 'GoogleMobileAds')
    cd /Users/fukushimatakumi/Library/Developer/Xcode/DerivedData/SugarBeat-hgoxfxbbugxkfsbmqcjlbmjeaqyg/SourcePackages/checkouts/swift-package-manager-google-mobile-ads
    write-file /Users/fukushimatakumi/Library/Developer/Xcode/DerivedData/SugarBeat-hgoxfxbbugxkfsbmqcjlbmjeaqyg/Build/Intermediates.noindex/GoogleMobileAds.build/Debug-iphonesimulator/GoogleMobileAdsTarget.build/GoogleMobileAdsTarget.DependencyStaticMetadataFileList

WriteAuxiliaryFile /Users/fukushimatakumi/Library/Developer/Xcode/DerivedData/SugarBeat-hgoxfxbbugxkfsbmqcjlbmjeaqyg/Build/Intermediates.noindex/GoogleMobileAds.build/Debug-iphonesimulator/GoogleMobileAdsTarget.build/GoogleMobileAdsTarget.DependencyMetadataFileList (in target 'GoogleMobileAdsTarget' from project 'GoogleMobileAds')
    cd /Users/fukushimatakumi/Library/Developer/Xcode/DerivedData/SugarBeat-hgoxfxbbugxkfsbmqcjlbmjeaqyg/SourcePackages/checkouts/swift-package-manager-google-mobile-ads
    write-file /Users/fukushimatakumi/Library/Developer/Xcode/DerivedData/SugarBeat-hgoxfxbbugxkfsbmqcjlbmjeaqyg/Build/Intermediates.noindex/GoogleMobileAds.build/Debug-iphonesimulator/GoogleMobileAdsTarget.build/GoogleMobileAdsTarget.DependencyMetadataFileList

CompileC /Users/fukushimatakumi/Library/Developer/Xcode/DerivedData/SugarBeat-hgoxfxbbugxkfsbmqcjlbmjeaqyg/Build/Intermediates.noindex/leveldb.build/Debug-iphonesimulator/leveldb.build/Objects-normal/arm64/write_batch.o /Users/fukushimatakumi/Library/Developer/Xcode/DerivedData/SugarBeat-hgoxfxbbugxkfsbmqcjlbmjeaqyg/SourcePackages/checkouts/leveldb/db/write_batch.cc normal arm64 c++ com.apple.compilers.llvm.clang.1_0.compiler (in target 'leveldb' from project 'leveldb')
    cd /Users/fukushimatakumi/develop/sugarbeat/sugarbeat-front
    
    Using response file: /Users/fukushimatakumi/Library/Developer/Xcode/DerivedData/SugarBeat-hgoxfxbbugxkfsbmqcjlbmjeaqyg/Build/Intermediates.noindex/leveldb.build/Debug-iphonesimulator/leveldb.build/Objects-normal/arm64/82b82416624d2658e5098eb0a28c15c5-common-args.resp
    
    /Applications/Xcode.app/Contents/Developer/Toolchains/XcodeDefault.xctoolchain/usr/bin/clang -x c++ -ivfsstatcache /Users/fukushimatakumi/Library/Developer/Xcode/DerivedData/SDKStatCaches.noindex/iphonesimulator18.4-22E235-71825a6d136aa4733edcbe86ece5525b.sdkstatcache -fmessage-length\=0 -fdiagnostics-show-note-include-stack -fmacro-backtrace-limit\=0 -fno-color-diagnostics -fmodules-prune-interval\=86400 -fmodules-prune-after\=345600 -fbuild-session-file\=/Users/fukushimatakumi/Library/Developer/Xcode/DerivedData/ModuleCache.noindex/Session.modulevalidation -fmodules-validate-once-per-build-session -Wnon-modular-include-in-framework-module -Werror\=non-modular-include-in-framework-module -Wno-trigraphs -Wno-missing-field-initializers -Wno-missing-prototypes -Wno-return-type -Wno-non-virtual-dtor -Wno-overloaded-virtual -Wno-exit-time-destructors -Wno-missing-braces -Wparentheses -Wswitch -Wno-unused-function -Wno-unused-label -Wno-unused-parameter -Wno-unused-variable -Wunused-value -Wno-empty-body -Wno-uninitialized -Wno-unknown-pragmas -w -Wno-shadow -Wno-four-char-constants -Wno-conversion -Wno-constant-conversion -Wno-int-conversion -Wno-bool-conversion -Wno-enum-conversion -Wno-float-conversion -Wno-non-literal-null-conversion -Wno-objc-literal-conversion -Wshorten-64-to-32 -Wno-newline-eof -Wno-c++11-extensions -Wno-implicit-fallthrough -fstrict-aliasing -Wdeprecated-declarations -Winvalid-offsetof -Wno-sign-conversion -Wno-infinite-recursion -Wno-move -Wno-comma -Wno-block-capture-autoreleasing -Wno-strict-prototypes -Wno-range-loop-analysis -Wno-semicolon-before-method-body -index-store-path /Users/fukushimatakumi/Library/Developer/Xcode/DerivedData/SugarBeat-hgoxfxbbugxkfsbmqcjlbmjeaqyg/Index.noindex/DataStore @/Users/fukushimatakumi/Library/Developer/Xcode/DerivedData/SugarBeat-hgoxfxbbugxkfsbmqcjlbmjeaqyg/Build/Intermediates.noindex/leveldb.build/Debug-iphonesimulator/leveldb.build/Objects-normal/arm64/82b82416624d2658e5098eb0a28c15c5-common-args.resp -MMD -MT dependencies -MF /Users/fukushimatakumi/Library/Developer/Xcode/DerivedData/SugarBeat-hgoxfxbbugxkfsbmqcjlbmjeaqyg/Build/Intermediates.noindex/leveldb.build/Debug-iphonesimulator/leveldb.build/Objects-normal/arm64/write_batch.d --serialize-diagnostics /Users/fukushimatakumi/Library/Developer/Xcode/DerivedData/SugarBeat-hgoxfxbbugxkfsbmqcjlbmjeaqyg/Build/Intermediates.noindex/leveldb.build/Debug-iphonesimulator/leveldb.build/Objects-normal/arm64/write_batch.dia -c /Users/fukushimatakumi/Library/Developer/Xcode/DerivedData/SugarBeat-hgoxfxbbugxkfsbmqcjlbmjeaqyg/SourcePackages/checkouts/leveldb/db/write_batch.cc -o /Users/fukushimatakumi/Library/Developer/Xcode/DerivedData/SugarBeat-hgoxfxbbugxkfsbmqcjlbmjeaqyg/Build/Intermediates.noindex/leveldb.build/Debug-iphonesimulator/leveldb.build/Objects-normal/arm64/write_batch.o -index-unit-output-path /leveldb.build/Debug-iphonesimulator/leveldb.build/Objects-normal/arm64/write_batch.o

CompileC /Users/fukushimatakumi/Library/Developer/Xcode/DerivedData/SugarBeat-hgoxfxbbugxkfsbmqcjlbmjeaqyg/Build/Intermediates.noindex/leveldb.build/Debug-iphonesimulator/leveldb.build/Objects-normal/arm64/version_set.o /Users/fukushimatakumi/Library/Developer/Xcode/DerivedData/SugarBeat-hgoxfxbbugxkfsbmqcjlbmjeaqyg/SourcePackages/checkouts/leveldb/db/version_set.cc normal arm64 c++ com.apple.compilers.llvm.clang.1_0.compiler (in target 'leveldb' from project 'leveldb')
    cd /Users/fukushimatakumi/develop/sugarbeat/sugarbeat-front
    
    Using response file: /Users/fukushimatakumi/Library/Developer/Xcode/DerivedData/SugarBeat-hgoxfxbbugxkfsbmqcjlbmjeaqyg/Build/Intermediates.noindex/leveldb.build/Debug-iphonesimulator/leveldb.build/Objects-normal/arm64/82b82416624d2658e5098eb0a28c15c5-common-args.resp
    
    /Applications/Xcode.app/Contents/Developer/Toolchains/XcodeDefault.xctoolchain/usr/bin/clang -x c++ -ivfsstatcache /Users/fukushimatakumi/Library/Developer/Xcode/DerivedData/SDKStatCaches.noindex/iphonesimulator18.4-22E235-71825a6d136aa4733edcbe86ece5525b.sdkstatcache -fmessage-length\=0 -fdiagnostics-show-note-include-stack -fmacro-backtrace-limit\=0 -fno-color-diagnostics -fmodules-prune-interval\=86400 -fmodules-prune-after\=345600 -fbuild-session-file\=/Users/fukushimatakumi/Library/Developer/Xcode/DerivedData/ModuleCache.noindex/Session.modulevalidation -fmodules-validate-once-per-build-session -Wnon-modular-include-in-framework-module -Werror\=non-modular-include-in-framework-module -Wno-trigraphs -Wno-missing-field-initializers -Wno-missing-prototypes -Wno-return-type -Wno-non-virtual-dtor -Wno-overloaded-virtual -Wno-exit-time-destructors -Wno-missing-braces -Wparentheses -Wswitch -Wno-unused-function -Wno-unused-label -Wno-unused-parameter -Wno-unused-variable -Wunused-value -Wno-empty-body -Wno-uninitialized -Wno-unknown-pragmas -w -Wno-shadow -Wno-four-char-constants -Wno-conversion -Wno-constant-conversion -Wno-int-conversion -Wno-bool-conversion -Wno-enum-conversion -Wno-float-conversion -Wno-non-literal-null-conversion -Wno-objc-literal-conversion -Wshorten-64-to-32 -Wno-newline-eof -Wno-c++11-extensions -Wno-implicit-fallthrough -fstrict-aliasing -Wdeprecated-declarations -Winvalid-offsetof -Wno-sign-conversion -Wno-infinite-recursion -Wno-move -Wno-comma -Wno-block-capture-autoreleasing -Wno-strict-prototypes -Wno-range-loop-analysis -Wno-semicolon-before-method-body -index-store-path /Users/fukushimatakumi/Library/Developer/Xcode/DerivedData/SugarBeat-hgoxfxbbugxkfsbmqcjlbmjeaqyg/Index.noindex/DataStore @/Users/fukushimatakumi/Library/Developer/Xcode/DerivedData/SugarBeat-hgoxfxbbugxkfsbmqcjlbmjeaqyg/Build/Intermediates.noindex/leveldb.build/Debug-iphonesimulator/leveldb.build/Objects-normal/arm64/82b82416624d2658e5098eb0a28c15c5-common-args.resp -MMD -MT dependencies -MF /Users/fukushimatakumi/Library/Developer/Xcode/DerivedData/SugarBeat-hgoxfxbbugxkfsbmqcjlbmjeaqyg/Build/Intermediates.noindex/leveldb.build/Debug-iphonesimulator/leveldb.build/Objects-normal/arm64/version_set.d --serialize-diagnostics /Users/fukushimatakumi/Library/Developer/Xcode/DerivedData/SugarBeat-hgoxfxbbugxkfsbmqcjlbmjeaqyg/Build/Intermediates.noindex/leveldb.build/Debug-iphonesimulator/leveldb.build/Objects-normal/arm64/version_set.dia -c /Users/fukushimatakumi/Library/Developer/Xcode/DerivedData/SugarBeat-hgoxfxbbugxkfsbmqcjlbmjeaqyg/SourcePackages/checkouts/leveldb/db/version_set.cc -o /Users/fukushimatakumi/Library/Developer/Xcode/DerivedData/SugarBeat-hgoxfxbbugxkfsbmqcjlbmjeaqyg/Build/Intermediates.noindex/leveldb.build/Debug-iphonesimulator/leveldb.build/Objects-normal/arm64/version_set.o -index-unit-output-path /leveldb.build/Debug-iphonesimulator/leveldb.build/Objects-normal/arm64/version_set.o

CompileC /Users/fukushimatakumi/Library/Developer/Xcode/DerivedData/SugarBeat-hgoxfxbbugxkfsbmqcjlbmjeaqyg/Build/Intermediates.noindex/leveldb.build/Debug-iphonesimulator/leveldb.build/Objects-normal/arm64/version_edit.o /Users/fukushimatakumi/Library/Developer/Xcode/DerivedData/SugarBeat-hgoxfxbbugxkfsbmqcjlbmjeaqyg/SourcePackages/checkouts/leveldb/db/version_edit.cc normal arm64 c++ com.apple.compilers.llvm.clang.1_0.compiler (in target 'leveldb' from project 'leveldb')
    cd /Users/fukushimatakumi/develop/sugarbeat/sugarbeat-front
    
    Using response file: /Users/fukushimatakumi/Library/Developer/Xcode/DerivedData/SugarBeat-hgoxfxbbugxkfsbmqcjlbmjeaqyg/Build/Intermediates.noindex/leveldb.build/Debug-iphonesimulator/leveldb.build/Objects-normal/arm64/82b82416624d2658e5098eb0a28c15c5-common-args.resp
    
    /Applications/Xcode.app/Contents/Developer/Toolchains/XcodeDefault.xctoolchain/usr/bin/clang -x c++ -ivfsstatcache /Users/fukushimatakumi/Library/Developer/Xcode/DerivedData/SDKStatCaches.noindex/iphonesimulator18.4-22E235-71825a6d136aa4733edcbe86ece5525b.sdkstatcache -fmessage-length\=0 -fdiagnostics-show-note-include-stack -fmacro-backtrace-limit\=0 -fno-color-diagnostics -fmodules-prune-interval\=86400 -fmodules-prune-after\=345600 -fbuild-session-file\=/Users/fukushimatakumi/Library/Developer/Xcode/DerivedData/ModuleCache.noindex/Session.modulevalidation -fmodules-validate-once-per-build-session -Wnon-modular-include-in-framework-module -Werror\=non-modular-include-in-framework-module -Wno-trigraphs -Wno-missing-field-initializers -Wno-missing-prototypes -Wno-return-type -Wno-non-virtual-dtor -Wno-overloaded-virtual -Wno-exit-time-destructors -Wno-missing-braces -Wparentheses -Wswitch -Wno-unused-function -Wno-unused-label -Wno-unused-parameter -Wno-unused-variable -Wunused-value -Wno-empty-body -Wno-uninitialized -Wno-unknown-pragmas -w -Wno-shadow -Wno-four-char-constants -Wno-conversion -Wno-constant-conversion -Wno-int-conversion -Wno-bool-conversion -Wno-enum-conversion -Wno-float-conversion -Wno-non-literal-null-conversion -Wno-objc-literal-conversion -Wshorten-64-to-32 -Wno-newline-eof -Wno-c++11-extensions -Wno-implicit-fallthrough -fstrict-aliasing -Wdeprecated-declarations -Winvalid-offsetof -Wno-sign-conversion -Wno-infinite-recursion -Wno-move -Wno-comma -Wno-block-capture-autoreleasing -Wno-strict-prototypes -Wno-range-loop-analysis -Wno-semicolon-before-method-body -index-store-path /Users/fukushimatakumi/Library/Developer/Xcode/DerivedData/SugarBeat-hgoxfxbbugxkfsbmqcjlbmjeaqyg/Index.noindex/DataStore @/Users/fukushimatakumi/Library/Developer/Xcode/DerivedData/SugarBeat-hgoxfxbbugxkfsbmqcjlbmjeaqyg/Build/Intermediates.noindex/leveldb.build/Debug-iphonesimulator/leveldb.build/Objects-normal/arm64/82b82416624d2658e5098eb0a28c15c5-common-args.resp -MMD -MT dependencies -MF /Users/fukushimatakumi/Library/Developer/Xcode/DerivedData/SugarBeat-hgoxfxbbugxkfsbmqcjlbmjeaqyg/Build/Intermediates.noindex/leveldb.build/Debug-iphonesimulator/leveldb.build/Objects-normal/arm64/version_edit.d --serialize-diagnostics /Users/fukushimatakumi/Library/Developer/Xcode/DerivedData/SugarBeat-hgoxfxbbugxkfsbmqcjlbmjeaqyg/Build/Intermediates.noindex/leveldb.build/Debug-iphonesimulator/leveldb.build/Objects-normal/arm64/version_edit.dia -c /Users/fukushimatakumi/Library/Developer/Xcode/DerivedData/SugarBeat-hgoxfxbbugxkfsbmqcjlbmjeaqyg/SourcePackages/checkouts/leveldb/db/version_edit.cc -o /Users/fukushimatakumi/Library/Developer/Xcode/DerivedData/SugarBeat-hgoxfxbbugxkfsbmqcjlbmjeaqyg/Build/Intermediates.noindex/leveldb.build/Debug-iphonesimulator/leveldb.build/Objects-normal/arm64/version_edit.o -index-unit-output-path /leveldb.build/Debug-iphonesimulator/leveldb.build/Objects-normal/arm64/version_edit.o

CompileC /Users/fukushimatakumi/Library/Developer/Xcode/DerivedData/SugarBeat-hgoxfxbbugxkfsbmqcjlbmjeaqyg/Build/Intermediates.noindex/leveldb.build/Debug-iphonesimulator/leveldb.build/Objects-normal/arm64/two_level_iterator.o /Users/fukushimatakumi/Library/Developer/Xcode/DerivedData/SugarBeat-hgoxfxbbugxkfsbmqcjlbmjeaqyg/SourcePackages/checkouts/leveldb/table/two_level_iterator.cc normal arm64 c++ com.apple.compilers.llvm.clang.1_0.compiler (in target 'leveldb' from project 'leveldb')
    cd /Users/fukushimatakumi/develop/sugarbeat/sugarbeat-front
    
    Using response file: /Users/fukushimatakumi/Library/Developer/Xcode/DerivedData/SugarBeat-hgoxfxbbugxkfsbmqcjlbmjeaqyg/Build/Intermediates.noindex/leveldb.build/Debug-iphonesimulator/leveldb.build/Objects-normal/arm64/82b82416624d2658e5098eb0a28c15c5-common-args.resp
    
    /Applications/Xcode.app/Contents/Developer/Toolchains/XcodeDefault.xctoolchain/usr/bin/clang -x c++ -ivfsstatcache /Users/fukushimatakumi/Library/Developer/Xcode/DerivedData/SDKStatCaches.noindex/iphonesimulator18.4-22E235-71825a6d136aa4733edcbe86ece5525b.sdkstatcache -fmessage-length\=0 -fdiagnostics-show-note-include-stack -fmacro-backtrace-limit\=0 -fno-color-diagnostics -fmodules-prune-interval\=86400 -fmodules-prune-after\=345600 -fbuild-session-file\=/Users/fukushimatakumi/Library/Developer/Xcode/DerivedData/ModuleCache.noindex/Session.modulevalidation -fmodules-validate-once-per-build-session -Wnon-modular-include-in-framework-module -Werror\=non-modular-include-in-framework-module -Wno-trigraphs -Wno-missing-field-initializers -Wno-missing-prototypes -Wno-return-type -Wno-non-virtual-dtor -Wno-overloaded-virtual -Wno-exit-time-destructors -Wno-missing-braces -Wparentheses -Wswitch -Wno-unused-function -Wno-unused-label -Wno-unused-parameter -Wno-unused-variable -Wunused-value -Wno-empty-body -Wno-uninitialized -Wno-unknown-pragmas -w -Wno-shadow -Wno-four-char-constants -Wno-conversion -Wno-constant-conversion -Wno-int-conversion -Wno-bool-conversion -Wno-enum-conversion -Wno-float-conversion -Wno-non-literal-null-conversion -Wno-objc-literal-conversion -Wshorten-64-to-32 -Wno-newline-eof -Wno-c++11-extensions -Wno-implicit-fallthrough -fstrict-aliasing -Wdeprecated-declarations -Winvalid-offsetof -Wno-sign-conversion -Wno-infinite-recursion -Wno-move -Wno-comma -Wno-block-capture-autoreleasing -Wno-strict-prototypes -Wno-range-loop-analysis -Wno-semicolon-before-method-body -index-store-path /Users/fukushimatakumi/Library/Developer/Xcode/DerivedData/SugarBeat-hgoxfxbbugxkfsbmqcjlbmjeaqyg/Index.noindex/DataStore @/Users/fukushimatakumi/Library/Developer/Xcode/DerivedData/SugarBeat-hgoxfxbbugxkfsbmqcjlbmjeaqyg/Build/Intermediates.noindex/leveldb.build/Debug-iphonesimulator/leveldb.build/Objects-normal/arm64/82b82416624d2658e5098eb0a28c15c5-common-args.resp -MMD -MT dependencies -MF /Users/fukushimatakumi/Library/Developer/Xcode/DerivedData/SugarBeat-hgoxfxbbugxkfsbmqcjlbmjeaqyg/Build/Intermediates.noindex/leveldb.build/Debug-iphonesimulator/leveldb.build/Objects-normal/arm64/two_level_iterator.d --serialize-diagnostics /Users/fukushimatakumi/Library/Developer/Xcode/DerivedData/SugarBeat-hgoxfxbbugxkfsbmqcjlbmjeaqyg/Build/Intermediates.noindex/leveldb.build/Debug-iphonesimulator/leveldb.build/Objects-normal/arm64/two_level_iterator.dia -c /Users/fukushimatakumi/Library/Developer/Xcode/DerivedData/SugarBeat-hgoxfxbbugxkfsbmqcjlbmjeaqyg/SourcePackages/checkouts/leveldb/table/two_level_iterator.cc -o /Users/fukushimatakumi/Library/Developer/Xcode/DerivedData/SugarBeat-hgoxfxbbugxkfsbmqcjlbmjeaqyg/Build/Intermediates.noindex/leveldb.build/Debug-iphonesimulator/leveldb.build/Objects-normal/arm64/two_level_iterator.o -index-unit-output-path /leveldb.build/Debug-iphonesimulator/leveldb.build/Objects-normal/arm64/two_level_iterator.o

CompileC /Users/fukushimatakumi/Library/Developer/Xcode/DerivedData/SugarBeat-hgoxfxbbugxkfsbmqcjlbmjeaqyg/Build/Intermediates.noindex/leveldb.build/Debug-iphonesimulator/leveldb.build/Objects-normal/arm64/table_cache.o /Users/fukushimatakumi/Library/Developer/Xcode/DerivedData/SugarBeat-hgoxfxbbugxkfsbmqcjlbmjeaqyg/SourcePackages/checkouts/leveldb/db/table_cache.cc normal arm64 c++ com.apple.compilers.llvm.clang.1_0.compiler (in target 'leveldb' from project 'leveldb')
    cd /Users/fukushimatakumi/develop/sugarbeat/sugarbeat-front
    
    Using response file: /Users/fukushimatakumi/Library/Developer/Xcode/DerivedData/SugarBeat-hgoxfxbbugxkfsbmqcjlbmjeaqyg/Build/Intermediates.noindex/leveldb.build/Debug-iphonesimulator/leveldb.build/Objects-normal/arm64/82b82416624d2658e5098eb0a28c15c5-common-args.resp
    
    /Applications/Xcode.app/Contents/Developer/Toolchains/XcodeDefault.xctoolchain/usr/bin/clang -x c++ -ivfsstatcache /Users/fukushimatakumi/Library/Developer/Xcode/DerivedData/SDKStatCaches.noindex/iphonesimulator18.4-22E235-71825a6d136aa4733edcbe86ece5525b.sdkstatcache -fmessage-length\=0 -fdiagnostics-show-note-include-stack -fmacro-backtrace-limit\=0 -fno-color-diagnostics -fmodules-prune-interval\=86400 -fmodules-prune-after\=345600 -fbuild-session-file\=/Users/fukushimatakumi/Library/Developer/Xcode/DerivedData/ModuleCache.noindex/Session.modulevalidation -fmodules-validate-once-per-build-session -Wnon-modular-include-in-framework-module -Werror\=non-modular-include-in-framework-module -Wno-trigraphs -Wno-missing-field-initializers -Wno-missing-prototypes -Wno-return-type -Wno-non-virtual-dtor -Wno-overloaded-virtual -Wno-exit-time-destructors -Wno-missing-braces -Wparentheses -Wswitch -Wno-unused-function -Wno-unused-label -Wno-unused-parameter -Wno-unused-variable -Wunused-value -Wno-empty-body -Wno-uninitialized -Wno-unknown-pragmas -w -Wno-shadow -Wno-four-char-constants -Wno-conversion -Wno-constant-conversion -Wno-int-conversion -Wno-bool-conversion -Wno-enum-conversion -Wno-float-conversion -Wno-non-literal-null-conversion -Wno-objc-literal-conversion -Wshorten-64-to-32 -Wno-newline-eof -Wno-c++11-extensions -Wno-implicit-fallthrough -fstrict-aliasing -Wdeprecated-declarations -Winvalid-offsetof -Wno-sign-conversion -Wno-infinite-recursion -Wno-move -Wno-comma -Wno-block-capture-autoreleasing -Wno-strict-prototypes -Wno-range-loop-analysis -Wno-semicolon-before-method-body -index-store-path /Users/fukushimatakumi/Library/Developer/Xcode/DerivedData/SugarBeat-hgoxfxbbugxkfsbmqcjlbmjeaqyg/Index.noindex/DataStore @/Users/fukushimatakumi/Library/Developer/Xcode/DerivedData/SugarBeat-hgoxfxbbugxkfsbmqcjlbmjeaqyg/Build/Intermediates.noindex/leveldb.build/Debug-iphonesimulator/leveldb.build/Objects-normal/arm64/82b82416624d2658e5098eb0a28c15c5-common-args.resp -MMD -MT dependencies -MF /Users/fukushimatakumi/Library/Developer/Xcode/DerivedData/SugarBeat-hgoxfxbbugxkfsbmqcjlbmjeaqyg/Build/Intermediates.noindex/leveldb.build/Debug-iphonesimulator/leveldb.build/Objects-normal/arm64/table_cache.d --serialize-diagnostics /Users/fukushimatakumi/Library/Developer/Xcode/DerivedData/SugarBeat-hgoxfxbbugxkfsbmqcjlbmjeaqyg/Build/Intermediates.noindex/leveldb.build/Debug-iphonesimulator/leveldb.build/Objects-normal/arm64/table_cache.dia -c /Users/fukushimatakumi/Library/Developer/Xcode/DerivedData/SugarBeat-hgoxfxbbugxkfsbmqcjlbmjeaqyg/SourcePackages/checkouts/leveldb/db/table_cache.cc -o /Users/fukushimatakumi/Library/Developer/Xcode/DerivedData/SugarBeat-hgoxfxbbugxkfsbmqcjlbmjeaqyg/Build/Intermediates.noindex/leveldb.build/Debug-iphonesimulator/leveldb.build/Objects-normal/arm64/table_cache.o -index-unit-output-path /leveldb.build/Debug-iphonesimulator/leveldb.build/Objects-normal/arm64/table_cache.o

CompileC /Users/fukushimatakumi/Library/Developer/Xcode/DerivedData/SugarBeat-hgoxfxbbugxkfsbmqcjlbmjeaqyg/Build/Intermediates.noindex/leveldb.build/Debug-iphonesimulator/leveldb.build/Objects-normal/arm64/table_builder.o /Users/fukushimatakumi/Library/Developer/Xcode/DerivedData/SugarBeat-hgoxfxbbugxkfsbmqcjlbmjeaqyg/SourcePackages/checkouts/leveldb/table/table_builder.cc normal arm64 c++ com.apple.compilers.llvm.clang.1_0.compiler (in target 'leveldb' from project 'leveldb')
    cd /Users/fukushimatakumi/develop/sugarbeat/sugarbeat-front
    
    Using response file: /Users/fukushimatakumi/Library/Developer/Xcode/DerivedData/SugarBeat-hgoxfxbbugxkfsbmqcjlbmjeaqyg/Build/Intermediates.noindex/leveldb.build/Debug-iphonesimulator/leveldb.build/Objects-normal/arm64/82b82416624d2658e5098eb0a28c15c5-common-args.resp
    
    /Applications/Xcode.app/Contents/Developer/Toolchains/XcodeDefault.xctoolchain/usr/bin/clang -x c++ -ivfsstatcache /Users/fukushimatakumi/Library/Developer/Xcode/DerivedData/SDKStatCaches.noindex/iphonesimulator18.4-22E235-71825a6d136aa4733edcbe86ece5525b.sdkstatcache -fmessage-length\=0 -fdiagnostics-show-note-include-stack -fmacro-backtrace-limit\=0 -fno-color-diagnostics -fmodules-prune-interval\=86400 -fmodules-prune-after\=345600 -fbuild-session-file\=/Users/fukushimatakumi/Library/Developer/Xcode/DerivedData/ModuleCache.noindex/Session.modulevalidation -fmodules-validate-once-per-build-session -Wnon-modular-include-in-framework-module -Werror\=non-modular-include-in-framework-module -Wno-trigraphs -Wno-missing-field-initializers -Wno-missing-prototypes -Wno-return-type -Wno-non-virtual-dtor -Wno-overloaded-virtual -Wno-exit-time-destructors -Wno-missing-braces -Wparentheses -Wswitch -Wno-unused-function -Wno-unused-label -Wno-unused-parameter -Wno-unused-variable -Wunused-value -Wno-empty-body -Wno-uninitialized -Wno-unknown-pragmas -w -Wno-shadow -Wno-four-char-constants -Wno-conversion -Wno-constant-conversion -Wno-int-conversion -Wno-bool-conversion -Wno-enum-conversion -Wno-float-conversion -Wno-non-literal-null-conversion -Wno-objc-literal-conversion -Wshorten-64-to-32 -Wno-newline-eof -Wno-c++11-extensions -Wno-implicit-fallthrough -fstrict-aliasing -Wdeprecated-declarations -Winvalid-offsetof -Wno-sign-conversion -Wno-infinite-recursion -Wno-move -Wno-comma -Wno-block-capture-autoreleasing -Wno-strict-prototypes -Wno-range-loop-analysis -Wno-semicolon-before-method-body -index-store-path /Users/fukushimatakumi/Library/Developer/Xcode/DerivedData/SugarBeat-hgoxfxbbugxkfsbmqcjlbmjeaqyg/Index.noindex/DataStore @/Users/fukushimatakumi/Library/Developer/Xcode/DerivedData/SugarBeat-hgoxfxbbugxkfsbmqcjlbmjeaqyg/Build/Intermediates.noindex/leveldb.build/Debug-iphonesimulator/leveldb.build/Objects-normal/arm64/82b82416624d2658e5098eb0a28c15c5-common-args.resp -MMD -MT dependencies -MF /Users/fukushimatakumi/Library/Developer/Xcode/DerivedData/SugarBeat-hgoxfxbbugxkfsbmqcjlbmjeaqyg/Build/Intermediates.noindex/leveldb.build/Debug-iphonesimulator/leveldb.build/Objects-normal/arm64/table_builder.d --serialize-diagnostics /Users/fukushimatakumi/Library/Developer/Xcode/DerivedData/SugarBeat-hgoxfxbbugxkfsbmqcjlbmjeaqyg/Build/Intermediates.noindex/leveldb.build/Debug-iphonesimulator/leveldb.build/Objects-normal/arm64/table_builder.dia -c /Users/fukushimatakumi/Library/Developer/Xcode/DerivedData/SugarBeat-hgoxfxbbugxkfsbmqcjlbmjeaqyg/SourcePackages/checkouts/leveldb/table/table_builder.cc -o /Users/fukushimatakumi/Library/Developer/Xcode/DerivedData/SugarBeat-hgoxfxbbugxkfsbmqcjlbmjeaqyg/Build/Intermediates.noindex/leveldb.build/Debug-iphonesimulator/leveldb.build/Objects-normal/arm64/table_builder.o -index-unit-output-path /leveldb.build/Debug-iphonesimulator/leveldb.build/Objects-normal/arm64/table_builder.o

CompileC /Users/fukushimatakumi/Library/Developer/Xcode/DerivedData/SugarBeat-hgoxfxbbugxkfsbmqcjlbmjeaqyg/Build/Intermediates.noindex/leveldb.build/Debug-iphonesimulator/leveldb.build/Objects-normal/arm64/table.o /Users/fukushimatakumi/Library/Developer/Xcode/DerivedData/SugarBeat-hgoxfxbbugxkfsbmqcjlbmjeaqyg/SourcePackages/checkouts/leveldb/table/table.cc normal arm64 c++ com.apple.compilers.llvm.clang.1_0.compiler (in target 'leveldb' from project 'leveldb')
    cd /Users/fukushimatakumi/develop/sugarbeat/sugarbeat-front
    
    Using response file: /Users/fukushimatakumi/Library/Developer/Xcode/DerivedData/SugarBeat-hgoxfxbbugxkfsbmqcjlbmjeaqyg/Build/Intermediates.noindex/leveldb.build/Debug-iphonesimulator/leveldb.build/Objects-normal/arm64/82b82416624d2658e5098eb0a28c15c5-common-args.resp
    
    /Applications/Xcode.app/Contents/Developer/Toolchains/XcodeDefault.xctoolchain/usr/bin/clang -x c++ -ivfsstatcache /Users/fukushimatakumi/Library/Developer/Xcode/DerivedData/SDKStatCaches.noindex/iphonesimulator18.4-22E235-71825a6d136aa4733edcbe86ece5525b.sdkstatcache -fmessage-length\=0 -fdiagnostics-show-note-include-stack -fmacro-backtrace-limit\=0 -fno-color-diagnostics -fmodules-prune-interval\=86400 -fmodules-prune-after\=345600 -fbuild-session-file\=/Users/fukushimatakumi/Library/Developer/Xcode/DerivedData/ModuleCache.noindex/Session.modulevalidation -fmodules-validate-once-per-build-session -Wnon-modular-include-in-framework-module -Werror\=non-modular-include-in-framework-module -Wno-trigraphs -Wno-missing-field-initializers -Wno-missing-prototypes -Wno-return-type -Wno-non-virtual-dtor -Wno-overloaded-virtual -Wno-exit-time-destructors -Wno-missing-braces -Wparentheses -Wswitch -Wno-unused-function -Wno-unused-label -Wno-unused-parameter -Wno-unused-variable -Wunused-value -Wno-empty-body -Wno-uninitialized -Wno-unknown-pragmas -w -Wno-shadow -Wno-four-char-constants -Wno-conversion -Wno-constant-conversion -Wno-int-conversion -Wno-bool-conversion -Wno-enum-conversion -Wno-float-conversion -Wno-non-literal-null-conversion -Wno-objc-literal-conversion -Wshorten-64-to-32 -Wno-newline-eof -Wno-c++11-extensions -Wno-implicit-fallthrough -fstrict-aliasing -Wdeprecated-declarations -Winvalid-offsetof -Wno-sign-conversion -Wno-infinite-recursion -Wno-move -Wno-comma -Wno-block-capture-autoreleasing -Wno-strict-prototypes -Wno-range-loop-analysis -Wno-semicolon-before-method-body -index-store-path /Users/fukushimatakumi/Library/Developer/Xcode/DerivedData/SugarBeat-hgoxfxbbugxkfsbmqcjlbmjeaqyg/Index.noindex/DataStore @/Users/fukushimatakumi/Library/Developer/Xcode/DerivedData/SugarBeat-hgoxfxbbugxkfsbmqcjlbmjeaqyg/Build/Intermediates.noindex/leveldb.build/Debug-iphonesimulator/leveldb.build/Objects-normal/arm64/82b82416624d2658e5098eb0a28c15c5-common-args.resp -MMD -MT dependencies -MF /Users/fukushimatakumi/Library/Developer/Xcode/DerivedData/SugarBeat-hgoxfxbbugxkfsbmqcjlbmjeaqyg/Build/Intermediates.noindex/leveldb.build/Debug-iphonesimulator/leveldb.build/Objects-normal/arm64/table.d --serialize-diagnostics /Users/fukushimatakumi/Library/Developer/Xcode/DerivedData/SugarBeat-hgoxfxbbugxkfsbmqcjlbmjeaqyg/Build/Intermediates.noindex/leveldb.build/Debug-iphonesimulator/leveldb.build/Objects-normal/arm64/table.dia -c /Users/fukushimatakumi/Library/Developer/Xcode/DerivedData/SugarBeat-hgoxfxbbugxkfsbmqcjlbmjeaqyg/SourcePackages/checkouts/leveldb/table/table.cc -o /Users/fukushimatakumi/Library/Developer/Xcode/DerivedData/SugarBeat-hgoxfxbbugxkfsbmqcjlbmjeaqyg/Build/Intermediates.noindex/leveldb.build/Debug-iphonesimulator/leveldb.build/Objects-normal/arm64/table.o -index-unit-output-path /leveldb.build/Debug-iphonesimulator/leveldb.build/Objects-normal/arm64/table.o

CompileC /Users/fukushimatakumi/Library/Developer/Xcode/DerivedData/SugarBeat-hgoxfxbbugxkfsbmqcjlbmjeaqyg/Build/Intermediates.noindex/leveldb.build/Debug-iphonesimulator/leveldb.build/Objects-normal/arm64/status.o /Users/fukushimatakumi/Library/Developer/Xcode/DerivedData/SugarBeat-hgoxfxbbugxkfsbmqcjlbmjeaqyg/SourcePackages/checkouts/leveldb/util/status.cc normal arm64 c++ com.apple.compilers.llvm.clang.1_0.compiler (in target 'leveldb' from project 'leveldb')
    cd /Users/fukushimatakumi/develop/sugarbeat/sugarbeat-front
    
    Using response file: /Users/fukushimatakumi/Library/Developer/Xcode/DerivedData/SugarBeat-hgoxfxbbugxkfsbmqcjlbmjeaqyg/Build/Intermediates.noindex/leveldb.build/Debug-iphonesimulator/leveldb.build/Objects-normal/arm64/82b82416624d2658e5098eb0a28c15c5-common-args.resp
    
    /Applications/Xcode.app/Contents/Developer/Toolchains/XcodeDefault.xctoolchain/usr/bin/clang -x c++ -ivfsstatcache /Users/fukushimatakumi/Library/Developer/Xcode/DerivedData/SDKStatCaches.noindex/iphonesimulator18.4-22E235-71825a6d136aa4733edcbe86ece5525b.sdkstatcache -fmessage-length\=0 -fdiagnostics-show-note-include-stack -fmacro-backtrace-limit\=0 -fno-color-diagnostics -fmodules-prune-interval\=86400 -fmodules-prune-after\=345600 -fbuild-session-file\=/Users/fukushimatakumi/Library/Developer/Xcode/DerivedData/ModuleCache.noindex/Session.modulevalidation -fmodules-validate-once-per-build-session -Wnon-modular-include-in-framework-module -Werror\=non-modular-include-in-framework-module -Wno-trigraphs -Wno-missing-field-initializers -Wno-missing-prototypes -Wno-return-type -Wno-non-virtual-dtor -Wno-overloaded-virtual -Wno-exit-time-destructors -Wno-missing-braces -Wparentheses -Wswitch -Wno-unused-function -Wno-unused-label -Wno-unused-parameter -Wno-unused-variable -Wunused-value -Wno-empty-body -Wno-uninitialized -Wno-unknown-pragmas -w -Wno-shadow -Wno-four-char-constants -Wno-conversion -Wno-constant-conversion -Wno-int-conversion -Wno-bool-conversion -Wno-enum-conversion -Wno-float-conversion -Wno-non-literal-null-conversion -Wno-objc-literal-conversion -Wshorten-64-to-32 -Wno-newline-eof -Wno-c++11-extensions -Wno-implicit-fallthrough -fstrict-aliasing -Wdeprecated-declarations -Winvalid-offsetof -Wno-sign-conversion -Wno-infinite-recursion -Wno-move -Wno-comma -Wno-block-capture-autoreleasing -Wno-strict-prototypes -Wno-range-loop-analysis -Wno-semicolon-before-method-body -index-store-path /Users/fukushimatakumi/Library/Developer/Xcode/DerivedData/SugarBeat-hgoxfxbbugxkfsbmqcjlbmjeaqyg/Index.noindex/DataStore @/Users/fukushimatakumi/Library/Developer/Xcode/DerivedData/SugarBeat-hgoxfxbbugxkfsbmqcjlbmjeaqyg/Build/Intermediates.noindex/leveldb.build/Debug-iphonesimulator/leveldb.build/Objects-normal/arm64/82b82416624d2658e5098eb0a28c15c5-common-args.resp -MMD -MT dependencies -MF /Users/fukushimatakumi/Library/Developer/Xcode/DerivedData/SugarBeat-hgoxfxbbugxkfsbmqcjlbmjeaqyg/Build/Intermediates.noindex/leveldb.build/Debug-iphonesimulator/leveldb.build/Objects-normal/arm64/status.d --serialize-diagnostics /Users/fukushimatakumi/Library/Developer/Xcode/DerivedData/SugarBeat-hgoxfxbbugxkfsbmqcjlbmjeaqyg/Build/Intermediates.noindex/leveldb.build/Debug-iphonesimulator/leveldb.build/Objects-normal/arm64/status.dia -c /Users/fukushimatakumi/Library/Developer/Xcode/DerivedData/SugarBeat-hgoxfxbbugxkfsbmqcjlbmjeaqyg/SourcePackages/checkouts/leveldb/util/status.cc -o /Users/fukushimatakumi/Library/Developer/Xcode/DerivedData/SugarBeat-hgoxfxbbugxkfsbmqcjlbmjeaqyg/Build/Intermediates.noindex/leveldb.build/Debug-iphonesimulator/leveldb.build/Objects-normal/arm64/status.o -index-unit-output-path /leveldb.build/Debug-iphonesimulator/leveldb.build/Objects-normal/arm64/status.o

CompileC /Users/fukushimatakumi/Library/Developer/Xcode/DerivedData/SugarBeat-hgoxfxbbugxkfsbmqcjlbmjeaqyg/Build/Intermediates.noindex/leveldb.build/Debug-iphonesimulator/leveldb.build/Objects-normal/arm64/repair.o /Users/fukushimatakumi/Library/Developer/Xcode/DerivedData/SugarBeat-hgoxfxbbugxkfsbmqcjlbmjeaqyg/SourcePackages/checkouts/leveldb/db/repair.cc normal arm64 c++ com.apple.compilers.llvm.clang.1_0.compiler (in target 'leveldb' from project 'leveldb')
    cd /Users/fukushimatakumi/develop/sugarbeat/sugarbeat-front
    
    Using response file: /Users/fukushimatakumi/Library/Developer/Xcode/DerivedData/SugarBeat-hgoxfxbbugxkfsbmqcjlbmjeaqyg/Build/Intermediates.noindex/leveldb.build/Debug-iphonesimulator/leveldb.build/Objects-normal/arm64/82b82416624d2658e5098eb0a28c15c5-common-args.resp
    
    /Applications/Xcode.app/Contents/Developer/Toolchains/XcodeDefault.xctoolchain/usr/bin/clang -x c++ -ivfsstatcache /Users/fukushimatakumi/Library/Developer/Xcode/DerivedData/SDKStatCaches.noindex/iphonesimulator18.4-22E235-71825a6d136aa4733edcbe86ece5525b.sdkstatcache -fmessage-length\=0 -fdiagnostics-show-note-include-stack -fmacro-backtrace-limit\=0 -fno-color-diagnostics -fmodules-prune-interval\=86400 -fmodules-prune-after\=345600 -fbuild-session-file\=/Users/fukushimatakumi/Library/Developer/Xcode/DerivedData/ModuleCache.noindex/Session.modulevalidation -fmodules-validate-once-per-build-session -Wnon-modular-include-in-framework-module -Werror\=non-modular-include-in-framework-module -Wno-trigraphs -Wno-missing-field-initializers -Wno-missing-prototypes -Wno-return-type -Wno-non-virtual-dtor -Wno-overloaded-virtual -Wno-exit-time-destructors -Wno-missing-braces -Wparentheses -Wswitch -Wno-unused-function -Wno-unused-label -Wno-unused-parameter -Wno-unused-variable -Wunused-value -Wno-empty-body -Wno-uninitialized -Wno-unknown-pragmas -w -Wno-shadow -Wno-four-char-constants -Wno-conversion -Wno-constant-conversion -Wno-int-conversion -Wno-bool-conversion -Wno-enum-conversion -Wno-float-conversion -Wno-non-literal-null-conversion -Wno-objc-literal-conversion -Wshorten-64-to-32 -Wno-newline-eof -Wno-c++11-extensions -Wno-implicit-fallthrough -fstrict-aliasing -Wdeprecated-declarations -Winvalid-offsetof -Wno-sign-conversion -Wno-infinite-recursion -Wno-move -Wno-comma -Wno-block-capture-autoreleasing -Wno-strict-prototypes -Wno-range-loop-analysis -Wno-semicolon-before-method-body -index-store-path /Users/fukushimatakumi/Library/Developer/Xcode/DerivedData/SugarBeat-hgoxfxbbugxkfsbmqcjlbmjeaqyg/Index.noindex/DataStore @/Users/fukushimatakumi/Library/Developer/Xcode/DerivedData/SugarBeat-hgoxfxbbugxkfsbmqcjlbmjeaqyg/Build/Intermediates.noindex/leveldb.build/Debug-iphonesimulator/leveldb.build/Objects-normal/arm64/82b82416624d2658e5098eb0a28c15c5-common-args.resp -MMD -MT dependencies -MF /Users/fukushimatakumi/Library/Developer/Xcode/DerivedData/SugarBeat-hgoxfxbbugxkfsbmqcjlbmjeaqyg/Build/Intermediates.noindex/leveldb.build/Debug-iphonesimulator/leveldb.build/Objects-normal/arm64/repair.d --serialize-diagnostics /Users/fukushimatakumi/Library/Developer/Xcode/DerivedData/SugarBeat-hgoxfxbbugxkfsbmqcjlbmjeaqyg/Build/Intermediates.noindex/leveldb.build/Debug-iphonesimulator/leveldb.build/Objects-normal/arm64/repair.dia -c /Users/fukushimatakumi/Library/Developer/Xcode/DerivedData/SugarBeat-hgoxfxbbugxkfsbmqcjlbmjeaqyg/SourcePackages/checkouts/leveldb/db/repair.cc -o /Users/fukushimatakumi/Library/Developer/Xcode/DerivedData/SugarBeat-hgoxfxbbugxkfsbmqcjlbmjeaqyg/Build/Intermediates.noindex/leveldb.build/Debug-iphonesimulator/leveldb.build/Objects-normal/arm64/repair.o -index-unit-output-path /leveldb.build/Debug-iphonesimulator/leveldb.build/Objects-normal/arm64/repair.o

CompileC /Users/fukushimatakumi/Library/Developer/Xcode/DerivedData/SugarBeat-hgoxfxbbugxkfsbmqcjlbmjeaqyg/Build/Intermediates.noindex/leveldb.build/Debug-iphonesimulator/leveldb.build/Objects-normal/arm64/options.o /Users/fukushimatakumi/Library/Developer/Xcode/DerivedData/SugarBeat-hgoxfxbbugxkfsbmqcjlbmjeaqyg/SourcePackages/checkouts/leveldb/util/options.cc normal arm64 c++ com.apple.compilers.llvm.clang.1_0.compiler (in target 'leveldb' from project 'leveldb')
    cd /Users/fukushimatakumi/develop/sugarbeat/sugarbeat-front
    
    Using response file: /Users/fukushimatakumi/Library/Developer/Xcode/DerivedData/SugarBeat-hgoxfxbbugxkfsbmqcjlbmjeaqyg/Build/Intermediates.noindex/leveldb.build/Debug-iphonesimulator/leveldb.build/Objects-normal/arm64/82b82416624d2658e5098eb0a28c15c5-common-args.resp
    
    /Applications/Xcode.app/Contents/Developer/Toolchains/XcodeDefault.xctoolchain/usr/bin/clang -x c++ -ivfsstatcache /Users/fukushimatakumi/Library/Developer/Xcode/DerivedData/SDKStatCaches.noindex/iphonesimulator18.4-22E235-71825a6d136aa4733edcbe86ece5525b.sdkstatcache -fmessage-length\=0 -fdiagnostics-show-note-include-stack -fmacro-backtrace-limit\=0 -fno-color-diagnostics -fmodules-prune-interval\=86400 -fmodules-prune-after\=345600 -fbuild-session-file\=/Users/fukushimatakumi/Library/Developer/Xcode/DerivedData/ModuleCache.noindex/Session.modulevalidation -fmodules-validate-once-per-build-session -Wnon-modular-include-in-framework-module -Werror\=non-modular-include-in-framework-module -Wno-trigraphs -Wno-missing-field-initializers -Wno-missing-prototypes -Wno-return-type -Wno-non-virtual-dtor -Wno-overloaded-virtual -Wno-exit-time-destructors -Wno-missing-braces -Wparentheses -Wswitch -Wno-unused-function -Wno-unused-label -Wno-unused-parameter -Wno-unused-variable -Wunused-value -Wno-empty-body -Wno-uninitialized -Wno-unknown-pragmas -w -Wno-shadow -Wno-four-char-constants -Wno-conversion -Wno-constant-conversion -Wno-int-conversion -Wno-bool-conversion -Wno-enum-conversion -Wno-float-conversion -Wno-non-literal-null-conversion -Wno-objc-literal-conversion -Wshorten-64-to-32 -Wno-newline-eof -Wno-c++11-extensions -Wno-implicit-fallthrough -fstrict-aliasing -Wdeprecated-declarations -Winvalid-offsetof -Wno-sign-conversion -Wno-infinite-recursion -Wno-move -Wno-comma -Wno-block-capture-autoreleasing -Wno-strict-prototypes -Wno-range-loop-analysis -Wno-semicolon-before-method-body -index-store-path /Users/fukushimatakumi/Library/Developer/Xcode/DerivedData/SugarBeat-hgoxfxbbugxkfsbmqcjlbmjeaqyg/Index.noindex/DataStore @/Users/fukushimatakumi/Library/Developer/Xcode/DerivedData/SugarBeat-hgoxfxbbugxkfsbmqcjlbmjeaqyg/Build/Intermediates.noindex/leveldb.build/Debug-iphonesimulator/leveldb.build/Objects-normal/arm64/82b82416624d2658e5098eb0a28c15c5-common-args.resp -MMD -MT dependencies -MF /Users/fukushimatakumi/Library/Developer/Xcode/DerivedData/SugarBeat-hgoxfxbbugxkfsbmqcjlbmjeaqyg/Build/Intermediates.noindex/leveldb.build/Debug-iphonesimulator/leveldb.build/Objects-normal/arm64/options.d --serialize-diagnostics /Users/fukushimatakumi/Library/Developer/Xcode/DerivedData/SugarBeat-hgoxfxbbugxkfsbmqcjlbmjeaqyg/Build/Intermediates.noindex/leveldb.build/Debug-iphonesimulator/leveldb.build/Objects-normal/arm64/options.dia -c /Users/fukushimatakumi/Library/Developer/Xcode/DerivedData/SugarBeat-hgoxfxbbugxkfsbmqcjlbmjeaqyg/SourcePackages/checkouts/leveldb/util/options.cc -o /Users/fukushimatakumi/Library/Developer/Xcode/DerivedData/SugarBeat-hgoxfxbbugxkfsbmqcjlbmjeaqyg/Build/Intermediates.noindex/leveldb.build/Debug-iphonesimulator/leveldb.build/Objects-normal/arm64/options.o -index-unit-output-path /leveldb.build/Debug-iphonesimulator/leveldb.build/Objects-normal/arm64/options.o

Ld /Users/fukushimatakumi/Library/Developer/Xcode/DerivedData/SugarBeat-hgoxfxbbugxkfsbmqcjlbmjeaqyg/Build/Products/Debug-iphonesimulator/RecaptchaInterop.o normal (in target 'RecaptchaInterop' from project 'InteropForGoogle')
    cd /Users/fukushimatakumi/Library/Developer/Xcode/DerivedData/SugarBeat-hgoxfxbbugxkfsbmqcjlbmjeaqyg/SourcePackages/checkouts/interop-ios-for-google-sdks
    /Applications/Xcode.app/Contents/Developer/Toolchains/XcodeDefault.xctoolchain/usr/bin/clang -Xlinker -reproducible -target arm64-apple-ios12.0-simulator -r -isysroot /Applications/Xcode.app/Contents/Developer/Platforms/iPhoneSimulator.platform/Developer/SDKs/iPhoneSimulator18.4.sdk -O0 -w -L/Users/fukushimatakumi/Library/Developer/Xcode/DerivedData/SugarBeat-hgoxfxbbugxkfsbmqcjlbmjeaqyg/Build/Intermediates.noindex/EagerLinkingTBDs/Debug-iphonesimulator -L/Users/fukushimatakumi/Library/Developer/Xcode/DerivedData/SugarBeat-hgoxfxbbugxkfsbmqcjlbmjeaqyg/Build/Products/Debug-iphonesimulator -L/Applications/Xcode.app/Contents/Developer/Platforms/iPhoneSimulator.platform/Developer/usr/lib -F/Users/fukushimatakumi/Library/Developer/Xcode/DerivedData/SugarBeat-hgoxfxbbugxkfsbmqcjlbmjeaqyg/Build/Intermediates.noindex/EagerLinkingTBDs/Debug-iphonesimulator -F/Users/fukushimatakumi/Library/Developer/Xcode/DerivedData/SugarBeat-hgoxfxbbugxkfsbmqcjlbmjeaqyg/Build/Products/Debug-iphonesimulator -iframework /Applications/Xcode.app/Contents/Developer/Platforms/iPhoneSimulator.platform/Developer/Library/Frameworks -iframework /Applications/Xcode.app/Contents/Developer/Platforms/iPhoneSimulator.platform/Developer/SDKs/iPhoneSimulator18.4.sdk/Developer/Library/Frameworks -filelist /Users/fukushimatakumi/Library/Developer/Xcode/DerivedData/SugarBeat-hgoxfxbbugxkfsbmqcjlbmjeaqyg/Build/Intermediates.noindex/InteropForGoogle.build/Debug-iphonesimulator/RecaptchaInterop.build/Objects-normal/arm64/RecaptchaInterop.LinkFileList -nostdlib -Xlinker -object_path_lto -Xlinker /Users/fukushimatakumi/Library/Developer/Xcode/DerivedData/SugarBeat-hgoxfxbbugxkfsbmqcjlbmjeaqyg/Build/Intermediates.noindex/InteropForGoogle.build/Debug-iphonesimulator/RecaptchaInterop.build/Objects-normal/arm64/RecaptchaInterop_lto.o -rdynamic -Xlinker -no_deduplicate -Xlinker -objc_abi_version -Xlinker 2 -Xlinker -dependency_info -Xlinker /Users/fukushimatakumi/Library/Developer/Xcode/DerivedData/SugarBeat-hgoxfxbbugxkfsbmqcjlbmjeaqyg/Build/Intermediates.noindex/InteropForGoogle.build/Debug-iphonesimulator/RecaptchaInterop.build/Objects-normal/arm64/RecaptchaInterop_dependency_info.dat -fobjc-arc -fobjc-link-runtime -o /Users/fukushimatakumi/Library/Developer/Xcode/DerivedData/SugarBeat-hgoxfxbbugxkfsbmqcjlbmjeaqyg/Build/Products/Debug-iphonesimulator/RecaptchaInterop.o

Copy /Users/fukushimatakumi/Library/Developer/Xcode/DerivedData/SugarBeat-hgoxfxbbugxkfsbmqcjlbmjeaqyg/Build/Intermediates.noindex/GeneratedModuleMaps-iphonesimulator/GoogleMobileAdsTarget.modulemap /Users/fukushimatakumi/Library/Developer/Xcode/DerivedData/SugarBeat-hgoxfxbbugxkfsbmqcjlbmjeaqyg/Build/Intermediates.noindex/GoogleMobileAds.build/Debug-iphonesimulator/GoogleMobileAdsTarget.build/GoogleMobileAdsTarget.modulemap (in target 'GoogleMobileAdsTarget' from project 'GoogleMobileAds')
    cd /Users/fukushimatakumi/Library/Developer/Xcode/DerivedData/SugarBeat-hgoxfxbbugxkfsbmqcjlbmjeaqyg/SourcePackages/checkouts/swift-package-manager-google-mobile-ads
    builtin-copy -exclude .DS_Store -exclude CVS -exclude .svn -exclude .git -exclude .hg -resolve-src-symlinks /Users/fukushimatakumi/Library/Developer/Xcode/DerivedData/SugarBeat-hgoxfxbbugxkfsbmqcjlbmjeaqyg/Build/Intermediates.noindex/GoogleMobileAds.build/Debug-iphonesimulator/GoogleMobileAdsTarget.build/GoogleMobileAdsTarget.modulemap /Users/fukushimatakumi/Library/Developer/Xcode/DerivedData/SugarBeat-hgoxfxbbugxkfsbmqcjlbmjeaqyg/Build/Intermediates.noindex/GeneratedModuleMaps-iphonesimulator

SwiftEmitModule normal arm64 Emitting\ module\ for\ FirebaseSharedSwift (in target 'FirebaseSharedSwift' from project 'Firebase')

EmitSwiftModule normal arm64 (in target 'FirebaseSharedSwift' from project 'Firebase')
    cd /Users/fukushimatakumi/develop/sugarbeat/sugarbeat-front
    

Ld /Users/fukushimatakumi/Library/Developer/Xcode/DerivedData/SugarBeat-hgoxfxbbugxkfsbmqcjlbmjeaqyg/Build/Products/Debug-iphonesimulator/FirebaseAuthInterop.o normal (in target 'FirebaseAuthInterop' from project 'Firebase')
    cd /Users/fukushimatakumi/Library/Developer/Xcode/DerivedData/SugarBeat-hgoxfxbbugxkfsbmqcjlbmjeaqyg/SourcePackages/checkouts/firebase-ios-sdk
    /Applications/Xcode.app/Contents/Developer/Toolchains/XcodeDefault.xctoolchain/usr/bin/clang -Xlinker -reproducible -target arm64-apple-ios15.0-simulator -r -isysroot /Applications/Xcode.app/Contents/Developer/Platforms/iPhoneSimulator.platform/Developer/SDKs/iPhoneSimulator18.4.sdk -O0 -w -L/Users/fukushimatakumi/Library/Developer/Xcode/DerivedData/SugarBeat-hgoxfxbbugxkfsbmqcjlbmjeaqyg/Build/Intermediates.noindex/EagerLinkingTBDs/Debug-iphonesimulator -L/Users/fukushimatakumi/Library/Developer/Xcode/DerivedData/SugarBeat-hgoxfxbbugxkfsbmqcjlbmjeaqyg/Build/Products/Debug-iphonesimulator -L/Applications/Xcode.app/Contents/Developer/Platforms/iPhoneSimulator.platform/Developer/usr/lib -F/Users/fukushimatakumi/Library/Developer/Xcode/DerivedData/SugarBeat-hgoxfxbbugxkfsbmqcjlbmjeaqyg/Build/Intermediates.noindex/EagerLinkingTBDs/Debug-iphonesimulator -F/Users/fukushimatakumi/Library/Developer/Xcode/DerivedData/SugarBeat-hgoxfxbbugxkfsbmqcjlbmjeaqyg/Build/Products/Debug-iphonesimulator -iframework /Applications/Xcode.app/Contents/Developer/Platforms/iPhoneSimulator.platform/Developer/Library/Frameworks -iframework /Applications/Xcode.app/Contents/Developer/Platforms/iPhoneSimulator.platform/Developer/SDKs/iPhoneSimulator18.4.sdk/Developer/Library/Frameworks -filelist /Users/fukushimatakumi/Library/Developer/Xcode/DerivedData/SugarBeat-hgoxfxbbugxkfsbmqcjlbmjeaqyg/Build/Intermediates.noindex/Firebase.build/Debug-iphonesimulator/FirebaseAuthInterop.build/Objects-normal/arm64/FirebaseAuthInterop.LinkFileList -nostdlib -Xlinker -object_path_lto -Xlinker /Users/fukushimatakumi/Library/Developer/Xcode/DerivedData/SugarBeat-hgoxfxbbugxkfsbmqcjlbmjeaqyg/Build/Intermediates.noindex/Firebase.build/Debug-iphonesimulator/FirebaseAuthInterop.build/Objects-normal/arm64/FirebaseAuthInterop_lto.o -rdynamic -Xlinker -no_deduplicate -Xlinker -objc_abi_version -Xlinker 2 -Xlinker -dependency_info -Xlinker /Users/fukushimatakumi/Library/Developer/Xcode/DerivedData/SugarBeat-hgoxfxbbugxkfsbmqcjlbmjeaqyg/Build/Intermediates.noindex/Firebase.build/Debug-iphonesimulator/FirebaseAuthInterop.build/Objects-normal/arm64/FirebaseAuthInterop_dependency_info.dat -fobjc-arc -fobjc-link-runtime -o /Users/fukushimatakumi/Library/Developer/Xcode/DerivedData/SugarBeat-hgoxfxbbugxkfsbmqcjlbmjeaqyg/Build/Products/Debug-iphonesimulator/FirebaseAuthInterop.o

Ld /Users/fukushimatakumi/Library/Developer/Xcode/DerivedData/SugarBeat-hgoxfxbbugxkfsbmqcjlbmjeaqyg/Build/Products/Debug-iphonesimulator/FirebaseAppCheckInterop.o normal (in target 'FirebaseAppCheckInterop' from project 'Firebase')
    cd /Users/fukushimatakumi/Library/Developer/Xcode/DerivedData/SugarBeat-hgoxfxbbugxkfsbmqcjlbmjeaqyg/SourcePackages/checkouts/firebase-ios-sdk
    /Applications/Xcode.app/Contents/Developer/Toolchains/XcodeDefault.xctoolchain/usr/bin/clang -Xlinker -reproducible -target arm64-apple-ios15.0-simulator -r -isysroot /Applications/Xcode.app/Contents/Developer/Platforms/iPhoneSimulator.platform/Developer/SDKs/iPhoneSimulator18.4.sdk -O0 -w -L/Users/fukushimatakumi/Library/Developer/Xcode/DerivedData/SugarBeat-hgoxfxbbugxkfsbmqcjlbmjeaqyg/Build/Intermediates.noindex/EagerLinkingTBDs/Debug-iphonesimulator -L/Users/fukushimatakumi/Library/Developer/Xcode/DerivedData/SugarBeat-hgoxfxbbugxkfsbmqcjlbmjeaqyg/Build/Products/Debug-iphonesimulator -L/Applications/Xcode.app/Contents/Developer/Platforms/iPhoneSimulator.platform/Developer/usr/lib -F/Users/fukushimatakumi/Library/Developer/Xcode/DerivedData/SugarBeat-hgoxfxbbugxkfsbmqcjlbmjeaqyg/Build/Intermediates.noindex/EagerLinkingTBDs/Debug-iphonesimulator -F/Users/fukushimatakumi/Library/Developer/Xcode/DerivedData/SugarBeat-hgoxfxbbugxkfsbmqcjlbmjeaqyg/Build/Products/Debug-iphonesimulator -iframework /Applications/Xcode.app/Contents/Developer/Platforms/iPhoneSimulator.platform/Developer/Library/Frameworks -iframework /Applications/Xcode.app/Contents/Developer/Platforms/iPhoneSimulator.platform/Developer/SDKs/iPhoneSimulator18.4.sdk/Developer/Library/Frameworks -filelist /Users/fukushimatakumi/Library/Developer/Xcode/DerivedData/SugarBeat-hgoxfxbbugxkfsbmqcjlbmjeaqyg/Build/Intermediates.noindex/Firebase.build/Debug-iphonesimulator/FirebaseAppCheckInterop.build/Objects-normal/arm64/FirebaseAppCheckInterop.LinkFileList -nostdlib -Xlinker -object_path_lto -Xlinker /Users/fukushimatakumi/Library/Developer/Xcode/DerivedData/SugarBeat-hgoxfxbbugxkfsbmqcjlbmjeaqyg/Build/Intermediates.noindex/Firebase.build/Debug-iphonesimulator/FirebaseAppCheckInterop.build/Objects-normal/arm64/FirebaseAppCheckInterop_lto.o -rdynamic -Xlinker -no_deduplicate -Xlinker -objc_abi_version -Xlinker 2 -Xlinker -dependency_info -Xlinker /Users/fukushimatakumi/Library/Developer/Xcode/DerivedData/SugarBeat-hgoxfxbbugxkfsbmqcjlbmjeaqyg/Build/Intermediates.noindex/Firebase.build/Debug-iphonesimulator/FirebaseAppCheckInterop.build/Objects-normal/arm64/FirebaseAppCheckInterop_dependency_info.dat -fobjc-arc -fobjc-link-runtime -o /Users/fukushimatakumi/Library/Developer/Xcode/DerivedData/SugarBeat-hgoxfxbbugxkfsbmqcjlbmjeaqyg/Build/Products/Debug-iphonesimulator/FirebaseAppCheckInterop.o

Ld /Users/fukushimatakumi/Library/Developer/Xcode/DerivedData/SugarBeat-hgoxfxbbugxkfsbmqcjlbmjeaqyg/Build/Products/Debug-iphonesimulator/Firebase.o normal (in target 'Firebase' from project 'Firebase')
    cd /Users/fukushimatakumi/Library/Developer/Xcode/DerivedData/SugarBeat-hgoxfxbbugxkfsbmqcjlbmjeaqyg/SourcePackages/checkouts/firebase-ios-sdk
    /Applications/Xcode.app/Contents/Developer/Toolchains/XcodeDefault.xctoolchain/usr/bin/clang -Xlinker -reproducible -target arm64-apple-ios15.0-simulator -r -isysroot /Applications/Xcode.app/Contents/Developer/Platforms/iPhoneSimulator.platform/Developer/SDKs/iPhoneSimulator18.4.sdk -O0 -w -L/Users/fukushimatakumi/Library/Developer/Xcode/DerivedData/SugarBeat-hgoxfxbbugxkfsbmqcjlbmjeaqyg/Build/Intermediates.noindex/EagerLinkingTBDs/Debug-iphonesimulator -L/Users/fukushimatakumi/Library/Developer/Xcode/DerivedData/SugarBeat-hgoxfxbbugxkfsbmqcjlbmjeaqyg/Build/Products/Debug-iphonesimulator -L/Applications/Xcode.app/Contents/Developer/Platforms/iPhoneSimulator.platform/Developer/usr/lib -F/Users/fukushimatakumi/Library/Developer/Xcode/DerivedData/SugarBeat-hgoxfxbbugxkfsbmqcjlbmjeaqyg/Build/Intermediates.noindex/EagerLinkingTBDs/Debug-iphonesimulator -F/Users/fukushimatakumi/Library/Developer/Xcode/DerivedData/SugarBeat-hgoxfxbbugxkfsbmqcjlbmjeaqyg/Build/Products/Debug-iphonesimulator -iframework /Applications/Xcode.app/Contents/Developer/Platforms/iPhoneSimulator.platform/Developer/Library/Frameworks -iframework /Applications/Xcode.app/Contents/Developer/Platforms/iPhoneSimulator.platform/Developer/SDKs/iPhoneSimulator18.4.sdk/Developer/Library/Frameworks -filelist /Users/fukushimatakumi/Library/Developer/Xcode/DerivedData/SugarBeat-hgoxfxbbugxkfsbmqcjlbmjeaqyg/Build/Intermediates.noindex/Firebase.build/Debug-iphonesimulator/Firebase.build/Objects-normal/arm64/Firebase.LinkFileList -nostdlib -Xlinker -object_path_lto -Xlinker /Users/fukushimatakumi/Library/Developer/Xcode/DerivedData/SugarBeat-hgoxfxbbugxkfsbmqcjlbmjeaqyg/Build/Intermediates.noindex/Firebase.build/Debug-iphonesimulator/Firebase.build/Objects-normal/arm64/Firebase_lto.o -rdynamic -Xlinker -no_deduplicate -Xlinker -objc_abi_version -Xlinker 2 -Xlinker -dependency_info -Xlinker /Users/fukushimatakumi/Library/Developer/Xcode/DerivedData/SugarBeat-hgoxfxbbugxkfsbmqcjlbmjeaqyg/Build/Intermediates.noindex/Firebase.build/Debug-iphonesimulator/Firebase.build/Objects-normal/arm64/Firebase_dependency_info.dat -fobjc-arc -fobjc-link-runtime -o /Users/fukushimatakumi/Library/Developer/Xcode/DerivedData/SugarBeat-hgoxfxbbugxkfsbmqcjlbmjeaqyg/Build/Products/Debug-iphonesimulator/Firebase.o

CompileC /Users/fukushimatakumi/Library/Developer/Xcode/DerivedData/SugarBeat-hgoxfxbbugxkfsbmqcjlbmjeaqyg/Build/Intermediates.noindex/leveldb.build/Debug-iphonesimulator/leveldb.build/Objects-normal/arm64/merger.o /Users/fukushimatakumi/Library/Developer/Xcode/DerivedData/SugarBeat-hgoxfxbbugxkfsbmqcjlbmjeaqyg/SourcePackages/checkouts/leveldb/table/merger.cc normal arm64 c++ com.apple.compilers.llvm.clang.1_0.compiler (in target 'leveldb' from project 'leveldb')
    cd /Users/fukushimatakumi/develop/sugarbeat/sugarbeat-front
    
    Using response file: /Users/fukushimatakumi/Library/Developer/Xcode/DerivedData/SugarBeat-hgoxfxbbugxkfsbmqcjlbmjeaqyg/Build/Intermediates.noindex/leveldb.build/Debug-iphonesimulator/leveldb.build/Objects-normal/arm64/82b82416624d2658e5098eb0a28c15c5-common-args.resp
    
    /Applications/Xcode.app/Contents/Developer/Toolchains/XcodeDefault.xctoolchain/usr/bin/clang -x c++ -ivfsstatcache /Users/fukushimatakumi/Library/Developer/Xcode/DerivedData/SDKStatCaches.noindex/iphonesimulator18.4-22E235-71825a6d136aa4733edcbe86ece5525b.sdkstatcache -fmessage-length\=0 -fdiagnostics-show-note-include-stack -fmacro-backtrace-limit\=0 -fno-color-diagnostics -fmodules-prune-interval\=86400 -fmodules-prune-after\=345600 -fbuild-session-file\=/Users/fukushimatakumi/Library/Developer/Xcode/DerivedData/ModuleCache.noindex/Session.modulevalidation -fmodules-validate-once-per-build-session -Wnon-modular-include-in-framework-module -Werror\=non-modular-include-in-framework-module -Wno-trigraphs -Wno-missing-field-initializers -Wno-missing-prototypes -Wno-return-type -Wno-non-virtual-dtor -Wno-overloaded-virtual -Wno-exit-time-destructors -Wno-missing-braces -Wparentheses -Wswitch -Wno-unused-function -Wno-unused-label -Wno-unused-parameter -Wno-unused-variable -Wunused-value -Wno-empty-body -Wno-uninitialized -Wno-unknown-pragmas -w -Wno-shadow -Wno-four-char-constants -Wno-conversion -Wno-constant-conversion -Wno-int-conversion -Wno-bool-conversion -Wno-enum-conversion -Wno-float-conversion -Wno-non-literal-null-conversion -Wno-objc-literal-conversion -Wshorten-64-to-32 -Wno-newline-eof -Wno-c++11-extensions -Wno-implicit-fallthrough -fstrict-aliasing -Wdeprecated-declarations -Winvalid-offsetof -Wno-sign-conversion -Wno-infinite-recursion -Wno-move -Wno-comma -Wno-block-capture-autoreleasing -Wno-strict-prototypes -Wno-range-loop-analysis -Wno-semicolon-before-method-body -index-store-path /Users/fukushimatakumi/Library/Developer/Xcode/DerivedData/SugarBeat-hgoxfxbbugxkfsbmqcjlbmjeaqyg/Index.noindex/DataStore @/Users/fukushimatakumi/Library/Developer/Xcode/DerivedData/SugarBeat-hgoxfxbbugxkfsbmqcjlbmjeaqyg/Build/Intermediates.noindex/leveldb.build/Debug-iphonesimulator/leveldb.build/Objects-normal/arm64/82b82416624d2658e5098eb0a28c15c5-common-args.resp -MMD -MT dependencies -MF /Users/fukushimatakumi/Library/Developer/Xcode/DerivedData/SugarBeat-hgoxfxbbugxkfsbmqcjlbmjeaqyg/Build/Intermediates.noindex/leveldb.build/Debug-iphonesimulator/leveldb.build/Objects-normal/arm64/merger.d --serialize-diagnostics /Users/fukushimatakumi/Library/Developer/Xcode/DerivedData/SugarBeat-hgoxfxbbugxkfsbmqcjlbmjeaqyg/Build/Intermediates.noindex/leveldb.build/Debug-iphonesimulator/leveldb.build/Objects-normal/arm64/merger.dia -c /Users/fukushimatakumi/Library/Developer/Xcode/DerivedData/SugarBeat-hgoxfxbbugxkfsbmqcjlbmjeaqyg/SourcePackages/checkouts/leveldb/table/merger.cc -o /Users/fukushimatakumi/Library/Developer/Xcode/DerivedData/SugarBeat-hgoxfxbbugxkfsbmqcjlbmjeaqyg/Build/Intermediates.noindex/leveldb.build/Debug-iphonesimulator/leveldb.build/Objects-normal/arm64/merger.o -index-unit-output-path /leveldb.build/Debug-iphonesimulator/leveldb.build/Objects-normal/arm64/merger.o

CompileC /Users/fukushimatakumi/Library/Developer/Xcode/DerivedData/SugarBeat-hgoxfxbbugxkfsbmqcjlbmjeaqyg/Build/Intermediates.noindex/leveldb.build/Debug-iphonesimulator/leveldb.build/Objects-normal/arm64/memtable.o /Users/fukushimatakumi/Library/Developer/Xcode/DerivedData/SugarBeat-hgoxfxbbugxkfsbmqcjlbmjeaqyg/SourcePackages/checkouts/leveldb/db/memtable.cc normal arm64 c++ com.apple.compilers.llvm.clang.1_0.compiler (in target 'leveldb' from project 'leveldb')
    cd /Users/fukushimatakumi/develop/sugarbeat/sugarbeat-front
    
    Using response file: /Users/fukushimatakumi/Library/Developer/Xcode/DerivedData/SugarBeat-hgoxfxbbugxkfsbmqcjlbmjeaqyg/Build/Intermediates.noindex/leveldb.build/Debug-iphonesimulator/leveldb.build/Objects-normal/arm64/82b82416624d2658e5098eb0a28c15c5-common-args.resp
    
    /Applications/Xcode.app/Contents/Developer/Toolchains/XcodeDefault.xctoolchain/usr/bin/clang -x c++ -ivfsstatcache /Users/fukushimatakumi/Library/Developer/Xcode/DerivedData/SDKStatCaches.noindex/iphonesimulator18.4-22E235-71825a6d136aa4733edcbe86ece5525b.sdkstatcache -fmessage-length\=0 -fdiagnostics-show-note-include-stack -fmacro-backtrace-limit\=0 -fno-color-diagnostics -fmodules-prune-interval\=86400 -fmodules-prune-after\=345600 -fbuild-session-file\=/Users/fukushimatakumi/Library/Developer/Xcode/DerivedData/ModuleCache.noindex/Session.modulevalidation -fmodules-validate-once-per-build-session -Wnon-modular-include-in-framework-module -Werror\=non-modular-include-in-framework-module -Wno-trigraphs -Wno-missing-field-initializers -Wno-missing-prototypes -Wno-return-type -Wno-non-virtual-dtor -Wno-overloaded-virtual -Wno-exit-time-destructors -Wno-missing-braces -Wparentheses -Wswitch -Wno-unused-function -Wno-unused-label -Wno-unused-parameter -Wno-unused-variable -Wunused-value -Wno-empty-body -Wno-uninitialized -Wno-unknown-pragmas -w -Wno-shadow -Wno-four-char-constants -Wno-conversion -Wno-constant-conversion -Wno-int-conversion -Wno-bool-conversion -Wno-enum-conversion -Wno-float-conversion -Wno-non-literal-null-conversion -Wno-objc-literal-conversion -Wshorten-64-to-32 -Wno-newline-eof -Wno-c++11-extensions -Wno-implicit-fallthrough -fstrict-aliasing -Wdeprecated-declarations -Winvalid-offsetof -Wno-sign-conversion -Wno-infinite-recursion -Wno-move -Wno-comma -Wno-block-capture-autoreleasing -Wno-strict-prototypes -Wno-range-loop-analysis -Wno-semicolon-before-method-body -index-store-path /Users/fukushimatakumi/Library/Developer/Xcode/DerivedData/SugarBeat-hgoxfxbbugxkfsbmqcjlbmjeaqyg/Index.noindex/DataStore @/Users/fukushimatakumi/Library/Developer/Xcode/DerivedData/SugarBeat-hgoxfxbbugxkfsbmqcjlbmjeaqyg/Build/Intermediates.noindex/leveldb.build/Debug-iphonesimulator/leveldb.build/Objects-normal/arm64/82b82416624d2658e5098eb0a28c15c5-common-args.resp -MMD -MT dependencies -MF /Users/fukushimatakumi/Library/Developer/Xcode/DerivedData/SugarBeat-hgoxfxbbugxkfsbmqcjlbmjeaqyg/Build/Intermediates.noindex/leveldb.build/Debug-iphonesimulator/leveldb.build/Objects-normal/arm64/memtable.d --serialize-diagnostics /Users/fukushimatakumi/Library/Developer/Xcode/DerivedData/SugarBeat-hgoxfxbbugxkfsbmqcjlbmjeaqyg/Build/Intermediates.noindex/leveldb.build/Debug-iphonesimulator/leveldb.build/Objects-normal/arm64/memtable.dia -c /Users/fukushimatakumi/Library/Developer/Xcode/DerivedData/SugarBeat-hgoxfxbbugxkfsbmqcjlbmjeaqyg/SourcePackages/checkouts/leveldb/db/memtable.cc -o /Users/fukushimatakumi/Library/Developer/Xcode/DerivedData/SugarBeat-hgoxfxbbugxkfsbmqcjlbmjeaqyg/Build/Intermediates.noindex/leveldb.build/Debug-iphonesimulator/leveldb.build/Objects-normal/arm64/memtable.o -index-unit-output-path /leveldb.build/Debug-iphonesimulator/leveldb.build/Objects-normal/arm64/memtable.o

CompileC /Users/fukushimatakumi/Library/Developer/Xcode/DerivedData/SugarBeat-hgoxfxbbugxkfsbmqcjlbmjeaqyg/Build/Intermediates.noindex/leveldb.build/Debug-iphonesimulator/leveldb.build/Objects-normal/arm64/logging.o /Users/fukushimatakumi/Library/Developer/Xcode/DerivedData/SugarBeat-hgoxfxbbugxkfsbmqcjlbmjeaqyg/SourcePackages/checkouts/leveldb/util/logging.cc normal arm64 c++ com.apple.compilers.llvm.clang.1_0.compiler (in target 'leveldb' from project 'leveldb')
    cd /Users/fukushimatakumi/develop/sugarbeat/sugarbeat-front
    
    Using response file: /Users/fukushimatakumi/Library/Developer/Xcode/DerivedData/SugarBeat-hgoxfxbbugxkfsbmqcjlbmjeaqyg/Build/Intermediates.noindex/leveldb.build/Debug-iphonesimulator/leveldb.build/Objects-normal/arm64/82b82416624d2658e5098eb0a28c15c5-common-args.resp
    
    /Applications/Xcode.app/Contents/Developer/Toolchains/XcodeDefault.xctoolchain/usr/bin/clang -x c++ -ivfsstatcache /Users/fukushimatakumi/Library/Developer/Xcode/DerivedData/SDKStatCaches.noindex/iphonesimulator18.4-22E235-71825a6d136aa4733edcbe86ece5525b.sdkstatcache -fmessage-length\=0 -fdiagnostics-show-note-include-stack -fmacro-backtrace-limit\=0 -fno-color-diagnostics -fmodules-prune-interval\=86400 -fmodules-prune-after\=345600 -fbuild-session-file\=/Users/fukushimatakumi/Library/Developer/Xcode/DerivedData/ModuleCache.noindex/Session.modulevalidation -fmodules-validate-once-per-build-session -Wnon-modular-include-in-framework-module -Werror\=non-modular-include-in-framework-module -Wno-trigraphs -Wno-missing-field-initializers -Wno-missing-prototypes -Wno-return-type -Wno-non-virtual-dtor -Wno-overloaded-virtual -Wno-exit-time-destructors -Wno-missing-braces -Wparentheses -Wswitch -Wno-unused-function -Wno-unused-label -Wno-unused-parameter -Wno-unused-variable -Wunused-value -Wno-empty-body -Wno-uninitialized -Wno-unknown-pragmas -w -Wno-shadow -Wno-four-char-constants -Wno-conversion -Wno-constant-conversion -Wno-int-conversion -Wno-bool-conversion -Wno-enum-conversion -Wno-float-conversion -Wno-non-literal-null-conversion -Wno-objc-literal-conversion -Wshorten-64-to-32 -Wno-newline-eof -Wno-c++11-extensions -Wno-implicit-fallthrough -fstrict-aliasing -Wdeprecated-declarations -Winvalid-offsetof -Wno-sign-conversion -Wno-infinite-recursion -Wno-move -Wno-comma -Wno-block-capture-autoreleasing -Wno-strict-prototypes -Wno-range-loop-analysis -Wno-semicolon-before-method-body -index-store-path /Users/fukushimatakumi/Library/Developer/Xcode/DerivedData/SugarBeat-hgoxfxbbugxkfsbmqcjlbmjeaqyg/Index.noindex/DataStore @/Users/fukushimatakumi/Library/Developer/Xcode/DerivedData/SugarBeat-hgoxfxbbugxkfsbmqcjlbmjeaqyg/Build/Intermediates.noindex/leveldb.build/Debug-iphonesimulator/leveldb.build/Objects-normal/arm64/82b82416624d2658e5098eb0a28c15c5-common-args.resp -MMD -MT dependencies -MF /Users/fukushimatakumi/Library/Developer/Xcode/DerivedData/SugarBeat-hgoxfxbbugxkfsbmqcjlbmjeaqyg/Build/Intermediates.noindex/leveldb.build/Debug-iphonesimulator/leveldb.build/Objects-normal/arm64/logging.d --serialize-diagnostics /Users/fukushimatakumi/Library/Developer/Xcode/DerivedData/SugarBeat-hgoxfxbbugxkfsbmqcjlbmjeaqyg/Build/Intermediates.noindex/leveldb.build/Debug-iphonesimulator/leveldb.build/Objects-normal/arm64/logging.dia -c /Users/fukushimatakumi/Library/Developer/Xcode/DerivedData/SugarBeat-hgoxfxbbugxkfsbmqcjlbmjeaqyg/SourcePackages/checkouts/leveldb/util/logging.cc -o /Users/fukushimatakumi/Library/Developer/Xcode/DerivedData/SugarBeat-hgoxfxbbugxkfsbmqcjlbmjeaqyg/Build/Intermediates.noindex/leveldb.build/Debug-iphonesimulator/leveldb.build/Objects-normal/arm64/logging.o -index-unit-output-path /leveldb.build/Debug-iphonesimulator/leveldb.build/Objects-normal/arm64/logging.o

CompileC /Users/fukushimatakumi/Library/Developer/Xcode/DerivedData/SugarBeat-hgoxfxbbugxkfsbmqcjlbmjeaqyg/Build/Intermediates.noindex/leveldb.build/Debug-iphonesimulator/leveldb.build/Objects-normal/arm64/log_writer.o /Users/fukushimatakumi/Library/Developer/Xcode/DerivedData/SugarBeat-hgoxfxbbugxkfsbmqcjlbmjeaqyg/SourcePackages/checkouts/leveldb/db/log_writer.cc normal arm64 c++ com.apple.compilers.llvm.clang.1_0.compiler (in target 'leveldb' from project 'leveldb')
    cd /Users/fukushimatakumi/develop/sugarbeat/sugarbeat-front
    
    Using response file: /Users/fukushimatakumi/Library/Developer/Xcode/DerivedData/SugarBeat-hgoxfxbbugxkfsbmqcjlbmjeaqyg/Build/Intermediates.noindex/leveldb.build/Debug-iphonesimulator/leveldb.build/Objects-normal/arm64/82b82416624d2658e5098eb0a28c15c5-common-args.resp
    
    /Applications/Xcode.app/Contents/Developer/Toolchains/XcodeDefault.xctoolchain/usr/bin/clang -x c++ -ivfsstatcache /Users/fukushimatakumi/Library/Developer/Xcode/DerivedData/SDKStatCaches.noindex/iphonesimulator18.4-22E235-71825a6d136aa4733edcbe86ece5525b.sdkstatcache -fmessage-length\=0 -fdiagnostics-show-note-include-stack -fmacro-backtrace-limit\=0 -fno-color-diagnostics -fmodules-prune-interval\=86400 -fmodules-prune-after\=345600 -fbuild-session-file\=/Users/fukushimatakumi/Library/Developer/Xcode/DerivedData/ModuleCache.noindex/Session.modulevalidation -fmodules-validate-once-per-build-session -Wnon-modular-include-in-framework-module -Werror\=non-modular-include-in-framework-module -Wno-trigraphs -Wno-missing-field-initializers -Wno-missing-prototypes -Wno-return-type -Wno-non-virtual-dtor -Wno-overloaded-virtual -Wno-exit-time-destructors -Wno-missing-braces -Wparentheses -Wswitch -Wno-unused-function -Wno-unused-label -Wno-unused-parameter -Wno-unused-variable -Wunused-value -Wno-empty-body -Wno-uninitialized -Wno-unknown-pragmas -w -Wno-shadow -Wno-four-char-constants -Wno-conversion -Wno-constant-conversion -Wno-int-conversion -Wno-bool-conversion -Wno-enum-conversion -Wno-float-conversion -Wno-non-literal-null-conversion -Wno-objc-literal-conversion -Wshorten-64-to-32 -Wno-newline-eof -Wno-c++11-extensions -Wno-implicit-fallthrough -fstrict-aliasing -Wdeprecated-declarations -Winvalid-offsetof -Wno-sign-conversion -Wno-infinite-recursion -Wno-move -Wno-comma -Wno-block-capture-autoreleasing -Wno-strict-prototypes -Wno-range-loop-analysis -Wno-semicolon-before-method-body -index-store-path /Users/fukushimatakumi/Library/Developer/Xcode/DerivedData/SugarBeat-hgoxfxbbugxkfsbmqcjlbmjeaqyg/Index.noindex/DataStore @/Users/fukushimatakumi/Library/Developer/Xcode/DerivedData/SugarBeat-hgoxfxbbugxkfsbmqcjlbmjeaqyg/Build/Intermediates.noindex/leveldb.build/Debug-iphonesimulator/leveldb.build/Objects-normal/arm64/82b82416624d2658e5098eb0a28c15c5-common-args.resp -MMD -MT dependencies -MF /Users/fukushimatakumi/Library/Developer/Xcode/DerivedData/SugarBeat-hgoxfxbbugxkfsbmqcjlbmjeaqyg/Build/Intermediates.noindex/leveldb.build/Debug-iphonesimulator/leveldb.build/Objects-normal/arm64/log_writer.d --serialize-diagnostics /Users/fukushimatakumi/Library/Developer/Xcode/DerivedData/SugarBeat-hgoxfxbbugxkfsbmqcjlbmjeaqyg/Build/Intermediates.noindex/leveldb.build/Debug-iphonesimulator/leveldb.build/Objects-normal/arm64/log_writer.dia -c /Users/fukushimatakumi/Library/Developer/Xcode/DerivedData/SugarBeat-hgoxfxbbugxkfsbmqcjlbmjeaqyg/SourcePackages/checkouts/leveldb/db/log_writer.cc -o /Users/fukushimatakumi/Library/Developer/Xcode/DerivedData/SugarBeat-hgoxfxbbugxkfsbmqcjlbmjeaqyg/Build/Intermediates.noindex/leveldb.build/Debug-iphonesimulator/leveldb.build/Objects-normal/arm64/log_writer.o -index-unit-output-path /leveldb.build/Debug-iphonesimulator/leveldb.build/Objects-normal/arm64/log_writer.o

CompileC /Users/fukushimatakumi/Library/Developer/Xcode/DerivedData/SugarBeat-hgoxfxbbugxkfsbmqcjlbmjeaqyg/Build/Intermediates.noindex/leveldb.build/Debug-iphonesimulator/leveldb.build/Objects-normal/arm64/log_reader.o /Users/fukushimatakumi/Library/Developer/Xcode/DerivedData/SugarBeat-hgoxfxbbugxkfsbmqcjlbmjeaqyg/SourcePackages/checkouts/leveldb/db/log_reader.cc normal arm64 c++ com.apple.compilers.llvm.clang.1_0.compiler (in target 'leveldb' from project 'leveldb')
    cd /Users/fukushimatakumi/develop/sugarbeat/sugarbeat-front
    
    Using response file: /Users/fukushimatakumi/Library/Developer/Xcode/DerivedData/SugarBeat-hgoxfxbbugxkfsbmqcjlbmjeaqyg/Build/Intermediates.noindex/leveldb.build/Debug-iphonesimulator/leveldb.build/Objects-normal/arm64/82b82416624d2658e5098eb0a28c15c5-common-args.resp
    
    /Applications/Xcode.app/Contents/Developer/Toolchains/XcodeDefault.xctoolchain/usr/bin/clang -x c++ -ivfsstatcache /Users/fukushimatakumi/Library/Developer/Xcode/DerivedData/SDKStatCaches.noindex/iphonesimulator18.4-22E235-71825a6d136aa4733edcbe86ece5525b.sdkstatcache -fmessage-length\=0 -fdiagnostics-show-note-include-stack -fmacro-backtrace-limit\=0 -fno-color-diagnostics -fmodules-prune-interval\=86400 -fmodules-prune-after\=345600 -fbuild-session-file\=/Users/fukushimatakumi/Library/Developer/Xcode/DerivedData/ModuleCache.noindex/Session.modulevalidation -fmodules-validate-once-per-build-session -Wnon-modular-include-in-framework-module -Werror\=non-modular-include-in-framework-module -Wno-trigraphs -Wno-missing-field-initializers -Wno-missing-prototypes -Wno-return-type -Wno-non-virtual-dtor -Wno-overloaded-virtual -Wno-exit-time-destructors -Wno-missing-braces -Wparentheses -Wswitch -Wno-unused-function -Wno-unused-label -Wno-unused-parameter -Wno-unused-variable -Wunused-value -Wno-empty-body -Wno-uninitialized -Wno-unknown-pragmas -w -Wno-shadow -Wno-four-char-constants -Wno-conversion -Wno-constant-conversion -Wno-int-conversion -Wno-bool-conversion -Wno-enum-conversion -Wno-float-conversion -Wno-non-literal-null-conversion -Wno-objc-literal-conversion -Wshorten-64-to-32 -Wno-newline-eof -Wno-c++11-extensions -Wno-implicit-fallthrough -fstrict-aliasing -Wdeprecated-declarations -Winvalid-offsetof -Wno-sign-conversion -Wno-infinite-recursion -Wno-move -Wno-comma -Wno-block-capture-autoreleasing -Wno-strict-prototypes -Wno-range-loop-analysis -Wno-semicolon-before-method-body -index-store-path /Users/fukushimatakumi/Library/Developer/Xcode/DerivedData/SugarBeat-hgoxfxbbugxkfsbmqcjlbmjeaqyg/Index.noindex/DataStore @/Users/fukushimatakumi/Library/Developer/Xcode/DerivedData/SugarBeat-hgoxfxbbugxkfsbmqcjlbmjeaqyg/Build/Intermediates.noindex/leveldb.build/Debug-iphonesimulator/leveldb.build/Objects-normal/arm64/82b82416624d2658e5098eb0a28c15c5-common-args.resp -MMD -MT dependencies -MF /Users/fukushimatakumi/Library/Developer/Xcode/DerivedData/SugarBeat-hgoxfxbbugxkfsbmqcjlbmjeaqyg/Build/Intermediates.noindex/leveldb.build/Debug-iphonesimulator/leveldb.build/Objects-normal/arm64/log_reader.d --serialize-diagnostics /Users/fukushimatakumi/Library/Developer/Xcode/DerivedData/SugarBeat-hgoxfxbbugxkfsbmqcjlbmjeaqyg/Build/Intermediates.noindex/leveldb.build/Debug-iphonesimulator/leveldb.build/Objects-normal/arm64/log_reader.dia -c /Users/fukushimatakumi/Library/Developer/Xcode/DerivedData/SugarBeat-hgoxfxbbugxkfsbmqcjlbmjeaqyg/SourcePackages/checkouts/leveldb/db/log_reader.cc -o /Users/fukushimatakumi/Library/Developer/Xcode/DerivedData/SugarBeat-hgoxfxbbugxkfsbmqcjlbmjeaqyg/Build/Intermediates.noindex/leveldb.build/Debug-iphonesimulator/leveldb.build/Objects-normal/arm64/log_reader.o -index-unit-output-path /leveldb.build/Debug-iphonesimulator/leveldb.build/Objects-normal/arm64/log_reader.o

CompileC /Users/fukushimatakumi/Library/Developer/Xcode/DerivedData/SugarBeat-hgoxfxbbugxkfsbmqcjlbmjeaqyg/Build/Intermediates.noindex/leveldb.build/Debug-iphonesimulator/leveldb.build/Objects-normal/arm64/iterator.o /Users/fukushimatakumi/Library/Developer/Xcode/DerivedData/SugarBeat-hgoxfxbbugxkfsbmqcjlbmjeaqyg/SourcePackages/checkouts/leveldb/table/iterator.cc normal arm64 c++ com.apple.compilers.llvm.clang.1_0.compiler (in target 'leveldb' from project 'leveldb')
    cd /Users/fukushimatakumi/develop/sugarbeat/sugarbeat-front
    
    Using response file: /Users/fukushimatakumi/Library/Developer/Xcode/DerivedData/SugarBeat-hgoxfxbbugxkfsbmqcjlbmjeaqyg/Build/Intermediates.noindex/leveldb.build/Debug-iphonesimulator/leveldb.build/Objects-normal/arm64/82b82416624d2658e5098eb0a28c15c5-common-args.resp
    
    /Applications/Xcode.app/Contents/Developer/Toolchains/XcodeDefault.xctoolchain/usr/bin/clang -x c++ -ivfsstatcache /Users/fukushimatakumi/Library/Developer/Xcode/DerivedData/SDKStatCaches.noindex/iphonesimulator18.4-22E235-71825a6d136aa4733edcbe86ece5525b.sdkstatcache -fmessage-length\=0 -fdiagnostics-show-note-include-stack -fmacro-backtrace-limit\=0 -fno-color-diagnostics -fmodules-prune-interval\=86400 -fmodules-prune-after\=345600 -fbuild-session-file\=/Users/fukushimatakumi/Library/Developer/Xcode/DerivedData/ModuleCache.noindex/Session.modulevalidation -fmodules-validate-once-per-build-session -Wnon-modular-include-in-framework-module -Werror\=non-modular-include-in-framework-module -Wno-trigraphs -Wno-missing-field-initializers -Wno-missing-prototypes -Wno-return-type -Wno-non-virtual-dtor -Wno-overloaded-virtual -Wno-exit-time-destructors -Wno-missing-braces -Wparentheses -Wswitch -Wno-unused-function -Wno-unused-label -Wno-unused-parameter -Wno-unused-variable -Wunused-value -Wno-empty-body -Wno-uninitialized -Wno-unknown-pragmas -w -Wno-shadow -Wno-four-char-constants -Wno-conversion -Wno-constant-conversion -Wno-int-conversion -Wno-bool-conversion -Wno-enum-conversion -Wno-float-conversion -Wno-non-literal-null-conversion -Wno-objc-literal-conversion -Wshorten-64-to-32 -Wno-newline-eof -Wno-c++11-extensions -Wno-implicit-fallthrough -fstrict-aliasing -Wdeprecated-declarations -Winvalid-offsetof -Wno-sign-conversion -Wno-infinite-recursion -Wno-move -Wno-comma -Wno-block-capture-autoreleasing -Wno-strict-prototypes -Wno-range-loop-analysis -Wno-semicolon-before-method-body -index-store-path /Users/fukushimatakumi/Library/Developer/Xcode/DerivedData/SugarBeat-hgoxfxbbugxkfsbmqcjlbmjeaqyg/Index.noindex/DataStore @/Users/fukushimatakumi/Library/Developer/Xcode/DerivedData/SugarBeat-hgoxfxbbugxkfsbmqcjlbmjeaqyg/Build/Intermediates.noindex/leveldb.build/Debug-iphonesimulator/leveldb.build/Objects-normal/arm64/82b82416624d2658e5098eb0a28c15c5-common-args.resp -MMD -MT dependencies -MF /Users/fukushimatakumi/Library/Developer/Xcode/DerivedData/SugarBeat-hgoxfxbbugxkfsbmqcjlbmjeaqyg/Build/Intermediates.noindex/leveldb.build/Debug-iphonesimulator/leveldb.build/Objects-normal/arm64/iterator.d --serialize-diagnostics /Users/fukushimatakumi/Library/Developer/Xcode/DerivedData/SugarBeat-hgoxfxbbugxkfsbmqcjlbmjeaqyg/Build/Intermediates.noindex/leveldb.build/Debug-iphonesimulator/leveldb.build/Objects-normal/arm64/iterator.dia -c /Users/fukushimatakumi/Library/Developer/Xcode/DerivedData/SugarBeat-hgoxfxbbugxkfsbmqcjlbmjeaqyg/SourcePackages/checkouts/leveldb/table/iterator.cc -o /Users/fukushimatakumi/Library/Developer/Xcode/DerivedData/SugarBeat-hgoxfxbbugxkfsbmqcjlbmjeaqyg/Build/Intermediates.noindex/leveldb.build/Debug-iphonesimulator/leveldb.build/Objects-normal/arm64/iterator.o -index-unit-output-path /leveldb.build/Debug-iphonesimulator/leveldb.build/Objects-normal/arm64/iterator.o

CompileC /Users/fukushimatakumi/Library/Developer/Xcode/DerivedData/SugarBeat-hgoxfxbbugxkfsbmqcjlbmjeaqyg/Build/Intermediates.noindex/leveldb.build/Debug-iphonesimulator/leveldb.build/Objects-normal/arm64/histogram.o /Users/fukushimatakumi/Library/Developer/Xcode/DerivedData/SugarBeat-hgoxfxbbugxkfsbmqcjlbmjeaqyg/SourcePackages/checkouts/leveldb/util/histogram.cc normal arm64 c++ com.apple.compilers.llvm.clang.1_0.compiler (in target 'leveldb' from project 'leveldb')
    cd /Users/fukushimatakumi/develop/sugarbeat/sugarbeat-front
    
    Using response file: /Users/fukushimatakumi/Library/Developer/Xcode/DerivedData/SugarBeat-hgoxfxbbugxkfsbmqcjlbmjeaqyg/Build/Intermediates.noindex/leveldb.build/Debug-iphonesimulator/leveldb.build/Objects-normal/arm64/82b82416624d2658e5098eb0a28c15c5-common-args.resp
    
    /Applications/Xcode.app/Contents/Developer/Toolchains/XcodeDefault.xctoolchain/usr/bin/clang -x c++ -ivfsstatcache /Users/fukushimatakumi/Library/Developer/Xcode/DerivedData/SDKStatCaches.noindex/iphonesimulator18.4-22E235-71825a6d136aa4733edcbe86ece5525b.sdkstatcache -fmessage-length\=0 -fdiagnostics-show-note-include-stack -fmacro-backtrace-limit\=0 -fno-color-diagnostics -fmodules-prune-interval\=86400 -fmodules-prune-after\=345600 -fbuild-session-file\=/Users/fukushimatakumi/Library/Developer/Xcode/DerivedData/ModuleCache.noindex/Session.modulevalidation -fmodules-validate-once-per-build-session -Wnon-modular-include-in-framework-module -Werror\=non-modular-include-in-framework-module -Wno-trigraphs -Wno-missing-field-initializers -Wno-missing-prototypes -Wno-return-type -Wno-non-virtual-dtor -Wno-overloaded-virtual -Wno-exit-time-destructors -Wno-missing-braces -Wparentheses -Wswitch -Wno-unused-function -Wno-unused-label -Wno-unused-parameter -Wno-unused-variable -Wunused-value -Wno-empty-body -Wno-uninitialized -Wno-unknown-pragmas -w -Wno-shadow -Wno-four-char-constants -Wno-conversion -Wno-constant-conversion -Wno-int-conversion -Wno-bool-conversion -Wno-enum-conversion -Wno-float-conversion -Wno-non-literal-null-conversion -Wno-objc-literal-conversion -Wshorten-64-to-32 -Wno-newline-eof -Wno-c++11-extensions -Wno-implicit-fallthrough -fstrict-aliasing -Wdeprecated-declarations -Winvalid-offsetof -Wno-sign-conversion -Wno-infinite-recursion -Wno-move -Wno-comma -Wno-block-capture-autoreleasing -Wno-strict-prototypes -Wno-range-loop-analysis -Wno-semicolon-before-method-body -index-store-path /Users/fukushimatakumi/Library/Developer/Xcode/DerivedData/SugarBeat-hgoxfxbbugxkfsbmqcjlbmjeaqyg/Index.noindex/DataStore @/Users/fukushimatakumi/Library/Developer/Xcode/DerivedData/SugarBeat-hgoxfxbbugxkfsbmqcjlbmjeaqyg/Build/Intermediates.noindex/leveldb.build/Debug-iphonesimulator/leveldb.build/Objects-normal/arm64/82b82416624d2658e5098eb0a28c15c5-common-args.resp -MMD -MT dependencies -MF /Users/fukushimatakumi/Library/Developer/Xcode/DerivedData/SugarBeat-hgoxfxbbugxkfsbmqcjlbmjeaqyg/Build/Intermediates.noindex/leveldb.build/Debug-iphonesimulator/leveldb.build/Objects-normal/arm64/histogram.d --serialize-diagnostics /Users/fukushimatakumi/Library/Developer/Xcode/DerivedData/SugarBeat-hgoxfxbbugxkfsbmqcjlbmjeaqyg/Build/Intermediates.noindex/leveldb.build/Debug-iphonesimulator/leveldb.build/Objects-normal/arm64/histogram.dia -c /Users/fukushimatakumi/Library/Developer/Xcode/DerivedData/SugarBeat-hgoxfxbbugxkfsbmqcjlbmjeaqyg/SourcePackages/checkouts/leveldb/util/histogram.cc -o /Users/fukushimatakumi/Library/Developer/Xcode/DerivedData/SugarBeat-hgoxfxbbugxkfsbmqcjlbmjeaqyg/Build/Intermediates.noindex/leveldb.build/Debug-iphonesimulator/leveldb.build/Objects-normal/arm64/histogram.o -index-unit-output-path /leveldb.build/Debug-iphonesimulator/leveldb.build/Objects-normal/arm64/histogram.o

CompileC /Users/fukushimatakumi/Library/Developer/Xcode/DerivedData/SugarBeat-hgoxfxbbugxkfsbmqcjlbmjeaqyg/Build/Intermediates.noindex/leveldb.build/Debug-iphonesimulator/leveldb.build/Objects-normal/arm64/hash.o /Users/fukushimatakumi/Library/Developer/Xcode/DerivedData/SugarBeat-hgoxfxbbugxkfsbmqcjlbmjeaqyg/SourcePackages/checkouts/leveldb/util/hash.cc normal arm64 c++ com.apple.compilers.llvm.clang.1_0.compiler (in target 'leveldb' from project 'leveldb')
    cd /Users/fukushimatakumi/develop/sugarbeat/sugarbeat-front
    
    Using response file: /Users/fukushimatakumi/Library/Developer/Xcode/DerivedData/SugarBeat-hgoxfxbbugxkfsbmqcjlbmjeaqyg/Build/Intermediates.noindex/leveldb.build/Debug-iphonesimulator/leveldb.build/Objects-normal/arm64/82b82416624d2658e5098eb0a28c15c5-common-args.resp
    
    /Applications/Xcode.app/Contents/Developer/Toolchains/XcodeDefault.xctoolchain/usr/bin/clang -x c++ -ivfsstatcache /Users/fukushimatakumi/Library/Developer/Xcode/DerivedData/SDKStatCaches.noindex/iphonesimulator18.4-22E235-71825a6d136aa4733edcbe86ece5525b.sdkstatcache -fmessage-length\=0 -fdiagnostics-show-note-include-stack -fmacro-backtrace-limit\=0 -fno-color-diagnostics -fmodules-prune-interval\=86400 -fmodules-prune-after\=345600 -fbuild-session-file\=/Users/fukushimatakumi/Library/Developer/Xcode/DerivedData/ModuleCache.noindex/Session.modulevalidation -fmodules-validate-once-per-build-session -Wnon-modular-include-in-framework-module -Werror\=non-modular-include-in-framework-module -Wno-trigraphs -Wno-missing-field-initializers -Wno-missing-prototypes -Wno-return-type -Wno-non-virtual-dtor -Wno-overloaded-virtual -Wno-exit-time-destructors -Wno-missing-braces -Wparentheses -Wswitch -Wno-unused-function -Wno-unused-label -Wno-unused-parameter -Wno-unused-variable -Wunused-value -Wno-empty-body -Wno-uninitialized -Wno-unknown-pragmas -w -Wno-shadow -Wno-four-char-constants -Wno-conversion -Wno-constant-conversion -Wno-int-conversion -Wno-bool-conversion -Wno-enum-conversion -Wno-float-conversion -Wno-non-literal-null-conversion -Wno-objc-literal-conversion -Wshorten-64-to-32 -Wno-newline-eof -Wno-c++11-extensions -Wno-implicit-fallthrough -fstrict-aliasing -Wdeprecated-declarations -Winvalid-offsetof -Wno-sign-conversion -Wno-infinite-recursion -Wno-move -Wno-comma -Wno-block-capture-autoreleasing -Wno-strict-prototypes -Wno-range-loop-analysis -Wno-semicolon-before-method-body -index-store-path /Users/fukushimatakumi/Library/Developer/Xcode/DerivedData/SugarBeat-hgoxfxbbugxkfsbmqcjlbmjeaqyg/Index.noindex/DataStore @/Users/fukushimatakumi/Library/Developer/Xcode/DerivedData/SugarBeat-hgoxfxbbugxkfsbmqcjlbmjeaqyg/Build/Intermediates.noindex/leveldb.build/Debug-iphonesimulator/leveldb.build/Objects-normal/arm64/82b82416624d2658e5098eb0a28c15c5-common-args.resp -MMD -MT dependencies -MF /Users/fukushimatakumi/Library/Developer/Xcode/DerivedData/SugarBeat-hgoxfxbbugxkfsbmqcjlbmjeaqyg/Build/Intermediates.noindex/leveldb.build/Debug-iphonesimulator/leveldb.build/Objects-normal/arm64/hash.d --serialize-diagnostics /Users/fukushimatakumi/Library/Developer/Xcode/DerivedData/SugarBeat-hgoxfxbbugxkfsbmqcjlbmjeaqyg/Build/Intermediates.noindex/leveldb.build/Debug-iphonesimulator/leveldb.build/Objects-normal/arm64/hash.dia -c /Users/fukushimatakumi/Library/Developer/Xcode/DerivedData/SugarBeat-hgoxfxbbugxkfsbmqcjlbmjeaqyg/SourcePackages/checkouts/leveldb/util/hash.cc -o /Users/fukushimatakumi/Library/Developer/Xcode/DerivedData/SugarBeat-hgoxfxbbugxkfsbmqcjlbmjeaqyg/Build/Intermediates.noindex/leveldb.build/Debug-iphonesimulator/leveldb.build/Objects-normal/arm64/hash.o -index-unit-output-path /leveldb.build/Debug-iphonesimulator/leveldb.build/Objects-normal/arm64/hash.o

CompileC /Users/fukushimatakumi/Library/Developer/Xcode/DerivedData/SugarBeat-hgoxfxbbugxkfsbmqcjlbmjeaqyg/Build/Intermediates.noindex/leveldb.build/Debug-iphonesimulator/leveldb.build/Objects-normal/arm64/format.o /Users/fukushimatakumi/Library/Developer/Xcode/DerivedData/SugarBeat-hgoxfxbbugxkfsbmqcjlbmjeaqyg/SourcePackages/checkouts/leveldb/table/format.cc normal arm64 c++ com.apple.compilers.llvm.clang.1_0.compiler (in target 'leveldb' from project 'leveldb')
    cd /Users/fukushimatakumi/develop/sugarbeat/sugarbeat-front
    
    Using response file: /Users/fukushimatakumi/Library/Developer/Xcode/DerivedData/SugarBeat-hgoxfxbbugxkfsbmqcjlbmjeaqyg/Build/Intermediates.noindex/leveldb.build/Debug-iphonesimulator/leveldb.build/Objects-normal/arm64/82b82416624d2658e5098eb0a28c15c5-common-args.resp
    
    /Applications/Xcode.app/Contents/Developer/Toolchains/XcodeDefault.xctoolchain/usr/bin/clang -x c++ -ivfsstatcache /Users/fukushimatakumi/Library/Developer/Xcode/DerivedData/SDKStatCaches.noindex/iphonesimulator18.4-22E235-71825a6d136aa4733edcbe86ece5525b.sdkstatcache -fmessage-length\=0 -fdiagnostics-show-note-include-stack -fmacro-backtrace-limit\=0 -fno-color-diagnostics -fmodules-prune-interval\=86400 -fmodules-prune-after\=345600 -fbuild-session-file\=/Users/fukushimatakumi/Library/Developer/Xcode/DerivedData/ModuleCache.noindex/Session.modulevalidation -fmodules-validate-once-per-build-session -Wnon-modular-include-in-framework-module -Werror\=non-modular-include-in-framework-module -Wno-trigraphs -Wno-missing-field-initializers -Wno-missing-prototypes -Wno-return-type -Wno-non-virtual-dtor -Wno-overloaded-virtual -Wno-exit-time-destructors -Wno-missing-braces -Wparentheses -Wswitch -Wno-unused-function -Wno-unused-label -Wno-unused-parameter -Wno-unused-variable -Wunused-value -Wno-empty-body -Wno-uninitialized -Wno-unknown-pragmas -w -Wno-shadow -Wno-four-char-constants -Wno-conversion -Wno-constant-conversion -Wno-int-conversion -Wno-bool-conversion -Wno-enum-conversion -Wno-float-conversion -Wno-non-literal-null-conversion -Wno-objc-literal-conversion -Wshorten-64-to-32 -Wno-newline-eof -Wno-c++11-extensions -Wno-implicit-fallthrough -fstrict-aliasing -Wdeprecated-declarations -Winvalid-offsetof -Wno-sign-conversion -Wno-infinite-recursion -Wno-move -Wno-comma -Wno-block-capture-autoreleasing -Wno-strict-prototypes -Wno-range-loop-analysis -Wno-semicolon-before-method-body -index-store-path /Users/fukushimatakumi/Library/Developer/Xcode/DerivedData/SugarBeat-hgoxfxbbugxkfsbmqcjlbmjeaqyg/Index.noindex/DataStore @/Users/fukushimatakumi/Library/Developer/Xcode/DerivedData/SugarBeat-hgoxfxbbugxkfsbmqcjlbmjeaqyg/Build/Intermediates.noindex/leveldb.build/Debug-iphonesimulator/leveldb.build/Objects-normal/arm64/82b82416624d2658e5098eb0a28c15c5-common-args.resp -MMD -MT dependencies -MF /Users/fukushimatakumi/Library/Developer/Xcode/DerivedData/SugarBeat-hgoxfxbbugxkfsbmqcjlbmjeaqyg/Build/Intermediates.noindex/leveldb.build/Debug-iphonesimulator/leveldb.build/Objects-normal/arm64/format.d --serialize-diagnostics /Users/fukushimatakumi/Library/Developer/Xcode/DerivedData/SugarBeat-hgoxfxbbugxkfsbmqcjlbmjeaqyg/Build/Intermediates.noindex/leveldb.build/Debug-iphonesimulator/leveldb.build/Objects-normal/arm64/format.dia -c /Users/fukushimatakumi/Library/Developer/Xcode/DerivedData/SugarBeat-hgoxfxbbugxkfsbmqcjlbmjeaqyg/SourcePackages/checkouts/leveldb/table/format.cc -o /Users/fukushimatakumi/Library/Developer/Xcode/DerivedData/SugarBeat-hgoxfxbbugxkfsbmqcjlbmjeaqyg/Build/Intermediates.noindex/leveldb.build/Debug-iphonesimulator/leveldb.build/Objects-normal/arm64/format.o -index-unit-output-path /leveldb.build/Debug-iphonesimulator/leveldb.build/Objects-normal/arm64/format.o

SwiftDriverJobDiscovery normal arm64 Emitting module for FirebaseSharedSwift (in target 'FirebaseSharedSwift' from project 'Firebase')

SwiftDriver\ Compilation\ Requirements FirebaseSharedSwift normal arm64 com.apple.xcode.tools.swift.compiler (in target 'FirebaseSharedSwift' from project 'Firebase')
    cd /Users/fukushimatakumi/develop/sugarbeat/sugarbeat-front
    builtin-Swift-Compilation-Requirements -- /Applications/Xcode.app/Contents/Developer/Toolchains/XcodeDefault.xctoolchain/usr/bin/swiftc -module-name FirebaseSharedSwift -Onone -enforce-exclusivity\=checked @/Users/fukushimatakumi/Library/Developer/Xcode/DerivedData/SugarBeat-hgoxfxbbugxkfsbmqcjlbmjeaqyg/Build/Intermediates.noindex/Firebase.build/Debug-iphonesimulator/FirebaseSharedSwift.build/Objects-normal/arm64/FirebaseSharedSwift.SwiftFileList -DSWIFT_PACKAGE -DDEBUG -DXcode -plugin-path /Applications/Xcode.app/Contents/Developer/Toolchains/XcodeDefault.xctoolchain/usr/lib/swift/host/plugins/testing -enable-experimental-feature DebugDescriptionMacro -sdk /Applications/Xcode.app/Contents/Developer/Platforms/iPhoneSimulator.platform/Developer/SDKs/iPhoneSimulator18.4.sdk -target arm64-apple-ios15.0-simulator -g -module-cache-path /Users/fukushimatakumi/Library/Developer/Xcode/DerivedData/ModuleCache.noindex -Xfrontend -serialize-debugging-options -enable-testing -suppress-warnings -index-store-path /Users/fukushimatakumi/Library/Developer/Xcode/DerivedData/SugarBeat-hgoxfxbbugxkfsbmqcjlbmjeaqyg/Index.noindex/DataStore -swift-version 5 -I /Users/fukushimatakumi/Library/Developer/Xcode/DerivedData/SugarBeat-hgoxfxbbugxkfsbmqcjlbmjeaqyg/Build/Products/Debug-iphonesimulator -I /Applications/Xcode.app/Contents/Developer/Platforms/iPhoneSimulator.platform/Developer/usr/lib -F /Users/fukushimatakumi/Library/Developer/Xcode/DerivedData/SugarBeat-hgoxfxbbugxkfsbmqcjlbmjeaqyg/Build/Products/Debug-iphonesimulator -F /Applications/Xcode.app/Contents/Developer/Platforms/iPhoneSimulator.platform/Developer/Library/Frameworks -F /Applications/Xcode.app/Contents/Developer/Platforms/iPhoneSimulator.platform/Developer/SDKs/iPhoneSimulator18.4.sdk/Developer/Library/Frameworks -c -j10 -enable-batch-mode -incremental -Xcc -ivfsstatcache -Xcc /Users/fukushimatakumi/Library/Developer/Xcode/DerivedData/SDKStatCaches.noindex/iphonesimulator18.4-22E235-71825a6d136aa4733edcbe86ece5525b.sdkstatcache -output-file-map /Users/fukushimatakumi/Library/Developer/Xcode/DerivedData/SugarBeat-hgoxfxbbugxkfsbmqcjlbmjeaqyg/Build/Intermediates.noindex/Firebase.build/Debug-iphonesimulator/FirebaseSharedSwift.build/Objects-normal/arm64/FirebaseSharedSwift-OutputFileMap.json -use-frontend-parseable-output -save-temps -no-color-diagnostics -serialize-diagnostics -emit-dependencies -emit-module -emit-module-path /Users/fukushimatakumi/Library/Developer/Xcode/DerivedData/SugarBeat-hgoxfxbbugxkfsbmqcjlbmjeaqyg/Build/Intermediates.noindex/Firebase.build/Debug-iphonesimulator/FirebaseSharedSwift.build/Objects-normal/arm64/FirebaseSharedSwift.swiftmodule -user-module-version 12.7.0 -validate-clang-modules-once -clang-build-session-file /Users/fukushimatakumi/Library/Developer/Xcode/DerivedData/ModuleCache.noindex/Session.modulevalidation -package-name firebase_ios_sdk -Xcc -I/Users/fukushimatakumi/Library/Developer/Xcode/DerivedData/SugarBeat-hgoxfxbbugxkfsbmqcjlbmjeaqyg/Build/Intermediates.noindex/Firebase.build/Debug-iphonesimulator/FirebaseSharedSwift.build/swift-overrides.hmap -emit-const-values -Xfrontend -const-gather-protocols-file -Xfrontend /Users/fukushimatakumi/Library/Developer/Xcode/DerivedData/SugarBeat-hgoxfxbbugxkfsbmqcjlbmjeaqyg/Build/Intermediates.noindex/Firebase.build/Debug-iphonesimulator/FirebaseSharedSwift.build/Objects-normal/arm64/FirebaseSharedSwift_const_extract_protocols.json -Xcc -I/Users/fukushimatakumi/Library/Developer/Xcode/DerivedData/SugarBeat-hgoxfxbbugxkfsbmqcjlbmjeaqyg/Build/Products/Debug-iphonesimulator/include -Xcc -I/Users/fukushimatakumi/Library/Developer/Xcode/DerivedData/SugarBeat-hgoxfxbbugxkfsbmqcjlbmjeaqyg/Build/Intermediates.noindex/Firebase.build/Debug-iphonesimulator/FirebaseSharedSwift.build/DerivedSources-normal/arm64 -Xcc -I/Users/fukushimatakumi/Library/Developer/Xcode/DerivedData/SugarBeat-hgoxfxbbugxkfsbmqcjlbmjeaqyg/Build/Intermediates.noindex/Firebase.build/Debug-iphonesimulator/FirebaseSharedSwift.build/DerivedSources/arm64 -Xcc -I/Users/fukushimatakumi/Library/Developer/Xcode/DerivedData/SugarBeat-hgoxfxbbugxkfsbmqcjlbmjeaqyg/Build/Intermediates.noindex/Firebase.build/Debug-iphonesimulator/FirebaseSharedSwift.build/DerivedSources -Xcc -DSWIFT_PACKAGE -Xcc -DDEBUG\=1 -emit-objc-header -emit-objc-header-path /Users/fukushimatakumi/Library/Developer/Xcode/DerivedData/SugarBeat-hgoxfxbbugxkfsbmqcjlbmjeaqyg/Build/Intermediates.noindex/Firebase.build/Debug-iphonesimulator/FirebaseSharedSwift.build/Objects-normal/arm64/FirebaseSharedSwift-Swift.h -working-directory /Users/fukushimatakumi/develop/sugarbeat/sugarbeat-front -experimental-emit-module-separately -disable-cmo

CompileC /Users/fukushimatakumi/Library/Developer/Xcode/DerivedData/SugarBeat-hgoxfxbbugxkfsbmqcjlbmjeaqyg/Build/Intermediates.noindex/leveldb.build/Debug-iphonesimulator/leveldb.build/Objects-normal/arm64/filter_policy.o /Users/fukushimatakumi/Library/Developer/Xcode/DerivedData/SugarBeat-hgoxfxbbugxkfsbmqcjlbmjeaqyg/SourcePackages/checkouts/leveldb/util/filter_policy.cc normal arm64 c++ com.apple.compilers.llvm.clang.1_0.compiler (in target 'leveldb' from project 'leveldb')
    cd /Users/fukushimatakumi/develop/sugarbeat/sugarbeat-front
    
    Using response file: /Users/fukushimatakumi/Library/Developer/Xcode/DerivedData/SugarBeat-hgoxfxbbugxkfsbmqcjlbmjeaqyg/Build/Intermediates.noindex/leveldb.build/Debug-iphonesimulator/leveldb.build/Objects-normal/arm64/82b82416624d2658e5098eb0a28c15c5-common-args.resp
    
    /Applications/Xcode.app/Contents/Developer/Toolchains/XcodeDefault.xctoolchain/usr/bin/clang -x c++ -ivfsstatcache /Users/fukushimatakumi/Library/Developer/Xcode/DerivedData/SDKStatCaches.noindex/iphonesimulator18.4-22E235-71825a6d136aa4733edcbe86ece5525b.sdkstatcache -fmessage-length\=0 -fdiagnostics-show-note-include-stack -fmacro-backtrace-limit\=0 -fno-color-diagnostics -fmodules-prune-interval\=86400 -fmodules-prune-after\=345600 -fbuild-session-file\=/Users/fukushimatakumi/Library/Developer/Xcode/DerivedData/ModuleCache.noindex/Session.modulevalidation -fmodules-validate-once-per-build-session -Wnon-modular-include-in-framework-module -Werror\=non-modular-include-in-framework-module -Wno-trigraphs -Wno-missing-field-initializers -Wno-missing-prototypes -Wno-return-type -Wno-non-virtual-dtor -Wno-overloaded-virtual -Wno-exit-time-destructors -Wno-missing-braces -Wparentheses -Wswitch -Wno-unused-function -Wno-unused-label -Wno-unused-parameter -Wno-unused-variable -Wunused-value -Wno-empty-body -Wno-uninitialized -Wno-unknown-pragmas -w -Wno-shadow -Wno-four-char-constants -Wno-conversion -Wno-constant-conversion -Wno-int-conversion -Wno-bool-conversion -Wno-enum-conversion -Wno-float-conversion -Wno-non-literal-null-conversion -Wno-objc-literal-conversion -Wshorten-64-to-32 -Wno-newline-eof -Wno-c++11-extensions -Wno-implicit-fallthrough -fstrict-aliasing -Wdeprecated-declarations -Winvalid-offsetof -Wno-sign-conversion -Wno-infinite-recursion -Wno-move -Wno-comma -Wno-block-capture-autoreleasing -Wno-strict-prototypes -Wno-range-loop-analysis -Wno-semicolon-before-method-body -index-store-path /Users/fukushimatakumi/Library/Developer/Xcode/DerivedData/SugarBeat-hgoxfxbbugxkfsbmqcjlbmjeaqyg/Index.noindex/DataStore @/Users/fukushimatakumi/Library/Developer/Xcode/DerivedData/SugarBeat-hgoxfxbbugxkfsbmqcjlbmjeaqyg/Build/Intermediates.noindex/leveldb.build/Debug-iphonesimulator/leveldb.build/Objects-normal/arm64/82b82416624d2658e5098eb0a28c15c5-common-args.resp -MMD -MT dependencies -MF /Users/fukushimatakumi/Library/Developer/Xcode/DerivedData/SugarBeat-hgoxfxbbugxkfsbmqcjlbmjeaqyg/Build/Intermediates.noindex/leveldb.build/Debug-iphonesimulator/leveldb.build/Objects-normal/arm64/filter_policy.d --serialize-diagnostics /Users/fukushimatakumi/Library/Developer/Xcode/DerivedData/SugarBeat-hgoxfxbbugxkfsbmqcjlbmjeaqyg/Build/Intermediates.noindex/leveldb.build/Debug-iphonesimulator/leveldb.build/Objects-normal/arm64/filter_policy.dia -c /Users/fukushimatakumi/Library/Developer/Xcode/DerivedData/SugarBeat-hgoxfxbbugxkfsbmqcjlbmjeaqyg/SourcePackages/checkouts/leveldb/util/filter_policy.cc -o /Users/fukushimatakumi/Library/Developer/Xcode/DerivedData/SugarBeat-hgoxfxbbugxkfsbmqcjlbmjeaqyg/Build/Intermediates.noindex/leveldb.build/Debug-iphonesimulator/leveldb.build/Objects-normal/arm64/filter_policy.o -index-unit-output-path /leveldb.build/Debug-iphonesimulator/leveldb.build/Objects-normal/arm64/filter_policy.o

CompileC /Users/fukushimatakumi/Library/Developer/Xcode/DerivedData/SugarBeat-hgoxfxbbugxkfsbmqcjlbmjeaqyg/Build/Intermediates.noindex/leveldb.build/Debug-iphonesimulator/leveldb.build/Objects-normal/arm64/filter_block.o /Users/fukushimatakumi/Library/Developer/Xcode/DerivedData/SugarBeat-hgoxfxbbugxkfsbmqcjlbmjeaqyg/SourcePackages/checkouts/leveldb/table/filter_block.cc normal arm64 c++ com.apple.compilers.llvm.clang.1_0.compiler (in target 'leveldb' from project 'leveldb')
    cd /Users/fukushimatakumi/develop/sugarbeat/sugarbeat-front
    
    Using response file: /Users/fukushimatakumi/Library/Developer/Xcode/DerivedData/SugarBeat-hgoxfxbbugxkfsbmqcjlbmjeaqyg/Build/Intermediates.noindex/leveldb.build/Debug-iphonesimulator/leveldb.build/Objects-normal/arm64/82b82416624d2658e5098eb0a28c15c5-common-args.resp
    
    /Applications/Xcode.app/Contents/Developer/Toolchains/XcodeDefault.xctoolchain/usr/bin/clang -x c++ -ivfsstatcache /Users/fukushimatakumi/Library/Developer/Xcode/DerivedData/SDKStatCaches.noindex/iphonesimulator18.4-22E235-71825a6d136aa4733edcbe86ece5525b.sdkstatcache -fmessage-length\=0 -fdiagnostics-show-note-include-stack -fmacro-backtrace-limit\=0 -fno-color-diagnostics -fmodules-prune-interval\=86400 -fmodules-prune-after\=345600 -fbuild-session-file\=/Users/fukushimatakumi/Library/Developer/Xcode/DerivedData/ModuleCache.noindex/Session.modulevalidation -fmodules-validate-once-per-build-session -Wnon-modular-include-in-framework-module -Werror\=non-modular-include-in-framework-module -Wno-trigraphs -Wno-missing-field-initializers -Wno-missing-prototypes -Wno-return-type -Wno-non-virtual-dtor -Wno-overloaded-virtual -Wno-exit-time-destructors -Wno-missing-braces -Wparentheses -Wswitch -Wno-unused-function -Wno-unused-label -Wno-unused-parameter -Wno-unused-variable -Wunused-value -Wno-empty-body -Wno-uninitialized -Wno-unknown-pragmas -w -Wno-shadow -Wno-four-char-constants -Wno-conversion -Wno-constant-conversion -Wno-int-conversion -Wno-bool-conversion -Wno-enum-conversion -Wno-float-conversion -Wno-non-literal-null-conversion -Wno-objc-literal-conversion -Wshorten-64-to-32 -Wno-newline-eof -Wno-c++11-extensions -Wno-implicit-fallthrough -fstrict-aliasing -Wdeprecated-declarations -Winvalid-offsetof -Wno-sign-conversion -Wno-infinite-recursion -Wno-move -Wno-comma -Wno-block-capture-autoreleasing -Wno-strict-prototypes -Wno-range-loop-analysis -Wno-semicolon-before-method-body -index-store-path /Users/fukushimatakumi/Library/Developer/Xcode/DerivedData/SugarBeat-hgoxfxbbugxkfsbmqcjlbmjeaqyg/Index.noindex/DataStore @/Users/fukushimatakumi/Library/Developer/Xcode/DerivedData/SugarBeat-hgoxfxbbugxkfsbmqcjlbmjeaqyg/Build/Intermediates.noindex/leveldb.build/Debug-iphonesimulator/leveldb.build/Objects-normal/arm64/82b82416624d2658e5098eb0a28c15c5-common-args.resp -MMD -MT dependencies -MF /Users/fukushimatakumi/Library/Developer/Xcode/DerivedData/SugarBeat-hgoxfxbbugxkfsbmqcjlbmjeaqyg/Build/Intermediates.noindex/leveldb.build/Debug-iphonesimulator/leveldb.build/Objects-normal/arm64/filter_block.d --serialize-diagnostics /Users/fukushimatakumi/Library/Developer/Xcode/DerivedData/SugarBeat-hgoxfxbbugxkfsbmqcjlbmjeaqyg/Build/Intermediates.noindex/leveldb.build/Debug-iphonesimulator/leveldb.build/Objects-normal/arm64/filter_block.dia -c /Users/fukushimatakumi/Library/Developer/Xcode/DerivedData/SugarBeat-hgoxfxbbugxkfsbmqcjlbmjeaqyg/SourcePackages/checkouts/leveldb/table/filter_block.cc -o /Users/fukushimatakumi/Library/Developer/Xcode/DerivedData/SugarBeat-hgoxfxbbugxkfsbmqcjlbmjeaqyg/Build/Intermediates.noindex/leveldb.build/Debug-iphonesimulator/leveldb.build/Objects-normal/arm64/filter_block.o -index-unit-output-path /leveldb.build/Debug-iphonesimulator/leveldb.build/Objects-normal/arm64/filter_block.o

SwiftMergeGeneratedHeaders /Users/fukushimatakumi/Library/Developer/Xcode/DerivedData/SugarBeat-hgoxfxbbugxkfsbmqcjlbmjeaqyg/Build/Intermediates.noindex/GeneratedModuleMaps-iphonesimulator/FirebaseSharedSwift-Swift.h /Users/fukushimatakumi/Library/Developer/Xcode/DerivedData/SugarBeat-hgoxfxbbugxkfsbmqcjlbmjeaqyg/Build/Intermediates.noindex/Firebase.build/Debug-iphonesimulator/FirebaseSharedSwift.build/Objects-normal/arm64/FirebaseSharedSwift-Swift.h (in target 'FirebaseSharedSwift' from project 'Firebase')
    cd /Users/fukushimatakumi/Library/Developer/Xcode/DerivedData/SugarBeat-hgoxfxbbugxkfsbmqcjlbmjeaqyg/SourcePackages/checkouts/firebase-ios-sdk
    builtin-swiftHeaderTool -arch arm64 /Users/fukushimatakumi/Library/Developer/Xcode/DerivedData/SugarBeat-hgoxfxbbugxkfsbmqcjlbmjeaqyg/Build/Intermediates.noindex/Firebase.build/Debug-iphonesimulator/FirebaseSharedSwift.build/Objects-normal/arm64/FirebaseSharedSwift-Swift.h -o /Users/fukushimatakumi/Library/Developer/Xcode/DerivedData/SugarBeat-hgoxfxbbugxkfsbmqcjlbmjeaqyg/Build/Intermediates.noindex/GeneratedModuleMaps-iphonesimulator/FirebaseSharedSwift-Swift.h

Copy /Users/fukushimatakumi/Library/Developer/Xcode/DerivedData/SugarBeat-hgoxfxbbugxkfsbmqcjlbmjeaqyg/Build/Products/Debug-iphonesimulator/FirebaseSharedSwift.swiftmodule/arm64-apple-ios-simulator.swiftmodule /Users/fukushimatakumi/Library/Developer/Xcode/DerivedData/SugarBeat-hgoxfxbbugxkfsbmqcjlbmjeaqyg/Build/Intermediates.noindex/Firebase.build/Debug-iphonesimulator/FirebaseSharedSwift.build/Objects-normal/arm64/FirebaseSharedSwift.swiftmodule (in target 'FirebaseSharedSwift' from project 'Firebase')
    cd /Users/fukushimatakumi/Library/Developer/Xcode/DerivedData/SugarBeat-hgoxfxbbugxkfsbmqcjlbmjeaqyg/SourcePackages/checkouts/firebase-ios-sdk
    builtin-copy -exclude .DS_Store -exclude CVS -exclude .svn -exclude .git -exclude .hg -resolve-src-symlinks -rename /Users/fukushimatakumi/Library/Developer/Xcode/DerivedData/SugarBeat-hgoxfxbbugxkfsbmqcjlbmjeaqyg/Build/Intermediates.noindex/Firebase.build/Debug-iphonesimulator/FirebaseSharedSwift.build/Objects-normal/arm64/FirebaseSharedSwift.swiftmodule /Users/fukushimatakumi/Library/Developer/Xcode/DerivedData/SugarBeat-hgoxfxbbugxkfsbmqcjlbmjeaqyg/Build/Products/Debug-iphonesimulator/FirebaseSharedSwift.swiftmodule/arm64-apple-ios-simulator.swiftmodule

Copy /Users/fukushimatakumi/Library/Developer/Xcode/DerivedData/SugarBeat-hgoxfxbbugxkfsbmqcjlbmjeaqyg/Build/Products/Debug-iphonesimulator/FirebaseSharedSwift.swiftmodule/arm64-apple-ios-simulator.swiftdoc /Users/fukushimatakumi/Library/Developer/Xcode/DerivedData/SugarBeat-hgoxfxbbugxkfsbmqcjlbmjeaqyg/Build/Intermediates.noindex/Firebase.build/Debug-iphonesimulator/FirebaseSharedSwift.build/Objects-normal/arm64/FirebaseSharedSwift.swiftdoc (in target 'FirebaseSharedSwift' from project 'Firebase')
    cd /Users/fukushimatakumi/Library/Developer/Xcode/DerivedData/SugarBeat-hgoxfxbbugxkfsbmqcjlbmjeaqyg/SourcePackages/checkouts/firebase-ios-sdk
    builtin-copy -exclude .DS_Store -exclude CVS -exclude .svn -exclude .git -exclude .hg -resolve-src-symlinks -rename /Users/fukushimatakumi/Library/Developer/Xcode/DerivedData/SugarBeat-hgoxfxbbugxkfsbmqcjlbmjeaqyg/Build/Intermediates.noindex/Firebase.build/Debug-iphonesimulator/FirebaseSharedSwift.build/Objects-normal/arm64/FirebaseSharedSwift.swiftdoc /Users/fukushimatakumi/Library/Developer/Xcode/DerivedData/SugarBeat-hgoxfxbbugxkfsbmqcjlbmjeaqyg/Build/Products/Debug-iphonesimulator/FirebaseSharedSwift.swiftmodule/arm64-apple-ios-simulator.swiftdoc

Copy /Users/fukushimatakumi/Library/Developer/Xcode/DerivedData/SugarBeat-hgoxfxbbugxkfsbmqcjlbmjeaqyg/Build/Products/Debug-iphonesimulator/FirebaseSharedSwift.swiftmodule/arm64-apple-ios-simulator.abi.json /Users/fukushimatakumi/Library/Developer/Xcode/DerivedData/SugarBeat-hgoxfxbbugxkfsbmqcjlbmjeaqyg/Build/Intermediates.noindex/Firebase.build/Debug-iphonesimulator/FirebaseSharedSwift.build/Objects-normal/arm64/FirebaseSharedSwift.abi.json (in target 'FirebaseSharedSwift' from project 'Firebase')
    cd /Users/fukushimatakumi/Library/Developer/Xcode/DerivedData/SugarBeat-hgoxfxbbugxkfsbmqcjlbmjeaqyg/SourcePackages/checkouts/firebase-ios-sdk
    builtin-copy -exclude .DS_Store -exclude CVS -exclude .svn -exclude .git -exclude .hg -resolve-src-symlinks -rename /Users/fukushimatakumi/Library/Developer/Xcode/DerivedData/SugarBeat-hgoxfxbbugxkfsbmqcjlbmjeaqyg/Build/Intermediates.noindex/Firebase.build/Debug-iphonesimulator/FirebaseSharedSwift.build/Objects-normal/arm64/FirebaseSharedSwift.abi.json /Users/fukushimatakumi/Library/Developer/Xcode/DerivedData/SugarBeat-hgoxfxbbugxkfsbmqcjlbmjeaqyg/Build/Products/Debug-iphonesimulator/FirebaseSharedSwift.swiftmodule/arm64-apple-ios-simulator.abi.json

Copy /Users/fukushimatakumi/Library/Developer/Xcode/DerivedData/SugarBeat-hgoxfxbbugxkfsbmqcjlbmjeaqyg/Build/Products/Debug-iphonesimulator/FirebaseSharedSwift.swiftmodule/Project/arm64-apple-ios-simulator.swiftsourceinfo /Users/fukushimatakumi/Library/Developer/Xcode/DerivedData/SugarBeat-hgoxfxbbugxkfsbmqcjlbmjeaqyg/Build/Intermediates.noindex/Firebase.build/Debug-iphonesimulator/FirebaseSharedSwift.build/Objects-normal/arm64/FirebaseSharedSwift.swiftsourceinfo (in target 'FirebaseSharedSwift' from project 'Firebase')
    cd /Users/fukushimatakumi/Library/Developer/Xcode/DerivedData/SugarBeat-hgoxfxbbugxkfsbmqcjlbmjeaqyg/SourcePackages/checkouts/firebase-ios-sdk
    builtin-copy -exclude .DS_Store -exclude CVS -exclude .svn -exclude .git -exclude .hg -resolve-src-symlinks -rename /Users/fukushimatakumi/Library/Developer/Xcode/DerivedData/SugarBeat-hgoxfxbbugxkfsbmqcjlbmjeaqyg/Build/Intermediates.noindex/Firebase.build/Debug-iphonesimulator/FirebaseSharedSwift.build/Objects-normal/arm64/FirebaseSharedSwift.swiftsourceinfo /Users/fukushimatakumi/Library/Developer/Xcode/DerivedData/SugarBeat-hgoxfxbbugxkfsbmqcjlbmjeaqyg/Build/Products/Debug-iphonesimulator/FirebaseSharedSwift.swiftmodule/Project/arm64-apple-ios-simulator.swiftsourceinfo

CompileC /Users/fukushimatakumi/Library/Developer/Xcode/DerivedData/SugarBeat-hgoxfxbbugxkfsbmqcjlbmjeaqyg/Build/Intermediates.noindex/leveldb.build/Debug-iphonesimulator/leveldb.build/Objects-normal/arm64/filename.o /Users/fukushimatakumi/Library/Developer/Xcode/DerivedData/SugarBeat-hgoxfxbbugxkfsbmqcjlbmjeaqyg/SourcePackages/checkouts/leveldb/db/filename.cc normal arm64 c++ com.apple.compilers.llvm.clang.1_0.compiler (in target 'leveldb' from project 'leveldb')
    cd /Users/fukushimatakumi/develop/sugarbeat/sugarbeat-front
    
    Using response file: /Users/fukushimatakumi/Library/Developer/Xcode/DerivedData/SugarBeat-hgoxfxbbugxkfsbmqcjlbmjeaqyg/Build/Intermediates.noindex/leveldb.build/Debug-iphonesimulator/leveldb.build/Objects-normal/arm64/82b82416624d2658e5098eb0a28c15c5-common-args.resp
    
    /Applications/Xcode.app/Contents/Developer/Toolchains/XcodeDefault.xctoolchain/usr/bin/clang -x c++ -ivfsstatcache /Users/fukushimatakumi/Library/Developer/Xcode/DerivedData/SDKStatCaches.noindex/iphonesimulator18.4-22E235-71825a6d136aa4733edcbe86ece5525b.sdkstatcache -fmessage-length\=0 -fdiagnostics-show-note-include-stack -fmacro-backtrace-limit\=0 -fno-color-diagnostics -fmodules-prune-interval\=86400 -fmodules-prune-after\=345600 -fbuild-session-file\=/Users/fukushimatakumi/Library/Developer/Xcode/DerivedData/ModuleCache.noindex/Session.modulevalidation -fmodules-validate-once-per-build-session -Wnon-modular-include-in-framework-module -Werror\=non-modular-include-in-framework-module -Wno-trigraphs -Wno-missing-field-initializers -Wno-missing-prototypes -Wno-return-type -Wno-non-virtual-dtor -Wno-overloaded-virtual -Wno-exit-time-destructors -Wno-missing-braces -Wparentheses -Wswitch -Wno-unused-function -Wno-unused-label -Wno-unused-parameter -Wno-unused-variable -Wunused-value -Wno-empty-body -Wno-uninitialized -Wno-unknown-pragmas -w -Wno-shadow -Wno-four-char-constants -Wno-conversion -Wno-constant-conversion -Wno-int-conversion -Wno-bool-conversion -Wno-enum-conversion -Wno-float-conversion -Wno-non-literal-null-conversion -Wno-objc-literal-conversion -Wshorten-64-to-32 -Wno-newline-eof -Wno-c++11-extensions -Wno-implicit-fallthrough -fstrict-aliasing -Wdeprecated-declarations -Winvalid-offsetof -Wno-sign-conversion -Wno-infinite-recursion -Wno-move -Wno-comma -Wno-block-capture-autoreleasing -Wno-strict-prototypes -Wno-range-loop-analysis -Wno-semicolon-before-method-body -index-store-path /Users/fukushimatakumi/Library/Developer/Xcode/DerivedData/SugarBeat-hgoxfxbbugxkfsbmqcjlbmjeaqyg/Index.noindex/DataStore @/Users/fukushimatakumi/Library/Developer/Xcode/DerivedData/SugarBeat-hgoxfxbbugxkfsbmqcjlbmjeaqyg/Build/Intermediates.noindex/leveldb.build/Debug-iphonesimulator/leveldb.build/Objects-normal/arm64/82b82416624d2658e5098eb0a28c15c5-common-args.resp -MMD -MT dependencies -MF /Users/fukushimatakumi/Library/Developer/Xcode/DerivedData/SugarBeat-hgoxfxbbugxkfsbmqcjlbmjeaqyg/Build/Intermediates.noindex/leveldb.build/Debug-iphonesimulator/leveldb.build/Objects-normal/arm64/filename.d --serialize-diagnostics /Users/fukushimatakumi/Library/Developer/Xcode/DerivedData/SugarBeat-hgoxfxbbugxkfsbmqcjlbmjeaqyg/Build/Intermediates.noindex/leveldb.build/Debug-iphonesimulator/leveldb.build/Objects-normal/arm64/filename.dia -c /Users/fukushimatakumi/Library/Developer/Xcode/DerivedData/SugarBeat-hgoxfxbbugxkfsbmqcjlbmjeaqyg/SourcePackages/checkouts/leveldb/db/filename.cc -o /Users/fukushimatakumi/Library/Developer/Xcode/DerivedData/SugarBeat-hgoxfxbbugxkfsbmqcjlbmjeaqyg/Build/Intermediates.noindex/leveldb.build/Debug-iphonesimulator/leveldb.build/Objects-normal/arm64/filename.o -index-unit-output-path /leveldb.build/Debug-iphonesimulator/leveldb.build/Objects-normal/arm64/filename.o

CompileC /Users/fukushimatakumi/Library/Developer/Xcode/DerivedData/SugarBeat-hgoxfxbbugxkfsbmqcjlbmjeaqyg/Build/Intermediates.noindex/leveldb.build/Debug-iphonesimulator/leveldb.build/Objects-normal/arm64/env_posix.o /Users/fukushimatakumi/Library/Developer/Xcode/DerivedData/SugarBeat-hgoxfxbbugxkfsbmqcjlbmjeaqyg/SourcePackages/checkouts/leveldb/util/env_posix.cc normal arm64 c++ com.apple.compilers.llvm.clang.1_0.compiler (in target 'leveldb' from project 'leveldb')
    cd /Users/fukushimatakumi/develop/sugarbeat/sugarbeat-front
    
    Using response file: /Users/fukushimatakumi/Library/Developer/Xcode/DerivedData/SugarBeat-hgoxfxbbugxkfsbmqcjlbmjeaqyg/Build/Intermediates.noindex/leveldb.build/Debug-iphonesimulator/leveldb.build/Objects-normal/arm64/82b82416624d2658e5098eb0a28c15c5-common-args.resp
    
    /Applications/Xcode.app/Contents/Developer/Toolchains/XcodeDefault.xctoolchain/usr/bin/clang -x c++ -ivfsstatcache /Users/fukushimatakumi/Library/Developer/Xcode/DerivedData/SDKStatCaches.noindex/iphonesimulator18.4-22E235-71825a6d136aa4733edcbe86ece5525b.sdkstatcache -fmessage-length\=0 -fdiagnostics-show-note-include-stack -fmacro-backtrace-limit\=0 -fno-color-diagnostics -fmodules-prune-interval\=86400 -fmodules-prune-after\=345600 -fbuild-session-file\=/Users/fukushimatakumi/Library/Developer/Xcode/DerivedData/ModuleCache.noindex/Session.modulevalidation -fmodules-validate-once-per-build-session -Wnon-modular-include-in-framework-module -Werror\=non-modular-include-in-framework-module -Wno-trigraphs -Wno-missing-field-initializers -Wno-missing-prototypes -Wno-return-type -Wno-non-virtual-dtor -Wno-overloaded-virtual -Wno-exit-time-destructors -Wno-missing-braces -Wparentheses -Wswitch -Wno-unused-function -Wno-unused-label -Wno-unused-parameter -Wno-unused-variable -Wunused-value -Wno-empty-body -Wno-uninitialized -Wno-unknown-pragmas -w -Wno-shadow -Wno-four-char-constants -Wno-conversion -Wno-constant-conversion -Wno-int-conversion -Wno-bool-conversion -Wno-enum-conversion -Wno-float-conversion -Wno-non-literal-null-conversion -Wno-objc-literal-conversion -Wshorten-64-to-32 -Wno-newline-eof -Wno-c++11-extensions -Wno-implicit-fallthrough -fstrict-aliasing -Wdeprecated-declarations -Winvalid-offsetof -Wno-sign-conversion -Wno-infinite-recursion -Wno-move -Wno-comma -Wno-block-capture-autoreleasing -Wno-strict-prototypes -Wno-range-loop-analysis -Wno-semicolon-before-method-body -index-store-path /Users/fukushimatakumi/Library/Developer/Xcode/DerivedData/SugarBeat-hgoxfxbbugxkfsbmqcjlbmjeaqyg/Index.noindex/DataStore @/Users/fukushimatakumi/Library/Developer/Xcode/DerivedData/SugarBeat-hgoxfxbbugxkfsbmqcjlbmjeaqyg/Build/Intermediates.noindex/leveldb.build/Debug-iphonesimulator/leveldb.build/Objects-normal/arm64/82b82416624d2658e5098eb0a28c15c5-common-args.resp -MMD -MT dependencies -MF /Users/fukushimatakumi/Library/Developer/Xcode/DerivedData/SugarBeat-hgoxfxbbugxkfsbmqcjlbmjeaqyg/Build/Intermediates.noindex/leveldb.build/Debug-iphonesimulator/leveldb.build/Objects-normal/arm64/env_posix.d --serialize-diagnostics /Users/fukushimatakumi/Library/Developer/Xcode/DerivedData/SugarBeat-hgoxfxbbugxkfsbmqcjlbmjeaqyg/Build/Intermediates.noindex/leveldb.build/Debug-iphonesimulator/leveldb.build/Objects-normal/arm64/env_posix.dia -c /Users/fukushimatakumi/Library/Developer/Xcode/DerivedData/SugarBeat-hgoxfxbbugxkfsbmqcjlbmjeaqyg/SourcePackages/checkouts/leveldb/util/env_posix.cc -o /Users/fukushimatakumi/Library/Developer/Xcode/DerivedData/SugarBeat-hgoxfxbbugxkfsbmqcjlbmjeaqyg/Build/Intermediates.noindex/leveldb.build/Debug-iphonesimulator/leveldb.build/Objects-normal/arm64/env_posix.o -index-unit-output-path /leveldb.build/Debug-iphonesimulator/leveldb.build/Objects-normal/arm64/env_posix.o

CompileC /Users/fukushimatakumi/Library/Developer/Xcode/DerivedData/SugarBeat-hgoxfxbbugxkfsbmqcjlbmjeaqyg/Build/Intermediates.noindex/leveldb.build/Debug-iphonesimulator/leveldb.build/Objects-normal/arm64/env.o /Users/fukushimatakumi/Library/Developer/Xcode/DerivedData/SugarBeat-hgoxfxbbugxkfsbmqcjlbmjeaqyg/SourcePackages/checkouts/leveldb/util/env.cc normal arm64 c++ com.apple.compilers.llvm.clang.1_0.compiler (in target 'leveldb' from project 'leveldb')
    cd /Users/fukushimatakumi/develop/sugarbeat/sugarbeat-front
    
    Using response file: /Users/fukushimatakumi/Library/Developer/Xcode/DerivedData/SugarBeat-hgoxfxbbugxkfsbmqcjlbmjeaqyg/Build/Intermediates.noindex/leveldb.build/Debug-iphonesimulator/leveldb.build/Objects-normal/arm64/82b82416624d2658e5098eb0a28c15c5-common-args.resp
    
    /Applications/Xcode.app/Contents/Developer/Toolchains/XcodeDefault.xctoolchain/usr/bin/clang -x c++ -ivfsstatcache /Users/fukushimatakumi/Library/Developer/Xcode/DerivedData/SDKStatCaches.noindex/iphonesimulator18.4-22E235-71825a6d136aa4733edcbe86ece5525b.sdkstatcache -fmessage-length\=0 -fdiagnostics-show-note-include-stack -fmacro-backtrace-limit\=0 -fno-color-diagnostics -fmodules-prune-interval\=86400 -fmodules-prune-after\=345600 -fbuild-session-file\=/Users/fukushimatakumi/Library/Developer/Xcode/DerivedData/ModuleCache.noindex/Session.modulevalidation -fmodules-validate-once-per-build-session -Wnon-modular-include-in-framework-module -Werror\=non-modular-include-in-framework-module -Wno-trigraphs -Wno-missing-field-initializers -Wno-missing-prototypes -Wno-return-type -Wno-non-virtual-dtor -Wno-overloaded-virtual -Wno-exit-time-destructors -Wno-missing-braces -Wparentheses -Wswitch -Wno-unused-function -Wno-unused-label -Wno-unused-parameter -Wno-unused-variable -Wunused-value -Wno-empty-body -Wno-uninitialized -Wno-unknown-pragmas -w -Wno-shadow -Wno-four-char-constants -Wno-conversion -Wno-constant-conversion -Wno-int-conversion -Wno-bool-conversion -Wno-enum-conversion -Wno-float-conversion -Wno-non-literal-null-conversion -Wno-objc-literal-conversion -Wshorten-64-to-32 -Wno-newline-eof -Wno-c++11-extensions -Wno-implicit-fallthrough -fstrict-aliasing -Wdeprecated-declarations -Winvalid-offsetof -Wno-sign-conversion -Wno-infinite-recursion -Wno-move -Wno-comma -Wno-block-capture-autoreleasing -Wno-strict-prototypes -Wno-range-loop-analysis -Wno-semicolon-before-method-body -index-store-path /Users/fukushimatakumi/Library/Developer/Xcode/DerivedData/SugarBeat-hgoxfxbbugxkfsbmqcjlbmjeaqyg/Index.noindex/DataStore @/Users/fukushimatakumi/Library/Developer/Xcode/DerivedData/SugarBeat-hgoxfxbbugxkfsbmqcjlbmjeaqyg/Build/Intermediates.noindex/leveldb.build/Debug-iphonesimulator/leveldb.build/Objects-normal/arm64/82b82416624d2658e5098eb0a28c15c5-common-args.resp -MMD -MT dependencies -MF /Users/fukushimatakumi/Library/Developer/Xcode/DerivedData/SugarBeat-hgoxfxbbugxkfsbmqcjlbmjeaqyg/Build/Intermediates.noindex/leveldb.build/Debug-iphonesimulator/leveldb.build/Objects-normal/arm64/env.d --serialize-diagnostics /Users/fukushimatakumi/Library/Developer/Xcode/DerivedData/SugarBeat-hgoxfxbbugxkfsbmqcjlbmjeaqyg/Build/Intermediates.noindex/leveldb.build/Debug-iphonesimulator/leveldb.build/Objects-normal/arm64/env.dia -c /Users/fukushimatakumi/Library/Developer/Xcode/DerivedData/SugarBeat-hgoxfxbbugxkfsbmqcjlbmjeaqyg/SourcePackages/checkouts/leveldb/util/env.cc -o /Users/fukushimatakumi/Library/Developer/Xcode/DerivedData/SugarBeat-hgoxfxbbugxkfsbmqcjlbmjeaqyg/Build/Intermediates.noindex/leveldb.build/Debug-iphonesimulator/leveldb.build/Objects-normal/arm64/env.o -index-unit-output-path /leveldb.build/Debug-iphonesimulator/leveldb.build/Objects-normal/arm64/env.o

CompileC /Users/fukushimatakumi/Library/Developer/Xcode/DerivedData/SugarBeat-hgoxfxbbugxkfsbmqcjlbmjeaqyg/Build/Intermediates.noindex/leveldb.build/Debug-iphonesimulator/leveldb.build/Objects-normal/arm64/dumpfile.o /Users/fukushimatakumi/Library/Developer/Xcode/DerivedData/SugarBeat-hgoxfxbbugxkfsbmqcjlbmjeaqyg/SourcePackages/checkouts/leveldb/db/dumpfile.cc normal arm64 c++ com.apple.compilers.llvm.clang.1_0.compiler (in target 'leveldb' from project 'leveldb')
    cd /Users/fukushimatakumi/develop/sugarbeat/sugarbeat-front
    
    Using response file: /Users/fukushimatakumi/Library/Developer/Xcode/DerivedData/SugarBeat-hgoxfxbbugxkfsbmqcjlbmjeaqyg/Build/Intermediates.noindex/leveldb.build/Debug-iphonesimulator/leveldb.build/Objects-normal/arm64/82b82416624d2658e5098eb0a28c15c5-common-args.resp
    
    /Applications/Xcode.app/Contents/Developer/Toolchains/XcodeDefault.xctoolchain/usr/bin/clang -x c++ -ivfsstatcache /Users/fukushimatakumi/Library/Developer/Xcode/DerivedData/SDKStatCaches.noindex/iphonesimulator18.4-22E235-71825a6d136aa4733edcbe86ece5525b.sdkstatcache -fmessage-length\=0 -fdiagnostics-show-note-include-stack -fmacro-backtrace-limit\=0 -fno-color-diagnostics -fmodules-prune-interval\=86400 -fmodules-prune-after\=345600 -fbuild-session-file\=/Users/fukushimatakumi/Library/Developer/Xcode/DerivedData/ModuleCache.noindex/Session.modulevalidation -fmodules-validate-once-per-build-session -Wnon-modular-include-in-framework-module -Werror\=non-modular-include-in-framework-module -Wno-trigraphs -Wno-missing-field-initializers -Wno-missing-prototypes -Wno-return-type -Wno-non-virtual-dtor -Wno-overloaded-virtual -Wno-exit-time-destructors -Wno-missing-braces -Wparentheses -Wswitch -Wno-unused-function -Wno-unused-label -Wno-unused-parameter -Wno-unused-variable -Wunused-value -Wno-empty-body -Wno-uninitialized -Wno-unknown-pragmas -w -Wno-shadow -Wno-four-char-constants -Wno-conversion -Wno-constant-conversion -Wno-int-conversion -Wno-bool-conversion -Wno-enum-conversion -Wno-float-conversion -Wno-non-literal-null-conversion -Wno-objc-literal-conversion -Wshorten-64-to-32 -Wno-newline-eof -Wno-c++11-extensions -Wno-implicit-fallthrough -fstrict-aliasing -Wdeprecated-declarations -Winvalid-offsetof -Wno-sign-conversion -Wno-infinite-recursion -Wno-move -Wno-comma -Wno-block-capture-autoreleasing -Wno-strict-prototypes -Wno-range-loop-analysis -Wno-semicolon-before-method-body -index-store-path /Users/fukushimatakumi/Library/Developer/Xcode/DerivedData/SugarBeat-hgoxfxbbugxkfsbmqcjlbmjeaqyg/Index.noindex/DataStore @/Users/fukushimatakumi/Library/Developer/Xcode/DerivedData/SugarBeat-hgoxfxbbugxkfsbmqcjlbmjeaqyg/Build/Intermediates.noindex/leveldb.build/Debug-iphonesimulator/leveldb.build/Objects-normal/arm64/82b82416624d2658e5098eb0a28c15c5-common-args.resp -MMD -MT dependencies -MF /Users/fukushimatakumi/Library/Developer/Xcode/DerivedData/SugarBeat-hgoxfxbbugxkfsbmqcjlbmjeaqyg/Build/Intermediates.noindex/leveldb.build/Debug-iphonesimulator/leveldb.build/Objects-normal/arm64/dumpfile.d --serialize-diagnostics /Users/fukushimatakumi/Library/Developer/Xcode/DerivedData/SugarBeat-hgoxfxbbugxkfsbmqcjlbmjeaqyg/Build/Intermediates.noindex/leveldb.build/Debug-iphonesimulator/leveldb.build/Objects-normal/arm64/dumpfile.dia -c /Users/fukushimatakumi/Library/Developer/Xcode/DerivedData/SugarBeat-hgoxfxbbugxkfsbmqcjlbmjeaqyg/SourcePackages/checkouts/leveldb/db/dumpfile.cc -o /Users/fukushimatakumi/Library/Developer/Xcode/DerivedData/SugarBeat-hgoxfxbbugxkfsbmqcjlbmjeaqyg/Build/Intermediates.noindex/leveldb.build/Debug-iphonesimulator/leveldb.build/Objects-normal/arm64/dumpfile.o -index-unit-output-path /leveldb.build/Debug-iphonesimulator/leveldb.build/Objects-normal/arm64/dumpfile.o

CompileC /Users/fukushimatakumi/Library/Developer/Xcode/DerivedData/SugarBeat-hgoxfxbbugxkfsbmqcjlbmjeaqyg/Build/Intermediates.noindex/leveldb.build/Debug-iphonesimulator/leveldb.build/Objects-normal/arm64/dbformat.o /Users/fukushimatakumi/Library/Developer/Xcode/DerivedData/SugarBeat-hgoxfxbbugxkfsbmqcjlbmjeaqyg/SourcePackages/checkouts/leveldb/db/dbformat.cc normal arm64 c++ com.apple.compilers.llvm.clang.1_0.compiler (in target 'leveldb' from project 'leveldb')
    cd /Users/fukushimatakumi/develop/sugarbeat/sugarbeat-front
    
    Using response file: /Users/fukushimatakumi/Library/Developer/Xcode/DerivedData/SugarBeat-hgoxfxbbugxkfsbmqcjlbmjeaqyg/Build/Intermediates.noindex/leveldb.build/Debug-iphonesimulator/leveldb.build/Objects-normal/arm64/82b82416624d2658e5098eb0a28c15c5-common-args.resp
    
    /Applications/Xcode.app/Contents/Developer/Toolchains/XcodeDefault.xctoolchain/usr/bin/clang -x c++ -ivfsstatcache /Users/fukushimatakumi/Library/Developer/Xcode/DerivedData/SDKStatCaches.noindex/iphonesimulator18.4-22E235-71825a6d136aa4733edcbe86ece5525b.sdkstatcache -fmessage-length\=0 -fdiagnostics-show-note-include-stack -fmacro-backtrace-limit\=0 -fno-color-diagnostics -fmodules-prune-interval\=86400 -fmodules-prune-after\=345600 -fbuild-session-file\=/Users/fukushimatakumi/Library/Developer/Xcode/DerivedData/ModuleCache.noindex/Session.modulevalidation -fmodules-validate-once-per-build-session -Wnon-modular-include-in-framework-module -Werror\=non-modular-include-in-framework-module -Wno-trigraphs -Wno-missing-field-initializers -Wno-missing-prototypes -Wno-return-type -Wno-non-virtual-dtor -Wno-overloaded-virtual -Wno-exit-time-destructors -Wno-missing-braces -Wparentheses -Wswitch -Wno-unused-function -Wno-unused-label -Wno-unused-parameter -Wno-unused-variable -Wunused-value -Wno-empty-body -Wno-uninitialized -Wno-unknown-pragmas -w -Wno-shadow -Wno-four-char-constants -Wno-conversion -Wno-constant-conversion -Wno-int-conversion -Wno-bool-conversion -Wno-enum-conversion -Wno-float-conversion -Wno-non-literal-null-conversion -Wno-objc-literal-conversion -Wshorten-64-to-32 -Wno-newline-eof -Wno-c++11-extensions -Wno-implicit-fallthrough -fstrict-aliasing -Wdeprecated-declarations -Winvalid-offsetof -Wno-sign-conversion -Wno-infinite-recursion -Wno-move -Wno-comma -Wno-block-capture-autoreleasing -Wno-strict-prototypes -Wno-range-loop-analysis -Wno-semicolon-before-method-body -index-store-path /Users/fukushimatakumi/Library/Developer/Xcode/DerivedData/SugarBeat-hgoxfxbbugxkfsbmqcjlbmjeaqyg/Index.noindex/DataStore @/Users/fukushimatakumi/Library/Developer/Xcode/DerivedData/SugarBeat-hgoxfxbbugxkfsbmqcjlbmjeaqyg/Build/Intermediates.noindex/leveldb.build/Debug-iphonesimulator/leveldb.build/Objects-normal/arm64/82b82416624d2658e5098eb0a28c15c5-common-args.resp -MMD -MT dependencies -MF /Users/fukushimatakumi/Library/Developer/Xcode/DerivedData/SugarBeat-hgoxfxbbugxkfsbmqcjlbmjeaqyg/Build/Intermediates.noindex/leveldb.build/Debug-iphonesimulator/leveldb.build/Objects-normal/arm64/dbformat.d --serialize-diagnostics /Users/fukushimatakumi/Library/Developer/Xcode/DerivedData/SugarBeat-hgoxfxbbugxkfsbmqcjlbmjeaqyg/Build/Intermediates.noindex/leveldb.build/Debug-iphonesimulator/leveldb.build/Objects-normal/arm64/dbformat.dia -c /Users/fukushimatakumi/Library/Developer/Xcode/DerivedData/SugarBeat-hgoxfxbbugxkfsbmqcjlbmjeaqyg/SourcePackages/checkouts/leveldb/db/dbformat.cc -o /Users/fukushimatakumi/Library/Developer/Xcode/DerivedData/SugarBeat-hgoxfxbbugxkfsbmqcjlbmjeaqyg/Build/Intermediates.noindex/leveldb.build/Debug-iphonesimulator/leveldb.build/Objects-normal/arm64/dbformat.o -index-unit-output-path /leveldb.build/Debug-iphonesimulator/leveldb.build/Objects-normal/arm64/dbformat.o

CompileC /Users/fukushimatakumi/Library/Developer/Xcode/DerivedData/SugarBeat-hgoxfxbbugxkfsbmqcjlbmjeaqyg/Build/Intermediates.noindex/leveldb.build/Debug-iphonesimulator/leveldb.build/Objects-normal/arm64/db_iter.o /Users/fukushimatakumi/Library/Developer/Xcode/DerivedData/SugarBeat-hgoxfxbbugxkfsbmqcjlbmjeaqyg/SourcePackages/checkouts/leveldb/db/db_iter.cc normal arm64 c++ com.apple.compilers.llvm.clang.1_0.compiler (in target 'leveldb' from project 'leveldb')
    cd /Users/fukushimatakumi/develop/sugarbeat/sugarbeat-front
    
    Using response file: /Users/fukushimatakumi/Library/Developer/Xcode/DerivedData/SugarBeat-hgoxfxbbugxkfsbmqcjlbmjeaqyg/Build/Intermediates.noindex/leveldb.build/Debug-iphonesimulator/leveldb.build/Objects-normal/arm64/82b82416624d2658e5098eb0a28c15c5-common-args.resp
    
    /Applications/Xcode.app/Contents/Developer/Toolchains/XcodeDefault.xctoolchain/usr/bin/clang -x c++ -ivfsstatcache /Users/fukushimatakumi/Library/Developer/Xcode/DerivedData/SDKStatCaches.noindex/iphonesimulator18.4-22E235-71825a6d136aa4733edcbe86ece5525b.sdkstatcache -fmessage-length\=0 -fdiagnostics-show-note-include-stack -fmacro-backtrace-limit\=0 -fno-color-diagnostics -fmodules-prune-interval\=86400 -fmodules-prune-after\=345600 -fbuild-session-file\=/Users/fukushimatakumi/Library/Developer/Xcode/DerivedData/ModuleCache.noindex/Session.modulevalidation -fmodules-validate-once-per-build-session -Wnon-modular-include-in-framework-module -Werror\=non-modular-include-in-framework-module -Wno-trigraphs -Wno-missing-field-initializers -Wno-missing-prototypes -Wno-return-type -Wno-non-virtual-dtor -Wno-overloaded-virtual -Wno-exit-time-destructors -Wno-missing-braces -Wparentheses -Wswitch -Wno-unused-function -Wno-unused-label -Wno-unused-parameter -Wno-unused-variable -Wunused-value -Wno-empty-body -Wno-uninitialized -Wno-unknown-pragmas -w -Wno-shadow -Wno-four-char-constants -Wno-conversion -Wno-constant-conversion -Wno-int-conversion -Wno-bool-conversion -Wno-enum-conversion -Wno-float-conversion -Wno-non-literal-null-conversion -Wno-objc-literal-conversion -Wshorten-64-to-32 -Wno-newline-eof -Wno-c++11-extensions -Wno-implicit-fallthrough -fstrict-aliasing -Wdeprecated-declarations -Winvalid-offsetof -Wno-sign-conversion -Wno-infinite-recursion -Wno-move -Wno-comma -Wno-block-capture-autoreleasing -Wno-strict-prototypes -Wno-range-loop-analysis -Wno-semicolon-before-method-body -index-store-path /Users/fukushimatakumi/Library/Developer/Xcode/DerivedData/SugarBeat-hgoxfxbbugxkfsbmqcjlbmjeaqyg/Index.noindex/DataStore @/Users/fukushimatakumi/Library/Developer/Xcode/DerivedData/SugarBeat-hgoxfxbbugxkfsbmqcjlbmjeaqyg/Build/Intermediates.noindex/leveldb.build/Debug-iphonesimulator/leveldb.build/Objects-normal/arm64/82b82416624d2658e5098eb0a28c15c5-common-args.resp -MMD -MT dependencies -MF /Users/fukushimatakumi/Library/Developer/Xcode/DerivedData/SugarBeat-hgoxfxbbugxkfsbmqcjlbmjeaqyg/Build/Intermediates.noindex/leveldb.build/Debug-iphonesimulator/leveldb.build/Objects-normal/arm64/db_iter.d --serialize-diagnostics /Users/fukushimatakumi/Library/Developer/Xcode/DerivedData/SugarBeat-hgoxfxbbugxkfsbmqcjlbmjeaqyg/Build/Intermediates.noindex/leveldb.build/Debug-iphonesimulator/leveldb.build/Objects-normal/arm64/db_iter.dia -c /Users/fukushimatakumi/Library/Developer/Xcode/DerivedData/SugarBeat-hgoxfxbbugxkfsbmqcjlbmjeaqyg/SourcePackages/checkouts/leveldb/db/db_iter.cc -o /Users/fukushimatakumi/Library/Developer/Xcode/DerivedData/SugarBeat-hgoxfxbbugxkfsbmqcjlbmjeaqyg/Build/Intermediates.noindex/leveldb.build/Debug-iphonesimulator/leveldb.build/Objects-normal/arm64/db_iter.o -index-unit-output-path /leveldb.build/Debug-iphonesimulator/leveldb.build/Objects-normal/arm64/db_iter.o

CompileC /Users/fukushimatakumi/Library/Developer/Xcode/DerivedData/SugarBeat-hgoxfxbbugxkfsbmqcjlbmjeaqyg/Build/Intermediates.noindex/leveldb.build/Debug-iphonesimulator/leveldb.build/Objects-normal/arm64/db_impl.o /Users/fukushimatakumi/Library/Developer/Xcode/DerivedData/SugarBeat-hgoxfxbbugxkfsbmqcjlbmjeaqyg/SourcePackages/checkouts/leveldb/db/db_impl.cc normal arm64 c++ com.apple.compilers.llvm.clang.1_0.compiler (in target 'leveldb' from project 'leveldb')
    cd /Users/fukushimatakumi/develop/sugarbeat/sugarbeat-front
    
    Using response file: /Users/fukushimatakumi/Library/Developer/Xcode/DerivedData/SugarBeat-hgoxfxbbugxkfsbmqcjlbmjeaqyg/Build/Intermediates.noindex/leveldb.build/Debug-iphonesimulator/leveldb.build/Objects-normal/arm64/82b82416624d2658e5098eb0a28c15c5-common-args.resp
    
    /Applications/Xcode.app/Contents/Developer/Toolchains/XcodeDefault.xctoolchain/usr/bin/clang -x c++ -ivfsstatcache /Users/fukushimatakumi/Library/Developer/Xcode/DerivedData/SDKStatCaches.noindex/iphonesimulator18.4-22E235-71825a6d136aa4733edcbe86ece5525b.sdkstatcache -fmessage-length\=0 -fdiagnostics-show-note-include-stack -fmacro-backtrace-limit\=0 -fno-color-diagnostics -fmodules-prune-interval\=86400 -fmodules-prune-after\=345600 -fbuild-session-file\=/Users/fukushimatakumi/Library/Developer/Xcode/DerivedData/ModuleCache.noindex/Session.modulevalidation -fmodules-validate-once-per-build-session -Wnon-modular-include-in-framework-module -Werror\=non-modular-include-in-framework-module -Wno-trigraphs -Wno-missing-field-initializers -Wno-missing-prototypes -Wno-return-type -Wno-non-virtual-dtor -Wno-overloaded-virtual -Wno-exit-time-destructors -Wno-missing-braces -Wparentheses -Wswitch -Wno-unused-function -Wno-unused-label -Wno-unused-parameter -Wno-unused-variable -Wunused-value -Wno-empty-body -Wno-uninitialized -Wno-unknown-pragmas -w -Wno-shadow -Wno-four-char-constants -Wno-conversion -Wno-constant-conversion -Wno-int-conversion -Wno-bool-conversion -Wno-enum-conversion -Wno-float-conversion -Wno-non-literal-null-conversion -Wno-objc-literal-conversion -Wshorten-64-to-32 -Wno-newline-eof -Wno-c++11-extensions -Wno-implicit-fallthrough -fstrict-aliasing -Wdeprecated-declarations -Winvalid-offsetof -Wno-sign-conversion -Wno-infinite-recursion -Wno-move -Wno-comma -Wno-block-capture-autoreleasing -Wno-strict-prototypes -Wno-range-loop-analysis -Wno-semicolon-before-method-body -index-store-path /Users/fukushimatakumi/Library/Developer/Xcode/DerivedData/SugarBeat-hgoxfxbbugxkfsbmqcjlbmjeaqyg/Index.noindex/DataStore @/Users/fukushimatakumi/Library/Developer/Xcode/DerivedData/SugarBeat-hgoxfxbbugxkfsbmqcjlbmjeaqyg/Build/Intermediates.noindex/leveldb.build/Debug-iphonesimulator/leveldb.build/Objects-normal/arm64/82b82416624d2658e5098eb0a28c15c5-common-args.resp -MMD -MT dependencies -MF /Users/fukushimatakumi/Library/Developer/Xcode/DerivedData/SugarBeat-hgoxfxbbugxkfsbmqcjlbmjeaqyg/Build/Intermediates.noindex/leveldb.build/Debug-iphonesimulator/leveldb.build/Objects-normal/arm64/db_impl.d --serialize-diagnostics /Users/fukushimatakumi/Library/Developer/Xcode/DerivedData/SugarBeat-hgoxfxbbugxkfsbmqcjlbmjeaqyg/Build/Intermediates.noindex/leveldb.build/Debug-iphonesimulator/leveldb.build/Objects-normal/arm64/db_impl.dia -c /Users/fukushimatakumi/Library/Developer/Xcode/DerivedData/SugarBeat-hgoxfxbbugxkfsbmqcjlbmjeaqyg/SourcePackages/checkouts/leveldb/db/db_impl.cc -o /Users/fukushimatakumi/Library/Developer/Xcode/DerivedData/SugarBeat-hgoxfxbbugxkfsbmqcjlbmjeaqyg/Build/Intermediates.noindex/leveldb.build/Debug-iphonesimulator/leveldb.build/Objects-normal/arm64/db_impl.o -index-unit-output-path /leveldb.build/Debug-iphonesimulator/leveldb.build/Objects-normal/arm64/db_impl.o

CompileC /Users/fukushimatakumi/Library/Developer/Xcode/DerivedData/SugarBeat-hgoxfxbbugxkfsbmqcjlbmjeaqyg/Build/Intermediates.noindex/leveldb.build/Debug-iphonesimulator/leveldb.build/Objects-normal/arm64/crc32c.o /Users/fukushimatakumi/Library/Developer/Xcode/DerivedData/SugarBeat-hgoxfxbbugxkfsbmqcjlbmjeaqyg/SourcePackages/checkouts/leveldb/util/crc32c.cc normal arm64 c++ com.apple.compilers.llvm.clang.1_0.compiler (in target 'leveldb' from project 'leveldb')
    cd /Users/fukushimatakumi/develop/sugarbeat/sugarbeat-front
    
    Using response file: /Users/fukushimatakumi/Library/Developer/Xcode/DerivedData/SugarBeat-hgoxfxbbugxkfsbmqcjlbmjeaqyg/Build/Intermediates.noindex/leveldb.build/Debug-iphonesimulator/leveldb.build/Objects-normal/arm64/82b82416624d2658e5098eb0a28c15c5-common-args.resp
    
    /Applications/Xcode.app/Contents/Developer/Toolchains/XcodeDefault.xctoolchain/usr/bin/clang -x c++ -ivfsstatcache /Users/fukushimatakumi/Library/Developer/Xcode/DerivedData/SDKStatCaches.noindex/iphonesimulator18.4-22E235-71825a6d136aa4733edcbe86ece5525b.sdkstatcache -fmessage-length\=0 -fdiagnostics-show-note-include-stack -fmacro-backtrace-limit\=0 -fno-color-diagnostics -fmodules-prune-interval\=86400 -fmodules-prune-after\=345600 -fbuild-session-file\=/Users/fukushimatakumi/Library/Developer/Xcode/DerivedData/ModuleCache.noindex/Session.modulevalidation -fmodules-validate-once-per-build-session -Wnon-modular-include-in-framework-module -Werror\=non-modular-include-in-framework-module -Wno-trigraphs -Wno-missing-field-initializers -Wno-missing-prototypes -Wno-return-type -Wno-non-virtual-dtor -Wno-overloaded-virtual -Wno-exit-time-destructors -Wno-missing-braces -Wparentheses -Wswitch -Wno-unused-function -Wno-unused-label -Wno-unused-parameter -Wno-unused-variable -Wunused-value -Wno-empty-body -Wno-uninitialized -Wno-unknown-pragmas -w -Wno-shadow -Wno-four-char-constants -Wno-conversion -Wno-constant-conversion -Wno-int-conversion -Wno-bool-conversion -Wno-enum-conversion -Wno-float-conversion -Wno-non-literal-null-conversion -Wno-objc-literal-conversion -Wshorten-64-to-32 -Wno-newline-eof -Wno-c++11-extensions -Wno-implicit-fallthrough -fstrict-aliasing -Wdeprecated-declarations -Winvalid-offsetof -Wno-sign-conversion -Wno-infinite-recursion -Wno-move -Wno-comma -Wno-block-capture-autoreleasing -Wno-strict-prototypes -Wno-range-loop-analysis -Wno-semicolon-before-method-body -index-store-path /Users/fukushimatakumi/Library/Developer/Xcode/DerivedData/SugarBeat-hgoxfxbbugxkfsbmqcjlbmjeaqyg/Index.noindex/DataStore @/Users/fukushimatakumi/Library/Developer/Xcode/DerivedData/SugarBeat-hgoxfxbbugxkfsbmqcjlbmjeaqyg/Build/Intermediates.noindex/leveldb.build/Debug-iphonesimulator/leveldb.build/Objects-normal/arm64/82b82416624d2658e5098eb0a28c15c5-common-args.resp -MMD -MT dependencies -MF /Users/fukushimatakumi/Library/Developer/Xcode/DerivedData/SugarBeat-hgoxfxbbugxkfsbmqcjlbmjeaqyg/Build/Intermediates.noindex/leveldb.build/Debug-iphonesimulator/leveldb.build/Objects-normal/arm64/crc32c.d --serialize-diagnostics /Users/fukushimatakumi/Library/Developer/Xcode/DerivedData/SugarBeat-hgoxfxbbugxkfsbmqcjlbmjeaqyg/Build/Intermediates.noindex/leveldb.build/Debug-iphonesimulator/leveldb.build/Objects-normal/arm64/crc32c.dia -c /Users/fukushimatakumi/Library/Developer/Xcode/DerivedData/SugarBeat-hgoxfxbbugxkfsbmqcjlbmjeaqyg/SourcePackages/checkouts/leveldb/util/crc32c.cc -o /Users/fukushimatakumi/Library/Developer/Xcode/DerivedData/SugarBeat-hgoxfxbbugxkfsbmqcjlbmjeaqyg/Build/Intermediates.noindex/leveldb.build/Debug-iphonesimulator/leveldb.build/Objects-normal/arm64/crc32c.o -index-unit-output-path /leveldb.build/Debug-iphonesimulator/leveldb.build/Objects-normal/arm64/crc32c.o

CompileC /Users/fukushimatakumi/Library/Developer/Xcode/DerivedData/SugarBeat-hgoxfxbbugxkfsbmqcjlbmjeaqyg/Build/Intermediates.noindex/leveldb.build/Debug-iphonesimulator/leveldb.build/Objects-normal/arm64/comparator.o /Users/fukushimatakumi/Library/Developer/Xcode/DerivedData/SugarBeat-hgoxfxbbugxkfsbmqcjlbmjeaqyg/SourcePackages/checkouts/leveldb/util/comparator.cc normal arm64 c++ com.apple.compilers.llvm.clang.1_0.compiler (in target 'leveldb' from project 'leveldb')
    cd /Users/fukushimatakumi/develop/sugarbeat/sugarbeat-front
    
    Using response file: /Users/fukushimatakumi/Library/Developer/Xcode/DerivedData/SugarBeat-hgoxfxbbugxkfsbmqcjlbmjeaqyg/Build/Intermediates.noindex/leveldb.build/Debug-iphonesimulator/leveldb.build/Objects-normal/arm64/82b82416624d2658e5098eb0a28c15c5-common-args.resp
    
    /Applications/Xcode.app/Contents/Developer/Toolchains/XcodeDefault.xctoolchain/usr/bin/clang -x c++ -ivfsstatcache /Users/fukushimatakumi/Library/Developer/Xcode/DerivedData/SDKStatCaches.noindex/iphonesimulator18.4-22E235-71825a6d136aa4733edcbe86ece5525b.sdkstatcache -fmessage-length\=0 -fdiagnostics-show-note-include-stack -fmacro-backtrace-limit\=0 -fno-color-diagnostics -fmodules-prune-interval\=86400 -fmodules-prune-after\=345600 -fbuild-session-file\=/Users/fukushimatakumi/Library/Developer/Xcode/DerivedData/ModuleCache.noindex/Session.modulevalidation -fmodules-validate-once-per-build-session -Wnon-modular-include-in-framework-module -Werror\=non-modular-include-in-framework-module -Wno-trigraphs -Wno-missing-field-initializers -Wno-missing-prototypes -Wno-return-type -Wno-non-virtual-dtor -Wno-overloaded-virtual -Wno-exit-time-destructors -Wno-missing-braces -Wparentheses -Wswitch -Wno-unused-function -Wno-unused-label -Wno-unused-parameter -Wno-unused-variable -Wunused-value -Wno-empty-body -Wno-uninitialized -Wno-unknown-pragmas -w -Wno-shadow -Wno-four-char-constants -Wno-conversion -Wno-constant-conversion -Wno-int-conversion -Wno-bool-conversion -Wno-enum-conversion -Wno-float-conversion -Wno-non-literal-null-conversion -Wno-objc-literal-conversion -Wshorten-64-to-32 -Wno-newline-eof -Wno-c++11-extensions -Wno-implicit-fallthrough -fstrict-aliasing -Wdeprecated-declarations -Winvalid-offsetof -Wno-sign-conversion -Wno-infinite-recursion -Wno-move -Wno-comma -Wno-block-capture-autoreleasing -Wno-strict-prototypes -Wno-range-loop-analysis -Wno-semicolon-before-method-body -index-store-path /Users/fukushimatakumi/Library/Developer/Xcode/DerivedData/SugarBeat-hgoxfxbbugxkfsbmqcjlbmjeaqyg/Index.noindex/DataStore @/Users/fukushimatakumi/Library/Developer/Xcode/DerivedData/SugarBeat-hgoxfxbbugxkfsbmqcjlbmjeaqyg/Build/Intermediates.noindex/leveldb.build/Debug-iphonesimulator/leveldb.build/Objects-normal/arm64/82b82416624d2658e5098eb0a28c15c5-common-args.resp -MMD -MT dependencies -MF /Users/fukushimatakumi/Library/Developer/Xcode/DerivedData/SugarBeat-hgoxfxbbugxkfsbmqcjlbmjeaqyg/Build/Intermediates.noindex/leveldb.build/Debug-iphonesimulator/leveldb.build/Objects-normal/arm64/comparator.d --serialize-diagnostics /Users/fukushimatakumi/Library/Developer/Xcode/DerivedData/SugarBeat-hgoxfxbbugxkfsbmqcjlbmjeaqyg/Build/Intermediates.noindex/leveldb.build/Debug-iphonesimulator/leveldb.build/Objects-normal/arm64/comparator.dia -c /Users/fukushimatakumi/Library/Developer/Xcode/DerivedData/SugarBeat-hgoxfxbbugxkfsbmqcjlbmjeaqyg/SourcePackages/checkouts/leveldb/util/comparator.cc -o /Users/fukushimatakumi/Library/Developer/Xcode/DerivedData/SugarBeat-hgoxfxbbugxkfsbmqcjlbmjeaqyg/Build/Intermediates.noindex/leveldb.build/Debug-iphonesimulator/leveldb.build/Objects-normal/arm64/comparator.o -index-unit-output-path /leveldb.build/Debug-iphonesimulator/leveldb.build/Objects-normal/arm64/comparator.o

CompileC /Users/fukushimatakumi/Library/Developer/Xcode/DerivedData/SugarBeat-hgoxfxbbugxkfsbmqcjlbmjeaqyg/Build/Intermediates.noindex/leveldb.build/Debug-iphonesimulator/leveldb.build/Objects-normal/arm64/coding.o /Users/fukushimatakumi/Library/Developer/Xcode/DerivedData/SugarBeat-hgoxfxbbugxkfsbmqcjlbmjeaqyg/SourcePackages/checkouts/leveldb/util/coding.cc normal arm64 c++ com.apple.compilers.llvm.clang.1_0.compiler (in target 'leveldb' from project 'leveldb')
    cd /Users/fukushimatakumi/develop/sugarbeat/sugarbeat-front
    
    Using response file: /Users/fukushimatakumi/Library/Developer/Xcode/DerivedData/SugarBeat-hgoxfxbbugxkfsbmqcjlbmjeaqyg/Build/Intermediates.noindex/leveldb.build/Debug-iphonesimulator/leveldb.build/Objects-normal/arm64/82b82416624d2658e5098eb0a28c15c5-common-args.resp
    
    /Applications/Xcode.app/Contents/Developer/Toolchains/XcodeDefault.xctoolchain/usr/bin/clang -x c++ -ivfsstatcache /Users/fukushimatakumi/Library/Developer/Xcode/DerivedData/SDKStatCaches.noindex/iphonesimulator18.4-22E235-71825a6d136aa4733edcbe86ece5525b.sdkstatcache -fmessage-length\=0 -fdiagnostics-show-note-include-stack -fmacro-backtrace-limit\=0 -fno-color-diagnostics -fmodules-prune-interval\=86400 -fmodules-prune-after\=345600 -fbuild-session-file\=/Users/fukushimatakumi/Library/Developer/Xcode/DerivedData/ModuleCache.noindex/Session.modulevalidation -fmodules-validate-once-per-build-session -Wnon-modular-include-in-framework-module -Werror\=non-modular-include-in-framework-module -Wno-trigraphs -Wno-missing-field-initializers -Wno-missing-prototypes -Wno-return-type -Wno-non-virtual-dtor -Wno-overloaded-virtual -Wno-exit-time-destructors -Wno-missing-braces -Wparentheses -Wswitch -Wno-unused-function -Wno-unused-label -Wno-unused-parameter -Wno-unused-variable -Wunused-value -Wno-empty-body -Wno-uninitialized -Wno-unknown-pragmas -w -Wno-shadow -Wno-four-char-constants -Wno-conversion -Wno-constant-conversion -Wno-int-conversion -Wno-bool-conversion -Wno-enum-conversion -Wno-float-conversion -Wno-non-literal-null-conversion -Wno-objc-literal-conversion -Wshorten-64-to-32 -Wno-newline-eof -Wno-c++11-extensions -Wno-implicit-fallthrough -fstrict-aliasing -Wdeprecated-declarations -Winvalid-offsetof -Wno-sign-conversion -Wno-infinite-recursion -Wno-move -Wno-comma -Wno-block-capture-autoreleasing -Wno-strict-prototypes -Wno-range-loop-analysis -Wno-semicolon-before-method-body -index-store-path /Users/fukushimatakumi/Library/Developer/Xcode/DerivedData/SugarBeat-hgoxfxbbugxkfsbmqcjlbmjeaqyg/Index.noindex/DataStore @/Users/fukushimatakumi/Library/Developer/Xcode/DerivedData/SugarBeat-hgoxfxbbugxkfsbmqcjlbmjeaqyg/Build/Intermediates.noindex/leveldb.build/Debug-iphonesimulator/leveldb.build/Objects-normal/arm64/82b82416624d2658e5098eb0a28c15c5-common-args.resp -MMD -MT dependencies -MF /Users/fukushimatakumi/Library/Developer/Xcode/DerivedData/SugarBeat-hgoxfxbbugxkfsbmqcjlbmjeaqyg/Build/Intermediates.noindex/leveldb.build/Debug-iphonesimulator/leveldb.build/Objects-normal/arm64/coding.d --serialize-diagnostics /Users/fukushimatakumi/Library/Developer/Xcode/DerivedData/SugarBeat-hgoxfxbbugxkfsbmqcjlbmjeaqyg/Build/Intermediates.noindex/leveldb.build/Debug-iphonesimulator/leveldb.build/Objects-normal/arm64/coding.dia -c /Users/fukushimatakumi/Library/Developer/Xcode/DerivedData/SugarBeat-hgoxfxbbugxkfsbmqcjlbmjeaqyg/SourcePackages/checkouts/leveldb/util/coding.cc -o /Users/fukushimatakumi/Library/Developer/Xcode/DerivedData/SugarBeat-hgoxfxbbugxkfsbmqcjlbmjeaqyg/Build/Intermediates.noindex/leveldb.build/Debug-iphonesimulator/leveldb.build/Objects-normal/arm64/coding.o -index-unit-output-path /leveldb.build/Debug-iphonesimulator/leveldb.build/Objects-normal/arm64/coding.o

CompileC /Users/fukushimatakumi/Library/Developer/Xcode/DerivedData/SugarBeat-hgoxfxbbugxkfsbmqcjlbmjeaqyg/Build/Intermediates.noindex/leveldb.build/Debug-iphonesimulator/leveldb.build/Objects-normal/arm64/cache.o /Users/fukushimatakumi/Library/Developer/Xcode/DerivedData/SugarBeat-hgoxfxbbugxkfsbmqcjlbmjeaqyg/SourcePackages/checkouts/leveldb/util/cache.cc normal arm64 c++ com.apple.compilers.llvm.clang.1_0.compiler (in target 'leveldb' from project 'leveldb')
    cd /Users/fukushimatakumi/develop/sugarbeat/sugarbeat-front
    
    Using response file: /Users/fukushimatakumi/Library/Developer/Xcode/DerivedData/SugarBeat-hgoxfxbbugxkfsbmqcjlbmjeaqyg/Build/Intermediates.noindex/leveldb.build/Debug-iphonesimulator/leveldb.build/Objects-normal/arm64/82b82416624d2658e5098eb0a28c15c5-common-args.resp
    
    /Applications/Xcode.app/Contents/Developer/Toolchains/XcodeDefault.xctoolchain/usr/bin/clang -x c++ -ivfsstatcache /Users/fukushimatakumi/Library/Developer/Xcode/DerivedData/SDKStatCaches.noindex/iphonesimulator18.4-22E235-71825a6d136aa4733edcbe86ece5525b.sdkstatcache -fmessage-length\=0 -fdiagnostics-show-note-include-stack -fmacro-backtrace-limit\=0 -fno-color-diagnostics -fmodules-prune-interval\=86400 -fmodules-prune-after\=345600 -fbuild-session-file\=/Users/fukushimatakumi/Library/Developer/Xcode/DerivedData/ModuleCache.noindex/Session.modulevalidation -fmodules-validate-once-per-build-session -Wnon-modular-include-in-framework-module -Werror\=non-modular-include-in-framework-module -Wno-trigraphs -Wno-missing-field-initializers -Wno-missing-prototypes -Wno-return-type -Wno-non-virtual-dtor -Wno-overloaded-virtual -Wno-exit-time-destructors -Wno-missing-braces -Wparentheses -Wswitch -Wno-unused-function -Wno-unused-label -Wno-unused-parameter -Wno-unused-variable -Wunused-value -Wno-empty-body -Wno-uninitialized -Wno-unknown-pragmas -w -Wno-shadow -Wno-four-char-constants -Wno-conversion -Wno-constant-conversion -Wno-int-conversion -Wno-bool-conversion -Wno-enum-conversion -Wno-float-conversion -Wno-non-literal-null-conversion -Wno-objc-literal-conversion -Wshorten-64-to-32 -Wno-newline-eof -Wno-c++11-extensions -Wno-implicit-fallthrough -fstrict-aliasing -Wdeprecated-declarations -Winvalid-offsetof -Wno-sign-conversion -Wno-infinite-recursion -Wno-move -Wno-comma -Wno-block-capture-autoreleasing -Wno-strict-prototypes -Wno-range-loop-analysis -Wno-semicolon-before-method-body -index-store-path /Users/fukushimatakumi/Library/Developer/Xcode/DerivedData/SugarBeat-hgoxfxbbugxkfsbmqcjlbmjeaqyg/Index.noindex/DataStore @/Users/fukushimatakumi/Library/Developer/Xcode/DerivedData/SugarBeat-hgoxfxbbugxkfsbmqcjlbmjeaqyg/Build/Intermediates.noindex/leveldb.build/Debug-iphonesimulator/leveldb.build/Objects-normal/arm64/82b82416624d2658e5098eb0a28c15c5-common-args.resp -MMD -MT dependencies -MF /Users/fukushimatakumi/Library/Developer/Xcode/DerivedData/SugarBeat-hgoxfxbbugxkfsbmqcjlbmjeaqyg/Build/Intermediates.noindex/leveldb.build/Debug-iphonesimulator/leveldb.build/Objects-normal/arm64/cache.d --serialize-diagnostics /Users/fukushimatakumi/Library/Developer/Xcode/DerivedData/SugarBeat-hgoxfxbbugxkfsbmqcjlbmjeaqyg/Build/Intermediates.noindex/leveldb.build/Debug-iphonesimulator/leveldb.build/Objects-normal/arm64/cache.dia -c /Users/fukushimatakumi/Library/Developer/Xcode/DerivedData/SugarBeat-hgoxfxbbugxkfsbmqcjlbmjeaqyg/SourcePackages/checkouts/leveldb/util/cache.cc -o /Users/fukushimatakumi/Library/Developer/Xcode/DerivedData/SugarBeat-hgoxfxbbugxkfsbmqcjlbmjeaqyg/Build/Intermediates.noindex/leveldb.build/Debug-iphonesimulator/leveldb.build/Objects-normal/arm64/cache.o -index-unit-output-path /leveldb.build/Debug-iphonesimulator/leveldb.build/Objects-normal/arm64/cache.o

CompileC /Users/fukushimatakumi/Library/Developer/Xcode/DerivedData/SugarBeat-hgoxfxbbugxkfsbmqcjlbmjeaqyg/Build/Intermediates.noindex/leveldb.build/Debug-iphonesimulator/leveldb.build/Objects-normal/arm64/c.o /Users/fukushimatakumi/Library/Developer/Xcode/DerivedData/SugarBeat-hgoxfxbbugxkfsbmqcjlbmjeaqyg/SourcePackages/checkouts/leveldb/db/c.cc normal arm64 c++ com.apple.compilers.llvm.clang.1_0.compiler (in target 'leveldb' from project 'leveldb')
    cd /Users/fukushimatakumi/develop/sugarbeat/sugarbeat-front
    
    Using response file: /Users/fukushimatakumi/Library/Developer/Xcode/DerivedData/SugarBeat-hgoxfxbbugxkfsbmqcjlbmjeaqyg/Build/Intermediates.noindex/leveldb.build/Debug-iphonesimulator/leveldb.build/Objects-normal/arm64/82b82416624d2658e5098eb0a28c15c5-common-args.resp
    
    /Applications/Xcode.app/Contents/Developer/Toolchains/XcodeDefault.xctoolchain/usr/bin/clang -x c++ -ivfsstatcache /Users/fukushimatakumi/Library/Developer/Xcode/DerivedData/SDKStatCaches.noindex/iphonesimulator18.4-22E235-71825a6d136aa4733edcbe86ece5525b.sdkstatcache -fmessage-length\=0 -fdiagnostics-show-note-include-stack -fmacro-backtrace-limit\=0 -fno-color-diagnostics -fmodules-prune-interval\=86400 -fmodules-prune-after\=345600 -fbuild-session-file\=/Users/fukushimatakumi/Library/Developer/Xcode/DerivedData/ModuleCache.noindex/Session.modulevalidation -fmodules-validate-once-per-build-session -Wnon-modular-include-in-framework-module -Werror\=non-modular-include-in-framework-module -Wno-trigraphs -Wno-missing-field-initializers -Wno-missing-prototypes -Wno-return-type -Wno-non-virtual-dtor -Wno-overloaded-virtual -Wno-exit-time-destructors -Wno-missing-braces -Wparentheses -Wswitch -Wno-unused-function -Wno-unused-label -Wno-unused-parameter -Wno-unused-variable -Wunused-value -Wno-empty-body -Wno-uninitialized -Wno-unknown-pragmas -w -Wno-shadow -Wno-four-char-constants -Wno-conversion -Wno-constant-conversion -Wno-int-conversion -Wno-bool-conversion -Wno-enum-conversion -Wno-float-conversion -Wno-non-literal-null-conversion -Wno-objc-literal-conversion -Wshorten-64-to-32 -Wno-newline-eof -Wno-c++11-extensions -Wno-implicit-fallthrough -fstrict-aliasing -Wdeprecated-declarations -Winvalid-offsetof -Wno-sign-conversion -Wno-infinite-recursion -Wno-move -Wno-comma -Wno-block-capture-autoreleasing -Wno-strict-prototypes -Wno-range-loop-analysis -Wno-semicolon-before-method-body -index-store-path /Users/fukushimatakumi/Library/Developer/Xcode/DerivedData/SugarBeat-hgoxfxbbugxkfsbmqcjlbmjeaqyg/Index.noindex/DataStore @/Users/fukushimatakumi/Library/Developer/Xcode/DerivedData/SugarBeat-hgoxfxbbugxkfsbmqcjlbmjeaqyg/Build/Intermediates.noindex/leveldb.build/Debug-iphonesimulator/leveldb.build/Objects-normal/arm64/82b82416624d2658e5098eb0a28c15c5-common-args.resp -MMD -MT dependencies -MF /Users/fukushimatakumi/Library/Developer/Xcode/DerivedData/SugarBeat-hgoxfxbbugxkfsbmqcjlbmjeaqyg/Build/Intermediates.noindex/leveldb.build/Debug-iphonesimulator/leveldb.build/Objects-normal/arm64/c.d --serialize-diagnostics /Users/fukushimatakumi/Library/Developer/Xcode/DerivedData/SugarBeat-hgoxfxbbugxkfsbmqcjlbmjeaqyg/Build/Intermediates.noindex/leveldb.build/Debug-iphonesimulator/leveldb.build/Objects-normal/arm64/c.dia -c /Users/fukushimatakumi/Library/Developer/Xcode/DerivedData/SugarBeat-hgoxfxbbugxkfsbmqcjlbmjeaqyg/SourcePackages/checkouts/leveldb/db/c.cc -o /Users/fukushimatakumi/Library/Developer/Xcode/DerivedData/SugarBeat-hgoxfxbbugxkfsbmqcjlbmjeaqyg/Build/Intermediates.noindex/leveldb.build/Debug-iphonesimulator/leveldb.build/Objects-normal/arm64/c.o -index-unit-output-path /leveldb.build/Debug-iphonesimulator/leveldb.build/Objects-normal/arm64/c.o

CompileC /Users/fukushimatakumi/Library/Developer/Xcode/DerivedData/SugarBeat-hgoxfxbbugxkfsbmqcjlbmjeaqyg/Build/Intermediates.noindex/leveldb.build/Debug-iphonesimulator/leveldb.build/Objects-normal/arm64/builder.o /Users/fukushimatakumi/Library/Developer/Xcode/DerivedData/SugarBeat-hgoxfxbbugxkfsbmqcjlbmjeaqyg/SourcePackages/checkouts/leveldb/db/builder.cc normal arm64 c++ com.apple.compilers.llvm.clang.1_0.compiler (in target 'leveldb' from project 'leveldb')
    cd /Users/fukushimatakumi/develop/sugarbeat/sugarbeat-front
    
    Using response file: /Users/fukushimatakumi/Library/Developer/Xcode/DerivedData/SugarBeat-hgoxfxbbugxkfsbmqcjlbmjeaqyg/Build/Intermediates.noindex/leveldb.build/Debug-iphonesimulator/leveldb.build/Objects-normal/arm64/82b82416624d2658e5098eb0a28c15c5-common-args.resp
    
    /Applications/Xcode.app/Contents/Developer/Toolchains/XcodeDefault.xctoolchain/usr/bin/clang -x c++ -ivfsstatcache /Users/fukushimatakumi/Library/Developer/Xcode/DerivedData/SDKStatCaches.noindex/iphonesimulator18.4-22E235-71825a6d136aa4733edcbe86ece5525b.sdkstatcache -fmessage-length\=0 -fdiagnostics-show-note-include-stack -fmacro-backtrace-limit\=0 -fno-color-diagnostics -fmodules-prune-interval\=86400 -fmodules-prune-after\=345600 -fbuild-session-file\=/Users/fukushimatakumi/Library/Developer/Xcode/DerivedData/ModuleCache.noindex/Session.modulevalidation -fmodules-validate-once-per-build-session -Wnon-modular-include-in-framework-module -Werror\=non-modular-include-in-framework-module -Wno-trigraphs -Wno-missing-field-initializers -Wno-missing-prototypes -Wno-return-type -Wno-non-virtual-dtor -Wno-overloaded-virtual -Wno-exit-time-destructors -Wno-missing-braces -Wparentheses -Wswitch -Wno-unused-function -Wno-unused-label -Wno-unused-parameter -Wno-unused-variable -Wunused-value -Wno-empty-body -Wno-uninitialized -Wno-unknown-pragmas -w -Wno-shadow -Wno-four-char-constants -Wno-conversion -Wno-constant-conversion -Wno-int-conversion -Wno-bool-conversion -Wno-enum-conversion -Wno-float-conversion -Wno-non-literal-null-conversion -Wno-objc-literal-conversion -Wshorten-64-to-32 -Wno-newline-eof -Wno-c++11-extensions -Wno-implicit-fallthrough -fstrict-aliasing -Wdeprecated-declarations -Winvalid-offsetof -Wno-sign-conversion -Wno-infinite-recursion -Wno-move -Wno-comma -Wno-block-capture-autoreleasing -Wno-strict-prototypes -Wno-range-loop-analysis -Wno-semicolon-before-method-body -index-store-path /Users/fukushimatakumi/Library/Developer/Xcode/DerivedData/SugarBeat-hgoxfxbbugxkfsbmqcjlbmjeaqyg/Index.noindex/DataStore @/Users/fukushimatakumi/Library/Developer/Xcode/DerivedData/SugarBeat-hgoxfxbbugxkfsbmqcjlbmjeaqyg/Build/Intermediates.noindex/leveldb.build/Debug-iphonesimulator/leveldb.build/Objects-normal/arm64/82b82416624d2658e5098eb0a28c15c5-common-args.resp -MMD -MT dependencies -MF /Users/fukushimatakumi/Library/Developer/Xcode/DerivedData/SugarBeat-hgoxfxbbugxkfsbmqcjlbmjeaqyg/Build/Intermediates.noindex/leveldb.build/Debug-iphonesimulator/leveldb.build/Objects-normal/arm64/builder.d --serialize-diagnostics /Users/fukushimatakumi/Library/Developer/Xcode/DerivedData/SugarBeat-hgoxfxbbugxkfsbmqcjlbmjeaqyg/Build/Intermediates.noindex/leveldb.build/Debug-iphonesimulator/leveldb.build/Objects-normal/arm64/builder.dia -c /Users/fukushimatakumi/Library/Developer/Xcode/DerivedData/SugarBeat-hgoxfxbbugxkfsbmqcjlbmjeaqyg/SourcePackages/checkouts/leveldb/db/builder.cc -o /Users/fukushimatakumi/Library/Developer/Xcode/DerivedData/SugarBeat-hgoxfxbbugxkfsbmqcjlbmjeaqyg/Build/Intermediates.noindex/leveldb.build/Debug-iphonesimulator/leveldb.build/Objects-normal/arm64/builder.o -index-unit-output-path /leveldb.build/Debug-iphonesimulator/leveldb.build/Objects-normal/arm64/builder.o

CompileC /Users/fukushimatakumi/Library/Developer/Xcode/DerivedData/SugarBeat-hgoxfxbbugxkfsbmqcjlbmjeaqyg/Build/Intermediates.noindex/leveldb.build/Debug-iphonesimulator/leveldb.build/Objects-normal/arm64/bloom.o /Users/fukushimatakumi/Library/Developer/Xcode/DerivedData/SugarBeat-hgoxfxbbugxkfsbmqcjlbmjeaqyg/SourcePackages/checkouts/leveldb/util/bloom.cc normal arm64 c++ com.apple.compilers.llvm.clang.1_0.compiler (in target 'leveldb' from project 'leveldb')
    cd /Users/fukushimatakumi/develop/sugarbeat/sugarbeat-front
    
    Using response file: /Users/fukushimatakumi/Library/Developer/Xcode/DerivedData/SugarBeat-hgoxfxbbugxkfsbmqcjlbmjeaqyg/Build/Intermediates.noindex/leveldb.build/Debug-iphonesimulator/leveldb.build/Objects-normal/arm64/82b82416624d2658e5098eb0a28c15c5-common-args.resp
    
    /Applications/Xcode.app/Contents/Developer/Toolchains/XcodeDefault.xctoolchain/usr/bin/clang -x c++ -ivfsstatcache /Users/fukushimatakumi/Library/Developer/Xcode/DerivedData/SDKStatCaches.noindex/iphonesimulator18.4-22E235-71825a6d136aa4733edcbe86ece5525b.sdkstatcache -fmessage-length\=0 -fdiagnostics-show-note-include-stack -fmacro-backtrace-limit\=0 -fno-color-diagnostics -fmodules-prune-interval\=86400 -fmodules-prune-after\=345600 -fbuild-session-file\=/Users/fukushimatakumi/Library/Developer/Xcode/DerivedData/ModuleCache.noindex/Session.modulevalidation -fmodules-validate-once-per-build-session -Wnon-modular-include-in-framework-module -Werror\=non-modular-include-in-framework-module -Wno-trigraphs -Wno-missing-field-initializers -Wno-missing-prototypes -Wno-return-type -Wno-non-virtual-dtor -Wno-overloaded-virtual -Wno-exit-time-destructors -Wno-missing-braces -Wparentheses -Wswitch -Wno-unused-function -Wno-unused-label -Wno-unused-parameter -Wno-unused-variable -Wunused-value -Wno-empty-body -Wno-uninitialized -Wno-unknown-pragmas -w -Wno-shadow -Wno-four-char-constants -Wno-conversion -Wno-constant-conversion -Wno-int-conversion -Wno-bool-conversion -Wno-enum-conversion -Wno-float-conversion -Wno-non-literal-null-conversion -Wno-objc-literal-conversion -Wshorten-64-to-32 -Wno-newline-eof -Wno-c++11-extensions -Wno-implicit-fallthrough -fstrict-aliasing -Wdeprecated-declarations -Winvalid-offsetof -Wno-sign-conversion -Wno-infinite-recursion -Wno-move -Wno-comma -Wno-block-capture-autoreleasing -Wno-strict-prototypes -Wno-range-loop-analysis -Wno-semicolon-before-method-body -index-store-path /Users/fukushimatakumi/Library/Developer/Xcode/DerivedData/SugarBeat-hgoxfxbbugxkfsbmqcjlbmjeaqyg/Index.noindex/DataStore @/Users/fukushimatakumi/Library/Developer/Xcode/DerivedData/SugarBeat-hgoxfxbbugxkfsbmqcjlbmjeaqyg/Build/Intermediates.noindex/leveldb.build/Debug-iphonesimulator/leveldb.build/Objects-normal/arm64/82b82416624d2658e5098eb0a28c15c5-common-args.resp -MMD -MT dependencies -MF /Users/fukushimatakumi/Library/Developer/Xcode/DerivedData/SugarBeat-hgoxfxbbugxkfsbmqcjlbmjeaqyg/Build/Intermediates.noindex/leveldb.build/Debug-iphonesimulator/leveldb.build/Objects-normal/arm64/bloom.d --serialize-diagnostics /Users/fukushimatakumi/Library/Developer/Xcode/DerivedData/SugarBeat-hgoxfxbbugxkfsbmqcjlbmjeaqyg/Build/Intermediates.noindex/leveldb.build/Debug-iphonesimulator/leveldb.build/Objects-normal/arm64/bloom.dia -c /Users/fukushimatakumi/Library/Developer/Xcode/DerivedData/SugarBeat-hgoxfxbbugxkfsbmqcjlbmjeaqyg/SourcePackages/checkouts/leveldb/util/bloom.cc -o /Users/fukushimatakumi/Library/Developer/Xcode/DerivedData/SugarBeat-hgoxfxbbugxkfsbmqcjlbmjeaqyg/Build/Intermediates.noindex/leveldb.build/Debug-iphonesimulator/leveldb.build/Objects-normal/arm64/bloom.o -index-unit-output-path /leveldb.build/Debug-iphonesimulator/leveldb.build/Objects-normal/arm64/bloom.o

CompileC /Users/fukushimatakumi/Library/Developer/Xcode/DerivedData/SugarBeat-hgoxfxbbugxkfsbmqcjlbmjeaqyg/Build/Intermediates.noindex/leveldb.build/Debug-iphonesimulator/leveldb.build/Objects-normal/arm64/block_builder.o /Users/fukushimatakumi/Library/Developer/Xcode/DerivedData/SugarBeat-hgoxfxbbugxkfsbmqcjlbmjeaqyg/SourcePackages/checkouts/leveldb/table/block_builder.cc normal arm64 c++ com.apple.compilers.llvm.clang.1_0.compiler (in target 'leveldb' from project 'leveldb')
    cd /Users/fukushimatakumi/develop/sugarbeat/sugarbeat-front
    
    Using response file: /Users/fukushimatakumi/Library/Developer/Xcode/DerivedData/SugarBeat-hgoxfxbbugxkfsbmqcjlbmjeaqyg/Build/Intermediates.noindex/leveldb.build/Debug-iphonesimulator/leveldb.build/Objects-normal/arm64/82b82416624d2658e5098eb0a28c15c5-common-args.resp
    
    /Applications/Xcode.app/Contents/Developer/Toolchains/XcodeDefault.xctoolchain/usr/bin/clang -x c++ -ivfsstatcache /Users/fukushimatakumi/Library/Developer/Xcode/DerivedData/SDKStatCaches.noindex/iphonesimulator18.4-22E235-71825a6d136aa4733edcbe86ece5525b.sdkstatcache -fmessage-length\=0 -fdiagnostics-show-note-include-stack -fmacro-backtrace-limit\=0 -fno-color-diagnostics -fmodules-prune-interval\=86400 -fmodules-prune-after\=345600 -fbuild-session-file\=/Users/fukushimatakumi/Library/Developer/Xcode/DerivedData/ModuleCache.noindex/Session.modulevalidation -fmodules-validate-once-per-build-session -Wnon-modular-include-in-framework-module -Werror\=non-modular-include-in-framework-module -Wno-trigraphs -Wno-missing-field-initializers -Wno-missing-prototypes -Wno-return-type -Wno-non-virtual-dtor -Wno-overloaded-virtual -Wno-exit-time-destructors -Wno-missing-braces -Wparentheses -Wswitch -Wno-unused-function -Wno-unused-label -Wno-unused-parameter -Wno-unused-variable -Wunused-value -Wno-empty-body -Wno-uninitialized -Wno-unknown-pragmas -w -Wno-shadow -Wno-four-char-constants -Wno-conversion -Wno-constant-conversion -Wno-int-conversion -Wno-bool-conversion -Wno-enum-conversion -Wno-float-conversion -Wno-non-literal-null-conversion -Wno-objc-literal-conversion -Wshorten-64-to-32 -Wno-newline-eof -Wno-c++11-extensions -Wno-implicit-fallthrough -fstrict-aliasing -Wdeprecated-declarations -Winvalid-offsetof -Wno-sign-conversion -Wno-infinite-recursion -Wno-move -Wno-comma -Wno-block-capture-autoreleasing -Wno-strict-prototypes -Wno-range-loop-analysis -Wno-semicolon-before-method-body -index-store-path /Users/fukushimatakumi/Library/Developer/Xcode/DerivedData/SugarBeat-hgoxfxbbugxkfsbmqcjlbmjeaqyg/Index.noindex/DataStore @/Users/fukushimatakumi/Library/Developer/Xcode/DerivedData/SugarBeat-hgoxfxbbugxkfsbmqcjlbmjeaqyg/Build/Intermediates.noindex/leveldb.build/Debug-iphonesimulator/leveldb.build/Objects-normal/arm64/82b82416624d2658e5098eb0a28c15c5-common-args.resp -MMD -MT dependencies -MF /Users/fukushimatakumi/Library/Developer/Xcode/DerivedData/SugarBeat-hgoxfxbbugxkfsbmqcjlbmjeaqyg/Build/Intermediates.noindex/leveldb.build/Debug-iphonesimulator/leveldb.build/Objects-normal/arm64/block_builder.d --serialize-diagnostics /Users/fukushimatakumi/Library/Developer/Xcode/DerivedData/SugarBeat-hgoxfxbbugxkfsbmqcjlbmjeaqyg/Build/Intermediates.noindex/leveldb.build/Debug-iphonesimulator/leveldb.build/Objects-normal/arm64/block_builder.dia -c /Users/fukushimatakumi/Library/Developer/Xcode/DerivedData/SugarBeat-hgoxfxbbugxkfsbmqcjlbmjeaqyg/SourcePackages/checkouts/leveldb/table/block_builder.cc -o /Users/fukushimatakumi/Library/Developer/Xcode/DerivedData/SugarBeat-hgoxfxbbugxkfsbmqcjlbmjeaqyg/Build/Intermediates.noindex/leveldb.build/Debug-iphonesimulator/leveldb.build/Objects-normal/arm64/block_builder.o -index-unit-output-path /leveldb.build/Debug-iphonesimulator/leveldb.build/Objects-normal/arm64/block_builder.o

CompileC /Users/fukushimatakumi/Library/Developer/Xcode/DerivedData/SugarBeat-hgoxfxbbugxkfsbmqcjlbmjeaqyg/Build/Intermediates.noindex/leveldb.build/Debug-iphonesimulator/leveldb.build/Objects-normal/arm64/block.o /Users/fukushimatakumi/Library/Developer/Xcode/DerivedData/SugarBeat-hgoxfxbbugxkfsbmqcjlbmjeaqyg/SourcePackages/checkouts/leveldb/table/block.cc normal arm64 c++ com.apple.compilers.llvm.clang.1_0.compiler (in target 'leveldb' from project 'leveldb')
    cd /Users/fukushimatakumi/develop/sugarbeat/sugarbeat-front
    
    Using response file: /Users/fukushimatakumi/Library/Developer/Xcode/DerivedData/SugarBeat-hgoxfxbbugxkfsbmqcjlbmjeaqyg/Build/Intermediates.noindex/leveldb.build/Debug-iphonesimulator/leveldb.build/Objects-normal/arm64/82b82416624d2658e5098eb0a28c15c5-common-args.resp
    
    /Applications/Xcode.app/Contents/Developer/Toolchains/XcodeDefault.xctoolchain/usr/bin/clang -x c++ -ivfsstatcache /Users/fukushimatakumi/Library/Developer/Xcode/DerivedData/SDKStatCaches.noindex/iphonesimulator18.4-22E235-71825a6d136aa4733edcbe86ece5525b.sdkstatcache -fmessage-length\=0 -fdiagnostics-show-note-include-stack -fmacro-backtrace-limit\=0 -fno-color-diagnostics -fmodules-prune-interval\=86400 -fmodules-prune-after\=345600 -fbuild-session-file\=/Users/fukushimatakumi/Library/Developer/Xcode/DerivedData/ModuleCache.noindex/Session.modulevalidation -fmodules-validate-once-per-build-session -Wnon-modular-include-in-framework-module -Werror\=non-modular-include-in-framework-module -Wno-trigraphs -Wno-missing-field-initializers -Wno-missing-prototypes -Wno-return-type -Wno-non-virtual-dtor -Wno-overloaded-virtual -Wno-exit-time-destructors -Wno-missing-braces -Wparentheses -Wswitch -Wno-unused-function -Wno-unused-label -Wno-unused-parameter -Wno-unused-variable -Wunused-value -Wno-empty-body -Wno-uninitialized -Wno-unknown-pragmas -w -Wno-shadow -Wno-four-char-constants -Wno-conversion -Wno-constant-conversion -Wno-int-conversion -Wno-bool-conversion -Wno-enum-conversion -Wno-float-conversion -Wno-non-literal-null-conversion -Wno-objc-literal-conversion -Wshorten-64-to-32 -Wno-newline-eof -Wno-c++11-extensions -Wno-implicit-fallthrough -fstrict-aliasing -Wdeprecated-declarations -Winvalid-offsetof -Wno-sign-conversion -Wno-infinite-recursion -Wno-move -Wno-comma -Wno-block-capture-autoreleasing -Wno-strict-prototypes -Wno-range-loop-analysis -Wno-semicolon-before-method-body -index-store-path /Users/fukushimatakumi/Library/Developer/Xcode/DerivedData/SugarBeat-hgoxfxbbugxkfsbmqcjlbmjeaqyg/Index.noindex/DataStore @/Users/fukushimatakumi/Library/Developer/Xcode/DerivedData/SugarBeat-hgoxfxbbugxkfsbmqcjlbmjeaqyg/Build/Intermediates.noindex/leveldb.build/Debug-iphonesimulator/leveldb.build/Objects-normal/arm64/82b82416624d2658e5098eb0a28c15c5-common-args.resp -MMD -MT dependencies -MF /Users/fukushimatakumi/Library/Developer/Xcode/DerivedData/SugarBeat-hgoxfxbbugxkfsbmqcjlbmjeaqyg/Build/Intermediates.noindex/leveldb.build/Debug-iphonesimulator/leveldb.build/Objects-normal/arm64/block.d --serialize-diagnostics /Users/fukushimatakumi/Library/Developer/Xcode/DerivedData/SugarBeat-hgoxfxbbugxkfsbmqcjlbmjeaqyg/Build/Intermediates.noindex/leveldb.build/Debug-iphonesimulator/leveldb.build/Objects-normal/arm64/block.dia -c /Users/fukushimatakumi/Library/Developer/Xcode/DerivedData/SugarBeat-hgoxfxbbugxkfsbmqcjlbmjeaqyg/SourcePackages/checkouts/leveldb/table/block.cc -o /Users/fukushimatakumi/Library/Developer/Xcode/DerivedData/SugarBeat-hgoxfxbbugxkfsbmqcjlbmjeaqyg/Build/Intermediates.noindex/leveldb.build/Debug-iphonesimulator/leveldb.build/Objects-normal/arm64/block.o -index-unit-output-path /leveldb.build/Debug-iphonesimulator/leveldb.build/Objects-normal/arm64/block.o

CompileC /Users/fukushimatakumi/Library/Developer/Xcode/DerivedData/SugarBeat-hgoxfxbbugxkfsbmqcjlbmjeaqyg/Build/Intermediates.noindex/leveldb.build/Debug-iphonesimulator/leveldb.build/Objects-normal/arm64/arena.o /Users/fukushimatakumi/Library/Developer/Xcode/DerivedData/SugarBeat-hgoxfxbbugxkfsbmqcjlbmjeaqyg/SourcePackages/checkouts/leveldb/util/arena.cc normal arm64 c++ com.apple.compilers.llvm.clang.1_0.compiler (in target 'leveldb' from project 'leveldb')
    cd /Users/fukushimatakumi/develop/sugarbeat/sugarbeat-front
    
    Using response file: /Users/fukushimatakumi/Library/Developer/Xcode/DerivedData/SugarBeat-hgoxfxbbugxkfsbmqcjlbmjeaqyg/Build/Intermediates.noindex/leveldb.build/Debug-iphonesimulator/leveldb.build/Objects-normal/arm64/82b82416624d2658e5098eb0a28c15c5-common-args.resp
    
    /Applications/Xcode.app/Contents/Developer/Toolchains/XcodeDefault.xctoolchain/usr/bin/clang -x c++ -ivfsstatcache /Users/fukushimatakumi/Library/Developer/Xcode/DerivedData/SDKStatCaches.noindex/iphonesimulator18.4-22E235-71825a6d136aa4733edcbe86ece5525b.sdkstatcache -fmessage-length\=0 -fdiagnostics-show-note-include-stack -fmacro-backtrace-limit\=0 -fno-color-diagnostics -fmodules-prune-interval\=86400 -fmodules-prune-after\=345600 -fbuild-session-file\=/Users/fukushimatakumi/Library/Developer/Xcode/DerivedData/ModuleCache.noindex/Session.modulevalidation -fmodules-validate-once-per-build-session -Wnon-modular-include-in-framework-module -Werror\=non-modular-include-in-framework-module -Wno-trigraphs -Wno-missing-field-initializers -Wno-missing-prototypes -Wno-return-type -Wno-non-virtual-dtor -Wno-overloaded-virtual -Wno-exit-time-destructors -Wno-missing-braces -Wparentheses -Wswitch -Wno-unused-function -Wno-unused-label -Wno-unused-parameter -Wno-unused-variable -Wunused-value -Wno-empty-body -Wno-uninitialized -Wno-unknown-pragmas -w -Wno-shadow -Wno-four-char-constants -Wno-conversion -Wno-constant-conversion -Wno-int-conversion -Wno-bool-conversion -Wno-enum-conversion -Wno-float-conversion -Wno-non-literal-null-conversion -Wno-objc-literal-conversion -Wshorten-64-to-32 -Wno-newline-eof -Wno-c++11-extensions -Wno-implicit-fallthrough -fstrict-aliasing -Wdeprecated-declarations -Winvalid-offsetof -Wno-sign-conversion -Wno-infinite-recursion -Wno-move -Wno-comma -Wno-block-capture-autoreleasing -Wno-strict-prototypes -Wno-range-loop-analysis -Wno-semicolon-before-method-body -index-store-path /Users/fukushimatakumi/Library/Developer/Xcode/DerivedData/SugarBeat-hgoxfxbbugxkfsbmqcjlbmjeaqyg/Index.noindex/DataStore @/Users/fukushimatakumi/Library/Developer/Xcode/DerivedData/SugarBeat-hgoxfxbbugxkfsbmqcjlbmjeaqyg/Build/Intermediates.noindex/leveldb.build/Debug-iphonesimulator/leveldb.build/Objects-normal/arm64/82b82416624d2658e5098eb0a28c15c5-common-args.resp -MMD -MT dependencies -MF /Users/fukushimatakumi/Library/Developer/Xcode/DerivedData/SugarBeat-hgoxfxbbugxkfsbmqcjlbmjeaqyg/Build/Intermediates.noindex/leveldb.build/Debug-iphonesimulator/leveldb.build/Objects-normal/arm64/arena.d --serialize-diagnostics /Users/fukushimatakumi/Library/Developer/Xcode/DerivedData/SugarBeat-hgoxfxbbugxkfsbmqcjlbmjeaqyg/Build/Intermediates.noindex/leveldb.build/Debug-iphonesimulator/leveldb.build/Objects-normal/arm64/arena.dia -c /Users/fukushimatakumi/Library/Developer/Xcode/DerivedData/SugarBeat-hgoxfxbbugxkfsbmqcjlbmjeaqyg/SourcePackages/checkouts/leveldb/util/arena.cc -o /Users/fukushimatakumi/Library/Developer/Xcode/DerivedData/SugarBeat-hgoxfxbbugxkfsbmqcjlbmjeaqyg/Build/Intermediates.noindex/leveldb.build/Debug-iphonesimulator/leveldb.build/Objects-normal/arm64/arena.o -index-unit-output-path /leveldb.build/Debug-iphonesimulator/leveldb.build/Objects-normal/arm64/arena.o

PrecompileModule /Users/fukushimatakumi/Library/Developer/Xcode/DerivedData/SugarBeat-hgoxfxbbugxkfsbmqcjlbmjeaqyg/Build/Intermediates.noindex/ExplicitPrecompiledModules/_Builtin_stdarg-7YR1JTMWHB156LSPR0K7DSCGD.scan
    cd /Users/fukushimatakumi/develop/sugarbeat/sugarbeat-front
    builtin-precompileModule /Users/fukushimatakumi/Library/Developer/Xcode/DerivedData/SugarBeat-hgoxfxbbugxkfsbmqcjlbmjeaqyg/Build/Intermediates.noindex/ExplicitPrecompiledModules/_Builtin_stdarg-7YR1JTMWHB156LSPR0K7DSCGD.scan

PrecompileModule /Users/fukushimatakumi/Library/Developer/Xcode/DerivedData/SugarBeat-hgoxfxbbugxkfsbmqcjlbmjeaqyg/Build/Intermediates.noindex/ExplicitPrecompiledModules/TargetConditionals-930LR8I21ZS9EQAKYZT7XDUSV.scan
    cd /Users/fukushimatakumi/develop/sugarbeat/sugarbeat-front
    builtin-precompileModule /Users/fukushimatakumi/Library/Developer/Xcode/DerivedData/SugarBeat-hgoxfxbbugxkfsbmqcjlbmjeaqyg/Build/Intermediates.noindex/ExplicitPrecompiledModules/TargetConditionals-930LR8I21ZS9EQAKYZT7XDUSV.scan

PrecompileModule /Users/fukushimatakumi/Library/Developer/Xcode/DerivedData/SugarBeat-hgoxfxbbugxkfsbmqcjlbmjeaqyg/Build/Intermediates.noindex/ExplicitPrecompiledModules/_float-DLW2Z1B817T111RHTZI90EW2.scan
    cd /Users/fukushimatakumi/develop/sugarbeat/sugarbeat-front
    builtin-precompileModule /Users/fukushimatakumi/Library/Developer/Xcode/DerivedData/SugarBeat-hgoxfxbbugxkfsbmqcjlbmjeaqyg/Build/Intermediates.noindex/ExplicitPrecompiledModules/_float-DLW2Z1B817T111RHTZI90EW2.scan

PrecompileModule /Users/fukushimatakumi/Library/Developer/Xcode/DerivedData/SugarBeat-hgoxfxbbugxkfsbmqcjlbmjeaqyg/Build/Intermediates.noindex/ExplicitPrecompiledModules/_Builtin_iso646-619DW849VV5ZM9BCFGNFT44XC.scan
    cd /Users/fukushimatakumi/develop/sugarbeat/sugarbeat-front
    builtin-precompileModule /Users/fukushimatakumi/Library/Developer/Xcode/DerivedData/SugarBeat-hgoxfxbbugxkfsbmqcjlbmjeaqyg/Build/Intermediates.noindex/ExplicitPrecompiledModules/_Builtin_iso646-619DW849VV5ZM9BCFGNFT44XC.scan

PrecompileModule /Users/fukushimatakumi/Library/Developer/Xcode/DerivedData/SugarBeat-hgoxfxbbugxkfsbmqcjlbmjeaqyg/Build/Intermediates.noindex/ExplicitPrecompiledModules/os_availability_internal-3H7ILBIKNPLPW8STP78S7H5HJ.scan
    cd /Users/fukushimatakumi/develop/sugarbeat/sugarbeat-front
    builtin-precompileModule /Users/fukushimatakumi/Library/Developer/Xcode/DerivedData/SugarBeat-hgoxfxbbugxkfsbmqcjlbmjeaqyg/Build/Intermediates.noindex/ExplicitPrecompiledModules/os_availability_internal-3H7ILBIKNPLPW8STP78S7H5HJ.scan

PrecompileModule /Users/fukushimatakumi/Library/Developer/Xcode/DerivedData/SugarBeat-hgoxfxbbugxkfsbmqcjlbmjeaqyg/Build/Intermediates.noindex/ExplicitPrecompiledModules/_Builtin_stddef-7MS16EM6XLXJ3023A3L1FH52P.scan
    cd /Users/fukushimatakumi/develop/sugarbeat/sugarbeat-front
    builtin-precompileModule /Users/fukushimatakumi/Library/Developer/Xcode/DerivedData/SugarBeat-hgoxfxbbugxkfsbmqcjlbmjeaqyg/Build/Intermediates.noindex/ExplicitPrecompiledModules/_Builtin_stddef-7MS16EM6XLXJ3023A3L1FH52P.scan

PrecompileModule /Users/fukushimatakumi/Library/Developer/Xcode/DerivedData/SugarBeat-hgoxfxbbugxkfsbmqcjlbmjeaqyg/Build/Intermediates.noindex/ExplicitPrecompiledModules/_Builtin_float-CQ6GJWZYZT0L9I9YKYVQTRMD9.scan
    cd /Users/fukushimatakumi/develop/sugarbeat/sugarbeat-front
    builtin-precompileModule /Users/fukushimatakumi/Library/Developer/Xcode/DerivedData/SugarBeat-hgoxfxbbugxkfsbmqcjlbmjeaqyg/Build/Intermediates.noindex/ExplicitPrecompiledModules/_Builtin_float-CQ6GJWZYZT0L9I9YKYVQTRMD9.scan

PrecompileModule /Users/fukushimatakumi/Library/Developer/Xcode/DerivedData/SugarBeat-hgoxfxbbugxkfsbmqcjlbmjeaqyg/Build/Intermediates.noindex/ExplicitPrecompiledModules/_Builtin_stdbool-72JXOOYV67VALJGX54ONRLSMN.scan
    cd /Users/fukushimatakumi/develop/sugarbeat/sugarbeat-front
    builtin-precompileModule /Users/fukushimatakumi/Library/Developer/Xcode/DerivedData/SugarBeat-hgoxfxbbugxkfsbmqcjlbmjeaqyg/Build/Intermediates.noindex/ExplicitPrecompiledModules/_Builtin_stdbool-72JXOOYV67VALJGX54ONRLSMN.scan

PrecompileModule /Users/fukushimatakumi/Library/Developer/Xcode/DerivedData/SugarBeat-hgoxfxbbugxkfsbmqcjlbmjeaqyg/Build/Intermediates.noindex/ExplicitPrecompiledModules/ptrcheck-C6NHUWZUL1BIIU9GYJH6IYD6W.scan
    cd /Users/fukushimatakumi/develop/sugarbeat/sugarbeat-front
    builtin-precompileModule /Users/fukushimatakumi/Library/Developer/Xcode/DerivedData/SugarBeat-hgoxfxbbugxkfsbmqcjlbmjeaqyg/Build/Intermediates.noindex/ExplicitPrecompiledModules/ptrcheck-C6NHUWZUL1BIIU9GYJH6IYD6W.scan

PrecompileModule /Users/fukushimatakumi/Library/Developer/Xcode/DerivedData/SugarBeat-hgoxfxbbugxkfsbmqcjlbmjeaqyg/Build/Intermediates.noindex/ExplicitPrecompiledModules/_fenv-D4ANT0RIRYEVN0JSF4UTLTRKF.scan
    cd /Users/fukushimatakumi/develop/sugarbeat/sugarbeat-front
    builtin-precompileModule /Users/fukushimatakumi/Library/Developer/Xcode/DerivedData/SugarBeat-hgoxfxbbugxkfsbmqcjlbmjeaqyg/Build/Intermediates.noindex/ExplicitPrecompiledModules/_fenv-D4ANT0RIRYEVN0JSF4UTLTRKF.scan

PrecompileModule /Users/fukushimatakumi/Library/Developer/Xcode/DerivedData/SugarBeat-hgoxfxbbugxkfsbmqcjlbmjeaqyg/Build/Intermediates.noindex/ExplicitPrecompiledModules/os_availability-8Q3AN8E76PCDXIGRLT2CDTRKP.scan
    cd /Users/fukushimatakumi/develop/sugarbeat/sugarbeat-front
    builtin-precompileModule /Users/fukushimatakumi/Library/Developer/Xcode/DerivedData/SugarBeat-hgoxfxbbugxkfsbmqcjlbmjeaqyg/Build/Intermediates.noindex/ExplicitPrecompiledModules/os_availability-8Q3AN8E76PCDXIGRLT2CDTRKP.scan

ScanDependencies /Users/fukushimatakumi/Library/Developer/Xcode/DerivedData/SugarBeat-hgoxfxbbugxkfsbmqcjlbmjeaqyg/Build/Intermediates.noindex/nanopb.build/Debug-iphonesimulator/nanopb.build/Objects-normal/arm64/resource_bundle_accessor.o /Users/fukushimatakumi/Library/Developer/Xcode/DerivedData/SugarBeat-hgoxfxbbugxkfsbmqcjlbmjeaqyg/Build/Intermediates.noindex/nanopb.build/Debug-iphonesimulator/nanopb.build/DerivedSources/resource_bundle_accessor.m normal arm64 objective-c com.apple.compilers.llvm.clang.1_0.compiler (in target 'nanopb' from project 'nanopb')
    cd /Users/fukushimatakumi/develop/sugarbeat/sugarbeat-front
    
    Using response file: /Users/fukushimatakumi/Library/Developer/Xcode/DerivedData/SugarBeat-hgoxfxbbugxkfsbmqcjlbmjeaqyg/Build/Intermediates.noindex/nanopb.build/Debug-iphonesimulator/nanopb.build/Objects-normal/arm64/e6072d4f65d7061329687fe24e3d63a7-common-args.resp
    
    builtin-ScanDependencies -o /Users/fukushimatakumi/Library/Developer/Xcode/DerivedData/SugarBeat-hgoxfxbbugxkfsbmqcjlbmjeaqyg/Build/Intermediates.noindex/nanopb.build/Debug-iphonesimulator/nanopb.build/Objects-normal/arm64/resource_bundle_accessor.o.scan -- /Applications/Xcode.app/Contents/Developer/Toolchains/XcodeDefault.xctoolchain/usr/bin/clang -x objective-c -ivfsstatcache /Users/fukushimatakumi/Library/Developer/Xcode/DerivedData/SDKStatCaches.noindex/iphonesimulator18.4-22E235-71825a6d136aa4733edcbe86ece5525b.sdkstatcache -fmessage-length\=0 -fdiagnostics-show-note-include-stack -fmacro-backtrace-limit\=0 -fno-color-diagnostics -fmodules-prune-interval\=86400 -fmodules-prune-after\=345600 -fbuild-session-file\=/Users/fukushimatakumi/Library/Developer/Xcode/DerivedData/ModuleCache.noindex/Session.modulevalidation -fmodules-validate-once-per-build-session -Wnon-modular-include-in-framework-module -Werror\=non-modular-include-in-framework-module -Wno-trigraphs -Wno-missing-field-initializers -Wno-missing-prototypes -Wno-return-type -Wno-implicit-atomic-properties -Wno-objc-interface-ivars -Wno-arc-repeated-use-of-weak -Wno-missing-braces -Wparentheses -Wswitch -Wno-unused-function -Wno-unused-label -Wno-unused-parameter -Wno-unused-variable -Wunused-value -Wno-empty-body -Wno-uninitialized -Wno-unknown-pragmas -w -Wno-shadow -Wno-four-char-constants -Wno-conversion -Wno-constant-conversion -Wno-int-conversion -Wno-bool-conversion -Wno-enum-conversion -Wno-float-conversion -Wno-non-literal-null-conversion -Wno-objc-literal-conversion -Wshorten-64-to-32 -Wpointer-sign -Wno-newline-eof -Wno-selector -Wno-strict-selector-match -Wno-undeclared-selector -Wno-deprecated-implementations -Wno-implicit-fallthrough -fstrict-aliasing -Wprotocol -Wdeprecated-declarations -Wno-sign-conversion -Wno-infinite-recursion -Wno-comma -Wno-block-capture-autoreleasing -Wno-strict-prototypes -Wno-semicolon-before-method-body -index-store-path /Users/fukushimatakumi/Library/Developer/Xcode/DerivedData/SugarBeat-hgoxfxbbugxkfsbmqcjlbmjeaqyg/Index.noindex/DataStore @/Users/fukushimatakumi/Library/Developer/Xcode/DerivedData/SugarBeat-hgoxfxbbugxkfsbmqcjlbmjeaqyg/Build/Intermediates.noindex/nanopb.build/Debug-iphonesimulator/nanopb.build/Objects-normal/arm64/e6072d4f65d7061329687fe24e3d63a7-common-args.resp -include /Users/fukushimatakumi/Library/Developer/Xcode/DerivedData/SugarBeat-hgoxfxbbugxkfsbmqcjlbmjeaqyg/Build/Intermediates.noindex/nanopb.build/Debug-iphonesimulator/nanopb.build/DerivedSources/resource_bundle_accessor.h -MMD -MT dependencies -MF /Users/fukushimatakumi/Library/Developer/Xcode/DerivedData/SugarBeat-hgoxfxbbugxkfsbmqcjlbmjeaqyg/Build/Intermediates.noindex/nanopb.build/Debug-iphonesimulator/nanopb.build/Objects-normal/arm64/resource_bundle_accessor.d --serialize-diagnostics /Users/fukushimatakumi/Library/Developer/Xcode/DerivedData/SugarBeat-hgoxfxbbugxkfsbmqcjlbmjeaqyg/Build/Intermediates.noindex/nanopb.build/Debug-iphonesimulator/nanopb.build/Objects-normal/arm64/resource_bundle_accessor.dia -c /Users/fukushimatakumi/Library/Developer/Xcode/DerivedData/SugarBeat-hgoxfxbbugxkfsbmqcjlbmjeaqyg/Build/Intermediates.noindex/nanopb.build/Debug-iphonesimulator/nanopb.build/DerivedSources/resource_bundle_accessor.m -o /Users/fukushimatakumi/Library/Developer/Xcode/DerivedData/SugarBeat-hgoxfxbbugxkfsbmqcjlbmjeaqyg/Build/Intermediates.noindex/nanopb.build/Debug-iphonesimulator/nanopb.build/Objects-normal/arm64/resource_bundle_accessor.o -index-unit-output-path /nanopb.build/Debug-iphonesimulator/nanopb.build/Objects-normal/arm64/resource_bundle_accessor.o

ScanDependencies /Users/fukushimatakumi/Library/Developer/Xcode/DerivedData/SugarBeat-hgoxfxbbugxkfsbmqcjlbmjeaqyg/Build/Intermediates.noindex/nanopb.build/Debug-iphonesimulator/nanopb.build/Objects-normal/arm64/pb_encode.o /Users/fukushimatakumi/Library/Developer/Xcode/DerivedData/SugarBeat-hgoxfxbbugxkfsbmqcjlbmjeaqyg/SourcePackages/checkouts/nanopb/pb_encode.c normal arm64 c com.apple.compilers.llvm.clang.1_0.compiler (in target 'nanopb' from project 'nanopb')
    cd /Users/fukushimatakumi/develop/sugarbeat/sugarbeat-front
    
    Using response file: /Users/fukushimatakumi/Library/Developer/Xcode/DerivedData/SugarBeat-hgoxfxbbugxkfsbmqcjlbmjeaqyg/Build/Intermediates.noindex/nanopb.build/Debug-iphonesimulator/nanopb.build/Objects-normal/arm64/7187679823f38a2a940e0043cdf9d637-common-args.resp
    
    builtin-ScanDependencies -o /Users/fukushimatakumi/Library/Developer/Xcode/DerivedData/SugarBeat-hgoxfxbbugxkfsbmqcjlbmjeaqyg/Build/Intermediates.noindex/nanopb.build/Debug-iphonesimulator/nanopb.build/Objects-normal/arm64/pb_encode.o.scan -- /Applications/Xcode.app/Contents/Developer/Toolchains/XcodeDefault.xctoolchain/usr/bin/clang -x c -ivfsstatcache /Users/fukushimatakumi/Library/Developer/Xcode/DerivedData/SDKStatCaches.noindex/iphonesimulator18.4-22E235-71825a6d136aa4733edcbe86ece5525b.sdkstatcache -fmessage-length\=0 -fdiagnostics-show-note-include-stack -fmacro-backtrace-limit\=0 -fno-color-diagnostics -fmodules-prune-interval\=86400 -fmodules-prune-after\=345600 -fbuild-session-file\=/Users/fukushimatakumi/Library/Developer/Xcode/DerivedData/ModuleCache.noindex/Session.modulevalidation -fmodules-validate-once-per-build-session -Wnon-modular-include-in-framework-module -Werror\=non-modular-include-in-framework-module -Wno-trigraphs -Wno-missing-field-initializers -Wno-missing-prototypes -Wno-return-type -Wno-missing-braces -Wparentheses -Wswitch -Wno-unused-function -Wno-unused-label -Wno-unused-parameter -Wno-unused-variable -Wunused-value -Wno-empty-body -Wno-uninitialized -Wno-unknown-pragmas -w -Wno-shadow -Wno-four-char-constants -Wno-conversion -Wno-constant-conversion -Wno-int-conversion -Wno-bool-conversion -Wno-enum-conversion -Wno-float-conversion -Wno-non-literal-null-conversion -Wno-objc-literal-conversion -Wshorten-64-to-32 -Wpointer-sign -Wno-newline-eof -Wno-implicit-fallthrough -fstrict-aliasing -Wdeprecated-declarations -Wno-sign-conversion -Wno-infinite-recursion -Wno-comma -Wno-block-capture-autoreleasing -Wno-strict-prototypes -Wno-semicolon-before-method-body -index-store-path /Users/fukushimatakumi/Library/Developer/Xcode/DerivedData/SugarBeat-hgoxfxbbugxkfsbmqcjlbmjeaqyg/Index.noindex/DataStore @/Users/fukushimatakumi/Library/Developer/Xcode/DerivedData/SugarBeat-hgoxfxbbugxkfsbmqcjlbmjeaqyg/Build/Intermediates.noindex/nanopb.build/Debug-iphonesimulator/nanopb.build/Objects-normal/arm64/7187679823f38a2a940e0043cdf9d637-common-args.resp -MMD -MT dependencies -MF /Users/fukushimatakumi/Library/Developer/Xcode/DerivedData/SugarBeat-hgoxfxbbugxkfsbmqcjlbmjeaqyg/Build/Intermediates.noindex/nanopb.build/Debug-iphonesimulator/nanopb.build/Objects-normal/arm64/pb_encode.d --serialize-diagnostics /Users/fukushimatakumi/Library/Developer/Xcode/DerivedData/SugarBeat-hgoxfxbbugxkfsbmqcjlbmjeaqyg/Build/Intermediates.noindex/nanopb.build/Debug-iphonesimulator/nanopb.build/Objects-normal/arm64/pb_encode.dia -c /Users/fukushimatakumi/Library/Developer/Xcode/DerivedData/SugarBeat-hgoxfxbbugxkfsbmqcjlbmjeaqyg/SourcePackages/checkouts/nanopb/pb_encode.c -o /Users/fukushimatakumi/Library/Developer/Xcode/DerivedData/SugarBeat-hgoxfxbbugxkfsbmqcjlbmjeaqyg/Build/Intermediates.noindex/nanopb.build/Debug-iphonesimulator/nanopb.build/Objects-normal/arm64/pb_encode.o -index-unit-output-path /nanopb.build/Debug-iphonesimulator/nanopb.build/Objects-normal/arm64/pb_encode.o

ScanDependencies /Users/fukushimatakumi/Library/Developer/Xcode/DerivedData/SugarBeat-hgoxfxbbugxkfsbmqcjlbmjeaqyg/Build/Intermediates.noindex/nanopb.build/Debug-iphonesimulator/nanopb.build/Objects-normal/arm64/pb_decode.o /Users/fukushimatakumi/Library/Developer/Xcode/DerivedData/SugarBeat-hgoxfxbbugxkfsbmqcjlbmjeaqyg/SourcePackages/checkouts/nanopb/pb_decode.c normal arm64 c com.apple.compilers.llvm.clang.1_0.compiler (in target 'nanopb' from project 'nanopb')
    cd /Users/fukushimatakumi/develop/sugarbeat/sugarbeat-front
    
    Using response file: /Users/fukushimatakumi/Library/Developer/Xcode/DerivedData/SugarBeat-hgoxfxbbugxkfsbmqcjlbmjeaqyg/Build/Intermediates.noindex/nanopb.build/Debug-iphonesimulator/nanopb.build/Objects-normal/arm64/7187679823f38a2a940e0043cdf9d637-common-args.resp
    
    builtin-ScanDependencies -o /Users/fukushimatakumi/Library/Developer/Xcode/DerivedData/SugarBeat-hgoxfxbbugxkfsbmqcjlbmjeaqyg/Build/Intermediates.noindex/nanopb.build/Debug-iphonesimulator/nanopb.build/Objects-normal/arm64/pb_decode.o.scan -- /Applications/Xcode.app/Contents/Developer/Toolchains/XcodeDefault.xctoolchain/usr/bin/clang -x c -ivfsstatcache /Users/fukushimatakumi/Library/Developer/Xcode/DerivedData/SDKStatCaches.noindex/iphonesimulator18.4-22E235-71825a6d136aa4733edcbe86ece5525b.sdkstatcache -fmessage-length\=0 -fdiagnostics-show-note-include-stack -fmacro-backtrace-limit\=0 -fno-color-diagnostics -fmodules-prune-interval\=86400 -fmodules-prune-after\=345600 -fbuild-session-file\=/Users/fukushimatakumi/Library/Developer/Xcode/DerivedData/ModuleCache.noindex/Session.modulevalidation -fmodules-validate-once-per-build-session -Wnon-modular-include-in-framework-module -Werror\=non-modular-include-in-framework-module -Wno-trigraphs -Wno-missing-field-initializers -Wno-missing-prototypes -Wno-return-type -Wno-missing-braces -Wparentheses -Wswitch -Wno-unused-function -Wno-unused-label -Wno-unused-parameter -Wno-unused-variable -Wunused-value -Wno-empty-body -Wno-uninitialized -Wno-unknown-pragmas -w -Wno-shadow -Wno-four-char-constants -Wno-conversion -Wno-constant-conversion -Wno-int-conversion -Wno-bool-conversion -Wno-enum-conversion -Wno-float-conversion -Wno-non-literal-null-conversion -Wno-objc-literal-conversion -Wshorten-64-to-32 -Wpointer-sign -Wno-newline-eof -Wno-implicit-fallthrough -fstrict-aliasing -Wdeprecated-declarations -Wno-sign-conversion -Wno-infinite-recursion -Wno-comma -Wno-block-capture-autoreleasing -Wno-strict-prototypes -Wno-semicolon-before-method-body -index-store-path /Users/fukushimatakumi/Library/Developer/Xcode/DerivedData/SugarBeat-hgoxfxbbugxkfsbmqcjlbmjeaqyg/Index.noindex/DataStore @/Users/fukushimatakumi/Library/Developer/Xcode/DerivedData/SugarBeat-hgoxfxbbugxkfsbmqcjlbmjeaqyg/Build/Intermediates.noindex/nanopb.build/Debug-iphonesimulator/nanopb.build/Objects-normal/arm64/7187679823f38a2a940e0043cdf9d637-common-args.resp -MMD -MT dependencies -MF /Users/fukushimatakumi/Library/Developer/Xcode/DerivedData/SugarBeat-hgoxfxbbugxkfsbmqcjlbmjeaqyg/Build/Intermediates.noindex/nanopb.build/Debug-iphonesimulator/nanopb.build/Objects-normal/arm64/pb_decode.d --serialize-diagnostics /Users/fukushimatakumi/Library/Developer/Xcode/DerivedData/SugarBeat-hgoxfxbbugxkfsbmqcjlbmjeaqyg/Build/Intermediates.noindex/nanopb.build/Debug-iphonesimulator/nanopb.build/Objects-normal/arm64/pb_decode.dia -c /Users/fukushimatakumi/Library/Developer/Xcode/DerivedData/SugarBeat-hgoxfxbbugxkfsbmqcjlbmjeaqyg/SourcePackages/checkouts/nanopb/pb_decode.c -o /Users/fukushimatakumi/Library/Developer/Xcode/DerivedData/SugarBeat-hgoxfxbbugxkfsbmqcjlbmjeaqyg/Build/Intermediates.noindex/nanopb.build/Debug-iphonesimulator/nanopb.build/Objects-normal/arm64/pb_decode.o -index-unit-output-path /nanopb.build/Debug-iphonesimulator/nanopb.build/Objects-normal/arm64/pb_decode.o

ScanDependencies /Users/fukushimatakumi/Library/Developer/Xcode/DerivedData/SugarBeat-hgoxfxbbugxkfsbmqcjlbmjeaqyg/Build/Intermediates.noindex/nanopb.build/Debug-iphonesimulator/nanopb.build/Objects-normal/arm64/pb_common.o /Users/fukushimatakumi/Library/Developer/Xcode/DerivedData/SugarBeat-hgoxfxbbugxkfsbmqcjlbmjeaqyg/SourcePackages/checkouts/nanopb/pb_common.c normal arm64 c com.apple.compilers.llvm.clang.1_0.compiler (in target 'nanopb' from project 'nanopb')
    cd /Users/fukushimatakumi/develop/sugarbeat/sugarbeat-front
    
    Using response file: /Users/fukushimatakumi/Library/Developer/Xcode/DerivedData/SugarBeat-hgoxfxbbugxkfsbmqcjlbmjeaqyg/Build/Intermediates.noindex/nanopb.build/Debug-iphonesimulator/nanopb.build/Objects-normal/arm64/7187679823f38a2a940e0043cdf9d637-common-args.resp
    
    builtin-ScanDependencies -o /Users/fukushimatakumi/Library/Developer/Xcode/DerivedData/SugarBeat-hgoxfxbbugxkfsbmqcjlbmjeaqyg/Build/Intermediates.noindex/nanopb.build/Debug-iphonesimulator/nanopb.build/Objects-normal/arm64/pb_common.o.scan -- /Applications/Xcode.app/Contents/Developer/Toolchains/XcodeDefault.xctoolchain/usr/bin/clang -x c -ivfsstatcache /Users/fukushimatakumi/Library/Developer/Xcode/DerivedData/SDKStatCaches.noindex/iphonesimulator18.4-22E235-71825a6d136aa4733edcbe86ece5525b.sdkstatcache -fmessage-length\=0 -fdiagnostics-show-note-include-stack -fmacro-backtrace-limit\=0 -fno-color-diagnostics -fmodules-prune-interval\=86400 -fmodules-prune-after\=345600 -fbuild-session-file\=/Users/fukushimatakumi/Library/Developer/Xcode/DerivedData/ModuleCache.noindex/Session.modulevalidation -fmodules-validate-once-per-build-session -Wnon-modular-include-in-framework-module -Werror\=non-modular-include-in-framework-module -Wno-trigraphs -Wno-missing-field-initializers -Wno-missing-prototypes -Wno-return-type -Wno-missing-braces -Wparentheses -Wswitch -Wno-unused-function -Wno-unused-label -Wno-unused-parameter -Wno-unused-variable -Wunused-value -Wno-empty-body -Wno-uninitialized -Wno-unknown-pragmas -w -Wno-shadow -Wno-four-char-constants -Wno-conversion -Wno-constant-conversion -Wno-int-conversion -Wno-bool-conversion -Wno-enum-conversion -Wno-float-conversion -Wno-non-literal-null-conversion -Wno-objc-literal-conversion -Wshorten-64-to-32 -Wpointer-sign -Wno-newline-eof -Wno-implicit-fallthrough -fstrict-aliasing -Wdeprecated-declarations -Wno-sign-conversion -Wno-infinite-recursion -Wno-comma -Wno-block-capture-autoreleasing -Wno-strict-prototypes -Wno-semicolon-before-method-body -index-store-path /Users/fukushimatakumi/Library/Developer/Xcode/DerivedData/SugarBeat-hgoxfxbbugxkfsbmqcjlbmjeaqyg/Index.noindex/DataStore @/Users/fukushimatakumi/Library/Developer/Xcode/DerivedData/SugarBeat-hgoxfxbbugxkfsbmqcjlbmjeaqyg/Build/Intermediates.noindex/nanopb.build/Debug-iphonesimulator/nanopb.build/Objects-normal/arm64/7187679823f38a2a940e0043cdf9d637-common-args.resp -MMD -MT dependencies -MF /Users/fukushimatakumi/Library/Developer/Xcode/DerivedData/SugarBeat-hgoxfxbbugxkfsbmqcjlbmjeaqyg/Build/Intermediates.noindex/nanopb.build/Debug-iphonesimulator/nanopb.build/Objects-normal/arm64/pb_common.d --serialize-diagnostics /Users/fukushimatakumi/Library/Developer/Xcode/DerivedData/SugarBeat-hgoxfxbbugxkfsbmqcjlbmjeaqyg/Build/Intermediates.noindex/nanopb.build/Debug-iphonesimulator/nanopb.build/Objects-normal/arm64/pb_common.dia -c /Users/fukushimatakumi/Library/Developer/Xcode/DerivedData/SugarBeat-hgoxfxbbugxkfsbmqcjlbmjeaqyg/SourcePackages/checkouts/nanopb/pb_common.c -o /Users/fukushimatakumi/Library/Developer/Xcode/DerivedData/SugarBeat-hgoxfxbbugxkfsbmqcjlbmjeaqyg/Build/Intermediates.noindex/nanopb.build/Debug-iphonesimulator/nanopb.build/Objects-normal/arm64/pb_common.o -index-unit-output-path /nanopb.build/Debug-iphonesimulator/nanopb.build/Objects-normal/arm64/pb_common.o

PrecompileModule /Users/fukushimatakumi/Library/Developer/Xcode/DerivedData/SugarBeat-hgoxfxbbugxkfsbmqcjlbmjeaqyg/Build/Intermediates.noindex/ExplicitPrecompiledModules/AvailabilityMacros-EGOFVAVSS4TXHV221IJDLVRBX.scan
    cd /Users/fukushimatakumi/develop/sugarbeat/sugarbeat-front
    builtin-precompileModule /Users/fukushimatakumi/Library/Developer/Xcode/DerivedData/SugarBeat-hgoxfxbbugxkfsbmqcjlbmjeaqyg/Build/Intermediates.noindex/ExplicitPrecompiledModules/AvailabilityMacros-EGOFVAVSS4TXHV221IJDLVRBX.scan

PrecompileModule /Users/fukushimatakumi/Library/Developer/Xcode/DerivedData/SugarBeat-hgoxfxbbugxkfsbmqcjlbmjeaqyg/Build/Intermediates.noindex/ExplicitPrecompiledModules/DarwinFoundation-14OYPT0ECEK1SFAINCBCJK6RF.scan
    cd /Users/fukushimatakumi/develop/sugarbeat/sugarbeat-front
    builtin-precompileModule /Users/fukushimatakumi/Library/Developer/Xcode/DerivedData/SugarBeat-hgoxfxbbugxkfsbmqcjlbmjeaqyg/Build/Intermediates.noindex/ExplicitPrecompiledModules/DarwinFoundation-14OYPT0ECEK1SFAINCBCJK6RF.scan

ScanDependencies /Users/fukushimatakumi/Library/Developer/Xcode/DerivedData/SugarBeat-hgoxfxbbugxkfsbmqcjlbmjeaqyg/Build/Intermediates.noindex/leveldb.build/Debug-iphonesimulator/leveldb.build/Objects-normal/arm64/resource_bundle_accessor.o /Users/fukushimatakumi/Library/Developer/Xcode/DerivedData/SugarBeat-hgoxfxbbugxkfsbmqcjlbmjeaqyg/Build/Intermediates.noindex/leveldb.build/Debug-iphonesimulator/leveldb.build/DerivedSources/resource_bundle_accessor.m normal arm64 objective-c com.apple.compilers.llvm.clang.1_0.compiler (in target 'leveldb' from project 'leveldb')
    cd /Users/fukushimatakumi/develop/sugarbeat/sugarbeat-front
    
    Using response file: /Users/fukushimatakumi/Library/Developer/Xcode/DerivedData/SugarBeat-hgoxfxbbugxkfsbmqcjlbmjeaqyg/Build/Intermediates.noindex/leveldb.build/Debug-iphonesimulator/leveldb.build/Objects-normal/arm64/e6072d4f65d7061329687fe24e3d63a7-common-args.resp
    
    builtin-ScanDependencies -o /Users/fukushimatakumi/Library/Developer/Xcode/DerivedData/SugarBeat-hgoxfxbbugxkfsbmqcjlbmjeaqyg/Build/Intermediates.noindex/leveldb.build/Debug-iphonesimulator/leveldb.build/Objects-normal/arm64/resource_bundle_accessor.o.scan -- /Applications/Xcode.app/Contents/Developer/Toolchains/XcodeDefault.xctoolchain/usr/bin/clang -x objective-c -ivfsstatcache /Users/fukushimatakumi/Library/Developer/Xcode/DerivedData/SDKStatCaches.noindex/iphonesimulator18.4-22E235-71825a6d136aa4733edcbe86ece5525b.sdkstatcache -fmessage-length\=0 -fdiagnostics-show-note-include-stack -fmacro-backtrace-limit\=0 -fno-color-diagnostics -fmodules-prune-interval\=86400 -fmodules-prune-after\=345600 -fbuild-session-file\=/Users/fukushimatakumi/Library/Developer/Xcode/DerivedData/ModuleCache.noindex/Session.modulevalidation -fmodules-validate-once-per-build-session -Wnon-modular-include-in-framework-module -Werror\=non-modular-include-in-framework-module -Wno-trigraphs -Wno-missing-field-initializers -Wno-missing-prototypes -Wno-return-type -Wno-implicit-atomic-properties -Wno-objc-interface-ivars -Wno-arc-repeated-use-of-weak -Wno-missing-braces -Wparentheses -Wswitch -Wno-unused-function -Wno-unused-label -Wno-unused-parameter -Wno-unused-variable -Wunused-value -Wno-empty-body -Wno-uninitialized -Wno-unknown-pragmas -w -Wno-shadow -Wno-four-char-constants -Wno-conversion -Wno-constant-conversion -Wno-int-conversion -Wno-bool-conversion -Wno-enum-conversion -Wno-float-conversion -Wno-non-literal-null-conversion -Wno-objc-literal-conversion -Wshorten-64-to-32 -Wpointer-sign -Wno-newline-eof -Wno-selector -Wno-strict-selector-match -Wno-undeclared-selector -Wno-deprecated-implementations -Wno-implicit-fallthrough -fstrict-aliasing -Wprotocol -Wdeprecated-declarations -Wno-sign-conversion -Wno-infinite-recursion -Wno-comma -Wno-block-capture-autoreleasing -Wno-strict-prototypes -Wno-semicolon-before-method-body -index-store-path /Users/fukushimatakumi/Library/Developer/Xcode/DerivedData/SugarBeat-hgoxfxbbugxkfsbmqcjlbmjeaqyg/Index.noindex/DataStore @/Users/fukushimatakumi/Library/Developer/Xcode/DerivedData/SugarBeat-hgoxfxbbugxkfsbmqcjlbmjeaqyg/Build/Intermediates.noindex/leveldb.build/Debug-iphonesimulator/leveldb.build/Objects-normal/arm64/e6072d4f65d7061329687fe24e3d63a7-common-args.resp -include /Users/fukushimatakumi/Library/Developer/Xcode/DerivedData/SugarBeat-hgoxfxbbugxkfsbmqcjlbmjeaqyg/Build/Intermediates.noindex/leveldb.build/Debug-iphonesimulator/leveldb.build/DerivedSources/resource_bundle_accessor.h -MMD -MT dependencies -MF /Users/fukushimatakumi/Library/Developer/Xcode/DerivedData/SugarBeat-hgoxfxbbugxkfsbmqcjlbmjeaqyg/Build/Intermediates.noindex/leveldb.build/Debug-iphonesimulator/leveldb.build/Objects-normal/arm64/resource_bundle_accessor.d --serialize-diagnostics /Users/fukushimatakumi/Library/Developer/Xcode/DerivedData/SugarBeat-hgoxfxbbugxkfsbmqcjlbmjeaqyg/Build/Intermediates.noindex/leveldb.build/Debug-iphonesimulator/leveldb.build/Objects-normal/arm64/resource_bundle_accessor.dia -c /Users/fukushimatakumi/Library/Developer/Xcode/DerivedData/SugarBeat-hgoxfxbbugxkfsbmqcjlbmjeaqyg/Build/Intermediates.noindex/leveldb.build/Debug-iphonesimulator/leveldb.build/DerivedSources/resource_bundle_accessor.m -o /Users/fukushimatakumi/Library/Developer/Xcode/DerivedData/SugarBeat-hgoxfxbbugxkfsbmqcjlbmjeaqyg/Build/Intermediates.noindex/leveldb.build/Debug-iphonesimulator/leveldb.build/Objects-normal/arm64/resource_bundle_accessor.o -index-unit-output-path /leveldb.build/Debug-iphonesimulator/leveldb.build/Objects-normal/arm64/resource_bundle_accessor.o

PrecompileModule /Users/fukushimatakumi/Library/Developer/Xcode/DerivedData/SugarBeat-hgoxfxbbugxkfsbmqcjlbmjeaqyg/Build/Intermediates.noindex/ExplicitPrecompiledModules/_Builtin_stdarg-CYAFXXW91RGUJOSCT8A5ZBG7K.scan
    cd /Users/fukushimatakumi/develop/sugarbeat/sugarbeat-front
    builtin-precompileModule /Users/fukushimatakumi/Library/Developer/Xcode/DerivedData/SugarBeat-hgoxfxbbugxkfsbmqcjlbmjeaqyg/Build/Intermediates.noindex/ExplicitPrecompiledModules/_Builtin_stdarg-CYAFXXW91RGUJOSCT8A5ZBG7K.scan

PrecompileModule /Users/fukushimatakumi/Library/Developer/Xcode/DerivedData/SugarBeat-hgoxfxbbugxkfsbmqcjlbmjeaqyg/Build/Intermediates.noindex/ExplicitPrecompiledModules/_Builtin_stddef-6BZ0T7VN77HX8J0TBZCU4RK0L.scan
    cd /Users/fukushimatakumi/develop/sugarbeat/sugarbeat-front
    builtin-precompileModule /Users/fukushimatakumi/Library/Developer/Xcode/DerivedData/SugarBeat-hgoxfxbbugxkfsbmqcjlbmjeaqyg/Build/Intermediates.noindex/ExplicitPrecompiledModules/_Builtin_stddef-6BZ0T7VN77HX8J0TBZCU4RK0L.scan

PrecompileModule /Users/fukushimatakumi/Library/Developer/Xcode/DerivedData/SugarBeat-hgoxfxbbugxkfsbmqcjlbmjeaqyg/Build/Intermediates.noindex/ExplicitPrecompiledModules/ptrcheck-65Z21VT69PP1UVTKEETKC3NCN.scan
    cd /Users/fukushimatakumi/develop/sugarbeat/sugarbeat-front
    builtin-precompileModule /Users/fukushimatakumi/Library/Developer/Xcode/DerivedData/SugarBeat-hgoxfxbbugxkfsbmqcjlbmjeaqyg/Build/Intermediates.noindex/ExplicitPrecompiledModules/ptrcheck-65Z21VT69PP1UVTKEETKC3NCN.scan

PrecompileModule /Users/fukushimatakumi/Library/Developer/Xcode/DerivedData/SugarBeat-hgoxfxbbugxkfsbmqcjlbmjeaqyg/Build/Intermediates.noindex/ExplicitPrecompiledModules/_assert-7031DQR77FBNG2WIX323ZI32F.scan
    cd /Users/fukushimatakumi/develop/sugarbeat/sugarbeat-front
    builtin-precompileModule /Users/fukushimatakumi/Library/Developer/Xcode/DerivedData/SugarBeat-hgoxfxbbugxkfsbmqcjlbmjeaqyg/Build/Intermediates.noindex/ExplicitPrecompiledModules/_assert-7031DQR77FBNG2WIX323ZI32F.scan

PrecompileModule /Users/fukushimatakumi/Library/Developer/Xcode/DerivedData/SugarBeat-hgoxfxbbugxkfsbmqcjlbmjeaqyg/Build/Intermediates.noindex/ExplicitPrecompiledModules/uuid-7MN9H8T6HNWU9XAMQ5JML6227.scan
    cd /Users/fukushimatakumi/develop/sugarbeat/sugarbeat-front
    builtin-precompileModule /Users/fukushimatakumi/Library/Developer/Xcode/DerivedData/SugarBeat-hgoxfxbbugxkfsbmqcjlbmjeaqyg/Build/Intermediates.noindex/ExplicitPrecompiledModules/uuid-7MN9H8T6HNWU9XAMQ5JML6227.scan

PrecompileModule /Users/fukushimatakumi/Library/Developer/Xcode/DerivedData/SugarBeat-hgoxfxbbugxkfsbmqcjlbmjeaqyg/Build/Intermediates.noindex/ExplicitPrecompiledModules/_complex-D1DBL7UAKL52PWR7YG2KFPICJ.scan
    cd /Users/fukushimatakumi/develop/sugarbeat/sugarbeat-front
    builtin-precompileModule /Users/fukushimatakumi/Library/Developer/Xcode/DerivedData/SugarBeat-hgoxfxbbugxkfsbmqcjlbmjeaqyg/Build/Intermediates.noindex/ExplicitPrecompiledModules/_complex-D1DBL7UAKL52PWR7YG2KFPICJ.scan

PrecompileModule /Users/fukushimatakumi/Library/Developer/Xcode/DerivedData/SugarBeat-hgoxfxbbugxkfsbmqcjlbmjeaqyg/Build/Intermediates.noindex/ExplicitPrecompiledModules/_locale-C408SNPBZANGWHU3FI1ZU64YW.scan
    cd /Users/fukushimatakumi/develop/sugarbeat/sugarbeat-front
    builtin-precompileModule /Users/fukushimatakumi/Library/Developer/Xcode/DerivedData/SugarBeat-hgoxfxbbugxkfsbmqcjlbmjeaqyg/Build/Intermediates.noindex/ExplicitPrecompiledModules/_locale-C408SNPBZANGWHU3FI1ZU64YW.scan

PrecompileModule /Users/fukushimatakumi/Library/Developer/Xcode/DerivedData/SugarBeat-hgoxfxbbugxkfsbmqcjlbmjeaqyg/Build/Intermediates.noindex/ExplicitPrecompiledModules/mach-F1PH4G62T5YGJHZ4W7IVCAUKM.scan
    cd /Users/fukushimatakumi/develop/sugarbeat/sugarbeat-front
    builtin-precompileModule /Users/fukushimatakumi/Library/Developer/Xcode/DerivedData/SugarBeat-hgoxfxbbugxkfsbmqcjlbmjeaqyg/Build/Intermediates.noindex/ExplicitPrecompiledModules/mach-F1PH4G62T5YGJHZ4W7IVCAUKM.scan

PrecompileModule /Users/fukushimatakumi/Library/Developer/Xcode/DerivedData/SugarBeat-hgoxfxbbugxkfsbmqcjlbmjeaqyg/Build/Intermediates.noindex/ExplicitPrecompiledModules/TargetConditionals-1P9G6YI1WVZ012QAODQD6MW6B.scan
    cd /Users/fukushimatakumi/develop/sugarbeat/sugarbeat-front
    builtin-precompileModule /Users/fukushimatakumi/Library/Developer/Xcode/DerivedData/SugarBeat-hgoxfxbbugxkfsbmqcjlbmjeaqyg/Build/Intermediates.noindex/ExplicitPrecompiledModules/TargetConditionals-1P9G6YI1WVZ012QAODQD6MW6B.scan

PrecompileModule /Users/fukushimatakumi/Library/Developer/Xcode/DerivedData/SugarBeat-hgoxfxbbugxkfsbmqcjlbmjeaqyg/Build/Intermediates.noindex/ExplicitPrecompiledModules/ptrauth-9D2Q3W1CX6B9GJTQYOH53GMFM.scan
    cd /Users/fukushimatakumi/develop/sugarbeat/sugarbeat-front
    builtin-precompileModule /Users/fukushimatakumi/Library/Developer/Xcode/DerivedData/SugarBeat-hgoxfxbbugxkfsbmqcjlbmjeaqyg/Build/Intermediates.noindex/ExplicitPrecompiledModules/ptrauth-9D2Q3W1CX6B9GJTQYOH53GMFM.scan

PrecompileModule /Users/fukushimatakumi/Library/Developer/Xcode/DerivedData/SugarBeat-hgoxfxbbugxkfsbmqcjlbmjeaqyg/Build/Intermediates.noindex/ExplicitPrecompiledModules/_Builtin_stddef-A9U60VYERX4GQARAAJAJHBJF1.scan
    cd /Users/fukushimatakumi/develop/sugarbeat/sugarbeat-front
    builtin-precompileModule /Users/fukushimatakumi/Library/Developer/Xcode/DerivedData/SugarBeat-hgoxfxbbugxkfsbmqcjlbmjeaqyg/Build/Intermediates.noindex/ExplicitPrecompiledModules/_Builtin_stddef-A9U60VYERX4GQARAAJAJHBJF1.scan

PrecompileModule /Users/fukushimatakumi/Library/Developer/Xcode/DerivedData/SugarBeat-hgoxfxbbugxkfsbmqcjlbmjeaqyg/Build/Intermediates.noindex/ExplicitPrecompiledModules/ptrcheck-8GFN1V9WMPYE4IERVV1X5SR41.scan
    cd /Users/fukushimatakumi/develop/sugarbeat/sugarbeat-front
    builtin-precompileModule /Users/fukushimatakumi/Library/Developer/Xcode/DerivedData/SugarBeat-hgoxfxbbugxkfsbmqcjlbmjeaqyg/Build/Intermediates.noindex/ExplicitPrecompiledModules/ptrcheck-8GFN1V9WMPYE4IERVV1X5SR41.scan

PrecompileModule /Users/fukushimatakumi/Library/Developer/Xcode/DerivedData/SugarBeat-hgoxfxbbugxkfsbmqcjlbmjeaqyg/Build/Intermediates.noindex/ExplicitPrecompiledModules/xlocale-FPXPH2LXM4FAPFSV1X9QH701.scan
    cd /Users/fukushimatakumi/develop/sugarbeat/sugarbeat-front
    builtin-precompileModule /Users/fukushimatakumi/Library/Developer/Xcode/DerivedData/SugarBeat-hgoxfxbbugxkfsbmqcjlbmjeaqyg/Build/Intermediates.noindex/ExplicitPrecompiledModules/xlocale-FPXPH2LXM4FAPFSV1X9QH701.scan

PrecompileModule /Users/fukushimatakumi/Library/Developer/Xcode/DerivedData/SugarBeat-hgoxfxbbugxkfsbmqcjlbmjeaqyg/Build/Intermediates.noindex/ExplicitPrecompiledModules/_fenv-8P3EMG4ILWP9VYF03GEUZJMI1.scan
    cd /Users/fukushimatakumi/develop/sugarbeat/sugarbeat-front
    builtin-precompileModule /Users/fukushimatakumi/Library/Developer/Xcode/DerivedData/SugarBeat-hgoxfxbbugxkfsbmqcjlbmjeaqyg/Build/Intermediates.noindex/ExplicitPrecompiledModules/_fenv-8P3EMG4ILWP9VYF03GEUZJMI1.scan

PrecompileModule /Users/fukushimatakumi/Library/Developer/Xcode/DerivedData/SugarBeat-hgoxfxbbugxkfsbmqcjlbmjeaqyg/Build/Intermediates.noindex/ExplicitPrecompiledModules/_stdint-23VM3VH5Z0Q3RKIAOY1Q4C7ZU.scan
    cd /Users/fukushimatakumi/develop/sugarbeat/sugarbeat-front
    builtin-precompileModule /Users/fukushimatakumi/Library/Developer/Xcode/DerivedData/SugarBeat-hgoxfxbbugxkfsbmqcjlbmjeaqyg/Build/Intermediates.noindex/ExplicitPrecompiledModules/_stdint-23VM3VH5Z0Q3RKIAOY1Q4C7ZU.scan

PrecompileModule /Users/fukushimatakumi/Library/Developer/Xcode/DerivedData/SugarBeat-hgoxfxbbugxkfsbmqcjlbmjeaqyg/Build/Intermediates.noindex/ExplicitPrecompiledModules/_Builtin_stdbool-AX2DR1Y6I1RWDKS0RORBMQZR1.scan
    cd /Users/fukushimatakumi/develop/sugarbeat/sugarbeat-front
    builtin-precompileModule /Users/fukushimatakumi/Library/Developer/Xcode/DerivedData/SugarBeat-hgoxfxbbugxkfsbmqcjlbmjeaqyg/Build/Intermediates.noindex/ExplicitPrecompiledModules/_Builtin_stdbool-AX2DR1Y6I1RWDKS0RORBMQZR1.scan

PrecompileModule /Users/fukushimatakumi/Library/Developer/Xcode/DerivedData/SugarBeat-hgoxfxbbugxkfsbmqcjlbmjeaqyg/Build/Intermediates.noindex/ExplicitPrecompiledModules/_useconds_t-76EDT3OAC0K7FHYX5J88C6BX.scan
    cd /Users/fukushimatakumi/develop/sugarbeat/sugarbeat-front
    builtin-precompileModule /Users/fukushimatakumi/Library/Developer/Xcode/DerivedData/SugarBeat-hgoxfxbbugxkfsbmqcjlbmjeaqyg/Build/Intermediates.noindex/ExplicitPrecompiledModules/_useconds_t-76EDT3OAC0K7FHYX5J88C6BX.scan

PrecompileModule /Users/fukushimatakumi/Library/Developer/Xcode/DerivedData/SugarBeat-hgoxfxbbugxkfsbmqcjlbmjeaqyg/Build/Intermediates.noindex/ExplicitPrecompiledModules/_setjmp-DLMSZFE65OXZDFFLV1HE2GY75.scan
    cd /Users/fukushimatakumi/develop/sugarbeat/sugarbeat-front
    builtin-precompileModule /Users/fukushimatakumi/Library/Developer/Xcode/DerivedData/SugarBeat-hgoxfxbbugxkfsbmqcjlbmjeaqyg/Build/Intermediates.noindex/ExplicitPrecompiledModules/_setjmp-DLMSZFE65OXZDFFLV1HE2GY75.scan

PrecompileModule /Users/fukushimatakumi/Library/Developer/Xcode/DerivedData/SugarBeat-hgoxfxbbugxkfsbmqcjlbmjeaqyg/Build/Intermediates.noindex/ExplicitPrecompiledModules/alloca-EMTWYPJX2M5LJEUA5F4NSIC32.scan
    cd /Users/fukushimatakumi/develop/sugarbeat/sugarbeat-front
    builtin-precompileModule /Users/fukushimatakumi/Library/Developer/Xcode/DerivedData/SugarBeat-hgoxfxbbugxkfsbmqcjlbmjeaqyg/Build/Intermediates.noindex/ExplicitPrecompiledModules/alloca-EMTWYPJX2M5LJEUA5F4NSIC32.scan

PrecompileModule /Users/fukushimatakumi/Library/Developer/Xcode/DerivedData/SugarBeat-hgoxfxbbugxkfsbmqcjlbmjeaqyg/Build/Intermediates.noindex/ExplicitPrecompiledModules/netinet_in-9G1TUU2LDT6LYRSE40T2TFOS0.scan
    cd /Users/fukushimatakumi/develop/sugarbeat/sugarbeat-front
    builtin-precompileModule /Users/fukushimatakumi/Library/Developer/Xcode/DerivedData/SugarBeat-hgoxfxbbugxkfsbmqcjlbmjeaqyg/Build/Intermediates.noindex/ExplicitPrecompiledModules/netinet_in-9G1TUU2LDT6LYRSE40T2TFOS0.scan

PrecompileModule /Users/fukushimatakumi/Library/Developer/Xcode/DerivedData/SugarBeat-hgoxfxbbugxkfsbmqcjlbmjeaqyg/Build/Intermediates.noindex/ExplicitPrecompiledModules/_sys_select-EOS763UUXAF8DYODDZCMWB7IH.scan
    cd /Users/fukushimatakumi/develop/sugarbeat/sugarbeat-front
    builtin-precompileModule /Users/fukushimatakumi/Library/Developer/Xcode/DerivedData/SugarBeat-hgoxfxbbugxkfsbmqcjlbmjeaqyg/Build/Intermediates.noindex/ExplicitPrecompiledModules/_sys_select-EOS763UUXAF8DYODDZCMWB7IH.scan

PrecompileModule /Users/fukushimatakumi/Library/Developer/Xcode/DerivedData/SugarBeat-hgoxfxbbugxkfsbmqcjlbmjeaqyg/Build/Intermediates.noindex/ExplicitPrecompiledModules/_Builtin_stdarg-23LD5HYMR9JRXGFWISXV1Y0DD.scan
    cd /Users/fukushimatakumi/develop/sugarbeat/sugarbeat-front
    builtin-precompileModule /Users/fukushimatakumi/Library/Developer/Xcode/DerivedData/SugarBeat-hgoxfxbbugxkfsbmqcjlbmjeaqyg/Build/Intermediates.noindex/ExplicitPrecompiledModules/_Builtin_stdarg-23LD5HYMR9JRXGFWISXV1Y0DD.scan

PrecompileModule /Users/fukushimatakumi/Library/Developer/Xcode/DerivedData/SugarBeat-hgoxfxbbugxkfsbmqcjlbmjeaqyg/Build/Intermediates.noindex/ExplicitPrecompiledModules/sys_time-JTV92IVUSDN0SAU91U1RKFBZ.scan
    cd /Users/fukushimatakumi/develop/sugarbeat/sugarbeat-front
    builtin-precompileModule /Users/fukushimatakumi/Library/Developer/Xcode/DerivedData/SugarBeat-hgoxfxbbugxkfsbmqcjlbmjeaqyg/Build/Intermediates.noindex/ExplicitPrecompiledModules/sys_time-JTV92IVUSDN0SAU91U1RKFBZ.scan

PrecompileModule /Users/fukushimatakumi/Library/Developer/Xcode/DerivedData/SugarBeat-hgoxfxbbugxkfsbmqcjlbmjeaqyg/Build/Intermediates.noindex/ExplicitPrecompiledModules/_Builtin_stdint-1F70T4SMASPX9WZQ1YHYBT7JN.scan
    cd /Users/fukushimatakumi/develop/sugarbeat/sugarbeat-front
    builtin-precompileModule /Users/fukushimatakumi/Library/Developer/Xcode/DerivedData/SugarBeat-hgoxfxbbugxkfsbmqcjlbmjeaqyg/Build/Intermediates.noindex/ExplicitPrecompiledModules/_Builtin_stdint-1F70T4SMASPX9WZQ1YHYBT7JN.scan

PrecompileModule /Users/fukushimatakumi/Library/Developer/Xcode/DerivedData/SugarBeat-hgoxfxbbugxkfsbmqcjlbmjeaqyg/Build/Intermediates.noindex/ExplicitPrecompiledModules/os_availability_internal-9WXJ60GWEI595H7AQIA6LV40W.scan
    cd /Users/fukushimatakumi/develop/sugarbeat/sugarbeat-front
    builtin-precompileModule /Users/fukushimatakumi/Library/Developer/Xcode/DerivedData/SugarBeat-hgoxfxbbugxkfsbmqcjlbmjeaqyg/Build/Intermediates.noindex/ExplicitPrecompiledModules/os_availability_internal-9WXJ60GWEI595H7AQIA6LV40W.scan

PrecompileModule /Users/fukushimatakumi/Library/Developer/Xcode/DerivedData/SugarBeat-hgoxfxbbugxkfsbmqcjlbmjeaqyg/Build/Intermediates.noindex/ExplicitPrecompiledModules/_fenv-5NAJ49YHG6UMTXL5B3CS8Z57G.scan
    cd /Users/fukushimatakumi/develop/sugarbeat/sugarbeat-front
    builtin-precompileModule /Users/fukushimatakumi/Library/Developer/Xcode/DerivedData/SugarBeat-hgoxfxbbugxkfsbmqcjlbmjeaqyg/Build/Intermediates.noindex/ExplicitPrecompiledModules/_fenv-5NAJ49YHG6UMTXL5B3CS8Z57G.scan

PrecompileModule /Users/fukushimatakumi/Library/Developer/Xcode/DerivedData/SugarBeat-hgoxfxbbugxkfsbmqcjlbmjeaqyg/Build/Intermediates.noindex/ExplicitPrecompiledModules/_float-EHCSVIEFFR96562HL6J3L8YUX.scan
    cd /Users/fukushimatakumi/develop/sugarbeat/sugarbeat-front
    builtin-precompileModule /Users/fukushimatakumi/Library/Developer/Xcode/DerivedData/SugarBeat-hgoxfxbbugxkfsbmqcjlbmjeaqyg/Build/Intermediates.noindex/ExplicitPrecompiledModules/_float-EHCSVIEFFR96562HL6J3L8YUX.scan

PrecompileModule /Users/fukushimatakumi/Library/Developer/Xcode/DerivedData/SugarBeat-hgoxfxbbugxkfsbmqcjlbmjeaqyg/Build/Intermediates.noindex/ExplicitPrecompiledModules/_Builtin_stddef-2VB6SQ2NPJUIENQXDVU4W5AUZ.scan
    cd /Users/fukushimatakumi/develop/sugarbeat/sugarbeat-front
    builtin-precompileModule /Users/fukushimatakumi/Library/Developer/Xcode/DerivedData/SugarBeat-hgoxfxbbugxkfsbmqcjlbmjeaqyg/Build/Intermediates.noindex/ExplicitPrecompiledModules/_Builtin_stddef-2VB6SQ2NPJUIENQXDVU4W5AUZ.scan

PrecompileModule /Users/fukushimatakumi/Library/Developer/Xcode/DerivedData/SugarBeat-hgoxfxbbugxkfsbmqcjlbmjeaqyg/Build/Intermediates.noindex/ExplicitPrecompiledModules/ptrauth-8JZHB1SZQAIKHELTAK5ITC18H.scan
    cd /Users/fukushimatakumi/develop/sugarbeat/sugarbeat-front
    builtin-precompileModule /Users/fukushimatakumi/Library/Developer/Xcode/DerivedData/SugarBeat-hgoxfxbbugxkfsbmqcjlbmjeaqyg/Build/Intermediates.noindex/ExplicitPrecompiledModules/ptrauth-8JZHB1SZQAIKHELTAK5ITC18H.scan

PrecompileModule /Users/fukushimatakumi/Library/Developer/Xcode/DerivedData/SugarBeat-hgoxfxbbugxkfsbmqcjlbmjeaqyg/Build/Intermediates.noindex/ExplicitPrecompiledModules/_Builtin_stdbool-3RDPAW064QISZ3OPEC4R7XHGO.scan
    cd /Users/fukushimatakumi/develop/sugarbeat/sugarbeat-front
    builtin-precompileModule /Users/fukushimatakumi/Library/Developer/Xcode/DerivedData/SugarBeat-hgoxfxbbugxkfsbmqcjlbmjeaqyg/Build/Intermediates.noindex/ExplicitPrecompiledModules/_Builtin_stdbool-3RDPAW064QISZ3OPEC4R7XHGO.scan

PrecompileModule /Users/fukushimatakumi/Library/Developer/Xcode/DerivedData/SugarBeat-hgoxfxbbugxkfsbmqcjlbmjeaqyg/Build/Intermediates.noindex/ExplicitPrecompiledModules/ptrcheck-3NI2TAH6UQUYSLW2VJWXBIMH9.scan
    cd /Users/fukushimatakumi/develop/sugarbeat/sugarbeat-front
    builtin-precompileModule /Users/fukushimatakumi/Library/Developer/Xcode/DerivedData/SugarBeat-hgoxfxbbugxkfsbmqcjlbmjeaqyg/Build/Intermediates.noindex/ExplicitPrecompiledModules/ptrcheck-3NI2TAH6UQUYSLW2VJWXBIMH9.scan

PrecompileModule /Users/fukushimatakumi/Library/Developer/Xcode/DerivedData/SugarBeat-hgoxfxbbugxkfsbmqcjlbmjeaqyg/Build/Intermediates.noindex/ExplicitPrecompiledModules/_Builtin_iso646-5WRI0MXDNII03833AFB303D3E.scan
    cd /Users/fukushimatakumi/develop/sugarbeat/sugarbeat-front
    builtin-precompileModule /Users/fukushimatakumi/Library/Developer/Xcode/DerivedData/SugarBeat-hgoxfxbbugxkfsbmqcjlbmjeaqyg/Build/Intermediates.noindex/ExplicitPrecompiledModules/_Builtin_iso646-5WRI0MXDNII03833AFB303D3E.scan

PrecompileModule /Users/fukushimatakumi/Library/Developer/Xcode/DerivedData/SugarBeat-hgoxfxbbugxkfsbmqcjlbmjeaqyg/Build/Intermediates.noindex/ExplicitPrecompiledModules/_Builtin_stdarg-CLK4KZ2OZ9WGHKHYNA3JBOUCS.scan
    cd /Users/fukushimatakumi/develop/sugarbeat/sugarbeat-front
    builtin-precompileModule /Users/fukushimatakumi/Library/Developer/Xcode/DerivedData/SugarBeat-hgoxfxbbugxkfsbmqcjlbmjeaqyg/Build/Intermediates.noindex/ExplicitPrecompiledModules/_Builtin_stdarg-CLK4KZ2OZ9WGHKHYNA3JBOUCS.scan

PrecompileModule /Users/fukushimatakumi/Library/Developer/Xcode/DerivedData/SugarBeat-hgoxfxbbugxkfsbmqcjlbmjeaqyg/Build/Intermediates.noindex/ExplicitPrecompiledModules/_inttypes-5E64L396VVKWV396526Q62SE4.scan
    cd /Users/fukushimatakumi/develop/sugarbeat/sugarbeat-front
    builtin-precompileModule /Users/fukushimatakumi/Library/Developer/Xcode/DerivedData/SugarBeat-hgoxfxbbugxkfsbmqcjlbmjeaqyg/Build/Intermediates.noindex/ExplicitPrecompiledModules/_inttypes-5E64L396VVKWV396526Q62SE4.scan

PrecompileModule /Users/fukushimatakumi/Library/Developer/Xcode/DerivedData/SugarBeat-hgoxfxbbugxkfsbmqcjlbmjeaqyg/Build/Intermediates.noindex/ExplicitPrecompiledModules/_Builtin_float-61D6I5Z4EVPJQ38KPTIY8HZY0.scan
    cd /Users/fukushimatakumi/develop/sugarbeat/sugarbeat-front
    builtin-precompileModule /Users/fukushimatakumi/Library/Developer/Xcode/DerivedData/SugarBeat-hgoxfxbbugxkfsbmqcjlbmjeaqyg/Build/Intermediates.noindex/ExplicitPrecompiledModules/_Builtin_float-61D6I5Z4EVPJQ38KPTIY8HZY0.scan

PrecompileModule /Users/fukushimatakumi/Library/Developer/Xcode/DerivedData/SugarBeat-hgoxfxbbugxkfsbmqcjlbmjeaqyg/Build/Intermediates.noindex/ExplicitPrecompiledModules/os_availability-DY3023B1HZYJ9EEMYNF0ICT5D.scan
    cd /Users/fukushimatakumi/develop/sugarbeat/sugarbeat-front
    builtin-precompileModule /Users/fukushimatakumi/Library/Developer/Xcode/DerivedData/SugarBeat-hgoxfxbbugxkfsbmqcjlbmjeaqyg/Build/Intermediates.noindex/ExplicitPrecompiledModules/os_availability-DY3023B1HZYJ9EEMYNF0ICT5D.scan

PrecompileModule /Users/fukushimatakumi/Library/Developer/Xcode/DerivedData/SugarBeat-hgoxfxbbugxkfsbmqcjlbmjeaqyg/Build/Intermediates.noindex/ExplicitPrecompiledModules/_Builtin_stdatomic-26NCNU33LFOGSVPJ63QJ4ZB2A.scan
    cd /Users/fukushimatakumi/develop/sugarbeat/sugarbeat-front
    builtin-precompileModule /Users/fukushimatakumi/Library/Developer/Xcode/DerivedData/SugarBeat-hgoxfxbbugxkfsbmqcjlbmjeaqyg/Build/Intermediates.noindex/ExplicitPrecompiledModules/_Builtin_stdatomic-26NCNU33LFOGSVPJ63QJ4ZB2A.scan

PrecompileModule /Users/fukushimatakumi/Library/Developer/Xcode/DerivedData/SugarBeat-hgoxfxbbugxkfsbmqcjlbmjeaqyg/Build/Intermediates.noindex/ExplicitPrecompiledModules/os_availability_internal-EQW0YAUIAKB4RWS9ST836PPIC.scan
    cd /Users/fukushimatakumi/develop/sugarbeat/sugarbeat-front
    builtin-precompileModule /Users/fukushimatakumi/Library/Developer/Xcode/DerivedData/SugarBeat-hgoxfxbbugxkfsbmqcjlbmjeaqyg/Build/Intermediates.noindex/ExplicitPrecompiledModules/os_availability_internal-EQW0YAUIAKB4RWS9ST836PPIC.scan

PrecompileModule /Users/fukushimatakumi/Library/Developer/Xcode/DerivedData/SugarBeat-hgoxfxbbugxkfsbmqcjlbmjeaqyg/Build/Intermediates.noindex/ExplicitPrecompiledModules/_errno-5CSEG041XH0OD28JAISNT45WJ.scan
    cd /Users/fukushimatakumi/develop/sugarbeat/sugarbeat-front
    builtin-precompileModule /Users/fukushimatakumi/Library/Developer/Xcode/DerivedData/SugarBeat-hgoxfxbbugxkfsbmqcjlbmjeaqyg/Build/Intermediates.noindex/ExplicitPrecompiledModules/_errno-5CSEG041XH0OD28JAISNT45WJ.scan

PrecompileModule /Users/fukushimatakumi/Library/Developer/Xcode/DerivedData/SugarBeat-hgoxfxbbugxkfsbmqcjlbmjeaqyg/Build/Intermediates.noindex/ExplicitPrecompiledModules/_Builtin_stdbool-2SYS6JV8TLU1QGD4CONZ34EZR.scan
    cd /Users/fukushimatakumi/develop/sugarbeat/sugarbeat-front
    builtin-precompileModule /Users/fukushimatakumi/Library/Developer/Xcode/DerivedData/SugarBeat-hgoxfxbbugxkfsbmqcjlbmjeaqyg/Build/Intermediates.noindex/ExplicitPrecompiledModules/_Builtin_stdbool-2SYS6JV8TLU1QGD4CONZ34EZR.scan

PrecompileModule /Users/fukushimatakumi/Library/Developer/Xcode/DerivedData/SugarBeat-hgoxfxbbugxkfsbmqcjlbmjeaqyg/Build/Intermediates.noindex/ExplicitPrecompiledModules/_strings-6Z683IO47C3YP7DNQT7KO5DPD.scan
    cd /Users/fukushimatakumi/develop/sugarbeat/sugarbeat-front
    builtin-precompileModule /Users/fukushimatakumi/Library/Developer/Xcode/DerivedData/SugarBeat-hgoxfxbbugxkfsbmqcjlbmjeaqyg/Build/Intermediates.noindex/ExplicitPrecompiledModules/_strings-6Z683IO47C3YP7DNQT7KO5DPD.scan

PrecompileModule /Users/fukushimatakumi/Library/Developer/Xcode/DerivedData/SugarBeat-hgoxfxbbugxkfsbmqcjlbmjeaqyg/Build/Intermediates.noindex/ExplicitPrecompiledModules/_float-61F5KZU5X6B0EUNE7J8ZJKF3Y.scan
    cd /Users/fukushimatakumi/develop/sugarbeat/sugarbeat-front
    builtin-precompileModule /Users/fukushimatakumi/Library/Developer/Xcode/DerivedData/SugarBeat-hgoxfxbbugxkfsbmqcjlbmjeaqyg/Build/Intermediates.noindex/ExplicitPrecompiledModules/_float-61F5KZU5X6B0EUNE7J8ZJKF3Y.scan

PrecompileModule /Users/fukushimatakumi/Library/Developer/Xcode/DerivedData/SugarBeat-hgoxfxbbugxkfsbmqcjlbmjeaqyg/Build/Intermediates.noindex/ExplicitPrecompiledModules/DarwinFoundation-727NDV9HNP56LRKTYIDBEPTL8.scan
    cd /Users/fukushimatakumi/develop/sugarbeat/sugarbeat-front
    builtin-precompileModule /Users/fukushimatakumi/Library/Developer/Xcode/DerivedData/SugarBeat-hgoxfxbbugxkfsbmqcjlbmjeaqyg/Build/Intermediates.noindex/ExplicitPrecompiledModules/DarwinFoundation-727NDV9HNP56LRKTYIDBEPTL8.scan

PrecompileModule /Users/fukushimatakumi/Library/Developer/Xcode/DerivedData/SugarBeat-hgoxfxbbugxkfsbmqcjlbmjeaqyg/Build/Intermediates.noindex/ExplicitPrecompiledModules/_limits-BPRR0DJ2I0K30W3KBCUO2WXOS.scan
    cd /Users/fukushimatakumi/develop/sugarbeat/sugarbeat-front
    builtin-precompileModule /Users/fukushimatakumi/Library/Developer/Xcode/DerivedData/SugarBeat-hgoxfxbbugxkfsbmqcjlbmjeaqyg/Build/Intermediates.noindex/ExplicitPrecompiledModules/_limits-BPRR0DJ2I0K30W3KBCUO2WXOS.scan

PrecompileModule /Users/fukushimatakumi/Library/Developer/Xcode/DerivedData/SugarBeat-hgoxfxbbugxkfsbmqcjlbmjeaqyg/Build/Intermediates.noindex/ExplicitPrecompiledModules/os_availability_internal-BB3FQ9Q5DOZSLYTG39GAPOBCI.scan
    cd /Users/fukushimatakumi/develop/sugarbeat/sugarbeat-front
    builtin-precompileModule /Users/fukushimatakumi/Library/Developer/Xcode/DerivedData/SugarBeat-hgoxfxbbugxkfsbmqcjlbmjeaqyg/Build/Intermediates.noindex/ExplicitPrecompiledModules/os_availability_internal-BB3FQ9Q5DOZSLYTG39GAPOBCI.scan

PrecompileModule /Users/fukushimatakumi/Library/Developer/Xcode/DerivedData/SugarBeat-hgoxfxbbugxkfsbmqcjlbmjeaqyg/Build/Intermediates.noindex/ExplicitPrecompiledModules/TargetConditionals-BT76OVKFQP09T37HO04XATHD3.scan
    cd /Users/fukushimatakumi/develop/sugarbeat/sugarbeat-front
    builtin-precompileModule /Users/fukushimatakumi/Library/Developer/Xcode/DerivedData/SugarBeat-hgoxfxbbugxkfsbmqcjlbmjeaqyg/Build/Intermediates.noindex/ExplicitPrecompiledModules/TargetConditionals-BT76OVKFQP09T37HO04XATHD3.scan

PrecompileModule /Users/fukushimatakumi/Library/Developer/Xcode/DerivedData/SugarBeat-hgoxfxbbugxkfsbmqcjlbmjeaqyg/Build/Intermediates.noindex/ExplicitPrecompiledModules/_Builtin_inttypes-DC5E6LZZI1T2FAWQPUS464VSP.scan
    cd /Users/fukushimatakumi/develop/sugarbeat/sugarbeat-front
    builtin-precompileModule /Users/fukushimatakumi/Library/Developer/Xcode/DerivedData/SugarBeat-hgoxfxbbugxkfsbmqcjlbmjeaqyg/Build/Intermediates.noindex/ExplicitPrecompiledModules/_Builtin_inttypes-DC5E6LZZI1T2FAWQPUS464VSP.scan

PrecompileModule /Users/fukushimatakumi/Library/Developer/Xcode/DerivedData/SugarBeat-hgoxfxbbugxkfsbmqcjlbmjeaqyg/Build/Intermediates.noindex/ExplicitPrecompiledModules/runetype-53UG9JFL0S2X1ZHN990PNS58O.scan
    cd /Users/fukushimatakumi/develop/sugarbeat/sugarbeat-front
    builtin-precompileModule /Users/fukushimatakumi/Library/Developer/Xcode/DerivedData/SugarBeat-hgoxfxbbugxkfsbmqcjlbmjeaqyg/Build/Intermediates.noindex/ExplicitPrecompiledModules/runetype-53UG9JFL0S2X1ZHN990PNS58O.scan

PrecompileModule /Users/fukushimatakumi/Library/Developer/Xcode/DerivedData/SugarBeat-hgoxfxbbugxkfsbmqcjlbmjeaqyg/Build/Intermediates.noindex/ExplicitPrecompiledModules/_math-369ABPPQ1OSLIQZ4D61TEFGWE.scan
    cd /Users/fukushimatakumi/develop/sugarbeat/sugarbeat-front
    builtin-precompileModule /Users/fukushimatakumi/Library/Developer/Xcode/DerivedData/SugarBeat-hgoxfxbbugxkfsbmqcjlbmjeaqyg/Build/Intermediates.noindex/ExplicitPrecompiledModules/_math-369ABPPQ1OSLIQZ4D61TEFGWE.scan

PrecompileModule /Users/fukushimatakumi/Library/Developer/Xcode/DerivedData/SugarBeat-hgoxfxbbugxkfsbmqcjlbmjeaqyg/Build/Intermediates.noindex/ExplicitPrecompiledModules/sys_types-2Z98U01PGSMJ5U13RW4GEZYOO.scan
    cd /Users/fukushimatakumi/develop/sugarbeat/sugarbeat-front
    builtin-precompileModule /Users/fukushimatakumi/Library/Developer/Xcode/DerivedData/SugarBeat-hgoxfxbbugxkfsbmqcjlbmjeaqyg/Build/Intermediates.noindex/ExplicitPrecompiledModules/sys_types-2Z98U01PGSMJ5U13RW4GEZYOO.scan

PrecompileModule /Users/fukushimatakumi/Library/Developer/Xcode/DerivedData/SugarBeat-hgoxfxbbugxkfsbmqcjlbmjeaqyg/Build/Intermediates.noindex/ExplicitPrecompiledModules/os_availability-AK5NO4HOTODCTGJ42L3X6WTFS.scan
    cd /Users/fukushimatakumi/develop/sugarbeat/sugarbeat-front
    builtin-precompileModule /Users/fukushimatakumi/Library/Developer/Xcode/DerivedData/SugarBeat-hgoxfxbbugxkfsbmqcjlbmjeaqyg/Build/Intermediates.noindex/ExplicitPrecompiledModules/os_availability-AK5NO4HOTODCTGJ42L3X6WTFS.scan

PrecompileModule /Users/fukushimatakumi/Library/Developer/Xcode/DerivedData/SugarBeat-hgoxfxbbugxkfsbmqcjlbmjeaqyg/Build/Intermediates.noindex/ExplicitPrecompiledModules/_Builtin_float-CWHTGDBGKI6ATC7Z1E6VQ962S.scan
    cd /Users/fukushimatakumi/develop/sugarbeat/sugarbeat-front
    builtin-precompileModule /Users/fukushimatakumi/Library/Developer/Xcode/DerivedData/SugarBeat-hgoxfxbbugxkfsbmqcjlbmjeaqyg/Build/Intermediates.noindex/ExplicitPrecompiledModules/_Builtin_float-CWHTGDBGKI6ATC7Z1E6VQ962S.scan

PrecompileModule /Users/fukushimatakumi/Library/Developer/Xcode/DerivedData/SugarBeat-hgoxfxbbugxkfsbmqcjlbmjeaqyg/Build/Intermediates.noindex/ExplicitPrecompiledModules/_strings-BTJP0Q0AQNI3MKUXXZLZSRKR6.scan
    cd /Users/fukushimatakumi/develop/sugarbeat/sugarbeat-front
    builtin-precompileModule /Users/fukushimatakumi/Library/Developer/Xcode/DerivedData/SugarBeat-hgoxfxbbugxkfsbmqcjlbmjeaqyg/Build/Intermediates.noindex/ExplicitPrecompiledModules/_strings-BTJP0Q0AQNI3MKUXXZLZSRKR6.scan

PrecompileModule /Users/fukushimatakumi/Library/Developer/Xcode/DerivedData/SugarBeat-hgoxfxbbugxkfsbmqcjlbmjeaqyg/Build/Intermediates.noindex/ExplicitPrecompiledModules/runetype-7P4GO41MZ0DIHOLN5Y18KF3XB.scan
    cd /Users/fukushimatakumi/develop/sugarbeat/sugarbeat-front
    builtin-precompileModule /Users/fukushimatakumi/Library/Developer/Xcode/DerivedData/SugarBeat-hgoxfxbbugxkfsbmqcjlbmjeaqyg/Build/Intermediates.noindex/ExplicitPrecompiledModules/runetype-7P4GO41MZ0DIHOLN5Y18KF3XB.scan

PrecompileModule /Users/fukushimatakumi/Library/Developer/Xcode/DerivedData/SugarBeat-hgoxfxbbugxkfsbmqcjlbmjeaqyg/Build/Intermediates.noindex/ExplicitPrecompiledModules/_assert-EXXAEG6EX2YCPX9YIFP2FRZVY.scan
    cd /Users/fukushimatakumi/develop/sugarbeat/sugarbeat-front
    builtin-precompileModule /Users/fukushimatakumi/Library/Developer/Xcode/DerivedData/SugarBeat-hgoxfxbbugxkfsbmqcjlbmjeaqyg/Build/Intermediates.noindex/ExplicitPrecompiledModules/_assert-EXXAEG6EX2YCPX9YIFP2FRZVY.scan

PrecompileModule /Users/fukushimatakumi/Library/Developer/Xcode/DerivedData/SugarBeat-hgoxfxbbugxkfsbmqcjlbmjeaqyg/Build/Intermediates.noindex/ExplicitPrecompiledModules/_complex-92HJAO3CQGAO07001OJKSEC9Z.scan
    cd /Users/fukushimatakumi/develop/sugarbeat/sugarbeat-front
    builtin-precompileModule /Users/fukushimatakumi/Library/Developer/Xcode/DerivedData/SugarBeat-hgoxfxbbugxkfsbmqcjlbmjeaqyg/Build/Intermediates.noindex/ExplicitPrecompiledModules/_complex-92HJAO3CQGAO07001OJKSEC9Z.scan

PrecompileModule /Users/fukushimatakumi/Library/Developer/Xcode/DerivedData/SugarBeat-hgoxfxbbugxkfsbmqcjlbmjeaqyg/Build/Intermediates.noindex/ExplicitPrecompiledModules/_limits-2KFWOEJSEV2GI1QLMWTC15HKJ.scan
    cd /Users/fukushimatakumi/develop/sugarbeat/sugarbeat-front
    builtin-precompileModule /Users/fukushimatakumi/Library/Developer/Xcode/DerivedData/SugarBeat-hgoxfxbbugxkfsbmqcjlbmjeaqyg/Build/Intermediates.noindex/ExplicitPrecompiledModules/_limits-2KFWOEJSEV2GI1QLMWTC15HKJ.scan

PrecompileModule /Users/fukushimatakumi/Library/Developer/Xcode/DerivedData/SugarBeat-hgoxfxbbugxkfsbmqcjlbmjeaqyg/Build/Intermediates.noindex/ExplicitPrecompiledModules/sys_resource-5TXVZOSZL3DJII86JLBX491QC.scan
    cd /Users/fukushimatakumi/develop/sugarbeat/sugarbeat-front
    builtin-precompileModule /Users/fukushimatakumi/Library/Developer/Xcode/DerivedData/SugarBeat-hgoxfxbbugxkfsbmqcjlbmjeaqyg/Build/Intermediates.noindex/ExplicitPrecompiledModules/sys_resource-5TXVZOSZL3DJII86JLBX491QC.scan

PrecompileModule /Users/fukushimatakumi/Library/Developer/Xcode/DerivedData/SugarBeat-hgoxfxbbugxkfsbmqcjlbmjeaqyg/Build/Intermediates.noindex/ExplicitPrecompiledModules/uuid-CH3CWE44XY6IJJXZI27XU0L6G.scan
    cd /Users/fukushimatakumi/develop/sugarbeat/sugarbeat-front
    builtin-precompileModule /Users/fukushimatakumi/Library/Developer/Xcode/DerivedData/SugarBeat-hgoxfxbbugxkfsbmqcjlbmjeaqyg/Build/Intermediates.noindex/ExplicitPrecompiledModules/uuid-CH3CWE44XY6IJJXZI27XU0L6G.scan

PrecompileModule /Users/fukushimatakumi/Library/Developer/Xcode/DerivedData/SugarBeat-hgoxfxbbugxkfsbmqcjlbmjeaqyg/Build/Intermediates.noindex/ExplicitPrecompiledModules/DarwinFoundation-B2I7RTAYGKLO8EMYQPS53EK8F.scan
    cd /Users/fukushimatakumi/develop/sugarbeat/sugarbeat-front
    builtin-precompileModule /Users/fukushimatakumi/Library/Developer/Xcode/DerivedData/SugarBeat-hgoxfxbbugxkfsbmqcjlbmjeaqyg/Build/Intermediates.noindex/ExplicitPrecompiledModules/DarwinFoundation-B2I7RTAYGKLO8EMYQPS53EK8F.scan

PrecompileModule /Users/fukushimatakumi/Library/Developer/Xcode/DerivedData/SugarBeat-hgoxfxbbugxkfsbmqcjlbmjeaqyg/Build/Intermediates.noindex/ExplicitPrecompiledModules/mach-3MQPUP4O9XBF9WI9VYPDK17G2.scan
    cd /Users/fukushimatakumi/develop/sugarbeat/sugarbeat-front
    builtin-precompileModule /Users/fukushimatakumi/Library/Developer/Xcode/DerivedData/SugarBeat-hgoxfxbbugxkfsbmqcjlbmjeaqyg/Build/Intermediates.noindex/ExplicitPrecompiledModules/mach-3MQPUP4O9XBF9WI9VYPDK17G2.scan

PrecompileModule /Users/fukushimatakumi/Library/Developer/Xcode/DerivedData/SugarBeat-hgoxfxbbugxkfsbmqcjlbmjeaqyg/Build/Intermediates.noindex/ExplicitPrecompiledModules/_locale-2V7ZJ1M970NOJ2T3PPUGLJXFK.scan
    cd /Users/fukushimatakumi/develop/sugarbeat/sugarbeat-front
    builtin-precompileModule /Users/fukushimatakumi/Library/Developer/Xcode/DerivedData/SugarBeat-hgoxfxbbugxkfsbmqcjlbmjeaqyg/Build/Intermediates.noindex/ExplicitPrecompiledModules/_locale-2V7ZJ1M970NOJ2T3PPUGLJXFK.scan

PrecompileModule /Users/fukushimatakumi/Library/Developer/Xcode/DerivedData/SugarBeat-hgoxfxbbugxkfsbmqcjlbmjeaqyg/Build/Intermediates.noindex/ExplicitPrecompiledModules/_Builtin_limits-1H5K9ZB6ERCQ5R197PAHS1K19.scan
    cd /Users/fukushimatakumi/develop/sugarbeat/sugarbeat-front
    builtin-precompileModule /Users/fukushimatakumi/Library/Developer/Xcode/DerivedData/SugarBeat-hgoxfxbbugxkfsbmqcjlbmjeaqyg/Build/Intermediates.noindex/ExplicitPrecompiledModules/_Builtin_limits-1H5K9ZB6ERCQ5R197PAHS1K19.scan

PrecompileModule /Users/fukushimatakumi/Library/Developer/Xcode/DerivedData/SugarBeat-hgoxfxbbugxkfsbmqcjlbmjeaqyg/Build/Intermediates.noindex/ExplicitPrecompiledModules/_ctype-BJ8K0RCJLNZ5DYO2PNHWQU3TA.scan
    cd /Users/fukushimatakumi/develop/sugarbeat/sugarbeat-front
    builtin-precompileModule /Users/fukushimatakumi/Library/Developer/Xcode/DerivedData/SugarBeat-hgoxfxbbugxkfsbmqcjlbmjeaqyg/Build/Intermediates.noindex/ExplicitPrecompiledModules/_ctype-BJ8K0RCJLNZ5DYO2PNHWQU3TA.scan

PrecompileModule /Users/fukushimatakumi/Library/Developer/Xcode/DerivedData/SugarBeat-hgoxfxbbugxkfsbmqcjlbmjeaqyg/Build/Intermediates.noindex/ExplicitPrecompiledModules/AvailabilityMacros-CWZMJGGHE1KYNSZGXS0HQI8VM.scan
    cd /Users/fukushimatakumi/develop/sugarbeat/sugarbeat-front
    builtin-precompileModule /Users/fukushimatakumi/Library/Developer/Xcode/DerivedData/SugarBeat-hgoxfxbbugxkfsbmqcjlbmjeaqyg/Build/Intermediates.noindex/ExplicitPrecompiledModules/AvailabilityMacros-CWZMJGGHE1KYNSZGXS0HQI8VM.scan

PrecompileModule /Users/fukushimatakumi/Library/Developer/Xcode/DerivedData/SugarBeat-hgoxfxbbugxkfsbmqcjlbmjeaqyg/Build/Intermediates.noindex/ExplicitPrecompiledModules/_time-3FAJ7WVJI7W85EUR426V15RMC.scan
    cd /Users/fukushimatakumi/develop/sugarbeat/sugarbeat-front
    builtin-precompileModule /Users/fukushimatakumi/Library/Developer/Xcode/DerivedData/SugarBeat-hgoxfxbbugxkfsbmqcjlbmjeaqyg/Build/Intermediates.noindex/ExplicitPrecompiledModules/_time-3FAJ7WVJI7W85EUR426V15RMC.scan

PrecompileModule /Users/fukushimatakumi/Library/Developer/Xcode/DerivedData/SugarBeat-hgoxfxbbugxkfsbmqcjlbmjeaqyg/Build/Intermediates.noindex/ExplicitPrecompiledModules/os_availability-DW0LDOTKC3YLI693YQ9OQUY18.scan
    cd /Users/fukushimatakumi/develop/sugarbeat/sugarbeat-front
    builtin-precompileModule /Users/fukushimatakumi/Library/Developer/Xcode/DerivedData/SugarBeat-hgoxfxbbugxkfsbmqcjlbmjeaqyg/Build/Intermediates.noindex/ExplicitPrecompiledModules/os_availability-DW0LDOTKC3YLI693YQ9OQUY18.scan

PrecompileModule /Users/fukushimatakumi/Library/Developer/Xcode/DerivedData/SugarBeat-hgoxfxbbugxkfsbmqcjlbmjeaqyg/Build/Intermediates.noindex/ExplicitPrecompiledModules/_tgmath-9TS79K5G1BHYMKT8IVA9J8QKO.scan
    cd /Users/fukushimatakumi/develop/sugarbeat/sugarbeat-front
    builtin-precompileModule /Users/fukushimatakumi/Library/Developer/Xcode/DerivedData/SugarBeat-hgoxfxbbugxkfsbmqcjlbmjeaqyg/Build/Intermediates.noindex/ExplicitPrecompiledModules/_tgmath-9TS79K5G1BHYMKT8IVA9J8QKO.scan

PrecompileModule /Users/fukushimatakumi/Library/Developer/Xcode/DerivedData/SugarBeat-hgoxfxbbugxkfsbmqcjlbmjeaqyg/Build/Intermediates.noindex/ExplicitPrecompiledModules/_Builtin_limits-EFPEA2S8BCD5PUPP6TJSU07LV.scan
    cd /Users/fukushimatakumi/develop/sugarbeat/sugarbeat-front
    builtin-precompileModule /Users/fukushimatakumi/Library/Developer/Xcode/DerivedData/SugarBeat-hgoxfxbbugxkfsbmqcjlbmjeaqyg/Build/Intermediates.noindex/ExplicitPrecompiledModules/_Builtin_limits-EFPEA2S8BCD5PUPP6TJSU07LV.scan

PrecompileModule /Users/fukushimatakumi/Library/Developer/Xcode/DerivedData/SugarBeat-hgoxfxbbugxkfsbmqcjlbmjeaqyg/Build/Intermediates.noindex/ExplicitPrecompiledModules/_useconds_t-EJATLCT2TIFDCPTKQS3GFQCV3.scan
    cd /Users/fukushimatakumi/develop/sugarbeat/sugarbeat-front
    builtin-precompileModule /Users/fukushimatakumi/Library/Developer/Xcode/DerivedData/SugarBeat-hgoxfxbbugxkfsbmqcjlbmjeaqyg/Build/Intermediates.noindex/ExplicitPrecompiledModules/_useconds_t-EJATLCT2TIFDCPTKQS3GFQCV3.scan

PrecompileModule /Users/fukushimatakumi/Library/Developer/Xcode/DerivedData/SugarBeat-hgoxfxbbugxkfsbmqcjlbmjeaqyg/Build/Intermediates.noindex/ExplicitPrecompiledModules/mach-6JLGJR4V7I2WZ1AXHPTF6GFW6.scan
    cd /Users/fukushimatakumi/develop/sugarbeat/sugarbeat-front
    builtin-precompileModule /Users/fukushimatakumi/Library/Developer/Xcode/DerivedData/SugarBeat-hgoxfxbbugxkfsbmqcjlbmjeaqyg/Build/Intermediates.noindex/ExplicitPrecompiledModules/mach-6JLGJR4V7I2WZ1AXHPTF6GFW6.scan

PrecompileModule /Users/fukushimatakumi/Library/Developer/Xcode/DerivedData/SugarBeat-hgoxfxbbugxkfsbmqcjlbmjeaqyg/Build/Intermediates.noindex/ExplicitPrecompiledModules/_math-8JSZMPEWYEEFG6PZSOD4Y0C2P.scan
    cd /Users/fukushimatakumi/develop/sugarbeat/sugarbeat-front
    builtin-precompileModule /Users/fukushimatakumi/Library/Developer/Xcode/DerivedData/SugarBeat-hgoxfxbbugxkfsbmqcjlbmjeaqyg/Build/Intermediates.noindex/ExplicitPrecompiledModules/_math-8JSZMPEWYEEFG6PZSOD4Y0C2P.scan

PrecompileModule /Users/fukushimatakumi/Library/Developer/Xcode/DerivedData/SugarBeat-hgoxfxbbugxkfsbmqcjlbmjeaqyg/Build/Intermediates.noindex/ExplicitPrecompiledModules/DarwinFoundation-38D9V24GEB38QT8IG8FFVNHEW.scan
    cd /Users/fukushimatakumi/develop/sugarbeat/sugarbeat-front
    builtin-precompileModule /Users/fukushimatakumi/Library/Developer/Xcode/DerivedData/SugarBeat-hgoxfxbbugxkfsbmqcjlbmjeaqyg/Build/Intermediates.noindex/ExplicitPrecompiledModules/DarwinFoundation-38D9V24GEB38QT8IG8FFVNHEW.scan

PrecompileModule /Users/fukushimatakumi/Library/Developer/Xcode/DerivedData/SugarBeat-hgoxfxbbugxkfsbmqcjlbmjeaqyg/Build/Intermediates.noindex/ExplicitPrecompiledModules/runetype-EMHEJD64N0G1YO7AKJT1MVOO6.scan
    cd /Users/fukushimatakumi/develop/sugarbeat/sugarbeat-front
    builtin-precompileModule /Users/fukushimatakumi/Library/Developer/Xcode/DerivedData/SugarBeat-hgoxfxbbugxkfsbmqcjlbmjeaqyg/Build/Intermediates.noindex/ExplicitPrecompiledModules/runetype-EMHEJD64N0G1YO7AKJT1MVOO6.scan

PrecompileModule /Users/fukushimatakumi/Library/Developer/Xcode/DerivedData/SugarBeat-hgoxfxbbugxkfsbmqcjlbmjeaqyg/Build/Intermediates.noindex/ExplicitPrecompiledModules/_setjmp-8W0LKY3C4FM4VQ19A1UZHW4GK.scan
    cd /Users/fukushimatakumi/develop/sugarbeat/sugarbeat-front
    builtin-precompileModule /Users/fukushimatakumi/Library/Developer/Xcode/DerivedData/SugarBeat-hgoxfxbbugxkfsbmqcjlbmjeaqyg/Build/Intermediates.noindex/ExplicitPrecompiledModules/_setjmp-8W0LKY3C4FM4VQ19A1UZHW4GK.scan

PrecompileModule /Users/fukushimatakumi/Library/Developer/Xcode/DerivedData/SugarBeat-hgoxfxbbugxkfsbmqcjlbmjeaqyg/Build/Intermediates.noindex/ExplicitPrecompiledModules/sys_time-AWXHC1EAD3IDEFHH74EP1C2HD.scan
    cd /Users/fukushimatakumi/develop/sugarbeat/sugarbeat-front
    builtin-precompileModule /Users/fukushimatakumi/Library/Developer/Xcode/DerivedData/SugarBeat-hgoxfxbbugxkfsbmqcjlbmjeaqyg/Build/Intermediates.noindex/ExplicitPrecompiledModules/sys_time-AWXHC1EAD3IDEFHH74EP1C2HD.scan

PrecompileModule /Users/fukushimatakumi/Library/Developer/Xcode/DerivedData/SugarBeat-hgoxfxbbugxkfsbmqcjlbmjeaqyg/Build/Intermediates.noindex/ExplicitPrecompiledModules/gethostuuid-68D0F8PWZ00HHEIM4SHTIVTAT.scan
    cd /Users/fukushimatakumi/develop/sugarbeat/sugarbeat-front
    builtin-precompileModule /Users/fukushimatakumi/Library/Developer/Xcode/DerivedData/SugarBeat-hgoxfxbbugxkfsbmqcjlbmjeaqyg/Build/Intermediates.noindex/ExplicitPrecompiledModules/gethostuuid-68D0F8PWZ00HHEIM4SHTIVTAT.scan

PrecompileModule /Users/fukushimatakumi/Library/Developer/Xcode/DerivedData/SugarBeat-hgoxfxbbugxkfsbmqcjlbmjeaqyg/Build/Intermediates.noindex/ExplicitPrecompiledModules/uuid-629B86AHIMSK1XAWNS5D8MR0Q.scan
    cd /Users/fukushimatakumi/develop/sugarbeat/sugarbeat-front
    builtin-precompileModule /Users/fukushimatakumi/Library/Developer/Xcode/DerivedData/SugarBeat-hgoxfxbbugxkfsbmqcjlbmjeaqyg/Build/Intermediates.noindex/ExplicitPrecompiledModules/uuid-629B86AHIMSK1XAWNS5D8MR0Q.scan

PrecompileModule /Users/fukushimatakumi/Library/Developer/Xcode/DerivedData/SugarBeat-hgoxfxbbugxkfsbmqcjlbmjeaqyg/Build/Intermediates.noindex/ExplicitPrecompiledModules/_stdint-1K8L9EQJMO226FW7Q36GHFQFE.scan
    cd /Users/fukushimatakumi/develop/sugarbeat/sugarbeat-front
    builtin-precompileModule /Users/fukushimatakumi/Library/Developer/Xcode/DerivedData/SugarBeat-hgoxfxbbugxkfsbmqcjlbmjeaqyg/Build/Intermediates.noindex/ExplicitPrecompiledModules/_stdint-1K8L9EQJMO226FW7Q36GHFQFE.scan

PrecompileModule /Users/fukushimatakumi/Library/Developer/Xcode/DerivedData/SugarBeat-hgoxfxbbugxkfsbmqcjlbmjeaqyg/Build/Intermediates.noindex/ExplicitPrecompiledModules/_stdio-CZE5LH6BC13V1YFHZ3YLGWRLE.scan
    cd /Users/fukushimatakumi/develop/sugarbeat/sugarbeat-front
    builtin-precompileModule /Users/fukushimatakumi/Library/Developer/Xcode/DerivedData/SugarBeat-hgoxfxbbugxkfsbmqcjlbmjeaqyg/Build/Intermediates.noindex/ExplicitPrecompiledModules/_stdio-CZE5LH6BC13V1YFHZ3YLGWRLE.scan

PrecompileModule /Users/fukushimatakumi/Library/Developer/Xcode/DerivedData/SugarBeat-hgoxfxbbugxkfsbmqcjlbmjeaqyg/Build/Intermediates.noindex/ExplicitPrecompiledModules/AvailabilityMacros-UHY0NA55TQVOXKTTJNO3P7HH.scan
    cd /Users/fukushimatakumi/develop/sugarbeat/sugarbeat-front
    builtin-precompileModule /Users/fukushimatakumi/Library/Developer/Xcode/DerivedData/SugarBeat-hgoxfxbbugxkfsbmqcjlbmjeaqyg/Build/Intermediates.noindex/ExplicitPrecompiledModules/AvailabilityMacros-UHY0NA55TQVOXKTTJNO3P7HH.scan

PrecompileModule /Users/fukushimatakumi/Library/Developer/Xcode/DerivedData/SugarBeat-hgoxfxbbugxkfsbmqcjlbmjeaqyg/Build/Intermediates.noindex/ExplicitPrecompiledModules/_errno-26PKFIPNOWDYTN3EVKKXYFZ0E.scan
    cd /Users/fukushimatakumi/develop/sugarbeat/sugarbeat-front
    builtin-precompileModule /Users/fukushimatakumi/Library/Developer/Xcode/DerivedData/SugarBeat-hgoxfxbbugxkfsbmqcjlbmjeaqyg/Build/Intermediates.noindex/ExplicitPrecompiledModules/_errno-26PKFIPNOWDYTN3EVKKXYFZ0E.scan

PrecompileModule /Users/fukushimatakumi/Library/Developer/Xcode/DerivedData/SugarBeat-hgoxfxbbugxkfsbmqcjlbmjeaqyg/Build/Intermediates.noindex/ExplicitPrecompiledModules/_sys_select-26CUTIS6H9M572WCB4OOJR9CL.scan
    cd /Users/fukushimatakumi/develop/sugarbeat/sugarbeat-front
    builtin-precompileModule /Users/fukushimatakumi/Library/Developer/Xcode/DerivedData/SugarBeat-hgoxfxbbugxkfsbmqcjlbmjeaqyg/Build/Intermediates.noindex/ExplicitPrecompiledModules/_sys_select-26CUTIS6H9M572WCB4OOJR9CL.scan

PrecompileModule /Users/fukushimatakumi/Library/Developer/Xcode/DerivedData/SugarBeat-hgoxfxbbugxkfsbmqcjlbmjeaqyg/Build/Intermediates.noindex/ExplicitPrecompiledModules/_ctype-4IJV9YYFX24W0L6RUB3MOH7SO.scan
    cd /Users/fukushimatakumi/develop/sugarbeat/sugarbeat-front
    builtin-precompileModule /Users/fukushimatakumi/Library/Developer/Xcode/DerivedData/SugarBeat-hgoxfxbbugxkfsbmqcjlbmjeaqyg/Build/Intermediates.noindex/ExplicitPrecompiledModules/_ctype-4IJV9YYFX24W0L6RUB3MOH7SO.scan

PrecompileModule /Users/fukushimatakumi/Library/Developer/Xcode/DerivedData/SugarBeat-hgoxfxbbugxkfsbmqcjlbmjeaqyg/Build/Intermediates.noindex/ExplicitPrecompiledModules/_errno-52VF005AA5A9MC0CSBZSYQXCA.scan
    cd /Users/fukushimatakumi/develop/sugarbeat/sugarbeat-front
    builtin-precompileModule /Users/fukushimatakumi/Library/Developer/Xcode/DerivedData/SugarBeat-hgoxfxbbugxkfsbmqcjlbmjeaqyg/Build/Intermediates.noindex/ExplicitPrecompiledModules/_errno-52VF005AA5A9MC0CSBZSYQXCA.scan

PrecompileModule /Users/fukushimatakumi/Library/Developer/Xcode/DerivedData/SugarBeat-hgoxfxbbugxkfsbmqcjlbmjeaqyg/Build/Intermediates.noindex/ExplicitPrecompiledModules/mach-6V9MDMPEIIL93PYI0Y7STJ63G.scan
    cd /Users/fukushimatakumi/develop/sugarbeat/sugarbeat-front
    builtin-precompileModule /Users/fukushimatakumi/Library/Developer/Xcode/DerivedData/SugarBeat-hgoxfxbbugxkfsbmqcjlbmjeaqyg/Build/Intermediates.noindex/ExplicitPrecompiledModules/mach-6V9MDMPEIIL93PYI0Y7STJ63G.scan

PrecompileModule /Users/fukushimatakumi/Library/Developer/Xcode/DerivedData/SugarBeat-hgoxfxbbugxkfsbmqcjlbmjeaqyg/Build/Intermediates.noindex/ExplicitPrecompiledModules/_useconds_t-ENJPCHZWBK980DVFA9U0UC8PY.scan
    cd /Users/fukushimatakumi/develop/sugarbeat/sugarbeat-front
    builtin-precompileModule /Users/fukushimatakumi/Library/Developer/Xcode/DerivedData/SugarBeat-hgoxfxbbugxkfsbmqcjlbmjeaqyg/Build/Intermediates.noindex/ExplicitPrecompiledModules/_useconds_t-ENJPCHZWBK980DVFA9U0UC8PY.scan

PrecompileModule /Users/fukushimatakumi/Library/Developer/Xcode/DerivedData/SugarBeat-hgoxfxbbugxkfsbmqcjlbmjeaqyg/Build/Intermediates.noindex/ExplicitPrecompiledModules/netinet_in-6F440A11CLWTPHV8QKMCRH0F9.scan
    cd /Users/fukushimatakumi/develop/sugarbeat/sugarbeat-front
    builtin-precompileModule /Users/fukushimatakumi/Library/Developer/Xcode/DerivedData/SugarBeat-hgoxfxbbugxkfsbmqcjlbmjeaqyg/Build/Intermediates.noindex/ExplicitPrecompiledModules/netinet_in-6F440A11CLWTPHV8QKMCRH0F9.scan

PrecompileModule /Users/fukushimatakumi/Library/Developer/Xcode/DerivedData/SugarBeat-hgoxfxbbugxkfsbmqcjlbmjeaqyg/Build/Intermediates.noindex/ExplicitPrecompiledModules/_Builtin_stdint-3E7F4REPUF17D1VOCEIUGSJS5.scan
    cd /Users/fukushimatakumi/develop/sugarbeat/sugarbeat-front
    builtin-precompileModule /Users/fukushimatakumi/Library/Developer/Xcode/DerivedData/SugarBeat-hgoxfxbbugxkfsbmqcjlbmjeaqyg/Build/Intermediates.noindex/ExplicitPrecompiledModules/_Builtin_stdint-3E7F4REPUF17D1VOCEIUGSJS5.scan

PrecompileModule /Users/fukushimatakumi/Library/Developer/Xcode/DerivedData/SugarBeat-hgoxfxbbugxkfsbmqcjlbmjeaqyg/Build/Intermediates.noindex/ExplicitPrecompiledModules/sys_time-705MEQUM4694DS6W2ZERPKFKY.scan
    cd /Users/fukushimatakumi/develop/sugarbeat/sugarbeat-front
    builtin-precompileModule /Users/fukushimatakumi/Library/Developer/Xcode/DerivedData/SugarBeat-hgoxfxbbugxkfsbmqcjlbmjeaqyg/Build/Intermediates.noindex/ExplicitPrecompiledModules/sys_time-705MEQUM4694DS6W2ZERPKFKY.scan

PrecompileModule /Users/fukushimatakumi/Library/Developer/Xcode/DerivedData/SugarBeat-hgoxfxbbugxkfsbmqcjlbmjeaqyg/Build/Intermediates.noindex/ExplicitPrecompiledModules/_stdint-49FORM90A7NIIR7U82N9GTORP.scan
    cd /Users/fukushimatakumi/develop/sugarbeat/sugarbeat-front
    builtin-precompileModule /Users/fukushimatakumi/Library/Developer/Xcode/DerivedData/SugarBeat-hgoxfxbbugxkfsbmqcjlbmjeaqyg/Build/Intermediates.noindex/ExplicitPrecompiledModules/_stdint-49FORM90A7NIIR7U82N9GTORP.scan

PrecompileModule /Users/fukushimatakumi/Library/Developer/Xcode/DerivedData/SugarBeat-hgoxfxbbugxkfsbmqcjlbmjeaqyg/Build/Intermediates.noindex/ExplicitPrecompiledModules/_sys_select-BZ9R8EYTHNIEO3O1PPXEYEASZ.scan
    cd /Users/fukushimatakumi/develop/sugarbeat/sugarbeat-front
    builtin-precompileModule /Users/fukushimatakumi/Library/Developer/Xcode/DerivedData/SugarBeat-hgoxfxbbugxkfsbmqcjlbmjeaqyg/Build/Intermediates.noindex/ExplicitPrecompiledModules/_sys_select-BZ9R8EYTHNIEO3O1PPXEYEASZ.scan

PrecompileModule /Users/fukushimatakumi/Library/Developer/Xcode/DerivedData/SugarBeat-hgoxfxbbugxkfsbmqcjlbmjeaqyg/Build/Intermediates.noindex/ExplicitPrecompiledModules/netinet_in-8HTO4V36XWE8KXJA9U8AZU8PC.scan
    cd /Users/fukushimatakumi/develop/sugarbeat/sugarbeat-front
    builtin-precompileModule /Users/fukushimatakumi/Library/Developer/Xcode/DerivedData/SugarBeat-hgoxfxbbugxkfsbmqcjlbmjeaqyg/Build/Intermediates.noindex/ExplicitPrecompiledModules/netinet_in-8HTO4V36XWE8KXJA9U8AZU8PC.scan

PrecompileModule /Users/fukushimatakumi/Library/Developer/Xcode/DerivedData/SugarBeat-hgoxfxbbugxkfsbmqcjlbmjeaqyg/Build/Intermediates.noindex/ExplicitPrecompiledModules/_strings-6TOAG6F5NRU3M58K954OOEQH4.scan
    cd /Users/fukushimatakumi/develop/sugarbeat/sugarbeat-front
    builtin-precompileModule /Users/fukushimatakumi/Library/Developer/Xcode/DerivedData/SugarBeat-hgoxfxbbugxkfsbmqcjlbmjeaqyg/Build/Intermediates.noindex/ExplicitPrecompiledModules/_strings-6TOAG6F5NRU3M58K954OOEQH4.scan

PrecompileModule /Users/fukushimatakumi/Library/Developer/Xcode/DerivedData/SugarBeat-hgoxfxbbugxkfsbmqcjlbmjeaqyg/Build/Intermediates.noindex/ExplicitPrecompiledModules/alloca-B8HJTIEOYEBQQVL014MAODYLR.scan
    cd /Users/fukushimatakumi/develop/sugarbeat/sugarbeat-front
    builtin-precompileModule /Users/fukushimatakumi/Library/Developer/Xcode/DerivedData/SugarBeat-hgoxfxbbugxkfsbmqcjlbmjeaqyg/Build/Intermediates.noindex/ExplicitPrecompiledModules/alloca-B8HJTIEOYEBQQVL014MAODYLR.scan

PrecompileModule /Users/fukushimatakumi/Library/Developer/Xcode/DerivedData/SugarBeat-hgoxfxbbugxkfsbmqcjlbmjeaqyg/Build/Intermediates.noindex/ExplicitPrecompiledModules/_errno-EX0FU5WZ41RSHRK395ZFGUW1G.scan
    cd /Users/fukushimatakumi/develop/sugarbeat/sugarbeat-front
    builtin-precompileModule /Users/fukushimatakumi/Library/Developer/Xcode/DerivedData/SugarBeat-hgoxfxbbugxkfsbmqcjlbmjeaqyg/Build/Intermediates.noindex/ExplicitPrecompiledModules/_errno-EX0FU5WZ41RSHRK395ZFGUW1G.scan

PrecompileModule /Users/fukushimatakumi/Library/Developer/Xcode/DerivedData/SugarBeat-hgoxfxbbugxkfsbmqcjlbmjeaqyg/Build/Intermediates.noindex/ExplicitPrecompiledModules/nl_types-88MH4NU1LWEUMMCB1Z8WIEZ37.scan
    cd /Users/fukushimatakumi/develop/sugarbeat/sugarbeat-front
    builtin-precompileModule /Users/fukushimatakumi/Library/Developer/Xcode/DerivedData/SugarBeat-hgoxfxbbugxkfsbmqcjlbmjeaqyg/Build/Intermediates.noindex/ExplicitPrecompiledModules/nl_types-88MH4NU1LWEUMMCB1Z8WIEZ37.scan

PrecompileModule /Users/fukushimatakumi/Library/Developer/Xcode/DerivedData/SugarBeat-hgoxfxbbugxkfsbmqcjlbmjeaqyg/Build/Intermediates.noindex/ExplicitPrecompiledModules/_ctype-PQ5TYW8182UNQTVSSII2R3MZ.scan
    cd /Users/fukushimatakumi/develop/sugarbeat/sugarbeat-front
    builtin-precompileModule /Users/fukushimatakumi/Library/Developer/Xcode/DerivedData/SugarBeat-hgoxfxbbugxkfsbmqcjlbmjeaqyg/Build/Intermediates.noindex/ExplicitPrecompiledModules/_ctype-PQ5TYW8182UNQTVSSII2R3MZ.scan

PrecompileModule /Users/fukushimatakumi/Library/Developer/Xcode/DerivedData/SugarBeat-hgoxfxbbugxkfsbmqcjlbmjeaqyg/Build/Intermediates.noindex/ExplicitPrecompiledModules/_useconds_t-13QKKSUI0J0V9T69OETH72V1V.scan
    cd /Users/fukushimatakumi/develop/sugarbeat/sugarbeat-front
    builtin-precompileModule /Users/fukushimatakumi/Library/Developer/Xcode/DerivedData/SugarBeat-hgoxfxbbugxkfsbmqcjlbmjeaqyg/Build/Intermediates.noindex/ExplicitPrecompiledModules/_useconds_t-13QKKSUI0J0V9T69OETH72V1V.scan

PrecompileModule /Users/fukushimatakumi/Library/Developer/Xcode/DerivedData/SugarBeat-hgoxfxbbugxkfsbmqcjlbmjeaqyg/Build/Intermediates.noindex/ExplicitPrecompiledModules/_Builtin_stdatomic-6E9FCJXK1S5DK26HNQPWI44A2.scan
    cd /Users/fukushimatakumi/develop/sugarbeat/sugarbeat-front
    builtin-precompileModule /Users/fukushimatakumi/Library/Developer/Xcode/DerivedData/SugarBeat-hgoxfxbbugxkfsbmqcjlbmjeaqyg/Build/Intermediates.noindex/ExplicitPrecompiledModules/_Builtin_stdatomic-6E9FCJXK1S5DK26HNQPWI44A2.scan

PrecompileModule /Users/fukushimatakumi/Library/Developer/Xcode/DerivedData/SugarBeat-hgoxfxbbugxkfsbmqcjlbmjeaqyg/Build/Intermediates.noindex/ExplicitPrecompiledModules/_inttypes-6Q6G1N7ZGHL29WHUBSZAFKPGI.scan
    cd /Users/fukushimatakumi/develop/sugarbeat/sugarbeat-front
    builtin-precompileModule /Users/fukushimatakumi/Library/Developer/Xcode/DerivedData/SugarBeat-hgoxfxbbugxkfsbmqcjlbmjeaqyg/Build/Intermediates.noindex/ExplicitPrecompiledModules/_inttypes-6Q6G1N7ZGHL29WHUBSZAFKPGI.scan

PrecompileModule /Users/fukushimatakumi/Library/Developer/Xcode/DerivedData/SugarBeat-hgoxfxbbugxkfsbmqcjlbmjeaqyg/Build/Intermediates.noindex/ExplicitPrecompiledModules/_locale-C8HVT8DHYTWTBZ6Q1RJWY2K56.scan
    cd /Users/fukushimatakumi/develop/sugarbeat/sugarbeat-front
    builtin-precompileModule /Users/fukushimatakumi/Library/Developer/Xcode/DerivedData/SugarBeat-hgoxfxbbugxkfsbmqcjlbmjeaqyg/Build/Intermediates.noindex/ExplicitPrecompiledModules/_locale-C8HVT8DHYTWTBZ6Q1RJWY2K56.scan

PrecompileModule /Users/fukushimatakumi/Library/Developer/Xcode/DerivedData/SugarBeat-hgoxfxbbugxkfsbmqcjlbmjeaqyg/Build/Intermediates.noindex/ExplicitPrecompiledModules/_complex-AP0OCSPWQY3KWAQ1WY1O1V5T4.scan
    cd /Users/fukushimatakumi/develop/sugarbeat/sugarbeat-front
    builtin-precompileModule /Users/fukushimatakumi/Library/Developer/Xcode/DerivedData/SugarBeat-hgoxfxbbugxkfsbmqcjlbmjeaqyg/Build/Intermediates.noindex/ExplicitPrecompiledModules/_complex-AP0OCSPWQY3KWAQ1WY1O1V5T4.scan

PrecompileModule /Users/fukushimatakumi/Library/Developer/Xcode/DerivedData/SugarBeat-hgoxfxbbugxkfsbmqcjlbmjeaqyg/Build/Intermediates.noindex/ExplicitPrecompiledModules/_Builtin_stdint-BOD08RF8PU6L5VG052OTI3G5W.scan
    cd /Users/fukushimatakumi/develop/sugarbeat/sugarbeat-front
    builtin-precompileModule /Users/fukushimatakumi/Library/Developer/Xcode/DerivedData/SugarBeat-hgoxfxbbugxkfsbmqcjlbmjeaqyg/Build/Intermediates.noindex/ExplicitPrecompiledModules/_Builtin_stdint-BOD08RF8PU6L5VG052OTI3G5W.scan

PrecompileModule /Users/fukushimatakumi/Library/Developer/Xcode/DerivedData/SugarBeat-hgoxfxbbugxkfsbmqcjlbmjeaqyg/Build/Intermediates.noindex/ExplicitPrecompiledModules/_signal-61K99QRUXQPCZB8OJ2SS5PLOD.scan
    cd /Users/fukushimatakumi/develop/sugarbeat/sugarbeat-front
    builtin-precompileModule /Users/fukushimatakumi/Library/Developer/Xcode/DerivedData/SugarBeat-hgoxfxbbugxkfsbmqcjlbmjeaqyg/Build/Intermediates.noindex/ExplicitPrecompiledModules/_signal-61K99QRUXQPCZB8OJ2SS5PLOD.scan

PrecompileModule /Users/fukushimatakumi/Library/Developer/Xcode/DerivedData/SugarBeat-hgoxfxbbugxkfsbmqcjlbmjeaqyg/Build/Intermediates.noindex/ExplicitPrecompiledModules/alloca-B1SNCFMUAIUD0UIE3B7M08B3H.scan
    cd /Users/fukushimatakumi/develop/sugarbeat/sugarbeat-front
    builtin-precompileModule /Users/fukushimatakumi/Library/Developer/Xcode/DerivedData/SugarBeat-hgoxfxbbugxkfsbmqcjlbmjeaqyg/Build/Intermediates.noindex/ExplicitPrecompiledModules/alloca-B1SNCFMUAIUD0UIE3B7M08B3H.scan

PrecompileModule /Users/fukushimatakumi/Library/Developer/Xcode/DerivedData/SugarBeat-hgoxfxbbugxkfsbmqcjlbmjeaqyg/Build/Intermediates.noindex/ExplicitPrecompiledModules/netinet_in-F2QJOR5OZPTMI8SWOB7FS9NP0.scan
    cd /Users/fukushimatakumi/develop/sugarbeat/sugarbeat-front
    builtin-precompileModule /Users/fukushimatakumi/Library/Developer/Xcode/DerivedData/SugarBeat-hgoxfxbbugxkfsbmqcjlbmjeaqyg/Build/Intermediates.noindex/ExplicitPrecompiledModules/netinet_in-F2QJOR5OZPTMI8SWOB7FS9NP0.scan

PrecompileModule /Users/fukushimatakumi/Library/Developer/Xcode/DerivedData/SugarBeat-hgoxfxbbugxkfsbmqcjlbmjeaqyg/Build/Intermediates.noindex/ExplicitPrecompiledModules/__wctype-ZQ169E7VHCU6C2171PV6RCSD.scan
    cd /Users/fukushimatakumi/develop/sugarbeat/sugarbeat-front
    builtin-precompileModule /Users/fukushimatakumi/Library/Developer/Xcode/DerivedData/SugarBeat-hgoxfxbbugxkfsbmqcjlbmjeaqyg/Build/Intermediates.noindex/ExplicitPrecompiledModules/__wctype-ZQ169E7VHCU6C2171PV6RCSD.scan

PrecompileModule /Users/fukushimatakumi/Library/Developer/Xcode/DerivedData/SugarBeat-hgoxfxbbugxkfsbmqcjlbmjeaqyg/Build/Intermediates.noindex/ExplicitPrecompiledModules/__wctype-88CZOTUOHYYPBGP52EB92Q7T0.scan
    cd /Users/fukushimatakumi/develop/sugarbeat/sugarbeat-front
    builtin-precompileModule /Users/fukushimatakumi/Library/Developer/Xcode/DerivedData/SugarBeat-hgoxfxbbugxkfsbmqcjlbmjeaqyg/Build/Intermediates.noindex/ExplicitPrecompiledModules/__wctype-88CZOTUOHYYPBGP52EB92Q7T0.scan

PrecompileModule /Users/fukushimatakumi/Library/Developer/Xcode/DerivedData/SugarBeat-hgoxfxbbugxkfsbmqcjlbmjeaqyg/Build/Intermediates.noindex/ExplicitPrecompiledModules/sys_types-CBONKXGJIR73U2N4N47LZRWX7.scan
    cd /Users/fukushimatakumi/develop/sugarbeat/sugarbeat-front
    builtin-precompileModule /Users/fukushimatakumi/Library/Developer/Xcode/DerivedData/SugarBeat-hgoxfxbbugxkfsbmqcjlbmjeaqyg/Build/Intermediates.noindex/ExplicitPrecompiledModules/sys_types-CBONKXGJIR73U2N4N47LZRWX7.scan

PrecompileModule /Users/fukushimatakumi/Library/Developer/Xcode/DerivedData/SugarBeat-hgoxfxbbugxkfsbmqcjlbmjeaqyg/Build/Intermediates.noindex/ExplicitPrecompiledModules/_inttypes-D8WUR6K7M2SITDLTTZFBKI3OT.scan
    cd /Users/fukushimatakumi/develop/sugarbeat/sugarbeat-front
    builtin-precompileModule /Users/fukushimatakumi/Library/Developer/Xcode/DerivedData/SugarBeat-hgoxfxbbugxkfsbmqcjlbmjeaqyg/Build/Intermediates.noindex/ExplicitPrecompiledModules/_inttypes-D8WUR6K7M2SITDLTTZFBKI3OT.scan

PrecompileModule /Users/fukushimatakumi/Library/Developer/Xcode/DerivedData/SugarBeat-hgoxfxbbugxkfsbmqcjlbmjeaqyg/Build/Intermediates.noindex/ExplicitPrecompiledModules/_Builtin_stdatomic-469T6DDLTXKTUVR24BS867F42.scan
    cd /Users/fukushimatakumi/develop/sugarbeat/sugarbeat-front
    builtin-precompileModule /Users/fukushimatakumi/Library/Developer/Xcode/DerivedData/SugarBeat-hgoxfxbbugxkfsbmqcjlbmjeaqyg/Build/Intermediates.noindex/ExplicitPrecompiledModules/_Builtin_stdatomic-469T6DDLTXKTUVR24BS867F42.scan

PrecompileModule /Users/fukushimatakumi/Library/Developer/Xcode/DerivedData/SugarBeat-hgoxfxbbugxkfsbmqcjlbmjeaqyg/Build/Intermediates.noindex/ExplicitPrecompiledModules/alloca-7BU3J9PYTUY865QUMHH0RGA58.scan
    cd /Users/fukushimatakumi/develop/sugarbeat/sugarbeat-front
    builtin-precompileModule /Users/fukushimatakumi/Library/Developer/Xcode/DerivedData/SugarBeat-hgoxfxbbugxkfsbmqcjlbmjeaqyg/Build/Intermediates.noindex/ExplicitPrecompiledModules/alloca-7BU3J9PYTUY865QUMHH0RGA58.scan

PrecompileModule /Users/fukushimatakumi/Library/Developer/Xcode/DerivedData/SugarBeat-hgoxfxbbugxkfsbmqcjlbmjeaqyg/Build/Intermediates.noindex/ExplicitPrecompiledModules/xlocale-7U61DOK5KJJR0FXJRD7PQ5OGC.scan
    cd /Users/fukushimatakumi/develop/sugarbeat/sugarbeat-front
    builtin-precompileModule /Users/fukushimatakumi/Library/Developer/Xcode/DerivedData/SugarBeat-hgoxfxbbugxkfsbmqcjlbmjeaqyg/Build/Intermediates.noindex/ExplicitPrecompiledModules/xlocale-7U61DOK5KJJR0FXJRD7PQ5OGC.scan

PrecompileModule /Users/fukushimatakumi/Library/Developer/Xcode/DerivedData/SugarBeat-hgoxfxbbugxkfsbmqcjlbmjeaqyg/Build/Intermediates.noindex/ExplicitPrecompiledModules/_tgmath-3LA7AL5VO3OGC3N1UEQOQ5JFI.scan
    cd /Users/fukushimatakumi/develop/sugarbeat/sugarbeat-front
    builtin-precompileModule /Users/fukushimatakumi/Library/Developer/Xcode/DerivedData/SugarBeat-hgoxfxbbugxkfsbmqcjlbmjeaqyg/Build/Intermediates.noindex/ExplicitPrecompiledModules/_tgmath-3LA7AL5VO3OGC3N1UEQOQ5JFI.scan

PrecompileModule /Users/fukushimatakumi/Library/Developer/Xcode/DerivedData/SugarBeat-hgoxfxbbugxkfsbmqcjlbmjeaqyg/Build/Intermediates.noindex/ExplicitPrecompiledModules/_string-120DRZX5JJTLG56VGRCKU70FD.scan
    cd /Users/fukushimatakumi/develop/sugarbeat/sugarbeat-front
    builtin-precompileModule /Users/fukushimatakumi/Library/Developer/Xcode/DerivedData/SugarBeat-hgoxfxbbugxkfsbmqcjlbmjeaqyg/Build/Intermediates.noindex/ExplicitPrecompiledModules/_string-120DRZX5JJTLG56VGRCKU70FD.scan

PrecompileModule /Users/fukushimatakumi/Library/Developer/Xcode/DerivedData/SugarBeat-hgoxfxbbugxkfsbmqcjlbmjeaqyg/Build/Intermediates.noindex/ExplicitPrecompiledModules/_setjmp-1GPRL6DX5D9QSTM3Z986OB144.scan
    cd /Users/fukushimatakumi/develop/sugarbeat/sugarbeat-front
    builtin-precompileModule /Users/fukushimatakumi/Library/Developer/Xcode/DerivedData/SugarBeat-hgoxfxbbugxkfsbmqcjlbmjeaqyg/Build/Intermediates.noindex/ExplicitPrecompiledModules/_setjmp-1GPRL6DX5D9QSTM3Z986OB144.scan

PrecompileModule /Users/fukushimatakumi/Library/Developer/Xcode/DerivedData/SugarBeat-hgoxfxbbugxkfsbmqcjlbmjeaqyg/Build/Intermediates.noindex/ExplicitPrecompiledModules/sys_wait-97LX5SHD8OXKHEJSFUL8FE72I.scan
    cd /Users/fukushimatakumi/develop/sugarbeat/sugarbeat-front
    builtin-precompileModule /Users/fukushimatakumi/Library/Developer/Xcode/DerivedData/SugarBeat-hgoxfxbbugxkfsbmqcjlbmjeaqyg/Build/Intermediates.noindex/ExplicitPrecompiledModules/sys_wait-97LX5SHD8OXKHEJSFUL8FE72I.scan

PrecompileModule /Users/fukushimatakumi/Library/Developer/Xcode/DerivedData/SugarBeat-hgoxfxbbugxkfsbmqcjlbmjeaqyg/Build/Intermediates.noindex/ExplicitPrecompiledModules/sys_types-BG769XL695E7HXS8K06U7N7TW.scan
    cd /Users/fukushimatakumi/develop/sugarbeat/sugarbeat-front
    builtin-precompileModule /Users/fukushimatakumi/Library/Developer/Xcode/DerivedData/SugarBeat-hgoxfxbbugxkfsbmqcjlbmjeaqyg/Build/Intermediates.noindex/ExplicitPrecompiledModules/sys_types-BG769XL695E7HXS8K06U7N7TW.scan

PrecompileModule /Users/fukushimatakumi/Library/Developer/Xcode/DerivedData/SugarBeat-hgoxfxbbugxkfsbmqcjlbmjeaqyg/Build/Intermediates.noindex/ExplicitPrecompiledModules/_wctype-AY3XO4ONYXXFRHXNLCC3KUXZO.scan
    cd /Users/fukushimatakumi/develop/sugarbeat/sugarbeat-front
    builtin-precompileModule /Users/fukushimatakumi/Library/Developer/Xcode/DerivedData/SugarBeat-hgoxfxbbugxkfsbmqcjlbmjeaqyg/Build/Intermediates.noindex/ExplicitPrecompiledModules/_wctype-AY3XO4ONYXXFRHXNLCC3KUXZO.scan

PrecompileModule /Users/fukushimatakumi/Library/Developer/Xcode/DerivedData/SugarBeat-hgoxfxbbugxkfsbmqcjlbmjeaqyg/Build/Intermediates.noindex/ExplicitPrecompiledModules/_wchar-6YLB83J8ZU18C1CX1N1TZAOCY.scan
    cd /Users/fukushimatakumi/develop/sugarbeat/sugarbeat-front
    builtin-precompileModule /Users/fukushimatakumi/Library/Developer/Xcode/DerivedData/SugarBeat-hgoxfxbbugxkfsbmqcjlbmjeaqyg/Build/Intermediates.noindex/ExplicitPrecompiledModules/_wchar-6YLB83J8ZU18C1CX1N1TZAOCY.scan

PrecompileModule /Users/fukushimatakumi/Library/Developer/Xcode/DerivedData/SugarBeat-hgoxfxbbugxkfsbmqcjlbmjeaqyg/Build/Intermediates.noindex/ExplicitPrecompiledModules/sys_select-DXJ3MDB209QU82Q20FB9N91L2.scan
    cd /Users/fukushimatakumi/develop/sugarbeat/sugarbeat-front
    builtin-precompileModule /Users/fukushimatakumi/Library/Developer/Xcode/DerivedData/SugarBeat-hgoxfxbbugxkfsbmqcjlbmjeaqyg/Build/Intermediates.noindex/ExplicitPrecompiledModules/sys_select-DXJ3MDB209QU82Q20FB9N91L2.scan

PrecompileModule /Users/fukushimatakumi/Library/Developer/Xcode/DerivedData/SugarBeat-hgoxfxbbugxkfsbmqcjlbmjeaqyg/Build/Intermediates.noindex/ExplicitPrecompiledModules/_wctype-E3XRPCONLHBUBFNBF0DKA3LE4.scan
    cd /Users/fukushimatakumi/develop/sugarbeat/sugarbeat-front
    builtin-precompileModule /Users/fukushimatakumi/Library/Developer/Xcode/DerivedData/SugarBeat-hgoxfxbbugxkfsbmqcjlbmjeaqyg/Build/Intermediates.noindex/ExplicitPrecompiledModules/_wctype-E3XRPCONLHBUBFNBF0DKA3LE4.scan

PrecompileModule /Users/fukushimatakumi/Library/Developer/Xcode/DerivedData/SugarBeat-hgoxfxbbugxkfsbmqcjlbmjeaqyg/Build/Intermediates.noindex/ExplicitPrecompiledModules/_Builtin_inttypes-JHGA7YOBXXQTTK3M8M32ZPVI.scan
    cd /Users/fukushimatakumi/develop/sugarbeat/sugarbeat-front
    builtin-precompileModule /Users/fukushimatakumi/Library/Developer/Xcode/DerivedData/SugarBeat-hgoxfxbbugxkfsbmqcjlbmjeaqyg/Build/Intermediates.noindex/ExplicitPrecompiledModules/_Builtin_inttypes-JHGA7YOBXXQTTK3M8M32ZPVI.scan

PrecompileModule /Users/fukushimatakumi/Library/Developer/Xcode/DerivedData/SugarBeat-hgoxfxbbugxkfsbmqcjlbmjeaqyg/Build/Intermediates.noindex/ExplicitPrecompiledModules/nl_types-A0HZPD3KHVCPKZMCRJNZ3HCYM.scan
    cd /Users/fukushimatakumi/develop/sugarbeat/sugarbeat-front
    builtin-precompileModule /Users/fukushimatakumi/Library/Developer/Xcode/DerivedData/SugarBeat-hgoxfxbbugxkfsbmqcjlbmjeaqyg/Build/Intermediates.noindex/ExplicitPrecompiledModules/nl_types-A0HZPD3KHVCPKZMCRJNZ3HCYM.scan

PrecompileModule /Users/fukushimatakumi/Library/Developer/Xcode/DerivedData/SugarBeat-hgoxfxbbugxkfsbmqcjlbmjeaqyg/Build/Intermediates.noindex/ExplicitPrecompiledModules/_string-9SO5S7XNYKRKVHM3UMM4KKLZB.scan
    cd /Users/fukushimatakumi/develop/sugarbeat/sugarbeat-front
    builtin-precompileModule /Users/fukushimatakumi/Library/Developer/Xcode/DerivedData/SugarBeat-hgoxfxbbugxkfsbmqcjlbmjeaqyg/Build/Intermediates.noindex/ExplicitPrecompiledModules/_string-9SO5S7XNYKRKVHM3UMM4KKLZB.scan

PrecompileModule /Users/fukushimatakumi/Library/Developer/Xcode/DerivedData/SugarBeat-hgoxfxbbugxkfsbmqcjlbmjeaqyg/Build/Intermediates.noindex/ExplicitPrecompiledModules/_time-AJGODQBJWK5WK5D1FUMSD7YDK.scan
    cd /Users/fukushimatakumi/develop/sugarbeat/sugarbeat-front
    builtin-precompileModule /Users/fukushimatakumi/Library/Developer/Xcode/DerivedData/SugarBeat-hgoxfxbbugxkfsbmqcjlbmjeaqyg/Build/Intermediates.noindex/ExplicitPrecompiledModules/_time-AJGODQBJWK5WK5D1FUMSD7YDK.scan

PrecompileModule /Users/fukushimatakumi/Library/Developer/Xcode/DerivedData/SugarBeat-hgoxfxbbugxkfsbmqcjlbmjeaqyg/Build/Intermediates.noindex/ExplicitPrecompiledModules/_Builtin_inttypes-BIKM46ZLTV5ADB5M6JDU2CXSD.scan
    cd /Users/fukushimatakumi/develop/sugarbeat/sugarbeat-front
    builtin-precompileModule /Users/fukushimatakumi/Library/Developer/Xcode/DerivedData/SugarBeat-hgoxfxbbugxkfsbmqcjlbmjeaqyg/Build/Intermediates.noindex/ExplicitPrecompiledModules/_Builtin_inttypes-BIKM46ZLTV5ADB5M6JDU2CXSD.scan

PrecompileModule /Users/fukushimatakumi/Library/Developer/Xcode/DerivedData/SugarBeat-hgoxfxbbugxkfsbmqcjlbmjeaqyg/Build/Intermediates.noindex/ExplicitPrecompiledModules/_signal-ACN1XQ9S5EBCAZVXSALQ639IX.scan
    cd /Users/fukushimatakumi/develop/sugarbeat/sugarbeat-front
    builtin-precompileModule /Users/fukushimatakumi/Library/Developer/Xcode/DerivedData/SugarBeat-hgoxfxbbugxkfsbmqcjlbmjeaqyg/Build/Intermediates.noindex/ExplicitPrecompiledModules/_signal-ACN1XQ9S5EBCAZVXSALQ639IX.scan

PrecompileModule /Users/fukushimatakumi/Library/Developer/Xcode/DerivedData/SugarBeat-hgoxfxbbugxkfsbmqcjlbmjeaqyg/Build/Intermediates.noindex/ExplicitPrecompiledModules/_stdio-ACOC60MIORY8HECRHYBBJ5QRR.scan
    cd /Users/fukushimatakumi/develop/sugarbeat/sugarbeat-front
    builtin-precompileModule /Users/fukushimatakumi/Library/Developer/Xcode/DerivedData/SugarBeat-hgoxfxbbugxkfsbmqcjlbmjeaqyg/Build/Intermediates.noindex/ExplicitPrecompiledModules/_stdio-ACOC60MIORY8HECRHYBBJ5QRR.scan

PrecompileModule /Users/fukushimatakumi/Library/Developer/Xcode/DerivedData/SugarBeat-hgoxfxbbugxkfsbmqcjlbmjeaqyg/Build/Intermediates.noindex/ExplicitPrecompiledModules/_Builtin_tgmath-8FLB76WRT9IGIBURIH539F64L.scan
    cd /Users/fukushimatakumi/develop/sugarbeat/sugarbeat-front
    builtin-precompileModule /Users/fukushimatakumi/Library/Developer/Xcode/DerivedData/SugarBeat-hgoxfxbbugxkfsbmqcjlbmjeaqyg/Build/Intermediates.noindex/ExplicitPrecompiledModules/_Builtin_tgmath-8FLB76WRT9IGIBURIH539F64L.scan

PrecompileModule /Users/fukushimatakumi/Library/Developer/Xcode/DerivedData/SugarBeat-hgoxfxbbugxkfsbmqcjlbmjeaqyg/Build/Intermediates.noindex/ExplicitPrecompiledModules/_string-A8G59Y01J2BQKBXEI95HQIZA7.scan
    cd /Users/fukushimatakumi/develop/sugarbeat/sugarbeat-front
    builtin-precompileModule /Users/fukushimatakumi/Library/Developer/Xcode/DerivedData/SugarBeat-hgoxfxbbugxkfsbmqcjlbmjeaqyg/Build/Intermediates.noindex/ExplicitPrecompiledModules/_string-A8G59Y01J2BQKBXEI95HQIZA7.scan

PrecompileModule /Users/fukushimatakumi/Library/Developer/Xcode/DerivedData/SugarBeat-hgoxfxbbugxkfsbmqcjlbmjeaqyg/Build/Intermediates.noindex/ExplicitPrecompiledModules/_time-BKG22M4XI76HFE4ZXUEJNTKU.scan
    cd /Users/fukushimatakumi/develop/sugarbeat/sugarbeat-front
    builtin-precompileModule /Users/fukushimatakumi/Library/Developer/Xcode/DerivedData/SugarBeat-hgoxfxbbugxkfsbmqcjlbmjeaqyg/Build/Intermediates.noindex/ExplicitPrecompiledModules/_time-BKG22M4XI76HFE4ZXUEJNTKU.scan

PrecompileModule /Users/fukushimatakumi/Library/Developer/Xcode/DerivedData/SugarBeat-hgoxfxbbugxkfsbmqcjlbmjeaqyg/Build/Intermediates.noindex/ExplicitPrecompiledModules/_stdio-6FI86VYXNC9OFK2Z5FN0HJBPN.scan
    cd /Users/fukushimatakumi/develop/sugarbeat/sugarbeat-front
    builtin-precompileModule /Users/fukushimatakumi/Library/Developer/Xcode/DerivedData/SugarBeat-hgoxfxbbugxkfsbmqcjlbmjeaqyg/Build/Intermediates.noindex/ExplicitPrecompiledModules/_stdio-6FI86VYXNC9OFK2Z5FN0HJBPN.scan

PrecompileModule /Users/fukushimatakumi/Library/Developer/Xcode/DerivedData/SugarBeat-hgoxfxbbugxkfsbmqcjlbmjeaqyg/Build/Intermediates.noindex/ExplicitPrecompiledModules/sys_resource-AYB22Q9AZJ3BTOYG0TDKEMXT6.scan
    cd /Users/fukushimatakumi/develop/sugarbeat/sugarbeat-front
    builtin-precompileModule /Users/fukushimatakumi/Library/Developer/Xcode/DerivedData/SugarBeat-hgoxfxbbugxkfsbmqcjlbmjeaqyg/Build/Intermediates.noindex/ExplicitPrecompiledModules/sys_resource-AYB22Q9AZJ3BTOYG0TDKEMXT6.scan

PrecompileModule /Users/fukushimatakumi/Library/Developer/Xcode/DerivedData/SugarBeat-hgoxfxbbugxkfsbmqcjlbmjeaqyg/Build/Intermediates.noindex/ExplicitPrecompiledModules/_signal-AQ82CCZ1OK8SWQTUUOPTDJ0QX.scan
    cd /Users/fukushimatakumi/develop/sugarbeat/sugarbeat-front
    builtin-precompileModule /Users/fukushimatakumi/Library/Developer/Xcode/DerivedData/SugarBeat-hgoxfxbbugxkfsbmqcjlbmjeaqyg/Build/Intermediates.noindex/ExplicitPrecompiledModules/_signal-AQ82CCZ1OK8SWQTUUOPTDJ0QX.scan

PrecompileModule /Users/fukushimatakumi/Library/Developer/Xcode/DerivedData/SugarBeat-hgoxfxbbugxkfsbmqcjlbmjeaqyg/Build/Intermediates.noindex/ExplicitPrecompiledModules/unistd-969D19LEUGCYOVEK00ZERUOK0.scan
    cd /Users/fukushimatakumi/develop/sugarbeat/sugarbeat-front
    builtin-precompileModule /Users/fukushimatakumi/Library/Developer/Xcode/DerivedData/SugarBeat-hgoxfxbbugxkfsbmqcjlbmjeaqyg/Build/Intermediates.noindex/ExplicitPrecompiledModules/unistd-969D19LEUGCYOVEK00ZERUOK0.scan

PrecompileModule /Users/fukushimatakumi/Library/Developer/Xcode/DerivedData/SugarBeat-hgoxfxbbugxkfsbmqcjlbmjeaqyg/Build/Intermediates.noindex/ExplicitPrecompiledModules/nl_types-DGK4IYSNMW2WZLFEI77PMXCZ9.scan
    cd /Users/fukushimatakumi/develop/sugarbeat/sugarbeat-front
    builtin-precompileModule /Users/fukushimatakumi/Library/Developer/Xcode/DerivedData/SugarBeat-hgoxfxbbugxkfsbmqcjlbmjeaqyg/Build/Intermediates.noindex/ExplicitPrecompiledModules/nl_types-DGK4IYSNMW2WZLFEI77PMXCZ9.scan

PrecompileModule /Users/fukushimatakumi/Library/Developer/Xcode/DerivedData/SugarBeat-hgoxfxbbugxkfsbmqcjlbmjeaqyg/Build/Intermediates.noindex/ExplicitPrecompiledModules/gethostuuid-C6NEJWZ7KG6JAMT8R3OC8U0IY.scan
    cd /Users/fukushimatakumi/develop/sugarbeat/sugarbeat-front
    builtin-precompileModule /Users/fukushimatakumi/Library/Developer/Xcode/DerivedData/SugarBeat-hgoxfxbbugxkfsbmqcjlbmjeaqyg/Build/Intermediates.noindex/ExplicitPrecompiledModules/gethostuuid-C6NEJWZ7KG6JAMT8R3OC8U0IY.scan

PrecompileModule /Users/fukushimatakumi/Library/Developer/Xcode/DerivedData/SugarBeat-hgoxfxbbugxkfsbmqcjlbmjeaqyg/Build/Intermediates.noindex/ExplicitPrecompiledModules/_stdint-9U59A5XDXS3P7M8KRBBE8CQLU.scan
    cd /Users/fukushimatakumi/develop/sugarbeat/sugarbeat-front
    builtin-precompileModule /Users/fukushimatakumi/Library/Developer/Xcode/DerivedData/SugarBeat-hgoxfxbbugxkfsbmqcjlbmjeaqyg/Build/Intermediates.noindex/ExplicitPrecompiledModules/_stdint-9U59A5XDXS3P7M8KRBBE8CQLU.scan

PrecompileModule /Users/fukushimatakumi/Library/Developer/Xcode/DerivedData/SugarBeat-hgoxfxbbugxkfsbmqcjlbmjeaqyg/Build/Intermediates.noindex/ExplicitPrecompiledModules/pthread-49V812O97EZ6QE8AWKUF9C1QD.scan
    cd /Users/fukushimatakumi/develop/sugarbeat/sugarbeat-front
    builtin-precompileModule /Users/fukushimatakumi/Library/Developer/Xcode/DerivedData/SugarBeat-hgoxfxbbugxkfsbmqcjlbmjeaqyg/Build/Intermediates.noindex/ExplicitPrecompiledModules/pthread-49V812O97EZ6QE8AWKUF9C1QD.scan

PrecompileModule /Users/fukushimatakumi/Library/Developer/Xcode/DerivedData/SugarBeat-hgoxfxbbugxkfsbmqcjlbmjeaqyg/Build/Intermediates.noindex/ExplicitPrecompiledModules/runetype-E8ERM97I045R2ALBQ737ZLF03.scan
    cd /Users/fukushimatakumi/develop/sugarbeat/sugarbeat-front
    builtin-precompileModule /Users/fukushimatakumi/Library/Developer/Xcode/DerivedData/SugarBeat-hgoxfxbbugxkfsbmqcjlbmjeaqyg/Build/Intermediates.noindex/ExplicitPrecompiledModules/runetype-E8ERM97I045R2ALBQ737ZLF03.scan

PrecompileModule /Users/fukushimatakumi/Library/Developer/Xcode/DerivedData/SugarBeat-hgoxfxbbugxkfsbmqcjlbmjeaqyg/Build/Intermediates.noindex/ExplicitPrecompiledModules/_Builtin_tgmath-AWL7X0IEIXZSPQ30XZQM3RO7G.scan
    cd /Users/fukushimatakumi/develop/sugarbeat/sugarbeat-front
    builtin-precompileModule /Users/fukushimatakumi/Library/Developer/Xcode/DerivedData/SugarBeat-hgoxfxbbugxkfsbmqcjlbmjeaqyg/Build/Intermediates.noindex/ExplicitPrecompiledModules/_Builtin_tgmath-AWL7X0IEIXZSPQ30XZQM3RO7G.scan

PrecompileModule /Users/fukushimatakumi/Library/Developer/Xcode/DerivedData/SugarBeat-hgoxfxbbugxkfsbmqcjlbmjeaqyg/Build/Intermediates.noindex/ExplicitPrecompiledModules/_assert-83GYADBDUK4BE613CHHYPW69H.scan
    cd /Users/fukushimatakumi/develop/sugarbeat/sugarbeat-front
    builtin-precompileModule /Users/fukushimatakumi/Library/Developer/Xcode/DerivedData/SugarBeat-hgoxfxbbugxkfsbmqcjlbmjeaqyg/Build/Intermediates.noindex/ExplicitPrecompiledModules/_assert-83GYADBDUK4BE613CHHYPW69H.scan

PrecompileModule /Users/fukushimatakumi/Library/Developer/Xcode/DerivedData/SugarBeat-hgoxfxbbugxkfsbmqcjlbmjeaqyg/Build/Intermediates.noindex/ExplicitPrecompiledModules/pthread-9ORBMT6RFTRBZOTFHCGR8WIDW.scan
    cd /Users/fukushimatakumi/develop/sugarbeat/sugarbeat-front
    builtin-precompileModule /Users/fukushimatakumi/Library/Developer/Xcode/DerivedData/SugarBeat-hgoxfxbbugxkfsbmqcjlbmjeaqyg/Build/Intermediates.noindex/ExplicitPrecompiledModules/pthread-9ORBMT6RFTRBZOTFHCGR8WIDW.scan

PrecompileModule /Users/fukushimatakumi/Library/Developer/Xcode/DerivedData/SugarBeat-hgoxfxbbugxkfsbmqcjlbmjeaqyg/Build/Intermediates.noindex/ExplicitPrecompiledModules/gethostuuid-D0A0TUEC06QSURVPXJE53Q5UG.scan
    cd /Users/fukushimatakumi/develop/sugarbeat/sugarbeat-front
    builtin-precompileModule /Users/fukushimatakumi/Library/Developer/Xcode/DerivedData/SugarBeat-hgoxfxbbugxkfsbmqcjlbmjeaqyg/Build/Intermediates.noindex/ExplicitPrecompiledModules/gethostuuid-D0A0TUEC06QSURVPXJE53Q5UG.scan

PrecompileModule /Users/fukushimatakumi/Library/Developer/Xcode/DerivedData/SugarBeat-hgoxfxbbugxkfsbmqcjlbmjeaqyg/Build/Intermediates.noindex/ExplicitPrecompiledModules/_math-BK8AKGC56CP1SIR2XQD0VWCPM.scan
    cd /Users/fukushimatakumi/develop/sugarbeat/sugarbeat-front
    builtin-precompileModule /Users/fukushimatakumi/Library/Developer/Xcode/DerivedData/SugarBeat-hgoxfxbbugxkfsbmqcjlbmjeaqyg/Build/Intermediates.noindex/ExplicitPrecompiledModules/_math-BK8AKGC56CP1SIR2XQD0VWCPM.scan

PrecompileModule /Users/fukushimatakumi/Library/Developer/Xcode/DerivedData/SugarBeat-hgoxfxbbugxkfsbmqcjlbmjeaqyg/Build/Intermediates.noindex/ExplicitPrecompiledModules/sys_wait-1ZKO1ID5W5Q72637IYXKQZS3A.scan
    cd /Users/fukushimatakumi/develop/sugarbeat/sugarbeat-front
    builtin-precompileModule /Users/fukushimatakumi/Library/Developer/Xcode/DerivedData/SugarBeat-hgoxfxbbugxkfsbmqcjlbmjeaqyg/Build/Intermediates.noindex/ExplicitPrecompiledModules/sys_wait-1ZKO1ID5W5Q72637IYXKQZS3A.scan

PrecompileModule /Users/fukushimatakumi/Library/Developer/Xcode/DerivedData/SugarBeat-hgoxfxbbugxkfsbmqcjlbmjeaqyg/Build/Intermediates.noindex/ExplicitPrecompiledModules/pthread-7U48WRR2EJM0YG6H8C4V9KNE5.scan
    cd /Users/fukushimatakumi/develop/sugarbeat/sugarbeat-front
    builtin-precompileModule /Users/fukushimatakumi/Library/Developer/Xcode/DerivedData/SugarBeat-hgoxfxbbugxkfsbmqcjlbmjeaqyg/Build/Intermediates.noindex/ExplicitPrecompiledModules/pthread-7U48WRR2EJM0YG6H8C4V9KNE5.scan

PrecompileModule /Users/fukushimatakumi/Library/Developer/Xcode/DerivedData/SugarBeat-hgoxfxbbugxkfsbmqcjlbmjeaqyg/Build/Intermediates.noindex/ExplicitPrecompiledModules/sys_select-EMBF6ZO6NH5CF6UFKPMR841M5.scan
    cd /Users/fukushimatakumi/develop/sugarbeat/sugarbeat-front
    builtin-precompileModule /Users/fukushimatakumi/Library/Developer/Xcode/DerivedData/SugarBeat-hgoxfxbbugxkfsbmqcjlbmjeaqyg/Build/Intermediates.noindex/ExplicitPrecompiledModules/sys_select-EMBF6ZO6NH5CF6UFKPMR841M5.scan

PrecompileModule /Users/fukushimatakumi/Library/Developer/Xcode/DerivedData/SugarBeat-hgoxfxbbugxkfsbmqcjlbmjeaqyg/Build/Intermediates.noindex/ExplicitPrecompiledModules/_wchar-21PK93U5ZIHADYCJO9WNOES0D.scan
    cd /Users/fukushimatakumi/develop/sugarbeat/sugarbeat-front
    builtin-precompileModule /Users/fukushimatakumi/Library/Developer/Xcode/DerivedData/SugarBeat-hgoxfxbbugxkfsbmqcjlbmjeaqyg/Build/Intermediates.noindex/ExplicitPrecompiledModules/_wchar-21PK93U5ZIHADYCJO9WNOES0D.scan

PrecompileModule /Users/fukushimatakumi/Library/Developer/Xcode/DerivedData/SugarBeat-hgoxfxbbugxkfsbmqcjlbmjeaqyg/Build/Intermediates.noindex/ExplicitPrecompiledModules/xlocale-ECK9KQQDQOSU8U3MP1TYYGIOZ.scan
    cd /Users/fukushimatakumi/develop/sugarbeat/sugarbeat-front
    builtin-precompileModule /Users/fukushimatakumi/Library/Developer/Xcode/DerivedData/SugarBeat-hgoxfxbbugxkfsbmqcjlbmjeaqyg/Build/Intermediates.noindex/ExplicitPrecompiledModules/xlocale-ECK9KQQDQOSU8U3MP1TYYGIOZ.scan

PrecompileModule /Users/fukushimatakumi/Library/Developer/Xcode/DerivedData/SugarBeat-hgoxfxbbugxkfsbmqcjlbmjeaqyg/Build/Intermediates.noindex/ExplicitPrecompiledModules/_sys_select-CGO3TBMLKSXO9TV4TFG4068MG.scan
    cd /Users/fukushimatakumi/develop/sugarbeat/sugarbeat-front
    builtin-precompileModule /Users/fukushimatakumi/Library/Developer/Xcode/DerivedData/SugarBeat-hgoxfxbbugxkfsbmqcjlbmjeaqyg/Build/Intermediates.noindex/ExplicitPrecompiledModules/_sys_select-CGO3TBMLKSXO9TV4TFG4068MG.scan

PrecompileModule /Users/fukushimatakumi/Library/Developer/Xcode/DerivedData/SugarBeat-hgoxfxbbugxkfsbmqcjlbmjeaqyg/Build/Intermediates.noindex/ExplicitPrecompiledModules/_Builtin_stdint-3K6PMI4PVCSR1UJ9X0RAPIPIB.scan
    cd /Users/fukushimatakumi/develop/sugarbeat/sugarbeat-front
    builtin-precompileModule /Users/fukushimatakumi/Library/Developer/Xcode/DerivedData/SugarBeat-hgoxfxbbugxkfsbmqcjlbmjeaqyg/Build/Intermediates.noindex/ExplicitPrecompiledModules/_Builtin_stdint-3K6PMI4PVCSR1UJ9X0RAPIPIB.scan

PrecompileModule /Users/fukushimatakumi/Library/Developer/Xcode/DerivedData/SugarBeat-hgoxfxbbugxkfsbmqcjlbmjeaqyg/Build/Intermediates.noindex/ExplicitPrecompiledModules/sys_time-9Z87CNGWO3SLDGWTWR1TXF40E.scan
    cd /Users/fukushimatakumi/develop/sugarbeat/sugarbeat-front
    builtin-precompileModule /Users/fukushimatakumi/Library/Developer/Xcode/DerivedData/SugarBeat-hgoxfxbbugxkfsbmqcjlbmjeaqyg/Build/Intermediates.noindex/ExplicitPrecompiledModules/sys_time-9Z87CNGWO3SLDGWTWR1TXF40E.scan

PrecompileModule /Users/fukushimatakumi/Library/Developer/Xcode/DerivedData/SugarBeat-hgoxfxbbugxkfsbmqcjlbmjeaqyg/Build/Intermediates.noindex/ExplicitPrecompiledModules/_limits-2J8Q3YZRR7NLSI1K40X16WBU9.scan
    cd /Users/fukushimatakumi/develop/sugarbeat/sugarbeat-front
    builtin-precompileModule /Users/fukushimatakumi/Library/Developer/Xcode/DerivedData/SugarBeat-hgoxfxbbugxkfsbmqcjlbmjeaqyg/Build/Intermediates.noindex/ExplicitPrecompiledModules/_limits-2J8Q3YZRR7NLSI1K40X16WBU9.scan

PrecompileModule /Users/fukushimatakumi/Library/Developer/Xcode/DerivedData/SugarBeat-hgoxfxbbugxkfsbmqcjlbmjeaqyg/Build/Intermediates.noindex/ExplicitPrecompiledModules/_tgmath-4MBDJ40DX6R75XQ6V686PTNQC.scan
    cd /Users/fukushimatakumi/develop/sugarbeat/sugarbeat-front
    builtin-precompileModule /Users/fukushimatakumi/Library/Developer/Xcode/DerivedData/SugarBeat-hgoxfxbbugxkfsbmqcjlbmjeaqyg/Build/Intermediates.noindex/ExplicitPrecompiledModules/_tgmath-4MBDJ40DX6R75XQ6V686PTNQC.scan

PrecompileModule /Users/fukushimatakumi/Library/Developer/Xcode/DerivedData/SugarBeat-hgoxfxbbugxkfsbmqcjlbmjeaqyg/Build/Intermediates.noindex/ExplicitPrecompiledModules/_stdlib-8MRZ549BDEWEKXHT56TLPUAJK.scan
    cd /Users/fukushimatakumi/develop/sugarbeat/sugarbeat-front
    builtin-precompileModule /Users/fukushimatakumi/Library/Developer/Xcode/DerivedData/SugarBeat-hgoxfxbbugxkfsbmqcjlbmjeaqyg/Build/Intermediates.noindex/ExplicitPrecompiledModules/_stdlib-8MRZ549BDEWEKXHT56TLPUAJK.scan

PrecompileModule /Users/fukushimatakumi/Library/Developer/Xcode/DerivedData/SugarBeat-hgoxfxbbugxkfsbmqcjlbmjeaqyg/Build/Intermediates.noindex/ExplicitPrecompiledModules/__wctype-8TV5NR9EVFD3FVT1BW9N6K2G7.scan
    cd /Users/fukushimatakumi/develop/sugarbeat/sugarbeat-front
    builtin-precompileModule /Users/fukushimatakumi/Library/Developer/Xcode/DerivedData/SugarBeat-hgoxfxbbugxkfsbmqcjlbmjeaqyg/Build/Intermediates.noindex/ExplicitPrecompiledModules/__wctype-8TV5NR9EVFD3FVT1BW9N6K2G7.scan

PrecompileModule /Users/fukushimatakumi/Library/Developer/Xcode/DerivedData/SugarBeat-hgoxfxbbugxkfsbmqcjlbmjeaqyg/Build/Intermediates.noindex/ExplicitPrecompiledModules/_strings-17CAJGAI9ZTUN6VFI1FY57CMV.scan
    cd /Users/fukushimatakumi/develop/sugarbeat/sugarbeat-front
    builtin-precompileModule /Users/fukushimatakumi/Library/Developer/Xcode/DerivedData/SugarBeat-hgoxfxbbugxkfsbmqcjlbmjeaqyg/Build/Intermediates.noindex/ExplicitPrecompiledModules/_strings-17CAJGAI9ZTUN6VFI1FY57CMV.scan

PrecompileModule /Users/fukushimatakumi/Library/Developer/Xcode/DerivedData/SugarBeat-hgoxfxbbugxkfsbmqcjlbmjeaqyg/Build/Intermediates.noindex/ExplicitPrecompiledModules/_Builtin_iso646-2VAXIYUN73ET6ISXVQHPM5K9W.scan
    cd /Users/fukushimatakumi/develop/sugarbeat/sugarbeat-front
    builtin-precompileModule /Users/fukushimatakumi/Library/Developer/Xcode/DerivedData/SugarBeat-hgoxfxbbugxkfsbmqcjlbmjeaqyg/Build/Intermediates.noindex/ExplicitPrecompiledModules/_Builtin_iso646-2VAXIYUN73ET6ISXVQHPM5K9W.scan

PrecompileModule /Users/fukushimatakumi/Library/Developer/Xcode/DerivedData/SugarBeat-hgoxfxbbugxkfsbmqcjlbmjeaqyg/Build/Intermediates.noindex/ExplicitPrecompiledModules/_stdlib-2X1N9POXOSMMR5I84M0LHTLWR.scan
    cd /Users/fukushimatakumi/develop/sugarbeat/sugarbeat-front
    builtin-precompileModule /Users/fukushimatakumi/Library/Developer/Xcode/DerivedData/SugarBeat-hgoxfxbbugxkfsbmqcjlbmjeaqyg/Build/Intermediates.noindex/ExplicitPrecompiledModules/_stdlib-2X1N9POXOSMMR5I84M0LHTLWR.scan

ScanDependencies /Users/fukushimatakumi/Library/Developer/Xcode/DerivedData/SugarBeat-hgoxfxbbugxkfsbmqcjlbmjeaqyg/Build/Intermediates.noindex/GoogleUtilities.build/Debug-iphonesimulator/GoogleUtilities-NSData.build/Objects-normal/arm64/resource_bundle_accessor.o /Users/fukushimatakumi/Library/Developer/Xcode/DerivedData/SugarBeat-hgoxfxbbugxkfsbmqcjlbmjeaqyg/Build/Intermediates.noindex/GoogleUtilities.build/Debug-iphonesimulator/GoogleUtilities-NSData.build/DerivedSources/resource_bundle_accessor.m normal arm64 objective-c com.apple.compilers.llvm.clang.1_0.compiler (in target 'GoogleUtilities-NSData' from project 'GoogleUtilities')
    cd /Users/fukushimatakumi/develop/sugarbeat/sugarbeat-front
    
    Using response file: /Users/fukushimatakumi/Library/Developer/Xcode/DerivedData/SugarBeat-hgoxfxbbugxkfsbmqcjlbmjeaqyg/Build/Intermediates.noindex/GoogleUtilities.build/Debug-iphonesimulator/GoogleUtilities-NSData.build/Objects-normal/arm64/e6072d4f65d7061329687fe24e3d63a7-common-args.resp
    
    builtin-ScanDependencies -o /Users/fukushimatakumi/Library/Developer/Xcode/DerivedData/SugarBeat-hgoxfxbbugxkfsbmqcjlbmjeaqyg/Build/Intermediates.noindex/GoogleUtilities.build/Debug-iphonesimulator/GoogleUtilities-NSData.build/Objects-normal/arm64/resource_bundle_accessor.o.scan -- /Applications/Xcode.app/Contents/Developer/Toolchains/XcodeDefault.xctoolchain/usr/bin/clang -x objective-c -ivfsstatcache /Users/fukushimatakumi/Library/Developer/Xcode/DerivedData/SDKStatCaches.noindex/iphonesimulator18.4-22E235-71825a6d136aa4733edcbe86ece5525b.sdkstatcache -fmessage-length\=0 -fdiagnostics-show-note-include-stack -fmacro-backtrace-limit\=0 -fno-color-diagnostics -fmodules-prune-interval\=86400 -fmodules-prune-after\=345600 -fbuild-session-file\=/Users/fukushimatakumi/Library/Developer/Xcode/DerivedData/ModuleCache.noindex/Session.modulevalidation -fmodules-validate-once-per-build-session -Wnon-modular-include-in-framework-module -Werror\=non-modular-include-in-framework-module -Wno-trigraphs -Wno-missing-field-initializers -Wno-missing-prototypes -Wno-return-type -Wno-implicit-atomic-properties -Wno-objc-interface-ivars -Wno-arc-repeated-use-of-weak -Wno-missing-braces -Wparentheses -Wswitch -Wno-unused-function -Wno-unused-label -Wno-unused-parameter -Wno-unused-variable -Wunused-value -Wno-empty-body -Wno-uninitialized -Wno-unknown-pragmas -w -Wno-shadow -Wno-four-char-constants -Wno-conversion -Wno-constant-conversion -Wno-int-conversion -Wno-bool-conversion -Wno-enum-conversion -Wno-float-conversion -Wno-non-literal-null-conversion -Wno-objc-literal-conversion -Wshorten-64-to-32 -Wpointer-sign -Wno-newline-eof -Wno-selector -Wno-strict-selector-match -Wno-undeclared-selector -Wno-deprecated-implementations -Wno-implicit-fallthrough -fstrict-aliasing -Wprotocol -Wdeprecated-declarations -Wno-sign-conversion -Wno-infinite-recursion -Wno-comma -Wno-block-capture-autoreleasing -Wno-strict-prototypes -Wno-semicolon-before-method-body -index-store-path /Users/fukushimatakumi/Library/Developer/Xcode/DerivedData/SugarBeat-hgoxfxbbugxkfsbmqcjlbmjeaqyg/Index.noindex/DataStore @/Users/fukushimatakumi/Library/Developer/Xcode/DerivedData/SugarBeat-hgoxfxbbugxkfsbmqcjlbmjeaqyg/Build/Intermediates.noindex/GoogleUtilities.build/Debug-iphonesimulator/GoogleUtilities-NSData.build/Objects-normal/arm64/e6072d4f65d7061329687fe24e3d63a7-common-args.resp -include /Users/fukushimatakumi/Library/Developer/Xcode/DerivedData/SugarBeat-hgoxfxbbugxkfsbmqcjlbmjeaqyg/Build/Intermediates.noindex/GoogleUtilities.build/Debug-iphonesimulator/GoogleUtilities-NSData.build/DerivedSources/resource_bundle_accessor.h -MMD -MT dependencies -MF /Users/fukushimatakumi/Library/Developer/Xcode/DerivedData/SugarBeat-hgoxfxbbugxkfsbmqcjlbmjeaqyg/Build/Intermediates.noindex/GoogleUtilities.build/Debug-iphonesimulator/GoogleUtilities-NSData.build/Objects-normal/arm64/resource_bundle_accessor.d --serialize-diagnostics /Users/fukushimatakumi/Library/Developer/Xcode/DerivedData/SugarBeat-hgoxfxbbugxkfsbmqcjlbmjeaqyg/Build/Intermediates.noindex/GoogleUtilities.build/Debug-iphonesimulator/GoogleUtilities-NSData.build/Objects-normal/arm64/resource_bundle_accessor.dia -c /Users/fukushimatakumi/Library/Developer/Xcode/DerivedData/SugarBeat-hgoxfxbbugxkfsbmqcjlbmjeaqyg/Build/Intermediates.noindex/GoogleUtilities.build/Debug-iphonesimulator/GoogleUtilities-NSData.build/DerivedSources/resource_bundle_accessor.m -o /Users/fukushimatakumi/Library/Developer/Xcode/DerivedData/SugarBeat-hgoxfxbbugxkfsbmqcjlbmjeaqyg/Build/Intermediates.noindex/GoogleUtilities.build/Debug-iphonesimulator/GoogleUtilities-NSData.build/Objects-normal/arm64/resource_bundle_accessor.o -index-unit-output-path /GoogleUtilities.build/Debug-iphonesimulator/GoogleUtilities-NSData.build/Objects-normal/arm64/resource_bundle_accessor.o

ScanDependencies /Users/fukushimatakumi/Library/Developer/Xcode/DerivedData/SugarBeat-hgoxfxbbugxkfsbmqcjlbmjeaqyg/Build/Intermediates.noindex/GoogleUtilities.build/Debug-iphonesimulator/GoogleUtilities-NSData.build/Objects-normal/arm64/GULNSData+zlib.o /Users/fukushimatakumi/Library/Developer/Xcode/DerivedData/SugarBeat-hgoxfxbbugxkfsbmqcjlbmjeaqyg/SourcePackages/checkouts/GoogleUtilities/GoogleUtilities/NSData+zlib/GULNSData+zlib.m normal arm64 objective-c com.apple.compilers.llvm.clang.1_0.compiler (in target 'GoogleUtilities-NSData' from project 'GoogleUtilities')
    cd /Users/fukushimatakumi/develop/sugarbeat/sugarbeat-front
    
    Using response file: /Users/fukushimatakumi/Library/Developer/Xcode/DerivedData/SugarBeat-hgoxfxbbugxkfsbmqcjlbmjeaqyg/Build/Intermediates.noindex/GoogleUtilities.build/Debug-iphonesimulator/GoogleUtilities-NSData.build/Objects-normal/arm64/e6072d4f65d7061329687fe24e3d63a7-common-args.resp
    
    builtin-ScanDependencies -o /Users/fukushimatakumi/Library/Developer/Xcode/DerivedData/SugarBeat-hgoxfxbbugxkfsbmqcjlbmjeaqyg/Build/Intermediates.noindex/GoogleUtilities.build/Debug-iphonesimulator/GoogleUtilities-NSData.build/Objects-normal/arm64/GULNSData+zlib.o.scan -- /Applications/Xcode.app/Contents/Developer/Toolchains/XcodeDefault.xctoolchain/usr/bin/clang -x objective-c -ivfsstatcache /Users/fukushimatakumi/Library/Developer/Xcode/DerivedData/SDKStatCaches.noindex/iphonesimulator18.4-22E235-71825a6d136aa4733edcbe86ece5525b.sdkstatcache -fmessage-length\=0 -fdiagnostics-show-note-include-stack -fmacro-backtrace-limit\=0 -fno-color-diagnostics -fmodules-prune-interval\=86400 -fmodules-prune-after\=345600 -fbuild-session-file\=/Users/fukushimatakumi/Library/Developer/Xcode/DerivedData/ModuleCache.noindex/Session.modulevalidation -fmodules-validate-once-per-build-session -Wnon-modular-include-in-framework-module -Werror\=non-modular-include-in-framework-module -Wno-trigraphs -Wno-missing-field-initializers -Wno-missing-prototypes -Wno-return-type -Wno-implicit-atomic-properties -Wno-objc-interface-ivars -Wno-arc-repeated-use-of-weak -Wno-missing-braces -Wparentheses -Wswitch -Wno-unused-function -Wno-unused-label -Wno-unused-parameter -Wno-unused-variable -Wunused-value -Wno-empty-body -Wno-uninitialized -Wno-unknown-pragmas -w -Wno-shadow -Wno-four-char-constants -Wno-conversion -Wno-constant-conversion -Wno-int-conversion -Wno-bool-conversion -Wno-enum-conversion -Wno-float-conversion -Wno-non-literal-null-conversion -Wno-objc-literal-conversion -Wshorten-64-to-32 -Wpointer-sign -Wno-newline-eof -Wno-selector -Wno-strict-selector-match -Wno-undeclared-selector -Wno-deprecated-implementations -Wno-implicit-fallthrough -fstrict-aliasing -Wprotocol -Wdeprecated-declarations -Wno-sign-conversion -Wno-infinite-recursion -Wno-comma -Wno-block-capture-autoreleasing -Wno-strict-prototypes -Wno-semicolon-before-method-body -index-store-path /Users/fukushimatakumi/Library/Developer/Xcode/DerivedData/SugarBeat-hgoxfxbbugxkfsbmqcjlbmjeaqyg/Index.noindex/DataStore @/Users/fukushimatakumi/Library/Developer/Xcode/DerivedData/SugarBeat-hgoxfxbbugxkfsbmqcjlbmjeaqyg/Build/Intermediates.noindex/GoogleUtilities.build/Debug-iphonesimulator/GoogleUtilities-NSData.build/Objects-normal/arm64/e6072d4f65d7061329687fe24e3d63a7-common-args.resp -include /Users/fukushimatakumi/Library/Developer/Xcode/DerivedData/SugarBeat-hgoxfxbbugxkfsbmqcjlbmjeaqyg/Build/Intermediates.noindex/GoogleUtilities.build/Debug-iphonesimulator/GoogleUtilities-NSData.build/DerivedSources/resource_bundle_accessor.h -MMD -MT dependencies -MF /Users/fukushimatakumi/Library/Developer/Xcode/DerivedData/SugarBeat-hgoxfxbbugxkfsbmqcjlbmjeaqyg/Build/Intermediates.noindex/GoogleUtilities.build/Debug-iphonesimulator/GoogleUtilities-NSData.build/Objects-normal/arm64/GULNSData+zlib.d --serialize-diagnostics /Users/fukushimatakumi/Library/Developer/Xcode/DerivedData/SugarBeat-hgoxfxbbugxkfsbmqcjlbmjeaqyg/Build/Intermediates.noindex/GoogleUtilities.build/Debug-iphonesimulator/GoogleUtilities-NSData.build/Objects-normal/arm64/GULNSData+zlib.dia -c /Users/fukushimatakumi/Library/Developer/Xcode/DerivedData/SugarBeat-hgoxfxbbugxkfsbmqcjlbmjeaqyg/SourcePackages/checkouts/GoogleUtilities/GoogleUtilities/NSData+zlib/GULNSData+zlib.m -o /Users/fukushimatakumi/Library/Developer/Xcode/DerivedData/SugarBeat-hgoxfxbbugxkfsbmqcjlbmjeaqyg/Build/Intermediates.noindex/GoogleUtilities.build/Debug-iphonesimulator/GoogleUtilities-NSData.build/Objects-normal/arm64/GULNSData+zlib.o -index-unit-output-path /GoogleUtilities.build/Debug-iphonesimulator/GoogleUtilities-NSData.build/Objects-normal/arm64/GULNSData+zlib.o

ScanDependencies /Users/fukushimatakumi/Library/Developer/Xcode/DerivedData/SugarBeat-hgoxfxbbugxkfsbmqcjlbmjeaqyg/Build/Intermediates.noindex/GoogleUtilities.build/Debug-iphonesimulator/GoogleUtilities-Environment.build/Objects-normal/arm64/resource_bundle_accessor.o /Users/fukushimatakumi/Library/Developer/Xcode/DerivedData/SugarBeat-hgoxfxbbugxkfsbmqcjlbmjeaqyg/Build/Intermediates.noindex/GoogleUtilities.build/Debug-iphonesimulator/GoogleUtilities-Environment.build/DerivedSources/resource_bundle_accessor.m normal arm64 objective-c com.apple.compilers.llvm.clang.1_0.compiler (in target 'GoogleUtilities-Environment' from project 'GoogleUtilities')
    cd /Users/fukushimatakumi/develop/sugarbeat/sugarbeat-front
    
    Using response file: /Users/fukushimatakumi/Library/Developer/Xcode/DerivedData/SugarBeat-hgoxfxbbugxkfsbmqcjlbmjeaqyg/Build/Intermediates.noindex/GoogleUtilities.build/Debug-iphonesimulator/GoogleUtilities-Environment.build/Objects-normal/arm64/e6072d4f65d7061329687fe24e3d63a7-common-args.resp
    
    builtin-ScanDependencies -o /Users/fukushimatakumi/Library/Developer/Xcode/DerivedData/SugarBeat-hgoxfxbbugxkfsbmqcjlbmjeaqyg/Build/Intermediates.noindex/GoogleUtilities.build/Debug-iphonesimulator/GoogleUtilities-Environment.build/Objects-normal/arm64/resource_bundle_accessor.o.scan -- /Applications/Xcode.app/Contents/Developer/Toolchains/XcodeDefault.xctoolchain/usr/bin/clang -x objective-c -ivfsstatcache /Users/fukushimatakumi/Library/Developer/Xcode/DerivedData/SDKStatCaches.noindex/iphonesimulator18.4-22E235-71825a6d136aa4733edcbe86ece5525b.sdkstatcache -fmessage-length\=0 -fdiagnostics-show-note-include-stack -fmacro-backtrace-limit\=0 -fno-color-diagnostics -fmodules-prune-interval\=86400 -fmodules-prune-after\=345600 -fbuild-session-file\=/Users/fukushimatakumi/Library/Developer/Xcode/DerivedData/ModuleCache.noindex/Session.modulevalidation -fmodules-validate-once-per-build-session -Wnon-modular-include-in-framework-module -Werror\=non-modular-include-in-framework-module -Wno-trigraphs -Wno-missing-field-initializers -Wno-missing-prototypes -Wno-return-type -Wno-implicit-atomic-properties -Wno-objc-interface-ivars -Wno-arc-repeated-use-of-weak -Wno-missing-braces -Wparentheses -Wswitch -Wno-unused-function -Wno-unused-label -Wno-unused-parameter -Wno-unused-variable -Wunused-value -Wno-empty-body -Wno-uninitialized -Wno-unknown-pragmas -w -Wno-shadow -Wno-four-char-constants -Wno-conversion -Wno-constant-conversion -Wno-int-conversion -Wno-bool-conversion -Wno-enum-conversion -Wno-float-conversion -Wno-non-literal-null-conversion -Wno-objc-literal-conversion -Wshorten-64-to-32 -Wpointer-sign -Wno-newline-eof -Wno-selector -Wno-strict-selector-match -Wno-undeclared-selector -Wno-deprecated-implementations -Wno-implicit-fallthrough -fstrict-aliasing -Wprotocol -Wdeprecated-declarations -Wno-sign-conversion -Wno-infinite-recursion -Wno-comma -Wno-block-capture-autoreleasing -Wno-strict-prototypes -Wno-semicolon-before-method-body -index-store-path /Users/fukushimatakumi/Library/Developer/Xcode/DerivedData/SugarBeat-hgoxfxbbugxkfsbmqcjlbmjeaqyg/Index.noindex/DataStore @/Users/fukushimatakumi/Library/Developer/Xcode/DerivedData/SugarBeat-hgoxfxbbugxkfsbmqcjlbmjeaqyg/Build/Intermediates.noindex/GoogleUtilities.build/Debug-iphonesimulator/GoogleUtilities-Environment.build/Objects-normal/arm64/e6072d4f65d7061329687fe24e3d63a7-common-args.resp -include /Users/fukushimatakumi/Library/Developer/Xcode/DerivedData/SugarBeat-hgoxfxbbugxkfsbmqcjlbmjeaqyg/Build/Intermediates.noindex/GoogleUtilities.build/Debug-iphonesimulator/GoogleUtilities-Environment.build/DerivedSources/resource_bundle_accessor.h -MMD -MT dependencies -MF /Users/fukushimatakumi/Library/Developer/Xcode/DerivedData/SugarBeat-hgoxfxbbugxkfsbmqcjlbmjeaqyg/Build/Intermediates.noindex/GoogleUtilities.build/Debug-iphonesimulator/GoogleUtilities-Environment.build/Objects-normal/arm64/resource_bundle_accessor.d --serialize-diagnostics /Users/fukushimatakumi/Library/Developer/Xcode/DerivedData/SugarBeat-hgoxfxbbugxkfsbmqcjlbmjeaqyg/Build/Intermediates.noindex/GoogleUtilities.build/Debug-iphonesimulator/GoogleUtilities-Environment.build/Objects-normal/arm64/resource_bundle_accessor.dia -c /Users/fukushimatakumi/Library/Developer/Xcode/DerivedData/SugarBeat-hgoxfxbbugxkfsbmqcjlbmjeaqyg/Build/Intermediates.noindex/GoogleUtilities.build/Debug-iphonesimulator/GoogleUtilities-Environment.build/DerivedSources/resource_bundle_accessor.m -o /Users/fukushimatakumi/Library/Developer/Xcode/DerivedData/SugarBeat-hgoxfxbbugxkfsbmqcjlbmjeaqyg/Build/Intermediates.noindex/GoogleUtilities.build/Debug-iphonesimulator/GoogleUtilities-Environment.build/Objects-normal/arm64/resource_bundle_accessor.o -index-unit-output-path /GoogleUtilities.build/Debug-iphonesimulator/GoogleUtilities-Environment.build/Objects-normal/arm64/resource_bundle_accessor.o

PrecompileModule /Users/fukushimatakumi/Library/Developer/Xcode/DerivedData/SugarBeat-hgoxfxbbugxkfsbmqcjlbmjeaqyg/Build/Intermediates.noindex/ExplicitPrecompiledModules/sys_types-D8M2V41LR2KDH3TDZGPIZ8N4B.scan
    cd /Users/fukushimatakumi/develop/sugarbeat/sugarbeat-front
    builtin-precompileModule /Users/fukushimatakumi/Library/Developer/Xcode/DerivedData/SugarBeat-hgoxfxbbugxkfsbmqcjlbmjeaqyg/Build/Intermediates.noindex/ExplicitPrecompiledModules/sys_types-D8M2V41LR2KDH3TDZGPIZ8N4B.scan

PrecompileModule /Users/fukushimatakumi/Library/Developer/Xcode/DerivedData/SugarBeat-hgoxfxbbugxkfsbmqcjlbmjeaqyg/Build/Intermediates.noindex/ExplicitPrecompiledModules/sys_select-6JLK6WA42TTVOK4FWVZJH7DJU.scan
    cd /Users/fukushimatakumi/develop/sugarbeat/sugarbeat-front
    builtin-precompileModule /Users/fukushimatakumi/Library/Developer/Xcode/DerivedData/SugarBeat-hgoxfxbbugxkfsbmqcjlbmjeaqyg/Build/Intermediates.noindex/ExplicitPrecompiledModules/sys_select-6JLK6WA42TTVOK4FWVZJH7DJU.scan

PrecompileModule /Users/fukushimatakumi/Library/Developer/Xcode/DerivedData/SugarBeat-hgoxfxbbugxkfsbmqcjlbmjeaqyg/Build/Intermediates.noindex/ExplicitPrecompiledModules/sys_resource-DXWSYEJCKM8WA89U731B97XGD.scan
    cd /Users/fukushimatakumi/develop/sugarbeat/sugarbeat-front
    builtin-precompileModule /Users/fukushimatakumi/Library/Developer/Xcode/DerivedData/SugarBeat-hgoxfxbbugxkfsbmqcjlbmjeaqyg/Build/Intermediates.noindex/ExplicitPrecompiledModules/sys_resource-DXWSYEJCKM8WA89U731B97XGD.scan

PrecompileModule /Users/fukushimatakumi/Library/Developer/Xcode/DerivedData/SugarBeat-hgoxfxbbugxkfsbmqcjlbmjeaqyg/Build/Intermediates.noindex/ExplicitPrecompiledModules/_Builtin_tgmath-8OINDQ2CP5ZR95JPB65H9BU8G.scan
    cd /Users/fukushimatakumi/develop/sugarbeat/sugarbeat-front
    builtin-precompileModule /Users/fukushimatakumi/Library/Developer/Xcode/DerivedData/SugarBeat-hgoxfxbbugxkfsbmqcjlbmjeaqyg/Build/Intermediates.noindex/ExplicitPrecompiledModules/_Builtin_tgmath-8OINDQ2CP5ZR95JPB65H9BU8G.scan

PrecompileModule /Users/fukushimatakumi/Library/Developer/Xcode/DerivedData/SugarBeat-hgoxfxbbugxkfsbmqcjlbmjeaqyg/Build/Intermediates.noindex/ExplicitPrecompiledModules/_Builtin_limits-4A24E1DMJDCUDID0V60KUCFV3.scan
    cd /Users/fukushimatakumi/develop/sugarbeat/sugarbeat-front
    builtin-precompileModule /Users/fukushimatakumi/Library/Developer/Xcode/DerivedData/SugarBeat-hgoxfxbbugxkfsbmqcjlbmjeaqyg/Build/Intermediates.noindex/ExplicitPrecompiledModules/_Builtin_limits-4A24E1DMJDCUDID0V60KUCFV3.scan

PrecompileModule /Users/fukushimatakumi/Library/Developer/Xcode/DerivedData/SugarBeat-hgoxfxbbugxkfsbmqcjlbmjeaqyg/Build/Intermediates.noindex/ExplicitPrecompiledModules/_wchar-76JJYWHK6JUCO1OOEEWWFB7M9.scan
    cd /Users/fukushimatakumi/develop/sugarbeat/sugarbeat-front
    builtin-precompileModule /Users/fukushimatakumi/Library/Developer/Xcode/DerivedData/SugarBeat-hgoxfxbbugxkfsbmqcjlbmjeaqyg/Build/Intermediates.noindex/ExplicitPrecompiledModules/_wchar-76JJYWHK6JUCO1OOEEWWFB7M9.scan

PrecompileModule /Users/fukushimatakumi/Library/Developer/Xcode/DerivedData/SugarBeat-hgoxfxbbugxkfsbmqcjlbmjeaqyg/Build/Intermediates.noindex/ExplicitPrecompiledModules/Darwin-6CV0DNGQ5D9JK94N9YAWBVOHM.scan
    cd /Users/fukushimatakumi/develop/sugarbeat/sugarbeat-front
    builtin-precompileModule /Users/fukushimatakumi/Library/Developer/Xcode/DerivedData/SugarBeat-hgoxfxbbugxkfsbmqcjlbmjeaqyg/Build/Intermediates.noindex/ExplicitPrecompiledModules/Darwin-6CV0DNGQ5D9JK94N9YAWBVOHM.scan

PrecompileModule /Users/fukushimatakumi/Library/Developer/Xcode/DerivedData/SugarBeat-hgoxfxbbugxkfsbmqcjlbmjeaqyg/Build/Intermediates.noindex/ExplicitPrecompiledModules/unistd-8O3Q3ZFMAJOG6VZ3SAGZ4VFMC.scan
    cd /Users/fukushimatakumi/develop/sugarbeat/sugarbeat-front
    builtin-precompileModule /Users/fukushimatakumi/Library/Developer/Xcode/DerivedData/SugarBeat-hgoxfxbbugxkfsbmqcjlbmjeaqyg/Build/Intermediates.noindex/ExplicitPrecompiledModules/unistd-8O3Q3ZFMAJOG6VZ3SAGZ4VFMC.scan

PrecompileModule /Users/fukushimatakumi/Library/Developer/Xcode/DerivedData/SugarBeat-hgoxfxbbugxkfsbmqcjlbmjeaqyg/Build/Intermediates.noindex/ExplicitPrecompiledModules/_signal-F3CAMZDECULRR9BWMZVCVYGC4.scan
    cd /Users/fukushimatakumi/develop/sugarbeat/sugarbeat-front
    builtin-precompileModule /Users/fukushimatakumi/Library/Developer/Xcode/DerivedData/SugarBeat-hgoxfxbbugxkfsbmqcjlbmjeaqyg/Build/Intermediates.noindex/ExplicitPrecompiledModules/_signal-F3CAMZDECULRR9BWMZVCVYGC4.scan

PrecompileModule /Users/fukushimatakumi/Library/Developer/Xcode/DerivedData/SugarBeat-hgoxfxbbugxkfsbmqcjlbmjeaqyg/Build/Intermediates.noindex/ExplicitPrecompiledModules/_string-ELOLP7TVB8NYZ9M17FWOGVTXM.scan
    cd /Users/fukushimatakumi/develop/sugarbeat/sugarbeat-front
    builtin-precompileModule /Users/fukushimatakumi/Library/Developer/Xcode/DerivedData/SugarBeat-hgoxfxbbugxkfsbmqcjlbmjeaqyg/Build/Intermediates.noindex/ExplicitPrecompiledModules/_string-ELOLP7TVB8NYZ9M17FWOGVTXM.scan

PrecompileModule /Users/fukushimatakumi/Library/Developer/Xcode/DerivedData/SugarBeat-hgoxfxbbugxkfsbmqcjlbmjeaqyg/Build/Intermediates.noindex/ExplicitPrecompiledModules/sys_resource-7F83S1CLXOH0E063ERNDXLYTV.scan
    cd /Users/fukushimatakumi/develop/sugarbeat/sugarbeat-front
    builtin-precompileModule /Users/fukushimatakumi/Library/Developer/Xcode/DerivedData/SugarBeat-hgoxfxbbugxkfsbmqcjlbmjeaqyg/Build/Intermediates.noindex/ExplicitPrecompiledModules/sys_resource-7F83S1CLXOH0E063ERNDXLYTV.scan

PrecompileModule /Users/fukushimatakumi/Library/Developer/Xcode/DerivedData/SugarBeat-hgoxfxbbugxkfsbmqcjlbmjeaqyg/Build/Intermediates.noindex/ExplicitPrecompiledModules/_wctype-93CXUC88D2MNS27H4JF5SIC03.scan
    cd /Users/fukushimatakumi/develop/sugarbeat/sugarbeat-front
    builtin-precompileModule /Users/fukushimatakumi/Library/Developer/Xcode/DerivedData/SugarBeat-hgoxfxbbugxkfsbmqcjlbmjeaqyg/Build/Intermediates.noindex/ExplicitPrecompiledModules/_wctype-93CXUC88D2MNS27H4JF5SIC03.scan

PrecompileModule /Users/fukushimatakumi/Library/Developer/Xcode/DerivedData/SugarBeat-hgoxfxbbugxkfsbmqcjlbmjeaqyg/Build/Intermediates.noindex/ExplicitPrecompiledModules/sys_wait-DGUAG3O30BRY63WD4U2JU5YGG.scan
    cd /Users/fukushimatakumi/develop/sugarbeat/sugarbeat-front
    builtin-precompileModule /Users/fukushimatakumi/Library/Developer/Xcode/DerivedData/SugarBeat-hgoxfxbbugxkfsbmqcjlbmjeaqyg/Build/Intermediates.noindex/ExplicitPrecompiledModules/sys_wait-DGUAG3O30BRY63WD4U2JU5YGG.scan

PrecompileModule /Users/fukushimatakumi/Library/Developer/Xcode/DerivedData/SugarBeat-hgoxfxbbugxkfsbmqcjlbmjeaqyg/Build/Intermediates.noindex/ExplicitPrecompiledModules/unistd-7Y6C9F1JR18ZJ33RWN0WLLSEV.scan
    cd /Users/fukushimatakumi/develop/sugarbeat/sugarbeat-front
    builtin-precompileModule /Users/fukushimatakumi/Library/Developer/Xcode/DerivedData/SugarBeat-hgoxfxbbugxkfsbmqcjlbmjeaqyg/Build/Intermediates.noindex/ExplicitPrecompiledModules/unistd-7Y6C9F1JR18ZJ33RWN0WLLSEV.scan

ScanDependencies /Users/fukushimatakumi/Library/Developer/Xcode/DerivedData/SugarBeat-hgoxfxbbugxkfsbmqcjlbmjeaqyg/Build/Intermediates.noindex/GoogleUtilities.build/Debug-iphonesimulator/GoogleUtilities-Environment.build/Objects-normal/arm64/GULNetworkInfo.o /Users/fukushimatakumi/Library/Developer/Xcode/DerivedData/SugarBeat-hgoxfxbbugxkfsbmqcjlbmjeaqyg/SourcePackages/checkouts/GoogleUtilities/GoogleUtilities/Environment/NetworkInfo/GULNetworkInfo.m normal arm64 objective-c com.apple.compilers.llvm.clang.1_0.compiler (in target 'GoogleUtilities-Environment' from project 'GoogleUtilities')
    cd /Users/fukushimatakumi/develop/sugarbeat/sugarbeat-front
    
    Using response file: /Users/fukushimatakumi/Library/Developer/Xcode/DerivedData/SugarBeat-hgoxfxbbugxkfsbmqcjlbmjeaqyg/Build/Intermediates.noindex/GoogleUtilities.build/Debug-iphonesimulator/GoogleUtilities-Environment.build/Objects-normal/arm64/e6072d4f65d7061329687fe24e3d63a7-common-args.resp
    
    builtin-ScanDependencies -o /Users/fukushimatakumi/Library/Developer/Xcode/DerivedData/SugarBeat-hgoxfxbbugxkfsbmqcjlbmjeaqyg/Build/Intermediates.noindex/GoogleUtilities.build/Debug-iphonesimulator/GoogleUtilities-Environment.build/Objects-normal/arm64/GULNetworkInfo.o.scan -- /Applications/Xcode.app/Contents/Developer/Toolchains/XcodeDefault.xctoolchain/usr/bin/clang -x objective-c -ivfsstatcache /Users/fukushimatakumi/Library/Developer/Xcode/DerivedData/SDKStatCaches.noindex/iphonesimulator18.4-22E235-71825a6d136aa4733edcbe86ece5525b.sdkstatcache -fmessage-length\=0 -fdiagnostics-show-note-include-stack -fmacro-backtrace-limit\=0 -fno-color-diagnostics -fmodules-prune-interval\=86400 -fmodules-prune-after\=345600 -fbuild-session-file\=/Users/fukushimatakumi/Library/Developer/Xcode/DerivedData/ModuleCache.noindex/Session.modulevalidation -fmodules-validate-once-per-build-session -Wnon-modular-include-in-framework-module -Werror\=non-modular-include-in-framework-module -Wno-trigraphs -Wno-missing-field-initializers -Wno-missing-prototypes -Wno-return-type -Wno-implicit-atomic-properties -Wno-objc-interface-ivars -Wno-arc-repeated-use-of-weak -Wno-missing-braces -Wparentheses -Wswitch -Wno-unused-function -Wno-unused-label -Wno-unused-parameter -Wno-unused-variable -Wunused-value -Wno-empty-body -Wno-uninitialized -Wno-unknown-pragmas -w -Wno-shadow -Wno-four-char-constants -Wno-conversion -Wno-constant-conversion -Wno-int-conversion -Wno-bool-conversion -Wno-enum-conversion -Wno-float-conversion -Wno-non-literal-null-conversion -Wno-objc-literal-conversion -Wshorten-64-to-32 -Wpointer-sign -Wno-newline-eof -Wno-selector -Wno-strict-selector-match -Wno-undeclared-selector -Wno-deprecated-implementations -Wno-implicit-fallthrough -fstrict-aliasing -Wprotocol -Wdeprecated-declarations -Wno-sign-conversion -Wno-infinite-recursion -Wno-comma -Wno-block-capture-autoreleasing -Wno-strict-prototypes -Wno-semicolon-before-method-body -index-store-path /Users/fukushimatakumi/Library/Developer/Xcode/DerivedData/SugarBeat-hgoxfxbbugxkfsbmqcjlbmjeaqyg/Index.noindex/DataStore @/Users/fukushimatakumi/Library/Developer/Xcode/DerivedData/SugarBeat-hgoxfxbbugxkfsbmqcjlbmjeaqyg/Build/Intermediates.noindex/GoogleUtilities.build/Debug-iphonesimulator/GoogleUtilities-Environment.build/Objects-normal/arm64/e6072d4f65d7061329687fe24e3d63a7-common-args.resp -include /Users/fukushimatakumi/Library/Developer/Xcode/DerivedData/SugarBeat-hgoxfxbbugxkfsbmqcjlbmjeaqyg/Build/Intermediates.noindex/GoogleUtilities.build/Debug-iphonesimulator/GoogleUtilities-Environment.build/DerivedSources/resource_bundle_accessor.h -MMD -MT dependencies -MF /Users/fukushimatakumi/Library/Developer/Xcode/DerivedData/SugarBeat-hgoxfxbbugxkfsbmqcjlbmjeaqyg/Build/Intermediates.noindex/GoogleUtilities.build/Debug-iphonesimulator/GoogleUtilities-Environment.build/Objects-normal/arm64/GULNetworkInfo.d --serialize-diagnostics /Users/fukushimatakumi/Library/Developer/Xcode/DerivedData/SugarBeat-hgoxfxbbugxkfsbmqcjlbmjeaqyg/Build/Intermediates.noindex/GoogleUtilities.build/Debug-iphonesimulator/GoogleUtilities-Environment.build/Objects-normal/arm64/GULNetworkInfo.dia -c /Users/fukushimatakumi/Library/Developer/Xcode/DerivedData/SugarBeat-hgoxfxbbugxkfsbmqcjlbmjeaqyg/SourcePackages/checkouts/GoogleUtilities/GoogleUtilities/Environment/NetworkInfo/GULNetworkInfo.m -o /Users/fukushimatakumi/Library/Developer/Xcode/DerivedData/SugarBeat-hgoxfxbbugxkfsbmqcjlbmjeaqyg/Build/Intermediates.noindex/GoogleUtilities.build/Debug-iphonesimulator/GoogleUtilities-Environment.build/Objects-normal/arm64/GULNetworkInfo.o -index-unit-output-path /GoogleUtilities.build/Debug-iphonesimulator/GoogleUtilities-Environment.build/Objects-normal/arm64/GULNetworkInfo.o

PrecompileModule /Users/fukushimatakumi/Library/Developer/Xcode/DerivedData/SugarBeat-hgoxfxbbugxkfsbmqcjlbmjeaqyg/Build/Intermediates.noindex/ExplicitPrecompiledModules/sys_wait-3IDRJ6220QHZ7CDPHOTEGYS7A.scan
    cd /Users/fukushimatakumi/develop/sugarbeat/sugarbeat-front
    builtin-precompileModule /Users/fukushimatakumi/Library/Developer/Xcode/DerivedData/SugarBeat-hgoxfxbbugxkfsbmqcjlbmjeaqyg/Build/Intermediates.noindex/ExplicitPrecompiledModules/sys_wait-3IDRJ6220QHZ7CDPHOTEGYS7A.scan

ScanDependencies /Users/fukushimatakumi/Library/Developer/Xcode/DerivedData/SugarBeat-hgoxfxbbugxkfsbmqcjlbmjeaqyg/Build/Intermediates.noindex/GoogleUtilities.build/Debug-iphonesimulator/GoogleUtilities-Environment.build/Objects-normal/arm64/GULKeychainUtils.o /Users/fukushimatakumi/Library/Developer/Xcode/DerivedData/SugarBeat-hgoxfxbbugxkfsbmqcjlbmjeaqyg/SourcePackages/checkouts/GoogleUtilities/GoogleUtilities/Environment/SecureStorage/GULKeychainUtils.m normal arm64 objective-c com.apple.compilers.llvm.clang.1_0.compiler (in target 'GoogleUtilities-Environment' from project 'GoogleUtilities')
    cd /Users/fukushimatakumi/develop/sugarbeat/sugarbeat-front
    
    Using response file: /Users/fukushimatakumi/Library/Developer/Xcode/DerivedData/SugarBeat-hgoxfxbbugxkfsbmqcjlbmjeaqyg/Build/Intermediates.noindex/GoogleUtilities.build/Debug-iphonesimulator/GoogleUtilities-Environment.build/Objects-normal/arm64/e6072d4f65d7061329687fe24e3d63a7-common-args.resp
    
    builtin-ScanDependencies -o /Users/fukushimatakumi/Library/Developer/Xcode/DerivedData/SugarBeat-hgoxfxbbugxkfsbmqcjlbmjeaqyg/Build/Intermediates.noindex/GoogleUtilities.build/Debug-iphonesimulator/GoogleUtilities-Environment.build/Objects-normal/arm64/GULKeychainUtils.o.scan -- /Applications/Xcode.app/Contents/Developer/Toolchains/XcodeDefault.xctoolchain/usr/bin/clang -x objective-c -ivfsstatcache /Users/fukushimatakumi/Library/Developer/Xcode/DerivedData/SDKStatCaches.noindex/iphonesimulator18.4-22E235-71825a6d136aa4733edcbe86ece5525b.sdkstatcache -fmessage-length\=0 -fdiagnostics-show-note-include-stack -fmacro-backtrace-limit\=0 -fno-color-diagnostics -fmodules-prune-interval\=86400 -fmodules-prune-after\=345600 -fbuild-session-file\=/Users/fukushimatakumi/Library/Developer/Xcode/DerivedData/ModuleCache.noindex/Session.modulevalidation -fmodules-validate-once-per-build-session -Wnon-modular-include-in-framework-module -Werror\=non-modular-include-in-framework-module -Wno-trigraphs -Wno-missing-field-initializers -Wno-missing-prototypes -Wno-return-type -Wno-implicit-atomic-properties -Wno-objc-interface-ivars -Wno-arc-repeated-use-of-weak -Wno-missing-braces -Wparentheses -Wswitch -Wno-unused-function -Wno-unused-label -Wno-unused-parameter -Wno-unused-variable -Wunused-value -Wno-empty-body -Wno-uninitialized -Wno-unknown-pragmas -w -Wno-shadow -Wno-four-char-constants -Wno-conversion -Wno-constant-conversion -Wno-int-conversion -Wno-bool-conversion -Wno-enum-conversion -Wno-float-conversion -Wno-non-literal-null-conversion -Wno-objc-literal-conversion -Wshorten-64-to-32 -Wpointer-sign -Wno-newline-eof -Wno-selector -Wno-strict-selector-match -Wno-undeclared-selector -Wno-deprecated-implementations -Wno-implicit-fallthrough -fstrict-aliasing -Wprotocol -Wdeprecated-declarations -Wno-sign-conversion -Wno-infinite-recursion -Wno-comma -Wno-block-capture-autoreleasing -Wno-strict-prototypes -Wno-semicolon-before-method-body -index-store-path /Users/fukushimatakumi/Library/Developer/Xcode/DerivedData/SugarBeat-hgoxfxbbugxkfsbmqcjlbmjeaqyg/Index.noindex/DataStore @/Users/fukushimatakumi/Library/Developer/Xcode/DerivedData/SugarBeat-hgoxfxbbugxkfsbmqcjlbmjeaqyg/Build/Intermediates.noindex/GoogleUtilities.build/Debug-iphonesimulator/GoogleUtilities-Environment.build/Objects-normal/arm64/e6072d4f65d7061329687fe24e3d63a7-common-args.resp -include /Users/fukushimatakumi/Library/Developer/Xcode/DerivedData/SugarBeat-hgoxfxbbugxkfsbmqcjlbmjeaqyg/Build/Intermediates.noindex/GoogleUtilities.build/Debug-iphonesimulator/GoogleUtilities-Environment.build/DerivedSources/resource_bundle_accessor.h -MMD -MT dependencies -MF /Users/fukushimatakumi/Library/Developer/Xcode/DerivedData/SugarBeat-hgoxfxbbugxkfsbmqcjlbmjeaqyg/Build/Intermediates.noindex/GoogleUtilities.build/Debug-iphonesimulator/GoogleUtilities-Environment.build/Objects-normal/arm64/GULKeychainUtils.d --serialize-diagnostics /Users/fukushimatakumi/Library/Developer/Xcode/DerivedData/SugarBeat-hgoxfxbbugxkfsbmqcjlbmjeaqyg/Build/Intermediates.noindex/GoogleUtilities.build/Debug-iphonesimulator/GoogleUtilities-Environment.build/Objects-normal/arm64/GULKeychainUtils.dia -c /Users/fukushimatakumi/Library/Developer/Xcode/DerivedData/SugarBeat-hgoxfxbbugxkfsbmqcjlbmjeaqyg/SourcePackages/checkouts/GoogleUtilities/GoogleUtilities/Environment/SecureStorage/GULKeychainUtils.m -o /Users/fukushimatakumi/Library/Developer/Xcode/DerivedData/SugarBeat-hgoxfxbbugxkfsbmqcjlbmjeaqyg/Build/Intermediates.noindex/GoogleUtilities.build/Debug-iphonesimulator/GoogleUtilities-Environment.build/Objects-normal/arm64/GULKeychainUtils.o -index-unit-output-path /GoogleUtilities.build/Debug-iphonesimulator/GoogleUtilities-Environment.build/Objects-normal/arm64/GULKeychainUtils.o

ScanDependencies /Users/fukushimatakumi/Library/Developer/Xcode/DerivedData/SugarBeat-hgoxfxbbugxkfsbmqcjlbmjeaqyg/Build/Intermediates.noindex/GoogleUtilities.build/Debug-iphonesimulator/GoogleUtilities-Environment.build/Objects-normal/arm64/GULKeychainStorage.o /Users/fukushimatakumi/Library/Developer/Xcode/DerivedData/SugarBeat-hgoxfxbbugxkfsbmqcjlbmjeaqyg/SourcePackages/checkouts/GoogleUtilities/GoogleUtilities/Environment/SecureStorage/GULKeychainStorage.m normal arm64 objective-c com.apple.compilers.llvm.clang.1_0.compiler (in target 'GoogleUtilities-Environment' from project 'GoogleUtilities')
    cd /Users/fukushimatakumi/develop/sugarbeat/sugarbeat-front
    
    Using response file: /Users/fukushimatakumi/Library/Developer/Xcode/DerivedData/SugarBeat-hgoxfxbbugxkfsbmqcjlbmjeaqyg/Build/Intermediates.noindex/GoogleUtilities.build/Debug-iphonesimulator/GoogleUtilities-Environment.build/Objects-normal/arm64/e6072d4f65d7061329687fe24e3d63a7-common-args.resp
    
    builtin-ScanDependencies -o /Users/fukushimatakumi/Library/Developer/Xcode/DerivedData/SugarBeat-hgoxfxbbugxkfsbmqcjlbmjeaqyg/Build/Intermediates.noindex/GoogleUtilities.build/Debug-iphonesimulator/GoogleUtilities-Environment.build/Objects-normal/arm64/GULKeychainStorage.o.scan -- /Applications/Xcode.app/Contents/Developer/Toolchains/XcodeDefault.xctoolchain/usr/bin/clang -x objective-c -ivfsstatcache /Users/fukushimatakumi/Library/Developer/Xcode/DerivedData/SDKStatCaches.noindex/iphonesimulator18.4-22E235-71825a6d136aa4733edcbe86ece5525b.sdkstatcache -fmessage-length\=0 -fdiagnostics-show-note-include-stack -fmacro-backtrace-limit\=0 -fno-color-diagnostics -fmodules-prune-interval\=86400 -fmodules-prune-after\=345600 -fbuild-session-file\=/Users/fukushimatakumi/Library/Developer/Xcode/DerivedData/ModuleCache.noindex/Session.modulevalidation -fmodules-validate-once-per-build-session -Wnon-modular-include-in-framework-module -Werror\=non-modular-include-in-framework-module -Wno-trigraphs -Wno-missing-field-initializers -Wno-missing-prototypes -Wno-return-type -Wno-implicit-atomic-properties -Wno-objc-interface-ivars -Wno-arc-repeated-use-of-weak -Wno-missing-braces -Wparentheses -Wswitch -Wno-unused-function -Wno-unused-label -Wno-unused-parameter -Wno-unused-variable -Wunused-value -Wno-empty-body -Wno-uninitialized -Wno-unknown-pragmas -w -Wno-shadow -Wno-four-char-constants -Wno-conversion -Wno-constant-conversion -Wno-int-conversion -Wno-bool-conversion -Wno-enum-conversion -Wno-float-conversion -Wno-non-literal-null-conversion -Wno-objc-literal-conversion -Wshorten-64-to-32 -Wpointer-sign -Wno-newline-eof -Wno-selector -Wno-strict-selector-match -Wno-undeclared-selector -Wno-deprecated-implementations -Wno-implicit-fallthrough -fstrict-aliasing -Wprotocol -Wdeprecated-declarations -Wno-sign-conversion -Wno-infinite-recursion -Wno-comma -Wno-block-capture-autoreleasing -Wno-strict-prototypes -Wno-semicolon-before-method-body -index-store-path /Users/fukushimatakumi/Library/Developer/Xcode/DerivedData/SugarBeat-hgoxfxbbugxkfsbmqcjlbmjeaqyg/Index.noindex/DataStore @/Users/fukushimatakumi/Library/Developer/Xcode/DerivedData/SugarBeat-hgoxfxbbugxkfsbmqcjlbmjeaqyg/Build/Intermediates.noindex/GoogleUtilities.build/Debug-iphonesimulator/GoogleUtilities-Environment.build/Objects-normal/arm64/e6072d4f65d7061329687fe24e3d63a7-common-args.resp -include /Users/fukushimatakumi/Library/Developer/Xcode/DerivedData/SugarBeat-hgoxfxbbugxkfsbmqcjlbmjeaqyg/Build/Intermediates.noindex/GoogleUtilities.build/Debug-iphonesimulator/GoogleUtilities-Environment.build/DerivedSources/resource_bundle_accessor.h -MMD -MT dependencies -MF /Users/fukushimatakumi/Library/Developer/Xcode/DerivedData/SugarBeat-hgoxfxbbugxkfsbmqcjlbmjeaqyg/Build/Intermediates.noindex/GoogleUtilities.build/Debug-iphonesimulator/GoogleUtilities-Environment.build/Objects-normal/arm64/GULKeychainStorage.d --serialize-diagnostics /Users/fukushimatakumi/Library/Developer/Xcode/DerivedData/SugarBeat-hgoxfxbbugxkfsbmqcjlbmjeaqyg/Build/Intermediates.noindex/GoogleUtilities.build/Debug-iphonesimulator/GoogleUtilities-Environment.build/Objects-normal/arm64/GULKeychainStorage.dia -c /Users/fukushimatakumi/Library/Developer/Xcode/DerivedData/SugarBeat-hgoxfxbbugxkfsbmqcjlbmjeaqyg/SourcePackages/checkouts/GoogleUtilities/GoogleUtilities/Environment/SecureStorage/GULKeychainStorage.m -o /Users/fukushimatakumi/Library/Developer/Xcode/DerivedData/SugarBeat-hgoxfxbbugxkfsbmqcjlbmjeaqyg/Build/Intermediates.noindex/GoogleUtilities.build/Debug-iphonesimulator/GoogleUtilities-Environment.build/Objects-normal/arm64/GULKeychainStorage.o -index-unit-output-path /GoogleUtilities.build/Debug-iphonesimulator/GoogleUtilities-Environment.build/Objects-normal/arm64/GULKeychainStorage.o

ScanDependencies /Users/fukushimatakumi/Library/Developer/Xcode/DerivedData/SugarBeat-hgoxfxbbugxkfsbmqcjlbmjeaqyg/Build/Intermediates.noindex/GoogleUtilities.build/Debug-iphonesimulator/GoogleUtilities-Environment.build/Objects-normal/arm64/GULAppEnvironmentUtil.o /Users/fukushimatakumi/Library/Developer/Xcode/DerivedData/SugarBeat-hgoxfxbbugxkfsbmqcjlbmjeaqyg/SourcePackages/checkouts/GoogleUtilities/GoogleUtilities/Environment/GULAppEnvironmentUtil.m normal arm64 objective-c com.apple.compilers.llvm.clang.1_0.compiler (in target 'GoogleUtilities-Environment' from project 'GoogleUtilities')
    cd /Users/fukushimatakumi/develop/sugarbeat/sugarbeat-front
    
    Using response file: /Users/fukushimatakumi/Library/Developer/Xcode/DerivedData/SugarBeat-hgoxfxbbugxkfsbmqcjlbmjeaqyg/Build/Intermediates.noindex/GoogleUtilities.build/Debug-iphonesimulator/GoogleUtilities-Environment.build/Objects-normal/arm64/e6072d4f65d7061329687fe24e3d63a7-common-args.resp
    
    builtin-ScanDependencies -o /Users/fukushimatakumi/Library/Developer/Xcode/DerivedData/SugarBeat-hgoxfxbbugxkfsbmqcjlbmjeaqyg/Build/Intermediates.noindex/GoogleUtilities.build/Debug-iphonesimulator/GoogleUtilities-Environment.build/Objects-normal/arm64/GULAppEnvironmentUtil.o.scan -- /Applications/Xcode.app/Contents/Developer/Toolchains/XcodeDefault.xctoolchain/usr/bin/clang -x objective-c -ivfsstatcache /Users/fukushimatakumi/Library/Developer/Xcode/DerivedData/SDKStatCaches.noindex/iphonesimulator18.4-22E235-71825a6d136aa4733edcbe86ece5525b.sdkstatcache -fmessage-length\=0 -fdiagnostics-show-note-include-stack -fmacro-backtrace-limit\=0 -fno-color-diagnostics -fmodules-prune-interval\=86400 -fmodules-prune-after\=345600 -fbuild-session-file\=/Users/fukushimatakumi/Library/Developer/Xcode/DerivedData/ModuleCache.noindex/Session.modulevalidation -fmodules-validate-once-per-build-session -Wnon-modular-include-in-framework-module -Werror\=non-modular-include-in-framework-module -Wno-trigraphs -Wno-missing-field-initializers -Wno-missing-prototypes -Wno-return-type -Wno-implicit-atomic-properties -Wno-objc-interface-ivars -Wno-arc-repeated-use-of-weak -Wno-missing-braces -Wparentheses -Wswitch -Wno-unused-function -Wno-unused-label -Wno-unused-parameter -Wno-unused-variable -Wunused-value -Wno-empty-body -Wno-uninitialized -Wno-unknown-pragmas -w -Wno-shadow -Wno-four-char-constants -Wno-conversion -Wno-constant-conversion -Wno-int-conversion -Wno-bool-conversion -Wno-enum-conversion -Wno-float-conversion -Wno-non-literal-null-conversion -Wno-objc-literal-conversion -Wshorten-64-to-32 -Wpointer-sign -Wno-newline-eof -Wno-selector -Wno-strict-selector-match -Wno-undeclared-selector -Wno-deprecated-implementations -Wno-implicit-fallthrough -fstrict-aliasing -Wprotocol -Wdeprecated-declarations -Wno-sign-conversion -Wno-infinite-recursion -Wno-comma -Wno-block-capture-autoreleasing -Wno-strict-prototypes -Wno-semicolon-before-method-body -index-store-path /Users/fukushimatakumi/Library/Developer/Xcode/DerivedData/SugarBeat-hgoxfxbbugxkfsbmqcjlbmjeaqyg/Index.noindex/DataStore @/Users/fukushimatakumi/Library/Developer/Xcode/DerivedData/SugarBeat-hgoxfxbbugxkfsbmqcjlbmjeaqyg/Build/Intermediates.noindex/GoogleUtilities.build/Debug-iphonesimulator/GoogleUtilities-Environment.build/Objects-normal/arm64/e6072d4f65d7061329687fe24e3d63a7-common-args.resp -include /Users/fukushimatakumi/Library/Developer/Xcode/DerivedData/SugarBeat-hgoxfxbbugxkfsbmqcjlbmjeaqyg/Build/Intermediates.noindex/GoogleUtilities.build/Debug-iphonesimulator/GoogleUtilities-Environment.build/DerivedSources/resource_bundle_accessor.h -MMD -MT dependencies -MF /Users/fukushimatakumi/Library/Developer/Xcode/DerivedData/SugarBeat-hgoxfxbbugxkfsbmqcjlbmjeaqyg/Build/Intermediates.noindex/GoogleUtilities.build/Debug-iphonesimulator/GoogleUtilities-Environment.build/Objects-normal/arm64/GULAppEnvironmentUtil.d --serialize-diagnostics /Users/fukushimatakumi/Library/Developer/Xcode/DerivedData/SugarBeat-hgoxfxbbugxkfsbmqcjlbmjeaqyg/Build/Intermediates.noindex/GoogleUtilities.build/Debug-iphonesimulator/GoogleUtilities-Environment.build/Objects-normal/arm64/GULAppEnvironmentUtil.dia -c /Users/fukushimatakumi/Library/Developer/Xcode/DerivedData/SugarBeat-hgoxfxbbugxkfsbmqcjlbmjeaqyg/SourcePackages/checkouts/GoogleUtilities/GoogleUtilities/Environment/GULAppEnvironmentUtil.m -o /Users/fukushimatakumi/Library/Developer/Xcode/DerivedData/SugarBeat-hgoxfxbbugxkfsbmqcjlbmjeaqyg/Build/Intermediates.noindex/GoogleUtilities.build/Debug-iphonesimulator/GoogleUtilities-Environment.build/Objects-normal/arm64/GULAppEnvironmentUtil.o -index-unit-output-path /GoogleUtilities.build/Debug-iphonesimulator/GoogleUtilities-Environment.build/Objects-normal/arm64/GULAppEnvironmentUtil.o

ScanDependencies /Users/fukushimatakumi/Library/Developer/Xcode/DerivedData/SugarBeat-hgoxfxbbugxkfsbmqcjlbmjeaqyg/Build/Intermediates.noindex/GTMSessionFetcher.build/Debug-iphonesimulator/GTMSessionFetcherCore.build/Objects-normal/arm64/resource_bundle_accessor.o /Users/fukushimatakumi/Library/Developer/Xcode/DerivedData/SugarBeat-hgoxfxbbugxkfsbmqcjlbmjeaqyg/Build/Intermediates.noindex/GTMSessionFetcher.build/Debug-iphonesimulator/GTMSessionFetcherCore.build/DerivedSources/resource_bundle_accessor.m normal arm64 objective-c com.apple.compilers.llvm.clang.1_0.compiler (in target 'GTMSessionFetcherCore' from project 'GTMSessionFetcher')
    cd /Users/fukushimatakumi/develop/sugarbeat/sugarbeat-front
    
    Using response file: /Users/fukushimatakumi/Library/Developer/Xcode/DerivedData/SugarBeat-hgoxfxbbugxkfsbmqcjlbmjeaqyg/Build/Intermediates.noindex/GTMSessionFetcher.build/Debug-iphonesimulator/GTMSessionFetcherCore.build/Objects-normal/arm64/e6072d4f65d7061329687fe24e3d63a7-common-args.resp
    
    builtin-ScanDependencies -o /Users/fukushimatakumi/Library/Developer/Xcode/DerivedData/SugarBeat-hgoxfxbbugxkfsbmqcjlbmjeaqyg/Build/Intermediates.noindex/GTMSessionFetcher.build/Debug-iphonesimulator/GTMSessionFetcherCore.build/Objects-normal/arm64/resource_bundle_accessor.o.scan -- /Applications/Xcode.app/Contents/Developer/Toolchains/XcodeDefault.xctoolchain/usr/bin/clang -x objective-c -ivfsstatcache /Users/fukushimatakumi/Library/Developer/Xcode/DerivedData/SDKStatCaches.noindex/iphonesimulator18.4-22E235-71825a6d136aa4733edcbe86ece5525b.sdkstatcache -fmessage-length\=0 -fdiagnostics-show-note-include-stack -fmacro-backtrace-limit\=0 -fno-color-diagnostics -fmodules-prune-interval\=86400 -fmodules-prune-after\=345600 -fbuild-session-file\=/Users/fukushimatakumi/Library/Developer/Xcode/DerivedData/ModuleCache.noindex/Session.modulevalidation -fmodules-validate-once-per-build-session -Wnon-modular-include-in-framework-module -Werror\=non-modular-include-in-framework-module -Wno-trigraphs -Wno-missing-field-initializers -Wno-missing-prototypes -Wno-return-type -Wno-implicit-atomic-properties -Wno-objc-interface-ivars -Wno-arc-repeated-use-of-weak -Wno-missing-braces -Wparentheses -Wswitch -Wno-unused-function -Wno-unused-label -Wno-unused-parameter -Wno-unused-variable -Wunused-value -Wno-empty-body -Wno-uninitialized -Wno-unknown-pragmas -w -Wno-shadow -Wno-four-char-constants -Wno-conversion -Wno-constant-conversion -Wno-int-conversion -Wno-bool-conversion -Wno-enum-conversion -Wno-float-conversion -Wno-non-literal-null-conversion -Wno-objc-literal-conversion -Wshorten-64-to-32 -Wpointer-sign -Wno-newline-eof -Wno-selector -Wno-strict-selector-match -Wno-undeclared-selector -Wno-deprecated-implementations -Wno-implicit-fallthrough -fstrict-aliasing -Wprotocol -Wdeprecated-declarations -Wno-sign-conversion -Wno-infinite-recursion -Wno-comma -Wno-block-capture-autoreleasing -Wno-strict-prototypes -Wno-semicolon-before-method-body -index-store-path /Users/fukushimatakumi/Library/Developer/Xcode/DerivedData/SugarBeat-hgoxfxbbugxkfsbmqcjlbmjeaqyg/Index.noindex/DataStore @/Users/fukushimatakumi/Library/Developer/Xcode/DerivedData/SugarBeat-hgoxfxbbugxkfsbmqcjlbmjeaqyg/Build/Intermediates.noindex/GTMSessionFetcher.build/Debug-iphonesimulator/GTMSessionFetcherCore.build/Objects-normal/arm64/e6072d4f65d7061329687fe24e3d63a7-common-args.resp -include /Users/fukushimatakumi/Library/Developer/Xcode/DerivedData/SugarBeat-hgoxfxbbugxkfsbmqcjlbmjeaqyg/Build/Intermediates.noindex/GTMSessionFetcher.build/Debug-iphonesimulator/GTMSessionFetcherCore.build/DerivedSources/resource_bundle_accessor.h -MMD -MT dependencies -MF /Users/fukushimatakumi/Library/Developer/Xcode/DerivedData/SugarBeat-hgoxfxbbugxkfsbmqcjlbmjeaqyg/Build/Intermediates.noindex/GTMSessionFetcher.build/Debug-iphonesimulator/GTMSessionFetcherCore.build/Objects-normal/arm64/resource_bundle_accessor.d --serialize-diagnostics /Users/fukushimatakumi/Library/Developer/Xcode/DerivedData/SugarBeat-hgoxfxbbugxkfsbmqcjlbmjeaqyg/Build/Intermediates.noindex/GTMSessionFetcher.build/Debug-iphonesimulator/GTMSessionFetcherCore.build/Objects-normal/arm64/resource_bundle_accessor.dia -c /Users/fukushimatakumi/Library/Developer/Xcode/DerivedData/SugarBeat-hgoxfxbbugxkfsbmqcjlbmjeaqyg/Build/Intermediates.noindex/GTMSessionFetcher.build/Debug-iphonesimulator/GTMSessionFetcherCore.build/DerivedSources/resource_bundle_accessor.m -o /Users/fukushimatakumi/Library/Developer/Xcode/DerivedData/SugarBeat-hgoxfxbbugxkfsbmqcjlbmjeaqyg/Build/Intermediates.noindex/GTMSessionFetcher.build/Debug-iphonesimulator/GTMSessionFetcherCore.build/Objects-normal/arm64/resource_bundle_accessor.o -index-unit-output-path /GTMSessionFetcher.build/Debug-iphonesimulator/GTMSessionFetcherCore.build/Objects-normal/arm64/resource_bundle_accessor.o

PrecompileModule /Users/fukushimatakumi/Library/Developer/Xcode/DerivedData/SugarBeat-hgoxfxbbugxkfsbmqcjlbmjeaqyg/Build/Intermediates.noindex/ExplicitPrecompiledModules/ptrauth-68RQWFU9GNHD45KGEZP01XAIM.scan
    cd /Users/fukushimatakumi/develop/sugarbeat/sugarbeat-front
    builtin-precompileModule /Users/fukushimatakumi/Library/Developer/Xcode/DerivedData/SugarBeat-hgoxfxbbugxkfsbmqcjlbmjeaqyg/Build/Intermediates.noindex/ExplicitPrecompiledModules/ptrauth-68RQWFU9GNHD45KGEZP01XAIM.scan

PrecompileModule /Users/fukushimatakumi/Library/Developer/Xcode/DerivedData/SugarBeat-hgoxfxbbugxkfsbmqcjlbmjeaqyg/Build/Intermediates.noindex/ExplicitPrecompiledModules/zlib-7LZU45RS7OVSJAHD3L9KF5CR5.scan
    cd /Users/fukushimatakumi/develop/sugarbeat/sugarbeat-front
    builtin-precompileModule /Users/fukushimatakumi/Library/Developer/Xcode/DerivedData/SugarBeat-hgoxfxbbugxkfsbmqcjlbmjeaqyg/Build/Intermediates.noindex/ExplicitPrecompiledModules/zlib-7LZU45RS7OVSJAHD3L9KF5CR5.scan

PrecompileModule /Users/fukushimatakumi/Library/Developer/Xcode/DerivedData/SugarBeat-hgoxfxbbugxkfsbmqcjlbmjeaqyg/Build/Intermediates.noindex/ExplicitPrecompiledModules/_stdlib-1F24L27U00RL81GLN509SN9ZB.scan
    cd /Users/fukushimatakumi/develop/sugarbeat/sugarbeat-front
    builtin-precompileModule /Users/fukushimatakumi/Library/Developer/Xcode/DerivedData/SugarBeat-hgoxfxbbugxkfsbmqcjlbmjeaqyg/Build/Intermediates.noindex/ExplicitPrecompiledModules/_stdlib-1F24L27U00RL81GLN509SN9ZB.scan

ScanDependencies /Users/fukushimatakumi/Library/Developer/Xcode/DerivedData/SugarBeat-hgoxfxbbugxkfsbmqcjlbmjeaqyg/Build/Intermediates.noindex/GTMSessionFetcher.build/Debug-iphonesimulator/GTMSessionFetcherCore.build/Objects-normal/arm64/GTMSessionUploadFetcher.o /Users/fukushimatakumi/Library/Developer/Xcode/DerivedData/SugarBeat-hgoxfxbbugxkfsbmqcjlbmjeaqyg/SourcePackages/checkouts/gtm-session-fetcher/Sources/Core/GTMSessionUploadFetcher.m normal arm64 objective-c com.apple.compilers.llvm.clang.1_0.compiler (in target 'GTMSessionFetcherCore' from project 'GTMSessionFetcher')
    cd /Users/fukushimatakumi/develop/sugarbeat/sugarbeat-front
    
    Using response file: /Users/fukushimatakumi/Library/Developer/Xcode/DerivedData/SugarBeat-hgoxfxbbugxkfsbmqcjlbmjeaqyg/Build/Intermediates.noindex/GTMSessionFetcher.build/Debug-iphonesimulator/GTMSessionFetcherCore.build/Objects-normal/arm64/e6072d4f65d7061329687fe24e3d63a7-common-args.resp
    
    builtin-ScanDependencies -o /Users/fukushimatakumi/Library/Developer/Xcode/DerivedData/SugarBeat-hgoxfxbbugxkfsbmqcjlbmjeaqyg/Build/Intermediates.noindex/GTMSessionFetcher.build/Debug-iphonesimulator/GTMSessionFetcherCore.build/Objects-normal/arm64/GTMSessionUploadFetcher.o.scan -- /Applications/Xcode.app/Contents/Developer/Toolchains/XcodeDefault.xctoolchain/usr/bin/clang -x objective-c -ivfsstatcache /Users/fukushimatakumi/Library/Developer/Xcode/DerivedData/SDKStatCaches.noindex/iphonesimulator18.4-22E235-71825a6d136aa4733edcbe86ece5525b.sdkstatcache -fmessage-length\=0 -fdiagnostics-show-note-include-stack -fmacro-backtrace-limit\=0 -fno-color-diagnostics -fmodules-prune-interval\=86400 -fmodules-prune-after\=345600 -fbuild-session-file\=/Users/fukushimatakumi/Library/Developer/Xcode/DerivedData/ModuleCache.noindex/Session.modulevalidation -fmodules-validate-once-per-build-session -Wnon-modular-include-in-framework-module -Werror\=non-modular-include-in-framework-module -Wno-trigraphs -Wno-missing-field-initializers -Wno-missing-prototypes -Wno-return-type -Wno-implicit-atomic-properties -Wno-objc-interface-ivars -Wno-arc-repeated-use-of-weak -Wno-missing-braces -Wparentheses -Wswitch -Wno-unused-function -Wno-unused-label -Wno-unused-parameter -Wno-unused-variable -Wunused-value -Wno-empty-body -Wno-uninitialized -Wno-unknown-pragmas -w -Wno-shadow -Wno-four-char-constants -Wno-conversion -Wno-constant-conversion -Wno-int-conversion -Wno-bool-conversion -Wno-enum-conversion -Wno-float-conversion -Wno-non-literal-null-conversion -Wno-objc-literal-conversion -Wshorten-64-to-32 -Wpointer-sign -Wno-newline-eof -Wno-selector -Wno-strict-selector-match -Wno-undeclared-selector -Wno-deprecated-implementations -Wno-implicit-fallthrough -fstrict-aliasing -Wprotocol -Wdeprecated-declarations -Wno-sign-conversion -Wno-infinite-recursion -Wno-comma -Wno-block-capture-autoreleasing -Wno-strict-prototypes -Wno-semicolon-before-method-body -index-store-path /Users/fukushimatakumi/Library/Developer/Xcode/DerivedData/SugarBeat-hgoxfxbbugxkfsbmqcjlbmjeaqyg/Index.noindex/DataStore @/Users/fukushimatakumi/Library/Developer/Xcode/DerivedData/SugarBeat-hgoxfxbbugxkfsbmqcjlbmjeaqyg/Build/Intermediates.noindex/GTMSessionFetcher.build/Debug-iphonesimulator/GTMSessionFetcherCore.build/Objects-normal/arm64/e6072d4f65d7061329687fe24e3d63a7-common-args.resp -include /Users/fukushimatakumi/Library/Developer/Xcode/DerivedData/SugarBeat-hgoxfxbbugxkfsbmqcjlbmjeaqyg/Build/Intermediates.noindex/GTMSessionFetcher.build/Debug-iphonesimulator/GTMSessionFetcherCore.build/DerivedSources/resource_bundle_accessor.h -MMD -MT dependencies -MF /Users/fukushimatakumi/Library/Developer/Xcode/DerivedData/SugarBeat-hgoxfxbbugxkfsbmqcjlbmjeaqyg/Build/Intermediates.noindex/GTMSessionFetcher.build/Debug-iphonesimulator/GTMSessionFetcherCore.build/Objects-normal/arm64/GTMSessionUploadFetcher.d --serialize-diagnostics /Users/fukushimatakumi/Library/Developer/Xcode/DerivedData/SugarBeat-hgoxfxbbugxkfsbmqcjlbmjeaqyg/Build/Intermediates.noindex/GTMSessionFetcher.build/Debug-iphonesimulator/GTMSessionFetcherCore.build/Objects-normal/arm64/GTMSessionUploadFetcher.dia -c /Users/fukushimatakumi/Library/Developer/Xcode/DerivedData/SugarBeat-hgoxfxbbugxkfsbmqcjlbmjeaqyg/SourcePackages/checkouts/gtm-session-fetcher/Sources/Core/GTMSessionUploadFetcher.m -o /Users/fukushimatakumi/Library/Developer/Xcode/DerivedData/SugarBeat-hgoxfxbbugxkfsbmqcjlbmjeaqyg/Build/Intermediates.noindex/GTMSessionFetcher.build/Debug-iphonesimulator/GTMSessionFetcherCore.build/Objects-normal/arm64/GTMSessionUploadFetcher.o -index-unit-output-path /GTMSessionFetcher.build/Debug-iphonesimulator/GTMSessionFetcherCore.build/Objects-normal/arm64/GTMSessionUploadFetcher.o

PrecompileModule /Users/fukushimatakumi/Library/Developer/Xcode/DerivedData/SugarBeat-hgoxfxbbugxkfsbmqcjlbmjeaqyg/Build/Intermediates.noindex/ExplicitPrecompiledModules/_stdlib-86OPGR0KQ584YAGB5NTKRWM41.scan
    cd /Users/fukushimatakumi/develop/sugarbeat/sugarbeat-front
    builtin-precompileModule /Users/fukushimatakumi/Library/Developer/Xcode/DerivedData/SugarBeat-hgoxfxbbugxkfsbmqcjlbmjeaqyg/Build/Intermediates.noindex/ExplicitPrecompiledModules/_stdlib-86OPGR0KQ584YAGB5NTKRWM41.scan

PrecompileModule /Users/fukushimatakumi/Library/Developer/Xcode/DerivedData/SugarBeat-hgoxfxbbugxkfsbmqcjlbmjeaqyg/Build/Intermediates.noindex/ExplicitPrecompiledModules/Darwin-1CYOANI02W0QXLLPOF0VJTLML.scan
    cd /Users/fukushimatakumi/develop/sugarbeat/sugarbeat-front
    builtin-precompileModule /Users/fukushimatakumi/Library/Developer/Xcode/DerivedData/SugarBeat-hgoxfxbbugxkfsbmqcjlbmjeaqyg/Build/Intermediates.noindex/ExplicitPrecompiledModules/Darwin-1CYOANI02W0QXLLPOF0VJTLML.scan

ScanDependencies /Users/fukushimatakumi/Library/Developer/Xcode/DerivedData/SugarBeat-hgoxfxbbugxkfsbmqcjlbmjeaqyg/Build/Intermediates.noindex/GTMSessionFetcher.build/Debug-iphonesimulator/GTMSessionFetcherCore.build/Objects-normal/arm64/GTMSessionFetcherService.o /Users/fukushimatakumi/Library/Developer/Xcode/DerivedData/SugarBeat-hgoxfxbbugxkfsbmqcjlbmjeaqyg/SourcePackages/checkouts/gtm-session-fetcher/Sources/Core/GTMSessionFetcherService.m normal arm64 objective-c com.apple.compilers.llvm.clang.1_0.compiler (in target 'GTMSessionFetcherCore' from project 'GTMSessionFetcher')
    cd /Users/fukushimatakumi/develop/sugarbeat/sugarbeat-front
    
    Using response file: /Users/fukushimatakumi/Library/Developer/Xcode/DerivedData/SugarBeat-hgoxfxbbugxkfsbmqcjlbmjeaqyg/Build/Intermediates.noindex/GTMSessionFetcher.build/Debug-iphonesimulator/GTMSessionFetcherCore.build/Objects-normal/arm64/e6072d4f65d7061329687fe24e3d63a7-common-args.resp
    
    builtin-ScanDependencies -o /Users/fukushimatakumi/Library/Developer/Xcode/DerivedData/SugarBeat-hgoxfxbbugxkfsbmqcjlbmjeaqyg/Build/Intermediates.noindex/GTMSessionFetcher.build/Debug-iphonesimulator/GTMSessionFetcherCore.build/Objects-normal/arm64/GTMSessionFetcherService.o.scan -- /Applications/Xcode.app/Contents/Developer/Toolchains/XcodeDefault.xctoolchain/usr/bin/clang -x objective-c -ivfsstatcache /Users/fukushimatakumi/Library/Developer/Xcode/DerivedData/SDKStatCaches.noindex/iphonesimulator18.4-22E235-71825a6d136aa4733edcbe86ece5525b.sdkstatcache -fmessage-length\=0 -fdiagnostics-show-note-include-stack -fmacro-backtrace-limit\=0 -fno-color-diagnostics -fmodules-prune-interval\=86400 -fmodules-prune-after\=345600 -fbuild-session-file\=/Users/fukushimatakumi/Library/Developer/Xcode/DerivedData/ModuleCache.noindex/Session.modulevalidation -fmodules-validate-once-per-build-session -Wnon-modular-include-in-framework-module -Werror\=non-modular-include-in-framework-module -Wno-trigraphs -Wno-missing-field-initializers -Wno-missing-prototypes -Wno-return-type -Wno-implicit-atomic-properties -Wno-objc-interface-ivars -Wno-arc-repeated-use-of-weak -Wno-missing-braces -Wparentheses -Wswitch -Wno-unused-function -Wno-unused-label -Wno-unused-parameter -Wno-unused-variable -Wunused-value -Wno-empty-body -Wno-uninitialized -Wno-unknown-pragmas -w -Wno-shadow -Wno-four-char-constants -Wno-conversion -Wno-constant-conversion -Wno-int-conversion -Wno-bool-conversion -Wno-enum-conversion -Wno-float-conversion -Wno-non-literal-null-conversion -Wno-objc-literal-conversion -Wshorten-64-to-32 -Wpointer-sign -Wno-newline-eof -Wno-selector -Wno-strict-selector-match -Wno-undeclared-selector -Wno-deprecated-implementations -Wno-implicit-fallthrough -fstrict-aliasing -Wprotocol -Wdeprecated-declarations -Wno-sign-conversion -Wno-infinite-recursion -Wno-comma -Wno-block-capture-autoreleasing -Wno-strict-prototypes -Wno-semicolon-before-method-body -index-store-path /Users/fukushimatakumi/Library/Developer/Xcode/DerivedData/SugarBeat-hgoxfxbbugxkfsbmqcjlbmjeaqyg/Index.noindex/DataStore @/Users/fukushimatakumi/Library/Developer/Xcode/DerivedData/SugarBeat-hgoxfxbbugxkfsbmqcjlbmjeaqyg/Build/Intermediates.noindex/GTMSessionFetcher.build/Debug-iphonesimulator/GTMSessionFetcherCore.build/Objects-normal/arm64/e6072d4f65d7061329687fe24e3d63a7-common-args.resp -include /Users/fukushimatakumi/Library/Developer/Xcode/DerivedData/SugarBeat-hgoxfxbbugxkfsbmqcjlbmjeaqyg/Build/Intermediates.noindex/GTMSessionFetcher.build/Debug-iphonesimulator/GTMSessionFetcherCore.build/DerivedSources/resource_bundle_accessor.h -MMD -MT dependencies -MF /Users/fukushimatakumi/Library/Developer/Xcode/DerivedData/SugarBeat-hgoxfxbbugxkfsbmqcjlbmjeaqyg/Build/Intermediates.noindex/GTMSessionFetcher.build/Debug-iphonesimulator/GTMSessionFetcherCore.build/Objects-normal/arm64/GTMSessionFetcherService.d --serialize-diagnostics /Users/fukushimatakumi/Library/Developer/Xcode/DerivedData/SugarBeat-hgoxfxbbugxkfsbmqcjlbmjeaqyg/Build/Intermediates.noindex/GTMSessionFetcher.build/Debug-iphonesimulator/GTMSessionFetcherCore.build/Objects-normal/arm64/GTMSessionFetcherService.dia -c /Users/fukushimatakumi/Library/Developer/Xcode/DerivedData/SugarBeat-hgoxfxbbugxkfsbmqcjlbmjeaqyg/SourcePackages/checkouts/gtm-session-fetcher/Sources/Core/GTMSessionFetcherService.m -o /Users/fukushimatakumi/Library/Developer/Xcode/DerivedData/SugarBeat-hgoxfxbbugxkfsbmqcjlbmjeaqyg/Build/Intermediates.noindex/GTMSessionFetcher.build/Debug-iphonesimulator/GTMSessionFetcherCore.build/Objects-normal/arm64/GTMSessionFetcherService.o -index-unit-output-path /GTMSessionFetcher.build/Debug-iphonesimulator/GTMSessionFetcherCore.build/Objects-normal/arm64/GTMSessionFetcherService.o

ScanDependencies /Users/fukushimatakumi/Library/Developer/Xcode/DerivedData/SugarBeat-hgoxfxbbugxkfsbmqcjlbmjeaqyg/Build/Intermediates.noindex/GTMSessionFetcher.build/Debug-iphonesimulator/GTMSessionFetcherCore.build/Objects-normal/arm64/GTMSessionFetcherLogging.o /Users/fukushimatakumi/Library/Developer/Xcode/DerivedData/SugarBeat-hgoxfxbbugxkfsbmqcjlbmjeaqyg/SourcePackages/checkouts/gtm-session-fetcher/Sources/Core/GTMSessionFetcherLogging.m normal arm64 objective-c com.apple.compilers.llvm.clang.1_0.compiler (in target 'GTMSessionFetcherCore' from project 'GTMSessionFetcher')
    cd /Users/fukushimatakumi/develop/sugarbeat/sugarbeat-front
    
    Using response file: /Users/fukushimatakumi/Library/Developer/Xcode/DerivedData/SugarBeat-hgoxfxbbugxkfsbmqcjlbmjeaqyg/Build/Intermediates.noindex/GTMSessionFetcher.build/Debug-iphonesimulator/GTMSessionFetcherCore.build/Objects-normal/arm64/e6072d4f65d7061329687fe24e3d63a7-common-args.resp
    
    builtin-ScanDependencies -o /Users/fukushimatakumi/Library/Developer/Xcode/DerivedData/SugarBeat-hgoxfxbbugxkfsbmqcjlbmjeaqyg/Build/Intermediates.noindex/GTMSessionFetcher.build/Debug-iphonesimulator/GTMSessionFetcherCore.build/Objects-normal/arm64/GTMSessionFetcherLogging.o.scan -- /Applications/Xcode.app/Contents/Developer/Toolchains/XcodeDefault.xctoolchain/usr/bin/clang -x objective-c -ivfsstatcache /Users/fukushimatakumi/Library/Developer/Xcode/DerivedData/SDKStatCaches.noindex/iphonesimulator18.4-22E235-71825a6d136aa4733edcbe86ece5525b.sdkstatcache -fmessage-length\=0 -fdiagnostics-show-note-include-stack -fmacro-backtrace-limit\=0 -fno-color-diagnostics -fmodules-prune-interval\=86400 -fmodules-prune-after\=345600 -fbuild-session-file\=/Users/fukushimatakumi/Library/Developer/Xcode/DerivedData/ModuleCache.noindex/Session.modulevalidation -fmodules-validate-once-per-build-session -Wnon-modular-include-in-framework-module -Werror\=non-modular-include-in-framework-module -Wno-trigraphs -Wno-missing-field-initializers -Wno-missing-prototypes -Wno-return-type -Wno-implicit-atomic-properties -Wno-objc-interface-ivars -Wno-arc-repeated-use-of-weak -Wno-missing-braces -Wparentheses -Wswitch -Wno-unused-function -Wno-unused-label -Wno-unused-parameter -Wno-unused-variable -Wunused-value -Wno-empty-body -Wno-uninitialized -Wno-unknown-pragmas -w -Wno-shadow -Wno-four-char-constants -Wno-conversion -Wno-constant-conversion -Wno-int-conversion -Wno-bool-conversion -Wno-enum-conversion -Wno-float-conversion -Wno-non-literal-null-conversion -Wno-objc-literal-conversion -Wshorten-64-to-32 -Wpointer-sign -Wno-newline-eof -Wno-selector -Wno-strict-selector-match -Wno-undeclared-selector -Wno-deprecated-implementations -Wno-implicit-fallthrough -fstrict-aliasing -Wprotocol -Wdeprecated-declarations -Wno-sign-conversion -Wno-infinite-recursion -Wno-comma -Wno-block-capture-autoreleasing -Wno-strict-prototypes -Wno-semicolon-before-method-body -index-store-path /Users/fukushimatakumi/Library/Developer/Xcode/DerivedData/SugarBeat-hgoxfxbbugxkfsbmqcjlbmjeaqyg/Index.noindex/DataStore @/Users/fukushimatakumi/Library/Developer/Xcode/DerivedData/SugarBeat-hgoxfxbbugxkfsbmqcjlbmjeaqyg/Build/Intermediates.noindex/GTMSessionFetcher.build/Debug-iphonesimulator/GTMSessionFetcherCore.build/Objects-normal/arm64/e6072d4f65d7061329687fe24e3d63a7-common-args.resp -include /Users/fukushimatakumi/Library/Developer/Xcode/DerivedData/SugarBeat-hgoxfxbbugxkfsbmqcjlbmjeaqyg/Build/Intermediates.noindex/GTMSessionFetcher.build/Debug-iphonesimulator/GTMSessionFetcherCore.build/DerivedSources/resource_bundle_accessor.h -MMD -MT dependencies -MF /Users/fukushimatakumi/Library/Developer/Xcode/DerivedData/SugarBeat-hgoxfxbbugxkfsbmqcjlbmjeaqyg/Build/Intermediates.noindex/GTMSessionFetcher.build/Debug-iphonesimulator/GTMSessionFetcherCore.build/Objects-normal/arm64/GTMSessionFetcherLogging.d --serialize-diagnostics /Users/fukushimatakumi/Library/Developer/Xcode/DerivedData/SugarBeat-hgoxfxbbugxkfsbmqcjlbmjeaqyg/Build/Intermediates.noindex/GTMSessionFetcher.build/Debug-iphonesimulator/GTMSessionFetcherCore.build/Objects-normal/arm64/GTMSessionFetcherLogging.dia -c /Users/fukushimatakumi/Library/Developer/Xcode/DerivedData/SugarBeat-hgoxfxbbugxkfsbmqcjlbmjeaqyg/SourcePackages/checkouts/gtm-session-fetcher/Sources/Core/GTMSessionFetcherLogging.m -o /Users/fukushimatakumi/Library/Developer/Xcode/DerivedData/SugarBeat-hgoxfxbbugxkfsbmqcjlbmjeaqyg/Build/Intermediates.noindex/GTMSessionFetcher.build/Debug-iphonesimulator/GTMSessionFetcherCore.build/Objects-normal/arm64/GTMSessionFetcherLogging.o -index-unit-output-path /GTMSessionFetcher.build/Debug-iphonesimulator/GTMSessionFetcherCore.build/Objects-normal/arm64/GTMSessionFetcherLogging.o

ScanDependencies /Users/fukushimatakumi/Library/Developer/Xcode/DerivedData/SugarBeat-hgoxfxbbugxkfsbmqcjlbmjeaqyg/Build/Intermediates.noindex/GTMSessionFetcher.build/Debug-iphonesimulator/GTMSessionFetcherCore.build/Objects-normal/arm64/GTMSessionFetcher.o /Users/fukushimatakumi/Library/Developer/Xcode/DerivedData/SugarBeat-hgoxfxbbugxkfsbmqcjlbmjeaqyg/SourcePackages/checkouts/gtm-session-fetcher/Sources/Core/GTMSessionFetcher.m normal arm64 objective-c com.apple.compilers.llvm.clang.1_0.compiler (in target 'GTMSessionFetcherCore' from project 'GTMSessionFetcher')
    cd /Users/fukushimatakumi/develop/sugarbeat/sugarbeat-front
    
    Using response file: /Users/fukushimatakumi/Library/Developer/Xcode/DerivedData/SugarBeat-hgoxfxbbugxkfsbmqcjlbmjeaqyg/Build/Intermediates.noindex/GTMSessionFetcher.build/Debug-iphonesimulator/GTMSessionFetcherCore.build/Objects-normal/arm64/e6072d4f65d7061329687fe24e3d63a7-common-args.resp
    
    builtin-ScanDependencies -o /Users/fukushimatakumi/Library/Developer/Xcode/DerivedData/SugarBeat-hgoxfxbbugxkfsbmqcjlbmjeaqyg/Build/Intermediates.noindex/GTMSessionFetcher.build/Debug-iphonesimulator/GTMSessionFetcherCore.build/Objects-normal/arm64/GTMSessionFetcher.o.scan -- /Applications/Xcode.app/Contents/Developer/Toolchains/XcodeDefault.xctoolchain/usr/bin/clang -x objective-c -ivfsstatcache /Users/fukushimatakumi/Library/Developer/Xcode/DerivedData/SDKStatCaches.noindex/iphonesimulator18.4-22E235-71825a6d136aa4733edcbe86ece5525b.sdkstatcache -fmessage-length\=0 -fdiagnostics-show-note-include-stack -fmacro-backtrace-limit\=0 -fno-color-diagnostics -fmodules-prune-interval\=86400 -fmodules-prune-after\=345600 -fbuild-session-file\=/Users/fukushimatakumi/Library/Developer/Xcode/DerivedData/ModuleCache.noindex/Session.modulevalidation -fmodules-validate-once-per-build-session -Wnon-modular-include-in-framework-module -Werror\=non-modular-include-in-framework-module -Wno-trigraphs -Wno-missing-field-initializers -Wno-missing-prototypes -Wno-return-type -Wno-implicit-atomic-properties -Wno-objc-interface-ivars -Wno-arc-repeated-use-of-weak -Wno-missing-braces -Wparentheses -Wswitch -Wno-unused-function -Wno-unused-label -Wno-unused-parameter -Wno-unused-variable -Wunused-value -Wno-empty-body -Wno-uninitialized -Wno-unknown-pragmas -w -Wno-shadow -Wno-four-char-constants -Wno-conversion -Wno-constant-conversion -Wno-int-conversion -Wno-bool-conversion -Wno-enum-conversion -Wno-float-conversion -Wno-non-literal-null-conversion -Wno-objc-literal-conversion -Wshorten-64-to-32 -Wpointer-sign -Wno-newline-eof -Wno-selector -Wno-strict-selector-match -Wno-undeclared-selector -Wno-deprecated-implementations -Wno-implicit-fallthrough -fstrict-aliasing -Wprotocol -Wdeprecated-declarations -Wno-sign-conversion -Wno-infinite-recursion -Wno-comma -Wno-block-capture-autoreleasing -Wno-strict-prototypes -Wno-semicolon-before-method-body -index-store-path /Users/fukushimatakumi/Library/Developer/Xcode/DerivedData/SugarBeat-hgoxfxbbugxkfsbmqcjlbmjeaqyg/Index.noindex/DataStore @/Users/fukushimatakumi/Library/Developer/Xcode/DerivedData/SugarBeat-hgoxfxbbugxkfsbmqcjlbmjeaqyg/Build/Intermediates.noindex/GTMSessionFetcher.build/Debug-iphonesimulator/GTMSessionFetcherCore.build/Objects-normal/arm64/e6072d4f65d7061329687fe24e3d63a7-common-args.resp -include /Users/fukushimatakumi/Library/Developer/Xcode/DerivedData/SugarBeat-hgoxfxbbugxkfsbmqcjlbmjeaqyg/Build/Intermediates.noindex/GTMSessionFetcher.build/Debug-iphonesimulator/GTMSessionFetcherCore.build/DerivedSources/resource_bundle_accessor.h -MMD -MT dependencies -MF /Users/fukushimatakumi/Library/Developer/Xcode/DerivedData/SugarBeat-hgoxfxbbugxkfsbmqcjlbmjeaqyg/Build/Intermediates.noindex/GTMSessionFetcher.build/Debug-iphonesimulator/GTMSessionFetcherCore.build/Objects-normal/arm64/GTMSessionFetcher.d --serialize-diagnostics /Users/fukushimatakumi/Library/Developer/Xcode/DerivedData/SugarBeat-hgoxfxbbugxkfsbmqcjlbmjeaqyg/Build/Intermediates.noindex/GTMSessionFetcher.build/Debug-iphonesimulator/GTMSessionFetcherCore.build/Objects-normal/arm64/GTMSessionFetcher.dia -c /Users/fukushimatakumi/Library/Developer/Xcode/DerivedData/SugarBeat-hgoxfxbbugxkfsbmqcjlbmjeaqyg/SourcePackages/checkouts/gtm-session-fetcher/Sources/Core/GTMSessionFetcher.m -o /Users/fukushimatakumi/Library/Developer/Xcode/DerivedData/SugarBeat-hgoxfxbbugxkfsbmqcjlbmjeaqyg/Build/Intermediates.noindex/GTMSessionFetcher.build/Debug-iphonesimulator/GTMSessionFetcherCore.build/Objects-normal/arm64/GTMSessionFetcher.o -index-unit-output-path /GTMSessionFetcher.build/Debug-iphonesimulator/GTMSessionFetcherCore.build/Objects-normal/arm64/GTMSessionFetcher.o

SwiftCompile normal arm64 Compiling\ FirebaseRemoteConfigValueDecoding.swift /Users/fukushimatakumi/Library/Developer/Xcode/DerivedData/SugarBeat-hgoxfxbbugxkfsbmqcjlbmjeaqyg/SourcePackages/checkouts/firebase-ios-sdk/FirebaseSharedSwift/Sources/FirebaseRemoteConfigValueDecoding.swift (in target 'FirebaseSharedSwift' from project 'Firebase')

SwiftCompile normal arm64 /Users/fukushimatakumi/Library/Developer/Xcode/DerivedData/SugarBeat-hgoxfxbbugxkfsbmqcjlbmjeaqyg/SourcePackages/checkouts/firebase-ios-sdk/FirebaseSharedSwift/Sources/FirebaseRemoteConfigValueDecoding.swift (in target 'FirebaseSharedSwift' from project 'Firebase')
    cd /Users/fukushimatakumi/develop/sugarbeat/sugarbeat-front
    

PrecompileModule /Users/fukushimatakumi/Library/Developer/Xcode/DerivedData/SugarBeat-hgoxfxbbugxkfsbmqcjlbmjeaqyg/Build/Intermediates.noindex/ExplicitPrecompiledModules/Darwin-9A0GT3M40DCDPT4JLNPSU2Q7H.scan
    cd /Users/fukushimatakumi/develop/sugarbeat/sugarbeat-front
    builtin-precompileModule /Users/fukushimatakumi/Library/Developer/Xcode/DerivedData/SugarBeat-hgoxfxbbugxkfsbmqcjlbmjeaqyg/Build/Intermediates.noindex/ExplicitPrecompiledModules/Darwin-9A0GT3M40DCDPT4JLNPSU2Q7H.scan

CompileC /Users/fukushimatakumi/Library/Developer/Xcode/DerivedData/SugarBeat-hgoxfxbbugxkfsbmqcjlbmjeaqyg/Build/Intermediates.noindex/nanopb.build/Debug-iphonesimulator/nanopb.build/Objects-normal/arm64/pb_encode.o /Users/fukushimatakumi/Library/Developer/Xcode/DerivedData/SugarBeat-hgoxfxbbugxkfsbmqcjlbmjeaqyg/SourcePackages/checkouts/nanopb/pb_encode.c normal arm64 c com.apple.compilers.llvm.clang.1_0.compiler (in target 'nanopb' from project 'nanopb')
    cd /Users/fukushimatakumi/develop/sugarbeat/sugarbeat-front
    
    Using response file: /Users/fukushimatakumi/Library/Developer/Xcode/DerivedData/SugarBeat-hgoxfxbbugxkfsbmqcjlbmjeaqyg/Build/Intermediates.noindex/nanopb.build/Debug-iphonesimulator/nanopb.build/Objects-normal/arm64/7187679823f38a2a940e0043cdf9d637-common-args.resp
    
    /Applications/Xcode.app/Contents/Developer/Toolchains/XcodeDefault.xctoolchain/usr/bin/clang -x c -ivfsstatcache /Users/fukushimatakumi/Library/Developer/Xcode/DerivedData/SDKStatCaches.noindex/iphonesimulator18.4-22E235-71825a6d136aa4733edcbe86ece5525b.sdkstatcache -fmessage-length\=0 -fdiagnostics-show-note-include-stack -fmacro-backtrace-limit\=0 -fno-color-diagnostics -fmodules-prune-interval\=86400 -fmodules-prune-after\=345600 -fbuild-session-file\=/Users/fukushimatakumi/Library/Developer/Xcode/DerivedData/ModuleCache.noindex/Session.modulevalidation -fmodules-validate-once-per-build-session -Wnon-modular-include-in-framework-module -Werror\=non-modular-include-in-framework-module -Wno-trigraphs -Wno-missing-field-initializers -Wno-missing-prototypes -Wno-return-type -Wno-missing-braces -Wparentheses -Wswitch -Wno-unused-function -Wno-unused-label -Wno-unused-parameter -Wno-unused-variable -Wunused-value -Wno-empty-body -Wno-uninitialized -Wno-unknown-pragmas -w -Wno-shadow -Wno-four-char-constants -Wno-conversion -Wno-constant-conversion -Wno-int-conversion -Wno-bool-conversion -Wno-enum-conversion -Wno-float-conversion -Wno-non-literal-null-conversion -Wno-objc-literal-conversion -Wshorten-64-to-32 -Wpointer-sign -Wno-newline-eof -Wno-implicit-fallthrough -fstrict-aliasing -Wdeprecated-declarations -Wno-sign-conversion -Wno-infinite-recursion -Wno-comma -Wno-block-capture-autoreleasing -Wno-strict-prototypes -Wno-semicolon-before-method-body -index-store-path /Users/fukushimatakumi/Library/Developer/Xcode/DerivedData/SugarBeat-hgoxfxbbugxkfsbmqcjlbmjeaqyg/Index.noindex/DataStore @/Users/fukushimatakumi/Library/Developer/Xcode/DerivedData/SugarBeat-hgoxfxbbugxkfsbmqcjlbmjeaqyg/Build/Intermediates.noindex/nanopb.build/Debug-iphonesimulator/nanopb.build/Objects-normal/arm64/7187679823f38a2a940e0043cdf9d637-common-args.resp -MMD -MT dependencies -MF /Users/fukushimatakumi/Library/Developer/Xcode/DerivedData/SugarBeat-hgoxfxbbugxkfsbmqcjlbmjeaqyg/Build/Intermediates.noindex/nanopb.build/Debug-iphonesimulator/nanopb.build/Objects-normal/arm64/pb_encode.d --serialize-diagnostics /Users/fukushimatakumi/Library/Developer/Xcode/DerivedData/SugarBeat-hgoxfxbbugxkfsbmqcjlbmjeaqyg/Build/Intermediates.noindex/nanopb.build/Debug-iphonesimulator/nanopb.build/Objects-normal/arm64/pb_encode.dia -c /Users/fukushimatakumi/Library/Developer/Xcode/DerivedData/SugarBeat-hgoxfxbbugxkfsbmqcjlbmjeaqyg/SourcePackages/checkouts/nanopb/pb_encode.c -o /Users/fukushimatakumi/Library/Developer/Xcode/DerivedData/SugarBeat-hgoxfxbbugxkfsbmqcjlbmjeaqyg/Build/Intermediates.noindex/nanopb.build/Debug-iphonesimulator/nanopb.build/Objects-normal/arm64/pb_encode.o -index-unit-output-path /nanopb.build/Debug-iphonesimulator/nanopb.build/Objects-normal/arm64/pb_encode.o

CompileC /Users/fukushimatakumi/Library/Developer/Xcode/DerivedData/SugarBeat-hgoxfxbbugxkfsbmqcjlbmjeaqyg/Build/Intermediates.noindex/nanopb.build/Debug-iphonesimulator/nanopb.build/Objects-normal/arm64/pb_decode.o /Users/fukushimatakumi/Library/Developer/Xcode/DerivedData/SugarBeat-hgoxfxbbugxkfsbmqcjlbmjeaqyg/SourcePackages/checkouts/nanopb/pb_decode.c normal arm64 c com.apple.compilers.llvm.clang.1_0.compiler (in target 'nanopb' from project 'nanopb')
    cd /Users/fukushimatakumi/develop/sugarbeat/sugarbeat-front
    
    Using response file: /Users/fukushimatakumi/Library/Developer/Xcode/DerivedData/SugarBeat-hgoxfxbbugxkfsbmqcjlbmjeaqyg/Build/Intermediates.noindex/nanopb.build/Debug-iphonesimulator/nanopb.build/Objects-normal/arm64/7187679823f38a2a940e0043cdf9d637-common-args.resp
    
    /Applications/Xcode.app/Contents/Developer/Toolchains/XcodeDefault.xctoolchain/usr/bin/clang -x c -ivfsstatcache /Users/fukushimatakumi/Library/Developer/Xcode/DerivedData/SDKStatCaches.noindex/iphonesimulator18.4-22E235-71825a6d136aa4733edcbe86ece5525b.sdkstatcache -fmessage-length\=0 -fdiagnostics-show-note-include-stack -fmacro-backtrace-limit\=0 -fno-color-diagnostics -fmodules-prune-interval\=86400 -fmodules-prune-after\=345600 -fbuild-session-file\=/Users/fukushimatakumi/Library/Developer/Xcode/DerivedData/ModuleCache.noindex/Session.modulevalidation -fmodules-validate-once-per-build-session -Wnon-modular-include-in-framework-module -Werror\=non-modular-include-in-framework-module -Wno-trigraphs -Wno-missing-field-initializers -Wno-missing-prototypes -Wno-return-type -Wno-missing-braces -Wparentheses -Wswitch -Wno-unused-function -Wno-unused-label -Wno-unused-parameter -Wno-unused-variable -Wunused-value -Wno-empty-body -Wno-uninitialized -Wno-unknown-pragmas -w -Wno-shadow -Wno-four-char-constants -Wno-conversion -Wno-constant-conversion -Wno-int-conversion -Wno-bool-conversion -Wno-enum-conversion -Wno-float-conversion -Wno-non-literal-null-conversion -Wno-objc-literal-conversion -Wshorten-64-to-32 -Wpointer-sign -Wno-newline-eof -Wno-implicit-fallthrough -fstrict-aliasing -Wdeprecated-declarations -Wno-sign-conversion -Wno-infinite-recursion -Wno-comma -Wno-block-capture-autoreleasing -Wno-strict-prototypes -Wno-semicolon-before-method-body -index-store-path /Users/fukushimatakumi/Library/Developer/Xcode/DerivedData/SugarBeat-hgoxfxbbugxkfsbmqcjlbmjeaqyg/Index.noindex/DataStore @/Users/fukushimatakumi/Library/Developer/Xcode/DerivedData/SugarBeat-hgoxfxbbugxkfsbmqcjlbmjeaqyg/Build/Intermediates.noindex/nanopb.build/Debug-iphonesimulator/nanopb.build/Objects-normal/arm64/7187679823f38a2a940e0043cdf9d637-common-args.resp -MMD -MT dependencies -MF /Users/fukushimatakumi/Library/Developer/Xcode/DerivedData/SugarBeat-hgoxfxbbugxkfsbmqcjlbmjeaqyg/Build/Intermediates.noindex/nanopb.build/Debug-iphonesimulator/nanopb.build/Objects-normal/arm64/pb_decode.d --serialize-diagnostics /Users/fukushimatakumi/Library/Developer/Xcode/DerivedData/SugarBeat-hgoxfxbbugxkfsbmqcjlbmjeaqyg/Build/Intermediates.noindex/nanopb.build/Debug-iphonesimulator/nanopb.build/Objects-normal/arm64/pb_decode.dia -c /Users/fukushimatakumi/Library/Developer/Xcode/DerivedData/SugarBeat-hgoxfxbbugxkfsbmqcjlbmjeaqyg/SourcePackages/checkouts/nanopb/pb_decode.c -o /Users/fukushimatakumi/Library/Developer/Xcode/DerivedData/SugarBeat-hgoxfxbbugxkfsbmqcjlbmjeaqyg/Build/Intermediates.noindex/nanopb.build/Debug-iphonesimulator/nanopb.build/Objects-normal/arm64/pb_decode.o -index-unit-output-path /nanopb.build/Debug-iphonesimulator/nanopb.build/Objects-normal/arm64/pb_decode.o

CompileC /Users/fukushimatakumi/Library/Developer/Xcode/DerivedData/SugarBeat-hgoxfxbbugxkfsbmqcjlbmjeaqyg/Build/Intermediates.noindex/nanopb.build/Debug-iphonesimulator/nanopb.build/Objects-normal/arm64/pb_common.o /Users/fukushimatakumi/Library/Developer/Xcode/DerivedData/SugarBeat-hgoxfxbbugxkfsbmqcjlbmjeaqyg/SourcePackages/checkouts/nanopb/pb_common.c normal arm64 c com.apple.compilers.llvm.clang.1_0.compiler (in target 'nanopb' from project 'nanopb')
    cd /Users/fukushimatakumi/develop/sugarbeat/sugarbeat-front
    
    Using response file: /Users/fukushimatakumi/Library/Developer/Xcode/DerivedData/SugarBeat-hgoxfxbbugxkfsbmqcjlbmjeaqyg/Build/Intermediates.noindex/nanopb.build/Debug-iphonesimulator/nanopb.build/Objects-normal/arm64/7187679823f38a2a940e0043cdf9d637-common-args.resp
    
    /Applications/Xcode.app/Contents/Developer/Toolchains/XcodeDefault.xctoolchain/usr/bin/clang -x c -ivfsstatcache /Users/fukushimatakumi/Library/Developer/Xcode/DerivedData/SDKStatCaches.noindex/iphonesimulator18.4-22E235-71825a6d136aa4733edcbe86ece5525b.sdkstatcache -fmessage-length\=0 -fdiagnostics-show-note-include-stack -fmacro-backtrace-limit\=0 -fno-color-diagnostics -fmodules-prune-interval\=86400 -fmodules-prune-after\=345600 -fbuild-session-file\=/Users/fukushimatakumi/Library/Developer/Xcode/DerivedData/ModuleCache.noindex/Session.modulevalidation -fmodules-validate-once-per-build-session -Wnon-modular-include-in-framework-module -Werror\=non-modular-include-in-framework-module -Wno-trigraphs -Wno-missing-field-initializers -Wno-missing-prototypes -Wno-return-type -Wno-missing-braces -Wparentheses -Wswitch -Wno-unused-function -Wno-unused-label -Wno-unused-parameter -Wno-unused-variable -Wunused-value -Wno-empty-body -Wno-uninitialized -Wno-unknown-pragmas -w -Wno-shadow -Wno-four-char-constants -Wno-conversion -Wno-constant-conversion -Wno-int-conversion -Wno-bool-conversion -Wno-enum-conversion -Wno-float-conversion -Wno-non-literal-null-conversion -Wno-objc-literal-conversion -Wshorten-64-to-32 -Wpointer-sign -Wno-newline-eof -Wno-implicit-fallthrough -fstrict-aliasing -Wdeprecated-declarations -Wno-sign-conversion -Wno-infinite-recursion -Wno-comma -Wno-block-capture-autoreleasing -Wno-strict-prototypes -Wno-semicolon-before-method-body -index-store-path /Users/fukushimatakumi/Library/Developer/Xcode/DerivedData/SugarBeat-hgoxfxbbugxkfsbmqcjlbmjeaqyg/Index.noindex/DataStore @/Users/fukushimatakumi/Library/Developer/Xcode/DerivedData/SugarBeat-hgoxfxbbugxkfsbmqcjlbmjeaqyg/Build/Intermediates.noindex/nanopb.build/Debug-iphonesimulator/nanopb.build/Objects-normal/arm64/7187679823f38a2a940e0043cdf9d637-common-args.resp -MMD -MT dependencies -MF /Users/fukushimatakumi/Library/Developer/Xcode/DerivedData/SugarBeat-hgoxfxbbugxkfsbmqcjlbmjeaqyg/Build/Intermediates.noindex/nanopb.build/Debug-iphonesimulator/nanopb.build/Objects-normal/arm64/pb_common.d --serialize-diagnostics /Users/fukushimatakumi/Library/Developer/Xcode/DerivedData/SugarBeat-hgoxfxbbugxkfsbmqcjlbmjeaqyg/Build/Intermediates.noindex/nanopb.build/Debug-iphonesimulator/nanopb.build/Objects-normal/arm64/pb_common.dia -c /Users/fukushimatakumi/Library/Developer/Xcode/DerivedData/SugarBeat-hgoxfxbbugxkfsbmqcjlbmjeaqyg/SourcePackages/checkouts/nanopb/pb_common.c -o /Users/fukushimatakumi/Library/Developer/Xcode/DerivedData/SugarBeat-hgoxfxbbugxkfsbmqcjlbmjeaqyg/Build/Intermediates.noindex/nanopb.build/Debug-iphonesimulator/nanopb.build/Objects-normal/arm64/pb_common.o -index-unit-output-path /nanopb.build/Debug-iphonesimulator/nanopb.build/Objects-normal/arm64/pb_common.o

SwiftCompile normal arm64 Compiling\ FirebaseDataEncoder.swift /Users/fukushimatakumi/Library/Developer/Xcode/DerivedData/SugarBeat-hgoxfxbbugxkfsbmqcjlbmjeaqyg/SourcePackages/checkouts/firebase-ios-sdk/FirebaseSharedSwift/Sources/third_party/FirebaseDataEncoder/FirebaseDataEncoder.swift (in target 'FirebaseSharedSwift' from project 'Firebase')
SwiftCompile normal arm64 /Users/fukushimatakumi/Library/Developer/Xcode/DerivedData/SugarBeat-hgoxfxbbugxkfsbmqcjlbmjeaqyg/SourcePackages/checkouts/firebase-ios-sdk/FirebaseSharedSwift/Sources/third_party/FirebaseDataEncoder/FirebaseDataEncoder.swift (in target 'FirebaseSharedSwift' from project 'Firebase')
    cd /Users/fukushimatakumi/develop/sugarbeat/sugarbeat-front
    

ScanDependencies /Users/fukushimatakumi/Library/Developer/Xcode/DerivedData/SugarBeat-hgoxfxbbugxkfsbmqcjlbmjeaqyg/Build/Intermediates.noindex/Firebase.build/Debug-iphonesimulator/FirebaseCoreExtension.build/Objects-normal/arm64/resource_bundle_accessor.o /Users/fukushimatakumi/Library/Developer/Xcode/DerivedData/SugarBeat-hgoxfxbbugxkfsbmqcjlbmjeaqyg/Build/Intermediates.noindex/Firebase.build/Debug-iphonesimulator/FirebaseCoreExtension.build/DerivedSources/resource_bundle_accessor.m normal arm64 objective-c com.apple.compilers.llvm.clang.1_0.compiler (in target 'FirebaseCoreExtension' from project 'Firebase')
    cd /Users/fukushimatakumi/develop/sugarbeat/sugarbeat-front
    
    Using response file: /Users/fukushimatakumi/Library/Developer/Xcode/DerivedData/SugarBeat-hgoxfxbbugxkfsbmqcjlbmjeaqyg/Build/Intermediates.noindex/Firebase.build/Debug-iphonesimulator/FirebaseCoreExtension.build/Objects-normal/arm64/e6072d4f65d7061329687fe24e3d63a7-common-args.resp
    
    builtin-ScanDependencies -o /Users/fukushimatakumi/Library/Developer/Xcode/DerivedData/SugarBeat-hgoxfxbbugxkfsbmqcjlbmjeaqyg/Build/Intermediates.noindex/Firebase.build/Debug-iphonesimulator/FirebaseCoreExtension.build/Objects-normal/arm64/resource_bundle_accessor.o.scan -- /Applications/Xcode.app/Contents/Developer/Toolchains/XcodeDefault.xctoolchain/usr/bin/clang -x objective-c -ivfsstatcache /Users/fukushimatakumi/Library/Developer/Xcode/DerivedData/SDKStatCaches.noindex/iphonesimulator18.4-22E235-71825a6d136aa4733edcbe86ece5525b.sdkstatcache -fmessage-length\=0 -fdiagnostics-show-note-include-stack -fmacro-backtrace-limit\=0 -fno-color-diagnostics -fmodules-prune-interval\=86400 -fmodules-prune-after\=345600 -fbuild-session-file\=/Users/fukushimatakumi/Library/Developer/Xcode/DerivedData/ModuleCache.noindex/Session.modulevalidation -fmodules-validate-once-per-build-session -Wnon-modular-include-in-framework-module -Werror\=non-modular-include-in-framework-module -Wno-trigraphs -Wno-missing-field-initializers -Wno-missing-prototypes -Wno-return-type -Wno-implicit-atomic-properties -Wno-objc-interface-ivars -Wno-arc-repeated-use-of-weak -Wno-missing-braces -Wparentheses -Wswitch -Wno-unused-function -Wno-unused-label -Wno-unused-parameter -Wno-unused-variable -Wunused-value -Wno-empty-body -Wno-uninitialized -Wno-unknown-pragmas -w -Wno-shadow -Wno-four-char-constants -Wno-conversion -Wno-constant-conversion -Wno-int-conversion -Wno-bool-conversion -Wno-enum-conversion -Wno-float-conversion -Wno-non-literal-null-conversion -Wno-objc-literal-conversion -Wshorten-64-to-32 -Wpointer-sign -Wno-newline-eof -Wno-selector -Wno-strict-selector-match -Wno-undeclared-selector -Wno-deprecated-implementations -Wno-implicit-fallthrough -fstrict-aliasing -Wprotocol -Wdeprecated-declarations -Wno-sign-conversion -Wno-infinite-recursion -Wno-comma -Wno-block-capture-autoreleasing -Wno-strict-prototypes -Wno-semicolon-before-method-body -index-store-path /Users/fukushimatakumi/Library/Developer/Xcode/DerivedData/SugarBeat-hgoxfxbbugxkfsbmqcjlbmjeaqyg/Index.noindex/DataStore @/Users/fukushimatakumi/Library/Developer/Xcode/DerivedData/SugarBeat-hgoxfxbbugxkfsbmqcjlbmjeaqyg/Build/Intermediates.noindex/Firebase.build/Debug-iphonesimulator/FirebaseCoreExtension.build/Objects-normal/arm64/e6072d4f65d7061329687fe24e3d63a7-common-args.resp -include /Users/fukushimatakumi/Library/Developer/Xcode/DerivedData/SugarBeat-hgoxfxbbugxkfsbmqcjlbmjeaqyg/Build/Intermediates.noindex/Firebase.build/Debug-iphonesimulator/FirebaseCoreExtension.build/DerivedSources/resource_bundle_accessor.h -MMD -MT dependencies -MF /Users/fukushimatakumi/Library/Developer/Xcode/DerivedData/SugarBeat-hgoxfxbbugxkfsbmqcjlbmjeaqyg/Build/Intermediates.noindex/Firebase.build/Debug-iphonesimulator/FirebaseCoreExtension.build/Objects-normal/arm64/resource_bundle_accessor.d --serialize-diagnostics /Users/fukushimatakumi/Library/Developer/Xcode/DerivedData/SugarBeat-hgoxfxbbugxkfsbmqcjlbmjeaqyg/Build/Intermediates.noindex/Firebase.build/Debug-iphonesimulator/FirebaseCoreExtension.build/Objects-normal/arm64/resource_bundle_accessor.dia -c /Users/fukushimatakumi/Library/Developer/Xcode/DerivedData/SugarBeat-hgoxfxbbugxkfsbmqcjlbmjeaqyg/Build/Intermediates.noindex/Firebase.build/Debug-iphonesimulator/FirebaseCoreExtension.build/DerivedSources/resource_bundle_accessor.m -o /Users/fukushimatakumi/Library/Developer/Xcode/DerivedData/SugarBeat-hgoxfxbbugxkfsbmqcjlbmjeaqyg/Build/Intermediates.noindex/Firebase.build/Debug-iphonesimulator/FirebaseCoreExtension.build/Objects-normal/arm64/resource_bundle_accessor.o -index-unit-output-path /Firebase.build/Debug-iphonesimulator/FirebaseCoreExtension.build/Objects-normal/arm64/resource_bundle_accessor.o

ScanDependencies /Users/fukushimatakumi/Library/Developer/Xcode/DerivedData/SugarBeat-hgoxfxbbugxkfsbmqcjlbmjeaqyg/Build/Intermediates.noindex/Firebase.build/Debug-iphonesimulator/FirebaseCoreExtension.build/Objects-normal/arm64/dummy.o /Users/fukushimatakumi/Library/Developer/Xcode/DerivedData/SugarBeat-hgoxfxbbugxkfsbmqcjlbmjeaqyg/SourcePackages/checkouts/firebase-ios-sdk/FirebaseCore/Extension/dummy.m normal arm64 objective-c com.apple.compilers.llvm.clang.1_0.compiler (in target 'FirebaseCoreExtension' from project 'Firebase')
    cd /Users/fukushimatakumi/develop/sugarbeat/sugarbeat-front
    
    Using response file: /Users/fukushimatakumi/Library/Developer/Xcode/DerivedData/SugarBeat-hgoxfxbbugxkfsbmqcjlbmjeaqyg/Build/Intermediates.noindex/Firebase.build/Debug-iphonesimulator/FirebaseCoreExtension.build/Objects-normal/arm64/e6072d4f65d7061329687fe24e3d63a7-common-args.resp
    
    builtin-ScanDependencies -o /Users/fukushimatakumi/Library/Developer/Xcode/DerivedData/SugarBeat-hgoxfxbbugxkfsbmqcjlbmjeaqyg/Build/Intermediates.noindex/Firebase.build/Debug-iphonesimulator/FirebaseCoreExtension.build/Objects-normal/arm64/dummy.o.scan -- /Applications/Xcode.app/Contents/Developer/Toolchains/XcodeDefault.xctoolchain/usr/bin/clang -x objective-c -ivfsstatcache /Users/fukushimatakumi/Library/Developer/Xcode/DerivedData/SDKStatCaches.noindex/iphonesimulator18.4-22E235-71825a6d136aa4733edcbe86ece5525b.sdkstatcache -fmessage-length\=0 -fdiagnostics-show-note-include-stack -fmacro-backtrace-limit\=0 -fno-color-diagnostics -fmodules-prune-interval\=86400 -fmodules-prune-after\=345600 -fbuild-session-file\=/Users/fukushimatakumi/Library/Developer/Xcode/DerivedData/ModuleCache.noindex/Session.modulevalidation -fmodules-validate-once-per-build-session -Wnon-modular-include-in-framework-module -Werror\=non-modular-include-in-framework-module -Wno-trigraphs -Wno-missing-field-initializers -Wno-missing-prototypes -Wno-return-type -Wno-implicit-atomic-properties -Wno-objc-interface-ivars -Wno-arc-repeated-use-of-weak -Wno-missing-braces -Wparentheses -Wswitch -Wno-unused-function -Wno-unused-label -Wno-unused-parameter -Wno-unused-variable -Wunused-value -Wno-empty-body -Wno-uninitialized -Wno-unknown-pragmas -w -Wno-shadow -Wno-four-char-constants -Wno-conversion -Wno-constant-conversion -Wno-int-conversion -Wno-bool-conversion -Wno-enum-conversion -Wno-float-conversion -Wno-non-literal-null-conversion -Wno-objc-literal-conversion -Wshorten-64-to-32 -Wpointer-sign -Wno-newline-eof -Wno-selector -Wno-strict-selector-match -Wno-undeclared-selector -Wno-deprecated-implementations -Wno-implicit-fallthrough -fstrict-aliasing -Wprotocol -Wdeprecated-declarations -Wno-sign-conversion -Wno-infinite-recursion -Wno-comma -Wno-block-capture-autoreleasing -Wno-strict-prototypes -Wno-semicolon-before-method-body -index-store-path /Users/fukushimatakumi/Library/Developer/Xcode/DerivedData/SugarBeat-hgoxfxbbugxkfsbmqcjlbmjeaqyg/Index.noindex/DataStore @/Users/fukushimatakumi/Library/Developer/Xcode/DerivedData/SugarBeat-hgoxfxbbugxkfsbmqcjlbmjeaqyg/Build/Intermediates.noindex/Firebase.build/Debug-iphonesimulator/FirebaseCoreExtension.build/Objects-normal/arm64/e6072d4f65d7061329687fe24e3d63a7-common-args.resp -include /Users/fukushimatakumi/Library/Developer/Xcode/DerivedData/SugarBeat-hgoxfxbbugxkfsbmqcjlbmjeaqyg/Build/Intermediates.noindex/Firebase.build/Debug-iphonesimulator/FirebaseCoreExtension.build/DerivedSources/resource_bundle_accessor.h -MMD -MT dependencies -MF /Users/fukushimatakumi/Library/Developer/Xcode/DerivedData/SugarBeat-hgoxfxbbugxkfsbmqcjlbmjeaqyg/Build/Intermediates.noindex/Firebase.build/Debug-iphonesimulator/FirebaseCoreExtension.build/Objects-normal/arm64/dummy.d --serialize-diagnostics /Users/fukushimatakumi/Library/Developer/Xcode/DerivedData/SugarBeat-hgoxfxbbugxkfsbmqcjlbmjeaqyg/Build/Intermediates.noindex/Firebase.build/Debug-iphonesimulator/FirebaseCoreExtension.build/Objects-normal/arm64/dummy.dia -c /Users/fukushimatakumi/Library/Developer/Xcode/DerivedData/SugarBeat-hgoxfxbbugxkfsbmqcjlbmjeaqyg/SourcePackages/checkouts/firebase-ios-sdk/FirebaseCore/Extension/dummy.m -o /Users/fukushimatakumi/Library/Developer/Xcode/DerivedData/SugarBeat-hgoxfxbbugxkfsbmqcjlbmjeaqyg/Build/Intermediates.noindex/Firebase.build/Debug-iphonesimulator/FirebaseCoreExtension.build/Objects-normal/arm64/dummy.o -index-unit-output-path /Firebase.build/Debug-iphonesimulator/FirebaseCoreExtension.build/Objects-normal/arm64/dummy.o

PrecompileModule /Users/fukushimatakumi/Library/Developer/Xcode/DerivedData/SugarBeat-hgoxfxbbugxkfsbmqcjlbmjeaqyg/Build/Intermediates.noindex/ExplicitPrecompiledModules/ptrauth-B16P0BA1DP1903O9OLVE7AETF.scan
    cd /Users/fukushimatakumi/develop/sugarbeat/sugarbeat-front
    builtin-precompileModule /Users/fukushimatakumi/Library/Developer/Xcode/DerivedData/SugarBeat-hgoxfxbbugxkfsbmqcjlbmjeaqyg/Build/Intermediates.noindex/ExplicitPrecompiledModules/ptrauth-B16P0BA1DP1903O9OLVE7AETF.scan

PrecompileModule /Users/fukushimatakumi/Library/Developer/Xcode/DerivedData/SugarBeat-hgoxfxbbugxkfsbmqcjlbmjeaqyg/Build/Intermediates.noindex/ExplicitPrecompiledModules/_Builtin_iso646-77AN2M2CFK8HJS0K0WGBNAWO3.scan
    cd /Users/fukushimatakumi/develop/sugarbeat/sugarbeat-front
    builtin-precompileModule /Users/fukushimatakumi/Library/Developer/Xcode/DerivedData/SugarBeat-hgoxfxbbugxkfsbmqcjlbmjeaqyg/Build/Intermediates.noindex/ExplicitPrecompiledModules/_Builtin_iso646-77AN2M2CFK8HJS0K0WGBNAWO3.scan

PrecompileModule /Users/fukushimatakumi/Library/Developer/Xcode/DerivedData/SugarBeat-hgoxfxbbugxkfsbmqcjlbmjeaqyg/Build/Intermediates.noindex/ExplicitPrecompiledModules/_fenv-6CN3HKJTXR7ZRQ5UX4OKWL5E0.scan
    cd /Users/fukushimatakumi/develop/sugarbeat/sugarbeat-front
    builtin-precompileModule /Users/fukushimatakumi/Library/Developer/Xcode/DerivedData/SugarBeat-hgoxfxbbugxkfsbmqcjlbmjeaqyg/Build/Intermediates.noindex/ExplicitPrecompiledModules/_fenv-6CN3HKJTXR7ZRQ5UX4OKWL5E0.scan

PrecompileModule /Users/fukushimatakumi/Library/Developer/Xcode/DerivedData/SugarBeat-hgoxfxbbugxkfsbmqcjlbmjeaqyg/Build/Intermediates.noindex/ExplicitPrecompiledModules/os_availability_internal-ABEP0GTF6ETG9TB1341O9DNCT.scan
    cd /Users/fukushimatakumi/develop/sugarbeat/sugarbeat-front
    builtin-precompileModule /Users/fukushimatakumi/Library/Developer/Xcode/DerivedData/SugarBeat-hgoxfxbbugxkfsbmqcjlbmjeaqyg/Build/Intermediates.noindex/ExplicitPrecompiledModules/os_availability_internal-ABEP0GTF6ETG9TB1341O9DNCT.scan

PrecompileModule /Users/fukushimatakumi/Library/Developer/Xcode/DerivedData/SugarBeat-hgoxfxbbugxkfsbmqcjlbmjeaqyg/Build/Intermediates.noindex/ExplicitPrecompiledModules/TargetConditionals-D7RXWW6INWB3C19ENR6Q01DYP.scan
    cd /Users/fukushimatakumi/develop/sugarbeat/sugarbeat-front
    builtin-precompileModule /Users/fukushimatakumi/Library/Developer/Xcode/DerivedData/SugarBeat-hgoxfxbbugxkfsbmqcjlbmjeaqyg/Build/Intermediates.noindex/ExplicitPrecompiledModules/TargetConditionals-D7RXWW6INWB3C19ENR6Q01DYP.scan

PrecompileModule /Users/fukushimatakumi/Library/Developer/Xcode/DerivedData/SugarBeat-hgoxfxbbugxkfsbmqcjlbmjeaqyg/Build/Intermediates.noindex/ExplicitPrecompiledModules/ptrcheck-64M8RB9A2LMKKOVWBUBQE36BN.scan
    cd /Users/fukushimatakumi/develop/sugarbeat/sugarbeat-front
    builtin-precompileModule /Users/fukushimatakumi/Library/Developer/Xcode/DerivedData/SugarBeat-hgoxfxbbugxkfsbmqcjlbmjeaqyg/Build/Intermediates.noindex/ExplicitPrecompiledModules/ptrcheck-64M8RB9A2LMKKOVWBUBQE36BN.scan

PrecompileModule /Users/fukushimatakumi/Library/Developer/Xcode/DerivedData/SugarBeat-hgoxfxbbugxkfsbmqcjlbmjeaqyg/Build/Intermediates.noindex/ExplicitPrecompiledModules/os_availability-6KDWVLIZPUVEY66KT9PFI8ZDD.scan
    cd /Users/fukushimatakumi/develop/sugarbeat/sugarbeat-front
    builtin-precompileModule /Users/fukushimatakumi/Library/Developer/Xcode/DerivedData/SugarBeat-hgoxfxbbugxkfsbmqcjlbmjeaqyg/Build/Intermediates.noindex/ExplicitPrecompiledModules/os_availability-6KDWVLIZPUVEY66KT9PFI8ZDD.scan

PrecompileModule /Users/fukushimatakumi/Library/Developer/Xcode/DerivedData/SugarBeat-hgoxfxbbugxkfsbmqcjlbmjeaqyg/Build/Intermediates.noindex/ExplicitPrecompiledModules/_float-2KDSG5CAF1WKWIXZTEXEOQGD8.scan
    cd /Users/fukushimatakumi/develop/sugarbeat/sugarbeat-front
    builtin-precompileModule /Users/fukushimatakumi/Library/Developer/Xcode/DerivedData/SugarBeat-hgoxfxbbugxkfsbmqcjlbmjeaqyg/Build/Intermediates.noindex/ExplicitPrecompiledModules/_float-2KDSG5CAF1WKWIXZTEXEOQGD8.scan

PrecompileModule /Users/fukushimatakumi/Library/Developer/Xcode/DerivedData/SugarBeat-hgoxfxbbugxkfsbmqcjlbmjeaqyg/Build/Intermediates.noindex/ExplicitPrecompiledModules/_Builtin_stdbool-6XR2W1W01O2ST6MUZ2T2WG8BG.scan
    cd /Users/fukushimatakumi/develop/sugarbeat/sugarbeat-front
    builtin-precompileModule /Users/fukushimatakumi/Library/Developer/Xcode/DerivedData/SugarBeat-hgoxfxbbugxkfsbmqcjlbmjeaqyg/Build/Intermediates.noindex/ExplicitPrecompiledModules/_Builtin_stdbool-6XR2W1W01O2ST6MUZ2T2WG8BG.scan

PrecompileModule /Users/fukushimatakumi/Library/Developer/Xcode/DerivedData/SugarBeat-hgoxfxbbugxkfsbmqcjlbmjeaqyg/Build/Intermediates.noindex/ExplicitPrecompiledModules/_Builtin_stdarg-CON0JCNZESCRQT7E0LRDXW0MB.scan
    cd /Users/fukushimatakumi/develop/sugarbeat/sugarbeat-front
    builtin-precompileModule /Users/fukushimatakumi/Library/Developer/Xcode/DerivedData/SugarBeat-hgoxfxbbugxkfsbmqcjlbmjeaqyg/Build/Intermediates.noindex/ExplicitPrecompiledModules/_Builtin_stdarg-CON0JCNZESCRQT7E0LRDXW0MB.scan

PrecompileModule /Users/fukushimatakumi/Library/Developer/Xcode/DerivedData/SugarBeat-hgoxfxbbugxkfsbmqcjlbmjeaqyg/Build/Intermediates.noindex/ExplicitPrecompiledModules/_Builtin_stddef-AO6A4VW6G5VEBAQTPUHGSLRYJ.scan
    cd /Users/fukushimatakumi/develop/sugarbeat/sugarbeat-front
    builtin-precompileModule /Users/fukushimatakumi/Library/Developer/Xcode/DerivedData/SugarBeat-hgoxfxbbugxkfsbmqcjlbmjeaqyg/Build/Intermediates.noindex/ExplicitPrecompiledModules/_Builtin_stddef-AO6A4VW6G5VEBAQTPUHGSLRYJ.scan

PrecompileModule /Users/fukushimatakumi/Library/Developer/Xcode/DerivedData/SugarBeat-hgoxfxbbugxkfsbmqcjlbmjeaqyg/Build/Intermediates.noindex/ExplicitPrecompiledModules/AvailabilityMacros-A38CAPWBVTIYEV1HS22BEV7ZT.scan
    cd /Users/fukushimatakumi/develop/sugarbeat/sugarbeat-front
    builtin-precompileModule /Users/fukushimatakumi/Library/Developer/Xcode/DerivedData/SugarBeat-hgoxfxbbugxkfsbmqcjlbmjeaqyg/Build/Intermediates.noindex/ExplicitPrecompiledModules/AvailabilityMacros-A38CAPWBVTIYEV1HS22BEV7ZT.scan

ScanDependencies /Users/fukushimatakumi/Library/Developer/Xcode/DerivedData/SugarBeat-hgoxfxbbugxkfsbmqcjlbmjeaqyg/Build/Intermediates.noindex/Promises.build/Debug-iphonesimulator/FBLPromises.build/Objects-normal/arm64/resource_bundle_accessor.o /Users/fukushimatakumi/Library/Developer/Xcode/DerivedData/SugarBeat-hgoxfxbbugxkfsbmqcjlbmjeaqyg/Build/Intermediates.noindex/Promises.build/Debug-iphonesimulator/FBLPromises.build/DerivedSources/resource_bundle_accessor.m normal arm64 objective-c com.apple.compilers.llvm.clang.1_0.compiler (in target 'FBLPromises' from project 'Promises')
    cd /Users/fukushimatakumi/develop/sugarbeat/sugarbeat-front
    
    Using response file: /Users/fukushimatakumi/Library/Developer/Xcode/DerivedData/SugarBeat-hgoxfxbbugxkfsbmqcjlbmjeaqyg/Build/Intermediates.noindex/Promises.build/Debug-iphonesimulator/FBLPromises.build/Objects-normal/arm64/e6072d4f65d7061329687fe24e3d63a7-common-args.resp
    
    builtin-ScanDependencies -o /Users/fukushimatakumi/Library/Developer/Xcode/DerivedData/SugarBeat-hgoxfxbbugxkfsbmqcjlbmjeaqyg/Build/Intermediates.noindex/Promises.build/Debug-iphonesimulator/FBLPromises.build/Objects-normal/arm64/resource_bundle_accessor.o.scan -- /Applications/Xcode.app/Contents/Developer/Toolchains/XcodeDefault.xctoolchain/usr/bin/clang -x objective-c -ivfsstatcache /Users/fukushimatakumi/Library/Developer/Xcode/DerivedData/SDKStatCaches.noindex/iphonesimulator18.4-22E235-71825a6d136aa4733edcbe86ece5525b.sdkstatcache -fmessage-length\=0 -fdiagnostics-show-note-include-stack -fmacro-backtrace-limit\=0 -fno-color-diagnostics -fmodules-prune-interval\=86400 -fmodules-prune-after\=345600 -fbuild-session-file\=/Users/fukushimatakumi/Library/Developer/Xcode/DerivedData/ModuleCache.noindex/Session.modulevalidation -fmodules-validate-once-per-build-session -Wnon-modular-include-in-framework-module -Werror\=non-modular-include-in-framework-module -Wno-trigraphs -Wno-missing-field-initializers -Wno-missing-prototypes -Wno-return-type -Wno-implicit-atomic-properties -Wno-objc-interface-ivars -Wno-arc-repeated-use-of-weak -Wno-missing-braces -Wparentheses -Wswitch -Wno-unused-function -Wno-unused-label -Wno-unused-parameter -Wno-unused-variable -Wunused-value -Wno-empty-body -Wno-uninitialized -Wno-unknown-pragmas -w -Wno-shadow -Wno-four-char-constants -Wno-conversion -Wno-constant-conversion -Wno-int-conversion -Wno-bool-conversion -Wno-enum-conversion -Wno-float-conversion -Wno-non-literal-null-conversion -Wno-objc-literal-conversion -Wshorten-64-to-32 -Wpointer-sign -Wno-newline-eof -Wno-selector -Wno-strict-selector-match -Wno-undeclared-selector -Wno-deprecated-implementations -Wno-implicit-fallthrough -fstrict-aliasing -Wprotocol -Wdeprecated-declarations -Wno-sign-conversion -Wno-infinite-recursion -Wno-comma -Wno-block-capture-autoreleasing -Wno-strict-prototypes -Wno-semicolon-before-method-body -index-store-path /Users/fukushimatakumi/Library/Developer/Xcode/DerivedData/SugarBeat-hgoxfxbbugxkfsbmqcjlbmjeaqyg/Index.noindex/DataStore @/Users/fukushimatakumi/Library/Developer/Xcode/DerivedData/SugarBeat-hgoxfxbbugxkfsbmqcjlbmjeaqyg/Build/Intermediates.noindex/Promises.build/Debug-iphonesimulator/FBLPromises.build/Objects-normal/arm64/e6072d4f65d7061329687fe24e3d63a7-common-args.resp -include /Users/fukushimatakumi/Library/Developer/Xcode/DerivedData/SugarBeat-hgoxfxbbugxkfsbmqcjlbmjeaqyg/Build/Intermediates.noindex/Promises.build/Debug-iphonesimulator/FBLPromises.build/DerivedSources/resource_bundle_accessor.h -MMD -MT dependencies -MF /Users/fukushimatakumi/Library/Developer/Xcode/DerivedData/SugarBeat-hgoxfxbbugxkfsbmqcjlbmjeaqyg/Build/Intermediates.noindex/Promises.build/Debug-iphonesimulator/FBLPromises.build/Objects-normal/arm64/resource_bundle_accessor.d --serialize-diagnostics /Users/fukushimatakumi/Library/Developer/Xcode/DerivedData/SugarBeat-hgoxfxbbugxkfsbmqcjlbmjeaqyg/Build/Intermediates.noindex/Promises.build/Debug-iphonesimulator/FBLPromises.build/Objects-normal/arm64/resource_bundle_accessor.dia -c /Users/fukushimatakumi/Library/Developer/Xcode/DerivedData/SugarBeat-hgoxfxbbugxkfsbmqcjlbmjeaqyg/Build/Intermediates.noindex/Promises.build/Debug-iphonesimulator/FBLPromises.build/DerivedSources/resource_bundle_accessor.m -o /Users/fukushimatakumi/Library/Developer/Xcode/DerivedData/SugarBeat-hgoxfxbbugxkfsbmqcjlbmjeaqyg/Build/Intermediates.noindex/Promises.build/Debug-iphonesimulator/FBLPromises.build/Objects-normal/arm64/resource_bundle_accessor.o -index-unit-output-path /Promises.build/Debug-iphonesimulator/FBLPromises.build/Objects-normal/arm64/resource_bundle_accessor.o

ScanDependencies /Users/fukushimatakumi/Library/Developer/Xcode/DerivedData/SugarBeat-hgoxfxbbugxkfsbmqcjlbmjeaqyg/Build/Intermediates.noindex/Promises.build/Debug-iphonesimulator/FBLPromises.build/Objects-normal/arm64/FBLPromiseError.o /Users/fukushimatakumi/Library/Developer/Xcode/DerivedData/SugarBeat-hgoxfxbbugxkfsbmqcjlbmjeaqyg/SourcePackages/checkouts/promises/Sources/FBLPromises/FBLPromiseError.m normal arm64 objective-c com.apple.compilers.llvm.clang.1_0.compiler (in target 'FBLPromises' from project 'Promises')
    cd /Users/fukushimatakumi/develop/sugarbeat/sugarbeat-front
    
    Using response file: /Users/fukushimatakumi/Library/Developer/Xcode/DerivedData/SugarBeat-hgoxfxbbugxkfsbmqcjlbmjeaqyg/Build/Intermediates.noindex/Promises.build/Debug-iphonesimulator/FBLPromises.build/Objects-normal/arm64/e6072d4f65d7061329687fe24e3d63a7-common-args.resp
    
    builtin-ScanDependencies -o /Users/fukushimatakumi/Library/Developer/Xcode/DerivedData/SugarBeat-hgoxfxbbugxkfsbmqcjlbmjeaqyg/Build/Intermediates.noindex/Promises.build/Debug-iphonesimulator/FBLPromises.build/Objects-normal/arm64/FBLPromiseError.o.scan -- /Applications/Xcode.app/Contents/Developer/Toolchains/XcodeDefault.xctoolchain/usr/bin/clang -x objective-c -ivfsstatcache /Users/fukushimatakumi/Library/Developer/Xcode/DerivedData/SDKStatCaches.noindex/iphonesimulator18.4-22E235-71825a6d136aa4733edcbe86ece5525b.sdkstatcache -fmessage-length\=0 -fdiagnostics-show-note-include-stack -fmacro-backtrace-limit\=0 -fno-color-diagnostics -fmodules-prune-interval\=86400 -fmodules-prune-after\=345600 -fbuild-session-file\=/Users/fukushimatakumi/Library/Developer/Xcode/DerivedData/ModuleCache.noindex/Session.modulevalidation -fmodules-validate-once-per-build-session -Wnon-modular-include-in-framework-module -Werror\=non-modular-include-in-framework-module -Wno-trigraphs -Wno-missing-field-initializers -Wno-missing-prototypes -Wno-return-type -Wno-implicit-atomic-properties -Wno-objc-interface-ivars -Wno-arc-repeated-use-of-weak -Wno-missing-braces -Wparentheses -Wswitch -Wno-unused-function -Wno-unused-label -Wno-unused-parameter -Wno-unused-variable -Wunused-value -Wno-empty-body -Wno-uninitialized -Wno-unknown-pragmas -w -Wno-shadow -Wno-four-char-constants -Wno-conversion -Wno-constant-conversion -Wno-int-conversion -Wno-bool-conversion -Wno-enum-conversion -Wno-float-conversion -Wno-non-literal-null-conversion -Wno-objc-literal-conversion -Wshorten-64-to-32 -Wpointer-sign -Wno-newline-eof -Wno-selector -Wno-strict-selector-match -Wno-undeclared-selector -Wno-deprecated-implementations -Wno-implicit-fallthrough -fstrict-aliasing -Wprotocol -Wdeprecated-declarations -Wno-sign-conversion -Wno-infinite-recursion -Wno-comma -Wno-block-capture-autoreleasing -Wno-strict-prototypes -Wno-semicolon-before-method-body -index-store-path /Users/fukushimatakumi/Library/Developer/Xcode/DerivedData/SugarBeat-hgoxfxbbugxkfsbmqcjlbmjeaqyg/Index.noindex/DataStore @/Users/fukushimatakumi/Library/Developer/Xcode/DerivedData/SugarBeat-hgoxfxbbugxkfsbmqcjlbmjeaqyg/Build/Intermediates.noindex/Promises.build/Debug-iphonesimulator/FBLPromises.build/Objects-normal/arm64/e6072d4f65d7061329687fe24e3d63a7-common-args.resp -include /Users/fukushimatakumi/Library/Developer/Xcode/DerivedData/SugarBeat-hgoxfxbbugxkfsbmqcjlbmjeaqyg/Build/Intermediates.noindex/Promises.build/Debug-iphonesimulator/FBLPromises.build/DerivedSources/resource_bundle_accessor.h -MMD -MT dependencies -MF /Users/fukushimatakumi/Library/Developer/Xcode/DerivedData/SugarBeat-hgoxfxbbugxkfsbmqcjlbmjeaqyg/Build/Intermediates.noindex/Promises.build/Debug-iphonesimulator/FBLPromises.build/Objects-normal/arm64/FBLPromiseError.d --serialize-diagnostics /Users/fukushimatakumi/Library/Developer/Xcode/DerivedData/SugarBeat-hgoxfxbbugxkfsbmqcjlbmjeaqyg/Build/Intermediates.noindex/Promises.build/Debug-iphonesimulator/FBLPromises.build/Objects-normal/arm64/FBLPromiseError.dia -c /Users/fukushimatakumi/Library/Developer/Xcode/DerivedData/SugarBeat-hgoxfxbbugxkfsbmqcjlbmjeaqyg/SourcePackages/checkouts/promises/Sources/FBLPromises/FBLPromiseError.m -o /Users/fukushimatakumi/Library/Developer/Xcode/DerivedData/SugarBeat-hgoxfxbbugxkfsbmqcjlbmjeaqyg/Build/Intermediates.noindex/Promises.build/Debug-iphonesimulator/FBLPromises.build/Objects-normal/arm64/FBLPromiseError.o -index-unit-output-path /Promises.build/Debug-iphonesimulator/FBLPromises.build/Objects-normal/arm64/FBLPromiseError.o

ScanDependencies /Users/fukushimatakumi/Library/Developer/Xcode/DerivedData/SugarBeat-hgoxfxbbugxkfsbmqcjlbmjeaqyg/Build/Intermediates.noindex/Promises.build/Debug-iphonesimulator/FBLPromises.build/Objects-normal/arm64/FBLPromise.o /Users/fukushimatakumi/Library/Developer/Xcode/DerivedData/SugarBeat-hgoxfxbbugxkfsbmqcjlbmjeaqyg/SourcePackages/checkouts/promises/Sources/FBLPromises/FBLPromise.m normal arm64 objective-c com.apple.compilers.llvm.clang.1_0.compiler (in target 'FBLPromises' from project 'Promises')
    cd /Users/fukushimatakumi/develop/sugarbeat/sugarbeat-front
    
    Using response file: /Users/fukushimatakumi/Library/Developer/Xcode/DerivedData/SugarBeat-hgoxfxbbugxkfsbmqcjlbmjeaqyg/Build/Intermediates.noindex/Promises.build/Debug-iphonesimulator/FBLPromises.build/Objects-normal/arm64/e6072d4f65d7061329687fe24e3d63a7-common-args.resp
    
    builtin-ScanDependencies -o /Users/fukushimatakumi/Library/Developer/Xcode/DerivedData/SugarBeat-hgoxfxbbugxkfsbmqcjlbmjeaqyg/Build/Intermediates.noindex/Promises.build/Debug-iphonesimulator/FBLPromises.build/Objects-normal/arm64/FBLPromise.o.scan -- /Applications/Xcode.app/Contents/Developer/Toolchains/XcodeDefault.xctoolchain/usr/bin/clang -x objective-c -ivfsstatcache /Users/fukushimatakumi/Library/Developer/Xcode/DerivedData/SDKStatCaches.noindex/iphonesimulator18.4-22E235-71825a6d136aa4733edcbe86ece5525b.sdkstatcache -fmessage-length\=0 -fdiagnostics-show-note-include-stack -fmacro-backtrace-limit\=0 -fno-color-diagnostics -fmodules-prune-interval\=86400 -fmodules-prune-after\=345600 -fbuild-session-file\=/Users/fukushimatakumi/Library/Developer/Xcode/DerivedData/ModuleCache.noindex/Session.modulevalidation -fmodules-validate-once-per-build-session -Wnon-modular-include-in-framework-module -Werror\=non-modular-include-in-framework-module -Wno-trigraphs -Wno-missing-field-initializers -Wno-missing-prototypes -Wno-return-type -Wno-implicit-atomic-properties -Wno-objc-interface-ivars -Wno-arc-repeated-use-of-weak -Wno-missing-braces -Wparentheses -Wswitch -Wno-unused-function -Wno-unused-label -Wno-unused-parameter -Wno-unused-variable -Wunused-value -Wno-empty-body -Wno-uninitialized -Wno-unknown-pragmas -w -Wno-shadow -Wno-four-char-constants -Wno-conversion -Wno-constant-conversion -Wno-int-conversion -Wno-bool-conversion -Wno-enum-conversion -Wno-float-conversion -Wno-non-literal-null-conversion -Wno-objc-literal-conversion -Wshorten-64-to-32 -Wpointer-sign -Wno-newline-eof -Wno-selector -Wno-strict-selector-match -Wno-undeclared-selector -Wno-deprecated-implementations -Wno-implicit-fallthrough -fstrict-aliasing -Wprotocol -Wdeprecated-declarations -Wno-sign-conversion -Wno-infinite-recursion -Wno-comma -Wno-block-capture-autoreleasing -Wno-strict-prototypes -Wno-semicolon-before-method-body -index-store-path /Users/fukushimatakumi/Library/Developer/Xcode/DerivedData/SugarBeat-hgoxfxbbugxkfsbmqcjlbmjeaqyg/Index.noindex/DataStore @/Users/fukushimatakumi/Library/Developer/Xcode/DerivedData/SugarBeat-hgoxfxbbugxkfsbmqcjlbmjeaqyg/Build/Intermediates.noindex/Promises.build/Debug-iphonesimulator/FBLPromises.build/Objects-normal/arm64/e6072d4f65d7061329687fe24e3d63a7-common-args.resp -include /Users/fukushimatakumi/Library/Developer/Xcode/DerivedData/SugarBeat-hgoxfxbbugxkfsbmqcjlbmjeaqyg/Build/Intermediates.noindex/Promises.build/Debug-iphonesimulator/FBLPromises.build/DerivedSources/resource_bundle_accessor.h -MMD -MT dependencies -MF /Users/fukushimatakumi/Library/Developer/Xcode/DerivedData/SugarBeat-hgoxfxbbugxkfsbmqcjlbmjeaqyg/Build/Intermediates.noindex/Promises.build/Debug-iphonesimulator/FBLPromises.build/Objects-normal/arm64/FBLPromise.d --serialize-diagnostics /Users/fukushimatakumi/Library/Developer/Xcode/DerivedData/SugarBeat-hgoxfxbbugxkfsbmqcjlbmjeaqyg/Build/Intermediates.noindex/Promises.build/Debug-iphonesimulator/FBLPromises.build/Objects-normal/arm64/FBLPromise.dia -c /Users/fukushimatakumi/Library/Developer/Xcode/DerivedData/SugarBeat-hgoxfxbbugxkfsbmqcjlbmjeaqyg/SourcePackages/checkouts/promises/Sources/FBLPromises/FBLPromise.m -o /Users/fukushimatakumi/Library/Developer/Xcode/DerivedData/SugarBeat-hgoxfxbbugxkfsbmqcjlbmjeaqyg/Build/Intermediates.noindex/Promises.build/Debug-iphonesimulator/FBLPromises.build/Objects-normal/arm64/FBLPromise.o -index-unit-output-path /Promises.build/Debug-iphonesimulator/FBLPromises.build/Objects-normal/arm64/FBLPromise.o

SwiftDriverJobDiscovery normal arm64 Compiling FirebaseRemoteConfigValueDecoding.swift (in target 'FirebaseSharedSwift' from project 'Firebase')

PrecompileModule /Users/fukushimatakumi/Library/Developer/Xcode/DerivedData/SugarBeat-hgoxfxbbugxkfsbmqcjlbmjeaqyg/Build/Intermediates.noindex/ExplicitPrecompiledModules/_Builtin_iso646-1RAYSSUIINT1HF5BZO1OJGS5I.scan
    cd /Users/fukushimatakumi/develop/sugarbeat/sugarbeat-front
    builtin-precompileModule /Users/fukushimatakumi/Library/Developer/Xcode/DerivedData/SugarBeat-hgoxfxbbugxkfsbmqcjlbmjeaqyg/Build/Intermediates.noindex/ExplicitPrecompiledModules/_Builtin_iso646-1RAYSSUIINT1HF5BZO1OJGS5I.scan

PrecompileModule /Users/fukushimatakumi/Library/Developer/Xcode/DerivedData/SugarBeat-hgoxfxbbugxkfsbmqcjlbmjeaqyg/Build/Intermediates.noindex/ExplicitPrecompiledModules/_float-EW3UYQ5X3BDUHYABBURVOBA9E.scan
    cd /Users/fukushimatakumi/develop/sugarbeat/sugarbeat-front
    builtin-precompileModule /Users/fukushimatakumi/Library/Developer/Xcode/DerivedData/SugarBeat-hgoxfxbbugxkfsbmqcjlbmjeaqyg/Build/Intermediates.noindex/ExplicitPrecompiledModules/_float-EW3UYQ5X3BDUHYABBURVOBA9E.scan

PrecompileModule /Users/fukushimatakumi/Library/Developer/Xcode/DerivedData/SugarBeat-hgoxfxbbugxkfsbmqcjlbmjeaqyg/Build/Intermediates.noindex/ExplicitPrecompiledModules/_fenv-ENDTQOQSYG2FW1V7NSW0ZGBJQ.scan
    cd /Users/fukushimatakumi/develop/sugarbeat/sugarbeat-front
    builtin-precompileModule /Users/fukushimatakumi/Library/Developer/Xcode/DerivedData/SugarBeat-hgoxfxbbugxkfsbmqcjlbmjeaqyg/Build/Intermediates.noindex/ExplicitPrecompiledModules/_fenv-ENDTQOQSYG2FW1V7NSW0ZGBJQ.scan

PrecompileModule /Users/fukushimatakumi/Library/Developer/Xcode/DerivedData/SugarBeat-hgoxfxbbugxkfsbmqcjlbmjeaqyg/Build/Intermediates.noindex/ExplicitPrecompiledModules/os_availability_internal-385TZTS5I07L936Q3WIMJZGHE.scan
    cd /Users/fukushimatakumi/develop/sugarbeat/sugarbeat-front
    builtin-precompileModule /Users/fukushimatakumi/Library/Developer/Xcode/DerivedData/SugarBeat-hgoxfxbbugxkfsbmqcjlbmjeaqyg/Build/Intermediates.noindex/ExplicitPrecompiledModules/os_availability_internal-385TZTS5I07L936Q3WIMJZGHE.scan

PrecompileModule /Users/fukushimatakumi/Library/Developer/Xcode/DerivedData/SugarBeat-hgoxfxbbugxkfsbmqcjlbmjeaqyg/Build/Intermediates.noindex/ExplicitPrecompiledModules/_Builtin_stddef-35FHXAQBMRRCUPGP42UH0ZE1P.scan
    cd /Users/fukushimatakumi/develop/sugarbeat/sugarbeat-front
    builtin-precompileModule /Users/fukushimatakumi/Library/Developer/Xcode/DerivedData/SugarBeat-hgoxfxbbugxkfsbmqcjlbmjeaqyg/Build/Intermediates.noindex/ExplicitPrecompiledModules/_Builtin_stddef-35FHXAQBMRRCUPGP42UH0ZE1P.scan

PrecompileModule /Users/fukushimatakumi/Library/Developer/Xcode/DerivedData/SugarBeat-hgoxfxbbugxkfsbmqcjlbmjeaqyg/Build/Intermediates.noindex/ExplicitPrecompiledModules/DarwinFoundation-4Z4ZHMB66MMH8IZT0UMQGA2HI.scan
    cd /Users/fukushimatakumi/develop/sugarbeat/sugarbeat-front
    builtin-precompileModule /Users/fukushimatakumi/Library/Developer/Xcode/DerivedData/SugarBeat-hgoxfxbbugxkfsbmqcjlbmjeaqyg/Build/Intermediates.noindex/ExplicitPrecompiledModules/DarwinFoundation-4Z4ZHMB66MMH8IZT0UMQGA2HI.scan

PrecompileModule /Users/fukushimatakumi/Library/Developer/Xcode/DerivedData/SugarBeat-hgoxfxbbugxkfsbmqcjlbmjeaqyg/Build/Intermediates.noindex/ExplicitPrecompiledModules/_Builtin_stdbool-EGFBST1DY9K42UZN6YUOMGIFO.scan
    cd /Users/fukushimatakumi/develop/sugarbeat/sugarbeat-front
    builtin-precompileModule /Users/fukushimatakumi/Library/Developer/Xcode/DerivedData/SugarBeat-hgoxfxbbugxkfsbmqcjlbmjeaqyg/Build/Intermediates.noindex/ExplicitPrecompiledModules/_Builtin_stdbool-EGFBST1DY9K42UZN6YUOMGIFO.scan

PrecompileModule /Users/fukushimatakumi/Library/Developer/Xcode/DerivedData/SugarBeat-hgoxfxbbugxkfsbmqcjlbmjeaqyg/Build/Intermediates.noindex/ExplicitPrecompiledModules/ptrauth-95ADUP4QUN66UBXBFUV6NQCJT.scan
    cd /Users/fukushimatakumi/develop/sugarbeat/sugarbeat-front
    builtin-precompileModule /Users/fukushimatakumi/Library/Developer/Xcode/DerivedData/SugarBeat-hgoxfxbbugxkfsbmqcjlbmjeaqyg/Build/Intermediates.noindex/ExplicitPrecompiledModules/ptrauth-95ADUP4QUN66UBXBFUV6NQCJT.scan

PrecompileModule /Users/fukushimatakumi/Library/Developer/Xcode/DerivedData/SugarBeat-hgoxfxbbugxkfsbmqcjlbmjeaqyg/Build/Intermediates.noindex/ExplicitPrecompiledModules/ptrcheck-45ZIBEWUB04P61UFJOO7EGHJG.scan
    cd /Users/fukushimatakumi/develop/sugarbeat/sugarbeat-front
    builtin-precompileModule /Users/fukushimatakumi/Library/Developer/Xcode/DerivedData/SugarBeat-hgoxfxbbugxkfsbmqcjlbmjeaqyg/Build/Intermediates.noindex/ExplicitPrecompiledModules/ptrcheck-45ZIBEWUB04P61UFJOO7EGHJG.scan

PrecompileModule /Users/fukushimatakumi/Library/Developer/Xcode/DerivedData/SugarBeat-hgoxfxbbugxkfsbmqcjlbmjeaqyg/Build/Intermediates.noindex/ExplicitPrecompiledModules/_Builtin_stdarg-CBIQWZQEHVIDT0ZF4522ECX5W.scan
    cd /Users/fukushimatakumi/develop/sugarbeat/sugarbeat-front
    builtin-precompileModule /Users/fukushimatakumi/Library/Developer/Xcode/DerivedData/SugarBeat-hgoxfxbbugxkfsbmqcjlbmjeaqyg/Build/Intermediates.noindex/ExplicitPrecompiledModules/_Builtin_stdarg-CBIQWZQEHVIDT0ZF4522ECX5W.scan

PrecompileModule /Users/fukushimatakumi/Library/Developer/Xcode/DerivedData/SugarBeat-hgoxfxbbugxkfsbmqcjlbmjeaqyg/Build/Intermediates.noindex/ExplicitPrecompiledModules/_Builtin_float-537UB3QAAMMQ8715NX6DDXL16.scan
    cd /Users/fukushimatakumi/develop/sugarbeat/sugarbeat-front
    builtin-precompileModule /Users/fukushimatakumi/Library/Developer/Xcode/DerivedData/SugarBeat-hgoxfxbbugxkfsbmqcjlbmjeaqyg/Build/Intermediates.noindex/ExplicitPrecompiledModules/_Builtin_float-537UB3QAAMMQ8715NX6DDXL16.scan

PrecompileModule /Users/fukushimatakumi/Library/Developer/Xcode/DerivedData/SugarBeat-hgoxfxbbugxkfsbmqcjlbmjeaqyg/Build/Intermediates.noindex/ExplicitPrecompiledModules/os_availability-7Q06CSL7CVIIT9GREEYII734V.scan
    cd /Users/fukushimatakumi/develop/sugarbeat/sugarbeat-front
    builtin-precompileModule /Users/fukushimatakumi/Library/Developer/Xcode/DerivedData/SugarBeat-hgoxfxbbugxkfsbmqcjlbmjeaqyg/Build/Intermediates.noindex/ExplicitPrecompiledModules/os_availability-7Q06CSL7CVIIT9GREEYII734V.scan

PrecompileModule /Users/fukushimatakumi/Library/Developer/Xcode/DerivedData/SugarBeat-hgoxfxbbugxkfsbmqcjlbmjeaqyg/Build/Intermediates.noindex/ExplicitPrecompiledModules/_assert-9TMYCZZ2FGK76LO66QXI56SPG.scan
    cd /Users/fukushimatakumi/develop/sugarbeat/sugarbeat-front
    builtin-precompileModule /Users/fukushimatakumi/Library/Developer/Xcode/DerivedData/SugarBeat-hgoxfxbbugxkfsbmqcjlbmjeaqyg/Build/Intermediates.noindex/ExplicitPrecompiledModules/_assert-9TMYCZZ2FGK76LO66QXI56SPG.scan

PrecompileModule /Users/fukushimatakumi/Library/Developer/Xcode/DerivedData/SugarBeat-hgoxfxbbugxkfsbmqcjlbmjeaqyg/Build/Intermediates.noindex/ExplicitPrecompiledModules/_math-CA0ZQ6QHSXMN7MTMI7CTQWYY4.scan
    cd /Users/fukushimatakumi/develop/sugarbeat/sugarbeat-front
    builtin-precompileModule /Users/fukushimatakumi/Library/Developer/Xcode/DerivedData/SugarBeat-hgoxfxbbugxkfsbmqcjlbmjeaqyg/Build/Intermediates.noindex/ExplicitPrecompiledModules/_math-CA0ZQ6QHSXMN7MTMI7CTQWYY4.scan

PrecompileModule /Users/fukushimatakumi/Library/Developer/Xcode/DerivedData/SugarBeat-hgoxfxbbugxkfsbmqcjlbmjeaqyg/Build/Intermediates.noindex/ExplicitPrecompiledModules/_strings-5Z0FSNBAUP6J308Z6I9IJK689.scan
    cd /Users/fukushimatakumi/develop/sugarbeat/sugarbeat-front
    builtin-precompileModule /Users/fukushimatakumi/Library/Developer/Xcode/DerivedData/SugarBeat-hgoxfxbbugxkfsbmqcjlbmjeaqyg/Build/Intermediates.noindex/ExplicitPrecompiledModules/_strings-5Z0FSNBAUP6J308Z6I9IJK689.scan

PrecompileModule /Users/fukushimatakumi/Library/Developer/Xcode/DerivedData/SugarBeat-hgoxfxbbugxkfsbmqcjlbmjeaqyg/Build/Intermediates.noindex/ExplicitPrecompiledModules/mach-5O72GVA36XG5LCDLXRHWQ76H7.scan
    cd /Users/fukushimatakumi/develop/sugarbeat/sugarbeat-front
    builtin-precompileModule /Users/fukushimatakumi/Library/Developer/Xcode/DerivedData/SugarBeat-hgoxfxbbugxkfsbmqcjlbmjeaqyg/Build/Intermediates.noindex/ExplicitPrecompiledModules/mach-5O72GVA36XG5LCDLXRHWQ76H7.scan

PrecompileModule /Users/fukushimatakumi/Library/Developer/Xcode/DerivedData/SugarBeat-hgoxfxbbugxkfsbmqcjlbmjeaqyg/Build/Intermediates.noindex/ExplicitPrecompiledModules/_sys_select-41ZLC67GPIKLHZJ1S1WR9REDB.scan
    cd /Users/fukushimatakumi/develop/sugarbeat/sugarbeat-front
    builtin-precompileModule /Users/fukushimatakumi/Library/Developer/Xcode/DerivedData/SugarBeat-hgoxfxbbugxkfsbmqcjlbmjeaqyg/Build/Intermediates.noindex/ExplicitPrecompiledModules/_sys_select-41ZLC67GPIKLHZJ1S1WR9REDB.scan

PrecompileModule /Users/fukushimatakumi/Library/Developer/Xcode/DerivedData/SugarBeat-hgoxfxbbugxkfsbmqcjlbmjeaqyg/Build/Intermediates.noindex/ExplicitPrecompiledModules/_errno-3K958DB9VAFPD97JP9VUKK0GV.scan
    cd /Users/fukushimatakumi/develop/sugarbeat/sugarbeat-front
    builtin-precompileModule /Users/fukushimatakumi/Library/Developer/Xcode/DerivedData/SugarBeat-hgoxfxbbugxkfsbmqcjlbmjeaqyg/Build/Intermediates.noindex/ExplicitPrecompiledModules/_errno-3K958DB9VAFPD97JP9VUKK0GV.scan

PrecompileModule /Users/fukushimatakumi/Library/Developer/Xcode/DerivedData/SugarBeat-hgoxfxbbugxkfsbmqcjlbmjeaqyg/Build/Intermediates.noindex/ExplicitPrecompiledModules/netinet_in-3R3AISCXO8Y586YHJ5YFY0DHT.scan
    cd /Users/fukushimatakumi/develop/sugarbeat/sugarbeat-front
    builtin-precompileModule /Users/fukushimatakumi/Library/Developer/Xcode/DerivedData/SugarBeat-hgoxfxbbugxkfsbmqcjlbmjeaqyg/Build/Intermediates.noindex/ExplicitPrecompiledModules/netinet_in-3R3AISCXO8Y586YHJ5YFY0DHT.scan

PrecompileModule /Users/fukushimatakumi/Library/Developer/Xcode/DerivedData/SugarBeat-hgoxfxbbugxkfsbmqcjlbmjeaqyg/Build/Intermediates.noindex/ExplicitPrecompiledModules/_setjmp-57QNPR1FNFWRIGXEXYCBMD7GM.scan
    cd /Users/fukushimatakumi/develop/sugarbeat/sugarbeat-front
    builtin-precompileModule /Users/fukushimatakumi/Library/Developer/Xcode/DerivedData/SugarBeat-hgoxfxbbugxkfsbmqcjlbmjeaqyg/Build/Intermediates.noindex/ExplicitPrecompiledModules/_setjmp-57QNPR1FNFWRIGXEXYCBMD7GM.scan

PrecompileModule /Users/fukushimatakumi/Library/Developer/Xcode/DerivedData/SugarBeat-hgoxfxbbugxkfsbmqcjlbmjeaqyg/Build/Intermediates.noindex/ExplicitPrecompiledModules/uuid-7JHRI6NMZ7QSA233ESG25W7PG.scan
    cd /Users/fukushimatakumi/develop/sugarbeat/sugarbeat-front
    builtin-precompileModule /Users/fukushimatakumi/Library/Developer/Xcode/DerivedData/SugarBeat-hgoxfxbbugxkfsbmqcjlbmjeaqyg/Build/Intermediates.noindex/ExplicitPrecompiledModules/uuid-7JHRI6NMZ7QSA233ESG25W7PG.scan

PrecompileModule /Users/fukushimatakumi/Library/Developer/Xcode/DerivedData/SugarBeat-hgoxfxbbugxkfsbmqcjlbmjeaqyg/Build/Intermediates.noindex/ExplicitPrecompiledModules/sys_time-A95QFBC37DAJQFC011L8FHCW8.scan
    cd /Users/fukushimatakumi/develop/sugarbeat/sugarbeat-front
    builtin-precompileModule /Users/fukushimatakumi/Library/Developer/Xcode/DerivedData/SugarBeat-hgoxfxbbugxkfsbmqcjlbmjeaqyg/Build/Intermediates.noindex/ExplicitPrecompiledModules/sys_time-A95QFBC37DAJQFC011L8FHCW8.scan

PrecompileModule /Users/fukushimatakumi/Library/Developer/Xcode/DerivedData/SugarBeat-hgoxfxbbugxkfsbmqcjlbmjeaqyg/Build/Intermediates.noindex/ExplicitPrecompiledModules/ObjectiveC-CQ0ZY6M03XTFC3E4Y9RF7JCT3.scan
    cd /Users/fukushimatakumi/develop/sugarbeat/sugarbeat-front
    builtin-precompileModule /Users/fukushimatakumi/Library/Developer/Xcode/DerivedData/SugarBeat-hgoxfxbbugxkfsbmqcjlbmjeaqyg/Build/Intermediates.noindex/ExplicitPrecompiledModules/ObjectiveC-CQ0ZY6M03XTFC3E4Y9RF7JCT3.scan

PrecompileModule /Users/fukushimatakumi/Library/Developer/Xcode/DerivedData/SugarBeat-hgoxfxbbugxkfsbmqcjlbmjeaqyg/Build/Intermediates.noindex/ExplicitPrecompiledModules/MachO-2YPH3FP382X75WSKPO6UVR7GO.scan
    cd /Users/fukushimatakumi/develop/sugarbeat/sugarbeat-front
    builtin-precompileModule /Users/fukushimatakumi/Library/Developer/Xcode/DerivedData/SugarBeat-hgoxfxbbugxkfsbmqcjlbmjeaqyg/Build/Intermediates.noindex/ExplicitPrecompiledModules/MachO-2YPH3FP382X75WSKPO6UVR7GO.scan

PrecompileModule /Users/fukushimatakumi/Library/Developer/Xcode/DerivedData/SugarBeat-hgoxfxbbugxkfsbmqcjlbmjeaqyg/Build/Intermediates.noindex/ExplicitPrecompiledModules/DarwinFoundation-YLBYV71V8FZIP0V6IX2B4N8Q.scan
    cd /Users/fukushimatakumi/develop/sugarbeat/sugarbeat-front
    builtin-precompileModule /Users/fukushimatakumi/Library/Developer/Xcode/DerivedData/SugarBeat-hgoxfxbbugxkfsbmqcjlbmjeaqyg/Build/Intermediates.noindex/ExplicitPrecompiledModules/DarwinFoundation-YLBYV71V8FZIP0V6IX2B4N8Q.scan

PrecompileModule /Users/fukushimatakumi/Library/Developer/Xcode/DerivedData/SugarBeat-hgoxfxbbugxkfsbmqcjlbmjeaqyg/Build/Intermediates.noindex/ExplicitPrecompiledModules/alloca-6W0QJ86CO9IC8LESOUJEL10P0.scan
    cd /Users/fukushimatakumi/develop/sugarbeat/sugarbeat-front
    builtin-precompileModule /Users/fukushimatakumi/Library/Developer/Xcode/DerivedData/SugarBeat-hgoxfxbbugxkfsbmqcjlbmjeaqyg/Build/Intermediates.noindex/ExplicitPrecompiledModules/alloca-6W0QJ86CO9IC8LESOUJEL10P0.scan

PrecompileModule /Users/fukushimatakumi/Library/Developer/Xcode/DerivedData/SugarBeat-hgoxfxbbugxkfsbmqcjlbmjeaqyg/Build/Intermediates.noindex/ExplicitPrecompiledModules/_limits-7WG4O5QBLC35L0ZDTUKWZX3LV.scan
    cd /Users/fukushimatakumi/develop/sugarbeat/sugarbeat-front
    builtin-precompileModule /Users/fukushimatakumi/Library/Developer/Xcode/DerivedData/SugarBeat-hgoxfxbbugxkfsbmqcjlbmjeaqyg/Build/Intermediates.noindex/ExplicitPrecompiledModules/_limits-7WG4O5QBLC35L0ZDTUKWZX3LV.scan

PrecompileModule /Users/fukushimatakumi/Library/Developer/Xcode/DerivedData/SugarBeat-hgoxfxbbugxkfsbmqcjlbmjeaqyg/Build/Intermediates.noindex/ExplicitPrecompiledModules/_complex-53KI0T0ESVZQ0MQESZZFCT4JZ.scan
    cd /Users/fukushimatakumi/develop/sugarbeat/sugarbeat-front
    builtin-precompileModule /Users/fukushimatakumi/Library/Developer/Xcode/DerivedData/SugarBeat-hgoxfxbbugxkfsbmqcjlbmjeaqyg/Build/Intermediates.noindex/ExplicitPrecompiledModules/_complex-53KI0T0ESVZQ0MQESZZFCT4JZ.scan

PrecompileModule /Users/fukushimatakumi/Library/Developer/Xcode/DerivedData/SugarBeat-hgoxfxbbugxkfsbmqcjlbmjeaqyg/Build/Intermediates.noindex/ExplicitPrecompiledModules/_locale-CSE9M0A9HM4G17L9S7OZKTI4W.scan
    cd /Users/fukushimatakumi/develop/sugarbeat/sugarbeat-front
    builtin-precompileModule /Users/fukushimatakumi/Library/Developer/Xcode/DerivedData/SugarBeat-hgoxfxbbugxkfsbmqcjlbmjeaqyg/Build/Intermediates.noindex/ExplicitPrecompiledModules/_locale-CSE9M0A9HM4G17L9S7OZKTI4W.scan

PrecompileModule /Users/fukushimatakumi/Library/Developer/Xcode/DerivedData/SugarBeat-hgoxfxbbugxkfsbmqcjlbmjeaqyg/Build/Intermediates.noindex/ExplicitPrecompiledModules/TargetConditionals-4SJQKH5L32T3ALCI57DM1FU0T.scan
    cd /Users/fukushimatakumi/develop/sugarbeat/sugarbeat-front
    builtin-precompileModule /Users/fukushimatakumi/Library/Developer/Xcode/DerivedData/SugarBeat-hgoxfxbbugxkfsbmqcjlbmjeaqyg/Build/Intermediates.noindex/ExplicitPrecompiledModules/TargetConditionals-4SJQKH5L32T3ALCI57DM1FU0T.scan

PrecompileModule /Users/fukushimatakumi/Library/Developer/Xcode/DerivedData/SugarBeat-hgoxfxbbugxkfsbmqcjlbmjeaqyg/Build/Intermediates.noindex/ExplicitPrecompiledModules/_Builtin_float-KR867NHV3LSJZBTEF2G086B7.scan
    cd /Users/fukushimatakumi/develop/sugarbeat/sugarbeat-front
    builtin-precompileModule /Users/fukushimatakumi/Library/Developer/Xcode/DerivedData/SugarBeat-hgoxfxbbugxkfsbmqcjlbmjeaqyg/Build/Intermediates.noindex/ExplicitPrecompiledModules/_Builtin_float-KR867NHV3LSJZBTEF2G086B7.scan

PrecompileModule /Users/fukushimatakumi/Library/Developer/Xcode/DerivedData/SugarBeat-hgoxfxbbugxkfsbmqcjlbmjeaqyg/Build/Intermediates.noindex/ExplicitPrecompiledModules/_stdint-84RCJQJJLT5EUYHYFW2ERPJ8D.scan
    cd /Users/fukushimatakumi/develop/sugarbeat/sugarbeat-front
    builtin-precompileModule /Users/fukushimatakumi/Library/Developer/Xcode/DerivedData/SugarBeat-hgoxfxbbugxkfsbmqcjlbmjeaqyg/Build/Intermediates.noindex/ExplicitPrecompiledModules/_stdint-84RCJQJJLT5EUYHYFW2ERPJ8D.scan

PrecompileModule /Users/fukushimatakumi/Library/Developer/Xcode/DerivedData/SugarBeat-hgoxfxbbugxkfsbmqcjlbmjeaqyg/Build/Intermediates.noindex/ExplicitPrecompiledModules/ObjectiveC-613L1WTEQWX1CEY8O7H56OEJF.scan
    cd /Users/fukushimatakumi/develop/sugarbeat/sugarbeat-front
    builtin-precompileModule /Users/fukushimatakumi/Library/Developer/Xcode/DerivedData/SugarBeat-hgoxfxbbugxkfsbmqcjlbmjeaqyg/Build/Intermediates.noindex/ExplicitPrecompiledModules/ObjectiveC-613L1WTEQWX1CEY8O7H56OEJF.scan

PrecompileModule /Users/fukushimatakumi/Library/Developer/Xcode/DerivedData/SugarBeat-hgoxfxbbugxkfsbmqcjlbmjeaqyg/Build/Intermediates.noindex/ExplicitPrecompiledModules/_useconds_t-74ZJF2WNW79FT5KRC9Q9U9M1A.scan
    cd /Users/fukushimatakumi/develop/sugarbeat/sugarbeat-front
    builtin-precompileModule /Users/fukushimatakumi/Library/Developer/Xcode/DerivedData/SugarBeat-hgoxfxbbugxkfsbmqcjlbmjeaqyg/Build/Intermediates.noindex/ExplicitPrecompiledModules/_useconds_t-74ZJF2WNW79FT5KRC9Q9U9M1A.scan

PrecompileModule /Users/fukushimatakumi/Library/Developer/Xcode/DerivedData/SugarBeat-hgoxfxbbugxkfsbmqcjlbmjeaqyg/Build/Intermediates.noindex/ExplicitPrecompiledModules/_Builtin_limits-25RVYOQXRA8OWRQZX7P9JFKQW.scan
    cd /Users/fukushimatakumi/develop/sugarbeat/sugarbeat-front
    builtin-precompileModule /Users/fukushimatakumi/Library/Developer/Xcode/DerivedData/SugarBeat-hgoxfxbbugxkfsbmqcjlbmjeaqyg/Build/Intermediates.noindex/ExplicitPrecompiledModules/_Builtin_limits-25RVYOQXRA8OWRQZX7P9JFKQW.scan

PrecompileModule /Users/fukushimatakumi/Library/Developer/Xcode/DerivedData/SugarBeat-hgoxfxbbugxkfsbmqcjlbmjeaqyg/Build/Intermediates.noindex/ExplicitPrecompiledModules/xlocale-6Z93WOSTABBGQKHMYVZ8B8VVK.scan
    cd /Users/fukushimatakumi/develop/sugarbeat/sugarbeat-front
    builtin-precompileModule /Users/fukushimatakumi/Library/Developer/Xcode/DerivedData/SugarBeat-hgoxfxbbugxkfsbmqcjlbmjeaqyg/Build/Intermediates.noindex/ExplicitPrecompiledModules/xlocale-6Z93WOSTABBGQKHMYVZ8B8VVK.scan

PrecompileModule /Users/fukushimatakumi/Library/Developer/Xcode/DerivedData/SugarBeat-hgoxfxbbugxkfsbmqcjlbmjeaqyg/Build/Intermediates.noindex/ExplicitPrecompiledModules/_assert-1FF1JE2YWVPOQHXOA324UKOBX.scan
    cd /Users/fukushimatakumi/develop/sugarbeat/sugarbeat-front
    builtin-precompileModule /Users/fukushimatakumi/Library/Developer/Xcode/DerivedData/SugarBeat-hgoxfxbbugxkfsbmqcjlbmjeaqyg/Build/Intermediates.noindex/ExplicitPrecompiledModules/_assert-1FF1JE2YWVPOQHXOA324UKOBX.scan

PrecompileModule /Users/fukushimatakumi/Library/Developer/Xcode/DerivedData/SugarBeat-hgoxfxbbugxkfsbmqcjlbmjeaqyg/Build/Intermediates.noindex/ExplicitPrecompiledModules/netinet_in-ATQS74XYHZ2JT6O4YMFVPLE3P.scan
    cd /Users/fukushimatakumi/develop/sugarbeat/sugarbeat-front
    builtin-precompileModule /Users/fukushimatakumi/Library/Developer/Xcode/DerivedData/SugarBeat-hgoxfxbbugxkfsbmqcjlbmjeaqyg/Build/Intermediates.noindex/ExplicitPrecompiledModules/netinet_in-ATQS74XYHZ2JT6O4YMFVPLE3P.scan

PrecompileModule /Users/fukushimatakumi/Library/Developer/Xcode/DerivedData/SugarBeat-hgoxfxbbugxkfsbmqcjlbmjeaqyg/Build/Intermediates.noindex/ExplicitPrecompiledModules/_stdint-A8MSUIDBCRD7LB5HI994MF42U.scan
    cd /Users/fukushimatakumi/develop/sugarbeat/sugarbeat-front
    builtin-precompileModule /Users/fukushimatakumi/Library/Developer/Xcode/DerivedData/SugarBeat-hgoxfxbbugxkfsbmqcjlbmjeaqyg/Build/Intermediates.noindex/ExplicitPrecompiledModules/_stdint-A8MSUIDBCRD7LB5HI994MF42U.scan

PrecompileModule /Users/fukushimatakumi/Library/Developer/Xcode/DerivedData/SugarBeat-hgoxfxbbugxkfsbmqcjlbmjeaqyg/Build/Intermediates.noindex/ExplicitPrecompiledModules/alloca-7VUX60HCZCH2NK37TPVMZY1JB.scan
    cd /Users/fukushimatakumi/develop/sugarbeat/sugarbeat-front
    builtin-precompileModule /Users/fukushimatakumi/Library/Developer/Xcode/DerivedData/SugarBeat-hgoxfxbbugxkfsbmqcjlbmjeaqyg/Build/Intermediates.noindex/ExplicitPrecompiledModules/alloca-7VUX60HCZCH2NK37TPVMZY1JB.scan

PrecompileModule /Users/fukushimatakumi/Library/Developer/Xcode/DerivedData/SugarBeat-hgoxfxbbugxkfsbmqcjlbmjeaqyg/Build/Intermediates.noindex/ExplicitPrecompiledModules/sys_time-CJ8CTX8QCSHEJWM95ISARC1OT.scan
    cd /Users/fukushimatakumi/develop/sugarbeat/sugarbeat-front
    builtin-precompileModule /Users/fukushimatakumi/Library/Developer/Xcode/DerivedData/SugarBeat-hgoxfxbbugxkfsbmqcjlbmjeaqyg/Build/Intermediates.noindex/ExplicitPrecompiledModules/sys_time-CJ8CTX8QCSHEJWM95ISARC1OT.scan

PrecompileModule /Users/fukushimatakumi/Library/Developer/Xcode/DerivedData/SugarBeat-hgoxfxbbugxkfsbmqcjlbmjeaqyg/Build/Intermediates.noindex/ExplicitPrecompiledModules/_setjmp-7SG1GX7HB5KXHRW9PBULSVU8O.scan
    cd /Users/fukushimatakumi/develop/sugarbeat/sugarbeat-front
    builtin-precompileModule /Users/fukushimatakumi/Library/Developer/Xcode/DerivedData/SugarBeat-hgoxfxbbugxkfsbmqcjlbmjeaqyg/Build/Intermediates.noindex/ExplicitPrecompiledModules/_setjmp-7SG1GX7HB5KXHRW9PBULSVU8O.scan

CompileC /Users/fukushimatakumi/Library/Developer/Xcode/DerivedData/SugarBeat-hgoxfxbbugxkfsbmqcjlbmjeaqyg/Build/Intermediates.noindex/GoogleUtilities.build/Debug-iphonesimulator/third-party-IsAppEncrypted.build/Objects-normal/arm64/IsAppEncrypted.o /Users/fukushimatakumi/Library/Developer/Xcode/DerivedData/SugarBeat-hgoxfxbbugxkfsbmqcjlbmjeaqyg/SourcePackages/checkouts/GoogleUtilities/third_party/IsAppEncrypted/IsAppEncrypted.m normal arm64 objective-c com.apple.compilers.llvm.clang.1_0.compiler (in target 'third-party-IsAppEncrypted' from project 'GoogleUtilities')
    cd /Users/fukushimatakumi/develop/sugarbeat/sugarbeat-front
    
    Using response file: /Users/fukushimatakumi/Library/Developer/Xcode/DerivedData/SugarBeat-hgoxfxbbugxkfsbmqcjlbmjeaqyg/Build/Intermediates.noindex/GoogleUtilities.build/Debug-iphonesimulator/third-party-IsAppEncrypted.build/Objects-normal/arm64/e6072d4f65d7061329687fe24e3d63a7-common-args.resp
    
    /Applications/Xcode.app/Contents/Developer/Toolchains/XcodeDefault.xctoolchain/usr/bin/clang -x objective-c -ivfsstatcache /Users/fukushimatakumi/Library/Developer/Xcode/DerivedData/SDKStatCaches.noindex/iphonesimulator18.4-22E235-71825a6d136aa4733edcbe86ece5525b.sdkstatcache -fmessage-length\=0 -fdiagnostics-show-note-include-stack -fmacro-backtrace-limit\=0 -fno-color-diagnostics -fmodules-prune-interval\=86400 -fmodules-prune-after\=345600 -fbuild-session-file\=/Users/fukushimatakumi/Library/Developer/Xcode/DerivedData/ModuleCache.noindex/Session.modulevalidation -fmodules-validate-once-per-build-session -Wnon-modular-include-in-framework-module -Werror\=non-modular-include-in-framework-module -Wno-trigraphs -Wno-missing-field-initializers -Wno-missing-prototypes -Wno-return-type -Wno-implicit-atomic-properties -Wno-objc-interface-ivars -Wno-arc-repeated-use-of-weak -Wno-missing-braces -Wparentheses -Wswitch -Wno-unused-function -Wno-unused-label -Wno-unused-parameter -Wno-unused-variable -Wunused-value -Wno-empty-body -Wno-uninitialized -Wno-unknown-pragmas -w -Wno-shadow -Wno-four-char-constants -Wno-conversion -Wno-constant-conversion -Wno-int-conversion -Wno-bool-conversion -Wno-enum-conversion -Wno-float-conversion -Wno-non-literal-null-conversion -Wno-objc-literal-conversion -Wshorten-64-to-32 -Wpointer-sign -Wno-newline-eof -Wno-selector -Wno-strict-selector-match -Wno-undeclared-selector -Wno-deprecated-implementations -Wno-implicit-fallthrough -fstrict-aliasing -Wprotocol -Wdeprecated-declarations -Wno-sign-conversion -Wno-infinite-recursion -Wno-comma -Wno-block-capture-autoreleasing -Wno-strict-prototypes -Wno-semicolon-before-method-body -index-store-path /Users/fukushimatakumi/Library/Developer/Xcode/DerivedData/SugarBeat-hgoxfxbbugxkfsbmqcjlbmjeaqyg/Index.noindex/DataStore @/Users/fukushimatakumi/Library/Developer/Xcode/DerivedData/SugarBeat-hgoxfxbbugxkfsbmqcjlbmjeaqyg/Build/Intermediates.noindex/GoogleUtilities.build/Debug-iphonesimulator/third-party-IsAppEncrypted.build/Objects-normal/arm64/e6072d4f65d7061329687fe24e3d63a7-common-args.resp -MMD -MT dependencies -MF /Users/fukushimatakumi/Library/Developer/Xcode/DerivedData/SugarBeat-hgoxfxbbugxkfsbmqcjlbmjeaqyg/Build/Intermediates.noindex/GoogleUtilities.build/Debug-iphonesimulator/third-party-IsAppEncrypted.build/Objects-normal/arm64/IsAppEncrypted.d --serialize-diagnostics /Users/fukushimatakumi/Library/Developer/Xcode/DerivedData/SugarBeat-hgoxfxbbugxkfsbmqcjlbmjeaqyg/Build/Intermediates.noindex/GoogleUtilities.build/Debug-iphonesimulator/third-party-IsAppEncrypted.build/Objects-normal/arm64/IsAppEncrypted.dia -c /Users/fukushimatakumi/Library/Developer/Xcode/DerivedData/SugarBeat-hgoxfxbbugxkfsbmqcjlbmjeaqyg/SourcePackages/checkouts/GoogleUtilities/third_party/IsAppEncrypted/IsAppEncrypted.m -o /Users/fukushimatakumi/Library/Developer/Xcode/DerivedData/SugarBeat-hgoxfxbbugxkfsbmqcjlbmjeaqyg/Build/Intermediates.noindex/GoogleUtilities.build/Debug-iphonesimulator/third-party-IsAppEncrypted.build/Objects-normal/arm64/IsAppEncrypted.o -index-unit-output-path /GoogleUtilities.build/Debug-iphonesimulator/third-party-IsAppEncrypted.build/Objects-normal/arm64/IsAppEncrypted.o

PrecompileModule /Users/fukushimatakumi/Library/Developer/Xcode/DerivedData/SugarBeat-hgoxfxbbugxkfsbmqcjlbmjeaqyg/Build/Intermediates.noindex/ExplicitPrecompiledModules/mach-D73P19227GB1DZ1PM1MFTU82.scan
    cd /Users/fukushimatakumi/develop/sugarbeat/sugarbeat-front
    builtin-precompileModule /Users/fukushimatakumi/Library/Developer/Xcode/DerivedData/SugarBeat-hgoxfxbbugxkfsbmqcjlbmjeaqyg/Build/Intermediates.noindex/ExplicitPrecompiledModules/mach-D73P19227GB1DZ1PM1MFTU82.scan

PrecompileModule /Users/fukushimatakumi/Library/Developer/Xcode/DerivedData/SugarBeat-hgoxfxbbugxkfsbmqcjlbmjeaqyg/Build/Intermediates.noindex/ExplicitPrecompiledModules/third_party_IsAppEncrypted-1ZB830TF8I8ZJCKHRJ035K9CR.scan
    cd /Users/fukushimatakumi/develop/sugarbeat/sugarbeat-front
    builtin-precompileModule /Users/fukushimatakumi/Library/Developer/Xcode/DerivedData/SugarBeat-hgoxfxbbugxkfsbmqcjlbmjeaqyg/Build/Intermediates.noindex/ExplicitPrecompiledModules/third_party_IsAppEncrypted-1ZB830TF8I8ZJCKHRJ035K9CR.scan

PrecompileModule /Users/fukushimatakumi/Library/Developer/Xcode/DerivedData/SugarBeat-hgoxfxbbugxkfsbmqcjlbmjeaqyg/Build/Intermediates.noindex/ExplicitPrecompiledModules/_Builtin_stdint-QHRN4369CW0ZUEAY6JDKSKSZ.scan
    cd /Users/fukushimatakumi/develop/sugarbeat/sugarbeat-front
    builtin-precompileModule /Users/fukushimatakumi/Library/Developer/Xcode/DerivedData/SugarBeat-hgoxfxbbugxkfsbmqcjlbmjeaqyg/Build/Intermediates.noindex/ExplicitPrecompiledModules/_Builtin_stdint-QHRN4369CW0ZUEAY6JDKSKSZ.scan

PrecompileModule /Users/fukushimatakumi/Library/Developer/Xcode/DerivedData/SugarBeat-hgoxfxbbugxkfsbmqcjlbmjeaqyg/Build/Intermediates.noindex/ExplicitPrecompiledModules/uuid-169UJIN7JMH96Q0XVU9GWMQWT.scan
    cd /Users/fukushimatakumi/develop/sugarbeat/sugarbeat-front
    builtin-precompileModule /Users/fukushimatakumi/Library/Developer/Xcode/DerivedData/SugarBeat-hgoxfxbbugxkfsbmqcjlbmjeaqyg/Build/Intermediates.noindex/ExplicitPrecompiledModules/uuid-169UJIN7JMH96Q0XVU9GWMQWT.scan

PrecompileModule /Users/fukushimatakumi/Library/Developer/Xcode/DerivedData/SugarBeat-hgoxfxbbugxkfsbmqcjlbmjeaqyg/Build/Intermediates.noindex/ExplicitPrecompiledModules/_errno-EB9WGJE6KXFDTVHOYF0R4HQVS.scan
    cd /Users/fukushimatakumi/develop/sugarbeat/sugarbeat-front
    builtin-precompileModule /Users/fukushimatakumi/Library/Developer/Xcode/DerivedData/SugarBeat-hgoxfxbbugxkfsbmqcjlbmjeaqyg/Build/Intermediates.noindex/ExplicitPrecompiledModules/_errno-EB9WGJE6KXFDTVHOYF0R4HQVS.scan

PrecompileModule /Users/fukushimatakumi/Library/Developer/Xcode/DerivedData/SugarBeat-hgoxfxbbugxkfsbmqcjlbmjeaqyg/Build/Intermediates.noindex/ExplicitPrecompiledModules/_tgmath-30621LPDEM27PC4GSEDIO09BI.scan
    cd /Users/fukushimatakumi/develop/sugarbeat/sugarbeat-front
    builtin-precompileModule /Users/fukushimatakumi/Library/Developer/Xcode/DerivedData/SugarBeat-hgoxfxbbugxkfsbmqcjlbmjeaqyg/Build/Intermediates.noindex/ExplicitPrecompiledModules/_tgmath-30621LPDEM27PC4GSEDIO09BI.scan

PrecompileModule /Users/fukushimatakumi/Library/Developer/Xcode/DerivedData/SugarBeat-hgoxfxbbugxkfsbmqcjlbmjeaqyg/Build/Intermediates.noindex/ExplicitPrecompiledModules/_complex-1XGR9RZYL50BI5VJVIUBC4SRQ.scan
    cd /Users/fukushimatakumi/develop/sugarbeat/sugarbeat-front
    builtin-precompileModule /Users/fukushimatakumi/Library/Developer/Xcode/DerivedData/SugarBeat-hgoxfxbbugxkfsbmqcjlbmjeaqyg/Build/Intermediates.noindex/ExplicitPrecompiledModules/_complex-1XGR9RZYL50BI5VJVIUBC4SRQ.scan

PrecompileModule /Users/fukushimatakumi/Library/Developer/Xcode/DerivedData/SugarBeat-hgoxfxbbugxkfsbmqcjlbmjeaqyg/Build/Intermediates.noindex/ExplicitPrecompiledModules/_sys_select-21Q9JPFLYO31LP9OK4LS8R7IF.scan
    cd /Users/fukushimatakumi/develop/sugarbeat/sugarbeat-front
    builtin-precompileModule /Users/fukushimatakumi/Library/Developer/Xcode/DerivedData/SugarBeat-hgoxfxbbugxkfsbmqcjlbmjeaqyg/Build/Intermediates.noindex/ExplicitPrecompiledModules/_sys_select-21Q9JPFLYO31LP9OK4LS8R7IF.scan

PrecompileModule /Users/fukushimatakumi/Library/Developer/Xcode/DerivedData/SugarBeat-hgoxfxbbugxkfsbmqcjlbmjeaqyg/Build/Intermediates.noindex/ExplicitPrecompiledModules/os_object-3KYQFCK57J62C1LINN2QX0YXB.scan
    cd /Users/fukushimatakumi/develop/sugarbeat/sugarbeat-front
    builtin-precompileModule /Users/fukushimatakumi/Library/Developer/Xcode/DerivedData/SugarBeat-hgoxfxbbugxkfsbmqcjlbmjeaqyg/Build/Intermediates.noindex/ExplicitPrecompiledModules/os_object-3KYQFCK57J62C1LINN2QX0YXB.scan

PrecompileModule /Users/fukushimatakumi/Library/Developer/Xcode/DerivedData/SugarBeat-hgoxfxbbugxkfsbmqcjlbmjeaqyg/Build/Intermediates.noindex/ExplicitPrecompiledModules/runetype-5FOBVQQBTEQWQPNS40T5JILU9.scan
    cd /Users/fukushimatakumi/develop/sugarbeat/sugarbeat-front
    builtin-precompileModule /Users/fukushimatakumi/Library/Developer/Xcode/DerivedData/SugarBeat-hgoxfxbbugxkfsbmqcjlbmjeaqyg/Build/Intermediates.noindex/ExplicitPrecompiledModules/runetype-5FOBVQQBTEQWQPNS40T5JILU9.scan

PrecompileModule /Users/fukushimatakumi/Library/Developer/Xcode/DerivedData/SugarBeat-hgoxfxbbugxkfsbmqcjlbmjeaqyg/Build/Intermediates.noindex/ExplicitPrecompiledModules/_math-8LDUQKMAQ2QXB7EBL79XHGUZQ.scan
    cd /Users/fukushimatakumi/develop/sugarbeat/sugarbeat-front
    builtin-precompileModule /Users/fukushimatakumi/Library/Developer/Xcode/DerivedData/SugarBeat-hgoxfxbbugxkfsbmqcjlbmjeaqyg/Build/Intermediates.noindex/ExplicitPrecompiledModules/_math-8LDUQKMAQ2QXB7EBL79XHGUZQ.scan

PrecompileModule /Users/fukushimatakumi/Library/Developer/Xcode/DerivedData/SugarBeat-hgoxfxbbugxkfsbmqcjlbmjeaqyg/Build/Intermediates.noindex/ExplicitPrecompiledModules/_locale-2JKYNO63US1AHFGIJDSOC45TU.scan
    cd /Users/fukushimatakumi/develop/sugarbeat/sugarbeat-front
    builtin-precompileModule /Users/fukushimatakumi/Library/Developer/Xcode/DerivedData/SugarBeat-hgoxfxbbugxkfsbmqcjlbmjeaqyg/Build/Intermediates.noindex/ExplicitPrecompiledModules/_locale-2JKYNO63US1AHFGIJDSOC45TU.scan

PrecompileModule /Users/fukushimatakumi/Library/Developer/Xcode/DerivedData/SugarBeat-hgoxfxbbugxkfsbmqcjlbmjeaqyg/Build/Intermediates.noindex/ExplicitPrecompiledModules/_strings-2KXIFKPQ42577SFOCQ3S7CMT2.scan
    cd /Users/fukushimatakumi/develop/sugarbeat/sugarbeat-front
    builtin-precompileModule /Users/fukushimatakumi/Library/Developer/Xcode/DerivedData/SugarBeat-hgoxfxbbugxkfsbmqcjlbmjeaqyg/Build/Intermediates.noindex/ExplicitPrecompiledModules/_strings-2KXIFKPQ42577SFOCQ3S7CMT2.scan

PrecompileModule /Users/fukushimatakumi/Library/Developer/Xcode/DerivedData/SugarBeat-hgoxfxbbugxkfsbmqcjlbmjeaqyg/Build/Intermediates.noindex/ExplicitPrecompiledModules/_limits-471TUHDSLZ5F0H4JZAIWOJZO0.scan
    cd /Users/fukushimatakumi/develop/sugarbeat/sugarbeat-front
    builtin-precompileModule /Users/fukushimatakumi/Library/Developer/Xcode/DerivedData/SugarBeat-hgoxfxbbugxkfsbmqcjlbmjeaqyg/Build/Intermediates.noindex/ExplicitPrecompiledModules/_limits-471TUHDSLZ5F0H4JZAIWOJZO0.scan

Ld /Users/fukushimatakumi/Library/Developer/Xcode/DerivedData/SugarBeat-hgoxfxbbugxkfsbmqcjlbmjeaqyg/Build/Products/Debug-iphonesimulator/third-party-IsAppEncrypted.o normal (in target 'third-party-IsAppEncrypted' from project 'GoogleUtilities')
    cd /Users/fukushimatakumi/Library/Developer/Xcode/DerivedData/SugarBeat-hgoxfxbbugxkfsbmqcjlbmjeaqyg/SourcePackages/checkouts/GoogleUtilities
    /Applications/Xcode.app/Contents/Developer/Toolchains/XcodeDefault.xctoolchain/usr/bin/clang -Xlinker -reproducible -target arm64-apple-ios12.0-simulator -r -isysroot /Applications/Xcode.app/Contents/Developer/Platforms/iPhoneSimulator.platform/Developer/SDKs/iPhoneSimulator18.4.sdk -O0 -w -L/Users/fukushimatakumi/Library/Developer/Xcode/DerivedData/SugarBeat-hgoxfxbbugxkfsbmqcjlbmjeaqyg/Build/Intermediates.noindex/EagerLinkingTBDs/Debug-iphonesimulator -L/Users/fukushimatakumi/Library/Developer/Xcode/DerivedData/SugarBeat-hgoxfxbbugxkfsbmqcjlbmjeaqyg/Build/Products/Debug-iphonesimulator -L/Applications/Xcode.app/Contents/Developer/Platforms/iPhoneSimulator.platform/Developer/usr/lib -F/Users/fukushimatakumi/Library/Developer/Xcode/DerivedData/SugarBeat-hgoxfxbbugxkfsbmqcjlbmjeaqyg/Build/Intermediates.noindex/EagerLinkingTBDs/Debug-iphonesimulator -F/Users/fukushimatakumi/Library/Developer/Xcode/DerivedData/SugarBeat-hgoxfxbbugxkfsbmqcjlbmjeaqyg/Build/Products/Debug-iphonesimulator -iframework /Applications/Xcode.app/Contents/Developer/Platforms/iPhoneSimulator.platform/Developer/Library/Frameworks -iframework /Applications/Xcode.app/Contents/Developer/Platforms/iPhoneSimulator.platform/Developer/SDKs/iPhoneSimulator18.4.sdk/Developer/Library/Frameworks -filelist /Users/fukushimatakumi/Library/Developer/Xcode/DerivedData/SugarBeat-hgoxfxbbugxkfsbmqcjlbmjeaqyg/Build/Intermediates.noindex/GoogleUtilities.build/Debug-iphonesimulator/third-party-IsAppEncrypted.build/Objects-normal/arm64/third-party-IsAppEncrypted.LinkFileList -nostdlib -Xlinker -object_path_lto -Xlinker /Users/fukushimatakumi/Library/Developer/Xcode/DerivedData/SugarBeat-hgoxfxbbugxkfsbmqcjlbmjeaqyg/Build/Intermediates.noindex/GoogleUtilities.build/Debug-iphonesimulator/third-party-IsAppEncrypted.build/Objects-normal/arm64/third-party-IsAppEncrypted_lto.o -rdynamic -Xlinker -no_deduplicate -Xlinker -objc_abi_version -Xlinker 2 -Xlinker -dependency_info -Xlinker /Users/fukushimatakumi/Library/Developer/Xcode/DerivedData/SugarBeat-hgoxfxbbugxkfsbmqcjlbmjeaqyg/Build/Intermediates.noindex/GoogleUtilities.build/Debug-iphonesimulator/third-party-IsAppEncrypted.build/Objects-normal/arm64/third-party-IsAppEncrypted_dependency_info.dat -fobjc-arc -fobjc-link-runtime -o /Users/fukushimatakumi/Library/Developer/Xcode/DerivedData/SugarBeat-hgoxfxbbugxkfsbmqcjlbmjeaqyg/Build/Products/Debug-iphonesimulator/third-party-IsAppEncrypted.o

PrecompileModule /Users/fukushimatakumi/Library/Developer/Xcode/DerivedData/SugarBeat-hgoxfxbbugxkfsbmqcjlbmjeaqyg/Build/Intermediates.noindex/ExplicitPrecompiledModules/_Builtin_stdatomic-6YRS7UZD2XAV5WG4GL66WTU0M.scan
    cd /Users/fukushimatakumi/develop/sugarbeat/sugarbeat-front
    builtin-precompileModule /Users/fukushimatakumi/Library/Developer/Xcode/DerivedData/SugarBeat-hgoxfxbbugxkfsbmqcjlbmjeaqyg/Build/Intermediates.noindex/ExplicitPrecompiledModules/_Builtin_stdatomic-6YRS7UZD2XAV5WG4GL66WTU0M.scan

PrecompileModule /Users/fukushimatakumi/Library/Developer/Xcode/DerivedData/SugarBeat-hgoxfxbbugxkfsbmqcjlbmjeaqyg/Build/Intermediates.noindex/ExplicitPrecompiledModules/_Builtin_tgmath-CVVZWOX0KTDZ42PQS4W89N4CG.scan
    cd /Users/fukushimatakumi/develop/sugarbeat/sugarbeat-front
    builtin-precompileModule /Users/fukushimatakumi/Library/Developer/Xcode/DerivedData/SugarBeat-hgoxfxbbugxkfsbmqcjlbmjeaqyg/Build/Intermediates.noindex/ExplicitPrecompiledModules/_Builtin_tgmath-CVVZWOX0KTDZ42PQS4W89N4CG.scan

PrecompileModule /Users/fukushimatakumi/Library/Developer/Xcode/DerivedData/SugarBeat-hgoxfxbbugxkfsbmqcjlbmjeaqyg/Build/Intermediates.noindex/ExplicitPrecompiledModules/AvailabilityMacros-1JXSQH1N66R9USCVFQFEHXHBW.scan
    cd /Users/fukushimatakumi/develop/sugarbeat/sugarbeat-front
    builtin-precompileModule /Users/fukushimatakumi/Library/Developer/Xcode/DerivedData/SugarBeat-hgoxfxbbugxkfsbmqcjlbmjeaqyg/Build/Intermediates.noindex/ExplicitPrecompiledModules/AvailabilityMacros-1JXSQH1N66R9USCVFQFEHXHBW.scan

PrecompileModule /Users/fukushimatakumi/Library/Developer/Xcode/DerivedData/SugarBeat-hgoxfxbbugxkfsbmqcjlbmjeaqyg/Build/Intermediates.noindex/ExplicitPrecompiledModules/os_workgroup-CK82P5FGIJOPTJEM78TVJU1J8.scan
    cd /Users/fukushimatakumi/develop/sugarbeat/sugarbeat-front
    builtin-precompileModule /Users/fukushimatakumi/Library/Developer/Xcode/DerivedData/SugarBeat-hgoxfxbbugxkfsbmqcjlbmjeaqyg/Build/Intermediates.noindex/ExplicitPrecompiledModules/os_workgroup-CK82P5FGIJOPTJEM78TVJU1J8.scan

PrecompileModule /Users/fukushimatakumi/Library/Developer/Xcode/DerivedData/SugarBeat-hgoxfxbbugxkfsbmqcjlbmjeaqyg/Build/Intermediates.noindex/ExplicitPrecompiledModules/xlocale-ATH5MTCG1UY8QUVGA1YBGQ4GN.scan
    cd /Users/fukushimatakumi/develop/sugarbeat/sugarbeat-front
    builtin-precompileModule /Users/fukushimatakumi/Library/Developer/Xcode/DerivedData/SugarBeat-hgoxfxbbugxkfsbmqcjlbmjeaqyg/Build/Intermediates.noindex/ExplicitPrecompiledModules/xlocale-ATH5MTCG1UY8QUVGA1YBGQ4GN.scan

PrecompileModule /Users/fukushimatakumi/Library/Developer/Xcode/DerivedData/SugarBeat-hgoxfxbbugxkfsbmqcjlbmjeaqyg/Build/Intermediates.noindex/ExplicitPrecompiledModules/_ctype-Z9VANLTOJ16DSIPBR7J0ILOA.scan
    cd /Users/fukushimatakumi/develop/sugarbeat/sugarbeat-front
    builtin-precompileModule /Users/fukushimatakumi/Library/Developer/Xcode/DerivedData/SugarBeat-hgoxfxbbugxkfsbmqcjlbmjeaqyg/Build/Intermediates.noindex/ExplicitPrecompiledModules/_ctype-Z9VANLTOJ16DSIPBR7J0ILOA.scan

PrecompileModule /Users/fukushimatakumi/Library/Developer/Xcode/DerivedData/SugarBeat-hgoxfxbbugxkfsbmqcjlbmjeaqyg/Build/Intermediates.noindex/ExplicitPrecompiledModules/sys_types-1PKLOBC9DNMGMLI8NDF3CKJW0.scan
    cd /Users/fukushimatakumi/develop/sugarbeat/sugarbeat-front
    builtin-precompileModule /Users/fukushimatakumi/Library/Developer/Xcode/DerivedData/SugarBeat-hgoxfxbbugxkfsbmqcjlbmjeaqyg/Build/Intermediates.noindex/ExplicitPrecompiledModules/sys_types-1PKLOBC9DNMGMLI8NDF3CKJW0.scan

PrecompileModule /Users/fukushimatakumi/Library/Developer/Xcode/DerivedData/SugarBeat-hgoxfxbbugxkfsbmqcjlbmjeaqyg/Build/Intermediates.noindex/ExplicitPrecompiledModules/_tgmath-203HBZBDA30PHCRF1M9FGOZYJ.scan
    cd /Users/fukushimatakumi/develop/sugarbeat/sugarbeat-front
    builtin-precompileModule /Users/fukushimatakumi/Library/Developer/Xcode/DerivedData/SugarBeat-hgoxfxbbugxkfsbmqcjlbmjeaqyg/Build/Intermediates.noindex/ExplicitPrecompiledModules/_tgmath-203HBZBDA30PHCRF1M9FGOZYJ.scan

PrecompileModule /Users/fukushimatakumi/Library/Developer/Xcode/DerivedData/SugarBeat-hgoxfxbbugxkfsbmqcjlbmjeaqyg/Build/Intermediates.noindex/ExplicitPrecompiledModules/_Builtin_limits-4WIM2S3GJZ3BKEAYLM9634439.scan
    cd /Users/fukushimatakumi/develop/sugarbeat/sugarbeat-front
    builtin-precompileModule /Users/fukushimatakumi/Library/Developer/Xcode/DerivedData/SugarBeat-hgoxfxbbugxkfsbmqcjlbmjeaqyg/Build/Intermediates.noindex/ExplicitPrecompiledModules/_Builtin_limits-4WIM2S3GJZ3BKEAYLM9634439.scan

PrecompileModule /Users/fukushimatakumi/Library/Developer/Xcode/DerivedData/SugarBeat-hgoxfxbbugxkfsbmqcjlbmjeaqyg/Build/Intermediates.noindex/ExplicitPrecompiledModules/_inttypes-D2UIFCATRV37DPMJS250JI5KF.scan
    cd /Users/fukushimatakumi/develop/sugarbeat/sugarbeat-front
    builtin-precompileModule /Users/fukushimatakumi/Library/Developer/Xcode/DerivedData/SugarBeat-hgoxfxbbugxkfsbmqcjlbmjeaqyg/Build/Intermediates.noindex/ExplicitPrecompiledModules/_inttypes-D2UIFCATRV37DPMJS250JI5KF.scan

PrecompileModule /Users/fukushimatakumi/Library/Developer/Xcode/DerivedData/SugarBeat-hgoxfxbbugxkfsbmqcjlbmjeaqyg/Build/Intermediates.noindex/ExplicitPrecompiledModules/runetype-74NDWS8MOUWSXCIVLJLUM8KFE.scan
    cd /Users/fukushimatakumi/develop/sugarbeat/sugarbeat-front
    builtin-precompileModule /Users/fukushimatakumi/Library/Developer/Xcode/DerivedData/SugarBeat-hgoxfxbbugxkfsbmqcjlbmjeaqyg/Build/Intermediates.noindex/ExplicitPrecompiledModules/runetype-74NDWS8MOUWSXCIVLJLUM8KFE.scan

PrecompileModule /Users/fukushimatakumi/Library/Developer/Xcode/DerivedData/SugarBeat-hgoxfxbbugxkfsbmqcjlbmjeaqyg/Build/Intermediates.noindex/ExplicitPrecompiledModules/ObjectiveC-5CM5AKBBRRLXMDLEBW6KM98DE.scan
    cd /Users/fukushimatakumi/develop/sugarbeat/sugarbeat-front
    builtin-precompileModule /Users/fukushimatakumi/Library/Developer/Xcode/DerivedData/SugarBeat-hgoxfxbbugxkfsbmqcjlbmjeaqyg/Build/Intermediates.noindex/ExplicitPrecompiledModules/ObjectiveC-5CM5AKBBRRLXMDLEBW6KM98DE.scan

PrecompileModule /Users/fukushimatakumi/Library/Developer/Xcode/DerivedData/SugarBeat-hgoxfxbbugxkfsbmqcjlbmjeaqyg/Build/Intermediates.noindex/ExplicitPrecompiledModules/_Builtin_stdint-DOICRKERLWW02X6X3QUCU44LN.scan
    cd /Users/fukushimatakumi/develop/sugarbeat/sugarbeat-front
    builtin-precompileModule /Users/fukushimatakumi/Library/Developer/Xcode/DerivedData/SugarBeat-hgoxfxbbugxkfsbmqcjlbmjeaqyg/Build/Intermediates.noindex/ExplicitPrecompiledModules/_Builtin_stdint-DOICRKERLWW02X6X3QUCU44LN.scan

PrecompileModule /Users/fukushimatakumi/Library/Developer/Xcode/DerivedData/SugarBeat-hgoxfxbbugxkfsbmqcjlbmjeaqyg/Build/Intermediates.noindex/ExplicitPrecompiledModules/_useconds_t-2R1HF9UUPUX630B1V8EYHL3I5.scan
    cd /Users/fukushimatakumi/develop/sugarbeat/sugarbeat-front
    builtin-precompileModule /Users/fukushimatakumi/Library/Developer/Xcode/DerivedData/SugarBeat-hgoxfxbbugxkfsbmqcjlbmjeaqyg/Build/Intermediates.noindex/ExplicitPrecompiledModules/_useconds_t-2R1HF9UUPUX630B1V8EYHL3I5.scan

PrecompileModule /Users/fukushimatakumi/Library/Developer/Xcode/DerivedData/SugarBeat-hgoxfxbbugxkfsbmqcjlbmjeaqyg/Build/Intermediates.noindex/ExplicitPrecompiledModules/__wctype-5A5Z5DTP44RQROJGGXKGMSJJ9.scan
    cd /Users/fukushimatakumi/develop/sugarbeat/sugarbeat-front
    builtin-precompileModule /Users/fukushimatakumi/Library/Developer/Xcode/DerivedData/SugarBeat-hgoxfxbbugxkfsbmqcjlbmjeaqyg/Build/Intermediates.noindex/ExplicitPrecompiledModules/__wctype-5A5Z5DTP44RQROJGGXKGMSJJ9.scan

PrecompileModule /Users/fukushimatakumi/Library/Developer/Xcode/DerivedData/SugarBeat-hgoxfxbbugxkfsbmqcjlbmjeaqyg/Build/Intermediates.noindex/ExplicitPrecompiledModules/os_object-WDVIVTV7XEDC5IJ306137K34.scan
    cd /Users/fukushimatakumi/develop/sugarbeat/sugarbeat-front
    builtin-precompileModule /Users/fukushimatakumi/Library/Developer/Xcode/DerivedData/SugarBeat-hgoxfxbbugxkfsbmqcjlbmjeaqyg/Build/Intermediates.noindex/ExplicitPrecompiledModules/os_object-WDVIVTV7XEDC5IJ306137K34.scan

PrecompileModule /Users/fukushimatakumi/Library/Developer/Xcode/DerivedData/SugarBeat-hgoxfxbbugxkfsbmqcjlbmjeaqyg/Build/Intermediates.noindex/ExplicitPrecompiledModules/sys_resource-3YINOQ1XCFNJU8339IRIVJ96G.scan
    cd /Users/fukushimatakumi/develop/sugarbeat/sugarbeat-front
    builtin-precompileModule /Users/fukushimatakumi/Library/Developer/Xcode/DerivedData/SugarBeat-hgoxfxbbugxkfsbmqcjlbmjeaqyg/Build/Intermediates.noindex/ExplicitPrecompiledModules/sys_resource-3YINOQ1XCFNJU8339IRIVJ96G.scan

PrecompileModule /Users/fukushimatakumi/Library/Developer/Xcode/DerivedData/SugarBeat-hgoxfxbbugxkfsbmqcjlbmjeaqyg/Build/Intermediates.noindex/ExplicitPrecompiledModules/_stdio-5MF16OZF1ZOVFNFTMZSRZGYYZ.scan
    cd /Users/fukushimatakumi/develop/sugarbeat/sugarbeat-front
    builtin-precompileModule /Users/fukushimatakumi/Library/Developer/Xcode/DerivedData/SugarBeat-hgoxfxbbugxkfsbmqcjlbmjeaqyg/Build/Intermediates.noindex/ExplicitPrecompiledModules/_stdio-5MF16OZF1ZOVFNFTMZSRZGYYZ.scan

PrecompileModule /Users/fukushimatakumi/Library/Developer/Xcode/DerivedData/SugarBeat-hgoxfxbbugxkfsbmqcjlbmjeaqyg/Build/Intermediates.noindex/ExplicitPrecompiledModules/_ctype-BRB6ZXAK9LFWML19XXDBIO00F.scan
    cd /Users/fukushimatakumi/develop/sugarbeat/sugarbeat-front
    builtin-precompileModule /Users/fukushimatakumi/Library/Developer/Xcode/DerivedData/SugarBeat-hgoxfxbbugxkfsbmqcjlbmjeaqyg/Build/Intermediates.noindex/ExplicitPrecompiledModules/_ctype-BRB6ZXAK9LFWML19XXDBIO00F.scan

PrecompileModule /Users/fukushimatakumi/Library/Developer/Xcode/DerivedData/SugarBeat-hgoxfxbbugxkfsbmqcjlbmjeaqyg/Build/Intermediates.noindex/ExplicitPrecompiledModules/_signal-B4FMRUS7QW64JWJN08R7DWNPL.scan
    cd /Users/fukushimatakumi/develop/sugarbeat/sugarbeat-front
    builtin-precompileModule /Users/fukushimatakumi/Library/Developer/Xcode/DerivedData/SugarBeat-hgoxfxbbugxkfsbmqcjlbmjeaqyg/Build/Intermediates.noindex/ExplicitPrecompiledModules/_signal-B4FMRUS7QW64JWJN08R7DWNPL.scan

PrecompileModule /Users/fukushimatakumi/Library/Developer/Xcode/DerivedData/SugarBeat-hgoxfxbbugxkfsbmqcjlbmjeaqyg/Build/Intermediates.noindex/ExplicitPrecompiledModules/_time-I723VTE4JNI42YD9DOR81PDI.scan
    cd /Users/fukushimatakumi/develop/sugarbeat/sugarbeat-front
    builtin-precompileModule /Users/fukushimatakumi/Library/Developer/Xcode/DerivedData/SugarBeat-hgoxfxbbugxkfsbmqcjlbmjeaqyg/Build/Intermediates.noindex/ExplicitPrecompiledModules/_time-I723VTE4JNI42YD9DOR81PDI.scan

PrecompileModule /Users/fukushimatakumi/Library/Developer/Xcode/DerivedData/SugarBeat-hgoxfxbbugxkfsbmqcjlbmjeaqyg/Build/Intermediates.noindex/ExplicitPrecompiledModules/_inttypes-1EKAIGAJL7248E5WL9FWW5KJ3.scan
    cd /Users/fukushimatakumi/develop/sugarbeat/sugarbeat-front
    builtin-precompileModule /Users/fukushimatakumi/Library/Developer/Xcode/DerivedData/SugarBeat-hgoxfxbbugxkfsbmqcjlbmjeaqyg/Build/Intermediates.noindex/ExplicitPrecompiledModules/_inttypes-1EKAIGAJL7248E5WL9FWW5KJ3.scan

PrecompileModule /Users/fukushimatakumi/Library/Developer/Xcode/DerivedData/SugarBeat-hgoxfxbbugxkfsbmqcjlbmjeaqyg/Build/Intermediates.noindex/ExplicitPrecompiledModules/_Builtin_stdatomic-C4VNNWG7XOQQ56UT0LS3707BS.scan
    cd /Users/fukushimatakumi/develop/sugarbeat/sugarbeat-front
    builtin-precompileModule /Users/fukushimatakumi/Library/Developer/Xcode/DerivedData/SugarBeat-hgoxfxbbugxkfsbmqcjlbmjeaqyg/Build/Intermediates.noindex/ExplicitPrecompiledModules/_Builtin_stdatomic-C4VNNWG7XOQQ56UT0LS3707BS.scan

PrecompileModule /Users/fukushimatakumi/Library/Developer/Xcode/DerivedData/SugarBeat-hgoxfxbbugxkfsbmqcjlbmjeaqyg/Build/Intermediates.noindex/ExplicitPrecompiledModules/Dispatch-1KGR0QS7UMFGVYXWPB45NSG3O.scan
    cd /Users/fukushimatakumi/develop/sugarbeat/sugarbeat-front
    builtin-precompileModule /Users/fukushimatakumi/Library/Developer/Xcode/DerivedData/SugarBeat-hgoxfxbbugxkfsbmqcjlbmjeaqyg/Build/Intermediates.noindex/ExplicitPrecompiledModules/Dispatch-1KGR0QS7UMFGVYXWPB45NSG3O.scan

PrecompileModule /Users/fukushimatakumi/Library/Developer/Xcode/DerivedData/SugarBeat-hgoxfxbbugxkfsbmqcjlbmjeaqyg/Build/Intermediates.noindex/ExplicitPrecompiledModules/_wctype-MTIPUMS6TRTARRG3ZNY9B5LE.scan
    cd /Users/fukushimatakumi/develop/sugarbeat/sugarbeat-front
    builtin-precompileModule /Users/fukushimatakumi/Library/Developer/Xcode/DerivedData/SugarBeat-hgoxfxbbugxkfsbmqcjlbmjeaqyg/Build/Intermediates.noindex/ExplicitPrecompiledModules/_wctype-MTIPUMS6TRTARRG3ZNY9B5LE.scan

PrecompileModule /Users/fukushimatakumi/Library/Developer/Xcode/DerivedData/SugarBeat-hgoxfxbbugxkfsbmqcjlbmjeaqyg/Build/Intermediates.noindex/ExplicitPrecompiledModules/sys_types-9SPDWKD4DC7B77B2IRHVHN11V.scan
    cd /Users/fukushimatakumi/develop/sugarbeat/sugarbeat-front
    builtin-precompileModule /Users/fukushimatakumi/Library/Developer/Xcode/DerivedData/SugarBeat-hgoxfxbbugxkfsbmqcjlbmjeaqyg/Build/Intermediates.noindex/ExplicitPrecompiledModules/sys_types-9SPDWKD4DC7B77B2IRHVHN11V.scan

PrecompileModule /Users/fukushimatakumi/Library/Developer/Xcode/DerivedData/SugarBeat-hgoxfxbbugxkfsbmqcjlbmjeaqyg/Build/Intermediates.noindex/ExplicitPrecompiledModules/__wctype-8BSK96PFH8LPKSE0KJLSQK9JE.scan
    cd /Users/fukushimatakumi/develop/sugarbeat/sugarbeat-front
    builtin-precompileModule /Users/fukushimatakumi/Library/Developer/Xcode/DerivedData/SugarBeat-hgoxfxbbugxkfsbmqcjlbmjeaqyg/Build/Intermediates.noindex/ExplicitPrecompiledModules/__wctype-8BSK96PFH8LPKSE0KJLSQK9JE.scan

PrecompileModule /Users/fukushimatakumi/Library/Developer/Xcode/DerivedData/SugarBeat-hgoxfxbbugxkfsbmqcjlbmjeaqyg/Build/Intermediates.noindex/ExplicitPrecompiledModules/_Builtin_inttypes-87FCKXVK3DJZJ87HKWBUXT37W.scan
    cd /Users/fukushimatakumi/develop/sugarbeat/sugarbeat-front
    builtin-precompileModule /Users/fukushimatakumi/Library/Developer/Xcode/DerivedData/SugarBeat-hgoxfxbbugxkfsbmqcjlbmjeaqyg/Build/Intermediates.noindex/ExplicitPrecompiledModules/_Builtin_inttypes-87FCKXVK3DJZJ87HKWBUXT37W.scan

PrecompileModule /Users/fukushimatakumi/Library/Developer/Xcode/DerivedData/SugarBeat-hgoxfxbbugxkfsbmqcjlbmjeaqyg/Build/Intermediates.noindex/ExplicitPrecompiledModules/os_workgroup-AH3AA8K0SNPNVKCYMG3HQXIW1.scan
    cd /Users/fukushimatakumi/develop/sugarbeat/sugarbeat-front
    builtin-precompileModule /Users/fukushimatakumi/Library/Developer/Xcode/DerivedData/SugarBeat-hgoxfxbbugxkfsbmqcjlbmjeaqyg/Build/Intermediates.noindex/ExplicitPrecompiledModules/os_workgroup-AH3AA8K0SNPNVKCYMG3HQXIW1.scan

PrecompileModule /Users/fukushimatakumi/Library/Developer/Xcode/DerivedData/SugarBeat-hgoxfxbbugxkfsbmqcjlbmjeaqyg/Build/Intermediates.noindex/ExplicitPrecompiledModules/os_object-7ZKAS86ZVLE96FWPMUHMPTI41.scan
    cd /Users/fukushimatakumi/develop/sugarbeat/sugarbeat-front
    builtin-precompileModule /Users/fukushimatakumi/Library/Developer/Xcode/DerivedData/SugarBeat-hgoxfxbbugxkfsbmqcjlbmjeaqyg/Build/Intermediates.noindex/ExplicitPrecompiledModules/os_object-7ZKAS86ZVLE96FWPMUHMPTI41.scan

PrecompileModule /Users/fukushimatakumi/Library/Developer/Xcode/DerivedData/SugarBeat-hgoxfxbbugxkfsbmqcjlbmjeaqyg/Build/Intermediates.noindex/ExplicitPrecompiledModules/sys_select-DU8QY6NQCA5V4XSPO5RN6XS9A.scan
    cd /Users/fukushimatakumi/develop/sugarbeat/sugarbeat-front
    builtin-precompileModule /Users/fukushimatakumi/Library/Developer/Xcode/DerivedData/SugarBeat-hgoxfxbbugxkfsbmqcjlbmjeaqyg/Build/Intermediates.noindex/ExplicitPrecompiledModules/sys_select-DU8QY6NQCA5V4XSPO5RN6XS9A.scan

PrecompileModule /Users/fukushimatakumi/Library/Developer/Xcode/DerivedData/SugarBeat-hgoxfxbbugxkfsbmqcjlbmjeaqyg/Build/Intermediates.noindex/ExplicitPrecompiledModules/pthread-AHLILEESL657ZCZZ7QMENY79X.scan
    cd /Users/fukushimatakumi/develop/sugarbeat/sugarbeat-front
    builtin-precompileModule /Users/fukushimatakumi/Library/Developer/Xcode/DerivedData/SugarBeat-hgoxfxbbugxkfsbmqcjlbmjeaqyg/Build/Intermediates.noindex/ExplicitPrecompiledModules/pthread-AHLILEESL657ZCZZ7QMENY79X.scan

PrecompileModule /Users/fukushimatakumi/Library/Developer/Xcode/DerivedData/SugarBeat-hgoxfxbbugxkfsbmqcjlbmjeaqyg/Build/Intermediates.noindex/ExplicitPrecompiledModules/_Builtin_inttypes-6U7GK9AZW6JUHFXAHI46CP8ZG.scan
    cd /Users/fukushimatakumi/develop/sugarbeat/sugarbeat-front
    builtin-precompileModule /Users/fukushimatakumi/Library/Developer/Xcode/DerivedData/SugarBeat-hgoxfxbbugxkfsbmqcjlbmjeaqyg/Build/Intermediates.noindex/ExplicitPrecompiledModules/_Builtin_inttypes-6U7GK9AZW6JUHFXAHI46CP8ZG.scan

PrecompileModule /Users/fukushimatakumi/Library/Developer/Xcode/DerivedData/SugarBeat-hgoxfxbbugxkfsbmqcjlbmjeaqyg/Build/Intermediates.noindex/ExplicitPrecompiledModules/gethostuuid-7LCXZ9N7ML9RAQNZCUC1M34SJ.scan
    cd /Users/fukushimatakumi/develop/sugarbeat/sugarbeat-front
    builtin-precompileModule /Users/fukushimatakumi/Library/Developer/Xcode/DerivedData/SugarBeat-hgoxfxbbugxkfsbmqcjlbmjeaqyg/Build/Intermediates.noindex/ExplicitPrecompiledModules/gethostuuid-7LCXZ9N7ML9RAQNZCUC1M34SJ.scan

PrecompileModule /Users/fukushimatakumi/Library/Developer/Xcode/DerivedData/SugarBeat-hgoxfxbbugxkfsbmqcjlbmjeaqyg/Build/Intermediates.noindex/ExplicitPrecompiledModules/_Builtin_tgmath-DHFYM5ZD0BGDM9L8U5FV7UHMZ.scan
    cd /Users/fukushimatakumi/develop/sugarbeat/sugarbeat-front
    builtin-precompileModule /Users/fukushimatakumi/Library/Developer/Xcode/DerivedData/SugarBeat-hgoxfxbbugxkfsbmqcjlbmjeaqyg/Build/Intermediates.noindex/ExplicitPrecompiledModules/_Builtin_tgmath-DHFYM5ZD0BGDM9L8U5FV7UHMZ.scan

PrecompileModule /Users/fukushimatakumi/Library/Developer/Xcode/DerivedData/SugarBeat-hgoxfxbbugxkfsbmqcjlbmjeaqyg/Build/Intermediates.noindex/ExplicitPrecompiledModules/_signal-91ATAHTZN8YLWPSOW0VREXKCA.scan
    cd /Users/fukushimatakumi/develop/sugarbeat/sugarbeat-front
    builtin-precompileModule /Users/fukushimatakumi/Library/Developer/Xcode/DerivedData/SugarBeat-hgoxfxbbugxkfsbmqcjlbmjeaqyg/Build/Intermediates.noindex/ExplicitPrecompiledModules/_signal-91ATAHTZN8YLWPSOW0VREXKCA.scan

PrecompileModule /Users/fukushimatakumi/Library/Developer/Xcode/DerivedData/SugarBeat-hgoxfxbbugxkfsbmqcjlbmjeaqyg/Build/Intermediates.noindex/ExplicitPrecompiledModules/_stdio-EOQJSQ05E0TOQ5YXCSSBJDBFL.scan
    cd /Users/fukushimatakumi/develop/sugarbeat/sugarbeat-front
    builtin-precompileModule /Users/fukushimatakumi/Library/Developer/Xcode/DerivedData/SugarBeat-hgoxfxbbugxkfsbmqcjlbmjeaqyg/Build/Intermediates.noindex/ExplicitPrecompiledModules/_stdio-EOQJSQ05E0TOQ5YXCSSBJDBFL.scan

PrecompileModule /Users/fukushimatakumi/Library/Developer/Xcode/DerivedData/SugarBeat-hgoxfxbbugxkfsbmqcjlbmjeaqyg/Build/Intermediates.noindex/ExplicitPrecompiledModules/_string-Q972QT51NLFEODZ2DY89L5M2.scan
    cd /Users/fukushimatakumi/develop/sugarbeat/sugarbeat-front
    builtin-precompileModule /Users/fukushimatakumi/Library/Developer/Xcode/DerivedData/SugarBeat-hgoxfxbbugxkfsbmqcjlbmjeaqyg/Build/Intermediates.noindex/ExplicitPrecompiledModules/_string-Q972QT51NLFEODZ2DY89L5M2.scan

PrecompileModule /Users/fukushimatakumi/Library/Developer/Xcode/DerivedData/SugarBeat-hgoxfxbbugxkfsbmqcjlbmjeaqyg/Build/Intermediates.noindex/ExplicitPrecompiledModules/sys_resource-A1K2KBJ2IQOH4NBBWGJN545BB.scan
    cd /Users/fukushimatakumi/develop/sugarbeat/sugarbeat-front
    builtin-precompileModule /Users/fukushimatakumi/Library/Developer/Xcode/DerivedData/SugarBeat-hgoxfxbbugxkfsbmqcjlbmjeaqyg/Build/Intermediates.noindex/ExplicitPrecompiledModules/sys_resource-A1K2KBJ2IQOH4NBBWGJN545BB.scan

PrecompileModule /Users/fukushimatakumi/Library/Developer/Xcode/DerivedData/SugarBeat-hgoxfxbbugxkfsbmqcjlbmjeaqyg/Build/Intermediates.noindex/ExplicitPrecompiledModules/nl_types-3V0DI9A3XM0DXMCRIQN5HRXJL.scan
    cd /Users/fukushimatakumi/develop/sugarbeat/sugarbeat-front
    builtin-precompileModule /Users/fukushimatakumi/Library/Developer/Xcode/DerivedData/SugarBeat-hgoxfxbbugxkfsbmqcjlbmjeaqyg/Build/Intermediates.noindex/ExplicitPrecompiledModules/nl_types-3V0DI9A3XM0DXMCRIQN5HRXJL.scan

PrecompileModule /Users/fukushimatakumi/Library/Developer/Xcode/DerivedData/SugarBeat-hgoxfxbbugxkfsbmqcjlbmjeaqyg/Build/Intermediates.noindex/ExplicitPrecompiledModules/XPC-1CUNC7IDQ4XFIJ5LPAULV9Q6O.scan
    cd /Users/fukushimatakumi/develop/sugarbeat/sugarbeat-front
    builtin-precompileModule /Users/fukushimatakumi/Library/Developer/Xcode/DerivedData/SugarBeat-hgoxfxbbugxkfsbmqcjlbmjeaqyg/Build/Intermediates.noindex/ExplicitPrecompiledModules/XPC-1CUNC7IDQ4XFIJ5LPAULV9Q6O.scan

PrecompileModule /Users/fukushimatakumi/Library/Developer/Xcode/DerivedData/SugarBeat-hgoxfxbbugxkfsbmqcjlbmjeaqyg/Build/Intermediates.noindex/ExplicitPrecompiledModules/os_workgroup-8J91CWRB69TNWL7X85CL0KGZM.scan
    cd /Users/fukushimatakumi/develop/sugarbeat/sugarbeat-front
    builtin-precompileModule /Users/fukushimatakumi/Library/Developer/Xcode/DerivedData/SugarBeat-hgoxfxbbugxkfsbmqcjlbmjeaqyg/Build/Intermediates.noindex/ExplicitPrecompiledModules/os_workgroup-8J91CWRB69TNWL7X85CL0KGZM.scan

PrecompileModule /Users/fukushimatakumi/Library/Developer/Xcode/DerivedData/SugarBeat-hgoxfxbbugxkfsbmqcjlbmjeaqyg/Build/Intermediates.noindex/ExplicitPrecompiledModules/CoreFoundation-8CN9YDZ82156N2YXJZHLCC927.scan
    cd /Users/fukushimatakumi/develop/sugarbeat/sugarbeat-front
    builtin-precompileModule /Users/fukushimatakumi/Library/Developer/Xcode/DerivedData/SugarBeat-hgoxfxbbugxkfsbmqcjlbmjeaqyg/Build/Intermediates.noindex/ExplicitPrecompiledModules/CoreFoundation-8CN9YDZ82156N2YXJZHLCC927.scan

PrecompileModule /Users/fukushimatakumi/Library/Developer/Xcode/DerivedData/SugarBeat-hgoxfxbbugxkfsbmqcjlbmjeaqyg/Build/Intermediates.noindex/ExplicitPrecompiledModules/_wchar-5GJWK1J696X5QSD2BIEDFG64D.scan
    cd /Users/fukushimatakumi/develop/sugarbeat/sugarbeat-front
    builtin-precompileModule /Users/fukushimatakumi/Library/Developer/Xcode/DerivedData/SugarBeat-hgoxfxbbugxkfsbmqcjlbmjeaqyg/Build/Intermediates.noindex/ExplicitPrecompiledModules/_wchar-5GJWK1J696X5QSD2BIEDFG64D.scan

PrecompileModule /Users/fukushimatakumi/Library/Developer/Xcode/DerivedData/SugarBeat-hgoxfxbbugxkfsbmqcjlbmjeaqyg/Build/Intermediates.noindex/ExplicitPrecompiledModules/Dispatch-8RAH7OSECQ7POBMV47B3GSE46.scan
    cd /Users/fukushimatakumi/develop/sugarbeat/sugarbeat-front
    builtin-precompileModule /Users/fukushimatakumi/Library/Developer/Xcode/DerivedData/SugarBeat-hgoxfxbbugxkfsbmqcjlbmjeaqyg/Build/Intermediates.noindex/ExplicitPrecompiledModules/Dispatch-8RAH7OSECQ7POBMV47B3GSE46.scan

PrecompileModule /Users/fukushimatakumi/Library/Developer/Xcode/DerivedData/SugarBeat-hgoxfxbbugxkfsbmqcjlbmjeaqyg/Build/Intermediates.noindex/ExplicitPrecompiledModules/sys_wait-1Y6OANTAWNO5XJIC27O4Y21BB.scan
    cd /Users/fukushimatakumi/develop/sugarbeat/sugarbeat-front
    builtin-precompileModule /Users/fukushimatakumi/Library/Developer/Xcode/DerivedData/SugarBeat-hgoxfxbbugxkfsbmqcjlbmjeaqyg/Build/Intermediates.noindex/ExplicitPrecompiledModules/sys_wait-1Y6OANTAWNO5XJIC27O4Y21BB.scan

PrecompileModule /Users/fukushimatakumi/Library/Developer/Xcode/DerivedData/SugarBeat-hgoxfxbbugxkfsbmqcjlbmjeaqyg/Build/Intermediates.noindex/ExplicitPrecompiledModules/_wctype-4PG33GKNO42OH1E4XTSPE8QFI.scan
    cd /Users/fukushimatakumi/develop/sugarbeat/sugarbeat-front
    builtin-precompileModule /Users/fukushimatakumi/Library/Developer/Xcode/DerivedData/SugarBeat-hgoxfxbbugxkfsbmqcjlbmjeaqyg/Build/Intermediates.noindex/ExplicitPrecompiledModules/_wctype-4PG33GKNO42OH1E4XTSPE8QFI.scan

PrecompileModule /Users/fukushimatakumi/Library/Developer/Xcode/DerivedData/SugarBeat-hgoxfxbbugxkfsbmqcjlbmjeaqyg/Build/Intermediates.noindex/ExplicitPrecompiledModules/nl_types-5TK6ZOVJSCAPPI9OJG5IOGEDT.scan
    cd /Users/fukushimatakumi/develop/sugarbeat/sugarbeat-front
    builtin-precompileModule /Users/fukushimatakumi/Library/Developer/Xcode/DerivedData/SugarBeat-hgoxfxbbugxkfsbmqcjlbmjeaqyg/Build/Intermediates.noindex/ExplicitPrecompiledModules/nl_types-5TK6ZOVJSCAPPI9OJG5IOGEDT.scan

PrecompileModule /Users/fukushimatakumi/Library/Developer/Xcode/DerivedData/SugarBeat-hgoxfxbbugxkfsbmqcjlbmjeaqyg/Build/Intermediates.noindex/ExplicitPrecompiledModules/sys_wait-E6YU4KSY7L0Y1PNGMYS8K2EG8.scan
    cd /Users/fukushimatakumi/develop/sugarbeat/sugarbeat-front
    builtin-precompileModule /Users/fukushimatakumi/Library/Developer/Xcode/DerivedData/SugarBeat-hgoxfxbbugxkfsbmqcjlbmjeaqyg/Build/Intermediates.noindex/ExplicitPrecompiledModules/sys_wait-E6YU4KSY7L0Y1PNGMYS8K2EG8.scan

PrecompileModule /Users/fukushimatakumi/Library/Developer/Xcode/DerivedData/SugarBeat-hgoxfxbbugxkfsbmqcjlbmjeaqyg/Build/Intermediates.noindex/ExplicitPrecompiledModules/_time-5ENY1455YX4UR0VOSIZGHR8UP.scan
    cd /Users/fukushimatakumi/develop/sugarbeat/sugarbeat-front
    builtin-precompileModule /Users/fukushimatakumi/Library/Developer/Xcode/DerivedData/SugarBeat-hgoxfxbbugxkfsbmqcjlbmjeaqyg/Build/Intermediates.noindex/ExplicitPrecompiledModules/_time-5ENY1455YX4UR0VOSIZGHR8UP.scan

PrecompileModule /Users/fukushimatakumi/Library/Developer/Xcode/DerivedData/SugarBeat-hgoxfxbbugxkfsbmqcjlbmjeaqyg/Build/Intermediates.noindex/ExplicitPrecompiledModules/Dispatch-46GET6R191QVIB4500268JN7S.scan
    cd /Users/fukushimatakumi/develop/sugarbeat/sugarbeat-front
    builtin-precompileModule /Users/fukushimatakumi/Library/Developer/Xcode/DerivedData/SugarBeat-hgoxfxbbugxkfsbmqcjlbmjeaqyg/Build/Intermediates.noindex/ExplicitPrecompiledModules/Dispatch-46GET6R191QVIB4500268JN7S.scan

PrecompileModule /Users/fukushimatakumi/Library/Developer/Xcode/DerivedData/SugarBeat-hgoxfxbbugxkfsbmqcjlbmjeaqyg/Build/Intermediates.noindex/ExplicitPrecompiledModules/_stdlib-89UT2VCIR0Z6LVCUJFYWC5GU8.scan
    cd /Users/fukushimatakumi/develop/sugarbeat/sugarbeat-front
    builtin-precompileModule /Users/fukushimatakumi/Library/Developer/Xcode/DerivedData/SugarBeat-hgoxfxbbugxkfsbmqcjlbmjeaqyg/Build/Intermediates.noindex/ExplicitPrecompiledModules/_stdlib-89UT2VCIR0Z6LVCUJFYWC5GU8.scan

PrecompileModule /Users/fukushimatakumi/Library/Developer/Xcode/DerivedData/SugarBeat-hgoxfxbbugxkfsbmqcjlbmjeaqyg/Build/Intermediates.noindex/ExplicitPrecompiledModules/_string-AE9RMZHEDDPP5GAIAH7NNXIDR.scan
    cd /Users/fukushimatakumi/develop/sugarbeat/sugarbeat-front
    builtin-precompileModule /Users/fukushimatakumi/Library/Developer/Xcode/DerivedData/SugarBeat-hgoxfxbbugxkfsbmqcjlbmjeaqyg/Build/Intermediates.noindex/ExplicitPrecompiledModules/_string-AE9RMZHEDDPP5GAIAH7NNXIDR.scan

PrecompileModule /Users/fukushimatakumi/Library/Developer/Xcode/DerivedData/SugarBeat-hgoxfxbbugxkfsbmqcjlbmjeaqyg/Build/Intermediates.noindex/ExplicitPrecompiledModules/unistd-2QWPM3DF2M04I541PUK73GZTD.scan
    cd /Users/fukushimatakumi/develop/sugarbeat/sugarbeat-front
    builtin-precompileModule /Users/fukushimatakumi/Library/Developer/Xcode/DerivedData/SugarBeat-hgoxfxbbugxkfsbmqcjlbmjeaqyg/Build/Intermediates.noindex/ExplicitPrecompiledModules/unistd-2QWPM3DF2M04I541PUK73GZTD.scan

ScanDependencies /Users/fukushimatakumi/Library/Developer/Xcode/DerivedData/SugarBeat-hgoxfxbbugxkfsbmqcjlbmjeaqyg/Build/Intermediates.noindex/Promises.build/Debug-iphonesimulator/FBLPromises.build/Objects-normal/arm64/FBLPromise+Wrap.o /Users/fukushimatakumi/Library/Developer/Xcode/DerivedData/SugarBeat-hgoxfxbbugxkfsbmqcjlbmjeaqyg/SourcePackages/checkouts/promises/Sources/FBLPromises/FBLPromise+Wrap.m normal arm64 objective-c com.apple.compilers.llvm.clang.1_0.compiler (in target 'FBLPromises' from project 'Promises')
    cd /Users/fukushimatakumi/develop/sugarbeat/sugarbeat-front
    
    Using response file: /Users/fukushimatakumi/Library/Developer/Xcode/DerivedData/SugarBeat-hgoxfxbbugxkfsbmqcjlbmjeaqyg/Build/Intermediates.noindex/Promises.build/Debug-iphonesimulator/FBLPromises.build/Objects-normal/arm64/e6072d4f65d7061329687fe24e3d63a7-common-args.resp
    
    builtin-ScanDependencies -o /Users/fukushimatakumi/Library/Developer/Xcode/DerivedData/SugarBeat-hgoxfxbbugxkfsbmqcjlbmjeaqyg/Build/Intermediates.noindex/Promises.build/Debug-iphonesimulator/FBLPromises.build/Objects-normal/arm64/FBLPromise+Wrap.o.scan -- /Applications/Xcode.app/Contents/Developer/Toolchains/XcodeDefault.xctoolchain/usr/bin/clang -x objective-c -ivfsstatcache /Users/fukushimatakumi/Library/Developer/Xcode/DerivedData/SDKStatCaches.noindex/iphonesimulator18.4-22E235-71825a6d136aa4733edcbe86ece5525b.sdkstatcache -fmessage-length\=0 -fdiagnostics-show-note-include-stack -fmacro-backtrace-limit\=0 -fno-color-diagnostics -fmodules-prune-interval\=86400 -fmodules-prune-after\=345600 -fbuild-session-file\=/Users/fukushimatakumi/Library/Developer/Xcode/DerivedData/ModuleCache.noindex/Session.modulevalidation -fmodules-validate-once-per-build-session -Wnon-modular-include-in-framework-module -Werror\=non-modular-include-in-framework-module -Wno-trigraphs -Wno-missing-field-initializers -Wno-missing-prototypes -Wno-return-type -Wno-implicit-atomic-properties -Wno-objc-interface-ivars -Wno-arc-repeated-use-of-weak -Wno-missing-braces -Wparentheses -Wswitch -Wno-unused-function -Wno-unused-label -Wno-unused-parameter -Wno-unused-variable -Wunused-value -Wno-empty-body -Wno-uninitialized -Wno-unknown-pragmas -w -Wno-shadow -Wno-four-char-constants -Wno-conversion -Wno-constant-conversion -Wno-int-conversion -Wno-bool-conversion -Wno-enum-conversion -Wno-float-conversion -Wno-non-literal-null-conversion -Wno-objc-literal-conversion -Wshorten-64-to-32 -Wpointer-sign -Wno-newline-eof -Wno-selector -Wno-strict-selector-match -Wno-undeclared-selector -Wno-deprecated-implementations -Wno-implicit-fallthrough -fstrict-aliasing -Wprotocol -Wdeprecated-declarations -Wno-sign-conversion -Wno-infinite-recursion -Wno-comma -Wno-block-capture-autoreleasing -Wno-strict-prototypes -Wno-semicolon-before-method-body -index-store-path /Users/fukushimatakumi/Library/Developer/Xcode/DerivedData/SugarBeat-hgoxfxbbugxkfsbmqcjlbmjeaqyg/Index.noindex/DataStore @/Users/fukushimatakumi/Library/Developer/Xcode/DerivedData/SugarBeat-hgoxfxbbugxkfsbmqcjlbmjeaqyg/Build/Intermediates.noindex/Promises.build/Debug-iphonesimulator/FBLPromises.build/Objects-normal/arm64/e6072d4f65d7061329687fe24e3d63a7-common-args.resp -include /Users/fukushimatakumi/Library/Developer/Xcode/DerivedData/SugarBeat-hgoxfxbbugxkfsbmqcjlbmjeaqyg/Build/Intermediates.noindex/Promises.build/Debug-iphonesimulator/FBLPromises.build/DerivedSources/resource_bundle_accessor.h -MMD -MT dependencies -MF /Users/fukushimatakumi/Library/Developer/Xcode/DerivedData/SugarBeat-hgoxfxbbugxkfsbmqcjlbmjeaqyg/Build/Intermediates.noindex/Promises.build/Debug-iphonesimulator/FBLPromises.build/Objects-normal/arm64/FBLPromise+Wrap.d --serialize-diagnostics /Users/fukushimatakumi/Library/Developer/Xcode/DerivedData/SugarBeat-hgoxfxbbugxkfsbmqcjlbmjeaqyg/Build/Intermediates.noindex/Promises.build/Debug-iphonesimulator/FBLPromises.build/Objects-normal/arm64/FBLPromise+Wrap.dia -c /Users/fukushimatakumi/Library/Developer/Xcode/DerivedData/SugarBeat-hgoxfxbbugxkfsbmqcjlbmjeaqyg/SourcePackages/checkouts/promises/Sources/FBLPromises/FBLPromise+Wrap.m -o /Users/fukushimatakumi/Library/Developer/Xcode/DerivedData/SugarBeat-hgoxfxbbugxkfsbmqcjlbmjeaqyg/Build/Intermediates.noindex/Promises.build/Debug-iphonesimulator/FBLPromises.build/Objects-normal/arm64/FBLPromise+Wrap.o -index-unit-output-path /Promises.build/Debug-iphonesimulator/FBLPromises.build/Objects-normal/arm64/FBLPromise+Wrap.o

PrecompileModule /Users/fukushimatakumi/Library/Developer/Xcode/DerivedData/SugarBeat-hgoxfxbbugxkfsbmqcjlbmjeaqyg/Build/Intermediates.noindex/ExplicitPrecompiledModules/_stdlib-TN9SPV26CXZEMMJT5RIQK16V.scan
    cd /Users/fukushimatakumi/develop/sugarbeat/sugarbeat-front
    builtin-precompileModule /Users/fukushimatakumi/Library/Developer/Xcode/DerivedData/SugarBeat-hgoxfxbbugxkfsbmqcjlbmjeaqyg/Build/Intermediates.noindex/ExplicitPrecompiledModules/_stdlib-TN9SPV26CXZEMMJT5RIQK16V.scan

ScanDependencies /Users/fukushimatakumi/Library/Developer/Xcode/DerivedData/SugarBeat-hgoxfxbbugxkfsbmqcjlbmjeaqyg/Build/Intermediates.noindex/Promises.build/Debug-iphonesimulator/FBLPromises.build/Objects-normal/arm64/FBLPromise+Validate.o /Users/fukushimatakumi/Library/Developer/Xcode/DerivedData/SugarBeat-hgoxfxbbugxkfsbmqcjlbmjeaqyg/SourcePackages/checkouts/promises/Sources/FBLPromises/FBLPromise+Validate.m normal arm64 objective-c com.apple.compilers.llvm.clang.1_0.compiler (in target 'FBLPromises' from project 'Promises')
    cd /Users/fukushimatakumi/develop/sugarbeat/sugarbeat-front
    
    Using response file: /Users/fukushimatakumi/Library/Developer/Xcode/DerivedData/SugarBeat-hgoxfxbbugxkfsbmqcjlbmjeaqyg/Build/Intermediates.noindex/Promises.build/Debug-iphonesimulator/FBLPromises.build/Objects-normal/arm64/e6072d4f65d7061329687fe24e3d63a7-common-args.resp
    
    builtin-ScanDependencies -o /Users/fukushimatakumi/Library/Developer/Xcode/DerivedData/SugarBeat-hgoxfxbbugxkfsbmqcjlbmjeaqyg/Build/Intermediates.noindex/Promises.build/Debug-iphonesimulator/FBLPromises.build/Objects-normal/arm64/FBLPromise+Validate.o.scan -- /Applications/Xcode.app/Contents/Developer/Toolchains/XcodeDefault.xctoolchain/usr/bin/clang -x objective-c -ivfsstatcache /Users/fukushimatakumi/Library/Developer/Xcode/DerivedData/SDKStatCaches.noindex/iphonesimulator18.4-22E235-71825a6d136aa4733edcbe86ece5525b.sdkstatcache -fmessage-length\=0 -fdiagnostics-show-note-include-stack -fmacro-backtrace-limit\=0 -fno-color-diagnostics -fmodules-prune-interval\=86400 -fmodules-prune-after\=345600 -fbuild-session-file\=/Users/fukushimatakumi/Library/Developer/Xcode/DerivedData/ModuleCache.noindex/Session.modulevalidation -fmodules-validate-once-per-build-session -Wnon-modular-include-in-framework-module -Werror\=non-modular-include-in-framework-module -Wno-trigraphs -Wno-missing-field-initializers -Wno-missing-prototypes -Wno-return-type -Wno-implicit-atomic-properties -Wno-objc-interface-ivars -Wno-arc-repeated-use-of-weak -Wno-missing-braces -Wparentheses -Wswitch -Wno-unused-function -Wno-unused-label -Wno-unused-parameter -Wno-unused-variable -Wunused-value -Wno-empty-body -Wno-uninitialized -Wno-unknown-pragmas -w -Wno-shadow -Wno-four-char-constants -Wno-conversion -Wno-constant-conversion -Wno-int-conversion -Wno-bool-conversion -Wno-enum-conversion -Wno-float-conversion -Wno-non-literal-null-conversion -Wno-objc-literal-conversion -Wshorten-64-to-32 -Wpointer-sign -Wno-newline-eof -Wno-selector -Wno-strict-selector-match -Wno-undeclared-selector -Wno-deprecated-implementations -Wno-implicit-fallthrough -fstrict-aliasing -Wprotocol -Wdeprecated-declarations -Wno-sign-conversion -Wno-infinite-recursion -Wno-comma -Wno-block-capture-autoreleasing -Wno-strict-prototypes -Wno-semicolon-before-method-body -index-store-path /Users/fukushimatakumi/Library/Developer/Xcode/DerivedData/SugarBeat-hgoxfxbbugxkfsbmqcjlbmjeaqyg/Index.noindex/DataStore @/Users/fukushimatakumi/Library/Developer/Xcode/DerivedData/SugarBeat-hgoxfxbbugxkfsbmqcjlbmjeaqyg/Build/Intermediates.noindex/Promises.build/Debug-iphonesimulator/FBLPromises.build/Objects-normal/arm64/e6072d4f65d7061329687fe24e3d63a7-common-args.resp -include /Users/fukushimatakumi/Library/Developer/Xcode/DerivedData/SugarBeat-hgoxfxbbugxkfsbmqcjlbmjeaqyg/Build/Intermediates.noindex/Promises.build/Debug-iphonesimulator/FBLPromises.build/DerivedSources/resource_bundle_accessor.h -MMD -MT dependencies -MF /Users/fukushimatakumi/Library/Developer/Xcode/DerivedData/SugarBeat-hgoxfxbbugxkfsbmqcjlbmjeaqyg/Build/Intermediates.noindex/Promises.build/Debug-iphonesimulator/FBLPromises.build/Objects-normal/arm64/FBLPromise+Validate.d --serialize-diagnostics /Users/fukushimatakumi/Library/Developer/Xcode/DerivedData/SugarBeat-hgoxfxbbugxkfsbmqcjlbmjeaqyg/Build/Intermediates.noindex/Promises.build/Debug-iphonesimulator/FBLPromises.build/Objects-normal/arm64/FBLPromise+Validate.dia -c /Users/fukushimatakumi/Library/Developer/Xcode/DerivedData/SugarBeat-hgoxfxbbugxkfsbmqcjlbmjeaqyg/SourcePackages/checkouts/promises/Sources/FBLPromises/FBLPromise+Validate.m -o /Users/fukushimatakumi/Library/Developer/Xcode/DerivedData/SugarBeat-hgoxfxbbugxkfsbmqcjlbmjeaqyg/Build/Intermediates.noindex/Promises.build/Debug-iphonesimulator/FBLPromises.build/Objects-normal/arm64/FBLPromise+Validate.o -index-unit-output-path /Promises.build/Debug-iphonesimulator/FBLPromises.build/Objects-normal/arm64/FBLPromise+Validate.o

PrecompileModule /Users/fukushimatakumi/Library/Developer/Xcode/DerivedData/SugarBeat-hgoxfxbbugxkfsbmqcjlbmjeaqyg/Build/Intermediates.noindex/ExplicitPrecompiledModules/XPC-8T6CT84R4IDY63CWCQR1O9DMS.scan
    cd /Users/fukushimatakumi/develop/sugarbeat/sugarbeat-front
    builtin-precompileModule /Users/fukushimatakumi/Library/Developer/Xcode/DerivedData/SugarBeat-hgoxfxbbugxkfsbmqcjlbmjeaqyg/Build/Intermediates.noindex/ExplicitPrecompiledModules/XPC-8T6CT84R4IDY63CWCQR1O9DMS.scan

PrecompileModule /Users/fukushimatakumi/Library/Developer/Xcode/DerivedData/SugarBeat-hgoxfxbbugxkfsbmqcjlbmjeaqyg/Build/Intermediates.noindex/ExplicitPrecompiledModules/gethostuuid-D4O63ZCRD8VP3UR0KT8LG7315.scan
    cd /Users/fukushimatakumi/develop/sugarbeat/sugarbeat-front
    builtin-precompileModule /Users/fukushimatakumi/Library/Developer/Xcode/DerivedData/SugarBeat-hgoxfxbbugxkfsbmqcjlbmjeaqyg/Build/Intermediates.noindex/ExplicitPrecompiledModules/gethostuuid-D4O63ZCRD8VP3UR0KT8LG7315.scan

PrecompileModule /Users/fukushimatakumi/Library/Developer/Xcode/DerivedData/SugarBeat-hgoxfxbbugxkfsbmqcjlbmjeaqyg/Build/Intermediates.noindex/ExplicitPrecompiledModules/CoreFoundation-ATBLD2MQ312O616HE5QZ0CQ81.scan
    cd /Users/fukushimatakumi/develop/sugarbeat/sugarbeat-front
    builtin-precompileModule /Users/fukushimatakumi/Library/Developer/Xcode/DerivedData/SugarBeat-hgoxfxbbugxkfsbmqcjlbmjeaqyg/Build/Intermediates.noindex/ExplicitPrecompiledModules/CoreFoundation-ATBLD2MQ312O616HE5QZ0CQ81.scan

PrecompileModule /Users/fukushimatakumi/Library/Developer/Xcode/DerivedData/SugarBeat-hgoxfxbbugxkfsbmqcjlbmjeaqyg/Build/Intermediates.noindex/ExplicitPrecompiledModules/_wchar-BWJKLL575O9RMVZJV18CH9R44.scan
    cd /Users/fukushimatakumi/develop/sugarbeat/sugarbeat-front
    builtin-precompileModule /Users/fukushimatakumi/Library/Developer/Xcode/DerivedData/SugarBeat-hgoxfxbbugxkfsbmqcjlbmjeaqyg/Build/Intermediates.noindex/ExplicitPrecompiledModules/_wchar-BWJKLL575O9RMVZJV18CH9R44.scan

PrecompileModule /Users/fukushimatakumi/Library/Developer/Xcode/DerivedData/SugarBeat-hgoxfxbbugxkfsbmqcjlbmjeaqyg/Build/Intermediates.noindex/ExplicitPrecompiledModules/pthread-7F1MNHO8KIYD7WK27PHK2J611.scan
    cd /Users/fukushimatakumi/develop/sugarbeat/sugarbeat-front
    builtin-precompileModule /Users/fukushimatakumi/Library/Developer/Xcode/DerivedData/SugarBeat-hgoxfxbbugxkfsbmqcjlbmjeaqyg/Build/Intermediates.noindex/ExplicitPrecompiledModules/pthread-7F1MNHO8KIYD7WK27PHK2J611.scan

PrecompileModule /Users/fukushimatakumi/Library/Developer/Xcode/DerivedData/SugarBeat-hgoxfxbbugxkfsbmqcjlbmjeaqyg/Build/Intermediates.noindex/ExplicitPrecompiledModules/sys_select-4L4APMZ0B05RKVDTQI3IIYW6S.scan
    cd /Users/fukushimatakumi/develop/sugarbeat/sugarbeat-front
    builtin-precompileModule /Users/fukushimatakumi/Library/Developer/Xcode/DerivedData/SugarBeat-hgoxfxbbugxkfsbmqcjlbmjeaqyg/Build/Intermediates.noindex/ExplicitPrecompiledModules/sys_select-4L4APMZ0B05RKVDTQI3IIYW6S.scan

PrecompileModule /Users/fukushimatakumi/Library/Developer/Xcode/DerivedData/SugarBeat-hgoxfxbbugxkfsbmqcjlbmjeaqyg/Build/Intermediates.noindex/ExplicitPrecompiledModules/Darwin-6ITPE4NK1J0G87BJ5YN1QK5MY.scan
    cd /Users/fukushimatakumi/develop/sugarbeat/sugarbeat-front
    builtin-precompileModule /Users/fukushimatakumi/Library/Developer/Xcode/DerivedData/SugarBeat-hgoxfxbbugxkfsbmqcjlbmjeaqyg/Build/Intermediates.noindex/ExplicitPrecompiledModules/Darwin-6ITPE4NK1J0G87BJ5YN1QK5MY.scan

PrecompileModule /Users/fukushimatakumi/Library/Developer/Xcode/DerivedData/SugarBeat-hgoxfxbbugxkfsbmqcjlbmjeaqyg/Build/Intermediates.noindex/ExplicitPrecompiledModules/XPC-56NET5SNAL49K71F5X1A1QNV0.scan
    cd /Users/fukushimatakumi/develop/sugarbeat/sugarbeat-front
    builtin-precompileModule /Users/fukushimatakumi/Library/Developer/Xcode/DerivedData/SugarBeat-hgoxfxbbugxkfsbmqcjlbmjeaqyg/Build/Intermediates.noindex/ExplicitPrecompiledModules/XPC-56NET5SNAL49K71F5X1A1QNV0.scan

PrecompileModule /Users/fukushimatakumi/Library/Developer/Xcode/DerivedData/SugarBeat-hgoxfxbbugxkfsbmqcjlbmjeaqyg/Build/Intermediates.noindex/ExplicitPrecompiledModules/CoreFoundation-7QY71GWCR0PLN68IVHY073I7S.scan
    cd /Users/fukushimatakumi/develop/sugarbeat/sugarbeat-front
    builtin-precompileModule /Users/fukushimatakumi/Library/Developer/Xcode/DerivedData/SugarBeat-hgoxfxbbugxkfsbmqcjlbmjeaqyg/Build/Intermediates.noindex/ExplicitPrecompiledModules/CoreFoundation-7QY71GWCR0PLN68IVHY073I7S.scan

ScanDependencies /Users/fukushimatakumi/Library/Developer/Xcode/DerivedData/SugarBeat-hgoxfxbbugxkfsbmqcjlbmjeaqyg/Build/Intermediates.noindex/Promises.build/Debug-iphonesimulator/FBLPromises.build/Objects-normal/arm64/FBLPromise+Timeout.o /Users/fukushimatakumi/Library/Developer/Xcode/DerivedData/SugarBeat-hgoxfxbbugxkfsbmqcjlbmjeaqyg/SourcePackages/checkouts/promises/Sources/FBLPromises/FBLPromise+Timeout.m normal arm64 objective-c com.apple.compilers.llvm.clang.1_0.compiler (in target 'FBLPromises' from project 'Promises')
    cd /Users/fukushimatakumi/develop/sugarbeat/sugarbeat-front
    
    Using response file: /Users/fukushimatakumi/Library/Developer/Xcode/DerivedData/SugarBeat-hgoxfxbbugxkfsbmqcjlbmjeaqyg/Build/Intermediates.noindex/Promises.build/Debug-iphonesimulator/FBLPromises.build/Objects-normal/arm64/e6072d4f65d7061329687fe24e3d63a7-common-args.resp
    
    builtin-ScanDependencies -o /Users/fukushimatakumi/Library/Developer/Xcode/DerivedData/SugarBeat-hgoxfxbbugxkfsbmqcjlbmjeaqyg/Build/Intermediates.noindex/Promises.build/Debug-iphonesimulator/FBLPromises.build/Objects-normal/arm64/FBLPromise+Timeout.o.scan -- /Applications/Xcode.app/Contents/Developer/Toolchains/XcodeDefault.xctoolchain/usr/bin/clang -x objective-c -ivfsstatcache /Users/fukushimatakumi/Library/Developer/Xcode/DerivedData/SDKStatCaches.noindex/iphonesimulator18.4-22E235-71825a6d136aa4733edcbe86ece5525b.sdkstatcache -fmessage-length\=0 -fdiagnostics-show-note-include-stack -fmacro-backtrace-limit\=0 -fno-color-diagnostics -fmodules-prune-interval\=86400 -fmodules-prune-after\=345600 -fbuild-session-file\=/Users/fukushimatakumi/Library/Developer/Xcode/DerivedData/ModuleCache.noindex/Session.modulevalidation -fmodules-validate-once-per-build-session -Wnon-modular-include-in-framework-module -Werror\=non-modular-include-in-framework-module -Wno-trigraphs -Wno-missing-field-initializers -Wno-missing-prototypes -Wno-return-type -Wno-implicit-atomic-properties -Wno-objc-interface-ivars -Wno-arc-repeated-use-of-weak -Wno-missing-braces -Wparentheses -Wswitch -Wno-unused-function -Wno-unused-label -Wno-unused-parameter -Wno-unused-variable -Wunused-value -Wno-empty-body -Wno-uninitialized -Wno-unknown-pragmas -w -Wno-shadow -Wno-four-char-constants -Wno-conversion -Wno-constant-conversion -Wno-int-conversion -Wno-bool-conversion -Wno-enum-conversion -Wno-float-conversion -Wno-non-literal-null-conversion -Wno-objc-literal-conversion -Wshorten-64-to-32 -Wpointer-sign -Wno-newline-eof -Wno-selector -Wno-strict-selector-match -Wno-undeclared-selector -Wno-deprecated-implementations -Wno-implicit-fallthrough -fstrict-aliasing -Wprotocol -Wdeprecated-declarations -Wno-sign-conversion -Wno-infinite-recursion -Wno-comma -Wno-block-capture-autoreleasing -Wno-strict-prototypes -Wno-semicolon-before-method-body -index-store-path /Users/fukushimatakumi/Library/Developer/Xcode/DerivedData/SugarBeat-hgoxfxbbugxkfsbmqcjlbmjeaqyg/Index.noindex/DataStore @/Users/fukushimatakumi/Library/Developer/Xcode/DerivedData/SugarBeat-hgoxfxbbugxkfsbmqcjlbmjeaqyg/Build/Intermediates.noindex/Promises.build/Debug-iphonesimulator/FBLPromises.build/Objects-normal/arm64/e6072d4f65d7061329687fe24e3d63a7-common-args.resp -include /Users/fukushimatakumi/Library/Developer/Xcode/DerivedData/SugarBeat-hgoxfxbbugxkfsbmqcjlbmjeaqyg/Build/Intermediates.noindex/Promises.build/Debug-iphonesimulator/FBLPromises.build/DerivedSources/resource_bundle_accessor.h -MMD -MT dependencies -MF /Users/fukushimatakumi/Library/Developer/Xcode/DerivedData/SugarBeat-hgoxfxbbugxkfsbmqcjlbmjeaqyg/Build/Intermediates.noindex/Promises.build/Debug-iphonesimulator/FBLPromises.build/Objects-normal/arm64/FBLPromise+Timeout.d --serialize-diagnostics /Users/fukushimatakumi/Library/Developer/Xcode/DerivedData/SugarBeat-hgoxfxbbugxkfsbmqcjlbmjeaqyg/Build/Intermediates.noindex/Promises.build/Debug-iphonesimulator/FBLPromises.build/Objects-normal/arm64/FBLPromise+Timeout.dia -c /Users/fukushimatakumi/Library/Developer/Xcode/DerivedData/SugarBeat-hgoxfxbbugxkfsbmqcjlbmjeaqyg/SourcePackages/checkouts/promises/Sources/FBLPromises/FBLPromise+Timeout.m -o /Users/fukushimatakumi/Library/Developer/Xcode/DerivedData/SugarBeat-hgoxfxbbugxkfsbmqcjlbmjeaqyg/Build/Intermediates.noindex/Promises.build/Debug-iphonesimulator/FBLPromises.build/Objects-normal/arm64/FBLPromise+Timeout.o -index-unit-output-path /Promises.build/Debug-iphonesimulator/FBLPromises.build/Objects-normal/arm64/FBLPromise+Timeout.o

ScanDependencies /Users/fukushimatakumi/Library/Developer/Xcode/DerivedData/SugarBeat-hgoxfxbbugxkfsbmqcjlbmjeaqyg/Build/Intermediates.noindex/Promises.build/Debug-iphonesimulator/FBLPromises.build/Objects-normal/arm64/FBLPromise+Then.o /Users/fukushimatakumi/Library/Developer/Xcode/DerivedData/SugarBeat-hgoxfxbbugxkfsbmqcjlbmjeaqyg/SourcePackages/checkouts/promises/Sources/FBLPromises/FBLPromise+Then.m normal arm64 objective-c com.apple.compilers.llvm.clang.1_0.compiler (in target 'FBLPromises' from project 'Promises')
    cd /Users/fukushimatakumi/develop/sugarbeat/sugarbeat-front
    
    Using response file: /Users/fukushimatakumi/Library/Developer/Xcode/DerivedData/SugarBeat-hgoxfxbbugxkfsbmqcjlbmjeaqyg/Build/Intermediates.noindex/Promises.build/Debug-iphonesimulator/FBLPromises.build/Objects-normal/arm64/e6072d4f65d7061329687fe24e3d63a7-common-args.resp
    
    builtin-ScanDependencies -o /Users/fukushimatakumi/Library/Developer/Xcode/DerivedData/SugarBeat-hgoxfxbbugxkfsbmqcjlbmjeaqyg/Build/Intermediates.noindex/Promises.build/Debug-iphonesimulator/FBLPromises.build/Objects-normal/arm64/FBLPromise+Then.o.scan -- /Applications/Xcode.app/Contents/Developer/Toolchains/XcodeDefault.xctoolchain/usr/bin/clang -x objective-c -ivfsstatcache /Users/fukushimatakumi/Library/Developer/Xcode/DerivedData/SDKStatCaches.noindex/iphonesimulator18.4-22E235-71825a6d136aa4733edcbe86ece5525b.sdkstatcache -fmessage-length\=0 -fdiagnostics-show-note-include-stack -fmacro-backtrace-limit\=0 -fno-color-diagnostics -fmodules-prune-interval\=86400 -fmodules-prune-after\=345600 -fbuild-session-file\=/Users/fukushimatakumi/Library/Developer/Xcode/DerivedData/ModuleCache.noindex/Session.modulevalidation -fmodules-validate-once-per-build-session -Wnon-modular-include-in-framework-module -Werror\=non-modular-include-in-framework-module -Wno-trigraphs -Wno-missing-field-initializers -Wno-missing-prototypes -Wno-return-type -Wno-implicit-atomic-properties -Wno-objc-interface-ivars -Wno-arc-repeated-use-of-weak -Wno-missing-braces -Wparentheses -Wswitch -Wno-unused-function -Wno-unused-label -Wno-unused-parameter -Wno-unused-variable -Wunused-value -Wno-empty-body -Wno-uninitialized -Wno-unknown-pragmas -w -Wno-shadow -Wno-four-char-constants -Wno-conversion -Wno-constant-conversion -Wno-int-conversion -Wno-bool-conversion -Wno-enum-conversion -Wno-float-conversion -Wno-non-literal-null-conversion -Wno-objc-literal-conversion -Wshorten-64-to-32 -Wpointer-sign -Wno-newline-eof -Wno-selector -Wno-strict-selector-match -Wno-undeclared-selector -Wno-deprecated-implementations -Wno-implicit-fallthrough -fstrict-aliasing -Wprotocol -Wdeprecated-declarations -Wno-sign-conversion -Wno-infinite-recursion -Wno-comma -Wno-block-capture-autoreleasing -Wno-strict-prototypes -Wno-semicolon-before-method-body -index-store-path /Users/fukushimatakumi/Library/Developer/Xcode/DerivedData/SugarBeat-hgoxfxbbugxkfsbmqcjlbmjeaqyg/Index.noindex/DataStore @/Users/fukushimatakumi/Library/Developer/Xcode/DerivedData/SugarBeat-hgoxfxbbugxkfsbmqcjlbmjeaqyg/Build/Intermediates.noindex/Promises.build/Debug-iphonesimulator/FBLPromises.build/Objects-normal/arm64/e6072d4f65d7061329687fe24e3d63a7-common-args.resp -include /Users/fukushimatakumi/Library/Developer/Xcode/DerivedData/SugarBeat-hgoxfxbbugxkfsbmqcjlbmjeaqyg/Build/Intermediates.noindex/Promises.build/Debug-iphonesimulator/FBLPromises.build/DerivedSources/resource_bundle_accessor.h -MMD -MT dependencies -MF /Users/fukushimatakumi/Library/Developer/Xcode/DerivedData/SugarBeat-hgoxfxbbugxkfsbmqcjlbmjeaqyg/Build/Intermediates.noindex/Promises.build/Debug-iphonesimulator/FBLPromises.build/Objects-normal/arm64/FBLPromise+Then.d --serialize-diagnostics /Users/fukushimatakumi/Library/Developer/Xcode/DerivedData/SugarBeat-hgoxfxbbugxkfsbmqcjlbmjeaqyg/Build/Intermediates.noindex/Promises.build/Debug-iphonesimulator/FBLPromises.build/Objects-normal/arm64/FBLPromise+Then.dia -c /Users/fukushimatakumi/Library/Developer/Xcode/DerivedData/SugarBeat-hgoxfxbbugxkfsbmqcjlbmjeaqyg/SourcePackages/checkouts/promises/Sources/FBLPromises/FBLPromise+Then.m -o /Users/fukushimatakumi/Library/Developer/Xcode/DerivedData/SugarBeat-hgoxfxbbugxkfsbmqcjlbmjeaqyg/Build/Intermediates.noindex/Promises.build/Debug-iphonesimulator/FBLPromises.build/Objects-normal/arm64/FBLPromise+Then.o -index-unit-output-path /Promises.build/Debug-iphonesimulator/FBLPromises.build/Objects-normal/arm64/FBLPromise+Then.o

ScanDependencies /Users/fukushimatakumi/Library/Developer/Xcode/DerivedData/SugarBeat-hgoxfxbbugxkfsbmqcjlbmjeaqyg/Build/Intermediates.noindex/Promises.build/Debug-iphonesimulator/FBLPromises.build/Objects-normal/arm64/FBLPromise+Testing.o /Users/fukushimatakumi/Library/Developer/Xcode/DerivedData/SugarBeat-hgoxfxbbugxkfsbmqcjlbmjeaqyg/SourcePackages/checkouts/promises/Sources/FBLPromises/FBLPromise+Testing.m normal arm64 objective-c com.apple.compilers.llvm.clang.1_0.compiler (in target 'FBLPromises' from project 'Promises')
    cd /Users/fukushimatakumi/develop/sugarbeat/sugarbeat-front
    
    Using response file: /Users/fukushimatakumi/Library/Developer/Xcode/DerivedData/SugarBeat-hgoxfxbbugxkfsbmqcjlbmjeaqyg/Build/Intermediates.noindex/Promises.build/Debug-iphonesimulator/FBLPromises.build/Objects-normal/arm64/e6072d4f65d7061329687fe24e3d63a7-common-args.resp
    
    builtin-ScanDependencies -o /Users/fukushimatakumi/Library/Developer/Xcode/DerivedData/SugarBeat-hgoxfxbbugxkfsbmqcjlbmjeaqyg/Build/Intermediates.noindex/Promises.build/Debug-iphonesimulator/FBLPromises.build/Objects-normal/arm64/FBLPromise+Testing.o.scan -- /Applications/Xcode.app/Contents/Developer/Toolchains/XcodeDefault.xctoolchain/usr/bin/clang -x objective-c -ivfsstatcache /Users/fukushimatakumi/Library/Developer/Xcode/DerivedData/SDKStatCaches.noindex/iphonesimulator18.4-22E235-71825a6d136aa4733edcbe86ece5525b.sdkstatcache -fmessage-length\=0 -fdiagnostics-show-note-include-stack -fmacro-backtrace-limit\=0 -fno-color-diagnostics -fmodules-prune-interval\=86400 -fmodules-prune-after\=345600 -fbuild-session-file\=/Users/fukushimatakumi/Library/Developer/Xcode/DerivedData/ModuleCache.noindex/Session.modulevalidation -fmodules-validate-once-per-build-session -Wnon-modular-include-in-framework-module -Werror\=non-modular-include-in-framework-module -Wno-trigraphs -Wno-missing-field-initializers -Wno-missing-prototypes -Wno-return-type -Wno-implicit-atomic-properties -Wno-objc-interface-ivars -Wno-arc-repeated-use-of-weak -Wno-missing-braces -Wparentheses -Wswitch -Wno-unused-function -Wno-unused-label -Wno-unused-parameter -Wno-unused-variable -Wunused-value -Wno-empty-body -Wno-uninitialized -Wno-unknown-pragmas -w -Wno-shadow -Wno-four-char-constants -Wno-conversion -Wno-constant-conversion -Wno-int-conversion -Wno-bool-conversion -Wno-enum-conversion -Wno-float-conversion -Wno-non-literal-null-conversion -Wno-objc-literal-conversion -Wshorten-64-to-32 -Wpointer-sign -Wno-newline-eof -Wno-selector -Wno-strict-selector-match -Wno-undeclared-selector -Wno-deprecated-implementations -Wno-implicit-fallthrough -fstrict-aliasing -Wprotocol -Wdeprecated-declarations -Wno-sign-conversion -Wno-infinite-recursion -Wno-comma -Wno-block-capture-autoreleasing -Wno-strict-prototypes -Wno-semicolon-before-method-body -index-store-path /Users/fukushimatakumi/Library/Developer/Xcode/DerivedData/SugarBeat-hgoxfxbbugxkfsbmqcjlbmjeaqyg/Index.noindex/DataStore @/Users/fukushimatakumi/Library/Developer/Xcode/DerivedData/SugarBeat-hgoxfxbbugxkfsbmqcjlbmjeaqyg/Build/Intermediates.noindex/Promises.build/Debug-iphonesimulator/FBLPromises.build/Objects-normal/arm64/e6072d4f65d7061329687fe24e3d63a7-common-args.resp -include /Users/fukushimatakumi/Library/Developer/Xcode/DerivedData/SugarBeat-hgoxfxbbugxkfsbmqcjlbmjeaqyg/Build/Intermediates.noindex/Promises.build/Debug-iphonesimulator/FBLPromises.build/DerivedSources/resource_bundle_accessor.h -MMD -MT dependencies -MF /Users/fukushimatakumi/Library/Developer/Xcode/DerivedData/SugarBeat-hgoxfxbbugxkfsbmqcjlbmjeaqyg/Build/Intermediates.noindex/Promises.build/Debug-iphonesimulator/FBLPromises.build/Objects-normal/arm64/FBLPromise+Testing.d --serialize-diagnostics /Users/fukushimatakumi/Library/Developer/Xcode/DerivedData/SugarBeat-hgoxfxbbugxkfsbmqcjlbmjeaqyg/Build/Intermediates.noindex/Promises.build/Debug-iphonesimulator/FBLPromises.build/Objects-normal/arm64/FBLPromise+Testing.dia -c /Users/fukushimatakumi/Library/Developer/Xcode/DerivedData/SugarBeat-hgoxfxbbugxkfsbmqcjlbmjeaqyg/SourcePackages/checkouts/promises/Sources/FBLPromises/FBLPromise+Testing.m -o /Users/fukushimatakumi/Library/Developer/Xcode/DerivedData/SugarBeat-hgoxfxbbugxkfsbmqcjlbmjeaqyg/Build/Intermediates.noindex/Promises.build/Debug-iphonesimulator/FBLPromises.build/Objects-normal/arm64/FBLPromise+Testing.o -index-unit-output-path /Promises.build/Debug-iphonesimulator/FBLPromises.build/Objects-normal/arm64/FBLPromise+Testing.o

ScanDependencies /Users/fukushimatakumi/Library/Developer/Xcode/DerivedData/SugarBeat-hgoxfxbbugxkfsbmqcjlbmjeaqyg/Build/Intermediates.noindex/Promises.build/Debug-iphonesimulator/FBLPromises.build/Objects-normal/arm64/FBLPromise+Retry.o /Users/fukushimatakumi/Library/Developer/Xcode/DerivedData/SugarBeat-hgoxfxbbugxkfsbmqcjlbmjeaqyg/SourcePackages/checkouts/promises/Sources/FBLPromises/FBLPromise+Retry.m normal arm64 objective-c com.apple.compilers.llvm.clang.1_0.compiler (in target 'FBLPromises' from project 'Promises')
    cd /Users/fukushimatakumi/develop/sugarbeat/sugarbeat-front
    
    Using response file: /Users/fukushimatakumi/Library/Developer/Xcode/DerivedData/SugarBeat-hgoxfxbbugxkfsbmqcjlbmjeaqyg/Build/Intermediates.noindex/Promises.build/Debug-iphonesimulator/FBLPromises.build/Objects-normal/arm64/e6072d4f65d7061329687fe24e3d63a7-common-args.resp
    
    builtin-ScanDependencies -o /Users/fukushimatakumi/Library/Developer/Xcode/DerivedData/SugarBeat-hgoxfxbbugxkfsbmqcjlbmjeaqyg/Build/Intermediates.noindex/Promises.build/Debug-iphonesimulator/FBLPromises.build/Objects-normal/arm64/FBLPromise+Retry.o.scan -- /Applications/Xcode.app/Contents/Developer/Toolchains/XcodeDefault.xctoolchain/usr/bin/clang -x objective-c -ivfsstatcache /Users/fukushimatakumi/Library/Developer/Xcode/DerivedData/SDKStatCaches.noindex/iphonesimulator18.4-22E235-71825a6d136aa4733edcbe86ece5525b.sdkstatcache -fmessage-length\=0 -fdiagnostics-show-note-include-stack -fmacro-backtrace-limit\=0 -fno-color-diagnostics -fmodules-prune-interval\=86400 -fmodules-prune-after\=345600 -fbuild-session-file\=/Users/fukushimatakumi/Library/Developer/Xcode/DerivedData/ModuleCache.noindex/Session.modulevalidation -fmodules-validate-once-per-build-session -Wnon-modular-include-in-framework-module -Werror\=non-modular-include-in-framework-module -Wno-trigraphs -Wno-missing-field-initializers -Wno-missing-prototypes -Wno-return-type -Wno-implicit-atomic-properties -Wno-objc-interface-ivars -Wno-arc-repeated-use-of-weak -Wno-missing-braces -Wparentheses -Wswitch -Wno-unused-function -Wno-unused-label -Wno-unused-parameter -Wno-unused-variable -Wunused-value -Wno-empty-body -Wno-uninitialized -Wno-unknown-pragmas -w -Wno-shadow -Wno-four-char-constants -Wno-conversion -Wno-constant-conversion -Wno-int-conversion -Wno-bool-conversion -Wno-enum-conversion -Wno-float-conversion -Wno-non-literal-null-conversion -Wno-objc-literal-conversion -Wshorten-64-to-32 -Wpointer-sign -Wno-newline-eof -Wno-selector -Wno-strict-selector-match -Wno-undeclared-selector -Wno-deprecated-implementations -Wno-implicit-fallthrough -fstrict-aliasing -Wprotocol -Wdeprecated-declarations -Wno-sign-conversion -Wno-infinite-recursion -Wno-comma -Wno-block-capture-autoreleasing -Wno-strict-prototypes -Wno-semicolon-before-method-body -index-store-path /Users/fukushimatakumi/Library/Developer/Xcode/DerivedData/SugarBeat-hgoxfxbbugxkfsbmqcjlbmjeaqyg/Index.noindex/DataStore @/Users/fukushimatakumi/Library/Developer/Xcode/DerivedData/SugarBeat-hgoxfxbbugxkfsbmqcjlbmjeaqyg/Build/Intermediates.noindex/Promises.build/Debug-iphonesimulator/FBLPromises.build/Objects-normal/arm64/e6072d4f65d7061329687fe24e3d63a7-common-args.resp -include /Users/fukushimatakumi/Library/Developer/Xcode/DerivedData/SugarBeat-hgoxfxbbugxkfsbmqcjlbmjeaqyg/Build/Intermediates.noindex/Promises.build/Debug-iphonesimulator/FBLPromises.build/DerivedSources/resource_bundle_accessor.h -MMD -MT dependencies -MF /Users/fukushimatakumi/Library/Developer/Xcode/DerivedData/SugarBeat-hgoxfxbbugxkfsbmqcjlbmjeaqyg/Build/Intermediates.noindex/Promises.build/Debug-iphonesimulator/FBLPromises.build/Objects-normal/arm64/FBLPromise+Retry.d --serialize-diagnostics /Users/fukushimatakumi/Library/Developer/Xcode/DerivedData/SugarBeat-hgoxfxbbugxkfsbmqcjlbmjeaqyg/Build/Intermediates.noindex/Promises.build/Debug-iphonesimulator/FBLPromises.build/Objects-normal/arm64/FBLPromise+Retry.dia -c /Users/fukushimatakumi/Library/Developer/Xcode/DerivedData/SugarBeat-hgoxfxbbugxkfsbmqcjlbmjeaqyg/SourcePackages/checkouts/promises/Sources/FBLPromises/FBLPromise+Retry.m -o /Users/fukushimatakumi/Library/Developer/Xcode/DerivedData/SugarBeat-hgoxfxbbugxkfsbmqcjlbmjeaqyg/Build/Intermediates.noindex/Promises.build/Debug-iphonesimulator/FBLPromises.build/Objects-normal/arm64/FBLPromise+Retry.o -index-unit-output-path /Promises.build/Debug-iphonesimulator/FBLPromises.build/Objects-normal/arm64/FBLPromise+Retry.o

PrecompileModule /Users/fukushimatakumi/Library/Developer/Xcode/DerivedData/SugarBeat-hgoxfxbbugxkfsbmqcjlbmjeaqyg/Build/Intermediates.noindex/ExplicitPrecompiledModules/unistd-5QEOOHEN7OZWMSRRB8F6OS2N1.scan
    cd /Users/fukushimatakumi/develop/sugarbeat/sugarbeat-front
    builtin-precompileModule /Users/fukushimatakumi/Library/Developer/Xcode/DerivedData/SugarBeat-hgoxfxbbugxkfsbmqcjlbmjeaqyg/Build/Intermediates.noindex/ExplicitPrecompiledModules/unistd-5QEOOHEN7OZWMSRRB8F6OS2N1.scan

PrecompileModule /Users/fukushimatakumi/Library/Developer/Xcode/DerivedData/SugarBeat-hgoxfxbbugxkfsbmqcjlbmjeaqyg/Build/Intermediates.noindex/ExplicitPrecompiledModules/CFNetwork-ERG151U4V5AGYI8A4R5D6ZOC.scan
    cd /Users/fukushimatakumi/develop/sugarbeat/sugarbeat-front
    builtin-precompileModule /Users/fukushimatakumi/Library/Developer/Xcode/DerivedData/SugarBeat-hgoxfxbbugxkfsbmqcjlbmjeaqyg/Build/Intermediates.noindex/ExplicitPrecompiledModules/CFNetwork-ERG151U4V5AGYI8A4R5D6ZOC.scan

PrecompileModule /Users/fukushimatakumi/Library/Developer/Xcode/DerivedData/SugarBeat-hgoxfxbbugxkfsbmqcjlbmjeaqyg/Build/Intermediates.noindex/ExplicitPrecompiledModules/Security-AGT1E596SPVAB622IXTR27E5T.scan
    cd /Users/fukushimatakumi/develop/sugarbeat/sugarbeat-front
    builtin-precompileModule /Users/fukushimatakumi/Library/Developer/Xcode/DerivedData/SugarBeat-hgoxfxbbugxkfsbmqcjlbmjeaqyg/Build/Intermediates.noindex/ExplicitPrecompiledModules/Security-AGT1E596SPVAB622IXTR27E5T.scan

ScanDependencies /Users/fukushimatakumi/Library/Developer/Xcode/DerivedData/SugarBeat-hgoxfxbbugxkfsbmqcjlbmjeaqyg/Build/Intermediates.noindex/Promises.build/Debug-iphonesimulator/FBLPromises.build/Objects-normal/arm64/FBLPromise+Reduce.o /Users/fukushimatakumi/Library/Developer/Xcode/DerivedData/SugarBeat-hgoxfxbbugxkfsbmqcjlbmjeaqyg/SourcePackages/checkouts/promises/Sources/FBLPromises/FBLPromise+Reduce.m normal arm64 objective-c com.apple.compilers.llvm.clang.1_0.compiler (in target 'FBLPromises' from project 'Promises')
    cd /Users/fukushimatakumi/develop/sugarbeat/sugarbeat-front
    
    Using response file: /Users/fukushimatakumi/Library/Developer/Xcode/DerivedData/SugarBeat-hgoxfxbbugxkfsbmqcjlbmjeaqyg/Build/Intermediates.noindex/Promises.build/Debug-iphonesimulator/FBLPromises.build/Objects-normal/arm64/e6072d4f65d7061329687fe24e3d63a7-common-args.resp
    
    builtin-ScanDependencies -o /Users/fukushimatakumi/Library/Developer/Xcode/DerivedData/SugarBeat-hgoxfxbbugxkfsbmqcjlbmjeaqyg/Build/Intermediates.noindex/Promises.build/Debug-iphonesimulator/FBLPromises.build/Objects-normal/arm64/FBLPromise+Reduce.o.scan -- /Applications/Xcode.app/Contents/Developer/Toolchains/XcodeDefault.xctoolchain/usr/bin/clang -x objective-c -ivfsstatcache /Users/fukushimatakumi/Library/Developer/Xcode/DerivedData/SDKStatCaches.noindex/iphonesimulator18.4-22E235-71825a6d136aa4733edcbe86ece5525b.sdkstatcache -fmessage-length\=0 -fdiagnostics-show-note-include-stack -fmacro-backtrace-limit\=0 -fno-color-diagnostics -fmodules-prune-interval\=86400 -fmodules-prune-after\=345600 -fbuild-session-file\=/Users/fukushimatakumi/Library/Developer/Xcode/DerivedData/ModuleCache.noindex/Session.modulevalidation -fmodules-validate-once-per-build-session -Wnon-modular-include-in-framework-module -Werror\=non-modular-include-in-framework-module -Wno-trigraphs -Wno-missing-field-initializers -Wno-missing-prototypes -Wno-return-type -Wno-implicit-atomic-properties -Wno-objc-interface-ivars -Wno-arc-repeated-use-of-weak -Wno-missing-braces -Wparentheses -Wswitch -Wno-unused-function -Wno-unused-label -Wno-unused-parameter -Wno-unused-variable -Wunused-value -Wno-empty-body -Wno-uninitialized -Wno-unknown-pragmas -w -Wno-shadow -Wno-four-char-constants -Wno-conversion -Wno-constant-conversion -Wno-int-conversion -Wno-bool-conversion -Wno-enum-conversion -Wno-float-conversion -Wno-non-literal-null-conversion -Wno-objc-literal-conversion -Wshorten-64-to-32 -Wpointer-sign -Wno-newline-eof -Wno-selector -Wno-strict-selector-match -Wno-undeclared-selector -Wno-deprecated-implementations -Wno-implicit-fallthrough -fstrict-aliasing -Wprotocol -Wdeprecated-declarations -Wno-sign-conversion -Wno-infinite-recursion -Wno-comma -Wno-block-capture-autoreleasing -Wno-strict-prototypes -Wno-semicolon-before-method-body -index-store-path /Users/fukushimatakumi/Library/Developer/Xcode/DerivedData/SugarBeat-hgoxfxbbugxkfsbmqcjlbmjeaqyg/Index.noindex/DataStore @/Users/fukushimatakumi/Library/Developer/Xcode/DerivedData/SugarBeat-hgoxfxbbugxkfsbmqcjlbmjeaqyg/Build/Intermediates.noindex/Promises.build/Debug-iphonesimulator/FBLPromises.build/Objects-normal/arm64/e6072d4f65d7061329687fe24e3d63a7-common-args.resp -include /Users/fukushimatakumi/Library/Developer/Xcode/DerivedData/SugarBeat-hgoxfxbbugxkfsbmqcjlbmjeaqyg/Build/Intermediates.noindex/Promises.build/Debug-iphonesimulator/FBLPromises.build/DerivedSources/resource_bundle_accessor.h -MMD -MT dependencies -MF /Users/fukushimatakumi/Library/Developer/Xcode/DerivedData/SugarBeat-hgoxfxbbugxkfsbmqcjlbmjeaqyg/Build/Intermediates.noindex/Promises.build/Debug-iphonesimulator/FBLPromises.build/Objects-normal/arm64/FBLPromise+Reduce.d --serialize-diagnostics /Users/fukushimatakumi/Library/Developer/Xcode/DerivedData/SugarBeat-hgoxfxbbugxkfsbmqcjlbmjeaqyg/Build/Intermediates.noindex/Promises.build/Debug-iphonesimulator/FBLPromises.build/Objects-normal/arm64/FBLPromise+Reduce.dia -c /Users/fukushimatakumi/Library/Developer/Xcode/DerivedData/SugarBeat-hgoxfxbbugxkfsbmqcjlbmjeaqyg/SourcePackages/checkouts/promises/Sources/FBLPromises/FBLPromise+Reduce.m -o /Users/fukushimatakumi/Library/Developer/Xcode/DerivedData/SugarBeat-hgoxfxbbugxkfsbmqcjlbmjeaqyg/Build/Intermediates.noindex/Promises.build/Debug-iphonesimulator/FBLPromises.build/Objects-normal/arm64/FBLPromise+Reduce.o -index-unit-output-path /Promises.build/Debug-iphonesimulator/FBLPromises.build/Objects-normal/arm64/FBLPromise+Reduce.o

ScanDependencies /Users/fukushimatakumi/Library/Developer/Xcode/DerivedData/SugarBeat-hgoxfxbbugxkfsbmqcjlbmjeaqyg/Build/Intermediates.noindex/Promises.build/Debug-iphonesimulator/FBLPromises.build/Objects-normal/arm64/FBLPromise+Recover.o /Users/fukushimatakumi/Library/Developer/Xcode/DerivedData/SugarBeat-hgoxfxbbugxkfsbmqcjlbmjeaqyg/SourcePackages/checkouts/promises/Sources/FBLPromises/FBLPromise+Recover.m normal arm64 objective-c com.apple.compilers.llvm.clang.1_0.compiler (in target 'FBLPromises' from project 'Promises')
    cd /Users/fukushimatakumi/develop/sugarbeat/sugarbeat-front
    
    Using response file: /Users/fukushimatakumi/Library/Developer/Xcode/DerivedData/SugarBeat-hgoxfxbbugxkfsbmqcjlbmjeaqyg/Build/Intermediates.noindex/Promises.build/Debug-iphonesimulator/FBLPromises.build/Objects-normal/arm64/e6072d4f65d7061329687fe24e3d63a7-common-args.resp
    
    builtin-ScanDependencies -o /Users/fukushimatakumi/Library/Developer/Xcode/DerivedData/SugarBeat-hgoxfxbbugxkfsbmqcjlbmjeaqyg/Build/Intermediates.noindex/Promises.build/Debug-iphonesimulator/FBLPromises.build/Objects-normal/arm64/FBLPromise+Recover.o.scan -- /Applications/Xcode.app/Contents/Developer/Toolchains/XcodeDefault.xctoolchain/usr/bin/clang -x objective-c -ivfsstatcache /Users/fukushimatakumi/Library/Developer/Xcode/DerivedData/SDKStatCaches.noindex/iphonesimulator18.4-22E235-71825a6d136aa4733edcbe86ece5525b.sdkstatcache -fmessage-length\=0 -fdiagnostics-show-note-include-stack -fmacro-backtrace-limit\=0 -fno-color-diagnostics -fmodules-prune-interval\=86400 -fmodules-prune-after\=345600 -fbuild-session-file\=/Users/fukushimatakumi/Library/Developer/Xcode/DerivedData/ModuleCache.noindex/Session.modulevalidation -fmodules-validate-once-per-build-session -Wnon-modular-include-in-framework-module -Werror\=non-modular-include-in-framework-module -Wno-trigraphs -Wno-missing-field-initializers -Wno-missing-prototypes -Wno-return-type -Wno-implicit-atomic-properties -Wno-objc-interface-ivars -Wno-arc-repeated-use-of-weak -Wno-missing-braces -Wparentheses -Wswitch -Wno-unused-function -Wno-unused-label -Wno-unused-parameter -Wno-unused-variable -Wunused-value -Wno-empty-body -Wno-uninitialized -Wno-unknown-pragmas -w -Wno-shadow -Wno-four-char-constants -Wno-conversion -Wno-constant-conversion -Wno-int-conversion -Wno-bool-conversion -Wno-enum-conversion -Wno-float-conversion -Wno-non-literal-null-conversion -Wno-objc-literal-conversion -Wshorten-64-to-32 -Wpointer-sign -Wno-newline-eof -Wno-selector -Wno-strict-selector-match -Wno-undeclared-selector -Wno-deprecated-implementations -Wno-implicit-fallthrough -fstrict-aliasing -Wprotocol -Wdeprecated-declarations -Wno-sign-conversion -Wno-infinite-recursion -Wno-comma -Wno-block-capture-autoreleasing -Wno-strict-prototypes -Wno-semicolon-before-method-body -index-store-path /Users/fukushimatakumi/Library/Developer/Xcode/DerivedData/SugarBeat-hgoxfxbbugxkfsbmqcjlbmjeaqyg/Index.noindex/DataStore @/Users/fukushimatakumi/Library/Developer/Xcode/DerivedData/SugarBeat-hgoxfxbbugxkfsbmqcjlbmjeaqyg/Build/Intermediates.noindex/Promises.build/Debug-iphonesimulator/FBLPromises.build/Objects-normal/arm64/e6072d4f65d7061329687fe24e3d63a7-common-args.resp -include /Users/fukushimatakumi/Library/Developer/Xcode/DerivedData/SugarBeat-hgoxfxbbugxkfsbmqcjlbmjeaqyg/Build/Intermediates.noindex/Promises.build/Debug-iphonesimulator/FBLPromises.build/DerivedSources/resource_bundle_accessor.h -MMD -MT dependencies -MF /Users/fukushimatakumi/Library/Developer/Xcode/DerivedData/SugarBeat-hgoxfxbbugxkfsbmqcjlbmjeaqyg/Build/Intermediates.noindex/Promises.build/Debug-iphonesimulator/FBLPromises.build/Objects-normal/arm64/FBLPromise+Recover.d --serialize-diagnostics /Users/fukushimatakumi/Library/Developer/Xcode/DerivedData/SugarBeat-hgoxfxbbugxkfsbmqcjlbmjeaqyg/Build/Intermediates.noindex/Promises.build/Debug-iphonesimulator/FBLPromises.build/Objects-normal/arm64/FBLPromise+Recover.dia -c /Users/fukushimatakumi/Library/Developer/Xcode/DerivedData/SugarBeat-hgoxfxbbugxkfsbmqcjlbmjeaqyg/SourcePackages/checkouts/promises/Sources/FBLPromises/FBLPromise+Recover.m -o /Users/fukushimatakumi/Library/Developer/Xcode/DerivedData/SugarBeat-hgoxfxbbugxkfsbmqcjlbmjeaqyg/Build/Intermediates.noindex/Promises.build/Debug-iphonesimulator/FBLPromises.build/Objects-normal/arm64/FBLPromise+Recover.o -index-unit-output-path /Promises.build/Debug-iphonesimulator/FBLPromises.build/Objects-normal/arm64/FBLPromise+Recover.o

ScanDependencies /Users/fukushimatakumi/Library/Developer/Xcode/DerivedData/SugarBeat-hgoxfxbbugxkfsbmqcjlbmjeaqyg/Build/Intermediates.noindex/Promises.build/Debug-iphonesimulator/FBLPromises.build/Objects-normal/arm64/FBLPromise+Race.o /Users/fukushimatakumi/Library/Developer/Xcode/DerivedData/SugarBeat-hgoxfxbbugxkfsbmqcjlbmjeaqyg/SourcePackages/checkouts/promises/Sources/FBLPromises/FBLPromise+Race.m normal arm64 objective-c com.apple.compilers.llvm.clang.1_0.compiler (in target 'FBLPromises' from project 'Promises')
    cd /Users/fukushimatakumi/develop/sugarbeat/sugarbeat-front
    
    Using response file: /Users/fukushimatakumi/Library/Developer/Xcode/DerivedData/SugarBeat-hgoxfxbbugxkfsbmqcjlbmjeaqyg/Build/Intermediates.noindex/Promises.build/Debug-iphonesimulator/FBLPromises.build/Objects-normal/arm64/e6072d4f65d7061329687fe24e3d63a7-common-args.resp
    
    builtin-ScanDependencies -o /Users/fukushimatakumi/Library/Developer/Xcode/DerivedData/SugarBeat-hgoxfxbbugxkfsbmqcjlbmjeaqyg/Build/Intermediates.noindex/Promises.build/Debug-iphonesimulator/FBLPromises.build/Objects-normal/arm64/FBLPromise+Race.o.scan -- /Applications/Xcode.app/Contents/Developer/Toolchains/XcodeDefault.xctoolchain/usr/bin/clang -x objective-c -ivfsstatcache /Users/fukushimatakumi/Library/Developer/Xcode/DerivedData/SDKStatCaches.noindex/iphonesimulator18.4-22E235-71825a6d136aa4733edcbe86ece5525b.sdkstatcache -fmessage-length\=0 -fdiagnostics-show-note-include-stack -fmacro-backtrace-limit\=0 -fno-color-diagnostics -fmodules-prune-interval\=86400 -fmodules-prune-after\=345600 -fbuild-session-file\=/Users/fukushimatakumi/Library/Developer/Xcode/DerivedData/ModuleCache.noindex/Session.modulevalidation -fmodules-validate-once-per-build-session -Wnon-modular-include-in-framework-module -Werror\=non-modular-include-in-framework-module -Wno-trigraphs -Wno-missing-field-initializers -Wno-missing-prototypes -Wno-return-type -Wno-implicit-atomic-properties -Wno-objc-interface-ivars -Wno-arc-repeated-use-of-weak -Wno-missing-braces -Wparentheses -Wswitch -Wno-unused-function -Wno-unused-label -Wno-unused-parameter -Wno-unused-variable -Wunused-value -Wno-empty-body -Wno-uninitialized -Wno-unknown-pragmas -w -Wno-shadow -Wno-four-char-constants -Wno-conversion -Wno-constant-conversion -Wno-int-conversion -Wno-bool-conversion -Wno-enum-conversion -Wno-float-conversion -Wno-non-literal-null-conversion -Wno-objc-literal-conversion -Wshorten-64-to-32 -Wpointer-sign -Wno-newline-eof -Wno-selector -Wno-strict-selector-match -Wno-undeclared-selector -Wno-deprecated-implementations -Wno-implicit-fallthrough -fstrict-aliasing -Wprotocol -Wdeprecated-declarations -Wno-sign-conversion -Wno-infinite-recursion -Wno-comma -Wno-block-capture-autoreleasing -Wno-strict-prototypes -Wno-semicolon-before-method-body -index-store-path /Users/fukushimatakumi/Library/Developer/Xcode/DerivedData/SugarBeat-hgoxfxbbugxkfsbmqcjlbmjeaqyg/Index.noindex/DataStore @/Users/fukushimatakumi/Library/Developer/Xcode/DerivedData/SugarBeat-hgoxfxbbugxkfsbmqcjlbmjeaqyg/Build/Intermediates.noindex/Promises.build/Debug-iphonesimulator/FBLPromises.build/Objects-normal/arm64/e6072d4f65d7061329687fe24e3d63a7-common-args.resp -include /Users/fukushimatakumi/Library/Developer/Xcode/DerivedData/SugarBeat-hgoxfxbbugxkfsbmqcjlbmjeaqyg/Build/Intermediates.noindex/Promises.build/Debug-iphonesimulator/FBLPromises.build/DerivedSources/resource_bundle_accessor.h -MMD -MT dependencies -MF /Users/fukushimatakumi/Library/Developer/Xcode/DerivedData/SugarBeat-hgoxfxbbugxkfsbmqcjlbmjeaqyg/Build/Intermediates.noindex/Promises.build/Debug-iphonesimulator/FBLPromises.build/Objects-normal/arm64/FBLPromise+Race.d --serialize-diagnostics /Users/fukushimatakumi/Library/Developer/Xcode/DerivedData/SugarBeat-hgoxfxbbugxkfsbmqcjlbmjeaqyg/Build/Intermediates.noindex/Promises.build/Debug-iphonesimulator/FBLPromises.build/Objects-normal/arm64/FBLPromise+Race.dia -c /Users/fukushimatakumi/Library/Developer/Xcode/DerivedData/SugarBeat-hgoxfxbbugxkfsbmqcjlbmjeaqyg/SourcePackages/checkouts/promises/Sources/FBLPromises/FBLPromise+Race.m -o /Users/fukushimatakumi/Library/Developer/Xcode/DerivedData/SugarBeat-hgoxfxbbugxkfsbmqcjlbmjeaqyg/Build/Intermediates.noindex/Promises.build/Debug-iphonesimulator/FBLPromises.build/Objects-normal/arm64/FBLPromise+Race.o -index-unit-output-path /Promises.build/Debug-iphonesimulator/FBLPromises.build/Objects-normal/arm64/FBLPromise+Race.o

ScanDependencies /Users/fukushimatakumi/Library/Developer/Xcode/DerivedData/SugarBeat-hgoxfxbbugxkfsbmqcjlbmjeaqyg/Build/Intermediates.noindex/Promises.build/Debug-iphonesimulator/FBLPromises.build/Objects-normal/arm64/FBLPromise+Do.o /Users/fukushimatakumi/Library/Developer/Xcode/DerivedData/SugarBeat-hgoxfxbbugxkfsbmqcjlbmjeaqyg/SourcePackages/checkouts/promises/Sources/FBLPromises/FBLPromise+Do.m normal arm64 objective-c com.apple.compilers.llvm.clang.1_0.compiler (in target 'FBLPromises' from project 'Promises')
    cd /Users/fukushimatakumi/develop/sugarbeat/sugarbeat-front
    
    Using response file: /Users/fukushimatakumi/Library/Developer/Xcode/DerivedData/SugarBeat-hgoxfxbbugxkfsbmqcjlbmjeaqyg/Build/Intermediates.noindex/Promises.build/Debug-iphonesimulator/FBLPromises.build/Objects-normal/arm64/e6072d4f65d7061329687fe24e3d63a7-common-args.resp
    
    builtin-ScanDependencies -o /Users/fukushimatakumi/Library/Developer/Xcode/DerivedData/SugarBeat-hgoxfxbbugxkfsbmqcjlbmjeaqyg/Build/Intermediates.noindex/Promises.build/Debug-iphonesimulator/FBLPromises.build/Objects-normal/arm64/FBLPromise+Do.o.scan -- /Applications/Xcode.app/Contents/Developer/Toolchains/XcodeDefault.xctoolchain/usr/bin/clang -x objective-c -ivfsstatcache /Users/fukushimatakumi/Library/Developer/Xcode/DerivedData/SDKStatCaches.noindex/iphonesimulator18.4-22E235-71825a6d136aa4733edcbe86ece5525b.sdkstatcache -fmessage-length\=0 -fdiagnostics-show-note-include-stack -fmacro-backtrace-limit\=0 -fno-color-diagnostics -fmodules-prune-interval\=86400 -fmodules-prune-after\=345600 -fbuild-session-file\=/Users/fukushimatakumi/Library/Developer/Xcode/DerivedData/ModuleCache.noindex/Session.modulevalidation -fmodules-validate-once-per-build-session -Wnon-modular-include-in-framework-module -Werror\=non-modular-include-in-framework-module -Wno-trigraphs -Wno-missing-field-initializers -Wno-missing-prototypes -Wno-return-type -Wno-implicit-atomic-properties -Wno-objc-interface-ivars -Wno-arc-repeated-use-of-weak -Wno-missing-braces -Wparentheses -Wswitch -Wno-unused-function -Wno-unused-label -Wno-unused-parameter -Wno-unused-variable -Wunused-value -Wno-empty-body -Wno-uninitialized -Wno-unknown-pragmas -w -Wno-shadow -Wno-four-char-constants -Wno-conversion -Wno-constant-conversion -Wno-int-conversion -Wno-bool-conversion -Wno-enum-conversion -Wno-float-conversion -Wno-non-literal-null-conversion -Wno-objc-literal-conversion -Wshorten-64-to-32 -Wpointer-sign -Wno-newline-eof -Wno-selector -Wno-strict-selector-match -Wno-undeclared-selector -Wno-deprecated-implementations -Wno-implicit-fallthrough -fstrict-aliasing -Wprotocol -Wdeprecated-declarations -Wno-sign-conversion -Wno-infinite-recursion -Wno-comma -Wno-block-capture-autoreleasing -Wno-strict-prototypes -Wno-semicolon-before-method-body -index-store-path /Users/fukushimatakumi/Library/Developer/Xcode/DerivedData/SugarBeat-hgoxfxbbugxkfsbmqcjlbmjeaqyg/Index.noindex/DataStore @/Users/fukushimatakumi/Library/Developer/Xcode/DerivedData/SugarBeat-hgoxfxbbugxkfsbmqcjlbmjeaqyg/Build/Intermediates.noindex/Promises.build/Debug-iphonesimulator/FBLPromises.build/Objects-normal/arm64/e6072d4f65d7061329687fe24e3d63a7-common-args.resp -include /Users/fukushimatakumi/Library/Developer/Xcode/DerivedData/SugarBeat-hgoxfxbbugxkfsbmqcjlbmjeaqyg/Build/Intermediates.noindex/Promises.build/Debug-iphonesimulator/FBLPromises.build/DerivedSources/resource_bundle_accessor.h -MMD -MT dependencies -MF /Users/fukushimatakumi/Library/Developer/Xcode/DerivedData/SugarBeat-hgoxfxbbugxkfsbmqcjlbmjeaqyg/Build/Intermediates.noindex/Promises.build/Debug-iphonesimulator/FBLPromises.build/Objects-normal/arm64/FBLPromise+Do.d --serialize-diagnostics /Users/fukushimatakumi/Library/Developer/Xcode/DerivedData/SugarBeat-hgoxfxbbugxkfsbmqcjlbmjeaqyg/Build/Intermediates.noindex/Promises.build/Debug-iphonesimulator/FBLPromises.build/Objects-normal/arm64/FBLPromise+Do.dia -c /Users/fukushimatakumi/Library/Developer/Xcode/DerivedData/SugarBeat-hgoxfxbbugxkfsbmqcjlbmjeaqyg/SourcePackages/checkouts/promises/Sources/FBLPromises/FBLPromise+Do.m -o /Users/fukushimatakumi/Library/Developer/Xcode/DerivedData/SugarBeat-hgoxfxbbugxkfsbmqcjlbmjeaqyg/Build/Intermediates.noindex/Promises.build/Debug-iphonesimulator/FBLPromises.build/Objects-normal/arm64/FBLPromise+Do.o -index-unit-output-path /Promises.build/Debug-iphonesimulator/FBLPromises.build/Objects-normal/arm64/FBLPromise+Do.o

PrecompileModule /Users/fukushimatakumi/Library/Developer/Xcode/DerivedData/SugarBeat-hgoxfxbbugxkfsbmqcjlbmjeaqyg/Build/Intermediates.noindex/ExplicitPrecompiledModules/Darwin-8UHFB8FA4I6LMWDIDNI39F7EO.scan
    cd /Users/fukushimatakumi/develop/sugarbeat/sugarbeat-front
    builtin-precompileModule /Users/fukushimatakumi/Library/Developer/Xcode/DerivedData/SugarBeat-hgoxfxbbugxkfsbmqcjlbmjeaqyg/Build/Intermediates.noindex/ExplicitPrecompiledModules/Darwin-8UHFB8FA4I6LMWDIDNI39F7EO.scan

PrecompileModule /Users/fukushimatakumi/Library/Developer/Xcode/DerivedData/SugarBeat-hgoxfxbbugxkfsbmqcjlbmjeaqyg/Build/Intermediates.noindex/ExplicitPrecompiledModules/CFNetwork-9DLFD9GNSK2Z3UX6T67NEL2Q4.scan
    cd /Users/fukushimatakumi/develop/sugarbeat/sugarbeat-front
    builtin-precompileModule /Users/fukushimatakumi/Library/Developer/Xcode/DerivedData/SugarBeat-hgoxfxbbugxkfsbmqcjlbmjeaqyg/Build/Intermediates.noindex/ExplicitPrecompiledModules/CFNetwork-9DLFD9GNSK2Z3UX6T67NEL2Q4.scan

PrecompileModule /Users/fukushimatakumi/Library/Developer/Xcode/DerivedData/SugarBeat-hgoxfxbbugxkfsbmqcjlbmjeaqyg/Build/Intermediates.noindex/ExplicitPrecompiledModules/CoreGraphics-8LS0N4GJ91R7M8D72Z8T1L984.scan
    cd /Users/fukushimatakumi/develop/sugarbeat/sugarbeat-front
    builtin-precompileModule /Users/fukushimatakumi/Library/Developer/Xcode/DerivedData/SugarBeat-hgoxfxbbugxkfsbmqcjlbmjeaqyg/Build/Intermediates.noindex/ExplicitPrecompiledModules/CoreGraphics-8LS0N4GJ91R7M8D72Z8T1L984.scan

PrecompileModule /Users/fukushimatakumi/Library/Developer/Xcode/DerivedData/SugarBeat-hgoxfxbbugxkfsbmqcjlbmjeaqyg/Build/Intermediates.noindex/ExplicitPrecompiledModules/Security-ACYQWC5Y9T1C1XHNW39A2FE6.scan
    cd /Users/fukushimatakumi/develop/sugarbeat/sugarbeat-front
    builtin-precompileModule /Users/fukushimatakumi/Library/Developer/Xcode/DerivedData/SugarBeat-hgoxfxbbugxkfsbmqcjlbmjeaqyg/Build/Intermediates.noindex/ExplicitPrecompiledModules/Security-ACYQWC5Y9T1C1XHNW39A2FE6.scan

PrecompileModule /Users/fukushimatakumi/Library/Developer/Xcode/DerivedData/SugarBeat-hgoxfxbbugxkfsbmqcjlbmjeaqyg/Build/Intermediates.noindex/ExplicitPrecompiledModules/SystemConfiguration-2YQ6RAYD0UJ9EQD92S5AO5U2P.scan
    cd /Users/fukushimatakumi/develop/sugarbeat/sugarbeat-front
    builtin-precompileModule /Users/fukushimatakumi/Library/Developer/Xcode/DerivedData/SugarBeat-hgoxfxbbugxkfsbmqcjlbmjeaqyg/Build/Intermediates.noindex/ExplicitPrecompiledModules/SystemConfiguration-2YQ6RAYD0UJ9EQD92S5AO5U2P.scan

ScanDependencies /Users/fukushimatakumi/Library/Developer/Xcode/DerivedData/SugarBeat-hgoxfxbbugxkfsbmqcjlbmjeaqyg/Build/Intermediates.noindex/Promises.build/Debug-iphonesimulator/FBLPromises.build/Objects-normal/arm64/FBLPromise+Delay.o /Users/fukushimatakumi/Library/Developer/Xcode/DerivedData/SugarBeat-hgoxfxbbugxkfsbmqcjlbmjeaqyg/SourcePackages/checkouts/promises/Sources/FBLPromises/FBLPromise+Delay.m normal arm64 objective-c com.apple.compilers.llvm.clang.1_0.compiler (in target 'FBLPromises' from project 'Promises')
    cd /Users/fukushimatakumi/develop/sugarbeat/sugarbeat-front
    
    Using response file: /Users/fukushimatakumi/Library/Developer/Xcode/DerivedData/SugarBeat-hgoxfxbbugxkfsbmqcjlbmjeaqyg/Build/Intermediates.noindex/Promises.build/Debug-iphonesimulator/FBLPromises.build/Objects-normal/arm64/e6072d4f65d7061329687fe24e3d63a7-common-args.resp
    
    builtin-ScanDependencies -o /Users/fukushimatakumi/Library/Developer/Xcode/DerivedData/SugarBeat-hgoxfxbbugxkfsbmqcjlbmjeaqyg/Build/Intermediates.noindex/Promises.build/Debug-iphonesimulator/FBLPromises.build/Objects-normal/arm64/FBLPromise+Delay.o.scan -- /Applications/Xcode.app/Contents/Developer/Toolchains/XcodeDefault.xctoolchain/usr/bin/clang -x objective-c -ivfsstatcache /Users/fukushimatakumi/Library/Developer/Xcode/DerivedData/SDKStatCaches.noindex/iphonesimulator18.4-22E235-71825a6d136aa4733edcbe86ece5525b.sdkstatcache -fmessage-length\=0 -fdiagnostics-show-note-include-stack -fmacro-backtrace-limit\=0 -fno-color-diagnostics -fmodules-prune-interval\=86400 -fmodules-prune-after\=345600 -fbuild-session-file\=/Users/fukushimatakumi/Library/Developer/Xcode/DerivedData/ModuleCache.noindex/Session.modulevalidation -fmodules-validate-once-per-build-session -Wnon-modular-include-in-framework-module -Werror\=non-modular-include-in-framework-module -Wno-trigraphs -Wno-missing-field-initializers -Wno-missing-prototypes -Wno-return-type -Wno-implicit-atomic-properties -Wno-objc-interface-ivars -Wno-arc-repeated-use-of-weak -Wno-missing-braces -Wparentheses -Wswitch -Wno-unused-function -Wno-unused-label -Wno-unused-parameter -Wno-unused-variable -Wunused-value -Wno-empty-body -Wno-uninitialized -Wno-unknown-pragmas -w -Wno-shadow -Wno-four-char-constants -Wno-conversion -Wno-constant-conversion -Wno-int-conversion -Wno-bool-conversion -Wno-enum-conversion -Wno-float-conversion -Wno-non-literal-null-conversion -Wno-objc-literal-conversion -Wshorten-64-to-32 -Wpointer-sign -Wno-newline-eof -Wno-selector -Wno-strict-selector-match -Wno-undeclared-selector -Wno-deprecated-implementations -Wno-implicit-fallthrough -fstrict-aliasing -Wprotocol -Wdeprecated-declarations -Wno-sign-conversion -Wno-infinite-recursion -Wno-comma -Wno-block-capture-autoreleasing -Wno-strict-prototypes -Wno-semicolon-before-method-body -index-store-path /Users/fukushimatakumi/Library/Developer/Xcode/DerivedData/SugarBeat-hgoxfxbbugxkfsbmqcjlbmjeaqyg/Index.noindex/DataStore @/Users/fukushimatakumi/Library/Developer/Xcode/DerivedData/SugarBeat-hgoxfxbbugxkfsbmqcjlbmjeaqyg/Build/Intermediates.noindex/Promises.build/Debug-iphonesimulator/FBLPromises.build/Objects-normal/arm64/e6072d4f65d7061329687fe24e3d63a7-common-args.resp -include /Users/fukushimatakumi/Library/Developer/Xcode/DerivedData/SugarBeat-hgoxfxbbugxkfsbmqcjlbmjeaqyg/Build/Intermediates.noindex/Promises.build/Debug-iphonesimulator/FBLPromises.build/DerivedSources/resource_bundle_accessor.h -MMD -MT dependencies -MF /Users/fukushimatakumi/Library/Developer/Xcode/DerivedData/SugarBeat-hgoxfxbbugxkfsbmqcjlbmjeaqyg/Build/Intermediates.noindex/Promises.build/Debug-iphonesimulator/FBLPromises.build/Objects-normal/arm64/FBLPromise+Delay.d --serialize-diagnostics /Users/fukushimatakumi/Library/Developer/Xcode/DerivedData/SugarBeat-hgoxfxbbugxkfsbmqcjlbmjeaqyg/Build/Intermediates.noindex/Promises.build/Debug-iphonesimulator/FBLPromises.build/Objects-normal/arm64/FBLPromise+Delay.dia -c /Users/fukushimatakumi/Library/Developer/Xcode/DerivedData/SugarBeat-hgoxfxbbugxkfsbmqcjlbmjeaqyg/SourcePackages/checkouts/promises/Sources/FBLPromises/FBLPromise+Delay.m -o /Users/fukushimatakumi/Library/Developer/Xcode/DerivedData/SugarBeat-hgoxfxbbugxkfsbmqcjlbmjeaqyg/Build/Intermediates.noindex/Promises.build/Debug-iphonesimulator/FBLPromises.build/Objects-normal/arm64/FBLPromise+Delay.o -index-unit-output-path /Promises.build/Debug-iphonesimulator/FBLPromises.build/Objects-normal/arm64/FBLPromise+Delay.o

PrecompileModule /Users/fukushimatakumi/Library/Developer/Xcode/DerivedData/SugarBeat-hgoxfxbbugxkfsbmqcjlbmjeaqyg/Build/Intermediates.noindex/ExplicitPrecompiledModules/Security-55MO57BVW50HY0OJIB796SJKR.scan
    cd /Users/fukushimatakumi/develop/sugarbeat/sugarbeat-front
    builtin-precompileModule /Users/fukushimatakumi/Library/Developer/Xcode/DerivedData/SugarBeat-hgoxfxbbugxkfsbmqcjlbmjeaqyg/Build/Intermediates.noindex/ExplicitPrecompiledModules/Security-55MO57BVW50HY0OJIB796SJKR.scan

PrecompileModule /Users/fukushimatakumi/Library/Developer/Xcode/DerivedData/SugarBeat-hgoxfxbbugxkfsbmqcjlbmjeaqyg/Build/Intermediates.noindex/ExplicitPrecompiledModules/CFNetwork-66JKJQX8SKQG0RGD03AT8NITW.scan
    cd /Users/fukushimatakumi/develop/sugarbeat/sugarbeat-front
    builtin-precompileModule /Users/fukushimatakumi/Library/Developer/Xcode/DerivedData/SugarBeat-hgoxfxbbugxkfsbmqcjlbmjeaqyg/Build/Intermediates.noindex/ExplicitPrecompiledModules/CFNetwork-66JKJQX8SKQG0RGD03AT8NITW.scan

PrecompileModule /Users/fukushimatakumi/Library/Developer/Xcode/DerivedData/SugarBeat-hgoxfxbbugxkfsbmqcjlbmjeaqyg/Build/Intermediates.noindex/ExplicitPrecompiledModules/Foundation-869ABMJWH0CKOM1O7NLZPB7RM.scan
    cd /Users/fukushimatakumi/develop/sugarbeat/sugarbeat-front
    builtin-precompileModule /Users/fukushimatakumi/Library/Developer/Xcode/DerivedData/SugarBeat-hgoxfxbbugxkfsbmqcjlbmjeaqyg/Build/Intermediates.noindex/ExplicitPrecompiledModules/Foundation-869ABMJWH0CKOM1O7NLZPB7RM.scan

ScanDependencies /Users/fukushimatakumi/Library/Developer/Xcode/DerivedData/SugarBeat-hgoxfxbbugxkfsbmqcjlbmjeaqyg/Build/Intermediates.noindex/Promises.build/Debug-iphonesimulator/FBLPromises.build/Objects-normal/arm64/FBLPromise+Catch.o /Users/fukushimatakumi/Library/Developer/Xcode/DerivedData/SugarBeat-hgoxfxbbugxkfsbmqcjlbmjeaqyg/SourcePackages/checkouts/promises/Sources/FBLPromises/FBLPromise+Catch.m normal arm64 objective-c com.apple.compilers.llvm.clang.1_0.compiler (in target 'FBLPromises' from project 'Promises')
    cd /Users/fukushimatakumi/develop/sugarbeat/sugarbeat-front
    
    Using response file: /Users/fukushimatakumi/Library/Developer/Xcode/DerivedData/SugarBeat-hgoxfxbbugxkfsbmqcjlbmjeaqyg/Build/Intermediates.noindex/Promises.build/Debug-iphonesimulator/FBLPromises.build/Objects-normal/arm64/e6072d4f65d7061329687fe24e3d63a7-common-args.resp
    
    builtin-ScanDependencies -o /Users/fukushimatakumi/Library/Developer/Xcode/DerivedData/SugarBeat-hgoxfxbbugxkfsbmqcjlbmjeaqyg/Build/Intermediates.noindex/Promises.build/Debug-iphonesimulator/FBLPromises.build/Objects-normal/arm64/FBLPromise+Catch.o.scan -- /Applications/Xcode.app/Contents/Developer/Toolchains/XcodeDefault.xctoolchain/usr/bin/clang -x objective-c -ivfsstatcache /Users/fukushimatakumi/Library/Developer/Xcode/DerivedData/SDKStatCaches.noindex/iphonesimulator18.4-22E235-71825a6d136aa4733edcbe86ece5525b.sdkstatcache -fmessage-length\=0 -fdiagnostics-show-note-include-stack -fmacro-backtrace-limit\=0 -fno-color-diagnostics -fmodules-prune-interval\=86400 -fmodules-prune-after\=345600 -fbuild-session-file\=/Users/fukushimatakumi/Library/Developer/Xcode/DerivedData/ModuleCache.noindex/Session.modulevalidation -fmodules-validate-once-per-build-session -Wnon-modular-include-in-framework-module -Werror\=non-modular-include-in-framework-module -Wno-trigraphs -Wno-missing-field-initializers -Wno-missing-prototypes -Wno-return-type -Wno-implicit-atomic-properties -Wno-objc-interface-ivars -Wno-arc-repeated-use-of-weak -Wno-missing-braces -Wparentheses -Wswitch -Wno-unused-function -Wno-unused-label -Wno-unused-parameter -Wno-unused-variable -Wunused-value -Wno-empty-body -Wno-uninitialized -Wno-unknown-pragmas -w -Wno-shadow -Wno-four-char-constants -Wno-conversion -Wno-constant-conversion -Wno-int-conversion -Wno-bool-conversion -Wno-enum-conversion -Wno-float-conversion -Wno-non-literal-null-conversion -Wno-objc-literal-conversion -Wshorten-64-to-32 -Wpointer-sign -Wno-newline-eof -Wno-selector -Wno-strict-selector-match -Wno-undeclared-selector -Wno-deprecated-implementations -Wno-implicit-fallthrough -fstrict-aliasing -Wprotocol -Wdeprecated-declarations -Wno-sign-conversion -Wno-infinite-recursion -Wno-comma -Wno-block-capture-autoreleasing -Wno-strict-prototypes -Wno-semicolon-before-method-body -index-store-path /Users/fukushimatakumi/Library/Developer/Xcode/DerivedData/SugarBeat-hgoxfxbbugxkfsbmqcjlbmjeaqyg/Index.noindex/DataStore @/Users/fukushimatakumi/Library/Developer/Xcode/DerivedData/SugarBeat-hgoxfxbbugxkfsbmqcjlbmjeaqyg/Build/Intermediates.noindex/Promises.build/Debug-iphonesimulator/FBLPromises.build/Objects-normal/arm64/e6072d4f65d7061329687fe24e3d63a7-common-args.resp -include /Users/fukushimatakumi/Library/Developer/Xcode/DerivedData/SugarBeat-hgoxfxbbugxkfsbmqcjlbmjeaqyg/Build/Intermediates.noindex/Promises.build/Debug-iphonesimulator/FBLPromises.build/DerivedSources/resource_bundle_accessor.h -MMD -MT dependencies -MF /Users/fukushimatakumi/Library/Developer/Xcode/DerivedData/SugarBeat-hgoxfxbbugxkfsbmqcjlbmjeaqyg/Build/Intermediates.noindex/Promises.build/Debug-iphonesimulator/FBLPromises.build/Objects-normal/arm64/FBLPromise+Catch.d --serialize-diagnostics /Users/fukushimatakumi/Library/Developer/Xcode/DerivedData/SugarBeat-hgoxfxbbugxkfsbmqcjlbmjeaqyg/Build/Intermediates.noindex/Promises.build/Debug-iphonesimulator/FBLPromises.build/Objects-normal/arm64/FBLPromise+Catch.dia -c /Users/fukushimatakumi/Library/Developer/Xcode/DerivedData/SugarBeat-hgoxfxbbugxkfsbmqcjlbmjeaqyg/SourcePackages/checkouts/promises/Sources/FBLPromises/FBLPromise+Catch.m -o /Users/fukushimatakumi/Library/Developer/Xcode/DerivedData/SugarBeat-hgoxfxbbugxkfsbmqcjlbmjeaqyg/Build/Intermediates.noindex/Promises.build/Debug-iphonesimulator/FBLPromises.build/Objects-normal/arm64/FBLPromise+Catch.o -index-unit-output-path /Promises.build/Debug-iphonesimulator/FBLPromises.build/Objects-normal/arm64/FBLPromise+Catch.o

ScanDependencies /Users/fukushimatakumi/Library/Developer/Xcode/DerivedData/SugarBeat-hgoxfxbbugxkfsbmqcjlbmjeaqyg/Build/Intermediates.noindex/Promises.build/Debug-iphonesimulator/FBLPromises.build/Objects-normal/arm64/FBLPromise+Await.o /Users/fukushimatakumi/Library/Developer/Xcode/DerivedData/SugarBeat-hgoxfxbbugxkfsbmqcjlbmjeaqyg/SourcePackages/checkouts/promises/Sources/FBLPromises/FBLPromise+Await.m normal arm64 objective-c com.apple.compilers.llvm.clang.1_0.compiler (in target 'FBLPromises' from project 'Promises')
    cd /Users/fukushimatakumi/develop/sugarbeat/sugarbeat-front
    
    Using response file: /Users/fukushimatakumi/Library/Developer/Xcode/DerivedData/SugarBeat-hgoxfxbbugxkfsbmqcjlbmjeaqyg/Build/Intermediates.noindex/Promises.build/Debug-iphonesimulator/FBLPromises.build/Objects-normal/arm64/e6072d4f65d7061329687fe24e3d63a7-common-args.resp
    
    builtin-ScanDependencies -o /Users/fukushimatakumi/Library/Developer/Xcode/DerivedData/SugarBeat-hgoxfxbbugxkfsbmqcjlbmjeaqyg/Build/Intermediates.noindex/Promises.build/Debug-iphonesimulator/FBLPromises.build/Objects-normal/arm64/FBLPromise+Await.o.scan -- /Applications/Xcode.app/Contents/Developer/Toolchains/XcodeDefault.xctoolchain/usr/bin/clang -x objective-c -ivfsstatcache /Users/fukushimatakumi/Library/Developer/Xcode/DerivedData/SDKStatCaches.noindex/iphonesimulator18.4-22E235-71825a6d136aa4733edcbe86ece5525b.sdkstatcache -fmessage-length\=0 -fdiagnostics-show-note-include-stack -fmacro-backtrace-limit\=0 -fno-color-diagnostics -fmodules-prune-interval\=86400 -fmodules-prune-after\=345600 -fbuild-session-file\=/Users/fukushimatakumi/Library/Developer/Xcode/DerivedData/ModuleCache.noindex/Session.modulevalidation -fmodules-validate-once-per-build-session -Wnon-modular-include-in-framework-module -Werror\=non-modular-include-in-framework-module -Wno-trigraphs -Wno-missing-field-initializers -Wno-missing-prototypes -Wno-return-type -Wno-implicit-atomic-properties -Wno-objc-interface-ivars -Wno-arc-repeated-use-of-weak -Wno-missing-braces -Wparentheses -Wswitch -Wno-unused-function -Wno-unused-label -Wno-unused-parameter -Wno-unused-variable -Wunused-value -Wno-empty-body -Wno-uninitialized -Wno-unknown-pragmas -w -Wno-shadow -Wno-four-char-constants -Wno-conversion -Wno-constant-conversion -Wno-int-conversion -Wno-bool-conversion -Wno-enum-conversion -Wno-float-conversion -Wno-non-literal-null-conversion -Wno-objc-literal-conversion -Wshorten-64-to-32 -Wpointer-sign -Wno-newline-eof -Wno-selector -Wno-strict-selector-match -Wno-undeclared-selector -Wno-deprecated-implementations -Wno-implicit-fallthrough -fstrict-aliasing -Wprotocol -Wdeprecated-declarations -Wno-sign-conversion -Wno-infinite-recursion -Wno-comma -Wno-block-capture-autoreleasing -Wno-strict-prototypes -Wno-semicolon-before-method-body -index-store-path /Users/fukushimatakumi/Library/Developer/Xcode/DerivedData/SugarBeat-hgoxfxbbugxkfsbmqcjlbmjeaqyg/Index.noindex/DataStore @/Users/fukushimatakumi/Library/Developer/Xcode/DerivedData/SugarBeat-hgoxfxbbugxkfsbmqcjlbmjeaqyg/Build/Intermediates.noindex/Promises.build/Debug-iphonesimulator/FBLPromises.build/Objects-normal/arm64/e6072d4f65d7061329687fe24e3d63a7-common-args.resp -include /Users/fukushimatakumi/Library/Developer/Xcode/DerivedData/SugarBeat-hgoxfxbbugxkfsbmqcjlbmjeaqyg/Build/Intermediates.noindex/Promises.build/Debug-iphonesimulator/FBLPromises.build/DerivedSources/resource_bundle_accessor.h -MMD -MT dependencies -MF /Users/fukushimatakumi/Library/Developer/Xcode/DerivedData/SugarBeat-hgoxfxbbugxkfsbmqcjlbmjeaqyg/Build/Intermediates.noindex/Promises.build/Debug-iphonesimulator/FBLPromises.build/Objects-normal/arm64/FBLPromise+Await.d --serialize-diagnostics /Users/fukushimatakumi/Library/Developer/Xcode/DerivedData/SugarBeat-hgoxfxbbugxkfsbmqcjlbmjeaqyg/Build/Intermediates.noindex/Promises.build/Debug-iphonesimulator/FBLPromises.build/Objects-normal/arm64/FBLPromise+Await.dia -c /Users/fukushimatakumi/Library/Developer/Xcode/DerivedData/SugarBeat-hgoxfxbbugxkfsbmqcjlbmjeaqyg/SourcePackages/checkouts/promises/Sources/FBLPromises/FBLPromise+Await.m -o /Users/fukushimatakumi/Library/Developer/Xcode/DerivedData/SugarBeat-hgoxfxbbugxkfsbmqcjlbmjeaqyg/Build/Intermediates.noindex/Promises.build/Debug-iphonesimulator/FBLPromises.build/Objects-normal/arm64/FBLPromise+Await.o -index-unit-output-path /Promises.build/Debug-iphonesimulator/FBLPromises.build/Objects-normal/arm64/FBLPromise+Await.o

ScanDependencies /Users/fukushimatakumi/Library/Developer/Xcode/DerivedData/SugarBeat-hgoxfxbbugxkfsbmqcjlbmjeaqyg/Build/Intermediates.noindex/Promises.build/Debug-iphonesimulator/FBLPromises.build/Objects-normal/arm64/FBLPromise+Async.o /Users/fukushimatakumi/Library/Developer/Xcode/DerivedData/SugarBeat-hgoxfxbbugxkfsbmqcjlbmjeaqyg/SourcePackages/checkouts/promises/Sources/FBLPromises/FBLPromise+Async.m normal arm64 objective-c com.apple.compilers.llvm.clang.1_0.compiler (in target 'FBLPromises' from project 'Promises')
    cd /Users/fukushimatakumi/develop/sugarbeat/sugarbeat-front
    
    Using response file: /Users/fukushimatakumi/Library/Developer/Xcode/DerivedData/SugarBeat-hgoxfxbbugxkfsbmqcjlbmjeaqyg/Build/Intermediates.noindex/Promises.build/Debug-iphonesimulator/FBLPromises.build/Objects-normal/arm64/e6072d4f65d7061329687fe24e3d63a7-common-args.resp
    
    builtin-ScanDependencies -o /Users/fukushimatakumi/Library/Developer/Xcode/DerivedData/SugarBeat-hgoxfxbbugxkfsbmqcjlbmjeaqyg/Build/Intermediates.noindex/Promises.build/Debug-iphonesimulator/FBLPromises.build/Objects-normal/arm64/FBLPromise+Async.o.scan -- /Applications/Xcode.app/Contents/Developer/Toolchains/XcodeDefault.xctoolchain/usr/bin/clang -x objective-c -ivfsstatcache /Users/fukushimatakumi/Library/Developer/Xcode/DerivedData/SDKStatCaches.noindex/iphonesimulator18.4-22E235-71825a6d136aa4733edcbe86ece5525b.sdkstatcache -fmessage-length\=0 -fdiagnostics-show-note-include-stack -fmacro-backtrace-limit\=0 -fno-color-diagnostics -fmodules-prune-interval\=86400 -fmodules-prune-after\=345600 -fbuild-session-file\=/Users/fukushimatakumi/Library/Developer/Xcode/DerivedData/ModuleCache.noindex/Session.modulevalidation -fmodules-validate-once-per-build-session -Wnon-modular-include-in-framework-module -Werror\=non-modular-include-in-framework-module -Wno-trigraphs -Wno-missing-field-initializers -Wno-missing-prototypes -Wno-return-type -Wno-implicit-atomic-properties -Wno-objc-interface-ivars -Wno-arc-repeated-use-of-weak -Wno-missing-braces -Wparentheses -Wswitch -Wno-unused-function -Wno-unused-label -Wno-unused-parameter -Wno-unused-variable -Wunused-value -Wno-empty-body -Wno-uninitialized -Wno-unknown-pragmas -w -Wno-shadow -Wno-four-char-constants -Wno-conversion -Wno-constant-conversion -Wno-int-conversion -Wno-bool-conversion -Wno-enum-conversion -Wno-float-conversion -Wno-non-literal-null-conversion -Wno-objc-literal-conversion -Wshorten-64-to-32 -Wpointer-sign -Wno-newline-eof -Wno-selector -Wno-strict-selector-match -Wno-undeclared-selector -Wno-deprecated-implementations -Wno-implicit-fallthrough -fstrict-aliasing -Wprotocol -Wdeprecated-declarations -Wno-sign-conversion -Wno-infinite-recursion -Wno-comma -Wno-block-capture-autoreleasing -Wno-strict-prototypes -Wno-semicolon-before-method-body -index-store-path /Users/fukushimatakumi/Library/Developer/Xcode/DerivedData/SugarBeat-hgoxfxbbugxkfsbmqcjlbmjeaqyg/Index.noindex/DataStore @/Users/fukushimatakumi/Library/Developer/Xcode/DerivedData/SugarBeat-hgoxfxbbugxkfsbmqcjlbmjeaqyg/Build/Intermediates.noindex/Promises.build/Debug-iphonesimulator/FBLPromises.build/Objects-normal/arm64/e6072d4f65d7061329687fe24e3d63a7-common-args.resp -include /Users/fukushimatakumi/Library/Developer/Xcode/DerivedData/SugarBeat-hgoxfxbbugxkfsbmqcjlbmjeaqyg/Build/Intermediates.noindex/Promises.build/Debug-iphonesimulator/FBLPromises.build/DerivedSources/resource_bundle_accessor.h -MMD -MT dependencies -MF /Users/fukushimatakumi/Library/Developer/Xcode/DerivedData/SugarBeat-hgoxfxbbugxkfsbmqcjlbmjeaqyg/Build/Intermediates.noindex/Promises.build/Debug-iphonesimulator/FBLPromises.build/Objects-normal/arm64/FBLPromise+Async.d --serialize-diagnostics /Users/fukushimatakumi/Library/Developer/Xcode/DerivedData/SugarBeat-hgoxfxbbugxkfsbmqcjlbmjeaqyg/Build/Intermediates.noindex/Promises.build/Debug-iphonesimulator/FBLPromises.build/Objects-normal/arm64/FBLPromise+Async.dia -c /Users/fukushimatakumi/Library/Developer/Xcode/DerivedData/SugarBeat-hgoxfxbbugxkfsbmqcjlbmjeaqyg/SourcePackages/checkouts/promises/Sources/FBLPromises/FBLPromise+Async.m -o /Users/fukushimatakumi/Library/Developer/Xcode/DerivedData/SugarBeat-hgoxfxbbugxkfsbmqcjlbmjeaqyg/Build/Intermediates.noindex/Promises.build/Debug-iphonesimulator/FBLPromises.build/Objects-normal/arm64/FBLPromise+Async.o -index-unit-output-path /Promises.build/Debug-iphonesimulator/FBLPromises.build/Objects-normal/arm64/FBLPromise+Async.o

PrecompileModule /Users/fukushimatakumi/Library/Developer/Xcode/DerivedData/SugarBeat-hgoxfxbbugxkfsbmqcjlbmjeaqyg/Build/Intermediates.noindex/ExplicitPrecompiledModules/Foundation-8KTDNJ9IIMYNE8CO0FY2LOCEF.scan
    cd /Users/fukushimatakumi/develop/sugarbeat/sugarbeat-front
    builtin-precompileModule /Users/fukushimatakumi/Library/Developer/Xcode/DerivedData/SugarBeat-hgoxfxbbugxkfsbmqcjlbmjeaqyg/Build/Intermediates.noindex/ExplicitPrecompiledModules/Foundation-8KTDNJ9IIMYNE8CO0FY2LOCEF.scan

ScanDependencies /Users/fukushimatakumi/Library/Developer/Xcode/DerivedData/SugarBeat-hgoxfxbbugxkfsbmqcjlbmjeaqyg/Build/Intermediates.noindex/Promises.build/Debug-iphonesimulator/FBLPromises.build/Objects-normal/arm64/FBLPromise+Any.o /Users/fukushimatakumi/Library/Developer/Xcode/DerivedData/SugarBeat-hgoxfxbbugxkfsbmqcjlbmjeaqyg/SourcePackages/checkouts/promises/Sources/FBLPromises/FBLPromise+Any.m normal arm64 objective-c com.apple.compilers.llvm.clang.1_0.compiler (in target 'FBLPromises' from project 'Promises')
    cd /Users/fukushimatakumi/develop/sugarbeat/sugarbeat-front
    
    Using response file: /Users/fukushimatakumi/Library/Developer/Xcode/DerivedData/SugarBeat-hgoxfxbbugxkfsbmqcjlbmjeaqyg/Build/Intermediates.noindex/Promises.build/Debug-iphonesimulator/FBLPromises.build/Objects-normal/arm64/e6072d4f65d7061329687fe24e3d63a7-common-args.resp
    
    builtin-ScanDependencies -o /Users/fukushimatakumi/Library/Developer/Xcode/DerivedData/SugarBeat-hgoxfxbbugxkfsbmqcjlbmjeaqyg/Build/Intermediates.noindex/Promises.build/Debug-iphonesimulator/FBLPromises.build/Objects-normal/arm64/FBLPromise+Any.o.scan -- /Applications/Xcode.app/Contents/Developer/Toolchains/XcodeDefault.xctoolchain/usr/bin/clang -x objective-c -ivfsstatcache /Users/fukushimatakumi/Library/Developer/Xcode/DerivedData/SDKStatCaches.noindex/iphonesimulator18.4-22E235-71825a6d136aa4733edcbe86ece5525b.sdkstatcache -fmessage-length\=0 -fdiagnostics-show-note-include-stack -fmacro-backtrace-limit\=0 -fno-color-diagnostics -fmodules-prune-interval\=86400 -fmodules-prune-after\=345600 -fbuild-session-file\=/Users/fukushimatakumi/Library/Developer/Xcode/DerivedData/ModuleCache.noindex/Session.modulevalidation -fmodules-validate-once-per-build-session -Wnon-modular-include-in-framework-module -Werror\=non-modular-include-in-framework-module -Wno-trigraphs -Wno-missing-field-initializers -Wno-missing-prototypes -Wno-return-type -Wno-implicit-atomic-properties -Wno-objc-interface-ivars -Wno-arc-repeated-use-of-weak -Wno-missing-braces -Wparentheses -Wswitch -Wno-unused-function -Wno-unused-label -Wno-unused-parameter -Wno-unused-variable -Wunused-value -Wno-empty-body -Wno-uninitialized -Wno-unknown-pragmas -w -Wno-shadow -Wno-four-char-constants -Wno-conversion -Wno-constant-conversion -Wno-int-conversion -Wno-bool-conversion -Wno-enum-conversion -Wno-float-conversion -Wno-non-literal-null-conversion -Wno-objc-literal-conversion -Wshorten-64-to-32 -Wpointer-sign -Wno-newline-eof -Wno-selector -Wno-strict-selector-match -Wno-undeclared-selector -Wno-deprecated-implementations -Wno-implicit-fallthrough -fstrict-aliasing -Wprotocol -Wdeprecated-declarations -Wno-sign-conversion -Wno-infinite-recursion -Wno-comma -Wno-block-capture-autoreleasing -Wno-strict-prototypes -Wno-semicolon-before-method-body -index-store-path /Users/fukushimatakumi/Library/Developer/Xcode/DerivedData/SugarBeat-hgoxfxbbugxkfsbmqcjlbmjeaqyg/Index.noindex/DataStore @/Users/fukushimatakumi/Library/Developer/Xcode/DerivedData/SugarBeat-hgoxfxbbugxkfsbmqcjlbmjeaqyg/Build/Intermediates.noindex/Promises.build/Debug-iphonesimulator/FBLPromises.build/Objects-normal/arm64/e6072d4f65d7061329687fe24e3d63a7-common-args.resp -include /Users/fukushimatakumi/Library/Developer/Xcode/DerivedData/SugarBeat-hgoxfxbbugxkfsbmqcjlbmjeaqyg/Build/Intermediates.noindex/Promises.build/Debug-iphonesimulator/FBLPromises.build/DerivedSources/resource_bundle_accessor.h -MMD -MT dependencies -MF /Users/fukushimatakumi/Library/Developer/Xcode/DerivedData/SugarBeat-hgoxfxbbugxkfsbmqcjlbmjeaqyg/Build/Intermediates.noindex/Promises.build/Debug-iphonesimulator/FBLPromises.build/Objects-normal/arm64/FBLPromise+Any.d --serialize-diagnostics /Users/fukushimatakumi/Library/Developer/Xcode/DerivedData/SugarBeat-hgoxfxbbugxkfsbmqcjlbmjeaqyg/Build/Intermediates.noindex/Promises.build/Debug-iphonesimulator/FBLPromises.build/Objects-normal/arm64/FBLPromise+Any.dia -c /Users/fukushimatakumi/Library/Developer/Xcode/DerivedData/SugarBeat-hgoxfxbbugxkfsbmqcjlbmjeaqyg/SourcePackages/checkouts/promises/Sources/FBLPromises/FBLPromise+Any.m -o /Users/fukushimatakumi/Library/Developer/Xcode/DerivedData/SugarBeat-hgoxfxbbugxkfsbmqcjlbmjeaqyg/Build/Intermediates.noindex/Promises.build/Debug-iphonesimulator/FBLPromises.build/Objects-normal/arm64/FBLPromise+Any.o -index-unit-output-path /Promises.build/Debug-iphonesimulator/FBLPromises.build/Objects-normal/arm64/FBLPromise+Any.o

PrecompileModule /Users/fukushimatakumi/Library/Developer/Xcode/DerivedData/SugarBeat-hgoxfxbbugxkfsbmqcjlbmjeaqyg/Build/Intermediates.noindex/ExplicitPrecompiledModules/CoreText-B8SRHC0KFPC454SDCFBK1K3Q2.scan
    cd /Users/fukushimatakumi/develop/sugarbeat/sugarbeat-front
    builtin-precompileModule /Users/fukushimatakumi/Library/Developer/Xcode/DerivedData/SugarBeat-hgoxfxbbugxkfsbmqcjlbmjeaqyg/Build/Intermediates.noindex/ExplicitPrecompiledModules/CoreText-B8SRHC0KFPC454SDCFBK1K3Q2.scan

PrecompileModule /Users/fukushimatakumi/Library/Developer/Xcode/DerivedData/SugarBeat-hgoxfxbbugxkfsbmqcjlbmjeaqyg/Build/Intermediates.noindex/ExplicitPrecompiledModules/ImageIO-2JD65DSQIY7DGCZH6IJ0CV11T.scan
    cd /Users/fukushimatakumi/develop/sugarbeat/sugarbeat-front
    builtin-precompileModule /Users/fukushimatakumi/Library/Developer/Xcode/DerivedData/SugarBeat-hgoxfxbbugxkfsbmqcjlbmjeaqyg/Build/Intermediates.noindex/ExplicitPrecompiledModules/ImageIO-2JD65DSQIY7DGCZH6IJ0CV11T.scan

ScanDependencies /Users/fukushimatakumi/Library/Developer/Xcode/DerivedData/SugarBeat-hgoxfxbbugxkfsbmqcjlbmjeaqyg/Build/Intermediates.noindex/Promises.build/Debug-iphonesimulator/FBLPromises.build/Objects-normal/arm64/FBLPromise+Always.o /Users/fukushimatakumi/Library/Developer/Xcode/DerivedData/SugarBeat-hgoxfxbbugxkfsbmqcjlbmjeaqyg/SourcePackages/checkouts/promises/Sources/FBLPromises/FBLPromise+Always.m normal arm64 objective-c com.apple.compilers.llvm.clang.1_0.compiler (in target 'FBLPromises' from project 'Promises')
    cd /Users/fukushimatakumi/develop/sugarbeat/sugarbeat-front
    
    Using response file: /Users/fukushimatakumi/Library/Developer/Xcode/DerivedData/SugarBeat-hgoxfxbbugxkfsbmqcjlbmjeaqyg/Build/Intermediates.noindex/Promises.build/Debug-iphonesimulator/FBLPromises.build/Objects-normal/arm64/e6072d4f65d7061329687fe24e3d63a7-common-args.resp
    
    builtin-ScanDependencies -o /Users/fukushimatakumi/Library/Developer/Xcode/DerivedData/SugarBeat-hgoxfxbbugxkfsbmqcjlbmjeaqyg/Build/Intermediates.noindex/Promises.build/Debug-iphonesimulator/FBLPromises.build/Objects-normal/arm64/FBLPromise+Always.o.scan -- /Applications/Xcode.app/Contents/Developer/Toolchains/XcodeDefault.xctoolchain/usr/bin/clang -x objective-c -ivfsstatcache /Users/fukushimatakumi/Library/Developer/Xcode/DerivedData/SDKStatCaches.noindex/iphonesimulator18.4-22E235-71825a6d136aa4733edcbe86ece5525b.sdkstatcache -fmessage-length\=0 -fdiagnostics-show-note-include-stack -fmacro-backtrace-limit\=0 -fno-color-diagnostics -fmodules-prune-interval\=86400 -fmodules-prune-after\=345600 -fbuild-session-file\=/Users/fukushimatakumi/Library/Developer/Xcode/DerivedData/ModuleCache.noindex/Session.modulevalidation -fmodules-validate-once-per-build-session -Wnon-modular-include-in-framework-module -Werror\=non-modular-include-in-framework-module -Wno-trigraphs -Wno-missing-field-initializers -Wno-missing-prototypes -Wno-return-type -Wno-implicit-atomic-properties -Wno-objc-interface-ivars -Wno-arc-repeated-use-of-weak -Wno-missing-braces -Wparentheses -Wswitch -Wno-unused-function -Wno-unused-label -Wno-unused-parameter -Wno-unused-variable -Wunused-value -Wno-empty-body -Wno-uninitialized -Wno-unknown-pragmas -w -Wno-shadow -Wno-four-char-constants -Wno-conversion -Wno-constant-conversion -Wno-int-conversion -Wno-bool-conversion -Wno-enum-conversion -Wno-float-conversion -Wno-non-literal-null-conversion -Wno-objc-literal-conversion -Wshorten-64-to-32 -Wpointer-sign -Wno-newline-eof -Wno-selector -Wno-strict-selector-match -Wno-undeclared-selector -Wno-deprecated-implementations -Wno-implicit-fallthrough -fstrict-aliasing -Wprotocol -Wdeprecated-declarations -Wno-sign-conversion -Wno-infinite-recursion -Wno-comma -Wno-block-capture-autoreleasing -Wno-strict-prototypes -Wno-semicolon-before-method-body -index-store-path /Users/fukushimatakumi/Library/Developer/Xcode/DerivedData/SugarBeat-hgoxfxbbugxkfsbmqcjlbmjeaqyg/Index.noindex/DataStore @/Users/fukushimatakumi/Library/Developer/Xcode/DerivedData/SugarBeat-hgoxfxbbugxkfsbmqcjlbmjeaqyg/Build/Intermediates.noindex/Promises.build/Debug-iphonesimulator/FBLPromises.build/Objects-normal/arm64/e6072d4f65d7061329687fe24e3d63a7-common-args.resp -include /Users/fukushimatakumi/Library/Developer/Xcode/DerivedData/SugarBeat-hgoxfxbbugxkfsbmqcjlbmjeaqyg/Build/Intermediates.noindex/Promises.build/Debug-iphonesimulator/FBLPromises.build/DerivedSources/resource_bundle_accessor.h -MMD -MT dependencies -MF /Users/fukushimatakumi/Library/Developer/Xcode/DerivedData/SugarBeat-hgoxfxbbugxkfsbmqcjlbmjeaqyg/Build/Intermediates.noindex/Promises.build/Debug-iphonesimulator/FBLPromises.build/Objects-normal/arm64/FBLPromise+Always.d --serialize-diagnostics /Users/fukushimatakumi/Library/Developer/Xcode/DerivedData/SugarBeat-hgoxfxbbugxkfsbmqcjlbmjeaqyg/Build/Intermediates.noindex/Promises.build/Debug-iphonesimulator/FBLPromises.build/Objects-normal/arm64/FBLPromise+Always.dia -c /Users/fukushimatakumi/Library/Developer/Xcode/DerivedData/SugarBeat-hgoxfxbbugxkfsbmqcjlbmjeaqyg/SourcePackages/checkouts/promises/Sources/FBLPromises/FBLPromise+Always.m -o /Users/fukushimatakumi/Library/Developer/Xcode/DerivedData/SugarBeat-hgoxfxbbugxkfsbmqcjlbmjeaqyg/Build/Intermediates.noindex/Promises.build/Debug-iphonesimulator/FBLPromises.build/Objects-normal/arm64/FBLPromise+Always.o -index-unit-output-path /Promises.build/Debug-iphonesimulator/FBLPromises.build/Objects-normal/arm64/FBLPromise+Always.o

PrecompileModule /Users/fukushimatakumi/Library/Developer/Xcode/DerivedData/SugarBeat-hgoxfxbbugxkfsbmqcjlbmjeaqyg/Build/Intermediates.noindex/ExplicitPrecompiledModules/Foundation-ELDN8E9TSWC1KXW6VGS4LLMCK.scan
    cd /Users/fukushimatakumi/develop/sugarbeat/sugarbeat-front
    builtin-precompileModule /Users/fukushimatakumi/Library/Developer/Xcode/DerivedData/SugarBeat-hgoxfxbbugxkfsbmqcjlbmjeaqyg/Build/Intermediates.noindex/ExplicitPrecompiledModules/Foundation-ELDN8E9TSWC1KXW6VGS4LLMCK.scan

ScanDependencies /Users/fukushimatakumi/Library/Developer/Xcode/DerivedData/SugarBeat-hgoxfxbbugxkfsbmqcjlbmjeaqyg/Build/Intermediates.noindex/Promises.build/Debug-iphonesimulator/FBLPromises.build/Objects-normal/arm64/FBLPromise+All.o /Users/fukushimatakumi/Library/Developer/Xcode/DerivedData/SugarBeat-hgoxfxbbugxkfsbmqcjlbmjeaqyg/SourcePackages/checkouts/promises/Sources/FBLPromises/FBLPromise+All.m normal arm64 objective-c com.apple.compilers.llvm.clang.1_0.compiler (in target 'FBLPromises' from project 'Promises')
    cd /Users/fukushimatakumi/develop/sugarbeat/sugarbeat-front
    
    Using response file: /Users/fukushimatakumi/Library/Developer/Xcode/DerivedData/SugarBeat-hgoxfxbbugxkfsbmqcjlbmjeaqyg/Build/Intermediates.noindex/Promises.build/Debug-iphonesimulator/FBLPromises.build/Objects-normal/arm64/e6072d4f65d7061329687fe24e3d63a7-common-args.resp
    
    builtin-ScanDependencies -o /Users/fukushimatakumi/Library/Developer/Xcode/DerivedData/SugarBeat-hgoxfxbbugxkfsbmqcjlbmjeaqyg/Build/Intermediates.noindex/Promises.build/Debug-iphonesimulator/FBLPromises.build/Objects-normal/arm64/FBLPromise+All.o.scan -- /Applications/Xcode.app/Contents/Developer/Toolchains/XcodeDefault.xctoolchain/usr/bin/clang -x objective-c -ivfsstatcache /Users/fukushimatakumi/Library/Developer/Xcode/DerivedData/SDKStatCaches.noindex/iphonesimulator18.4-22E235-71825a6d136aa4733edcbe86ece5525b.sdkstatcache -fmessage-length\=0 -fdiagnostics-show-note-include-stack -fmacro-backtrace-limit\=0 -fno-color-diagnostics -fmodules-prune-interval\=86400 -fmodules-prune-after\=345600 -fbuild-session-file\=/Users/fukushimatakumi/Library/Developer/Xcode/DerivedData/ModuleCache.noindex/Session.modulevalidation -fmodules-validate-once-per-build-session -Wnon-modular-include-in-framework-module -Werror\=non-modular-include-in-framework-module -Wno-trigraphs -Wno-missing-field-initializers -Wno-missing-prototypes -Wno-return-type -Wno-implicit-atomic-properties -Wno-objc-interface-ivars -Wno-arc-repeated-use-of-weak -Wno-missing-braces -Wparentheses -Wswitch -Wno-unused-function -Wno-unused-label -Wno-unused-parameter -Wno-unused-variable -Wunused-value -Wno-empty-body -Wno-uninitialized -Wno-unknown-pragmas -w -Wno-shadow -Wno-four-char-constants -Wno-conversion -Wno-constant-conversion -Wno-int-conversion -Wno-bool-conversion -Wno-enum-conversion -Wno-float-conversion -Wno-non-literal-null-conversion -Wno-objc-literal-conversion -Wshorten-64-to-32 -Wpointer-sign -Wno-newline-eof -Wno-selector -Wno-strict-selector-match -Wno-undeclared-selector -Wno-deprecated-implementations -Wno-implicit-fallthrough -fstrict-aliasing -Wprotocol -Wdeprecated-declarations -Wno-sign-conversion -Wno-infinite-recursion -Wno-comma -Wno-block-capture-autoreleasing -Wno-strict-prototypes -Wno-semicolon-before-method-body -index-store-path /Users/fukushimatakumi/Library/Developer/Xcode/DerivedData/SugarBeat-hgoxfxbbugxkfsbmqcjlbmjeaqyg/Index.noindex/DataStore @/Users/fukushimatakumi/Library/Developer/Xcode/DerivedData/SugarBeat-hgoxfxbbugxkfsbmqcjlbmjeaqyg/Build/Intermediates.noindex/Promises.build/Debug-iphonesimulator/FBLPromises.build/Objects-normal/arm64/e6072d4f65d7061329687fe24e3d63a7-common-args.resp -include /Users/fukushimatakumi/Library/Developer/Xcode/DerivedData/SugarBeat-hgoxfxbbugxkfsbmqcjlbmjeaqyg/Build/Intermediates.noindex/Promises.build/Debug-iphonesimulator/FBLPromises.build/DerivedSources/resource_bundle_accessor.h -MMD -MT dependencies -MF /Users/fukushimatakumi/Library/Developer/Xcode/DerivedData/SugarBeat-hgoxfxbbugxkfsbmqcjlbmjeaqyg/Build/Intermediates.noindex/Promises.build/Debug-iphonesimulator/FBLPromises.build/Objects-normal/arm64/FBLPromise+All.d --serialize-diagnostics /Users/fukushimatakumi/Library/Developer/Xcode/DerivedData/SugarBeat-hgoxfxbbugxkfsbmqcjlbmjeaqyg/Build/Intermediates.noindex/Promises.build/Debug-iphonesimulator/FBLPromises.build/Objects-normal/arm64/FBLPromise+All.dia -c /Users/fukushimatakumi/Library/Developer/Xcode/DerivedData/SugarBeat-hgoxfxbbugxkfsbmqcjlbmjeaqyg/SourcePackages/checkouts/promises/Sources/FBLPromises/FBLPromise+All.m -o /Users/fukushimatakumi/Library/Developer/Xcode/DerivedData/SugarBeat-hgoxfxbbugxkfsbmqcjlbmjeaqyg/Build/Intermediates.noindex/Promises.build/Debug-iphonesimulator/FBLPromises.build/Objects-normal/arm64/FBLPromise+All.o -index-unit-output-path /Promises.build/Debug-iphonesimulator/FBLPromises.build/Objects-normal/arm64/FBLPromise+All.o

ScanDependencies /Users/fukushimatakumi/Library/Developer/Xcode/DerivedData/SugarBeat-hgoxfxbbugxkfsbmqcjlbmjeaqyg/Build/Intermediates.noindex/AppAuth.build/Debug-iphonesimulator/AppAuthCore.build/Objects-normal/arm64/resource_bundle_accessor.o /Users/fukushimatakumi/Library/Developer/Xcode/DerivedData/SugarBeat-hgoxfxbbugxkfsbmqcjlbmjeaqyg/Build/Intermediates.noindex/AppAuth.build/Debug-iphonesimulator/AppAuthCore.build/DerivedSources/resource_bundle_accessor.m normal arm64 objective-c com.apple.compilers.llvm.clang.1_0.compiler (in target 'AppAuthCore' from project 'AppAuth')
    cd /Users/fukushimatakumi/develop/sugarbeat/sugarbeat-front
    
    Using response file: /Users/fukushimatakumi/Library/Developer/Xcode/DerivedData/SugarBeat-hgoxfxbbugxkfsbmqcjlbmjeaqyg/Build/Intermediates.noindex/AppAuth.build/Debug-iphonesimulator/AppAuthCore.build/Objects-normal/arm64/e6072d4f65d7061329687fe24e3d63a7-common-args.resp
    
    builtin-ScanDependencies -o /Users/fukushimatakumi/Library/Developer/Xcode/DerivedData/SugarBeat-hgoxfxbbugxkfsbmqcjlbmjeaqyg/Build/Intermediates.noindex/AppAuth.build/Debug-iphonesimulator/AppAuthCore.build/Objects-normal/arm64/resource_bundle_accessor.o.scan -- /Applications/Xcode.app/Contents/Developer/Toolchains/XcodeDefault.xctoolchain/usr/bin/clang -x objective-c -ivfsstatcache /Users/fukushimatakumi/Library/Developer/Xcode/DerivedData/SDKStatCaches.noindex/iphonesimulator18.4-22E235-71825a6d136aa4733edcbe86ece5525b.sdkstatcache -fmessage-length\=0 -fdiagnostics-show-note-include-stack -fmacro-backtrace-limit\=0 -fno-color-diagnostics -fmodules-prune-interval\=86400 -fmodules-prune-after\=345600 -fbuild-session-file\=/Users/fukushimatakumi/Library/Developer/Xcode/DerivedData/ModuleCache.noindex/Session.modulevalidation -fmodules-validate-once-per-build-session -Wnon-modular-include-in-framework-module -Werror\=non-modular-include-in-framework-module -Wno-trigraphs -Wno-missing-field-initializers -Wno-missing-prototypes -Wno-return-type -Wno-implicit-atomic-properties -Wno-objc-interface-ivars -Wno-arc-repeated-use-of-weak -Wno-missing-braces -Wparentheses -Wswitch -Wno-unused-function -Wno-unused-label -Wno-unused-parameter -Wno-unused-variable -Wunused-value -Wno-empty-body -Wno-uninitialized -Wno-unknown-pragmas -w -Wno-shadow -Wno-four-char-constants -Wno-conversion -Wno-constant-conversion -Wno-int-conversion -Wno-bool-conversion -Wno-enum-conversion -Wno-float-conversion -Wno-non-literal-null-conversion -Wno-objc-literal-conversion -Wshorten-64-to-32 -Wpointer-sign -Wno-newline-eof -Wno-selector -Wno-strict-selector-match -Wno-undeclared-selector -Wno-deprecated-implementations -Wno-implicit-fallthrough -fstrict-aliasing -Wprotocol -Wdeprecated-declarations -Wno-sign-conversion -Wno-infinite-recursion -Wno-comma -Wno-block-capture-autoreleasing -Wno-strict-prototypes -Wno-semicolon-before-method-body -index-store-path /Users/fukushimatakumi/Library/Developer/Xcode/DerivedData/SugarBeat-hgoxfxbbugxkfsbmqcjlbmjeaqyg/Index.noindex/DataStore @/Users/fukushimatakumi/Library/Developer/Xcode/DerivedData/SugarBeat-hgoxfxbbugxkfsbmqcjlbmjeaqyg/Build/Intermediates.noindex/AppAuth.build/Debug-iphonesimulator/AppAuthCore.build/Objects-normal/arm64/e6072d4f65d7061329687fe24e3d63a7-common-args.resp -include /Users/fukushimatakumi/Library/Developer/Xcode/DerivedData/SugarBeat-hgoxfxbbugxkfsbmqcjlbmjeaqyg/Build/Intermediates.noindex/AppAuth.build/Debug-iphonesimulator/AppAuthCore.build/DerivedSources/resource_bundle_accessor.h -MMD -MT dependencies -MF /Users/fukushimatakumi/Library/Developer/Xcode/DerivedData/SugarBeat-hgoxfxbbugxkfsbmqcjlbmjeaqyg/Build/Intermediates.noindex/AppAuth.build/Debug-iphonesimulator/AppAuthCore.build/Objects-normal/arm64/resource_bundle_accessor.d --serialize-diagnostics /Users/fukushimatakumi/Library/Developer/Xcode/DerivedData/SugarBeat-hgoxfxbbugxkfsbmqcjlbmjeaqyg/Build/Intermediates.noindex/AppAuth.build/Debug-iphonesimulator/AppAuthCore.build/Objects-normal/arm64/resource_bundle_accessor.dia -c /Users/fukushimatakumi/Library/Developer/Xcode/DerivedData/SugarBeat-hgoxfxbbugxkfsbmqcjlbmjeaqyg/Build/Intermediates.noindex/AppAuth.build/Debug-iphonesimulator/AppAuthCore.build/DerivedSources/resource_bundle_accessor.m -o /Users/fukushimatakumi/Library/Developer/Xcode/DerivedData/SugarBeat-hgoxfxbbugxkfsbmqcjlbmjeaqyg/Build/Intermediates.noindex/AppAuth.build/Debug-iphonesimulator/AppAuthCore.build/Objects-normal/arm64/resource_bundle_accessor.o -index-unit-output-path /AppAuth.build/Debug-iphonesimulator/AppAuthCore.build/Objects-normal/arm64/resource_bundle_accessor.o

ScanDependencies /Users/fukushimatakumi/Library/Developer/Xcode/DerivedData/SugarBeat-hgoxfxbbugxkfsbmqcjlbmjeaqyg/Build/Intermediates.noindex/AppAuth.build/Debug-iphonesimulator/AppAuthCore.build/Objects-normal/arm64/OIDURLSessionProvider.o /Users/fukushimatakumi/Library/Developer/Xcode/DerivedData/SugarBeat-hgoxfxbbugxkfsbmqcjlbmjeaqyg/SourcePackages/checkouts/AppAuth-iOS/Sources/AppAuthCore/OIDURLSessionProvider.m normal arm64 objective-c com.apple.compilers.llvm.clang.1_0.compiler (in target 'AppAuthCore' from project 'AppAuth')
    cd /Users/fukushimatakumi/develop/sugarbeat/sugarbeat-front
    
    Using response file: /Users/fukushimatakumi/Library/Developer/Xcode/DerivedData/SugarBeat-hgoxfxbbugxkfsbmqcjlbmjeaqyg/Build/Intermediates.noindex/AppAuth.build/Debug-iphonesimulator/AppAuthCore.build/Objects-normal/arm64/e6072d4f65d7061329687fe24e3d63a7-common-args.resp
    
    builtin-ScanDependencies -o /Users/fukushimatakumi/Library/Developer/Xcode/DerivedData/SugarBeat-hgoxfxbbugxkfsbmqcjlbmjeaqyg/Build/Intermediates.noindex/AppAuth.build/Debug-iphonesimulator/AppAuthCore.build/Objects-normal/arm64/OIDURLSessionProvider.o.scan -- /Applications/Xcode.app/Contents/Developer/Toolchains/XcodeDefault.xctoolchain/usr/bin/clang -x objective-c -ivfsstatcache /Users/fukushimatakumi/Library/Developer/Xcode/DerivedData/SDKStatCaches.noindex/iphonesimulator18.4-22E235-71825a6d136aa4733edcbe86ece5525b.sdkstatcache -fmessage-length\=0 -fdiagnostics-show-note-include-stack -fmacro-backtrace-limit\=0 -fno-color-diagnostics -fmodules-prune-interval\=86400 -fmodules-prune-after\=345600 -fbuild-session-file\=/Users/fukushimatakumi/Library/Developer/Xcode/DerivedData/ModuleCache.noindex/Session.modulevalidation -fmodules-validate-once-per-build-session -Wnon-modular-include-in-framework-module -Werror\=non-modular-include-in-framework-module -Wno-trigraphs -Wno-missing-field-initializers -Wno-missing-prototypes -Wno-return-type -Wno-implicit-atomic-properties -Wno-objc-interface-ivars -Wno-arc-repeated-use-of-weak -Wno-missing-braces -Wparentheses -Wswitch -Wno-unused-function -Wno-unused-label -Wno-unused-parameter -Wno-unused-variable -Wunused-value -Wno-empty-body -Wno-uninitialized -Wno-unknown-pragmas -w -Wno-shadow -Wno-four-char-constants -Wno-conversion -Wno-constant-conversion -Wno-int-conversion -Wno-bool-conversion -Wno-enum-conversion -Wno-float-conversion -Wno-non-literal-null-conversion -Wno-objc-literal-conversion -Wshorten-64-to-32 -Wpointer-sign -Wno-newline-eof -Wno-selector -Wno-strict-selector-match -Wno-undeclared-selector -Wno-deprecated-implementations -Wno-implicit-fallthrough -fstrict-aliasing -Wprotocol -Wdeprecated-declarations -Wno-sign-conversion -Wno-infinite-recursion -Wno-comma -Wno-block-capture-autoreleasing -Wno-strict-prototypes -Wno-semicolon-before-method-body -index-store-path /Users/fukushimatakumi/Library/Developer/Xcode/DerivedData/SugarBeat-hgoxfxbbugxkfsbmqcjlbmjeaqyg/Index.noindex/DataStore @/Users/fukushimatakumi/Library/Developer/Xcode/DerivedData/SugarBeat-hgoxfxbbugxkfsbmqcjlbmjeaqyg/Build/Intermediates.noindex/AppAuth.build/Debug-iphonesimulator/AppAuthCore.build/Objects-normal/arm64/e6072d4f65d7061329687fe24e3d63a7-common-args.resp -include /Users/fukushimatakumi/Library/Developer/Xcode/DerivedData/SugarBeat-hgoxfxbbugxkfsbmqcjlbmjeaqyg/Build/Intermediates.noindex/AppAuth.build/Debug-iphonesimulator/AppAuthCore.build/DerivedSources/resource_bundle_accessor.h -MMD -MT dependencies -MF /Users/fukushimatakumi/Library/Developer/Xcode/DerivedData/SugarBeat-hgoxfxbbugxkfsbmqcjlbmjeaqyg/Build/Intermediates.noindex/AppAuth.build/Debug-iphonesimulator/AppAuthCore.build/Objects-normal/arm64/OIDURLSessionProvider.d --serialize-diagnostics /Users/fukushimatakumi/Library/Developer/Xcode/DerivedData/SugarBeat-hgoxfxbbugxkfsbmqcjlbmjeaqyg/Build/Intermediates.noindex/AppAuth.build/Debug-iphonesimulator/AppAuthCore.build/Objects-normal/arm64/OIDURLSessionProvider.dia -c /Users/fukushimatakumi/Library/Developer/Xcode/DerivedData/SugarBeat-hgoxfxbbugxkfsbmqcjlbmjeaqyg/SourcePackages/checkouts/AppAuth-iOS/Sources/AppAuthCore/OIDURLSessionProvider.m -o /Users/fukushimatakumi/Library/Developer/Xcode/DerivedData/SugarBeat-hgoxfxbbugxkfsbmqcjlbmjeaqyg/Build/Intermediates.noindex/AppAuth.build/Debug-iphonesimulator/AppAuthCore.build/Objects-normal/arm64/OIDURLSessionProvider.o -index-unit-output-path /AppAuth.build/Debug-iphonesimulator/AppAuthCore.build/Objects-normal/arm64/OIDURLSessionProvider.o

PrecompileModule /Users/fukushimatakumi/Library/Developer/Xcode/DerivedData/SugarBeat-hgoxfxbbugxkfsbmqcjlbmjeaqyg/Build/Intermediates.noindex/ExplicitPrecompiledModules/ObjectiveC-BZ4YKYC4PJTWC5R4BWWP4HJ82.scan
    cd /Users/fukushimatakumi/develop/sugarbeat/sugarbeat-front
    builtin-precompileModule /Users/fukushimatakumi/Library/Developer/Xcode/DerivedData/SugarBeat-hgoxfxbbugxkfsbmqcjlbmjeaqyg/Build/Intermediates.noindex/ExplicitPrecompiledModules/ObjectiveC-BZ4YKYC4PJTWC5R4BWWP4HJ82.scan

ScanDependencies /Users/fukushimatakumi/Library/Developer/Xcode/DerivedData/SugarBeat-hgoxfxbbugxkfsbmqcjlbmjeaqyg/Build/Intermediates.noindex/AppAuth.build/Debug-iphonesimulator/AppAuthCore.build/Objects-normal/arm64/OIDURLQueryComponent.o /Users/fukushimatakumi/Library/Developer/Xcode/DerivedData/SugarBeat-hgoxfxbbugxkfsbmqcjlbmjeaqyg/SourcePackages/checkouts/AppAuth-iOS/Sources/AppAuthCore/OIDURLQueryComponent.m normal arm64 objective-c com.apple.compilers.llvm.clang.1_0.compiler (in target 'AppAuthCore' from project 'AppAuth')
    cd /Users/fukushimatakumi/develop/sugarbeat/sugarbeat-front
    
    Using response file: /Users/fukushimatakumi/Library/Developer/Xcode/DerivedData/SugarBeat-hgoxfxbbugxkfsbmqcjlbmjeaqyg/Build/Intermediates.noindex/AppAuth.build/Debug-iphonesimulator/AppAuthCore.build/Objects-normal/arm64/e6072d4f65d7061329687fe24e3d63a7-common-args.resp
    
    builtin-ScanDependencies -o /Users/fukushimatakumi/Library/Developer/Xcode/DerivedData/SugarBeat-hgoxfxbbugxkfsbmqcjlbmjeaqyg/Build/Intermediates.noindex/AppAuth.build/Debug-iphonesimulator/AppAuthCore.build/Objects-normal/arm64/OIDURLQueryComponent.o.scan -- /Applications/Xcode.app/Contents/Developer/Toolchains/XcodeDefault.xctoolchain/usr/bin/clang -x objective-c -ivfsstatcache /Users/fukushimatakumi/Library/Developer/Xcode/DerivedData/SDKStatCaches.noindex/iphonesimulator18.4-22E235-71825a6d136aa4733edcbe86ece5525b.sdkstatcache -fmessage-length\=0 -fdiagnostics-show-note-include-stack -fmacro-backtrace-limit\=0 -fno-color-diagnostics -fmodules-prune-interval\=86400 -fmodules-prune-after\=345600 -fbuild-session-file\=/Users/fukushimatakumi/Library/Developer/Xcode/DerivedData/ModuleCache.noindex/Session.modulevalidation -fmodules-validate-once-per-build-session -Wnon-modular-include-in-framework-module -Werror\=non-modular-include-in-framework-module -Wno-trigraphs -Wno-missing-field-initializers -Wno-missing-prototypes -Wno-return-type -Wno-implicit-atomic-properties -Wno-objc-interface-ivars -Wno-arc-repeated-use-of-weak -Wno-missing-braces -Wparentheses -Wswitch -Wno-unused-function -Wno-unused-label -Wno-unused-parameter -Wno-unused-variable -Wunused-value -Wno-empty-body -Wno-uninitialized -Wno-unknown-pragmas -w -Wno-shadow -Wno-four-char-constants -Wno-conversion -Wno-constant-conversion -Wno-int-conversion -Wno-bool-conversion -Wno-enum-conversion -Wno-float-conversion -Wno-non-literal-null-conversion -Wno-objc-literal-conversion -Wshorten-64-to-32 -Wpointer-sign -Wno-newline-eof -Wno-selector -Wno-strict-selector-match -Wno-undeclared-selector -Wno-deprecated-implementations -Wno-implicit-fallthrough -fstrict-aliasing -Wprotocol -Wdeprecated-declarations -Wno-sign-conversion -Wno-infinite-recursion -Wno-comma -Wno-block-capture-autoreleasing -Wno-strict-prototypes -Wno-semicolon-before-method-body -index-store-path /Users/fukushimatakumi/Library/Developer/Xcode/DerivedData/SugarBeat-hgoxfxbbugxkfsbmqcjlbmjeaqyg/Index.noindex/DataStore @/Users/fukushimatakumi/Library/Developer/Xcode/DerivedData/SugarBeat-hgoxfxbbugxkfsbmqcjlbmjeaqyg/Build/Intermediates.noindex/AppAuth.build/Debug-iphonesimulator/AppAuthCore.build/Objects-normal/arm64/e6072d4f65d7061329687fe24e3d63a7-common-args.resp -include /Users/fukushimatakumi/Library/Developer/Xcode/DerivedData/SugarBeat-hgoxfxbbugxkfsbmqcjlbmjeaqyg/Build/Intermediates.noindex/AppAuth.build/Debug-iphonesimulator/AppAuthCore.build/DerivedSources/resource_bundle_accessor.h -MMD -MT dependencies -MF /Users/fukushimatakumi/Library/Developer/Xcode/DerivedData/SugarBeat-hgoxfxbbugxkfsbmqcjlbmjeaqyg/Build/Intermediates.noindex/AppAuth.build/Debug-iphonesimulator/AppAuthCore.build/Objects-normal/arm64/OIDURLQueryComponent.d --serialize-diagnostics /Users/fukushimatakumi/Library/Developer/Xcode/DerivedData/SugarBeat-hgoxfxbbugxkfsbmqcjlbmjeaqyg/Build/Intermediates.noindex/AppAuth.build/Debug-iphonesimulator/AppAuthCore.build/Objects-normal/arm64/OIDURLQueryComponent.dia -c /Users/fukushimatakumi/Library/Developer/Xcode/DerivedData/SugarBeat-hgoxfxbbugxkfsbmqcjlbmjeaqyg/SourcePackages/checkouts/AppAuth-iOS/Sources/AppAuthCore/OIDURLQueryComponent.m -o /Users/fukushimatakumi/Library/Developer/Xcode/DerivedData/SugarBeat-hgoxfxbbugxkfsbmqcjlbmjeaqyg/Build/Intermediates.noindex/AppAuth.build/Debug-iphonesimulator/AppAuthCore.build/Objects-normal/arm64/OIDURLQueryComponent.o -index-unit-output-path /AppAuth.build/Debug-iphonesimulator/AppAuthCore.build/Objects-normal/arm64/OIDURLQueryComponent.o

ScanDependencies /Users/fukushimatakumi/Library/Developer/Xcode/DerivedData/SugarBeat-hgoxfxbbugxkfsbmqcjlbmjeaqyg/Build/Intermediates.noindex/AppAuth.build/Debug-iphonesimulator/AppAuthCore.build/Objects-normal/arm64/OIDTokenUtilities.o /Users/fukushimatakumi/Library/Developer/Xcode/DerivedData/SugarBeat-hgoxfxbbugxkfsbmqcjlbmjeaqyg/SourcePackages/checkouts/AppAuth-iOS/Sources/AppAuthCore/OIDTokenUtilities.m normal arm64 objective-c com.apple.compilers.llvm.clang.1_0.compiler (in target 'AppAuthCore' from project 'AppAuth')
    cd /Users/fukushimatakumi/develop/sugarbeat/sugarbeat-front
    
    Using response file: /Users/fukushimatakumi/Library/Developer/Xcode/DerivedData/SugarBeat-hgoxfxbbugxkfsbmqcjlbmjeaqyg/Build/Intermediates.noindex/AppAuth.build/Debug-iphonesimulator/AppAuthCore.build/Objects-normal/arm64/e6072d4f65d7061329687fe24e3d63a7-common-args.resp
    
    builtin-ScanDependencies -o /Users/fukushimatakumi/Library/Developer/Xcode/DerivedData/SugarBeat-hgoxfxbbugxkfsbmqcjlbmjeaqyg/Build/Intermediates.noindex/AppAuth.build/Debug-iphonesimulator/AppAuthCore.build/Objects-normal/arm64/OIDTokenUtilities.o.scan -- /Applications/Xcode.app/Contents/Developer/Toolchains/XcodeDefault.xctoolchain/usr/bin/clang -x objective-c -ivfsstatcache /Users/fukushimatakumi/Library/Developer/Xcode/DerivedData/SDKStatCaches.noindex/iphonesimulator18.4-22E235-71825a6d136aa4733edcbe86ece5525b.sdkstatcache -fmessage-length\=0 -fdiagnostics-show-note-include-stack -fmacro-backtrace-limit\=0 -fno-color-diagnostics -fmodules-prune-interval\=86400 -fmodules-prune-after\=345600 -fbuild-session-file\=/Users/fukushimatakumi/Library/Developer/Xcode/DerivedData/ModuleCache.noindex/Session.modulevalidation -fmodules-validate-once-per-build-session -Wnon-modular-include-in-framework-module -Werror\=non-modular-include-in-framework-module -Wno-trigraphs -Wno-missing-field-initializers -Wno-missing-prototypes -Wno-return-type -Wno-implicit-atomic-properties -Wno-objc-interface-ivars -Wno-arc-repeated-use-of-weak -Wno-missing-braces -Wparentheses -Wswitch -Wno-unused-function -Wno-unused-label -Wno-unused-parameter -Wno-unused-variable -Wunused-value -Wno-empty-body -Wno-uninitialized -Wno-unknown-pragmas -w -Wno-shadow -Wno-four-char-constants -Wno-conversion -Wno-constant-conversion -Wno-int-conversion -Wno-bool-conversion -Wno-enum-conversion -Wno-float-conversion -Wno-non-literal-null-conversion -Wno-objc-literal-conversion -Wshorten-64-to-32 -Wpointer-sign -Wno-newline-eof -Wno-selector -Wno-strict-selector-match -Wno-undeclared-selector -Wno-deprecated-implementations -Wno-implicit-fallthrough -fstrict-aliasing -Wprotocol -Wdeprecated-declarations -Wno-sign-conversion -Wno-infinite-recursion -Wno-comma -Wno-block-capture-autoreleasing -Wno-strict-prototypes -Wno-semicolon-before-method-body -index-store-path /Users/fukushimatakumi/Library/Developer/Xcode/DerivedData/SugarBeat-hgoxfxbbugxkfsbmqcjlbmjeaqyg/Index.noindex/DataStore @/Users/fukushimatakumi/Library/Developer/Xcode/DerivedData/SugarBeat-hgoxfxbbugxkfsbmqcjlbmjeaqyg/Build/Intermediates.noindex/AppAuth.build/Debug-iphonesimulator/AppAuthCore.build/Objects-normal/arm64/e6072d4f65d7061329687fe24e3d63a7-common-args.resp -include /Users/fukushimatakumi/Library/Developer/Xcode/DerivedData/SugarBeat-hgoxfxbbugxkfsbmqcjlbmjeaqyg/Build/Intermediates.noindex/AppAuth.build/Debug-iphonesimulator/AppAuthCore.build/DerivedSources/resource_bundle_accessor.h -MMD -MT dependencies -MF /Users/fukushimatakumi/Library/Developer/Xcode/DerivedData/SugarBeat-hgoxfxbbugxkfsbmqcjlbmjeaqyg/Build/Intermediates.noindex/AppAuth.build/Debug-iphonesimulator/AppAuthCore.build/Objects-normal/arm64/OIDTokenUtilities.d --serialize-diagnostics /Users/fukushimatakumi/Library/Developer/Xcode/DerivedData/SugarBeat-hgoxfxbbugxkfsbmqcjlbmjeaqyg/Build/Intermediates.noindex/AppAuth.build/Debug-iphonesimulator/AppAuthCore.build/Objects-normal/arm64/OIDTokenUtilities.dia -c /Users/fukushimatakumi/Library/Developer/Xcode/DerivedData/SugarBeat-hgoxfxbbugxkfsbmqcjlbmjeaqyg/SourcePackages/checkouts/AppAuth-iOS/Sources/AppAuthCore/OIDTokenUtilities.m -o /Users/fukushimatakumi/Library/Developer/Xcode/DerivedData/SugarBeat-hgoxfxbbugxkfsbmqcjlbmjeaqyg/Build/Intermediates.noindex/AppAuth.build/Debug-iphonesimulator/AppAuthCore.build/Objects-normal/arm64/OIDTokenUtilities.o -index-unit-output-path /AppAuth.build/Debug-iphonesimulator/AppAuthCore.build/Objects-normal/arm64/OIDTokenUtilities.o

ScanDependencies /Users/fukushimatakumi/Library/Developer/Xcode/DerivedData/SugarBeat-hgoxfxbbugxkfsbmqcjlbmjeaqyg/Build/Intermediates.noindex/AppAuth.build/Debug-iphonesimulator/AppAuthCore.build/Objects-normal/arm64/OIDTokenResponse.o /Users/fukushimatakumi/Library/Developer/Xcode/DerivedData/SugarBeat-hgoxfxbbugxkfsbmqcjlbmjeaqyg/SourcePackages/checkouts/AppAuth-iOS/Sources/AppAuthCore/OIDTokenResponse.m normal arm64 objective-c com.apple.compilers.llvm.clang.1_0.compiler (in target 'AppAuthCore' from project 'AppAuth')
    cd /Users/fukushimatakumi/develop/sugarbeat/sugarbeat-front
    
    Using response file: /Users/fukushimatakumi/Library/Developer/Xcode/DerivedData/SugarBeat-hgoxfxbbugxkfsbmqcjlbmjeaqyg/Build/Intermediates.noindex/AppAuth.build/Debug-iphonesimulator/AppAuthCore.build/Objects-normal/arm64/e6072d4f65d7061329687fe24e3d63a7-common-args.resp
    
    builtin-ScanDependencies -o /Users/fukushimatakumi/Library/Developer/Xcode/DerivedData/SugarBeat-hgoxfxbbugxkfsbmqcjlbmjeaqyg/Build/Intermediates.noindex/AppAuth.build/Debug-iphonesimulator/AppAuthCore.build/Objects-normal/arm64/OIDTokenResponse.o.scan -- /Applications/Xcode.app/Contents/Developer/Toolchains/XcodeDefault.xctoolchain/usr/bin/clang -x objective-c -ivfsstatcache /Users/fukushimatakumi/Library/Developer/Xcode/DerivedData/SDKStatCaches.noindex/iphonesimulator18.4-22E235-71825a6d136aa4733edcbe86ece5525b.sdkstatcache -fmessage-length\=0 -fdiagnostics-show-note-include-stack -fmacro-backtrace-limit\=0 -fno-color-diagnostics -fmodules-prune-interval\=86400 -fmodules-prune-after\=345600 -fbuild-session-file\=/Users/fukushimatakumi/Library/Developer/Xcode/DerivedData/ModuleCache.noindex/Session.modulevalidation -fmodules-validate-once-per-build-session -Wnon-modular-include-in-framework-module -Werror\=non-modular-include-in-framework-module -Wno-trigraphs -Wno-missing-field-initializers -Wno-missing-prototypes -Wno-return-type -Wno-implicit-atomic-properties -Wno-objc-interface-ivars -Wno-arc-repeated-use-of-weak -Wno-missing-braces -Wparentheses -Wswitch -Wno-unused-function -Wno-unused-label -Wno-unused-parameter -Wno-unused-variable -Wunused-value -Wno-empty-body -Wno-uninitialized -Wno-unknown-pragmas -w -Wno-shadow -Wno-four-char-constants -Wno-conversion -Wno-constant-conversion -Wno-int-conversion -Wno-bool-conversion -Wno-enum-conversion -Wno-float-conversion -Wno-non-literal-null-conversion -Wno-objc-literal-conversion -Wshorten-64-to-32 -Wpointer-sign -Wno-newline-eof -Wno-selector -Wno-strict-selector-match -Wno-undeclared-selector -Wno-deprecated-implementations -Wno-implicit-fallthrough -fstrict-aliasing -Wprotocol -Wdeprecated-declarations -Wno-sign-conversion -Wno-infinite-recursion -Wno-comma -Wno-block-capture-autoreleasing -Wno-strict-prototypes -Wno-semicolon-before-method-body -index-store-path /Users/fukushimatakumi/Library/Developer/Xcode/DerivedData/SugarBeat-hgoxfxbbugxkfsbmqcjlbmjeaqyg/Index.noindex/DataStore @/Users/fukushimatakumi/Library/Developer/Xcode/DerivedData/SugarBeat-hgoxfxbbugxkfsbmqcjlbmjeaqyg/Build/Intermediates.noindex/AppAuth.build/Debug-iphonesimulator/AppAuthCore.build/Objects-normal/arm64/e6072d4f65d7061329687fe24e3d63a7-common-args.resp -include /Users/fukushimatakumi/Library/Developer/Xcode/DerivedData/SugarBeat-hgoxfxbbugxkfsbmqcjlbmjeaqyg/Build/Intermediates.noindex/AppAuth.build/Debug-iphonesimulator/AppAuthCore.build/DerivedSources/resource_bundle_accessor.h -MMD -MT dependencies -MF /Users/fukushimatakumi/Library/Developer/Xcode/DerivedData/SugarBeat-hgoxfxbbugxkfsbmqcjlbmjeaqyg/Build/Intermediates.noindex/AppAuth.build/Debug-iphonesimulator/AppAuthCore.build/Objects-normal/arm64/OIDTokenResponse.d --serialize-diagnostics /Users/fukushimatakumi/Library/Developer/Xcode/DerivedData/SugarBeat-hgoxfxbbugxkfsbmqcjlbmjeaqyg/Build/Intermediates.noindex/AppAuth.build/Debug-iphonesimulator/AppAuthCore.build/Objects-normal/arm64/OIDTokenResponse.dia -c /Users/fukushimatakumi/Library/Developer/Xcode/DerivedData/SugarBeat-hgoxfxbbugxkfsbmqcjlbmjeaqyg/SourcePackages/checkouts/AppAuth-iOS/Sources/AppAuthCore/OIDTokenResponse.m -o /Users/fukushimatakumi/Library/Developer/Xcode/DerivedData/SugarBeat-hgoxfxbbugxkfsbmqcjlbmjeaqyg/Build/Intermediates.noindex/AppAuth.build/Debug-iphonesimulator/AppAuthCore.build/Objects-normal/arm64/OIDTokenResponse.o -index-unit-output-path /AppAuth.build/Debug-iphonesimulator/AppAuthCore.build/Objects-normal/arm64/OIDTokenResponse.o

PrecompileModule /Users/fukushimatakumi/Library/Developer/Xcode/DerivedData/SugarBeat-hgoxfxbbugxkfsbmqcjlbmjeaqyg/Build/Intermediates.noindex/ExplicitPrecompiledModules/os_object-9VJJ0ID4ZW40ZMIYBCCFQ8CCO.scan
    cd /Users/fukushimatakumi/develop/sugarbeat/sugarbeat-front
    builtin-precompileModule /Users/fukushimatakumi/Library/Developer/Xcode/DerivedData/SugarBeat-hgoxfxbbugxkfsbmqcjlbmjeaqyg/Build/Intermediates.noindex/ExplicitPrecompiledModules/os_object-9VJJ0ID4ZW40ZMIYBCCFQ8CCO.scan

ScanDependencies /Users/fukushimatakumi/Library/Developer/Xcode/DerivedData/SugarBeat-hgoxfxbbugxkfsbmqcjlbmjeaqyg/Build/Intermediates.noindex/AppAuth.build/Debug-iphonesimulator/AppAuthCore.build/Objects-normal/arm64/OIDTokenRequest.o /Users/fukushimatakumi/Library/Developer/Xcode/DerivedData/SugarBeat-hgoxfxbbugxkfsbmqcjlbmjeaqyg/SourcePackages/checkouts/AppAuth-iOS/Sources/AppAuthCore/OIDTokenRequest.m normal arm64 objective-c com.apple.compilers.llvm.clang.1_0.compiler (in target 'AppAuthCore' from project 'AppAuth')
    cd /Users/fukushimatakumi/develop/sugarbeat/sugarbeat-front
    
    Using response file: /Users/fukushimatakumi/Library/Developer/Xcode/DerivedData/SugarBeat-hgoxfxbbugxkfsbmqcjlbmjeaqyg/Build/Intermediates.noindex/AppAuth.build/Debug-iphonesimulator/AppAuthCore.build/Objects-normal/arm64/e6072d4f65d7061329687fe24e3d63a7-common-args.resp
    
    builtin-ScanDependencies -o /Users/fukushimatakumi/Library/Developer/Xcode/DerivedData/SugarBeat-hgoxfxbbugxkfsbmqcjlbmjeaqyg/Build/Intermediates.noindex/AppAuth.build/Debug-iphonesimulator/AppAuthCore.build/Objects-normal/arm64/OIDTokenRequest.o.scan -- /Applications/Xcode.app/Contents/Developer/Toolchains/XcodeDefault.xctoolchain/usr/bin/clang -x objective-c -ivfsstatcache /Users/fukushimatakumi/Library/Developer/Xcode/DerivedData/SDKStatCaches.noindex/iphonesimulator18.4-22E235-71825a6d136aa4733edcbe86ece5525b.sdkstatcache -fmessage-length\=0 -fdiagnostics-show-note-include-stack -fmacro-backtrace-limit\=0 -fno-color-diagnostics -fmodules-prune-interval\=86400 -fmodules-prune-after\=345600 -fbuild-session-file\=/Users/fukushimatakumi/Library/Developer/Xcode/DerivedData/ModuleCache.noindex/Session.modulevalidation -fmodules-validate-once-per-build-session -Wnon-modular-include-in-framework-module -Werror\=non-modular-include-in-framework-module -Wno-trigraphs -Wno-missing-field-initializers -Wno-missing-prototypes -Wno-return-type -Wno-implicit-atomic-properties -Wno-objc-interface-ivars -Wno-arc-repeated-use-of-weak -Wno-missing-braces -Wparentheses -Wswitch -Wno-unused-function -Wno-unused-label -Wno-unused-parameter -Wno-unused-variable -Wunused-value -Wno-empty-body -Wno-uninitialized -Wno-unknown-pragmas -w -Wno-shadow -Wno-four-char-constants -Wno-conversion -Wno-constant-conversion -Wno-int-conversion -Wno-bool-conversion -Wno-enum-conversion -Wno-float-conversion -Wno-non-literal-null-conversion -Wno-objc-literal-conversion -Wshorten-64-to-32 -Wpointer-sign -Wno-newline-eof -Wno-selector -Wno-strict-selector-match -Wno-undeclared-selector -Wno-deprecated-implementations -Wno-implicit-fallthrough -fstrict-aliasing -Wprotocol -Wdeprecated-declarations -Wno-sign-conversion -Wno-infinite-recursion -Wno-comma -Wno-block-capture-autoreleasing -Wno-strict-prototypes -Wno-semicolon-before-method-body -index-store-path /Users/fukushimatakumi/Library/Developer/Xcode/DerivedData/SugarBeat-hgoxfxbbugxkfsbmqcjlbmjeaqyg/Index.noindex/DataStore @/Users/fukushimatakumi/Library/Developer/Xcode/DerivedData/SugarBeat-hgoxfxbbugxkfsbmqcjlbmjeaqyg/Build/Intermediates.noindex/AppAuth.build/Debug-iphonesimulator/AppAuthCore.build/Objects-normal/arm64/e6072d4f65d7061329687fe24e3d63a7-common-args.resp -include /Users/fukushimatakumi/Library/Developer/Xcode/DerivedData/SugarBeat-hgoxfxbbugxkfsbmqcjlbmjeaqyg/Build/Intermediates.noindex/AppAuth.build/Debug-iphonesimulator/AppAuthCore.build/DerivedSources/resource_bundle_accessor.h -MMD -MT dependencies -MF /Users/fukushimatakumi/Library/Developer/Xcode/DerivedData/SugarBeat-hgoxfxbbugxkfsbmqcjlbmjeaqyg/Build/Intermediates.noindex/AppAuth.build/Debug-iphonesimulator/AppAuthCore.build/Objects-normal/arm64/OIDTokenRequest.d --serialize-diagnostics /Users/fukushimatakumi/Library/Developer/Xcode/DerivedData/SugarBeat-hgoxfxbbugxkfsbmqcjlbmjeaqyg/Build/Intermediates.noindex/AppAuth.build/Debug-iphonesimulator/AppAuthCore.build/Objects-normal/arm64/OIDTokenRequest.dia -c /Users/fukushimatakumi/Library/Developer/Xcode/DerivedData/SugarBeat-hgoxfxbbugxkfsbmqcjlbmjeaqyg/SourcePackages/checkouts/AppAuth-iOS/Sources/AppAuthCore/OIDTokenRequest.m -o /Users/fukushimatakumi/Library/Developer/Xcode/DerivedData/SugarBeat-hgoxfxbbugxkfsbmqcjlbmjeaqyg/Build/Intermediates.noindex/AppAuth.build/Debug-iphonesimulator/AppAuthCore.build/Objects-normal/arm64/OIDTokenRequest.o -index-unit-output-path /AppAuth.build/Debug-iphonesimulator/AppAuthCore.build/Objects-normal/arm64/OIDTokenRequest.o

PrecompileModule /Users/fukushimatakumi/Library/Developer/Xcode/DerivedData/SugarBeat-hgoxfxbbugxkfsbmqcjlbmjeaqyg/Build/Intermediates.noindex/ExplicitPrecompiledModules/ObjectiveC-1V7RLTHEI26LA07HT4QLIL6X4.scan
    cd /Users/fukushimatakumi/develop/sugarbeat/sugarbeat-front
    builtin-precompileModule /Users/fukushimatakumi/Library/Developer/Xcode/DerivedData/SugarBeat-hgoxfxbbugxkfsbmqcjlbmjeaqyg/Build/Intermediates.noindex/ExplicitPrecompiledModules/ObjectiveC-1V7RLTHEI26LA07HT4QLIL6X4.scan

ScanDependencies /Users/fukushimatakumi/Library/Developer/Xcode/DerivedData/SugarBeat-hgoxfxbbugxkfsbmqcjlbmjeaqyg/Build/Intermediates.noindex/AppAuth.build/Debug-iphonesimulator/AppAuthCore.build/Objects-normal/arm64/OIDServiceDiscovery.o /Users/fukushimatakumi/Library/Developer/Xcode/DerivedData/SugarBeat-hgoxfxbbugxkfsbmqcjlbmjeaqyg/SourcePackages/checkouts/AppAuth-iOS/Sources/AppAuthCore/OIDServiceDiscovery.m normal arm64 objective-c com.apple.compilers.llvm.clang.1_0.compiler (in target 'AppAuthCore' from project 'AppAuth')
    cd /Users/fukushimatakumi/develop/sugarbeat/sugarbeat-front
    
    Using response file: /Users/fukushimatakumi/Library/Developer/Xcode/DerivedData/SugarBeat-hgoxfxbbugxkfsbmqcjlbmjeaqyg/Build/Intermediates.noindex/AppAuth.build/Debug-iphonesimulator/AppAuthCore.build/Objects-normal/arm64/e6072d4f65d7061329687fe24e3d63a7-common-args.resp
    
    builtin-ScanDependencies -o /Users/fukushimatakumi/Library/Developer/Xcode/DerivedData/SugarBeat-hgoxfxbbugxkfsbmqcjlbmjeaqyg/Build/Intermediates.noindex/AppAuth.build/Debug-iphonesimulator/AppAuthCore.build/Objects-normal/arm64/OIDServiceDiscovery.o.scan -- /Applications/Xcode.app/Contents/Developer/Toolchains/XcodeDefault.xctoolchain/usr/bin/clang -x objective-c -ivfsstatcache /Users/fukushimatakumi/Library/Developer/Xcode/DerivedData/SDKStatCaches.noindex/iphonesimulator18.4-22E235-71825a6d136aa4733edcbe86ece5525b.sdkstatcache -fmessage-length\=0 -fdiagnostics-show-note-include-stack -fmacro-backtrace-limit\=0 -fno-color-diagnostics -fmodules-prune-interval\=86400 -fmodules-prune-after\=345600 -fbuild-session-file\=/Users/fukushimatakumi/Library/Developer/Xcode/DerivedData/ModuleCache.noindex/Session.modulevalidation -fmodules-validate-once-per-build-session -Wnon-modular-include-in-framework-module -Werror\=non-modular-include-in-framework-module -Wno-trigraphs -Wno-missing-field-initializers -Wno-missing-prototypes -Wno-return-type -Wno-implicit-atomic-properties -Wno-objc-interface-ivars -Wno-arc-repeated-use-of-weak -Wno-missing-braces -Wparentheses -Wswitch -Wno-unused-function -Wno-unused-label -Wno-unused-parameter -Wno-unused-variable -Wunused-value -Wno-empty-body -Wno-uninitialized -Wno-unknown-pragmas -w -Wno-shadow -Wno-four-char-constants -Wno-conversion -Wno-constant-conversion -Wno-int-conversion -Wno-bool-conversion -Wno-enum-conversion -Wno-float-conversion -Wno-non-literal-null-conversion -Wno-objc-literal-conversion -Wshorten-64-to-32 -Wpointer-sign -Wno-newline-eof -Wno-selector -Wno-strict-selector-match -Wno-undeclared-selector -Wno-deprecated-implementations -Wno-implicit-fallthrough -fstrict-aliasing -Wprotocol -Wdeprecated-declarations -Wno-sign-conversion -Wno-infinite-recursion -Wno-comma -Wno-block-capture-autoreleasing -Wno-strict-prototypes -Wno-semicolon-before-method-body -index-store-path /Users/fukushimatakumi/Library/Developer/Xcode/DerivedData/SugarBeat-hgoxfxbbugxkfsbmqcjlbmjeaqyg/Index.noindex/DataStore @/Users/fukushimatakumi/Library/Developer/Xcode/DerivedData/SugarBeat-hgoxfxbbugxkfsbmqcjlbmjeaqyg/Build/Intermediates.noindex/AppAuth.build/Debug-iphonesimulator/AppAuthCore.build/Objects-normal/arm64/e6072d4f65d7061329687fe24e3d63a7-common-args.resp -include /Users/fukushimatakumi/Library/Developer/Xcode/DerivedData/SugarBeat-hgoxfxbbugxkfsbmqcjlbmjeaqyg/Build/Intermediates.noindex/AppAuth.build/Debug-iphonesimulator/AppAuthCore.build/DerivedSources/resource_bundle_accessor.h -MMD -MT dependencies -MF /Users/fukushimatakumi/Library/Developer/Xcode/DerivedData/SugarBeat-hgoxfxbbugxkfsbmqcjlbmjeaqyg/Build/Intermediates.noindex/AppAuth.build/Debug-iphonesimulator/AppAuthCore.build/Objects-normal/arm64/OIDServiceDiscovery.d --serialize-diagnostics /Users/fukushimatakumi/Library/Developer/Xcode/DerivedData/SugarBeat-hgoxfxbbugxkfsbmqcjlbmjeaqyg/Build/Intermediates.noindex/AppAuth.build/Debug-iphonesimulator/AppAuthCore.build/Objects-normal/arm64/OIDServiceDiscovery.dia -c /Users/fukushimatakumi/Library/Developer/Xcode/DerivedData/SugarBeat-hgoxfxbbugxkfsbmqcjlbmjeaqyg/SourcePackages/checkouts/AppAuth-iOS/Sources/AppAuthCore/OIDServiceDiscovery.m -o /Users/fukushimatakumi/Library/Developer/Xcode/DerivedData/SugarBeat-hgoxfxbbugxkfsbmqcjlbmjeaqyg/Build/Intermediates.noindex/AppAuth.build/Debug-iphonesimulator/AppAuthCore.build/Objects-normal/arm64/OIDServiceDiscovery.o -index-unit-output-path /AppAuth.build/Debug-iphonesimulator/AppAuthCore.build/Objects-normal/arm64/OIDServiceDiscovery.o

ScanDependencies /Users/fukushimatakumi/Library/Developer/Xcode/DerivedData/SugarBeat-hgoxfxbbugxkfsbmqcjlbmjeaqyg/Build/Intermediates.noindex/AppAuth.build/Debug-iphonesimulator/AppAuthCore.build/Objects-normal/arm64/OIDServiceConfiguration.o /Users/fukushimatakumi/Library/Developer/Xcode/DerivedData/SugarBeat-hgoxfxbbugxkfsbmqcjlbmjeaqyg/SourcePackages/checkouts/AppAuth-iOS/Sources/AppAuthCore/OIDServiceConfiguration.m normal arm64 objective-c com.apple.compilers.llvm.clang.1_0.compiler (in target 'AppAuthCore' from project 'AppAuth')
    cd /Users/fukushimatakumi/develop/sugarbeat/sugarbeat-front
    
    Using response file: /Users/fukushimatakumi/Library/Developer/Xcode/DerivedData/SugarBeat-hgoxfxbbugxkfsbmqcjlbmjeaqyg/Build/Intermediates.noindex/AppAuth.build/Debug-iphonesimulator/AppAuthCore.build/Objects-normal/arm64/e6072d4f65d7061329687fe24e3d63a7-common-args.resp
    
    builtin-ScanDependencies -o /Users/fukushimatakumi/Library/Developer/Xcode/DerivedData/SugarBeat-hgoxfxbbugxkfsbmqcjlbmjeaqyg/Build/Intermediates.noindex/AppAuth.build/Debug-iphonesimulator/AppAuthCore.build/Objects-normal/arm64/OIDServiceConfiguration.o.scan -- /Applications/Xcode.app/Contents/Developer/Toolchains/XcodeDefault.xctoolchain/usr/bin/clang -x objective-c -ivfsstatcache /Users/fukushimatakumi/Library/Developer/Xcode/DerivedData/SDKStatCaches.noindex/iphonesimulator18.4-22E235-71825a6d136aa4733edcbe86ece5525b.sdkstatcache -fmessage-length\=0 -fdiagnostics-show-note-include-stack -fmacro-backtrace-limit\=0 -fno-color-diagnostics -fmodules-prune-interval\=86400 -fmodules-prune-after\=345600 -fbuild-session-file\=/Users/fukushimatakumi/Library/Developer/Xcode/DerivedData/ModuleCache.noindex/Session.modulevalidation -fmodules-validate-once-per-build-session -Wnon-modular-include-in-framework-module -Werror\=non-modular-include-in-framework-module -Wno-trigraphs -Wno-missing-field-initializers -Wno-missing-prototypes -Wno-return-type -Wno-implicit-atomic-properties -Wno-objc-interface-ivars -Wno-arc-repeated-use-of-weak -Wno-missing-braces -Wparentheses -Wswitch -Wno-unused-function -Wno-unused-label -Wno-unused-parameter -Wno-unused-variable -Wunused-value -Wno-empty-body -Wno-uninitialized -Wno-unknown-pragmas -w -Wno-shadow -Wno-four-char-constants -Wno-conversion -Wno-constant-conversion -Wno-int-conversion -Wno-bool-conversion -Wno-enum-conversion -Wno-float-conversion -Wno-non-literal-null-conversion -Wno-objc-literal-conversion -Wshorten-64-to-32 -Wpointer-sign -Wno-newline-eof -Wno-selector -Wno-strict-selector-match -Wno-undeclared-selector -Wno-deprecated-implementations -Wno-implicit-fallthrough -fstrict-aliasing -Wprotocol -Wdeprecated-declarations -Wno-sign-conversion -Wno-infinite-recursion -Wno-comma -Wno-block-capture-autoreleasing -Wno-strict-prototypes -Wno-semicolon-before-method-body -index-store-path /Users/fukushimatakumi/Library/Developer/Xcode/DerivedData/SugarBeat-hgoxfxbbugxkfsbmqcjlbmjeaqyg/Index.noindex/DataStore @/Users/fukushimatakumi/Library/Developer/Xcode/DerivedData/SugarBeat-hgoxfxbbugxkfsbmqcjlbmjeaqyg/Build/Intermediates.noindex/AppAuth.build/Debug-iphonesimulator/AppAuthCore.build/Objects-normal/arm64/e6072d4f65d7061329687fe24e3d63a7-common-args.resp -include /Users/fukushimatakumi/Library/Developer/Xcode/DerivedData/SugarBeat-hgoxfxbbugxkfsbmqcjlbmjeaqyg/Build/Intermediates.noindex/AppAuth.build/Debug-iphonesimulator/AppAuthCore.build/DerivedSources/resource_bundle_accessor.h -MMD -MT dependencies -MF /Users/fukushimatakumi/Library/Developer/Xcode/DerivedData/SugarBeat-hgoxfxbbugxkfsbmqcjlbmjeaqyg/Build/Intermediates.noindex/AppAuth.build/Debug-iphonesimulator/AppAuthCore.build/Objects-normal/arm64/OIDServiceConfiguration.d --serialize-diagnostics /Users/fukushimatakumi/Library/Developer/Xcode/DerivedData/SugarBeat-hgoxfxbbugxkfsbmqcjlbmjeaqyg/Build/Intermediates.noindex/AppAuth.build/Debug-iphonesimulator/AppAuthCore.build/Objects-normal/arm64/OIDServiceConfiguration.dia -c /Users/fukushimatakumi/Library/Developer/Xcode/DerivedData/SugarBeat-hgoxfxbbugxkfsbmqcjlbmjeaqyg/SourcePackages/checkouts/AppAuth-iOS/Sources/AppAuthCore/OIDServiceConfiguration.m -o /Users/fukushimatakumi/Library/Developer/Xcode/DerivedData/SugarBeat-hgoxfxbbugxkfsbmqcjlbmjeaqyg/Build/Intermediates.noindex/AppAuth.build/Debug-iphonesimulator/AppAuthCore.build/Objects-normal/arm64/OIDServiceConfiguration.o -index-unit-output-path /AppAuth.build/Debug-iphonesimulator/AppAuthCore.build/Objects-normal/arm64/OIDServiceConfiguration.o

PrecompileModule /Users/fukushimatakumi/Library/Developer/Xcode/DerivedData/SugarBeat-hgoxfxbbugxkfsbmqcjlbmjeaqyg/Build/Intermediates.noindex/ExplicitPrecompiledModules/CommonCrypto-CBC038CLDR0R13GP3LER1P3YC.scan
    cd /Users/fukushimatakumi/develop/sugarbeat/sugarbeat-front
    builtin-precompileModule /Users/fukushimatakumi/Library/Developer/Xcode/DerivedData/SugarBeat-hgoxfxbbugxkfsbmqcjlbmjeaqyg/Build/Intermediates.noindex/ExplicitPrecompiledModules/CommonCrypto-CBC038CLDR0R13GP3LER1P3YC.scan

ScanDependencies /Users/fukushimatakumi/Library/Developer/Xcode/DerivedData/SugarBeat-hgoxfxbbugxkfsbmqcjlbmjeaqyg/Build/Intermediates.noindex/AppAuth.build/Debug-iphonesimulator/AppAuthCore.build/Objects-normal/arm64/OIDScopes.o /Users/fukushimatakumi/Library/Developer/Xcode/DerivedData/SugarBeat-hgoxfxbbugxkfsbmqcjlbmjeaqyg/SourcePackages/checkouts/AppAuth-iOS/Sources/AppAuthCore/OIDScopes.m normal arm64 objective-c com.apple.compilers.llvm.clang.1_0.compiler (in target 'AppAuthCore' from project 'AppAuth')
    cd /Users/fukushimatakumi/develop/sugarbeat/sugarbeat-front
    
    Using response file: /Users/fukushimatakumi/Library/Developer/Xcode/DerivedData/SugarBeat-hgoxfxbbugxkfsbmqcjlbmjeaqyg/Build/Intermediates.noindex/AppAuth.build/Debug-iphonesimulator/AppAuthCore.build/Objects-normal/arm64/e6072d4f65d7061329687fe24e3d63a7-common-args.resp
    
    builtin-ScanDependencies -o /Users/fukushimatakumi/Library/Developer/Xcode/DerivedData/SugarBeat-hgoxfxbbugxkfsbmqcjlbmjeaqyg/Build/Intermediates.noindex/AppAuth.build/Debug-iphonesimulator/AppAuthCore.build/Objects-normal/arm64/OIDScopes.o.scan -- /Applications/Xcode.app/Contents/Developer/Toolchains/XcodeDefault.xctoolchain/usr/bin/clang -x objective-c -ivfsstatcache /Users/fukushimatakumi/Library/Developer/Xcode/DerivedData/SDKStatCaches.noindex/iphonesimulator18.4-22E235-71825a6d136aa4733edcbe86ece5525b.sdkstatcache -fmessage-length\=0 -fdiagnostics-show-note-include-stack -fmacro-backtrace-limit\=0 -fno-color-diagnostics -fmodules-prune-interval\=86400 -fmodules-prune-after\=345600 -fbuild-session-file\=/Users/fukushimatakumi/Library/Developer/Xcode/DerivedData/ModuleCache.noindex/Session.modulevalidation -fmodules-validate-once-per-build-session -Wnon-modular-include-in-framework-module -Werror\=non-modular-include-in-framework-module -Wno-trigraphs -Wno-missing-field-initializers -Wno-missing-prototypes -Wno-return-type -Wno-implicit-atomic-properties -Wno-objc-interface-ivars -Wno-arc-repeated-use-of-weak -Wno-missing-braces -Wparentheses -Wswitch -Wno-unused-function -Wno-unused-label -Wno-unused-parameter -Wno-unused-variable -Wunused-value -Wno-empty-body -Wno-uninitialized -Wno-unknown-pragmas -w -Wno-shadow -Wno-four-char-constants -Wno-conversion -Wno-constant-conversion -Wno-int-conversion -Wno-bool-conversion -Wno-enum-conversion -Wno-float-conversion -Wno-non-literal-null-conversion -Wno-objc-literal-conversion -Wshorten-64-to-32 -Wpointer-sign -Wno-newline-eof -Wno-selector -Wno-strict-selector-match -Wno-undeclared-selector -Wno-deprecated-implementations -Wno-implicit-fallthrough -fstrict-aliasing -Wprotocol -Wdeprecated-declarations -Wno-sign-conversion -Wno-infinite-recursion -Wno-comma -Wno-block-capture-autoreleasing -Wno-strict-prototypes -Wno-semicolon-before-method-body -index-store-path /Users/fukushimatakumi/Library/Developer/Xcode/DerivedData/SugarBeat-hgoxfxbbugxkfsbmqcjlbmjeaqyg/Index.noindex/DataStore @/Users/fukushimatakumi/Library/Developer/Xcode/DerivedData/SugarBeat-hgoxfxbbugxkfsbmqcjlbmjeaqyg/Build/Intermediates.noindex/AppAuth.build/Debug-iphonesimulator/AppAuthCore.build/Objects-normal/arm64/e6072d4f65d7061329687fe24e3d63a7-common-args.resp -include /Users/fukushimatakumi/Library/Developer/Xcode/DerivedData/SugarBeat-hgoxfxbbugxkfsbmqcjlbmjeaqyg/Build/Intermediates.noindex/AppAuth.build/Debug-iphonesimulator/AppAuthCore.build/DerivedSources/resource_bundle_accessor.h -MMD -MT dependencies -MF /Users/fukushimatakumi/Library/Developer/Xcode/DerivedData/SugarBeat-hgoxfxbbugxkfsbmqcjlbmjeaqyg/Build/Intermediates.noindex/AppAuth.build/Debug-iphonesimulator/AppAuthCore.build/Objects-normal/arm64/OIDScopes.d --serialize-diagnostics /Users/fukushimatakumi/Library/Developer/Xcode/DerivedData/SugarBeat-hgoxfxbbugxkfsbmqcjlbmjeaqyg/Build/Intermediates.noindex/AppAuth.build/Debug-iphonesimulator/AppAuthCore.build/Objects-normal/arm64/OIDScopes.dia -c /Users/fukushimatakumi/Library/Developer/Xcode/DerivedData/SugarBeat-hgoxfxbbugxkfsbmqcjlbmjeaqyg/SourcePackages/checkouts/AppAuth-iOS/Sources/AppAuthCore/OIDScopes.m -o /Users/fukushimatakumi/Library/Developer/Xcode/DerivedData/SugarBeat-hgoxfxbbugxkfsbmqcjlbmjeaqyg/Build/Intermediates.noindex/AppAuth.build/Debug-iphonesimulator/AppAuthCore.build/Objects-normal/arm64/OIDScopes.o -index-unit-output-path /AppAuth.build/Debug-iphonesimulator/AppAuthCore.build/Objects-normal/arm64/OIDScopes.o

ScanDependencies /Users/fukushimatakumi/Library/Developer/Xcode/DerivedData/SugarBeat-hgoxfxbbugxkfsbmqcjlbmjeaqyg/Build/Intermediates.noindex/AppAuth.build/Debug-iphonesimulator/AppAuthCore.build/Objects-normal/arm64/OIDScopeUtilities.o /Users/fukushimatakumi/Library/Developer/Xcode/DerivedData/SugarBeat-hgoxfxbbugxkfsbmqcjlbmjeaqyg/SourcePackages/checkouts/AppAuth-iOS/Sources/AppAuthCore/OIDScopeUtilities.m normal arm64 objective-c com.apple.compilers.llvm.clang.1_0.compiler (in target 'AppAuthCore' from project 'AppAuth')
    cd /Users/fukushimatakumi/develop/sugarbeat/sugarbeat-front
    
    Using response file: /Users/fukushimatakumi/Library/Developer/Xcode/DerivedData/SugarBeat-hgoxfxbbugxkfsbmqcjlbmjeaqyg/Build/Intermediates.noindex/AppAuth.build/Debug-iphonesimulator/AppAuthCore.build/Objects-normal/arm64/e6072d4f65d7061329687fe24e3d63a7-common-args.resp
    
    builtin-ScanDependencies -o /Users/fukushimatakumi/Library/Developer/Xcode/DerivedData/SugarBeat-hgoxfxbbugxkfsbmqcjlbmjeaqyg/Build/Intermediates.noindex/AppAuth.build/Debug-iphonesimulator/AppAuthCore.build/Objects-normal/arm64/OIDScopeUtilities.o.scan -- /Applications/Xcode.app/Contents/Developer/Toolchains/XcodeDefault.xctoolchain/usr/bin/clang -x objective-c -ivfsstatcache /Users/fukushimatakumi/Library/Developer/Xcode/DerivedData/SDKStatCaches.noindex/iphonesimulator18.4-22E235-71825a6d136aa4733edcbe86ece5525b.sdkstatcache -fmessage-length\=0 -fdiagnostics-show-note-include-stack -fmacro-backtrace-limit\=0 -fno-color-diagnostics -fmodules-prune-interval\=86400 -fmodules-prune-after\=345600 -fbuild-session-file\=/Users/fukushimatakumi/Library/Developer/Xcode/DerivedData/ModuleCache.noindex/Session.modulevalidation -fmodules-validate-once-per-build-session -Wnon-modular-include-in-framework-module -Werror\=non-modular-include-in-framework-module -Wno-trigraphs -Wno-missing-field-initializers -Wno-missing-prototypes -Wno-return-type -Wno-implicit-atomic-properties -Wno-objc-interface-ivars -Wno-arc-repeated-use-of-weak -Wno-missing-braces -Wparentheses -Wswitch -Wno-unused-function -Wno-unused-label -Wno-unused-parameter -Wno-unused-variable -Wunused-value -Wno-empty-body -Wno-uninitialized -Wno-unknown-pragmas -w -Wno-shadow -Wno-four-char-constants -Wno-conversion -Wno-constant-conversion -Wno-int-conversion -Wno-bool-conversion -Wno-enum-conversion -Wno-float-conversion -Wno-non-literal-null-conversion -Wno-objc-literal-conversion -Wshorten-64-to-32 -Wpointer-sign -Wno-newline-eof -Wno-selector -Wno-strict-selector-match -Wno-undeclared-selector -Wno-deprecated-implementations -Wno-implicit-fallthrough -fstrict-aliasing -Wprotocol -Wdeprecated-declarations -Wno-sign-conversion -Wno-infinite-recursion -Wno-comma -Wno-block-capture-autoreleasing -Wno-strict-prototypes -Wno-semicolon-before-method-body -index-store-path /Users/fukushimatakumi/Library/Developer/Xcode/DerivedData/SugarBeat-hgoxfxbbugxkfsbmqcjlbmjeaqyg/Index.noindex/DataStore @/Users/fukushimatakumi/Library/Developer/Xcode/DerivedData/SugarBeat-hgoxfxbbugxkfsbmqcjlbmjeaqyg/Build/Intermediates.noindex/AppAuth.build/Debug-iphonesimulator/AppAuthCore.build/Objects-normal/arm64/e6072d4f65d7061329687fe24e3d63a7-common-args.resp -include /Users/fukushimatakumi/Library/Developer/Xcode/DerivedData/SugarBeat-hgoxfxbbugxkfsbmqcjlbmjeaqyg/Build/Intermediates.noindex/AppAuth.build/Debug-iphonesimulator/AppAuthCore.build/DerivedSources/resource_bundle_accessor.h -MMD -MT dependencies -MF /Users/fukushimatakumi/Library/Developer/Xcode/DerivedData/SugarBeat-hgoxfxbbugxkfsbmqcjlbmjeaqyg/Build/Intermediates.noindex/AppAuth.build/Debug-iphonesimulator/AppAuthCore.build/Objects-normal/arm64/OIDScopeUtilities.d --serialize-diagnostics /Users/fukushimatakumi/Library/Developer/Xcode/DerivedData/SugarBeat-hgoxfxbbugxkfsbmqcjlbmjeaqyg/Build/Intermediates.noindex/AppAuth.build/Debug-iphonesimulator/AppAuthCore.build/Objects-normal/arm64/OIDScopeUtilities.dia -c /Users/fukushimatakumi/Library/Developer/Xcode/DerivedData/SugarBeat-hgoxfxbbugxkfsbmqcjlbmjeaqyg/SourcePackages/checkouts/AppAuth-iOS/Sources/AppAuthCore/OIDScopeUtilities.m -o /Users/fukushimatakumi/Library/Developer/Xcode/DerivedData/SugarBeat-hgoxfxbbugxkfsbmqcjlbmjeaqyg/Build/Intermediates.noindex/AppAuth.build/Debug-iphonesimulator/AppAuthCore.build/Objects-normal/arm64/OIDScopeUtilities.o -index-unit-output-path /AppAuth.build/Debug-iphonesimulator/AppAuthCore.build/Objects-normal/arm64/OIDScopeUtilities.o

ScanDependencies /Users/fukushimatakumi/Library/Developer/Xcode/DerivedData/SugarBeat-hgoxfxbbugxkfsbmqcjlbmjeaqyg/Build/Intermediates.noindex/AppAuth.build/Debug-iphonesimulator/AppAuthCore.build/Objects-normal/arm64/OIDResponseTypes.o /Users/fukushimatakumi/Library/Developer/Xcode/DerivedData/SugarBeat-hgoxfxbbugxkfsbmqcjlbmjeaqyg/SourcePackages/checkouts/AppAuth-iOS/Sources/AppAuthCore/OIDResponseTypes.m normal arm64 objective-c com.apple.compilers.llvm.clang.1_0.compiler (in target 'AppAuthCore' from project 'AppAuth')
    cd /Users/fukushimatakumi/develop/sugarbeat/sugarbeat-front
    
    Using response file: /Users/fukushimatakumi/Library/Developer/Xcode/DerivedData/SugarBeat-hgoxfxbbugxkfsbmqcjlbmjeaqyg/Build/Intermediates.noindex/AppAuth.build/Debug-iphonesimulator/AppAuthCore.build/Objects-normal/arm64/e6072d4f65d7061329687fe24e3d63a7-common-args.resp
    
    builtin-ScanDependencies -o /Users/fukushimatakumi/Library/Developer/Xcode/DerivedData/SugarBeat-hgoxfxbbugxkfsbmqcjlbmjeaqyg/Build/Intermediates.noindex/AppAuth.build/Debug-iphonesimulator/AppAuthCore.build/Objects-normal/arm64/OIDResponseTypes.o.scan -- /Applications/Xcode.app/Contents/Developer/Toolchains/XcodeDefault.xctoolchain/usr/bin/clang -x objective-c -ivfsstatcache /Users/fukushimatakumi/Library/Developer/Xcode/DerivedData/SDKStatCaches.noindex/iphonesimulator18.4-22E235-71825a6d136aa4733edcbe86ece5525b.sdkstatcache -fmessage-length\=0 -fdiagnostics-show-note-include-stack -fmacro-backtrace-limit\=0 -fno-color-diagnostics -fmodules-prune-interval\=86400 -fmodules-prune-after\=345600 -fbuild-session-file\=/Users/fukushimatakumi/Library/Developer/Xcode/DerivedData/ModuleCache.noindex/Session.modulevalidation -fmodules-validate-once-per-build-session -Wnon-modular-include-in-framework-module -Werror\=non-modular-include-in-framework-module -Wno-trigraphs -Wno-missing-field-initializers -Wno-missing-prototypes -Wno-return-type -Wno-implicit-atomic-properties -Wno-objc-interface-ivars -Wno-arc-repeated-use-of-weak -Wno-missing-braces -Wparentheses -Wswitch -Wno-unused-function -Wno-unused-label -Wno-unused-parameter -Wno-unused-variable -Wunused-value -Wno-empty-body -Wno-uninitialized -Wno-unknown-pragmas -w -Wno-shadow -Wno-four-char-constants -Wno-conversion -Wno-constant-conversion -Wno-int-conversion -Wno-bool-conversion -Wno-enum-conversion -Wno-float-conversion -Wno-non-literal-null-conversion -Wno-objc-literal-conversion -Wshorten-64-to-32 -Wpointer-sign -Wno-newline-eof -Wno-selector -Wno-strict-selector-match -Wno-undeclared-selector -Wno-deprecated-implementations -Wno-implicit-fallthrough -fstrict-aliasing -Wprotocol -Wdeprecated-declarations -Wno-sign-conversion -Wno-infinite-recursion -Wno-comma -Wno-block-capture-autoreleasing -Wno-strict-prototypes -Wno-semicolon-before-method-body -index-store-path /Users/fukushimatakumi/Library/Developer/Xcode/DerivedData/SugarBeat-hgoxfxbbugxkfsbmqcjlbmjeaqyg/Index.noindex/DataStore @/Users/fukushimatakumi/Library/Developer/Xcode/DerivedData/SugarBeat-hgoxfxbbugxkfsbmqcjlbmjeaqyg/Build/Intermediates.noindex/AppAuth.build/Debug-iphonesimulator/AppAuthCore.build/Objects-normal/arm64/e6072d4f65d7061329687fe24e3d63a7-common-args.resp -include /Users/fukushimatakumi/Library/Developer/Xcode/DerivedData/SugarBeat-hgoxfxbbugxkfsbmqcjlbmjeaqyg/Build/Intermediates.noindex/AppAuth.build/Debug-iphonesimulator/AppAuthCore.build/DerivedSources/resource_bundle_accessor.h -MMD -MT dependencies -MF /Users/fukushimatakumi/Library/Developer/Xcode/DerivedData/SugarBeat-hgoxfxbbugxkfsbmqcjlbmjeaqyg/Build/Intermediates.noindex/AppAuth.build/Debug-iphonesimulator/AppAuthCore.build/Objects-normal/arm64/OIDResponseTypes.d --serialize-diagnostics /Users/fukushimatakumi/Library/Developer/Xcode/DerivedData/SugarBeat-hgoxfxbbugxkfsbmqcjlbmjeaqyg/Build/Intermediates.noindex/AppAuth.build/Debug-iphonesimulator/AppAuthCore.build/Objects-normal/arm64/OIDResponseTypes.dia -c /Users/fukushimatakumi/Library/Developer/Xcode/DerivedData/SugarBeat-hgoxfxbbugxkfsbmqcjlbmjeaqyg/SourcePackages/checkouts/AppAuth-iOS/Sources/AppAuthCore/OIDResponseTypes.m -o /Users/fukushimatakumi/Library/Developer/Xcode/DerivedData/SugarBeat-hgoxfxbbugxkfsbmqcjlbmjeaqyg/Build/Intermediates.noindex/AppAuth.build/Debug-iphonesimulator/AppAuthCore.build/Objects-normal/arm64/OIDResponseTypes.o -index-unit-output-path /AppAuth.build/Debug-iphonesimulator/AppAuthCore.build/Objects-normal/arm64/OIDResponseTypes.o

ScanDependencies /Users/fukushimatakumi/Library/Developer/Xcode/DerivedData/SugarBeat-hgoxfxbbugxkfsbmqcjlbmjeaqyg/Build/Intermediates.noindex/AppAuth.build/Debug-iphonesimulator/AppAuthCore.build/Objects-normal/arm64/OIDRegistrationResponse.o /Users/fukushimatakumi/Library/Developer/Xcode/DerivedData/SugarBeat-hgoxfxbbugxkfsbmqcjlbmjeaqyg/SourcePackages/checkouts/AppAuth-iOS/Sources/AppAuthCore/OIDRegistrationResponse.m normal arm64 objective-c com.apple.compilers.llvm.clang.1_0.compiler (in target 'AppAuthCore' from project 'AppAuth')
    cd /Users/fukushimatakumi/develop/sugarbeat/sugarbeat-front
    
    Using response file: /Users/fukushimatakumi/Library/Developer/Xcode/DerivedData/SugarBeat-hgoxfxbbugxkfsbmqcjlbmjeaqyg/Build/Intermediates.noindex/AppAuth.build/Debug-iphonesimulator/AppAuthCore.build/Objects-normal/arm64/e6072d4f65d7061329687fe24e3d63a7-common-args.resp
    
    builtin-ScanDependencies -o /Users/fukushimatakumi/Library/Developer/Xcode/DerivedData/SugarBeat-hgoxfxbbugxkfsbmqcjlbmjeaqyg/Build/Intermediates.noindex/AppAuth.build/Debug-iphonesimulator/AppAuthCore.build/Objects-normal/arm64/OIDRegistrationResponse.o.scan -- /Applications/Xcode.app/Contents/Developer/Toolchains/XcodeDefault.xctoolchain/usr/bin/clang -x objective-c -ivfsstatcache /Users/fukushimatakumi/Library/Developer/Xcode/DerivedData/SDKStatCaches.noindex/iphonesimulator18.4-22E235-71825a6d136aa4733edcbe86ece5525b.sdkstatcache -fmessage-length\=0 -fdiagnostics-show-note-include-stack -fmacro-backtrace-limit\=0 -fno-color-diagnostics -fmodules-prune-interval\=86400 -fmodules-prune-after\=345600 -fbuild-session-file\=/Users/fukushimatakumi/Library/Developer/Xcode/DerivedData/ModuleCache.noindex/Session.modulevalidation -fmodules-validate-once-per-build-session -Wnon-modular-include-in-framework-module -Werror\=non-modular-include-in-framework-module -Wno-trigraphs -Wno-missing-field-initializers -Wno-missing-prototypes -Wno-return-type -Wno-implicit-atomic-properties -Wno-objc-interface-ivars -Wno-arc-repeated-use-of-weak -Wno-missing-braces -Wparentheses -Wswitch -Wno-unused-function -Wno-unused-label -Wno-unused-parameter -Wno-unused-variable -Wunused-value -Wno-empty-body -Wno-uninitialized -Wno-unknown-pragmas -w -Wno-shadow -Wno-four-char-constants -Wno-conversion -Wno-constant-conversion -Wno-int-conversion -Wno-bool-conversion -Wno-enum-conversion -Wno-float-conversion -Wno-non-literal-null-conversion -Wno-objc-literal-conversion -Wshorten-64-to-32 -Wpointer-sign -Wno-newline-eof -Wno-selector -Wno-strict-selector-match -Wno-undeclared-selector -Wno-deprecated-implementations -Wno-implicit-fallthrough -fstrict-aliasing -Wprotocol -Wdeprecated-declarations -Wno-sign-conversion -Wno-infinite-recursion -Wno-comma -Wno-block-capture-autoreleasing -Wno-strict-prototypes -Wno-semicolon-before-method-body -index-store-path /Users/fukushimatakumi/Library/Developer/Xcode/DerivedData/SugarBeat-hgoxfxbbugxkfsbmqcjlbmjeaqyg/Index.noindex/DataStore @/Users/fukushimatakumi/Library/Developer/Xcode/DerivedData/SugarBeat-hgoxfxbbugxkfsbmqcjlbmjeaqyg/Build/Intermediates.noindex/AppAuth.build/Debug-iphonesimulator/AppAuthCore.build/Objects-normal/arm64/e6072d4f65d7061329687fe24e3d63a7-common-args.resp -include /Users/fukushimatakumi/Library/Developer/Xcode/DerivedData/SugarBeat-hgoxfxbbugxkfsbmqcjlbmjeaqyg/Build/Intermediates.noindex/AppAuth.build/Debug-iphonesimulator/AppAuthCore.build/DerivedSources/resource_bundle_accessor.h -MMD -MT dependencies -MF /Users/fukushimatakumi/Library/Developer/Xcode/DerivedData/SugarBeat-hgoxfxbbugxkfsbmqcjlbmjeaqyg/Build/Intermediates.noindex/AppAuth.build/Debug-iphonesimulator/AppAuthCore.build/Objects-normal/arm64/OIDRegistrationResponse.d --serialize-diagnostics /Users/fukushimatakumi/Library/Developer/Xcode/DerivedData/SugarBeat-hgoxfxbbugxkfsbmqcjlbmjeaqyg/Build/Intermediates.noindex/AppAuth.build/Debug-iphonesimulator/AppAuthCore.build/Objects-normal/arm64/OIDRegistrationResponse.dia -c /Users/fukushimatakumi/Library/Developer/Xcode/DerivedData/SugarBeat-hgoxfxbbugxkfsbmqcjlbmjeaqyg/SourcePackages/checkouts/AppAuth-iOS/Sources/AppAuthCore/OIDRegistrationResponse.m -o /Users/fukushimatakumi/Library/Developer/Xcode/DerivedData/SugarBeat-hgoxfxbbugxkfsbmqcjlbmjeaqyg/Build/Intermediates.noindex/AppAuth.build/Debug-iphonesimulator/AppAuthCore.build/Objects-normal/arm64/OIDRegistrationResponse.o -index-unit-output-path /AppAuth.build/Debug-iphonesimulator/AppAuthCore.build/Objects-normal/arm64/OIDRegistrationResponse.o

PrecompileModule /Users/fukushimatakumi/Library/Developer/Xcode/DerivedData/SugarBeat-hgoxfxbbugxkfsbmqcjlbmjeaqyg/Build/Intermediates.noindex/ExplicitPrecompiledModules/os_workgroup-22L5EW9H6RFHDMYATYOM5ZLQG.scan
    cd /Users/fukushimatakumi/develop/sugarbeat/sugarbeat-front
    builtin-precompileModule /Users/fukushimatakumi/Library/Developer/Xcode/DerivedData/SugarBeat-hgoxfxbbugxkfsbmqcjlbmjeaqyg/Build/Intermediates.noindex/ExplicitPrecompiledModules/os_workgroup-22L5EW9H6RFHDMYATYOM5ZLQG.scan

PrecompileModule /Users/fukushimatakumi/Library/Developer/Xcode/DerivedData/SugarBeat-hgoxfxbbugxkfsbmqcjlbmjeaqyg/Build/Intermediates.noindex/ExplicitPrecompiledModules/os_object-97IJP0BAKV7J2K9BXEZ5ZNGT7.scan
    cd /Users/fukushimatakumi/develop/sugarbeat/sugarbeat-front
    builtin-precompileModule /Users/fukushimatakumi/Library/Developer/Xcode/DerivedData/SugarBeat-hgoxfxbbugxkfsbmqcjlbmjeaqyg/Build/Intermediates.noindex/ExplicitPrecompiledModules/os_object-97IJP0BAKV7J2K9BXEZ5ZNGT7.scan

ScanDependencies /Users/fukushimatakumi/Library/Developer/Xcode/DerivedData/SugarBeat-hgoxfxbbugxkfsbmqcjlbmjeaqyg/Build/Intermediates.noindex/AppAuth.build/Debug-iphonesimulator/AppAuthCore.build/Objects-normal/arm64/OIDRegistrationRequest.o /Users/fukushimatakumi/Library/Developer/Xcode/DerivedData/SugarBeat-hgoxfxbbugxkfsbmqcjlbmjeaqyg/SourcePackages/checkouts/AppAuth-iOS/Sources/AppAuthCore/OIDRegistrationRequest.m normal arm64 objective-c com.apple.compilers.llvm.clang.1_0.compiler (in target 'AppAuthCore' from project 'AppAuth')
    cd /Users/fukushimatakumi/develop/sugarbeat/sugarbeat-front
    
    Using response file: /Users/fukushimatakumi/Library/Developer/Xcode/DerivedData/SugarBeat-hgoxfxbbugxkfsbmqcjlbmjeaqyg/Build/Intermediates.noindex/AppAuth.build/Debug-iphonesimulator/AppAuthCore.build/Objects-normal/arm64/e6072d4f65d7061329687fe24e3d63a7-common-args.resp
    
    builtin-ScanDependencies -o /Users/fukushimatakumi/Library/Developer/Xcode/DerivedData/SugarBeat-hgoxfxbbugxkfsbmqcjlbmjeaqyg/Build/Intermediates.noindex/AppAuth.build/Debug-iphonesimulator/AppAuthCore.build/Objects-normal/arm64/OIDRegistrationRequest.o.scan -- /Applications/Xcode.app/Contents/Developer/Toolchains/XcodeDefault.xctoolchain/usr/bin/clang -x objective-c -ivfsstatcache /Users/fukushimatakumi/Library/Developer/Xcode/DerivedData/SDKStatCaches.noindex/iphonesimulator18.4-22E235-71825a6d136aa4733edcbe86ece5525b.sdkstatcache -fmessage-length\=0 -fdiagnostics-show-note-include-stack -fmacro-backtrace-limit\=0 -fno-color-diagnostics -fmodules-prune-interval\=86400 -fmodules-prune-after\=345600 -fbuild-session-file\=/Users/fukushimatakumi/Library/Developer/Xcode/DerivedData/ModuleCache.noindex/Session.modulevalidation -fmodules-validate-once-per-build-session -Wnon-modular-include-in-framework-module -Werror\=non-modular-include-in-framework-module -Wno-trigraphs -Wno-missing-field-initializers -Wno-missing-prototypes -Wno-return-type -Wno-implicit-atomic-properties -Wno-objc-interface-ivars -Wno-arc-repeated-use-of-weak -Wno-missing-braces -Wparentheses -Wswitch -Wno-unused-function -Wno-unused-label -Wno-unused-parameter -Wno-unused-variable -Wunused-value -Wno-empty-body -Wno-uninitialized -Wno-unknown-pragmas -w -Wno-shadow -Wno-four-char-constants -Wno-conversion -Wno-constant-conversion -Wno-int-conversion -Wno-bool-conversion -Wno-enum-conversion -Wno-float-conversion -Wno-non-literal-null-conversion -Wno-objc-literal-conversion -Wshorten-64-to-32 -Wpointer-sign -Wno-newline-eof -Wno-selector -Wno-strict-selector-match -Wno-undeclared-selector -Wno-deprecated-implementations -Wno-implicit-fallthrough -fstrict-aliasing -Wprotocol -Wdeprecated-declarations -Wno-sign-conversion -Wno-infinite-recursion -Wno-comma -Wno-block-capture-autoreleasing -Wno-strict-prototypes -Wno-semicolon-before-method-body -index-store-path /Users/fukushimatakumi/Library/Developer/Xcode/DerivedData/SugarBeat-hgoxfxbbugxkfsbmqcjlbmjeaqyg/Index.noindex/DataStore @/Users/fukushimatakumi/Library/Developer/Xcode/DerivedData/SugarBeat-hgoxfxbbugxkfsbmqcjlbmjeaqyg/Build/Intermediates.noindex/AppAuth.build/Debug-iphonesimulator/AppAuthCore.build/Objects-normal/arm64/e6072d4f65d7061329687fe24e3d63a7-common-args.resp -include /Users/fukushimatakumi/Library/Developer/Xcode/DerivedData/SugarBeat-hgoxfxbbugxkfsbmqcjlbmjeaqyg/Build/Intermediates.noindex/AppAuth.build/Debug-iphonesimulator/AppAuthCore.build/DerivedSources/resource_bundle_accessor.h -MMD -MT dependencies -MF /Users/fukushimatakumi/Library/Developer/Xcode/DerivedData/SugarBeat-hgoxfxbbugxkfsbmqcjlbmjeaqyg/Build/Intermediates.noindex/AppAuth.build/Debug-iphonesimulator/AppAuthCore.build/Objects-normal/arm64/OIDRegistrationRequest.d --serialize-diagnostics /Users/fukushimatakumi/Library/Developer/Xcode/DerivedData/SugarBeat-hgoxfxbbugxkfsbmqcjlbmjeaqyg/Build/Intermediates.noindex/AppAuth.build/Debug-iphonesimulator/AppAuthCore.build/Objects-normal/arm64/OIDRegistrationRequest.dia -c /Users/fukushimatakumi/Library/Developer/Xcode/DerivedData/SugarBeat-hgoxfxbbugxkfsbmqcjlbmjeaqyg/SourcePackages/checkouts/AppAuth-iOS/Sources/AppAuthCore/OIDRegistrationRequest.m -o /Users/fukushimatakumi/Library/Developer/Xcode/DerivedData/SugarBeat-hgoxfxbbugxkfsbmqcjlbmjeaqyg/Build/Intermediates.noindex/AppAuth.build/Debug-iphonesimulator/AppAuthCore.build/Objects-normal/arm64/OIDRegistrationRequest.o -index-unit-output-path /AppAuth.build/Debug-iphonesimulator/AppAuthCore.build/Objects-normal/arm64/OIDRegistrationRequest.o

ScanDependencies /Users/fukushimatakumi/Library/Developer/Xcode/DerivedData/SugarBeat-hgoxfxbbugxkfsbmqcjlbmjeaqyg/Build/Intermediates.noindex/AppAuth.build/Debug-iphonesimulator/AppAuthCore.build/Objects-normal/arm64/OIDIDToken.o /Users/fukushimatakumi/Library/Developer/Xcode/DerivedData/SugarBeat-hgoxfxbbugxkfsbmqcjlbmjeaqyg/SourcePackages/checkouts/AppAuth-iOS/Sources/AppAuthCore/OIDIDToken.m normal arm64 objective-c com.apple.compilers.llvm.clang.1_0.compiler (in target 'AppAuthCore' from project 'AppAuth')
    cd /Users/fukushimatakumi/develop/sugarbeat/sugarbeat-front
    
    Using response file: /Users/fukushimatakumi/Library/Developer/Xcode/DerivedData/SugarBeat-hgoxfxbbugxkfsbmqcjlbmjeaqyg/Build/Intermediates.noindex/AppAuth.build/Debug-iphonesimulator/AppAuthCore.build/Objects-normal/arm64/e6072d4f65d7061329687fe24e3d63a7-common-args.resp
    
    builtin-ScanDependencies -o /Users/fukushimatakumi/Library/Developer/Xcode/DerivedData/SugarBeat-hgoxfxbbugxkfsbmqcjlbmjeaqyg/Build/Intermediates.noindex/AppAuth.build/Debug-iphonesimulator/AppAuthCore.build/Objects-normal/arm64/OIDIDToken.o.scan -- /Applications/Xcode.app/Contents/Developer/Toolchains/XcodeDefault.xctoolchain/usr/bin/clang -x objective-c -ivfsstatcache /Users/fukushimatakumi/Library/Developer/Xcode/DerivedData/SDKStatCaches.noindex/iphonesimulator18.4-22E235-71825a6d136aa4733edcbe86ece5525b.sdkstatcache -fmessage-length\=0 -fdiagnostics-show-note-include-stack -fmacro-backtrace-limit\=0 -fno-color-diagnostics -fmodules-prune-interval\=86400 -fmodules-prune-after\=345600 -fbuild-session-file\=/Users/fukushimatakumi/Library/Developer/Xcode/DerivedData/ModuleCache.noindex/Session.modulevalidation -fmodules-validate-once-per-build-session -Wnon-modular-include-in-framework-module -Werror\=non-modular-include-in-framework-module -Wno-trigraphs -Wno-missing-field-initializers -Wno-missing-prototypes -Wno-return-type -Wno-implicit-atomic-properties -Wno-objc-interface-ivars -Wno-arc-repeated-use-of-weak -Wno-missing-braces -Wparentheses -Wswitch -Wno-unused-function -Wno-unused-label -Wno-unused-parameter -Wno-unused-variable -Wunused-value -Wno-empty-body -Wno-uninitialized -Wno-unknown-pragmas -w -Wno-shadow -Wno-four-char-constants -Wno-conversion -Wno-constant-conversion -Wno-int-conversion -Wno-bool-conversion -Wno-enum-conversion -Wno-float-conversion -Wno-non-literal-null-conversion -Wno-objc-literal-conversion -Wshorten-64-to-32 -Wpointer-sign -Wno-newline-eof -Wno-selector -Wno-strict-selector-match -Wno-undeclared-selector -Wno-deprecated-implementations -Wno-implicit-fallthrough -fstrict-aliasing -Wprotocol -Wdeprecated-declarations -Wno-sign-conversion -Wno-infinite-recursion -Wno-comma -Wno-block-capture-autoreleasing -Wno-strict-prototypes -Wno-semicolon-before-method-body -index-store-path /Users/fukushimatakumi/Library/Developer/Xcode/DerivedData/SugarBeat-hgoxfxbbugxkfsbmqcjlbmjeaqyg/Index.noindex/DataStore @/Users/fukushimatakumi/Library/Developer/Xcode/DerivedData/SugarBeat-hgoxfxbbugxkfsbmqcjlbmjeaqyg/Build/Intermediates.noindex/AppAuth.build/Debug-iphonesimulator/AppAuthCore.build/Objects-normal/arm64/e6072d4f65d7061329687fe24e3d63a7-common-args.resp -include /Users/fukushimatakumi/Library/Developer/Xcode/DerivedData/SugarBeat-hgoxfxbbugxkfsbmqcjlbmjeaqyg/Build/Intermediates.noindex/AppAuth.build/Debug-iphonesimulator/AppAuthCore.build/DerivedSources/resource_bundle_accessor.h -MMD -MT dependencies -MF /Users/fukushimatakumi/Library/Developer/Xcode/DerivedData/SugarBeat-hgoxfxbbugxkfsbmqcjlbmjeaqyg/Build/Intermediates.noindex/AppAuth.build/Debug-iphonesimulator/AppAuthCore.build/Objects-normal/arm64/OIDIDToken.d --serialize-diagnostics /Users/fukushimatakumi/Library/Developer/Xcode/DerivedData/SugarBeat-hgoxfxbbugxkfsbmqcjlbmjeaqyg/Build/Intermediates.noindex/AppAuth.build/Debug-iphonesimulator/AppAuthCore.build/Objects-normal/arm64/OIDIDToken.dia -c /Users/fukushimatakumi/Library/Developer/Xcode/DerivedData/SugarBeat-hgoxfxbbugxkfsbmqcjlbmjeaqyg/SourcePackages/checkouts/AppAuth-iOS/Sources/AppAuthCore/OIDIDToken.m -o /Users/fukushimatakumi/Library/Developer/Xcode/DerivedData/SugarBeat-hgoxfxbbugxkfsbmqcjlbmjeaqyg/Build/Intermediates.noindex/AppAuth.build/Debug-iphonesimulator/AppAuthCore.build/Objects-normal/arm64/OIDIDToken.o -index-unit-output-path /AppAuth.build/Debug-iphonesimulator/AppAuthCore.build/Objects-normal/arm64/OIDIDToken.o

ScanDependencies /Users/fukushimatakumi/Library/Developer/Xcode/DerivedData/SugarBeat-hgoxfxbbugxkfsbmqcjlbmjeaqyg/Build/Intermediates.noindex/AppAuth.build/Debug-iphonesimulator/AppAuthCore.build/Objects-normal/arm64/OIDGrantTypes.o /Users/fukushimatakumi/Library/Developer/Xcode/DerivedData/SugarBeat-hgoxfxbbugxkfsbmqcjlbmjeaqyg/SourcePackages/checkouts/AppAuth-iOS/Sources/AppAuthCore/OIDGrantTypes.m normal arm64 objective-c com.apple.compilers.llvm.clang.1_0.compiler (in target 'AppAuthCore' from project 'AppAuth')
    cd /Users/fukushimatakumi/develop/sugarbeat/sugarbeat-front
    
    Using response file: /Users/fukushimatakumi/Library/Developer/Xcode/DerivedData/SugarBeat-hgoxfxbbugxkfsbmqcjlbmjeaqyg/Build/Intermediates.noindex/AppAuth.build/Debug-iphonesimulator/AppAuthCore.build/Objects-normal/arm64/e6072d4f65d7061329687fe24e3d63a7-common-args.resp
    
    builtin-ScanDependencies -o /Users/fukushimatakumi/Library/Developer/Xcode/DerivedData/SugarBeat-hgoxfxbbugxkfsbmqcjlbmjeaqyg/Build/Intermediates.noindex/AppAuth.build/Debug-iphonesimulator/AppAuthCore.build/Objects-normal/arm64/OIDGrantTypes.o.scan -- /Applications/Xcode.app/Contents/Developer/Toolchains/XcodeDefault.xctoolchain/usr/bin/clang -x objective-c -ivfsstatcache /Users/fukushimatakumi/Library/Developer/Xcode/DerivedData/SDKStatCaches.noindex/iphonesimulator18.4-22E235-71825a6d136aa4733edcbe86ece5525b.sdkstatcache -fmessage-length\=0 -fdiagnostics-show-note-include-stack -fmacro-backtrace-limit\=0 -fno-color-diagnostics -fmodules-prune-interval\=86400 -fmodules-prune-after\=345600 -fbuild-session-file\=/Users/fukushimatakumi/Library/Developer/Xcode/DerivedData/ModuleCache.noindex/Session.modulevalidation -fmodules-validate-once-per-build-session -Wnon-modular-include-in-framework-module -Werror\=non-modular-include-in-framework-module -Wno-trigraphs -Wno-missing-field-initializers -Wno-missing-prototypes -Wno-return-type -Wno-implicit-atomic-properties -Wno-objc-interface-ivars -Wno-arc-repeated-use-of-weak -Wno-missing-braces -Wparentheses -Wswitch -Wno-unused-function -Wno-unused-label -Wno-unused-parameter -Wno-unused-variable -Wunused-value -Wno-empty-body -Wno-uninitialized -Wno-unknown-pragmas -w -Wno-shadow -Wno-four-char-constants -Wno-conversion -Wno-constant-conversion -Wno-int-conversion -Wno-bool-conversion -Wno-enum-conversion -Wno-float-conversion -Wno-non-literal-null-conversion -Wno-objc-literal-conversion -Wshorten-64-to-32 -Wpointer-sign -Wno-newline-eof -Wno-selector -Wno-strict-selector-match -Wno-undeclared-selector -Wno-deprecated-implementations -Wno-implicit-fallthrough -fstrict-aliasing -Wprotocol -Wdeprecated-declarations -Wno-sign-conversion -Wno-infinite-recursion -Wno-comma -Wno-block-capture-autoreleasing -Wno-strict-prototypes -Wno-semicolon-before-method-body -index-store-path /Users/fukushimatakumi/Library/Developer/Xcode/DerivedData/SugarBeat-hgoxfxbbugxkfsbmqcjlbmjeaqyg/Index.noindex/DataStore @/Users/fukushimatakumi/Library/Developer/Xcode/DerivedData/SugarBeat-hgoxfxbbugxkfsbmqcjlbmjeaqyg/Build/Intermediates.noindex/AppAuth.build/Debug-iphonesimulator/AppAuthCore.build/Objects-normal/arm64/e6072d4f65d7061329687fe24e3d63a7-common-args.resp -include /Users/fukushimatakumi/Library/Developer/Xcode/DerivedData/SugarBeat-hgoxfxbbugxkfsbmqcjlbmjeaqyg/Build/Intermediates.noindex/AppAuth.build/Debug-iphonesimulator/AppAuthCore.build/DerivedSources/resource_bundle_accessor.h -MMD -MT dependencies -MF /Users/fukushimatakumi/Library/Developer/Xcode/DerivedData/SugarBeat-hgoxfxbbugxkfsbmqcjlbmjeaqyg/Build/Intermediates.noindex/AppAuth.build/Debug-iphonesimulator/AppAuthCore.build/Objects-normal/arm64/OIDGrantTypes.d --serialize-diagnostics /Users/fukushimatakumi/Library/Developer/Xcode/DerivedData/SugarBeat-hgoxfxbbugxkfsbmqcjlbmjeaqyg/Build/Intermediates.noindex/AppAuth.build/Debug-iphonesimulator/AppAuthCore.build/Objects-normal/arm64/OIDGrantTypes.dia -c /Users/fukushimatakumi/Library/Developer/Xcode/DerivedData/SugarBeat-hgoxfxbbugxkfsbmqcjlbmjeaqyg/SourcePackages/checkouts/AppAuth-iOS/Sources/AppAuthCore/OIDGrantTypes.m -o /Users/fukushimatakumi/Library/Developer/Xcode/DerivedData/SugarBeat-hgoxfxbbugxkfsbmqcjlbmjeaqyg/Build/Intermediates.noindex/AppAuth.build/Debug-iphonesimulator/AppAuthCore.build/Objects-normal/arm64/OIDGrantTypes.o -index-unit-output-path /AppAuth.build/Debug-iphonesimulator/AppAuthCore.build/Objects-normal/arm64/OIDGrantTypes.o

ScanDependencies /Users/fukushimatakumi/Library/Developer/Xcode/DerivedData/SugarBeat-hgoxfxbbugxkfsbmqcjlbmjeaqyg/Build/Intermediates.noindex/AppAuth.build/Debug-iphonesimulator/AppAuthCore.build/Objects-normal/arm64/OIDFieldMapping.o /Users/fukushimatakumi/Library/Developer/Xcode/DerivedData/SugarBeat-hgoxfxbbugxkfsbmqcjlbmjeaqyg/SourcePackages/checkouts/AppAuth-iOS/Sources/AppAuthCore/OIDFieldMapping.m normal arm64 objective-c com.apple.compilers.llvm.clang.1_0.compiler (in target 'AppAuthCore' from project 'AppAuth')
    cd /Users/fukushimatakumi/develop/sugarbeat/sugarbeat-front
    
    Using response file: /Users/fukushimatakumi/Library/Developer/Xcode/DerivedData/SugarBeat-hgoxfxbbugxkfsbmqcjlbmjeaqyg/Build/Intermediates.noindex/AppAuth.build/Debug-iphonesimulator/AppAuthCore.build/Objects-normal/arm64/e6072d4f65d7061329687fe24e3d63a7-common-args.resp
    
    builtin-ScanDependencies -o /Users/fukushimatakumi/Library/Developer/Xcode/DerivedData/SugarBeat-hgoxfxbbugxkfsbmqcjlbmjeaqyg/Build/Intermediates.noindex/AppAuth.build/Debug-iphonesimulator/AppAuthCore.build/Objects-normal/arm64/OIDFieldMapping.o.scan -- /Applications/Xcode.app/Contents/Developer/Toolchains/XcodeDefault.xctoolchain/usr/bin/clang -x objective-c -ivfsstatcache /Users/fukushimatakumi/Library/Developer/Xcode/DerivedData/SDKStatCaches.noindex/iphonesimulator18.4-22E235-71825a6d136aa4733edcbe86ece5525b.sdkstatcache -fmessage-length\=0 -fdiagnostics-show-note-include-stack -fmacro-backtrace-limit\=0 -fno-color-diagnostics -fmodules-prune-interval\=86400 -fmodules-prune-after\=345600 -fbuild-session-file\=/Users/fukushimatakumi/Library/Developer/Xcode/DerivedData/ModuleCache.noindex/Session.modulevalidation -fmodules-validate-once-per-build-session -Wnon-modular-include-in-framework-module -Werror\=non-modular-include-in-framework-module -Wno-trigraphs -Wno-missing-field-initializers -Wno-missing-prototypes -Wno-return-type -Wno-implicit-atomic-properties -Wno-objc-interface-ivars -Wno-arc-repeated-use-of-weak -Wno-missing-braces -Wparentheses -Wswitch -Wno-unused-function -Wno-unused-label -Wno-unused-parameter -Wno-unused-variable -Wunused-value -Wno-empty-body -Wno-uninitialized -Wno-unknown-pragmas -w -Wno-shadow -Wno-four-char-constants -Wno-conversion -Wno-constant-conversion -Wno-int-conversion -Wno-bool-conversion -Wno-enum-conversion -Wno-float-conversion -Wno-non-literal-null-conversion -Wno-objc-literal-conversion -Wshorten-64-to-32 -Wpointer-sign -Wno-newline-eof -Wno-selector -Wno-strict-selector-match -Wno-undeclared-selector -Wno-deprecated-implementations -Wno-implicit-fallthrough -fstrict-aliasing -Wprotocol -Wdeprecated-declarations -Wno-sign-conversion -Wno-infinite-recursion -Wno-comma -Wno-block-capture-autoreleasing -Wno-strict-prototypes -Wno-semicolon-before-method-body -index-store-path /Users/fukushimatakumi/Library/Developer/Xcode/DerivedData/SugarBeat-hgoxfxbbugxkfsbmqcjlbmjeaqyg/Index.noindex/DataStore @/Users/fukushimatakumi/Library/Developer/Xcode/DerivedData/SugarBeat-hgoxfxbbugxkfsbmqcjlbmjeaqyg/Build/Intermediates.noindex/AppAuth.build/Debug-iphonesimulator/AppAuthCore.build/Objects-normal/arm64/e6072d4f65d7061329687fe24e3d63a7-common-args.resp -include /Users/fukushimatakumi/Library/Developer/Xcode/DerivedData/SugarBeat-hgoxfxbbugxkfsbmqcjlbmjeaqyg/Build/Intermediates.noindex/AppAuth.build/Debug-iphonesimulator/AppAuthCore.build/DerivedSources/resource_bundle_accessor.h -MMD -MT dependencies -MF /Users/fukushimatakumi/Library/Developer/Xcode/DerivedData/SugarBeat-hgoxfxbbugxkfsbmqcjlbmjeaqyg/Build/Intermediates.noindex/AppAuth.build/Debug-iphonesimulator/AppAuthCore.build/Objects-normal/arm64/OIDFieldMapping.d --serialize-diagnostics /Users/fukushimatakumi/Library/Developer/Xcode/DerivedData/SugarBeat-hgoxfxbbugxkfsbmqcjlbmjeaqyg/Build/Intermediates.noindex/AppAuth.build/Debug-iphonesimulator/AppAuthCore.build/Objects-normal/arm64/OIDFieldMapping.dia -c /Users/fukushimatakumi/Library/Developer/Xcode/DerivedData/SugarBeat-hgoxfxbbugxkfsbmqcjlbmjeaqyg/SourcePackages/checkouts/AppAuth-iOS/Sources/AppAuthCore/OIDFieldMapping.m -o /Users/fukushimatakumi/Library/Developer/Xcode/DerivedData/SugarBeat-hgoxfxbbugxkfsbmqcjlbmjeaqyg/Build/Intermediates.noindex/AppAuth.build/Debug-iphonesimulator/AppAuthCore.build/Objects-normal/arm64/OIDFieldMapping.o -index-unit-output-path /AppAuth.build/Debug-iphonesimulator/AppAuthCore.build/Objects-normal/arm64/OIDFieldMapping.o

ScanDependencies /Users/fukushimatakumi/Library/Developer/Xcode/DerivedData/SugarBeat-hgoxfxbbugxkfsbmqcjlbmjeaqyg/Build/Intermediates.noindex/AppAuth.build/Debug-iphonesimulator/AppAuthCore.build/Objects-normal/arm64/OIDErrorUtilities.o /Users/fukushimatakumi/Library/Developer/Xcode/DerivedData/SugarBeat-hgoxfxbbugxkfsbmqcjlbmjeaqyg/SourcePackages/checkouts/AppAuth-iOS/Sources/AppAuthCore/OIDErrorUtilities.m normal arm64 objective-c com.apple.compilers.llvm.clang.1_0.compiler (in target 'AppAuthCore' from project 'AppAuth')
    cd /Users/fukushimatakumi/develop/sugarbeat/sugarbeat-front
    
    Using response file: /Users/fukushimatakumi/Library/Developer/Xcode/DerivedData/SugarBeat-hgoxfxbbugxkfsbmqcjlbmjeaqyg/Build/Intermediates.noindex/AppAuth.build/Debug-iphonesimulator/AppAuthCore.build/Objects-normal/arm64/e6072d4f65d7061329687fe24e3d63a7-common-args.resp
    
    builtin-ScanDependencies -o /Users/fukushimatakumi/Library/Developer/Xcode/DerivedData/SugarBeat-hgoxfxbbugxkfsbmqcjlbmjeaqyg/Build/Intermediates.noindex/AppAuth.build/Debug-iphonesimulator/AppAuthCore.build/Objects-normal/arm64/OIDErrorUtilities.o.scan -- /Applications/Xcode.app/Contents/Developer/Toolchains/XcodeDefault.xctoolchain/usr/bin/clang -x objective-c -ivfsstatcache /Users/fukushimatakumi/Library/Developer/Xcode/DerivedData/SDKStatCaches.noindex/iphonesimulator18.4-22E235-71825a6d136aa4733edcbe86ece5525b.sdkstatcache -fmessage-length\=0 -fdiagnostics-show-note-include-stack -fmacro-backtrace-limit\=0 -fno-color-diagnostics -fmodules-prune-interval\=86400 -fmodules-prune-after\=345600 -fbuild-session-file\=/Users/fukushimatakumi/Library/Developer/Xcode/DerivedData/ModuleCache.noindex/Session.modulevalidation -fmodules-validate-once-per-build-session -Wnon-modular-include-in-framework-module -Werror\=non-modular-include-in-framework-module -Wno-trigraphs -Wno-missing-field-initializers -Wno-missing-prototypes -Wno-return-type -Wno-implicit-atomic-properties -Wno-objc-interface-ivars -Wno-arc-repeated-use-of-weak -Wno-missing-braces -Wparentheses -Wswitch -Wno-unused-function -Wno-unused-label -Wno-unused-parameter -Wno-unused-variable -Wunused-value -Wno-empty-body -Wno-uninitialized -Wno-unknown-pragmas -w -Wno-shadow -Wno-four-char-constants -Wno-conversion -Wno-constant-conversion -Wno-int-conversion -Wno-bool-conversion -Wno-enum-conversion -Wno-float-conversion -Wno-non-literal-null-conversion -Wno-objc-literal-conversion -Wshorten-64-to-32 -Wpointer-sign -Wno-newline-eof -Wno-selector -Wno-strict-selector-match -Wno-undeclared-selector -Wno-deprecated-implementations -Wno-implicit-fallthrough -fstrict-aliasing -Wprotocol -Wdeprecated-declarations -Wno-sign-conversion -Wno-infinite-recursion -Wno-comma -Wno-block-capture-autoreleasing -Wno-strict-prototypes -Wno-semicolon-before-method-body -index-store-path /Users/fukushimatakumi/Library/Developer/Xcode/DerivedData/SugarBeat-hgoxfxbbugxkfsbmqcjlbmjeaqyg/Index.noindex/DataStore @/Users/fukushimatakumi/Library/Developer/Xcode/DerivedData/SugarBeat-hgoxfxbbugxkfsbmqcjlbmjeaqyg/Build/Intermediates.noindex/AppAuth.build/Debug-iphonesimulator/AppAuthCore.build/Objects-normal/arm64/e6072d4f65d7061329687fe24e3d63a7-common-args.resp -include /Users/fukushimatakumi/Library/Developer/Xcode/DerivedData/SugarBeat-hgoxfxbbugxkfsbmqcjlbmjeaqyg/Build/Intermediates.noindex/AppAuth.build/Debug-iphonesimulator/AppAuthCore.build/DerivedSources/resource_bundle_accessor.h -MMD -MT dependencies -MF /Users/fukushimatakumi/Library/Developer/Xcode/DerivedData/SugarBeat-hgoxfxbbugxkfsbmqcjlbmjeaqyg/Build/Intermediates.noindex/AppAuth.build/Debug-iphonesimulator/AppAuthCore.build/Objects-normal/arm64/OIDErrorUtilities.d --serialize-diagnostics /Users/fukushimatakumi/Library/Developer/Xcode/DerivedData/SugarBeat-hgoxfxbbugxkfsbmqcjlbmjeaqyg/Build/Intermediates.noindex/AppAuth.build/Debug-iphonesimulator/AppAuthCore.build/Objects-normal/arm64/OIDErrorUtilities.dia -c /Users/fukushimatakumi/Library/Developer/Xcode/DerivedData/SugarBeat-hgoxfxbbugxkfsbmqcjlbmjeaqyg/SourcePackages/checkouts/AppAuth-iOS/Sources/AppAuthCore/OIDErrorUtilities.m -o /Users/fukushimatakumi/Library/Developer/Xcode/DerivedData/SugarBeat-hgoxfxbbugxkfsbmqcjlbmjeaqyg/Build/Intermediates.noindex/AppAuth.build/Debug-iphonesimulator/AppAuthCore.build/Objects-normal/arm64/OIDErrorUtilities.o -index-unit-output-path /AppAuth.build/Debug-iphonesimulator/AppAuthCore.build/Objects-normal/arm64/OIDErrorUtilities.o

PrecompileModule /Users/fukushimatakumi/Library/Developer/Xcode/DerivedData/SugarBeat-hgoxfxbbugxkfsbmqcjlbmjeaqyg/Build/Intermediates.noindex/ExplicitPrecompiledModules/os_workgroup-CE2JCD3APU7XTGM7B8HD6BHZ6.scan
    cd /Users/fukushimatakumi/develop/sugarbeat/sugarbeat-front
    builtin-precompileModule /Users/fukushimatakumi/Library/Developer/Xcode/DerivedData/SugarBeat-hgoxfxbbugxkfsbmqcjlbmjeaqyg/Build/Intermediates.noindex/ExplicitPrecompiledModules/os_workgroup-CE2JCD3APU7XTGM7B8HD6BHZ6.scan

ScanDependencies /Users/fukushimatakumi/Library/Developer/Xcode/DerivedData/SugarBeat-hgoxfxbbugxkfsbmqcjlbmjeaqyg/Build/Intermediates.noindex/AppAuth.build/Debug-iphonesimulator/AppAuthCore.build/Objects-normal/arm64/OIDError.o /Users/fukushimatakumi/Library/Developer/Xcode/DerivedData/SugarBeat-hgoxfxbbugxkfsbmqcjlbmjeaqyg/SourcePackages/checkouts/AppAuth-iOS/Sources/AppAuthCore/OIDError.m normal arm64 objective-c com.apple.compilers.llvm.clang.1_0.compiler (in target 'AppAuthCore' from project 'AppAuth')
    cd /Users/fukushimatakumi/develop/sugarbeat/sugarbeat-front
    
    Using response file: /Users/fukushimatakumi/Library/Developer/Xcode/DerivedData/SugarBeat-hgoxfxbbugxkfsbmqcjlbmjeaqyg/Build/Intermediates.noindex/AppAuth.build/Debug-iphonesimulator/AppAuthCore.build/Objects-normal/arm64/e6072d4f65d7061329687fe24e3d63a7-common-args.resp
    
    builtin-ScanDependencies -o /Users/fukushimatakumi/Library/Developer/Xcode/DerivedData/SugarBeat-hgoxfxbbugxkfsbmqcjlbmjeaqyg/Build/Intermediates.noindex/AppAuth.build/Debug-iphonesimulator/AppAuthCore.build/Objects-normal/arm64/OIDError.o.scan -- /Applications/Xcode.app/Contents/Developer/Toolchains/XcodeDefault.xctoolchain/usr/bin/clang -x objective-c -ivfsstatcache /Users/fukushimatakumi/Library/Developer/Xcode/DerivedData/SDKStatCaches.noindex/iphonesimulator18.4-22E235-71825a6d136aa4733edcbe86ece5525b.sdkstatcache -fmessage-length\=0 -fdiagnostics-show-note-include-stack -fmacro-backtrace-limit\=0 -fno-color-diagnostics -fmodules-prune-interval\=86400 -fmodules-prune-after\=345600 -fbuild-session-file\=/Users/fukushimatakumi/Library/Developer/Xcode/DerivedData/ModuleCache.noindex/Session.modulevalidation -fmodules-validate-once-per-build-session -Wnon-modular-include-in-framework-module -Werror\=non-modular-include-in-framework-module -Wno-trigraphs -Wno-missing-field-initializers -Wno-missing-prototypes -Wno-return-type -Wno-implicit-atomic-properties -Wno-objc-interface-ivars -Wno-arc-repeated-use-of-weak -Wno-missing-braces -Wparentheses -Wswitch -Wno-unused-function -Wno-unused-label -Wno-unused-parameter -Wno-unused-variable -Wunused-value -Wno-empty-body -Wno-uninitialized -Wno-unknown-pragmas -w -Wno-shadow -Wno-four-char-constants -Wno-conversion -Wno-constant-conversion -Wno-int-conversion -Wno-bool-conversion -Wno-enum-conversion -Wno-float-conversion -Wno-non-literal-null-conversion -Wno-objc-literal-conversion -Wshorten-64-to-32 -Wpointer-sign -Wno-newline-eof -Wno-selector -Wno-strict-selector-match -Wno-undeclared-selector -Wno-deprecated-implementations -Wno-implicit-fallthrough -fstrict-aliasing -Wprotocol -Wdeprecated-declarations -Wno-sign-conversion -Wno-infinite-recursion -Wno-comma -Wno-block-capture-autoreleasing -Wno-strict-prototypes -Wno-semicolon-before-method-body -index-store-path /Users/fukushimatakumi/Library/Developer/Xcode/DerivedData/SugarBeat-hgoxfxbbugxkfsbmqcjlbmjeaqyg/Index.noindex/DataStore @/Users/fukushimatakumi/Library/Developer/Xcode/DerivedData/SugarBeat-hgoxfxbbugxkfsbmqcjlbmjeaqyg/Build/Intermediates.noindex/AppAuth.build/Debug-iphonesimulator/AppAuthCore.build/Objects-normal/arm64/e6072d4f65d7061329687fe24e3d63a7-common-args.resp -include /Users/fukushimatakumi/Library/Developer/Xcode/DerivedData/SugarBeat-hgoxfxbbugxkfsbmqcjlbmjeaqyg/Build/Intermediates.noindex/AppAuth.build/Debug-iphonesimulator/AppAuthCore.build/DerivedSources/resource_bundle_accessor.h -MMD -MT dependencies -MF /Users/fukushimatakumi/Library/Developer/Xcode/DerivedData/SugarBeat-hgoxfxbbugxkfsbmqcjlbmjeaqyg/Build/Intermediates.noindex/AppAuth.build/Debug-iphonesimulator/AppAuthCore.build/Objects-normal/arm64/OIDError.d --serialize-diagnostics /Users/fukushimatakumi/Library/Developer/Xcode/DerivedData/SugarBeat-hgoxfxbbugxkfsbmqcjlbmjeaqyg/Build/Intermediates.noindex/AppAuth.build/Debug-iphonesimulator/AppAuthCore.build/Objects-normal/arm64/OIDError.dia -c /Users/fukushimatakumi/Library/Developer/Xcode/DerivedData/SugarBeat-hgoxfxbbugxkfsbmqcjlbmjeaqyg/SourcePackages/checkouts/AppAuth-iOS/Sources/AppAuthCore/OIDError.m -o /Users/fukushimatakumi/Library/Developer/Xcode/DerivedData/SugarBeat-hgoxfxbbugxkfsbmqcjlbmjeaqyg/Build/Intermediates.noindex/AppAuth.build/Debug-iphonesimulator/AppAuthCore.build/Objects-normal/arm64/OIDError.o -index-unit-output-path /AppAuth.build/Debug-iphonesimulator/AppAuthCore.build/Objects-normal/arm64/OIDError.o

PrecompileModule /Users/fukushimatakumi/Library/Developer/Xcode/DerivedData/SugarBeat-hgoxfxbbugxkfsbmqcjlbmjeaqyg/Build/Intermediates.noindex/ExplicitPrecompiledModules/Dispatch-42LGOR8IOTIRNKLUUH0AYZRJG.scan
    cd /Users/fukushimatakumi/develop/sugarbeat/sugarbeat-front
    builtin-precompileModule /Users/fukushimatakumi/Library/Developer/Xcode/DerivedData/SugarBeat-hgoxfxbbugxkfsbmqcjlbmjeaqyg/Build/Intermediates.noindex/ExplicitPrecompiledModules/Dispatch-42LGOR8IOTIRNKLUUH0AYZRJG.scan

ScanDependencies /Users/fukushimatakumi/Library/Developer/Xcode/DerivedData/SugarBeat-hgoxfxbbugxkfsbmqcjlbmjeaqyg/Build/Intermediates.noindex/AppAuth.build/Debug-iphonesimulator/AppAuthCore.build/Objects-normal/arm64/OIDEndSessionResponse.o /Users/fukushimatakumi/Library/Developer/Xcode/DerivedData/SugarBeat-hgoxfxbbugxkfsbmqcjlbmjeaqyg/SourcePackages/checkouts/AppAuth-iOS/Sources/AppAuthCore/OIDEndSessionResponse.m normal arm64 objective-c com.apple.compilers.llvm.clang.1_0.compiler (in target 'AppAuthCore' from project 'AppAuth')
    cd /Users/fukushimatakumi/develop/sugarbeat/sugarbeat-front
    
    Using response file: /Users/fukushimatakumi/Library/Developer/Xcode/DerivedData/SugarBeat-hgoxfxbbugxkfsbmqcjlbmjeaqyg/Build/Intermediates.noindex/AppAuth.build/Debug-iphonesimulator/AppAuthCore.build/Objects-normal/arm64/e6072d4f65d7061329687fe24e3d63a7-common-args.resp
    
    builtin-ScanDependencies -o /Users/fukushimatakumi/Library/Developer/Xcode/DerivedData/SugarBeat-hgoxfxbbugxkfsbmqcjlbmjeaqyg/Build/Intermediates.noindex/AppAuth.build/Debug-iphonesimulator/AppAuthCore.build/Objects-normal/arm64/OIDEndSessionResponse.o.scan -- /Applications/Xcode.app/Contents/Developer/Toolchains/XcodeDefault.xctoolchain/usr/bin/clang -x objective-c -ivfsstatcache /Users/fukushimatakumi/Library/Developer/Xcode/DerivedData/SDKStatCaches.noindex/iphonesimulator18.4-22E235-71825a6d136aa4733edcbe86ece5525b.sdkstatcache -fmessage-length\=0 -fdiagnostics-show-note-include-stack -fmacro-backtrace-limit\=0 -fno-color-diagnostics -fmodules-prune-interval\=86400 -fmodules-prune-after\=345600 -fbuild-session-file\=/Users/fukushimatakumi/Library/Developer/Xcode/DerivedData/ModuleCache.noindex/Session.modulevalidation -fmodules-validate-once-per-build-session -Wnon-modular-include-in-framework-module -Werror\=non-modular-include-in-framework-module -Wno-trigraphs -Wno-missing-field-initializers -Wno-missing-prototypes -Wno-return-type -Wno-implicit-atomic-properties -Wno-objc-interface-ivars -Wno-arc-repeated-use-of-weak -Wno-missing-braces -Wparentheses -Wswitch -Wno-unused-function -Wno-unused-label -Wno-unused-parameter -Wno-unused-variable -Wunused-value -Wno-empty-body -Wno-uninitialized -Wno-unknown-pragmas -w -Wno-shadow -Wno-four-char-constants -Wno-conversion -Wno-constant-conversion -Wno-int-conversion -Wno-bool-conversion -Wno-enum-conversion -Wno-float-conversion -Wno-non-literal-null-conversion -Wno-objc-literal-conversion -Wshorten-64-to-32 -Wpointer-sign -Wno-newline-eof -Wno-selector -Wno-strict-selector-match -Wno-undeclared-selector -Wno-deprecated-implementations -Wno-implicit-fallthrough -fstrict-aliasing -Wprotocol -Wdeprecated-declarations -Wno-sign-conversion -Wno-infinite-recursion -Wno-comma -Wno-block-capture-autoreleasing -Wno-strict-prototypes -Wno-semicolon-before-method-body -index-store-path /Users/fukushimatakumi/Library/Developer/Xcode/DerivedData/SugarBeat-hgoxfxbbugxkfsbmqcjlbmjeaqyg/Index.noindex/DataStore @/Users/fukushimatakumi/Library/Developer/Xcode/DerivedData/SugarBeat-hgoxfxbbugxkfsbmqcjlbmjeaqyg/Build/Intermediates.noindex/AppAuth.build/Debug-iphonesimulator/AppAuthCore.build/Objects-normal/arm64/e6072d4f65d7061329687fe24e3d63a7-common-args.resp -include /Users/fukushimatakumi/Library/Developer/Xcode/DerivedData/SugarBeat-hgoxfxbbugxkfsbmqcjlbmjeaqyg/Build/Intermediates.noindex/AppAuth.build/Debug-iphonesimulator/AppAuthCore.build/DerivedSources/resource_bundle_accessor.h -MMD -MT dependencies -MF /Users/fukushimatakumi/Library/Developer/Xcode/DerivedData/SugarBeat-hgoxfxbbugxkfsbmqcjlbmjeaqyg/Build/Intermediates.noindex/AppAuth.build/Debug-iphonesimulator/AppAuthCore.build/Objects-normal/arm64/OIDEndSessionResponse.d --serialize-diagnostics /Users/fukushimatakumi/Library/Developer/Xcode/DerivedData/SugarBeat-hgoxfxbbugxkfsbmqcjlbmjeaqyg/Build/Intermediates.noindex/AppAuth.build/Debug-iphonesimulator/AppAuthCore.build/Objects-normal/arm64/OIDEndSessionResponse.dia -c /Users/fukushimatakumi/Library/Developer/Xcode/DerivedData/SugarBeat-hgoxfxbbugxkfsbmqcjlbmjeaqyg/SourcePackages/checkouts/AppAuth-iOS/Sources/AppAuthCore/OIDEndSessionResponse.m -o /Users/fukushimatakumi/Library/Developer/Xcode/DerivedData/SugarBeat-hgoxfxbbugxkfsbmqcjlbmjeaqyg/Build/Intermediates.noindex/AppAuth.build/Debug-iphonesimulator/AppAuthCore.build/Objects-normal/arm64/OIDEndSessionResponse.o -index-unit-output-path /AppAuth.build/Debug-iphonesimulator/AppAuthCore.build/Objects-normal/arm64/OIDEndSessionResponse.o

ScanDependencies /Users/fukushimatakumi/Library/Developer/Xcode/DerivedData/SugarBeat-hgoxfxbbugxkfsbmqcjlbmjeaqyg/Build/Intermediates.noindex/AppAuth.build/Debug-iphonesimulator/AppAuthCore.build/Objects-normal/arm64/OIDEndSessionRequest.o /Users/fukushimatakumi/Library/Developer/Xcode/DerivedData/SugarBeat-hgoxfxbbugxkfsbmqcjlbmjeaqyg/SourcePackages/checkouts/AppAuth-iOS/Sources/AppAuthCore/OIDEndSessionRequest.m normal arm64 objective-c com.apple.compilers.llvm.clang.1_0.compiler (in target 'AppAuthCore' from project 'AppAuth')
    cd /Users/fukushimatakumi/develop/sugarbeat/sugarbeat-front
    
    Using response file: /Users/fukushimatakumi/Library/Developer/Xcode/DerivedData/SugarBeat-hgoxfxbbugxkfsbmqcjlbmjeaqyg/Build/Intermediates.noindex/AppAuth.build/Debug-iphonesimulator/AppAuthCore.build/Objects-normal/arm64/e6072d4f65d7061329687fe24e3d63a7-common-args.resp
    
    builtin-ScanDependencies -o /Users/fukushimatakumi/Library/Developer/Xcode/DerivedData/SugarBeat-hgoxfxbbugxkfsbmqcjlbmjeaqyg/Build/Intermediates.noindex/AppAuth.build/Debug-iphonesimulator/AppAuthCore.build/Objects-normal/arm64/OIDEndSessionRequest.o.scan -- /Applications/Xcode.app/Contents/Developer/Toolchains/XcodeDefault.xctoolchain/usr/bin/clang -x objective-c -ivfsstatcache /Users/fukushimatakumi/Library/Developer/Xcode/DerivedData/SDKStatCaches.noindex/iphonesimulator18.4-22E235-71825a6d136aa4733edcbe86ece5525b.sdkstatcache -fmessage-length\=0 -fdiagnostics-show-note-include-stack -fmacro-backtrace-limit\=0 -fno-color-diagnostics -fmodules-prune-interval\=86400 -fmodules-prune-after\=345600 -fbuild-session-file\=/Users/fukushimatakumi/Library/Developer/Xcode/DerivedData/ModuleCache.noindex/Session.modulevalidation -fmodules-validate-once-per-build-session -Wnon-modular-include-in-framework-module -Werror\=non-modular-include-in-framework-module -Wno-trigraphs -Wno-missing-field-initializers -Wno-missing-prototypes -Wno-return-type -Wno-implicit-atomic-properties -Wno-objc-interface-ivars -Wno-arc-repeated-use-of-weak -Wno-missing-braces -Wparentheses -Wswitch -Wno-unused-function -Wno-unused-label -Wno-unused-parameter -Wno-unused-variable -Wunused-value -Wno-empty-body -Wno-uninitialized -Wno-unknown-pragmas -w -Wno-shadow -Wno-four-char-constants -Wno-conversion -Wno-constant-conversion -Wno-int-conversion -Wno-bool-conversion -Wno-enum-conversion -Wno-float-conversion -Wno-non-literal-null-conversion -Wno-objc-literal-conversion -Wshorten-64-to-32 -Wpointer-sign -Wno-newline-eof -Wno-selector -Wno-strict-selector-match -Wno-undeclared-selector -Wno-deprecated-implementations -Wno-implicit-fallthrough -fstrict-aliasing -Wprotocol -Wdeprecated-declarations -Wno-sign-conversion -Wno-infinite-recursion -Wno-comma -Wno-block-capture-autoreleasing -Wno-strict-prototypes -Wno-semicolon-before-method-body -index-store-path /Users/fukushimatakumi/Library/Developer/Xcode/DerivedData/SugarBeat-hgoxfxbbugxkfsbmqcjlbmjeaqyg/Index.noindex/DataStore @/Users/fukushimatakumi/Library/Developer/Xcode/DerivedData/SugarBeat-hgoxfxbbugxkfsbmqcjlbmjeaqyg/Build/Intermediates.noindex/AppAuth.build/Debug-iphonesimulator/AppAuthCore.build/Objects-normal/arm64/e6072d4f65d7061329687fe24e3d63a7-common-args.resp -include /Users/fukushimatakumi/Library/Developer/Xcode/DerivedData/SugarBeat-hgoxfxbbugxkfsbmqcjlbmjeaqyg/Build/Intermediates.noindex/AppAuth.build/Debug-iphonesimulator/AppAuthCore.build/DerivedSources/resource_bundle_accessor.h -MMD -MT dependencies -MF /Users/fukushimatakumi/Library/Developer/Xcode/DerivedData/SugarBeat-hgoxfxbbugxkfsbmqcjlbmjeaqyg/Build/Intermediates.noindex/AppAuth.build/Debug-iphonesimulator/AppAuthCore.build/Objects-normal/arm64/OIDEndSessionRequest.d --serialize-diagnostics /Users/fukushimatakumi/Library/Developer/Xcode/DerivedData/SugarBeat-hgoxfxbbugxkfsbmqcjlbmjeaqyg/Build/Intermediates.noindex/AppAuth.build/Debug-iphonesimulator/AppAuthCore.build/Objects-normal/arm64/OIDEndSessionRequest.dia -c /Users/fukushimatakumi/Library/Developer/Xcode/DerivedData/SugarBeat-hgoxfxbbugxkfsbmqcjlbmjeaqyg/SourcePackages/checkouts/AppAuth-iOS/Sources/AppAuthCore/OIDEndSessionRequest.m -o /Users/fukushimatakumi/Library/Developer/Xcode/DerivedData/SugarBeat-hgoxfxbbugxkfsbmqcjlbmjeaqyg/Build/Intermediates.noindex/AppAuth.build/Debug-iphonesimulator/AppAuthCore.build/Objects-normal/arm64/OIDEndSessionRequest.o -index-unit-output-path /AppAuth.build/Debug-iphonesimulator/AppAuthCore.build/Objects-normal/arm64/OIDEndSessionRequest.o

CompileC /Users/fukushimatakumi/Library/Developer/Xcode/DerivedData/SugarBeat-hgoxfxbbugxkfsbmqcjlbmjeaqyg/Build/Intermediates.noindex/leveldb.build/Debug-iphonesimulator/leveldb.build/Objects-normal/arm64/resource_bundle_accessor.o /Users/fukushimatakumi/Library/Developer/Xcode/DerivedData/SugarBeat-hgoxfxbbugxkfsbmqcjlbmjeaqyg/Build/Intermediates.noindex/leveldb.build/Debug-iphonesimulator/leveldb.build/DerivedSources/resource_bundle_accessor.m normal arm64 objective-c com.apple.compilers.llvm.clang.1_0.compiler (in target 'leveldb' from project 'leveldb')
    cd /Users/fukushimatakumi/develop/sugarbeat/sugarbeat-front
    
    Using response file: /Users/fukushimatakumi/Library/Developer/Xcode/DerivedData/SugarBeat-hgoxfxbbugxkfsbmqcjlbmjeaqyg/Build/Intermediates.noindex/leveldb.build/Debug-iphonesimulator/leveldb.build/Objects-normal/arm64/e6072d4f65d7061329687fe24e3d63a7-common-args.resp
    
    /Applications/Xcode.app/Contents/Developer/Toolchains/XcodeDefault.xctoolchain/usr/bin/clang -x objective-c -ivfsstatcache /Users/fukushimatakumi/Library/Developer/Xcode/DerivedData/SDKStatCaches.noindex/iphonesimulator18.4-22E235-71825a6d136aa4733edcbe86ece5525b.sdkstatcache -fmessage-length\=0 -fdiagnostics-show-note-include-stack -fmacro-backtrace-limit\=0 -fno-color-diagnostics -fmodules-prune-interval\=86400 -fmodules-prune-after\=345600 -fbuild-session-file\=/Users/fukushimatakumi/Library/Developer/Xcode/DerivedData/ModuleCache.noindex/Session.modulevalidation -fmodules-validate-once-per-build-session -Wnon-modular-include-in-framework-module -Werror\=non-modular-include-in-framework-module -Wno-trigraphs -Wno-missing-field-initializers -Wno-missing-prototypes -Wno-return-type -Wno-implicit-atomic-properties -Wno-objc-interface-ivars -Wno-arc-repeated-use-of-weak -Wno-missing-braces -Wparentheses -Wswitch -Wno-unused-function -Wno-unused-label -Wno-unused-parameter -Wno-unused-variable -Wunused-value -Wno-empty-body -Wno-uninitialized -Wno-unknown-pragmas -w -Wno-shadow -Wno-four-char-constants -Wno-conversion -Wno-constant-conversion -Wno-int-conversion -Wno-bool-conversion -Wno-enum-conversion -Wno-float-conversion -Wno-non-literal-null-conversion -Wno-objc-literal-conversion -Wshorten-64-to-32 -Wpointer-sign -Wno-newline-eof -Wno-selector -Wno-strict-selector-match -Wno-undeclared-selector -Wno-deprecated-implementations -Wno-implicit-fallthrough -fstrict-aliasing -Wprotocol -Wdeprecated-declarations -Wno-sign-conversion -Wno-infinite-recursion -Wno-comma -Wno-block-capture-autoreleasing -Wno-strict-prototypes -Wno-semicolon-before-method-body -index-store-path /Users/fukushimatakumi/Library/Developer/Xcode/DerivedData/SugarBeat-hgoxfxbbugxkfsbmqcjlbmjeaqyg/Index.noindex/DataStore @/Users/fukushimatakumi/Library/Developer/Xcode/DerivedData/SugarBeat-hgoxfxbbugxkfsbmqcjlbmjeaqyg/Build/Intermediates.noindex/leveldb.build/Debug-iphonesimulator/leveldb.build/Objects-normal/arm64/e6072d4f65d7061329687fe24e3d63a7-common-args.resp -include /Users/fukushimatakumi/Library/Developer/Xcode/DerivedData/SugarBeat-hgoxfxbbugxkfsbmqcjlbmjeaqyg/Build/Intermediates.noindex/leveldb.build/Debug-iphonesimulator/leveldb.build/DerivedSources/resource_bundle_accessor.h -MMD -MT dependencies -MF /Users/fukushimatakumi/Library/Developer/Xcode/DerivedData/SugarBeat-hgoxfxbbugxkfsbmqcjlbmjeaqyg/Build/Intermediates.noindex/leveldb.build/Debug-iphonesimulator/leveldb.build/Objects-normal/arm64/resource_bundle_accessor.d --serialize-diagnostics /Users/fukushimatakumi/Library/Developer/Xcode/DerivedData/SugarBeat-hgoxfxbbugxkfsbmqcjlbmjeaqyg/Build/Intermediates.noindex/leveldb.build/Debug-iphonesimulator/leveldb.build/Objects-normal/arm64/resource_bundle_accessor.dia -c /Users/fukushimatakumi/Library/Developer/Xcode/DerivedData/SugarBeat-hgoxfxbbugxkfsbmqcjlbmjeaqyg/Build/Intermediates.noindex/leveldb.build/Debug-iphonesimulator/leveldb.build/DerivedSources/resource_bundle_accessor.m -o /Users/fukushimatakumi/Library/Developer/Xcode/DerivedData/SugarBeat-hgoxfxbbugxkfsbmqcjlbmjeaqyg/Build/Intermediates.noindex/leveldb.build/Debug-iphonesimulator/leveldb.build/Objects-normal/arm64/resource_bundle_accessor.o -index-unit-output-path /leveldb.build/Debug-iphonesimulator/leveldb.build/Objects-normal/arm64/resource_bundle_accessor.o

ScanDependencies /Users/fukushimatakumi/Library/Developer/Xcode/DerivedData/SugarBeat-hgoxfxbbugxkfsbmqcjlbmjeaqyg/Build/Intermediates.noindex/AppAuth.build/Debug-iphonesimulator/AppAuthCore.build/Objects-normal/arm64/OIDClientMetadataParameters.o /Users/fukushimatakumi/Library/Developer/Xcode/DerivedData/SugarBeat-hgoxfxbbugxkfsbmqcjlbmjeaqyg/SourcePackages/checkouts/AppAuth-iOS/Sources/AppAuthCore/OIDClientMetadataParameters.m normal arm64 objective-c com.apple.compilers.llvm.clang.1_0.compiler (in target 'AppAuthCore' from project 'AppAuth')
    cd /Users/fukushimatakumi/develop/sugarbeat/sugarbeat-front
    
    Using response file: /Users/fukushimatakumi/Library/Developer/Xcode/DerivedData/SugarBeat-hgoxfxbbugxkfsbmqcjlbmjeaqyg/Build/Intermediates.noindex/AppAuth.build/Debug-iphonesimulator/AppAuthCore.build/Objects-normal/arm64/e6072d4f65d7061329687fe24e3d63a7-common-args.resp
    
    builtin-ScanDependencies -o /Users/fukushimatakumi/Library/Developer/Xcode/DerivedData/SugarBeat-hgoxfxbbugxkfsbmqcjlbmjeaqyg/Build/Intermediates.noindex/AppAuth.build/Debug-iphonesimulator/AppAuthCore.build/Objects-normal/arm64/OIDClientMetadataParameters.o.scan -- /Applications/Xcode.app/Contents/Developer/Toolchains/XcodeDefault.xctoolchain/usr/bin/clang -x objective-c -ivfsstatcache /Users/fukushimatakumi/Library/Developer/Xcode/DerivedData/SDKStatCaches.noindex/iphonesimulator18.4-22E235-71825a6d136aa4733edcbe86ece5525b.sdkstatcache -fmessage-length\=0 -fdiagnostics-show-note-include-stack -fmacro-backtrace-limit\=0 -fno-color-diagnostics -fmodules-prune-interval\=86400 -fmodules-prune-after\=345600 -fbuild-session-file\=/Users/fukushimatakumi/Library/Developer/Xcode/DerivedData/ModuleCache.noindex/Session.modulevalidation -fmodules-validate-once-per-build-session -Wnon-modular-include-in-framework-module -Werror\=non-modular-include-in-framework-module -Wno-trigraphs -Wno-missing-field-initializers -Wno-missing-prototypes -Wno-return-type -Wno-implicit-atomic-properties -Wno-objc-interface-ivars -Wno-arc-repeated-use-of-weak -Wno-missing-braces -Wparentheses -Wswitch -Wno-unused-function -Wno-unused-label -Wno-unused-parameter -Wno-unused-variable -Wunused-value -Wno-empty-body -Wno-uninitialized -Wno-unknown-pragmas -w -Wno-shadow -Wno-four-char-constants -Wno-conversion -Wno-constant-conversion -Wno-int-conversion -Wno-bool-conversion -Wno-enum-conversion -Wno-float-conversion -Wno-non-literal-null-conversion -Wno-objc-literal-conversion -Wshorten-64-to-32 -Wpointer-sign -Wno-newline-eof -Wno-selector -Wno-strict-selector-match -Wno-undeclared-selector -Wno-deprecated-implementations -Wno-implicit-fallthrough -fstrict-aliasing -Wprotocol -Wdeprecated-declarations -Wno-sign-conversion -Wno-infinite-recursion -Wno-comma -Wno-block-capture-autoreleasing -Wno-strict-prototypes -Wno-semicolon-before-method-body -index-store-path /Users/fukushimatakumi/Library/Developer/Xcode/DerivedData/SugarBeat-hgoxfxbbugxkfsbmqcjlbmjeaqyg/Index.noindex/DataStore @/Users/fukushimatakumi/Library/Developer/Xcode/DerivedData/SugarBeat-hgoxfxbbugxkfsbmqcjlbmjeaqyg/Build/Intermediates.noindex/AppAuth.build/Debug-iphonesimulator/AppAuthCore.build/Objects-normal/arm64/e6072d4f65d7061329687fe24e3d63a7-common-args.resp -include /Users/fukushimatakumi/Library/Developer/Xcode/DerivedData/SugarBeat-hgoxfxbbugxkfsbmqcjlbmjeaqyg/Build/Intermediates.noindex/AppAuth.build/Debug-iphonesimulator/AppAuthCore.build/DerivedSources/resource_bundle_accessor.h -MMD -MT dependencies -MF /Users/fukushimatakumi/Library/Developer/Xcode/DerivedData/SugarBeat-hgoxfxbbugxkfsbmqcjlbmjeaqyg/Build/Intermediates.noindex/AppAuth.build/Debug-iphonesimulator/AppAuthCore.build/Objects-normal/arm64/OIDClientMetadataParameters.d --serialize-diagnostics /Users/fukushimatakumi/Library/Developer/Xcode/DerivedData/SugarBeat-hgoxfxbbugxkfsbmqcjlbmjeaqyg/Build/Intermediates.noindex/AppAuth.build/Debug-iphonesimulator/AppAuthCore.build/Objects-normal/arm64/OIDClientMetadataParameters.dia -c /Users/fukushimatakumi/Library/Developer/Xcode/DerivedData/SugarBeat-hgoxfxbbugxkfsbmqcjlbmjeaqyg/SourcePackages/checkouts/AppAuth-iOS/Sources/AppAuthCore/OIDClientMetadataParameters.m -o /Users/fukushimatakumi/Library/Developer/Xcode/DerivedData/SugarBeat-hgoxfxbbugxkfsbmqcjlbmjeaqyg/Build/Intermediates.noindex/AppAuth.build/Debug-iphonesimulator/AppAuthCore.build/Objects-normal/arm64/OIDClientMetadataParameters.o -index-unit-output-path /AppAuth.build/Debug-iphonesimulator/AppAuthCore.build/Objects-normal/arm64/OIDClientMetadataParameters.o

CompileC /Users/fukushimatakumi/Library/Developer/Xcode/DerivedData/SugarBeat-hgoxfxbbugxkfsbmqcjlbmjeaqyg/Build/Intermediates.noindex/GoogleUtilities.build/Debug-iphonesimulator/GoogleUtilities-NSData.build/Objects-normal/arm64/resource_bundle_accessor.o /Users/fukushimatakumi/Library/Developer/Xcode/DerivedData/SugarBeat-hgoxfxbbugxkfsbmqcjlbmjeaqyg/Build/Intermediates.noindex/GoogleUtilities.build/Debug-iphonesimulator/GoogleUtilities-NSData.build/DerivedSources/resource_bundle_accessor.m normal arm64 objective-c com.apple.compilers.llvm.clang.1_0.compiler (in target 'GoogleUtilities-NSData' from project 'GoogleUtilities')
    cd /Users/fukushimatakumi/develop/sugarbeat/sugarbeat-front
    
    Using response file: /Users/fukushimatakumi/Library/Developer/Xcode/DerivedData/SugarBeat-hgoxfxbbugxkfsbmqcjlbmjeaqyg/Build/Intermediates.noindex/GoogleUtilities.build/Debug-iphonesimulator/GoogleUtilities-NSData.build/Objects-normal/arm64/e6072d4f65d7061329687fe24e3d63a7-common-args.resp
    
    /Applications/Xcode.app/Contents/Developer/Toolchains/XcodeDefault.xctoolchain/usr/bin/clang -x objective-c -ivfsstatcache /Users/fukushimatakumi/Library/Developer/Xcode/DerivedData/SDKStatCaches.noindex/iphonesimulator18.4-22E235-71825a6d136aa4733edcbe86ece5525b.sdkstatcache -fmessage-length\=0 -fdiagnostics-show-note-include-stack -fmacro-backtrace-limit\=0 -fno-color-diagnostics -fmodules-prune-interval\=86400 -fmodules-prune-after\=345600 -fbuild-session-file\=/Users/fukushimatakumi/Library/Developer/Xcode/DerivedData/ModuleCache.noindex/Session.modulevalidation -fmodules-validate-once-per-build-session -Wnon-modular-include-in-framework-module -Werror\=non-modular-include-in-framework-module -Wno-trigraphs -Wno-missing-field-initializers -Wno-missing-prototypes -Wno-return-type -Wno-implicit-atomic-properties -Wno-objc-interface-ivars -Wno-arc-repeated-use-of-weak -Wno-missing-braces -Wparentheses -Wswitch -Wno-unused-function -Wno-unused-label -Wno-unused-parameter -Wno-unused-variable -Wunused-value -Wno-empty-body -Wno-uninitialized -Wno-unknown-pragmas -w -Wno-shadow -Wno-four-char-constants -Wno-conversion -Wno-constant-conversion -Wno-int-conversion -Wno-bool-conversion -Wno-enum-conversion -Wno-float-conversion -Wno-non-literal-null-conversion -Wno-objc-literal-conversion -Wshorten-64-to-32 -Wpointer-sign -Wno-newline-eof -Wno-selector -Wno-strict-selector-match -Wno-undeclared-selector -Wno-deprecated-implementations -Wno-implicit-fallthrough -fstrict-aliasing -Wprotocol -Wdeprecated-declarations -Wno-sign-conversion -Wno-infinite-recursion -Wno-comma -Wno-block-capture-autoreleasing -Wno-strict-prototypes -Wno-semicolon-before-method-body -index-store-path /Users/fukushimatakumi/Library/Developer/Xcode/DerivedData/SugarBeat-hgoxfxbbugxkfsbmqcjlbmjeaqyg/Index.noindex/DataStore @/Users/fukushimatakumi/Library/Developer/Xcode/DerivedData/SugarBeat-hgoxfxbbugxkfsbmqcjlbmjeaqyg/Build/Intermediates.noindex/GoogleUtilities.build/Debug-iphonesimulator/GoogleUtilities-NSData.build/Objects-normal/arm64/e6072d4f65d7061329687fe24e3d63a7-common-args.resp -include /Users/fukushimatakumi/Library/Developer/Xcode/DerivedData/SugarBeat-hgoxfxbbugxkfsbmqcjlbmjeaqyg/Build/Intermediates.noindex/GoogleUtilities.build/Debug-iphonesimulator/GoogleUtilities-NSData.build/DerivedSources/resource_bundle_accessor.h -MMD -MT dependencies -MF /Users/fukushimatakumi/Library/Developer/Xcode/DerivedData/SugarBeat-hgoxfxbbugxkfsbmqcjlbmjeaqyg/Build/Intermediates.noindex/GoogleUtilities.build/Debug-iphonesimulator/GoogleUtilities-NSData.build/Objects-normal/arm64/resource_bundle_accessor.d --serialize-diagnostics /Users/fukushimatakumi/Library/Developer/Xcode/DerivedData/SugarBeat-hgoxfxbbugxkfsbmqcjlbmjeaqyg/Build/Intermediates.noindex/GoogleUtilities.build/Debug-iphonesimulator/GoogleUtilities-NSData.build/Objects-normal/arm64/resource_bundle_accessor.dia -c /Users/fukushimatakumi/Library/Developer/Xcode/DerivedData/SugarBeat-hgoxfxbbugxkfsbmqcjlbmjeaqyg/Build/Intermediates.noindex/GoogleUtilities.build/Debug-iphonesimulator/GoogleUtilities-NSData.build/DerivedSources/resource_bundle_accessor.m -o /Users/fukushimatakumi/Library/Developer/Xcode/DerivedData/SugarBeat-hgoxfxbbugxkfsbmqcjlbmjeaqyg/Build/Intermediates.noindex/GoogleUtilities.build/Debug-iphonesimulator/GoogleUtilities-NSData.build/Objects-normal/arm64/resource_bundle_accessor.o -index-unit-output-path /GoogleUtilities.build/Debug-iphonesimulator/GoogleUtilities-NSData.build/Objects-normal/arm64/resource_bundle_accessor.o

CompileC /Users/fukushimatakumi/Library/Developer/Xcode/DerivedData/SugarBeat-hgoxfxbbugxkfsbmqcjlbmjeaqyg/Build/Intermediates.noindex/GoogleUtilities.build/Debug-iphonesimulator/GoogleUtilities-NSData.build/Objects-normal/arm64/GULNSData+zlib.o /Users/fukushimatakumi/Library/Developer/Xcode/DerivedData/SugarBeat-hgoxfxbbugxkfsbmqcjlbmjeaqyg/SourcePackages/checkouts/GoogleUtilities/GoogleUtilities/NSData+zlib/GULNSData+zlib.m normal arm64 objective-c com.apple.compilers.llvm.clang.1_0.compiler (in target 'GoogleUtilities-NSData' from project 'GoogleUtilities')
    cd /Users/fukushimatakumi/develop/sugarbeat/sugarbeat-front
    
    Using response file: /Users/fukushimatakumi/Library/Developer/Xcode/DerivedData/SugarBeat-hgoxfxbbugxkfsbmqcjlbmjeaqyg/Build/Intermediates.noindex/GoogleUtilities.build/Debug-iphonesimulator/GoogleUtilities-NSData.build/Objects-normal/arm64/e6072d4f65d7061329687fe24e3d63a7-common-args.resp
    
    /Applications/Xcode.app/Contents/Developer/Toolchains/XcodeDefault.xctoolchain/usr/bin/clang -x objective-c -ivfsstatcache /Users/fukushimatakumi/Library/Developer/Xcode/DerivedData/SDKStatCaches.noindex/iphonesimulator18.4-22E235-71825a6d136aa4733edcbe86ece5525b.sdkstatcache -fmessage-length\=0 -fdiagnostics-show-note-include-stack -fmacro-backtrace-limit\=0 -fno-color-diagnostics -fmodules-prune-interval\=86400 -fmodules-prune-after\=345600 -fbuild-session-file\=/Users/fukushimatakumi/Library/Developer/Xcode/DerivedData/ModuleCache.noindex/Session.modulevalidation -fmodules-validate-once-per-build-session -Wnon-modular-include-in-framework-module -Werror\=non-modular-include-in-framework-module -Wno-trigraphs -Wno-missing-field-initializers -Wno-missing-prototypes -Wno-return-type -Wno-implicit-atomic-properties -Wno-objc-interface-ivars -Wno-arc-repeated-use-of-weak -Wno-missing-braces -Wparentheses -Wswitch -Wno-unused-function -Wno-unused-label -Wno-unused-parameter -Wno-unused-variable -Wunused-value -Wno-empty-body -Wno-uninitialized -Wno-unknown-pragmas -w -Wno-shadow -Wno-four-char-constants -Wno-conversion -Wno-constant-conversion -Wno-int-conversion -Wno-bool-conversion -Wno-enum-conversion -Wno-float-conversion -Wno-non-literal-null-conversion -Wno-objc-literal-conversion -Wshorten-64-to-32 -Wpointer-sign -Wno-newline-eof -Wno-selector -Wno-strict-selector-match -Wno-undeclared-selector -Wno-deprecated-implementations -Wno-implicit-fallthrough -fstrict-aliasing -Wprotocol -Wdeprecated-declarations -Wno-sign-conversion -Wno-infinite-recursion -Wno-comma -Wno-block-capture-autoreleasing -Wno-strict-prototypes -Wno-semicolon-before-method-body -index-store-path /Users/fukushimatakumi/Library/Developer/Xcode/DerivedData/SugarBeat-hgoxfxbbugxkfsbmqcjlbmjeaqyg/Index.noindex/DataStore @/Users/fukushimatakumi/Library/Developer/Xcode/DerivedData/SugarBeat-hgoxfxbbugxkfsbmqcjlbmjeaqyg/Build/Intermediates.noindex/GoogleUtilities.build/Debug-iphonesimulator/GoogleUtilities-NSData.build/Objects-normal/arm64/e6072d4f65d7061329687fe24e3d63a7-common-args.resp -include /Users/fukushimatakumi/Library/Developer/Xcode/DerivedData/SugarBeat-hgoxfxbbugxkfsbmqcjlbmjeaqyg/Build/Intermediates.noindex/GoogleUtilities.build/Debug-iphonesimulator/GoogleUtilities-NSData.build/DerivedSources/resource_bundle_accessor.h -MMD -MT dependencies -MF /Users/fukushimatakumi/Library/Developer/Xcode/DerivedData/SugarBeat-hgoxfxbbugxkfsbmqcjlbmjeaqyg/Build/Intermediates.noindex/GoogleUtilities.build/Debug-iphonesimulator/GoogleUtilities-NSData.build/Objects-normal/arm64/GULNSData+zlib.d --serialize-diagnostics /Users/fukushimatakumi/Library/Developer/Xcode/DerivedData/SugarBeat-hgoxfxbbugxkfsbmqcjlbmjeaqyg/Build/Intermediates.noindex/GoogleUtilities.build/Debug-iphonesimulator/GoogleUtilities-NSData.build/Objects-normal/arm64/GULNSData+zlib.dia -c /Users/fukushimatakumi/Library/Developer/Xcode/DerivedData/SugarBeat-hgoxfxbbugxkfsbmqcjlbmjeaqyg/SourcePackages/checkouts/GoogleUtilities/GoogleUtilities/NSData+zlib/GULNSData+zlib.m -o /Users/fukushimatakumi/Library/Developer/Xcode/DerivedData/SugarBeat-hgoxfxbbugxkfsbmqcjlbmjeaqyg/Build/Intermediates.noindex/GoogleUtilities.build/Debug-iphonesimulator/GoogleUtilities-NSData.build/Objects-normal/arm64/GULNSData+zlib.o -index-unit-output-path /GoogleUtilities.build/Debug-iphonesimulator/GoogleUtilities-NSData.build/Objects-normal/arm64/GULNSData+zlib.o

CompileC /Users/fukushimatakumi/Library/Developer/Xcode/DerivedData/SugarBeat-hgoxfxbbugxkfsbmqcjlbmjeaqyg/Build/Intermediates.noindex/GoogleUtilities.build/Debug-iphonesimulator/GoogleUtilities-Environment.build/Objects-normal/arm64/resource_bundle_accessor.o /Users/fukushimatakumi/Library/Developer/Xcode/DerivedData/SugarBeat-hgoxfxbbugxkfsbmqcjlbmjeaqyg/Build/Intermediates.noindex/GoogleUtilities.build/Debug-iphonesimulator/GoogleUtilities-Environment.build/DerivedSources/resource_bundle_accessor.m normal arm64 objective-c com.apple.compilers.llvm.clang.1_0.compiler (in target 'GoogleUtilities-Environment' from project 'GoogleUtilities')
    cd /Users/fukushimatakumi/develop/sugarbeat/sugarbeat-front
    
    Using response file: /Users/fukushimatakumi/Library/Developer/Xcode/DerivedData/SugarBeat-hgoxfxbbugxkfsbmqcjlbmjeaqyg/Build/Intermediates.noindex/GoogleUtilities.build/Debug-iphonesimulator/GoogleUtilities-Environment.build/Objects-normal/arm64/e6072d4f65d7061329687fe24e3d63a7-common-args.resp
    
    /Applications/Xcode.app/Contents/Developer/Toolchains/XcodeDefault.xctoolchain/usr/bin/clang -x objective-c -ivfsstatcache /Users/fukushimatakumi/Library/Developer/Xcode/DerivedData/SDKStatCaches.noindex/iphonesimulator18.4-22E235-71825a6d136aa4733edcbe86ece5525b.sdkstatcache -fmessage-length\=0 -fdiagnostics-show-note-include-stack -fmacro-backtrace-limit\=0 -fno-color-diagnostics -fmodules-prune-interval\=86400 -fmodules-prune-after\=345600 -fbuild-session-file\=/Users/fukushimatakumi/Library/Developer/Xcode/DerivedData/ModuleCache.noindex/Session.modulevalidation -fmodules-validate-once-per-build-session -Wnon-modular-include-in-framework-module -Werror\=non-modular-include-in-framework-module -Wno-trigraphs -Wno-missing-field-initializers -Wno-missing-prototypes -Wno-return-type -Wno-implicit-atomic-properties -Wno-objc-interface-ivars -Wno-arc-repeated-use-of-weak -Wno-missing-braces -Wparentheses -Wswitch -Wno-unused-function -Wno-unused-label -Wno-unused-parameter -Wno-unused-variable -Wunused-value -Wno-empty-body -Wno-uninitialized -Wno-unknown-pragmas -w -Wno-shadow -Wno-four-char-constants -Wno-conversion -Wno-constant-conversion -Wno-int-conversion -Wno-bool-conversion -Wno-enum-conversion -Wno-float-conversion -Wno-non-literal-null-conversion -Wno-objc-literal-conversion -Wshorten-64-to-32 -Wpointer-sign -Wno-newline-eof -Wno-selector -Wno-strict-selector-match -Wno-undeclared-selector -Wno-deprecated-implementations -Wno-implicit-fallthrough -fstrict-aliasing -Wprotocol -Wdeprecated-declarations -Wno-sign-conversion -Wno-infinite-recursion -Wno-comma -Wno-block-capture-autoreleasing -Wno-strict-prototypes -Wno-semicolon-before-method-body -index-store-path /Users/fukushimatakumi/Library/Developer/Xcode/DerivedData/SugarBeat-hgoxfxbbugxkfsbmqcjlbmjeaqyg/Index.noindex/DataStore @/Users/fukushimatakumi/Library/Developer/Xcode/DerivedData/SugarBeat-hgoxfxbbugxkfsbmqcjlbmjeaqyg/Build/Intermediates.noindex/GoogleUtilities.build/Debug-iphonesimulator/GoogleUtilities-Environment.build/Objects-normal/arm64/e6072d4f65d7061329687fe24e3d63a7-common-args.resp -include /Users/fukushimatakumi/Library/Developer/Xcode/DerivedData/SugarBeat-hgoxfxbbugxkfsbmqcjlbmjeaqyg/Build/Intermediates.noindex/GoogleUtilities.build/Debug-iphonesimulator/GoogleUtilities-Environment.build/DerivedSources/resource_bundle_accessor.h -MMD -MT dependencies -MF /Users/fukushimatakumi/Library/Developer/Xcode/DerivedData/SugarBeat-hgoxfxbbugxkfsbmqcjlbmjeaqyg/Build/Intermediates.noindex/GoogleUtilities.build/Debug-iphonesimulator/GoogleUtilities-Environment.build/Objects-normal/arm64/resource_bundle_accessor.d --serialize-diagnostics /Users/fukushimatakumi/Library/Developer/Xcode/DerivedData/SugarBeat-hgoxfxbbugxkfsbmqcjlbmjeaqyg/Build/Intermediates.noindex/GoogleUtilities.build/Debug-iphonesimulator/GoogleUtilities-Environment.build/Objects-normal/arm64/resource_bundle_accessor.dia -c /Users/fukushimatakumi/Library/Developer/Xcode/DerivedData/SugarBeat-hgoxfxbbugxkfsbmqcjlbmjeaqyg/Build/Intermediates.noindex/GoogleUtilities.build/Debug-iphonesimulator/GoogleUtilities-Environment.build/DerivedSources/resource_bundle_accessor.m -o /Users/fukushimatakumi/Library/Developer/Xcode/DerivedData/SugarBeat-hgoxfxbbugxkfsbmqcjlbmjeaqyg/Build/Intermediates.noindex/GoogleUtilities.build/Debug-iphonesimulator/GoogleUtilities-Environment.build/Objects-normal/arm64/resource_bundle_accessor.o -index-unit-output-path /GoogleUtilities.build/Debug-iphonesimulator/GoogleUtilities-Environment.build/Objects-normal/arm64/resource_bundle_accessor.o

CompileC /Users/fukushimatakumi/Library/Developer/Xcode/DerivedData/SugarBeat-hgoxfxbbugxkfsbmqcjlbmjeaqyg/Build/Intermediates.noindex/GoogleUtilities.build/Debug-iphonesimulator/GoogleUtilities-Environment.build/Objects-normal/arm64/GULKeychainUtils.o /Users/fukushimatakumi/Library/Developer/Xcode/DerivedData/SugarBeat-hgoxfxbbugxkfsbmqcjlbmjeaqyg/SourcePackages/checkouts/GoogleUtilities/GoogleUtilities/Environment/SecureStorage/GULKeychainUtils.m normal arm64 objective-c com.apple.compilers.llvm.clang.1_0.compiler (in target 'GoogleUtilities-Environment' from project 'GoogleUtilities')
    cd /Users/fukushimatakumi/develop/sugarbeat/sugarbeat-front
    
    Using response file: /Users/fukushimatakumi/Library/Developer/Xcode/DerivedData/SugarBeat-hgoxfxbbugxkfsbmqcjlbmjeaqyg/Build/Intermediates.noindex/GoogleUtilities.build/Debug-iphonesimulator/GoogleUtilities-Environment.build/Objects-normal/arm64/e6072d4f65d7061329687fe24e3d63a7-common-args.resp
    
    /Applications/Xcode.app/Contents/Developer/Toolchains/XcodeDefault.xctoolchain/usr/bin/clang -x objective-c -ivfsstatcache /Users/fukushimatakumi/Library/Developer/Xcode/DerivedData/SDKStatCaches.noindex/iphonesimulator18.4-22E235-71825a6d136aa4733edcbe86ece5525b.sdkstatcache -fmessage-length\=0 -fdiagnostics-show-note-include-stack -fmacro-backtrace-limit\=0 -fno-color-diagnostics -fmodules-prune-interval\=86400 -fmodules-prune-after\=345600 -fbuild-session-file\=/Users/fukushimatakumi/Library/Developer/Xcode/DerivedData/ModuleCache.noindex/Session.modulevalidation -fmodules-validate-once-per-build-session -Wnon-modular-include-in-framework-module -Werror\=non-modular-include-in-framework-module -Wno-trigraphs -Wno-missing-field-initializers -Wno-missing-prototypes -Wno-return-type -Wno-implicit-atomic-properties -Wno-objc-interface-ivars -Wno-arc-repeated-use-of-weak -Wno-missing-braces -Wparentheses -Wswitch -Wno-unused-function -Wno-unused-label -Wno-unused-parameter -Wno-unused-variable -Wunused-value -Wno-empty-body -Wno-uninitialized -Wno-unknown-pragmas -w -Wno-shadow -Wno-four-char-constants -Wno-conversion -Wno-constant-conversion -Wno-int-conversion -Wno-bool-conversion -Wno-enum-conversion -Wno-float-conversion -Wno-non-literal-null-conversion -Wno-objc-literal-conversion -Wshorten-64-to-32 -Wpointer-sign -Wno-newline-eof -Wno-selector -Wno-strict-selector-match -Wno-undeclared-selector -Wno-deprecated-implementations -Wno-implicit-fallthrough -fstrict-aliasing -Wprotocol -Wdeprecated-declarations -Wno-sign-conversion -Wno-infinite-recursion -Wno-comma -Wno-block-capture-autoreleasing -Wno-strict-prototypes -Wno-semicolon-before-method-body -index-store-path /Users/fukushimatakumi/Library/Developer/Xcode/DerivedData/SugarBeat-hgoxfxbbugxkfsbmqcjlbmjeaqyg/Index.noindex/DataStore @/Users/fukushimatakumi/Library/Developer/Xcode/DerivedData/SugarBeat-hgoxfxbbugxkfsbmqcjlbmjeaqyg/Build/Intermediates.noindex/GoogleUtilities.build/Debug-iphonesimulator/GoogleUtilities-Environment.build/Objects-normal/arm64/e6072d4f65d7061329687fe24e3d63a7-common-args.resp -include /Users/fukushimatakumi/Library/Developer/Xcode/DerivedData/SugarBeat-hgoxfxbbugxkfsbmqcjlbmjeaqyg/Build/Intermediates.noindex/GoogleUtilities.build/Debug-iphonesimulator/GoogleUtilities-Environment.build/DerivedSources/resource_bundle_accessor.h -MMD -MT dependencies -MF /Users/fukushimatakumi/Library/Developer/Xcode/DerivedData/SugarBeat-hgoxfxbbugxkfsbmqcjlbmjeaqyg/Build/Intermediates.noindex/GoogleUtilities.build/Debug-iphonesimulator/GoogleUtilities-Environment.build/Objects-normal/arm64/GULKeychainUtils.d --serialize-diagnostics /Users/fukushimatakumi/Library/Developer/Xcode/DerivedData/SugarBeat-hgoxfxbbugxkfsbmqcjlbmjeaqyg/Build/Intermediates.noindex/GoogleUtilities.build/Debug-iphonesimulator/GoogleUtilities-Environment.build/Objects-normal/arm64/GULKeychainUtils.dia -c /Users/fukushimatakumi/Library/Developer/Xcode/DerivedData/SugarBeat-hgoxfxbbugxkfsbmqcjlbmjeaqyg/SourcePackages/checkouts/GoogleUtilities/GoogleUtilities/Environment/SecureStorage/GULKeychainUtils.m -o /Users/fukushimatakumi/Library/Developer/Xcode/DerivedData/SugarBeat-hgoxfxbbugxkfsbmqcjlbmjeaqyg/Build/Intermediates.noindex/GoogleUtilities.build/Debug-iphonesimulator/GoogleUtilities-Environment.build/Objects-normal/arm64/GULKeychainUtils.o -index-unit-output-path /GoogleUtilities.build/Debug-iphonesimulator/GoogleUtilities-Environment.build/Objects-normal/arm64/GULKeychainUtils.o

CompileC /Users/fukushimatakumi/Library/Developer/Xcode/DerivedData/SugarBeat-hgoxfxbbugxkfsbmqcjlbmjeaqyg/Build/Intermediates.noindex/GoogleUtilities.build/Debug-iphonesimulator/GoogleUtilities-Environment.build/Objects-normal/arm64/GULKeychainStorage.o /Users/fukushimatakumi/Library/Developer/Xcode/DerivedData/SugarBeat-hgoxfxbbugxkfsbmqcjlbmjeaqyg/SourcePackages/checkouts/GoogleUtilities/GoogleUtilities/Environment/SecureStorage/GULKeychainStorage.m normal arm64 objective-c com.apple.compilers.llvm.clang.1_0.compiler (in target 'GoogleUtilities-Environment' from project 'GoogleUtilities')
    cd /Users/fukushimatakumi/develop/sugarbeat/sugarbeat-front
    
    Using response file: /Users/fukushimatakumi/Library/Developer/Xcode/DerivedData/SugarBeat-hgoxfxbbugxkfsbmqcjlbmjeaqyg/Build/Intermediates.noindex/GoogleUtilities.build/Debug-iphonesimulator/GoogleUtilities-Environment.build/Objects-normal/arm64/e6072d4f65d7061329687fe24e3d63a7-common-args.resp
    
    /Applications/Xcode.app/Contents/Developer/Toolchains/XcodeDefault.xctoolchain/usr/bin/clang -x objective-c -ivfsstatcache /Users/fukushimatakumi/Library/Developer/Xcode/DerivedData/SDKStatCaches.noindex/iphonesimulator18.4-22E235-71825a6d136aa4733edcbe86ece5525b.sdkstatcache -fmessage-length\=0 -fdiagnostics-show-note-include-stack -fmacro-backtrace-limit\=0 -fno-color-diagnostics -fmodules-prune-interval\=86400 -fmodules-prune-after\=345600 -fbuild-session-file\=/Users/fukushimatakumi/Library/Developer/Xcode/DerivedData/ModuleCache.noindex/Session.modulevalidation -fmodules-validate-once-per-build-session -Wnon-modular-include-in-framework-module -Werror\=non-modular-include-in-framework-module -Wno-trigraphs -Wno-missing-field-initializers -Wno-missing-prototypes -Wno-return-type -Wno-implicit-atomic-properties -Wno-objc-interface-ivars -Wno-arc-repeated-use-of-weak -Wno-missing-braces -Wparentheses -Wswitch -Wno-unused-function -Wno-unused-label -Wno-unused-parameter -Wno-unused-variable -Wunused-value -Wno-empty-body -Wno-uninitialized -Wno-unknown-pragmas -w -Wno-shadow -Wno-four-char-constants -Wno-conversion -Wno-constant-conversion -Wno-int-conversion -Wno-bool-conversion -Wno-enum-conversion -Wno-float-conversion -Wno-non-literal-null-conversion -Wno-objc-literal-conversion -Wshorten-64-to-32 -Wpointer-sign -Wno-newline-eof -Wno-selector -Wno-strict-selector-match -Wno-undeclared-selector -Wno-deprecated-implementations -Wno-implicit-fallthrough -fstrict-aliasing -Wprotocol -Wdeprecated-declarations -Wno-sign-conversion -Wno-infinite-recursion -Wno-comma -Wno-block-capture-autoreleasing -Wno-strict-prototypes -Wno-semicolon-before-method-body -index-store-path /Users/fukushimatakumi/Library/Developer/Xcode/DerivedData/SugarBeat-hgoxfxbbugxkfsbmqcjlbmjeaqyg/Index.noindex/DataStore @/Users/fukushimatakumi/Library/Developer/Xcode/DerivedData/SugarBeat-hgoxfxbbugxkfsbmqcjlbmjeaqyg/Build/Intermediates.noindex/GoogleUtilities.build/Debug-iphonesimulator/GoogleUtilities-Environment.build/Objects-normal/arm64/e6072d4f65d7061329687fe24e3d63a7-common-args.resp -include /Users/fukushimatakumi/Library/Developer/Xcode/DerivedData/SugarBeat-hgoxfxbbugxkfsbmqcjlbmjeaqyg/Build/Intermediates.noindex/GoogleUtilities.build/Debug-iphonesimulator/GoogleUtilities-Environment.build/DerivedSources/resource_bundle_accessor.h -MMD -MT dependencies -MF /Users/fukushimatakumi/Library/Developer/Xcode/DerivedData/SugarBeat-hgoxfxbbugxkfsbmqcjlbmjeaqyg/Build/Intermediates.noindex/GoogleUtilities.build/Debug-iphonesimulator/GoogleUtilities-Environment.build/Objects-normal/arm64/GULKeychainStorage.d --serialize-diagnostics /Users/fukushimatakumi/Library/Developer/Xcode/DerivedData/SugarBeat-hgoxfxbbugxkfsbmqcjlbmjeaqyg/Build/Intermediates.noindex/GoogleUtilities.build/Debug-iphonesimulator/GoogleUtilities-Environment.build/Objects-normal/arm64/GULKeychainStorage.dia -c /Users/fukushimatakumi/Library/Developer/Xcode/DerivedData/SugarBeat-hgoxfxbbugxkfsbmqcjlbmjeaqyg/SourcePackages/checkouts/GoogleUtilities/GoogleUtilities/Environment/SecureStorage/GULKeychainStorage.m -o /Users/fukushimatakumi/Library/Developer/Xcode/DerivedData/SugarBeat-hgoxfxbbugxkfsbmqcjlbmjeaqyg/Build/Intermediates.noindex/GoogleUtilities.build/Debug-iphonesimulator/GoogleUtilities-Environment.build/Objects-normal/arm64/GULKeychainStorage.o -index-unit-output-path /GoogleUtilities.build/Debug-iphonesimulator/GoogleUtilities-Environment.build/Objects-normal/arm64/GULKeychainStorage.o

PrecompileModule /Users/fukushimatakumi/Library/Developer/Xcode/DerivedData/SugarBeat-hgoxfxbbugxkfsbmqcjlbmjeaqyg/Build/Intermediates.noindex/ExplicitPrecompiledModules/Dispatch-1U5UMOXUUIETK6EWN3D7QUYWO.scan
    cd /Users/fukushimatakumi/develop/sugarbeat/sugarbeat-front
    builtin-precompileModule /Users/fukushimatakumi/Library/Developer/Xcode/DerivedData/SugarBeat-hgoxfxbbugxkfsbmqcjlbmjeaqyg/Build/Intermediates.noindex/ExplicitPrecompiledModules/Dispatch-1U5UMOXUUIETK6EWN3D7QUYWO.scan

PrecompileModule /Users/fukushimatakumi/Library/Developer/Xcode/DerivedData/SugarBeat-hgoxfxbbugxkfsbmqcjlbmjeaqyg/Build/Intermediates.noindex/ExplicitPrecompiledModules/OpenGLES-A1FO0Y51UBWCD1AXVMM9D20VB.scan
    cd /Users/fukushimatakumi/develop/sugarbeat/sugarbeat-front
    builtin-precompileModule /Users/fukushimatakumi/Library/Developer/Xcode/DerivedData/SugarBeat-hgoxfxbbugxkfsbmqcjlbmjeaqyg/Build/Intermediates.noindex/ExplicitPrecompiledModules/OpenGLES-A1FO0Y51UBWCD1AXVMM9D20VB.scan

PrecompileModule /Users/fukushimatakumi/Library/Developer/Xcode/DerivedData/SugarBeat-hgoxfxbbugxkfsbmqcjlbmjeaqyg/Build/Intermediates.noindex/ExplicitPrecompiledModules/UserNotifications-7F5TK7FE6I6HHH62ZHL9UY4CQ.scan
    cd /Users/fukushimatakumi/develop/sugarbeat/sugarbeat-front
    builtin-precompileModule /Users/fukushimatakumi/Library/Developer/Xcode/DerivedData/SugarBeat-hgoxfxbbugxkfsbmqcjlbmjeaqyg/Build/Intermediates.noindex/ExplicitPrecompiledModules/UserNotifications-7F5TK7FE6I6HHH62ZHL9UY4CQ.scan

PrecompileModule /Users/fukushimatakumi/Library/Developer/Xcode/DerivedData/SugarBeat-hgoxfxbbugxkfsbmqcjlbmjeaqyg/Build/Intermediates.noindex/ExplicitPrecompiledModules/IOSurface-7KX5D1K53OD0SUGI6VYZIVJ58.scan
    cd /Users/fukushimatakumi/develop/sugarbeat/sugarbeat-front
    builtin-precompileModule /Users/fukushimatakumi/Library/Developer/Xcode/DerivedData/SugarBeat-hgoxfxbbugxkfsbmqcjlbmjeaqyg/Build/Intermediates.noindex/ExplicitPrecompiledModules/IOSurface-7KX5D1K53OD0SUGI6VYZIVJ58.scan

CompileC /Users/fukushimatakumi/Library/Developer/Xcode/DerivedData/SugarBeat-hgoxfxbbugxkfsbmqcjlbmjeaqyg/Build/Intermediates.noindex/nanopb.build/Debug-iphonesimulator/nanopb.build/Objects-normal/arm64/resource_bundle_accessor.o /Users/fukushimatakumi/Library/Developer/Xcode/DerivedData/SugarBeat-hgoxfxbbugxkfsbmqcjlbmjeaqyg/Build/Intermediates.noindex/nanopb.build/Debug-iphonesimulator/nanopb.build/DerivedSources/resource_bundle_accessor.m normal arm64 objective-c com.apple.compilers.llvm.clang.1_0.compiler (in target 'nanopb' from project 'nanopb')
    cd /Users/fukushimatakumi/develop/sugarbeat/sugarbeat-front
    
    Using response file: /Users/fukushimatakumi/Library/Developer/Xcode/DerivedData/SugarBeat-hgoxfxbbugxkfsbmqcjlbmjeaqyg/Build/Intermediates.noindex/nanopb.build/Debug-iphonesimulator/nanopb.build/Objects-normal/arm64/e6072d4f65d7061329687fe24e3d63a7-common-args.resp
    
    /Applications/Xcode.app/Contents/Developer/Toolchains/XcodeDefault.xctoolchain/usr/bin/clang -x objective-c -ivfsstatcache /Users/fukushimatakumi/Library/Developer/Xcode/DerivedData/SDKStatCaches.noindex/iphonesimulator18.4-22E235-71825a6d136aa4733edcbe86ece5525b.sdkstatcache -fmessage-length\=0 -fdiagnostics-show-note-include-stack -fmacro-backtrace-limit\=0 -fno-color-diagnostics -fmodules-prune-interval\=86400 -fmodules-prune-after\=345600 -fbuild-session-file\=/Users/fukushimatakumi/Library/Developer/Xcode/DerivedData/ModuleCache.noindex/Session.modulevalidation -fmodules-validate-once-per-build-session -Wnon-modular-include-in-framework-module -Werror\=non-modular-include-in-framework-module -Wno-trigraphs -Wno-missing-field-initializers -Wno-missing-prototypes -Wno-return-type -Wno-implicit-atomic-properties -Wno-objc-interface-ivars -Wno-arc-repeated-use-of-weak -Wno-missing-braces -Wparentheses -Wswitch -Wno-unused-function -Wno-unused-label -Wno-unused-parameter -Wno-unused-variable -Wunused-value -Wno-empty-body -Wno-uninitialized -Wno-unknown-pragmas -w -Wno-shadow -Wno-four-char-constants -Wno-conversion -Wno-constant-conversion -Wno-int-conversion -Wno-bool-conversion -Wno-enum-conversion -Wno-float-conversion -Wno-non-literal-null-conversion -Wno-objc-literal-conversion -Wshorten-64-to-32 -Wpointer-sign -Wno-newline-eof -Wno-selector -Wno-strict-selector-match -Wno-undeclared-selector -Wno-deprecated-implementations -Wno-implicit-fallthrough -fstrict-aliasing -Wprotocol -Wdeprecated-declarations -Wno-sign-conversion -Wno-infinite-recursion -Wno-comma -Wno-block-capture-autoreleasing -Wno-strict-prototypes -Wno-semicolon-before-method-body -index-store-path /Users/fukushimatakumi/Library/Developer/Xcode/DerivedData/SugarBeat-hgoxfxbbugxkfsbmqcjlbmjeaqyg/Index.noindex/DataStore @/Users/fukushimatakumi/Library/Developer/Xcode/DerivedData/SugarBeat-hgoxfxbbugxkfsbmqcjlbmjeaqyg/Build/Intermediates.noindex/nanopb.build/Debug-iphonesimulator/nanopb.build/Objects-normal/arm64/e6072d4f65d7061329687fe24e3d63a7-common-args.resp -include /Users/fukushimatakumi/Library/Developer/Xcode/DerivedData/SugarBeat-hgoxfxbbugxkfsbmqcjlbmjeaqyg/Build/Intermediates.noindex/nanopb.build/Debug-iphonesimulator/nanopb.build/DerivedSources/resource_bundle_accessor.h -MMD -MT dependencies -MF /Users/fukushimatakumi/Library/Developer/Xcode/DerivedData/SugarBeat-hgoxfxbbugxkfsbmqcjlbmjeaqyg/Build/Intermediates.noindex/nanopb.build/Debug-iphonesimulator/nanopb.build/Objects-normal/arm64/resource_bundle_accessor.d --serialize-diagnostics /Users/fukushimatakumi/Library/Developer/Xcode/DerivedData/SugarBeat-hgoxfxbbugxkfsbmqcjlbmjeaqyg/Build/Intermediates.noindex/nanopb.build/Debug-iphonesimulator/nanopb.build/Objects-normal/arm64/resource_bundle_accessor.dia -c /Users/fukushimatakumi/Library/Developer/Xcode/DerivedData/SugarBeat-hgoxfxbbugxkfsbmqcjlbmjeaqyg/Build/Intermediates.noindex/nanopb.build/Debug-iphonesimulator/nanopb.build/DerivedSources/resource_bundle_accessor.m -o /Users/fukushimatakumi/Library/Developer/Xcode/DerivedData/SugarBeat-hgoxfxbbugxkfsbmqcjlbmjeaqyg/Build/Intermediates.noindex/nanopb.build/Debug-iphonesimulator/nanopb.build/Objects-normal/arm64/resource_bundle_accessor.o -index-unit-output-path /nanopb.build/Debug-iphonesimulator/nanopb.build/Objects-normal/arm64/resource_bundle_accessor.o

PrecompileModule /Users/fukushimatakumi/Library/Developer/Xcode/DerivedData/SugarBeat-hgoxfxbbugxkfsbmqcjlbmjeaqyg/Build/Intermediates.noindex/ExplicitPrecompiledModules/CoreFoundation-7ZUAM9RF8DCQUMBLWYCKXKM5A.scan
    cd /Users/fukushimatakumi/develop/sugarbeat/sugarbeat-front
    builtin-precompileModule /Users/fukushimatakumi/Library/Developer/Xcode/DerivedData/SugarBeat-hgoxfxbbugxkfsbmqcjlbmjeaqyg/Build/Intermediates.noindex/ExplicitPrecompiledModules/CoreFoundation-7ZUAM9RF8DCQUMBLWYCKXKM5A.scan

PrecompileModule /Users/fukushimatakumi/Library/Developer/Xcode/DerivedData/SugarBeat-hgoxfxbbugxkfsbmqcjlbmjeaqyg/Build/Intermediates.noindex/ExplicitPrecompiledModules/Symbols-DOJQ6GDNFL74UK5X8ZXE07P49.scan
    cd /Users/fukushimatakumi/develop/sugarbeat/sugarbeat-front
    builtin-precompileModule /Users/fukushimatakumi/Library/Developer/Xcode/DerivedData/SugarBeat-hgoxfxbbugxkfsbmqcjlbmjeaqyg/Build/Intermediates.noindex/ExplicitPrecompiledModules/Symbols-DOJQ6GDNFL74UK5X8ZXE07P49.scan

PrecompileModule /Users/fukushimatakumi/Library/Developer/Xcode/DerivedData/SugarBeat-hgoxfxbbugxkfsbmqcjlbmjeaqyg/Build/Intermediates.noindex/ExplicitPrecompiledModules/FileProvider-A8YJ8BC3RNT90DV6YN8WSEEE4.scan
    cd /Users/fukushimatakumi/develop/sugarbeat/sugarbeat-front
    builtin-precompileModule /Users/fukushimatakumi/Library/Developer/Xcode/DerivedData/SugarBeat-hgoxfxbbugxkfsbmqcjlbmjeaqyg/Build/Intermediates.noindex/ExplicitPrecompiledModules/FileProvider-A8YJ8BC3RNT90DV6YN8WSEEE4.scan

PrecompileModule /Users/fukushimatakumi/Library/Developer/Xcode/DerivedData/SugarBeat-hgoxfxbbugxkfsbmqcjlbmjeaqyg/Build/Intermediates.noindex/ExplicitPrecompiledModules/CoreTelephony-3E5ZKBS4I10DDGGUVVFV0JM0.scan
    cd /Users/fukushimatakumi/develop/sugarbeat/sugarbeat-front
    builtin-precompileModule /Users/fukushimatakumi/Library/Developer/Xcode/DerivedData/SugarBeat-hgoxfxbbugxkfsbmqcjlbmjeaqyg/Build/Intermediates.noindex/ExplicitPrecompiledModules/CoreTelephony-3E5ZKBS4I10DDGGUVVFV0JM0.scan

PrecompileModule /Users/fukushimatakumi/Library/Developer/Xcode/DerivedData/SugarBeat-hgoxfxbbugxkfsbmqcjlbmjeaqyg/Build/Intermediates.noindex/ExplicitPrecompiledModules/XPC-6GKLFSBZJYKMZWBQFVKN3KJ2O.scan
    cd /Users/fukushimatakumi/develop/sugarbeat/sugarbeat-front
    builtin-precompileModule /Users/fukushimatakumi/Library/Developer/Xcode/DerivedData/SugarBeat-hgoxfxbbugxkfsbmqcjlbmjeaqyg/Build/Intermediates.noindex/ExplicitPrecompiledModules/XPC-6GKLFSBZJYKMZWBQFVKN3KJ2O.scan

PrecompileModule /Users/fukushimatakumi/Library/Developer/Xcode/DerivedData/SugarBeat-hgoxfxbbugxkfsbmqcjlbmjeaqyg/Build/Intermediates.noindex/ExplicitPrecompiledModules/CoreFoundation-59HCIKJYPBQ17Y67Y2HL8QO5A.scan
    cd /Users/fukushimatakumi/develop/sugarbeat/sugarbeat-front
    builtin-precompileModule /Users/fukushimatakumi/Library/Developer/Xcode/DerivedData/SugarBeat-hgoxfxbbugxkfsbmqcjlbmjeaqyg/Build/Intermediates.noindex/ExplicitPrecompiledModules/CoreFoundation-59HCIKJYPBQ17Y67Y2HL8QO5A.scan

PrecompileModule /Users/fukushimatakumi/Library/Developer/Xcode/DerivedData/SugarBeat-hgoxfxbbugxkfsbmqcjlbmjeaqyg/Build/Intermediates.noindex/ExplicitPrecompiledModules/XPC-5QO375SSFSVKO8TRPBXWUK5QG.scan
    cd /Users/fukushimatakumi/develop/sugarbeat/sugarbeat-front
    builtin-precompileModule /Users/fukushimatakumi/Library/Developer/Xcode/DerivedData/SugarBeat-hgoxfxbbugxkfsbmqcjlbmjeaqyg/Build/Intermediates.noindex/ExplicitPrecompiledModules/XPC-5QO375SSFSVKO8TRPBXWUK5QG.scan

ScanDependencies /Users/fukushimatakumi/Library/Developer/Xcode/DerivedData/SugarBeat-hgoxfxbbugxkfsbmqcjlbmjeaqyg/Build/Intermediates.noindex/AppAuth.build/Debug-iphonesimulator/AppAuthCore.build/Objects-normal/arm64/OIDAuthorizationService.o /Users/fukushimatakumi/Library/Developer/Xcode/DerivedData/SugarBeat-hgoxfxbbugxkfsbmqcjlbmjeaqyg/SourcePackages/checkouts/AppAuth-iOS/Sources/AppAuthCore/OIDAuthorizationService.m normal arm64 objective-c com.apple.compilers.llvm.clang.1_0.compiler (in target 'AppAuthCore' from project 'AppAuth')
    cd /Users/fukushimatakumi/develop/sugarbeat/sugarbeat-front
    
    Using response file: /Users/fukushimatakumi/Library/Developer/Xcode/DerivedData/SugarBeat-hgoxfxbbugxkfsbmqcjlbmjeaqyg/Build/Intermediates.noindex/AppAuth.build/Debug-iphonesimulator/AppAuthCore.build/Objects-normal/arm64/e6072d4f65d7061329687fe24e3d63a7-common-args.resp
    
    builtin-ScanDependencies -o /Users/fukushimatakumi/Library/Developer/Xcode/DerivedData/SugarBeat-hgoxfxbbugxkfsbmqcjlbmjeaqyg/Build/Intermediates.noindex/AppAuth.build/Debug-iphonesimulator/AppAuthCore.build/Objects-normal/arm64/OIDAuthorizationService.o.scan -- /Applications/Xcode.app/Contents/Developer/Toolchains/XcodeDefault.xctoolchain/usr/bin/clang -x objective-c -ivfsstatcache /Users/fukushimatakumi/Library/Developer/Xcode/DerivedData/SDKStatCaches.noindex/iphonesimulator18.4-22E235-71825a6d136aa4733edcbe86ece5525b.sdkstatcache -fmessage-length\=0 -fdiagnostics-show-note-include-stack -fmacro-backtrace-limit\=0 -fno-color-diagnostics -fmodules-prune-interval\=86400 -fmodules-prune-after\=345600 -fbuild-session-file\=/Users/fukushimatakumi/Library/Developer/Xcode/DerivedData/ModuleCache.noindex/Session.modulevalidation -fmodules-validate-once-per-build-session -Wnon-modular-include-in-framework-module -Werror\=non-modular-include-in-framework-module -Wno-trigraphs -Wno-missing-field-initializers -Wno-missing-prototypes -Wno-return-type -Wno-implicit-atomic-properties -Wno-objc-interface-ivars -Wno-arc-repeated-use-of-weak -Wno-missing-braces -Wparentheses -Wswitch -Wno-unused-function -Wno-unused-label -Wno-unused-parameter -Wno-unused-variable -Wunused-value -Wno-empty-body -Wno-uninitialized -Wno-unknown-pragmas -w -Wno-shadow -Wno-four-char-constants -Wno-conversion -Wno-constant-conversion -Wno-int-conversion -Wno-bool-conversion -Wno-enum-conversion -Wno-float-conversion -Wno-non-literal-null-conversion -Wno-objc-literal-conversion -Wshorten-64-to-32 -Wpointer-sign -Wno-newline-eof -Wno-selector -Wno-strict-selector-match -Wno-undeclared-selector -Wno-deprecated-implementations -Wno-implicit-fallthrough -fstrict-aliasing -Wprotocol -Wdeprecated-declarations -Wno-sign-conversion -Wno-infinite-recursion -Wno-comma -Wno-block-capture-autoreleasing -Wno-strict-prototypes -Wno-semicolon-before-method-body -index-store-path /Users/fukushimatakumi/Library/Developer/Xcode/DerivedData/SugarBeat-hgoxfxbbugxkfsbmqcjlbmjeaqyg/Index.noindex/DataStore @/Users/fukushimatakumi/Library/Developer/Xcode/DerivedData/SugarBeat-hgoxfxbbugxkfsbmqcjlbmjeaqyg/Build/Intermediates.noindex/AppAuth.build/Debug-iphonesimulator/AppAuthCore.build/Objects-normal/arm64/e6072d4f65d7061329687fe24e3d63a7-common-args.resp -include /Users/fukushimatakumi/Library/Developer/Xcode/DerivedData/SugarBeat-hgoxfxbbugxkfsbmqcjlbmjeaqyg/Build/Intermediates.noindex/AppAuth.build/Debug-iphonesimulator/AppAuthCore.build/DerivedSources/resource_bundle_accessor.h -MMD -MT dependencies -MF /Users/fukushimatakumi/Library/Developer/Xcode/DerivedData/SugarBeat-hgoxfxbbugxkfsbmqcjlbmjeaqyg/Build/Intermediates.noindex/AppAuth.build/Debug-iphonesimulator/AppAuthCore.build/Objects-normal/arm64/OIDAuthorizationService.d --serialize-diagnostics /Users/fukushimatakumi/Library/Developer/Xcode/DerivedData/SugarBeat-hgoxfxbbugxkfsbmqcjlbmjeaqyg/Build/Intermediates.noindex/AppAuth.build/Debug-iphonesimulator/AppAuthCore.build/Objects-normal/arm64/OIDAuthorizationService.dia -c /Users/fukushimatakumi/Library/Developer/Xcode/DerivedData/SugarBeat-hgoxfxbbugxkfsbmqcjlbmjeaqyg/SourcePackages/checkouts/AppAuth-iOS/Sources/AppAuthCore/OIDAuthorizationService.m -o /Users/fukushimatakumi/Library/Developer/Xcode/DerivedData/SugarBeat-hgoxfxbbugxkfsbmqcjlbmjeaqyg/Build/Intermediates.noindex/AppAuth.build/Debug-iphonesimulator/AppAuthCore.build/Objects-normal/arm64/OIDAuthorizationService.o -index-unit-output-path /AppAuth.build/Debug-iphonesimulator/AppAuthCore.build/Objects-normal/arm64/OIDAuthorizationService.o

ScanDependencies /Users/fukushimatakumi/Library/Developer/Xcode/DerivedData/SugarBeat-hgoxfxbbugxkfsbmqcjlbmjeaqyg/Build/Intermediates.noindex/AppAuth.build/Debug-iphonesimulator/AppAuthCore.build/Objects-normal/arm64/OIDAuthorizationResponse.o /Users/fukushimatakumi/Library/Developer/Xcode/DerivedData/SugarBeat-hgoxfxbbugxkfsbmqcjlbmjeaqyg/SourcePackages/checkouts/AppAuth-iOS/Sources/AppAuthCore/OIDAuthorizationResponse.m normal arm64 objective-c com.apple.compilers.llvm.clang.1_0.compiler (in target 'AppAuthCore' from project 'AppAuth')
    cd /Users/fukushimatakumi/develop/sugarbeat/sugarbeat-front
    
    Using response file: /Users/fukushimatakumi/Library/Developer/Xcode/DerivedData/SugarBeat-hgoxfxbbugxkfsbmqcjlbmjeaqyg/Build/Intermediates.noindex/AppAuth.build/Debug-iphonesimulator/AppAuthCore.build/Objects-normal/arm64/e6072d4f65d7061329687fe24e3d63a7-common-args.resp
    
    builtin-ScanDependencies -o /Users/fukushimatakumi/Library/Developer/Xcode/DerivedData/SugarBeat-hgoxfxbbugxkfsbmqcjlbmjeaqyg/Build/Intermediates.noindex/AppAuth.build/Debug-iphonesimulator/AppAuthCore.build/Objects-normal/arm64/OIDAuthorizationResponse.o.scan -- /Applications/Xcode.app/Contents/Developer/Toolchains/XcodeDefault.xctoolchain/usr/bin/clang -x objective-c -ivfsstatcache /Users/fukushimatakumi/Library/Developer/Xcode/DerivedData/SDKStatCaches.noindex/iphonesimulator18.4-22E235-71825a6d136aa4733edcbe86ece5525b.sdkstatcache -fmessage-length\=0 -fdiagnostics-show-note-include-stack -fmacro-backtrace-limit\=0 -fno-color-diagnostics -fmodules-prune-interval\=86400 -fmodules-prune-after\=345600 -fbuild-session-file\=/Users/fukushimatakumi/Library/Developer/Xcode/DerivedData/ModuleCache.noindex/Session.modulevalidation -fmodules-validate-once-per-build-session -Wnon-modular-include-in-framework-module -Werror\=non-modular-include-in-framework-module -Wno-trigraphs -Wno-missing-field-initializers -Wno-missing-prototypes -Wno-return-type -Wno-implicit-atomic-properties -Wno-objc-interface-ivars -Wno-arc-repeated-use-of-weak -Wno-missing-braces -Wparentheses -Wswitch -Wno-unused-function -Wno-unused-label -Wno-unused-parameter -Wno-unused-variable -Wunused-value -Wno-empty-body -Wno-uninitialized -Wno-unknown-pragmas -w -Wno-shadow -Wno-four-char-constants -Wno-conversion -Wno-constant-conversion -Wno-int-conversion -Wno-bool-conversion -Wno-enum-conversion -Wno-float-conversion -Wno-non-literal-null-conversion -Wno-objc-literal-conversion -Wshorten-64-to-32 -Wpointer-sign -Wno-newline-eof -Wno-selector -Wno-strict-selector-match -Wno-undeclared-selector -Wno-deprecated-implementations -Wno-implicit-fallthrough -fstrict-aliasing -Wprotocol -Wdeprecated-declarations -Wno-sign-conversion -Wno-infinite-recursion -Wno-comma -Wno-block-capture-autoreleasing -Wno-strict-prototypes -Wno-semicolon-before-method-body -index-store-path /Users/fukushimatakumi/Library/Developer/Xcode/DerivedData/SugarBeat-hgoxfxbbugxkfsbmqcjlbmjeaqyg/Index.noindex/DataStore @/Users/fukushimatakumi/Library/Developer/Xcode/DerivedData/SugarBeat-hgoxfxbbugxkfsbmqcjlbmjeaqyg/Build/Intermediates.noindex/AppAuth.build/Debug-iphonesimulator/AppAuthCore.build/Objects-normal/arm64/e6072d4f65d7061329687fe24e3d63a7-common-args.resp -include /Users/fukushimatakumi/Library/Developer/Xcode/DerivedData/SugarBeat-hgoxfxbbugxkfsbmqcjlbmjeaqyg/Build/Intermediates.noindex/AppAuth.build/Debug-iphonesimulator/AppAuthCore.build/DerivedSources/resource_bundle_accessor.h -MMD -MT dependencies -MF /Users/fukushimatakumi/Library/Developer/Xcode/DerivedData/SugarBeat-hgoxfxbbugxkfsbmqcjlbmjeaqyg/Build/Intermediates.noindex/AppAuth.build/Debug-iphonesimulator/AppAuthCore.build/Objects-normal/arm64/OIDAuthorizationResponse.d --serialize-diagnostics /Users/fukushimatakumi/Library/Developer/Xcode/DerivedData/SugarBeat-hgoxfxbbugxkfsbmqcjlbmjeaqyg/Build/Intermediates.noindex/AppAuth.build/Debug-iphonesimulator/AppAuthCore.build/Objects-normal/arm64/OIDAuthorizationResponse.dia -c /Users/fukushimatakumi/Library/Developer/Xcode/DerivedData/SugarBeat-hgoxfxbbugxkfsbmqcjlbmjeaqyg/SourcePackages/checkouts/AppAuth-iOS/Sources/AppAuthCore/OIDAuthorizationResponse.m -o /Users/fukushimatakumi/Library/Developer/Xcode/DerivedData/SugarBeat-hgoxfxbbugxkfsbmqcjlbmjeaqyg/Build/Intermediates.noindex/AppAuth.build/Debug-iphonesimulator/AppAuthCore.build/Objects-normal/arm64/OIDAuthorizationResponse.o -index-unit-output-path /AppAuth.build/Debug-iphonesimulator/AppAuthCore.build/Objects-normal/arm64/OIDAuthorizationResponse.o

PrecompileModule /Users/fukushimatakumi/Library/Developer/Xcode/DerivedData/SugarBeat-hgoxfxbbugxkfsbmqcjlbmjeaqyg/Build/Intermediates.noindex/ExplicitPrecompiledModules/Metal-503DOKLVIFQ4G4S1EG74SSMXL.scan
    cd /Users/fukushimatakumi/develop/sugarbeat/sugarbeat-front
    builtin-precompileModule /Users/fukushimatakumi/Library/Developer/Xcode/DerivedData/SugarBeat-hgoxfxbbugxkfsbmqcjlbmjeaqyg/Build/Intermediates.noindex/ExplicitPrecompiledModules/Metal-503DOKLVIFQ4G4S1EG74SSMXL.scan

ScanDependencies /Users/fukushimatakumi/Library/Developer/Xcode/DerivedData/SugarBeat-hgoxfxbbugxkfsbmqcjlbmjeaqyg/Build/Intermediates.noindex/AppAuth.build/Debug-iphonesimulator/AppAuthCore.build/Objects-normal/arm64/OIDAuthorizationRequest.o /Users/fukushimatakumi/Library/Developer/Xcode/DerivedData/SugarBeat-hgoxfxbbugxkfsbmqcjlbmjeaqyg/SourcePackages/checkouts/AppAuth-iOS/Sources/AppAuthCore/OIDAuthorizationRequest.m normal arm64 objective-c com.apple.compilers.llvm.clang.1_0.compiler (in target 'AppAuthCore' from project 'AppAuth')
    cd /Users/fukushimatakumi/develop/sugarbeat/sugarbeat-front
    
    Using response file: /Users/fukushimatakumi/Library/Developer/Xcode/DerivedData/SugarBeat-hgoxfxbbugxkfsbmqcjlbmjeaqyg/Build/Intermediates.noindex/AppAuth.build/Debug-iphonesimulator/AppAuthCore.build/Objects-normal/arm64/e6072d4f65d7061329687fe24e3d63a7-common-args.resp
    
    builtin-ScanDependencies -o /Users/fukushimatakumi/Library/Developer/Xcode/DerivedData/SugarBeat-hgoxfxbbugxkfsbmqcjlbmjeaqyg/Build/Intermediates.noindex/AppAuth.build/Debug-iphonesimulator/AppAuthCore.build/Objects-normal/arm64/OIDAuthorizationRequest.o.scan -- /Applications/Xcode.app/Contents/Developer/Toolchains/XcodeDefault.xctoolchain/usr/bin/clang -x objective-c -ivfsstatcache /Users/fukushimatakumi/Library/Developer/Xcode/DerivedData/SDKStatCaches.noindex/iphonesimulator18.4-22E235-71825a6d136aa4733edcbe86ece5525b.sdkstatcache -fmessage-length\=0 -fdiagnostics-show-note-include-stack -fmacro-backtrace-limit\=0 -fno-color-diagnostics -fmodules-prune-interval\=86400 -fmodules-prune-after\=345600 -fbuild-session-file\=/Users/fukushimatakumi/Library/Developer/Xcode/DerivedData/ModuleCache.noindex/Session.modulevalidation -fmodules-validate-once-per-build-session -Wnon-modular-include-in-framework-module -Werror\=non-modular-include-in-framework-module -Wno-trigraphs -Wno-missing-field-initializers -Wno-missing-prototypes -Wno-return-type -Wno-implicit-atomic-properties -Wno-objc-interface-ivars -Wno-arc-repeated-use-of-weak -Wno-missing-braces -Wparentheses -Wswitch -Wno-unused-function -Wno-unused-label -Wno-unused-parameter -Wno-unused-variable -Wunused-value -Wno-empty-body -Wno-uninitialized -Wno-unknown-pragmas -w -Wno-shadow -Wno-four-char-constants -Wno-conversion -Wno-constant-conversion -Wno-int-conversion -Wno-bool-conversion -Wno-enum-conversion -Wno-float-conversion -Wno-non-literal-null-conversion -Wno-objc-literal-conversion -Wshorten-64-to-32 -Wpointer-sign -Wno-newline-eof -Wno-selector -Wno-strict-selector-match -Wno-undeclared-selector -Wno-deprecated-implementations -Wno-implicit-fallthrough -fstrict-aliasing -Wprotocol -Wdeprecated-declarations -Wno-sign-conversion -Wno-infinite-recursion -Wno-comma -Wno-block-capture-autoreleasing -Wno-strict-prototypes -Wno-semicolon-before-method-body -index-store-path /Users/fukushimatakumi/Library/Developer/Xcode/DerivedData/SugarBeat-hgoxfxbbugxkfsbmqcjlbmjeaqyg/Index.noindex/DataStore @/Users/fukushimatakumi/Library/Developer/Xcode/DerivedData/SugarBeat-hgoxfxbbugxkfsbmqcjlbmjeaqyg/Build/Intermediates.noindex/AppAuth.build/Debug-iphonesimulator/AppAuthCore.build/Objects-normal/arm64/e6072d4f65d7061329687fe24e3d63a7-common-args.resp -include /Users/fukushimatakumi/Library/Developer/Xcode/DerivedData/SugarBeat-hgoxfxbbugxkfsbmqcjlbmjeaqyg/Build/Intermediates.noindex/AppAuth.build/Debug-iphonesimulator/AppAuthCore.build/DerivedSources/resource_bundle_accessor.h -MMD -MT dependencies -MF /Users/fukushimatakumi/Library/Developer/Xcode/DerivedData/SugarBeat-hgoxfxbbugxkfsbmqcjlbmjeaqyg/Build/Intermediates.noindex/AppAuth.build/Debug-iphonesimulator/AppAuthCore.build/Objects-normal/arm64/OIDAuthorizationRequest.d --serialize-diagnostics /Users/fukushimatakumi/Library/Developer/Xcode/DerivedData/SugarBeat-hgoxfxbbugxkfsbmqcjlbmjeaqyg/Build/Intermediates.noindex/AppAuth.build/Debug-iphonesimulator/AppAuthCore.build/Objects-normal/arm64/OIDAuthorizationRequest.dia -c /Users/fukushimatakumi/Library/Developer/Xcode/DerivedData/SugarBeat-hgoxfxbbugxkfsbmqcjlbmjeaqyg/SourcePackages/checkouts/AppAuth-iOS/Sources/AppAuthCore/OIDAuthorizationRequest.m -o /Users/fukushimatakumi/Library/Developer/Xcode/DerivedData/SugarBeat-hgoxfxbbugxkfsbmqcjlbmjeaqyg/Build/Intermediates.noindex/AppAuth.build/Debug-iphonesimulator/AppAuthCore.build/Objects-normal/arm64/OIDAuthorizationRequest.o -index-unit-output-path /AppAuth.build/Debug-iphonesimulator/AppAuthCore.build/Objects-normal/arm64/OIDAuthorizationRequest.o

CompileC /Users/fukushimatakumi/Library/Developer/Xcode/DerivedData/SugarBeat-hgoxfxbbugxkfsbmqcjlbmjeaqyg/Build/Intermediates.noindex/GoogleUtilities.build/Debug-iphonesimulator/GoogleUtilities-Environment.build/Objects-normal/arm64/GULNetworkInfo.o /Users/fukushimatakumi/Library/Developer/Xcode/DerivedData/SugarBeat-hgoxfxbbugxkfsbmqcjlbmjeaqyg/SourcePackages/checkouts/GoogleUtilities/GoogleUtilities/Environment/NetworkInfo/GULNetworkInfo.m normal arm64 objective-c com.apple.compilers.llvm.clang.1_0.compiler (in target 'GoogleUtilities-Environment' from project 'GoogleUtilities')
    cd /Users/fukushimatakumi/develop/sugarbeat/sugarbeat-front
    
    Using response file: /Users/fukushimatakumi/Library/Developer/Xcode/DerivedData/SugarBeat-hgoxfxbbugxkfsbmqcjlbmjeaqyg/Build/Intermediates.noindex/GoogleUtilities.build/Debug-iphonesimulator/GoogleUtilities-Environment.build/Objects-normal/arm64/e6072d4f65d7061329687fe24e3d63a7-common-args.resp
    
    /Applications/Xcode.app/Contents/Developer/Toolchains/XcodeDefault.xctoolchain/usr/bin/clang -x objective-c -ivfsstatcache /Users/fukushimatakumi/Library/Developer/Xcode/DerivedData/SDKStatCaches.noindex/iphonesimulator18.4-22E235-71825a6d136aa4733edcbe86ece5525b.sdkstatcache -fmessage-length\=0 -fdiagnostics-show-note-include-stack -fmacro-backtrace-limit\=0 -fno-color-diagnostics -fmodules-prune-interval\=86400 -fmodules-prune-after\=345600 -fbuild-session-file\=/Users/fukushimatakumi/Library/Developer/Xcode/DerivedData/ModuleCache.noindex/Session.modulevalidation -fmodules-validate-once-per-build-session -Wnon-modular-include-in-framework-module -Werror\=non-modular-include-in-framework-module -Wno-trigraphs -Wno-missing-field-initializers -Wno-missing-prototypes -Wno-return-type -Wno-implicit-atomic-properties -Wno-objc-interface-ivars -Wno-arc-repeated-use-of-weak -Wno-missing-braces -Wparentheses -Wswitch -Wno-unused-function -Wno-unused-label -Wno-unused-parameter -Wno-unused-variable -Wunused-value -Wno-empty-body -Wno-uninitialized -Wno-unknown-pragmas -w -Wno-shadow -Wno-four-char-constants -Wno-conversion -Wno-constant-conversion -Wno-int-conversion -Wno-bool-conversion -Wno-enum-conversion -Wno-float-conversion -Wno-non-literal-null-conversion -Wno-objc-literal-conversion -Wshorten-64-to-32 -Wpointer-sign -Wno-newline-eof -Wno-selector -Wno-strict-selector-match -Wno-undeclared-selector -Wno-deprecated-implementations -Wno-implicit-fallthrough -fstrict-aliasing -Wprotocol -Wdeprecated-declarations -Wno-sign-conversion -Wno-infinite-recursion -Wno-comma -Wno-block-capture-autoreleasing -Wno-strict-prototypes -Wno-semicolon-before-method-body -index-store-path /Users/fukushimatakumi/Library/Developer/Xcode/DerivedData/SugarBeat-hgoxfxbbugxkfsbmqcjlbmjeaqyg/Index.noindex/DataStore @/Users/fukushimatakumi/Library/Developer/Xcode/DerivedData/SugarBeat-hgoxfxbbugxkfsbmqcjlbmjeaqyg/Build/Intermediates.noindex/GoogleUtilities.build/Debug-iphonesimulator/GoogleUtilities-Environment.build/Objects-normal/arm64/e6072d4f65d7061329687fe24e3d63a7-common-args.resp -include /Users/fukushimatakumi/Library/Developer/Xcode/DerivedData/SugarBeat-hgoxfxbbugxkfsbmqcjlbmjeaqyg/Build/Intermediates.noindex/GoogleUtilities.build/Debug-iphonesimulator/GoogleUtilities-Environment.build/DerivedSources/resource_bundle_accessor.h -MMD -MT dependencies -MF /Users/fukushimatakumi/Library/Developer/Xcode/DerivedData/SugarBeat-hgoxfxbbugxkfsbmqcjlbmjeaqyg/Build/Intermediates.noindex/GoogleUtilities.build/Debug-iphonesimulator/GoogleUtilities-Environment.build/Objects-normal/arm64/GULNetworkInfo.d --serialize-diagnostics /Users/fukushimatakumi/Library/Developer/Xcode/DerivedData/SugarBeat-hgoxfxbbugxkfsbmqcjlbmjeaqyg/Build/Intermediates.noindex/GoogleUtilities.build/Debug-iphonesimulator/GoogleUtilities-Environment.build/Objects-normal/arm64/GULNetworkInfo.dia -c /Users/fukushimatakumi/Library/Developer/Xcode/DerivedData/SugarBeat-hgoxfxbbugxkfsbmqcjlbmjeaqyg/SourcePackages/checkouts/GoogleUtilities/GoogleUtilities/Environment/NetworkInfo/GULNetworkInfo.m -o /Users/fukushimatakumi/Library/Developer/Xcode/DerivedData/SugarBeat-hgoxfxbbugxkfsbmqcjlbmjeaqyg/Build/Intermediates.noindex/GoogleUtilities.build/Debug-iphonesimulator/GoogleUtilities-Environment.build/Objects-normal/arm64/GULNetworkInfo.o -index-unit-output-path /GoogleUtilities.build/Debug-iphonesimulator/GoogleUtilities-Environment.build/Objects-normal/arm64/GULNetworkInfo.o

ScanDependencies /Users/fukushimatakumi/Library/Developer/Xcode/DerivedData/SugarBeat-hgoxfxbbugxkfsbmqcjlbmjeaqyg/Build/Intermediates.noindex/AppAuth.build/Debug-iphonesimulator/AppAuthCore.build/Objects-normal/arm64/OIDAuthState.o /Users/fukushimatakumi/Library/Developer/Xcode/DerivedData/SugarBeat-hgoxfxbbugxkfsbmqcjlbmjeaqyg/SourcePackages/checkouts/AppAuth-iOS/Sources/AppAuthCore/OIDAuthState.m normal arm64 objective-c com.apple.compilers.llvm.clang.1_0.compiler (in target 'AppAuthCore' from project 'AppAuth')
    cd /Users/fukushimatakumi/develop/sugarbeat/sugarbeat-front
    
    Using response file: /Users/fukushimatakumi/Library/Developer/Xcode/DerivedData/SugarBeat-hgoxfxbbugxkfsbmqcjlbmjeaqyg/Build/Intermediates.noindex/AppAuth.build/Debug-iphonesimulator/AppAuthCore.build/Objects-normal/arm64/e6072d4f65d7061329687fe24e3d63a7-common-args.resp
    
    builtin-ScanDependencies -o /Users/fukushimatakumi/Library/Developer/Xcode/DerivedData/SugarBeat-hgoxfxbbugxkfsbmqcjlbmjeaqyg/Build/Intermediates.noindex/AppAuth.build/Debug-iphonesimulator/AppAuthCore.build/Objects-normal/arm64/OIDAuthState.o.scan -- /Applications/Xcode.app/Contents/Developer/Toolchains/XcodeDefault.xctoolchain/usr/bin/clang -x objective-c -ivfsstatcache /Users/fukushimatakumi/Library/Developer/Xcode/DerivedData/SDKStatCaches.noindex/iphonesimulator18.4-22E235-71825a6d136aa4733edcbe86ece5525b.sdkstatcache -fmessage-length\=0 -fdiagnostics-show-note-include-stack -fmacro-backtrace-limit\=0 -fno-color-diagnostics -fmodules-prune-interval\=86400 -fmodules-prune-after\=345600 -fbuild-session-file\=/Users/fukushimatakumi/Library/Developer/Xcode/DerivedData/ModuleCache.noindex/Session.modulevalidation -fmodules-validate-once-per-build-session -Wnon-modular-include-in-framework-module -Werror\=non-modular-include-in-framework-module -Wno-trigraphs -Wno-missing-field-initializers -Wno-missing-prototypes -Wno-return-type -Wno-implicit-atomic-properties -Wno-objc-interface-ivars -Wno-arc-repeated-use-of-weak -Wno-missing-braces -Wparentheses -Wswitch -Wno-unused-function -Wno-unused-label -Wno-unused-parameter -Wno-unused-variable -Wunused-value -Wno-empty-body -Wno-uninitialized -Wno-unknown-pragmas -w -Wno-shadow -Wno-four-char-constants -Wno-conversion -Wno-constant-conversion -Wno-int-conversion -Wno-bool-conversion -Wno-enum-conversion -Wno-float-conversion -Wno-non-literal-null-conversion -Wno-objc-literal-conversion -Wshorten-64-to-32 -Wpointer-sign -Wno-newline-eof -Wno-selector -Wno-strict-selector-match -Wno-undeclared-selector -Wno-deprecated-implementations -Wno-implicit-fallthrough -fstrict-aliasing -Wprotocol -Wdeprecated-declarations -Wno-sign-conversion -Wno-infinite-recursion -Wno-comma -Wno-block-capture-autoreleasing -Wno-strict-prototypes -Wno-semicolon-before-method-body -index-store-path /Users/fukushimatakumi/Library/Developer/Xcode/DerivedData/SugarBeat-hgoxfxbbugxkfsbmqcjlbmjeaqyg/Index.noindex/DataStore @/Users/fukushimatakumi/Library/Developer/Xcode/DerivedData/SugarBeat-hgoxfxbbugxkfsbmqcjlbmjeaqyg/Build/Intermediates.noindex/AppAuth.build/Debug-iphonesimulator/AppAuthCore.build/Objects-normal/arm64/e6072d4f65d7061329687fe24e3d63a7-common-args.resp -include /Users/fukushimatakumi/Library/Developer/Xcode/DerivedData/SugarBeat-hgoxfxbbugxkfsbmqcjlbmjeaqyg/Build/Intermediates.noindex/AppAuth.build/Debug-iphonesimulator/AppAuthCore.build/DerivedSources/resource_bundle_accessor.h -MMD -MT dependencies -MF /Users/fukushimatakumi/Library/Developer/Xcode/DerivedData/SugarBeat-hgoxfxbbugxkfsbmqcjlbmjeaqyg/Build/Intermediates.noindex/AppAuth.build/Debug-iphonesimulator/AppAuthCore.build/Objects-normal/arm64/OIDAuthState.d --serialize-diagnostics /Users/fukushimatakumi/Library/Developer/Xcode/DerivedData/SugarBeat-hgoxfxbbugxkfsbmqcjlbmjeaqyg/Build/Intermediates.noindex/AppAuth.build/Debug-iphonesimulator/AppAuthCore.build/Objects-normal/arm64/OIDAuthState.dia -c /Users/fukushimatakumi/Library/Developer/Xcode/DerivedData/SugarBeat-hgoxfxbbugxkfsbmqcjlbmjeaqyg/SourcePackages/checkouts/AppAuth-iOS/Sources/AppAuthCore/OIDAuthState.m -o /Users/fukushimatakumi/Library/Developer/Xcode/DerivedData/SugarBeat-hgoxfxbbugxkfsbmqcjlbmjeaqyg/Build/Intermediates.noindex/AppAuth.build/Debug-iphonesimulator/AppAuthCore.build/Objects-normal/arm64/OIDAuthState.o -index-unit-output-path /AppAuth.build/Debug-iphonesimulator/AppAuthCore.build/Objects-normal/arm64/OIDAuthState.o

PrecompileModule /Users/fukushimatakumi/Library/Developer/Xcode/DerivedData/SugarBeat-hgoxfxbbugxkfsbmqcjlbmjeaqyg/Build/Intermediates.noindex/ExplicitPrecompiledModules/Security-AYFJHLV0ZQJSP7HRYC4NQHI2S.scan
    cd /Users/fukushimatakumi/develop/sugarbeat/sugarbeat-front
    builtin-precompileModule /Users/fukushimatakumi/Library/Developer/Xcode/DerivedData/SugarBeat-hgoxfxbbugxkfsbmqcjlbmjeaqyg/Build/Intermediates.noindex/ExplicitPrecompiledModules/Security-AYFJHLV0ZQJSP7HRYC4NQHI2S.scan

PrecompileModule /Users/fukushimatakumi/Library/Developer/Xcode/DerivedData/SugarBeat-hgoxfxbbugxkfsbmqcjlbmjeaqyg/Build/Intermediates.noindex/ExplicitPrecompiledModules/CFNetwork-78A2LDVVGVVVAELUYINH5UQ74.scan
    cd /Users/fukushimatakumi/develop/sugarbeat/sugarbeat-front
    builtin-precompileModule /Users/fukushimatakumi/Library/Developer/Xcode/DerivedData/SugarBeat-hgoxfxbbugxkfsbmqcjlbmjeaqyg/Build/Intermediates.noindex/ExplicitPrecompiledModules/CFNetwork-78A2LDVVGVVVAELUYINH5UQ74.scan

ProcessXCFramework /Users/fukushimatakumi/Library/Developer/Xcode/DerivedData/SugarBeat-hgoxfxbbugxkfsbmqcjlbmjeaqyg/SourcePackages/artifacts/grpc-binary/openssl_grpc/openssl_grpc.xcframework /Users/fukushimatakumi/Library/Developer/Xcode/DerivedData/SugarBeat-hgoxfxbbugxkfsbmqcjlbmjeaqyg/Build/Products/Debug-iphonesimulator/openssl_grpc.framework ios simulator
    cd /Users/fukushimatakumi/develop/sugarbeat/sugarbeat-front
    builtin-process-xcframework --xcframework /Users/fukushimatakumi/Library/Developer/Xcode/DerivedData/SugarBeat-hgoxfxbbugxkfsbmqcjlbmjeaqyg/SourcePackages/artifacts/grpc-binary/openssl_grpc/openssl_grpc.xcframework --platform ios --environment simulator --target-path /Users/fukushimatakumi/Library/Developer/Xcode/DerivedData/SugarBeat-hgoxfxbbugxkfsbmqcjlbmjeaqyg/Build/Products/Debug-iphonesimulator
/Users/fukushimatakumi/Library/Developer/Xcode/DerivedData/SugarBeat-hgoxfxbbugxkfsbmqcjlbmjeaqyg/SourcePackages/artifacts/grpc-binary/openssl_grpc/openssl_grpc.xcframework:1:1: note: The identity of “openssl_grpc.xcframework” is not recorded in your project.

PrecompileModule /Users/fukushimatakumi/Library/Developer/Xcode/DerivedData/SugarBeat-hgoxfxbbugxkfsbmqcjlbmjeaqyg/Build/Intermediates.noindex/ExplicitPrecompiledModules/CoreGraphics-2TVKK2YVP4A6IFE1SB3MYXOAX.scan
    cd /Users/fukushimatakumi/develop/sugarbeat/sugarbeat-front
    builtin-precompileModule /Users/fukushimatakumi/Library/Developer/Xcode/DerivedData/SugarBeat-hgoxfxbbugxkfsbmqcjlbmjeaqyg/Build/Intermediates.noindex/ExplicitPrecompiledModules/CoreGraphics-2TVKK2YVP4A6IFE1SB3MYXOAX.scan

PrecompileModule /Users/fukushimatakumi/Library/Developer/Xcode/DerivedData/SugarBeat-hgoxfxbbugxkfsbmqcjlbmjeaqyg/Build/Intermediates.noindex/ExplicitPrecompiledModules/Security-BUZDPIWD64R22CVTELXW750NG.scan
    cd /Users/fukushimatakumi/develop/sugarbeat/sugarbeat-front
    builtin-precompileModule /Users/fukushimatakumi/Library/Developer/Xcode/DerivedData/SugarBeat-hgoxfxbbugxkfsbmqcjlbmjeaqyg/Build/Intermediates.noindex/ExplicitPrecompiledModules/Security-BUZDPIWD64R22CVTELXW750NG.scan

PrecompileModule /Users/fukushimatakumi/Library/Developer/Xcode/DerivedData/SugarBeat-hgoxfxbbugxkfsbmqcjlbmjeaqyg/Build/Intermediates.noindex/ExplicitPrecompiledModules/CFNetwork-70Q8IW11KW4KPPXFVS7A97Z7A.scan
    cd /Users/fukushimatakumi/develop/sugarbeat/sugarbeat-front
    builtin-precompileModule /Users/fukushimatakumi/Library/Developer/Xcode/DerivedData/SugarBeat-hgoxfxbbugxkfsbmqcjlbmjeaqyg/Build/Intermediates.noindex/ExplicitPrecompiledModules/CFNetwork-70Q8IW11KW4KPPXFVS7A97Z7A.scan

ProcessXCFramework /Users/fukushimatakumi/Library/Developer/Xcode/DerivedData/SugarBeat-hgoxfxbbugxkfsbmqcjlbmjeaqyg/SourcePackages/artifacts/grpc-binary/grpcpp/grpcpp.xcframework /Users/fukushimatakumi/Library/Developer/Xcode/DerivedData/SugarBeat-hgoxfxbbugxkfsbmqcjlbmjeaqyg/Build/Products/Debug-iphonesimulator/grpcpp.framework ios simulator
    cd /Users/fukushimatakumi/develop/sugarbeat/sugarbeat-front
    builtin-process-xcframework --xcframework /Users/fukushimatakumi/Library/Developer/Xcode/DerivedData/SugarBeat-hgoxfxbbugxkfsbmqcjlbmjeaqyg/SourcePackages/artifacts/grpc-binary/grpcpp/grpcpp.xcframework --platform ios --environment simulator --target-path /Users/fukushimatakumi/Library/Developer/Xcode/DerivedData/SugarBeat-hgoxfxbbugxkfsbmqcjlbmjeaqyg/Build/Products/Debug-iphonesimulator
/Users/fukushimatakumi/Library/Developer/Xcode/DerivedData/SugarBeat-hgoxfxbbugxkfsbmqcjlbmjeaqyg/SourcePackages/artifacts/grpc-binary/grpcpp/grpcpp.xcframework:1:1: note: The identity of “grpcpp.xcframework” is not recorded in your project.

ProcessXCFramework /Users/fukushimatakumi/Library/Developer/Xcode/DerivedData/SugarBeat-hgoxfxbbugxkfsbmqcjlbmjeaqyg/SourcePackages/artifacts/firebase-ios-sdk/FirebaseFirestoreInternal/FirebaseFirestoreInternal.xcframework /Users/fukushimatakumi/Library/Developer/Xcode/DerivedData/SugarBeat-hgoxfxbbugxkfsbmqcjlbmjeaqyg/Build/Products/Debug-iphonesimulator/FirebaseFirestoreInternal.framework ios simulator
    cd /Users/fukushimatakumi/develop/sugarbeat/sugarbeat-front
    builtin-process-xcframework --xcframework /Users/fukushimatakumi/Library/Developer/Xcode/DerivedData/SugarBeat-hgoxfxbbugxkfsbmqcjlbmjeaqyg/SourcePackages/artifacts/firebase-ios-sdk/FirebaseFirestoreInternal/FirebaseFirestoreInternal.xcframework --platform ios --environment simulator --target-path /Users/fukushimatakumi/Library/Developer/Xcode/DerivedData/SugarBeat-hgoxfxbbugxkfsbmqcjlbmjeaqyg/Build/Products/Debug-iphonesimulator
/Users/fukushimatakumi/Library/Developer/Xcode/DerivedData/SugarBeat-hgoxfxbbugxkfsbmqcjlbmjeaqyg/SourcePackages/artifacts/firebase-ios-sdk/FirebaseFirestoreInternal/FirebaseFirestoreInternal.xcframework:1:1: note: The identity of “FirebaseFirestoreInternal.xcframework” is not recorded in your project.

PrecompileModule /Users/fukushimatakumi/Library/Developer/Xcode/DerivedData/SugarBeat-hgoxfxbbugxkfsbmqcjlbmjeaqyg/Build/Intermediates.noindex/ExplicitPrecompiledModules/Foundation-D0U4UENVB654U2JZ2PRII8831.scan
    cd /Users/fukushimatakumi/develop/sugarbeat/sugarbeat-front
    builtin-precompileModule /Users/fukushimatakumi/Library/Developer/Xcode/DerivedData/SugarBeat-hgoxfxbbugxkfsbmqcjlbmjeaqyg/Build/Intermediates.noindex/ExplicitPrecompiledModules/Foundation-D0U4UENVB654U2JZ2PRII8831.scan

ProcessXCFramework /Users/fukushimatakumi/Library/Developer/Xcode/DerivedData/SugarBeat-hgoxfxbbugxkfsbmqcjlbmjeaqyg/SourcePackages/artifacts/grpc-binary/grpc/grpc.xcframework /Users/fukushimatakumi/Library/Developer/Xcode/DerivedData/SugarBeat-hgoxfxbbugxkfsbmqcjlbmjeaqyg/Build/Products/Debug-iphonesimulator/grpc.framework ios simulator
    cd /Users/fukushimatakumi/develop/sugarbeat/sugarbeat-front
    builtin-process-xcframework --xcframework /Users/fukushimatakumi/Library/Developer/Xcode/DerivedData/SugarBeat-hgoxfxbbugxkfsbmqcjlbmjeaqyg/SourcePackages/artifacts/grpc-binary/grpc/grpc.xcframework --platform ios --environment simulator --target-path /Users/fukushimatakumi/Library/Developer/Xcode/DerivedData/SugarBeat-hgoxfxbbugxkfsbmqcjlbmjeaqyg/Build/Products/Debug-iphonesimulator
/Users/fukushimatakumi/Library/Developer/Xcode/DerivedData/SugarBeat-hgoxfxbbugxkfsbmqcjlbmjeaqyg/SourcePackages/artifacts/grpc-binary/grpc/grpc.xcframework:1:1: note: The identity of “grpc.xcframework” is not recorded in your project.

ProcessXCFramework /Users/fukushimatakumi/Library/Developer/Xcode/DerivedData/SugarBeat-hgoxfxbbugxkfsbmqcjlbmjeaqyg/SourcePackages/artifacts/abseil-cpp-binary/absl/absl.xcframework /Users/fukushimatakumi/Library/Developer/Xcode/DerivedData/SugarBeat-hgoxfxbbugxkfsbmqcjlbmjeaqyg/Build/Products/Debug-iphonesimulator/absl.framework ios simulator
    cd /Users/fukushimatakumi/develop/sugarbeat/sugarbeat-front
    builtin-process-xcframework --xcframework /Users/fukushimatakumi/Library/Developer/Xcode/DerivedData/SugarBeat-hgoxfxbbugxkfsbmqcjlbmjeaqyg/SourcePackages/artifacts/abseil-cpp-binary/absl/absl.xcframework --platform ios --environment simulator --target-path /Users/fukushimatakumi/Library/Developer/Xcode/DerivedData/SugarBeat-hgoxfxbbugxkfsbmqcjlbmjeaqyg/Build/Products/Debug-iphonesimulator
/Users/fukushimatakumi/Library/Developer/Xcode/DerivedData/SugarBeat-hgoxfxbbugxkfsbmqcjlbmjeaqyg/SourcePackages/artifacts/abseil-cpp-binary/absl/absl.xcframework:1:1: note: The identity of “absl.xcframework” is not recorded in your project.

PrecompileModule /Users/fukushimatakumi/Library/Developer/Xcode/DerivedData/SugarBeat-hgoxfxbbugxkfsbmqcjlbmjeaqyg/Build/Intermediates.noindex/ExplicitPrecompiledModules/ImageIO-7PWZLCJBMVB4TZRTMFPBH04Z0.scan
    cd /Users/fukushimatakumi/develop/sugarbeat/sugarbeat-front
    builtin-precompileModule /Users/fukushimatakumi/Library/Developer/Xcode/DerivedData/SugarBeat-hgoxfxbbugxkfsbmqcjlbmjeaqyg/Build/Intermediates.noindex/ExplicitPrecompiledModules/ImageIO-7PWZLCJBMVB4TZRTMFPBH04Z0.scan

PrecompileModule /Users/fukushimatakumi/Library/Developer/Xcode/DerivedData/SugarBeat-hgoxfxbbugxkfsbmqcjlbmjeaqyg/Build/Intermediates.noindex/ExplicitPrecompiledModules/CoreText-8UNVB931Q3NGG29B1KIS69FWU.scan
    cd /Users/fukushimatakumi/develop/sugarbeat/sugarbeat-front
    builtin-precompileModule /Users/fukushimatakumi/Library/Developer/Xcode/DerivedData/SugarBeat-hgoxfxbbugxkfsbmqcjlbmjeaqyg/Build/Intermediates.noindex/ExplicitPrecompiledModules/CoreText-8UNVB931Q3NGG29B1KIS69FWU.scan

PrecompileModule /Users/fukushimatakumi/Library/Developer/Xcode/DerivedData/SugarBeat-hgoxfxbbugxkfsbmqcjlbmjeaqyg/Build/Intermediates.noindex/ExplicitPrecompiledModules/Foundation-EC59TV58MDWB0MQD5VZ9JD3C3.scan
    cd /Users/fukushimatakumi/develop/sugarbeat/sugarbeat-front
    builtin-precompileModule /Users/fukushimatakumi/Library/Developer/Xcode/DerivedData/SugarBeat-hgoxfxbbugxkfsbmqcjlbmjeaqyg/Build/Intermediates.noindex/ExplicitPrecompiledModules/Foundation-EC59TV58MDWB0MQD5VZ9JD3C3.scan

PrecompileModule /Users/fukushimatakumi/Library/Developer/Xcode/DerivedData/SugarBeat-hgoxfxbbugxkfsbmqcjlbmjeaqyg/Build/Intermediates.noindex/ExplicitPrecompiledModules/CoreVideo-2U7JGM7AF4FKE7AB4SOF2XFAY.scan
    cd /Users/fukushimatakumi/develop/sugarbeat/sugarbeat-front
    builtin-precompileModule /Users/fukushimatakumi/Library/Developer/Xcode/DerivedData/SugarBeat-hgoxfxbbugxkfsbmqcjlbmjeaqyg/Build/Intermediates.noindex/ExplicitPrecompiledModules/CoreVideo-2U7JGM7AF4FKE7AB4SOF2XFAY.scan

ScanDependencies /Users/fukushimatakumi/Library/Developer/Xcode/DerivedData/SugarBeat-hgoxfxbbugxkfsbmqcjlbmjeaqyg/Build/Intermediates.noindex/GoogleUtilities.build/Debug-iphonesimulator/GoogleUtilities-Logger.build/Objects-normal/arm64/resource_bundle_accessor.o /Users/fukushimatakumi/Library/Developer/Xcode/DerivedData/SugarBeat-hgoxfxbbugxkfsbmqcjlbmjeaqyg/Build/Intermediates.noindex/GoogleUtilities.build/Debug-iphonesimulator/GoogleUtilities-Logger.build/DerivedSources/resource_bundle_accessor.m normal arm64 objective-c com.apple.compilers.llvm.clang.1_0.compiler (in target 'GoogleUtilities-Logger' from project 'GoogleUtilities')
    cd /Users/fukushimatakumi/develop/sugarbeat/sugarbeat-front
    
    Using response file: /Users/fukushimatakumi/Library/Developer/Xcode/DerivedData/SugarBeat-hgoxfxbbugxkfsbmqcjlbmjeaqyg/Build/Intermediates.noindex/GoogleUtilities.build/Debug-iphonesimulator/GoogleUtilities-Logger.build/Objects-normal/arm64/e6072d4f65d7061329687fe24e3d63a7-common-args.resp
    
    builtin-ScanDependencies -o /Users/fukushimatakumi/Library/Developer/Xcode/DerivedData/SugarBeat-hgoxfxbbugxkfsbmqcjlbmjeaqyg/Build/Intermediates.noindex/GoogleUtilities.build/Debug-iphonesimulator/GoogleUtilities-Logger.build/Objects-normal/arm64/resource_bundle_accessor.o.scan -- /Applications/Xcode.app/Contents/Developer/Toolchains/XcodeDefault.xctoolchain/usr/bin/clang -x objective-c -ivfsstatcache /Users/fukushimatakumi/Library/Developer/Xcode/DerivedData/SDKStatCaches.noindex/iphonesimulator18.4-22E235-71825a6d136aa4733edcbe86ece5525b.sdkstatcache -fmessage-length\=0 -fdiagnostics-show-note-include-stack -fmacro-backtrace-limit\=0 -fno-color-diagnostics -fmodules-prune-interval\=86400 -fmodules-prune-after\=345600 -fbuild-session-file\=/Users/fukushimatakumi/Library/Developer/Xcode/DerivedData/ModuleCache.noindex/Session.modulevalidation -fmodules-validate-once-per-build-session -Wnon-modular-include-in-framework-module -Werror\=non-modular-include-in-framework-module -Wno-trigraphs -Wno-missing-field-initializers -Wno-missing-prototypes -Wno-return-type -Wno-implicit-atomic-properties -Wno-objc-interface-ivars -Wno-arc-repeated-use-of-weak -Wno-missing-braces -Wparentheses -Wswitch -Wno-unused-function -Wno-unused-label -Wno-unused-parameter -Wno-unused-variable -Wunused-value -Wno-empty-body -Wno-uninitialized -Wno-unknown-pragmas -w -Wno-shadow -Wno-four-char-constants -Wno-conversion -Wno-constant-conversion -Wno-int-conversion -Wno-bool-conversion -Wno-enum-conversion -Wno-float-conversion -Wno-non-literal-null-conversion -Wno-objc-literal-conversion -Wshorten-64-to-32 -Wpointer-sign -Wno-newline-eof -Wno-selector -Wno-strict-selector-match -Wno-undeclared-selector -Wno-deprecated-implementations -Wno-implicit-fallthrough -fstrict-aliasing -Wprotocol -Wdeprecated-declarations -Wno-sign-conversion -Wno-infinite-recursion -Wno-comma -Wno-block-capture-autoreleasing -Wno-strict-prototypes -Wno-semicolon-before-method-body -index-store-path /Users/fukushimatakumi/Library/Developer/Xcode/DerivedData/SugarBeat-hgoxfxbbugxkfsbmqcjlbmjeaqyg/Index.noindex/DataStore @/Users/fukushimatakumi/Library/Developer/Xcode/DerivedData/SugarBeat-hgoxfxbbugxkfsbmqcjlbmjeaqyg/Build/Intermediates.noindex/GoogleUtilities.build/Debug-iphonesimulator/GoogleUtilities-Logger.build/Objects-normal/arm64/e6072d4f65d7061329687fe24e3d63a7-common-args.resp -include /Users/fukushimatakumi/Library/Developer/Xcode/DerivedData/SugarBeat-hgoxfxbbugxkfsbmqcjlbmjeaqyg/Build/Intermediates.noindex/GoogleUtilities.build/Debug-iphonesimulator/GoogleUtilities-Logger.build/DerivedSources/resource_bundle_accessor.h -MMD -MT dependencies -MF /Users/fukushimatakumi/Library/Developer/Xcode/DerivedData/SugarBeat-hgoxfxbbugxkfsbmqcjlbmjeaqyg/Build/Intermediates.noindex/GoogleUtilities.build/Debug-iphonesimulator/GoogleUtilities-Logger.build/Objects-normal/arm64/resource_bundle_accessor.d --serialize-diagnostics /Users/fukushimatakumi/Library/Developer/Xcode/DerivedData/SugarBeat-hgoxfxbbugxkfsbmqcjlbmjeaqyg/Build/Intermediates.noindex/GoogleUtilities.build/Debug-iphonesimulator/GoogleUtilities-Logger.build/Objects-normal/arm64/resource_bundle_accessor.dia -c /Users/fukushimatakumi/Library/Developer/Xcode/DerivedData/SugarBeat-hgoxfxbbugxkfsbmqcjlbmjeaqyg/Build/Intermediates.noindex/GoogleUtilities.build/Debug-iphonesimulator/GoogleUtilities-Logger.build/DerivedSources/resource_bundle_accessor.m -o /Users/fukushimatakumi/Library/Developer/Xcode/DerivedData/SugarBeat-hgoxfxbbugxkfsbmqcjlbmjeaqyg/Build/Intermediates.noindex/GoogleUtilities.build/Debug-iphonesimulator/GoogleUtilities-Logger.build/Objects-normal/arm64/resource_bundle_accessor.o -index-unit-output-path /GoogleUtilities.build/Debug-iphonesimulator/GoogleUtilities-Logger.build/Objects-normal/arm64/resource_bundle_accessor.o

ScanDependencies /Users/fukushimatakumi/Library/Developer/Xcode/DerivedData/SugarBeat-hgoxfxbbugxkfsbmqcjlbmjeaqyg/Build/Intermediates.noindex/GoogleUtilities.build/Debug-iphonesimulator/GoogleUtilities-Logger.build/Objects-normal/arm64/GULLogger.o /Users/fukushimatakumi/Library/Developer/Xcode/DerivedData/SugarBeat-hgoxfxbbugxkfsbmqcjlbmjeaqyg/SourcePackages/checkouts/GoogleUtilities/GoogleUtilities/Logger/GULLogger.m normal arm64 objective-c com.apple.compilers.llvm.clang.1_0.compiler (in target 'GoogleUtilities-Logger' from project 'GoogleUtilities')
    cd /Users/fukushimatakumi/develop/sugarbeat/sugarbeat-front
    
    Using response file: /Users/fukushimatakumi/Library/Developer/Xcode/DerivedData/SugarBeat-hgoxfxbbugxkfsbmqcjlbmjeaqyg/Build/Intermediates.noindex/GoogleUtilities.build/Debug-iphonesimulator/GoogleUtilities-Logger.build/Objects-normal/arm64/e6072d4f65d7061329687fe24e3d63a7-common-args.resp
    
    builtin-ScanDependencies -o /Users/fukushimatakumi/Library/Developer/Xcode/DerivedData/SugarBeat-hgoxfxbbugxkfsbmqcjlbmjeaqyg/Build/Intermediates.noindex/GoogleUtilities.build/Debug-iphonesimulator/GoogleUtilities-Logger.build/Objects-normal/arm64/GULLogger.o.scan -- /Applications/Xcode.app/Contents/Developer/Toolchains/XcodeDefault.xctoolchain/usr/bin/clang -x objective-c -ivfsstatcache /Users/fukushimatakumi/Library/Developer/Xcode/DerivedData/SDKStatCaches.noindex/iphonesimulator18.4-22E235-71825a6d136aa4733edcbe86ece5525b.sdkstatcache -fmessage-length\=0 -fdiagnostics-show-note-include-stack -fmacro-backtrace-limit\=0 -fno-color-diagnostics -fmodules-prune-interval\=86400 -fmodules-prune-after\=345600 -fbuild-session-file\=/Users/fukushimatakumi/Library/Developer/Xcode/DerivedData/ModuleCache.noindex/Session.modulevalidation -fmodules-validate-once-per-build-session -Wnon-modular-include-in-framework-module -Werror\=non-modular-include-in-framework-module -Wno-trigraphs -Wno-missing-field-initializers -Wno-missing-prototypes -Wno-return-type -Wno-implicit-atomic-properties -Wno-objc-interface-ivars -Wno-arc-repeated-use-of-weak -Wno-missing-braces -Wparentheses -Wswitch -Wno-unused-function -Wno-unused-label -Wno-unused-parameter -Wno-unused-variable -Wunused-value -Wno-empty-body -Wno-uninitialized -Wno-unknown-pragmas -w -Wno-shadow -Wno-four-char-constants -Wno-conversion -Wno-constant-conversion -Wno-int-conversion -Wno-bool-conversion -Wno-enum-conversion -Wno-float-conversion -Wno-non-literal-null-conversion -Wno-objc-literal-conversion -Wshorten-64-to-32 -Wpointer-sign -Wno-newline-eof -Wno-selector -Wno-strict-selector-match -Wno-undeclared-selector -Wno-deprecated-implementations -Wno-implicit-fallthrough -fstrict-aliasing -Wprotocol -Wdeprecated-declarations -Wno-sign-conversion -Wno-infinite-recursion -Wno-comma -Wno-block-capture-autoreleasing -Wno-strict-prototypes -Wno-semicolon-before-method-body -index-store-path /Users/fukushimatakumi/Library/Developer/Xcode/DerivedData/SugarBeat-hgoxfxbbugxkfsbmqcjlbmjeaqyg/Index.noindex/DataStore @/Users/fukushimatakumi/Library/Developer/Xcode/DerivedData/SugarBeat-hgoxfxbbugxkfsbmqcjlbmjeaqyg/Build/Intermediates.noindex/GoogleUtilities.build/Debug-iphonesimulator/GoogleUtilities-Logger.build/Objects-normal/arm64/e6072d4f65d7061329687fe24e3d63a7-common-args.resp -include /Users/fukushimatakumi/Library/Developer/Xcode/DerivedData/SugarBeat-hgoxfxbbugxkfsbmqcjlbmjeaqyg/Build/Intermediates.noindex/GoogleUtilities.build/Debug-iphonesimulator/GoogleUtilities-Logger.build/DerivedSources/resource_bundle_accessor.h -MMD -MT dependencies -MF /Users/fukushimatakumi/Library/Developer/Xcode/DerivedData/SugarBeat-hgoxfxbbugxkfsbmqcjlbmjeaqyg/Build/Intermediates.noindex/GoogleUtilities.build/Debug-iphonesimulator/GoogleUtilities-Logger.build/Objects-normal/arm64/GULLogger.d --serialize-diagnostics /Users/fukushimatakumi/Library/Developer/Xcode/DerivedData/SugarBeat-hgoxfxbbugxkfsbmqcjlbmjeaqyg/Build/Intermediates.noindex/GoogleUtilities.build/Debug-iphonesimulator/GoogleUtilities-Logger.build/Objects-normal/arm64/GULLogger.dia -c /Users/fukushimatakumi/Library/Developer/Xcode/DerivedData/SugarBeat-hgoxfxbbugxkfsbmqcjlbmjeaqyg/SourcePackages/checkouts/GoogleUtilities/GoogleUtilities/Logger/GULLogger.m -o /Users/fukushimatakumi/Library/Developer/Xcode/DerivedData/SugarBeat-hgoxfxbbugxkfsbmqcjlbmjeaqyg/Build/Intermediates.noindex/GoogleUtilities.build/Debug-iphonesimulator/GoogleUtilities-Logger.build/Objects-normal/arm64/GULLogger.o -index-unit-output-path /GoogleUtilities.build/Debug-iphonesimulator/GoogleUtilities-Logger.build/Objects-normal/arm64/GULLogger.o

PrecompileModule /Users/fukushimatakumi/Library/Developer/Xcode/DerivedData/SugarBeat-hgoxfxbbugxkfsbmqcjlbmjeaqyg/Build/Intermediates.noindex/ExplicitPrecompiledModules/CoreImage-EJDJ15YM332SD6CUSNT1I5ONK.scan
    cd /Users/fukushimatakumi/develop/sugarbeat/sugarbeat-front
    builtin-precompileModule /Users/fukushimatakumi/Library/Developer/Xcode/DerivedData/SugarBeat-hgoxfxbbugxkfsbmqcjlbmjeaqyg/Build/Intermediates.noindex/ExplicitPrecompiledModules/CoreImage-EJDJ15YM332SD6CUSNT1I5ONK.scan

PrecompileModule /Users/fukushimatakumi/Library/Developer/Xcode/DerivedData/SugarBeat-hgoxfxbbugxkfsbmqcjlbmjeaqyg/Build/Intermediates.noindex/ExplicitPrecompiledModules/QuartzCore-6W1D2920A4JGE79Q02LM87HPF.scan
    cd /Users/fukushimatakumi/develop/sugarbeat/sugarbeat-front
    builtin-precompileModule /Users/fukushimatakumi/Library/Developer/Xcode/DerivedData/SugarBeat-hgoxfxbbugxkfsbmqcjlbmjeaqyg/Build/Intermediates.noindex/ExplicitPrecompiledModules/QuartzCore-6W1D2920A4JGE79Q02LM87HPF.scan

CompileC /Users/fukushimatakumi/Library/Developer/Xcode/DerivedData/SugarBeat-hgoxfxbbugxkfsbmqcjlbmjeaqyg/Build/Intermediates.noindex/GoogleUtilities.build/Debug-iphonesimulator/GoogleUtilities-Logger.build/Objects-normal/arm64/resource_bundle_accessor.o /Users/fukushimatakumi/Library/Developer/Xcode/DerivedData/SugarBeat-hgoxfxbbugxkfsbmqcjlbmjeaqyg/Build/Intermediates.noindex/GoogleUtilities.build/Debug-iphonesimulator/GoogleUtilities-Logger.build/DerivedSources/resource_bundle_accessor.m normal arm64 objective-c com.apple.compilers.llvm.clang.1_0.compiler (in target 'GoogleUtilities-Logger' from project 'GoogleUtilities')
    cd /Users/fukushimatakumi/develop/sugarbeat/sugarbeat-front
    
    Using response file: /Users/fukushimatakumi/Library/Developer/Xcode/DerivedData/SugarBeat-hgoxfxbbugxkfsbmqcjlbmjeaqyg/Build/Intermediates.noindex/GoogleUtilities.build/Debug-iphonesimulator/GoogleUtilities-Logger.build/Objects-normal/arm64/e6072d4f65d7061329687fe24e3d63a7-common-args.resp
    
    /Applications/Xcode.app/Contents/Developer/Toolchains/XcodeDefault.xctoolchain/usr/bin/clang -x objective-c -ivfsstatcache /Users/fukushimatakumi/Library/Developer/Xcode/DerivedData/SDKStatCaches.noindex/iphonesimulator18.4-22E235-71825a6d136aa4733edcbe86ece5525b.sdkstatcache -fmessage-length\=0 -fdiagnostics-show-note-include-stack -fmacro-backtrace-limit\=0 -fno-color-diagnostics -fmodules-prune-interval\=86400 -fmodules-prune-after\=345600 -fbuild-session-file\=/Users/fukushimatakumi/Library/Developer/Xcode/DerivedData/ModuleCache.noindex/Session.modulevalidation -fmodules-validate-once-per-build-session -Wnon-modular-include-in-framework-module -Werror\=non-modular-include-in-framework-module -Wno-trigraphs -Wno-missing-field-initializers -Wno-missing-prototypes -Wno-return-type -Wno-implicit-atomic-properties -Wno-objc-interface-ivars -Wno-arc-repeated-use-of-weak -Wno-missing-braces -Wparentheses -Wswitch -Wno-unused-function -Wno-unused-label -Wno-unused-parameter -Wno-unused-variable -Wunused-value -Wno-empty-body -Wno-uninitialized -Wno-unknown-pragmas -w -Wno-shadow -Wno-four-char-constants -Wno-conversion -Wno-constant-conversion -Wno-int-conversion -Wno-bool-conversion -Wno-enum-conversion -Wno-float-conversion -Wno-non-literal-null-conversion -Wno-objc-literal-conversion -Wshorten-64-to-32 -Wpointer-sign -Wno-newline-eof -Wno-selector -Wno-strict-selector-match -Wno-undeclared-selector -Wno-deprecated-implementations -Wno-implicit-fallthrough -fstrict-aliasing -Wprotocol -Wdeprecated-declarations -Wno-sign-conversion -Wno-infinite-recursion -Wno-comma -Wno-block-capture-autoreleasing -Wno-strict-prototypes -Wno-semicolon-before-method-body -index-store-path /Users/fukushimatakumi/Library/Developer/Xcode/DerivedData/SugarBeat-hgoxfxbbugxkfsbmqcjlbmjeaqyg/Index.noindex/DataStore @/Users/fukushimatakumi/Library/Developer/Xcode/DerivedData/SugarBeat-hgoxfxbbugxkfsbmqcjlbmjeaqyg/Build/Intermediates.noindex/GoogleUtilities.build/Debug-iphonesimulator/GoogleUtilities-Logger.build/Objects-normal/arm64/e6072d4f65d7061329687fe24e3d63a7-common-args.resp -include /Users/fukushimatakumi/Library/Developer/Xcode/DerivedData/SugarBeat-hgoxfxbbugxkfsbmqcjlbmjeaqyg/Build/Intermediates.noindex/GoogleUtilities.build/Debug-iphonesimulator/GoogleUtilities-Logger.build/DerivedSources/resource_bundle_accessor.h -MMD -MT dependencies -MF /Users/fukushimatakumi/Library/Developer/Xcode/DerivedData/SugarBeat-hgoxfxbbugxkfsbmqcjlbmjeaqyg/Build/Intermediates.noindex/GoogleUtilities.build/Debug-iphonesimulator/GoogleUtilities-Logger.build/Objects-normal/arm64/resource_bundle_accessor.d --serialize-diagnostics /Users/fukushimatakumi/Library/Developer/Xcode/DerivedData/SugarBeat-hgoxfxbbugxkfsbmqcjlbmjeaqyg/Build/Intermediates.noindex/GoogleUtilities.build/Debug-iphonesimulator/GoogleUtilities-Logger.build/Objects-normal/arm64/resource_bundle_accessor.dia -c /Users/fukushimatakumi/Library/Developer/Xcode/DerivedData/SugarBeat-hgoxfxbbugxkfsbmqcjlbmjeaqyg/Build/Intermediates.noindex/GoogleUtilities.build/Debug-iphonesimulator/GoogleUtilities-Logger.build/DerivedSources/resource_bundle_accessor.m -o /Users/fukushimatakumi/Library/Developer/Xcode/DerivedData/SugarBeat-hgoxfxbbugxkfsbmqcjlbmjeaqyg/Build/Intermediates.noindex/GoogleUtilities.build/Debug-iphonesimulator/GoogleUtilities-Logger.build/Objects-normal/arm64/resource_bundle_accessor.o -index-unit-output-path /GoogleUtilities.build/Debug-iphonesimulator/GoogleUtilities-Logger.build/Objects-normal/arm64/resource_bundle_accessor.o

PrecompileModule /Users/fukushimatakumi/Library/Developer/Xcode/DerivedData/SugarBeat-hgoxfxbbugxkfsbmqcjlbmjeaqyg/Build/Intermediates.noindex/ExplicitPrecompiledModules/GoogleUtilities_Environment-5UC1R20SD938E5QYLSPV6Q2QR.scan
    cd /Users/fukushimatakumi/develop/sugarbeat/sugarbeat-front
    builtin-precompileModule /Users/fukushimatakumi/Library/Developer/Xcode/DerivedData/SugarBeat-hgoxfxbbugxkfsbmqcjlbmjeaqyg/Build/Intermediates.noindex/ExplicitPrecompiledModules/GoogleUtilities_Environment-5UC1R20SD938E5QYLSPV6Q2QR.scan

PrecompileModule /Users/fukushimatakumi/Library/Developer/Xcode/DerivedData/SugarBeat-hgoxfxbbugxkfsbmqcjlbmjeaqyg/Build/Intermediates.noindex/ExplicitPrecompiledModules/os-176YB9EBR6DPR30BX3S30K2FR.scan
    cd /Users/fukushimatakumi/develop/sugarbeat/sugarbeat-front
    builtin-precompileModule /Users/fukushimatakumi/Library/Developer/Xcode/DerivedData/SugarBeat-hgoxfxbbugxkfsbmqcjlbmjeaqyg/Build/Intermediates.noindex/ExplicitPrecompiledModules/os-176YB9EBR6DPR30BX3S30K2FR.scan

CompileC /Users/fukushimatakumi/Library/Developer/Xcode/DerivedData/SugarBeat-hgoxfxbbugxkfsbmqcjlbmjeaqyg/Build/Intermediates.noindex/GTMSessionFetcher.build/Debug-iphonesimulator/GTMSessionFetcherCore.build/Objects-normal/arm64/resource_bundle_accessor.o /Users/fukushimatakumi/Library/Developer/Xcode/DerivedData/SugarBeat-hgoxfxbbugxkfsbmqcjlbmjeaqyg/Build/Intermediates.noindex/GTMSessionFetcher.build/Debug-iphonesimulator/GTMSessionFetcherCore.build/DerivedSources/resource_bundle_accessor.m normal arm64 objective-c com.apple.compilers.llvm.clang.1_0.compiler (in target 'GTMSessionFetcherCore' from project 'GTMSessionFetcher')
    cd /Users/fukushimatakumi/develop/sugarbeat/sugarbeat-front
    
    Using response file: /Users/fukushimatakumi/Library/Developer/Xcode/DerivedData/SugarBeat-hgoxfxbbugxkfsbmqcjlbmjeaqyg/Build/Intermediates.noindex/GTMSessionFetcher.build/Debug-iphonesimulator/GTMSessionFetcherCore.build/Objects-normal/arm64/e6072d4f65d7061329687fe24e3d63a7-common-args.resp
    
    /Applications/Xcode.app/Contents/Developer/Toolchains/XcodeDefault.xctoolchain/usr/bin/clang -x objective-c -ivfsstatcache /Users/fukushimatakumi/Library/Developer/Xcode/DerivedData/SDKStatCaches.noindex/iphonesimulator18.4-22E235-71825a6d136aa4733edcbe86ece5525b.sdkstatcache -fmessage-length\=0 -fdiagnostics-show-note-include-stack -fmacro-backtrace-limit\=0 -fno-color-diagnostics -fmodules-prune-interval\=86400 -fmodules-prune-after\=345600 -fbuild-session-file\=/Users/fukushimatakumi/Library/Developer/Xcode/DerivedData/ModuleCache.noindex/Session.modulevalidation -fmodules-validate-once-per-build-session -Wnon-modular-include-in-framework-module -Werror\=non-modular-include-in-framework-module -Wno-trigraphs -Wno-missing-field-initializers -Wno-missing-prototypes -Wno-return-type -Wno-implicit-atomic-properties -Wno-objc-interface-ivars -Wno-arc-repeated-use-of-weak -Wno-missing-braces -Wparentheses -Wswitch -Wno-unused-function -Wno-unused-label -Wno-unused-parameter -Wno-unused-variable -Wunused-value -Wno-empty-body -Wno-uninitialized -Wno-unknown-pragmas -w -Wno-shadow -Wno-four-char-constants -Wno-conversion -Wno-constant-conversion -Wno-int-conversion -Wno-bool-conversion -Wno-enum-conversion -Wno-float-conversion -Wno-non-literal-null-conversion -Wno-objc-literal-conversion -Wshorten-64-to-32 -Wpointer-sign -Wno-newline-eof -Wno-selector -Wno-strict-selector-match -Wno-undeclared-selector -Wno-deprecated-implementations -Wno-implicit-fallthrough -fstrict-aliasing -Wprotocol -Wdeprecated-declarations -Wno-sign-conversion -Wno-infinite-recursion -Wno-comma -Wno-block-capture-autoreleasing -Wno-strict-prototypes -Wno-semicolon-before-method-body -index-store-path /Users/fukushimatakumi/Library/Developer/Xcode/DerivedData/SugarBeat-hgoxfxbbugxkfsbmqcjlbmjeaqyg/Index.noindex/DataStore @/Users/fukushimatakumi/Library/Developer/Xcode/DerivedData/SugarBeat-hgoxfxbbugxkfsbmqcjlbmjeaqyg/Build/Intermediates.noindex/GTMSessionFetcher.build/Debug-iphonesimulator/GTMSessionFetcherCore.build/Objects-normal/arm64/e6072d4f65d7061329687fe24e3d63a7-common-args.resp -include /Users/fukushimatakumi/Library/Developer/Xcode/DerivedData/SugarBeat-hgoxfxbbugxkfsbmqcjlbmjeaqyg/Build/Intermediates.noindex/GTMSessionFetcher.build/Debug-iphonesimulator/GTMSessionFetcherCore.build/DerivedSources/resource_bundle_accessor.h -MMD -MT dependencies -MF /Users/fukushimatakumi/Library/Developer/Xcode/DerivedData/SugarBeat-hgoxfxbbugxkfsbmqcjlbmjeaqyg/Build/Intermediates.noindex/GTMSessionFetcher.build/Debug-iphonesimulator/GTMSessionFetcherCore.build/Objects-normal/arm64/resource_bundle_accessor.d --serialize-diagnostics /Users/fukushimatakumi/Library/Developer/Xcode/DerivedData/SugarBeat-hgoxfxbbugxkfsbmqcjlbmjeaqyg/Build/Intermediates.noindex/GTMSessionFetcher.build/Debug-iphonesimulator/GTMSessionFetcherCore.build/Objects-normal/arm64/resource_bundle_accessor.dia -c /Users/fukushimatakumi/Library/Developer/Xcode/DerivedData/SugarBeat-hgoxfxbbugxkfsbmqcjlbmjeaqyg/Build/Intermediates.noindex/GTMSessionFetcher.build/Debug-iphonesimulator/GTMSessionFetcherCore.build/DerivedSources/resource_bundle_accessor.m -o /Users/fukushimatakumi/Library/Developer/Xcode/DerivedData/SugarBeat-hgoxfxbbugxkfsbmqcjlbmjeaqyg/Build/Intermediates.noindex/GTMSessionFetcher.build/Debug-iphonesimulator/GTMSessionFetcherCore.build/Objects-normal/arm64/resource_bundle_accessor.o -index-unit-output-path /GTMSessionFetcher.build/Debug-iphonesimulator/GTMSessionFetcherCore.build/Objects-normal/arm64/resource_bundle_accessor.o

CompileC /Users/fukushimatakumi/Library/Developer/Xcode/DerivedData/SugarBeat-hgoxfxbbugxkfsbmqcjlbmjeaqyg/Build/Intermediates.noindex/Promises.build/Debug-iphonesimulator/FBLPromises.build/Objects-normal/arm64/resource_bundle_accessor.o /Users/fukushimatakumi/Library/Developer/Xcode/DerivedData/SugarBeat-hgoxfxbbugxkfsbmqcjlbmjeaqyg/Build/Intermediates.noindex/Promises.build/Debug-iphonesimulator/FBLPromises.build/DerivedSources/resource_bundle_accessor.m normal arm64 objective-c com.apple.compilers.llvm.clang.1_0.compiler (in target 'FBLPromises' from project 'Promises')
    cd /Users/fukushimatakumi/develop/sugarbeat/sugarbeat-front
    
    Using response file: /Users/fukushimatakumi/Library/Developer/Xcode/DerivedData/SugarBeat-hgoxfxbbugxkfsbmqcjlbmjeaqyg/Build/Intermediates.noindex/Promises.build/Debug-iphonesimulator/FBLPromises.build/Objects-normal/arm64/e6072d4f65d7061329687fe24e3d63a7-common-args.resp
    
    /Applications/Xcode.app/Contents/Developer/Toolchains/XcodeDefault.xctoolchain/usr/bin/clang -x objective-c -ivfsstatcache /Users/fukushimatakumi/Library/Developer/Xcode/DerivedData/SDKStatCaches.noindex/iphonesimulator18.4-22E235-71825a6d136aa4733edcbe86ece5525b.sdkstatcache -fmessage-length\=0 -fdiagnostics-show-note-include-stack -fmacro-backtrace-limit\=0 -fno-color-diagnostics -fmodules-prune-interval\=86400 -fmodules-prune-after\=345600 -fbuild-session-file\=/Users/fukushimatakumi/Library/Developer/Xcode/DerivedData/ModuleCache.noindex/Session.modulevalidation -fmodules-validate-once-per-build-session -Wnon-modular-include-in-framework-module -Werror\=non-modular-include-in-framework-module -Wno-trigraphs -Wno-missing-field-initializers -Wno-missing-prototypes -Wno-return-type -Wno-implicit-atomic-properties -Wno-objc-interface-ivars -Wno-arc-repeated-use-of-weak -Wno-missing-braces -Wparentheses -Wswitch -Wno-unused-function -Wno-unused-label -Wno-unused-parameter -Wno-unused-variable -Wunused-value -Wno-empty-body -Wno-uninitialized -Wno-unknown-pragmas -w -Wno-shadow -Wno-four-char-constants -Wno-conversion -Wno-constant-conversion -Wno-int-conversion -Wno-bool-conversion -Wno-enum-conversion -Wno-float-conversion -Wno-non-literal-null-conversion -Wno-objc-literal-conversion -Wshorten-64-to-32 -Wpointer-sign -Wno-newline-eof -Wno-selector -Wno-strict-selector-match -Wno-undeclared-selector -Wno-deprecated-implementations -Wno-implicit-fallthrough -fstrict-aliasing -Wprotocol -Wdeprecated-declarations -Wno-sign-conversion -Wno-infinite-recursion -Wno-comma -Wno-block-capture-autoreleasing -Wno-strict-prototypes -Wno-semicolon-before-method-body -index-store-path /Users/fukushimatakumi/Library/Developer/Xcode/DerivedData/SugarBeat-hgoxfxbbugxkfsbmqcjlbmjeaqyg/Index.noindex/DataStore @/Users/fukushimatakumi/Library/Developer/Xcode/DerivedData/SugarBeat-hgoxfxbbugxkfsbmqcjlbmjeaqyg/Build/Intermediates.noindex/Promises.build/Debug-iphonesimulator/FBLPromises.build/Objects-normal/arm64/e6072d4f65d7061329687fe24e3d63a7-common-args.resp -include /Users/fukushimatakumi/Library/Developer/Xcode/DerivedData/SugarBeat-hgoxfxbbugxkfsbmqcjlbmjeaqyg/Build/Intermediates.noindex/Promises.build/Debug-iphonesimulator/FBLPromises.build/DerivedSources/resource_bundle_accessor.h -MMD -MT dependencies -MF /Users/fukushimatakumi/Library/Developer/Xcode/DerivedData/SugarBeat-hgoxfxbbugxkfsbmqcjlbmjeaqyg/Build/Intermediates.noindex/Promises.build/Debug-iphonesimulator/FBLPromises.build/Objects-normal/arm64/resource_bundle_accessor.d --serialize-diagnostics /Users/fukushimatakumi/Library/Developer/Xcode/DerivedData/SugarBeat-hgoxfxbbugxkfsbmqcjlbmjeaqyg/Build/Intermediates.noindex/Promises.build/Debug-iphonesimulator/FBLPromises.build/Objects-normal/arm64/resource_bundle_accessor.dia -c /Users/fukushimatakumi/Library/Developer/Xcode/DerivedData/SugarBeat-hgoxfxbbugxkfsbmqcjlbmjeaqyg/Build/Intermediates.noindex/Promises.build/Debug-iphonesimulator/FBLPromises.build/DerivedSources/resource_bundle_accessor.m -o /Users/fukushimatakumi/Library/Developer/Xcode/DerivedData/SugarBeat-hgoxfxbbugxkfsbmqcjlbmjeaqyg/Build/Intermediates.noindex/Promises.build/Debug-iphonesimulator/FBLPromises.build/Objects-normal/arm64/resource_bundle_accessor.o -index-unit-output-path /Promises.build/Debug-iphonesimulator/FBLPromises.build/Objects-normal/arm64/resource_bundle_accessor.o

CompileC /Users/fukushimatakumi/Library/Developer/Xcode/DerivedData/SugarBeat-hgoxfxbbugxkfsbmqcjlbmjeaqyg/Build/Intermediates.noindex/Promises.build/Debug-iphonesimulator/FBLPromises.build/Objects-normal/arm64/FBLPromiseError.o /Users/fukushimatakumi/Library/Developer/Xcode/DerivedData/SugarBeat-hgoxfxbbugxkfsbmqcjlbmjeaqyg/SourcePackages/checkouts/promises/Sources/FBLPromises/FBLPromiseError.m normal arm64 objective-c com.apple.compilers.llvm.clang.1_0.compiler (in target 'FBLPromises' from project 'Promises')
    cd /Users/fukushimatakumi/develop/sugarbeat/sugarbeat-front
    
    Using response file: /Users/fukushimatakumi/Library/Developer/Xcode/DerivedData/SugarBeat-hgoxfxbbugxkfsbmqcjlbmjeaqyg/Build/Intermediates.noindex/Promises.build/Debug-iphonesimulator/FBLPromises.build/Objects-normal/arm64/e6072d4f65d7061329687fe24e3d63a7-common-args.resp
    
    /Applications/Xcode.app/Contents/Developer/Toolchains/XcodeDefault.xctoolchain/usr/bin/clang -x objective-c -ivfsstatcache /Users/fukushimatakumi/Library/Developer/Xcode/DerivedData/SDKStatCaches.noindex/iphonesimulator18.4-22E235-71825a6d136aa4733edcbe86ece5525b.sdkstatcache -fmessage-length\=0 -fdiagnostics-show-note-include-stack -fmacro-backtrace-limit\=0 -fno-color-diagnostics -fmodules-prune-interval\=86400 -fmodules-prune-after\=345600 -fbuild-session-file\=/Users/fukushimatakumi/Library/Developer/Xcode/DerivedData/ModuleCache.noindex/Session.modulevalidation -fmodules-validate-once-per-build-session -Wnon-modular-include-in-framework-module -Werror\=non-modular-include-in-framework-module -Wno-trigraphs -Wno-missing-field-initializers -Wno-missing-prototypes -Wno-return-type -Wno-implicit-atomic-properties -Wno-objc-interface-ivars -Wno-arc-repeated-use-of-weak -Wno-missing-braces -Wparentheses -Wswitch -Wno-unused-function -Wno-unused-label -Wno-unused-parameter -Wno-unused-variable -Wunused-value -Wno-empty-body -Wno-uninitialized -Wno-unknown-pragmas -w -Wno-shadow -Wno-four-char-constants -Wno-conversion -Wno-constant-conversion -Wno-int-conversion -Wno-bool-conversion -Wno-enum-conversion -Wno-float-conversion -Wno-non-literal-null-conversion -Wno-objc-literal-conversion -Wshorten-64-to-32 -Wpointer-sign -Wno-newline-eof -Wno-selector -Wno-strict-selector-match -Wno-undeclared-selector -Wno-deprecated-implementations -Wno-implicit-fallthrough -fstrict-aliasing -Wprotocol -Wdeprecated-declarations -Wno-sign-conversion -Wno-infinite-recursion -Wno-comma -Wno-block-capture-autoreleasing -Wno-strict-prototypes -Wno-semicolon-before-method-body -index-store-path /Users/fukushimatakumi/Library/Developer/Xcode/DerivedData/SugarBeat-hgoxfxbbugxkfsbmqcjlbmjeaqyg/Index.noindex/DataStore @/Users/fukushimatakumi/Library/Developer/Xcode/DerivedData/SugarBeat-hgoxfxbbugxkfsbmqcjlbmjeaqyg/Build/Intermediates.noindex/Promises.build/Debug-iphonesimulator/FBLPromises.build/Objects-normal/arm64/e6072d4f65d7061329687fe24e3d63a7-common-args.resp -include /Users/fukushimatakumi/Library/Developer/Xcode/DerivedData/SugarBeat-hgoxfxbbugxkfsbmqcjlbmjeaqyg/Build/Intermediates.noindex/Promises.build/Debug-iphonesimulator/FBLPromises.build/DerivedSources/resource_bundle_accessor.h -MMD -MT dependencies -MF /Users/fukushimatakumi/Library/Developer/Xcode/DerivedData/SugarBeat-hgoxfxbbugxkfsbmqcjlbmjeaqyg/Build/Intermediates.noindex/Promises.build/Debug-iphonesimulator/FBLPromises.build/Objects-normal/arm64/FBLPromiseError.d --serialize-diagnostics /Users/fukushimatakumi/Library/Developer/Xcode/DerivedData/SugarBeat-hgoxfxbbugxkfsbmqcjlbmjeaqyg/Build/Intermediates.noindex/Promises.build/Debug-iphonesimulator/FBLPromises.build/Objects-normal/arm64/FBLPromiseError.dia -c /Users/fukushimatakumi/Library/Developer/Xcode/DerivedData/SugarBeat-hgoxfxbbugxkfsbmqcjlbmjeaqyg/SourcePackages/checkouts/promises/Sources/FBLPromises/FBLPromiseError.m -o /Users/fukushimatakumi/Library/Developer/Xcode/DerivedData/SugarBeat-hgoxfxbbugxkfsbmqcjlbmjeaqyg/Build/Intermediates.noindex/Promises.build/Debug-iphonesimulator/FBLPromises.build/Objects-normal/arm64/FBLPromiseError.o -index-unit-output-path /Promises.build/Debug-iphonesimulator/FBLPromises.build/Objects-normal/arm64/FBLPromiseError.o

CompileC /Users/fukushimatakumi/Library/Developer/Xcode/DerivedData/SugarBeat-hgoxfxbbugxkfsbmqcjlbmjeaqyg/Build/Intermediates.noindex/GoogleUtilities.build/Debug-iphonesimulator/GoogleUtilities-Logger.build/Objects-normal/arm64/GULLogger.o /Users/fukushimatakumi/Library/Developer/Xcode/DerivedData/SugarBeat-hgoxfxbbugxkfsbmqcjlbmjeaqyg/SourcePackages/checkouts/GoogleUtilities/GoogleUtilities/Logger/GULLogger.m normal arm64 objective-c com.apple.compilers.llvm.clang.1_0.compiler (in target 'GoogleUtilities-Logger' from project 'GoogleUtilities')
    cd /Users/fukushimatakumi/develop/sugarbeat/sugarbeat-front
    
    Using response file: /Users/fukushimatakumi/Library/Developer/Xcode/DerivedData/SugarBeat-hgoxfxbbugxkfsbmqcjlbmjeaqyg/Build/Intermediates.noindex/GoogleUtilities.build/Debug-iphonesimulator/GoogleUtilities-Logger.build/Objects-normal/arm64/e6072d4f65d7061329687fe24e3d63a7-common-args.resp
    
    /Applications/Xcode.app/Contents/Developer/Toolchains/XcodeDefault.xctoolchain/usr/bin/clang -x objective-c -ivfsstatcache /Users/fukushimatakumi/Library/Developer/Xcode/DerivedData/SDKStatCaches.noindex/iphonesimulator18.4-22E235-71825a6d136aa4733edcbe86ece5525b.sdkstatcache -fmessage-length\=0 -fdiagnostics-show-note-include-stack -fmacro-backtrace-limit\=0 -fno-color-diagnostics -fmodules-prune-interval\=86400 -fmodules-prune-after\=345600 -fbuild-session-file\=/Users/fukushimatakumi/Library/Developer/Xcode/DerivedData/ModuleCache.noindex/Session.modulevalidation -fmodules-validate-once-per-build-session -Wnon-modular-include-in-framework-module -Werror\=non-modular-include-in-framework-module -Wno-trigraphs -Wno-missing-field-initializers -Wno-missing-prototypes -Wno-return-type -Wno-implicit-atomic-properties -Wno-objc-interface-ivars -Wno-arc-repeated-use-of-weak -Wno-missing-braces -Wparentheses -Wswitch -Wno-unused-function -Wno-unused-label -Wno-unused-parameter -Wno-unused-variable -Wunused-value -Wno-empty-body -Wno-uninitialized -Wno-unknown-pragmas -w -Wno-shadow -Wno-four-char-constants -Wno-conversion -Wno-constant-conversion -Wno-int-conversion -Wno-bool-conversion -Wno-enum-conversion -Wno-float-conversion -Wno-non-literal-null-conversion -Wno-objc-literal-conversion -Wshorten-64-to-32 -Wpointer-sign -Wno-newline-eof -Wno-selector -Wno-strict-selector-match -Wno-undeclared-selector -Wno-deprecated-implementations -Wno-implicit-fallthrough -fstrict-aliasing -Wprotocol -Wdeprecated-declarations -Wno-sign-conversion -Wno-infinite-recursion -Wno-comma -Wno-block-capture-autoreleasing -Wno-strict-prototypes -Wno-semicolon-before-method-body -index-store-path /Users/fukushimatakumi/Library/Developer/Xcode/DerivedData/SugarBeat-hgoxfxbbugxkfsbmqcjlbmjeaqyg/Index.noindex/DataStore @/Users/fukushimatakumi/Library/Developer/Xcode/DerivedData/SugarBeat-hgoxfxbbugxkfsbmqcjlbmjeaqyg/Build/Intermediates.noindex/GoogleUtilities.build/Debug-iphonesimulator/GoogleUtilities-Logger.build/Objects-normal/arm64/e6072d4f65d7061329687fe24e3d63a7-common-args.resp -include /Users/fukushimatakumi/Library/Developer/Xcode/DerivedData/SugarBeat-hgoxfxbbugxkfsbmqcjlbmjeaqyg/Build/Intermediates.noindex/GoogleUtilities.build/Debug-iphonesimulator/GoogleUtilities-Logger.build/DerivedSources/resource_bundle_accessor.h -MMD -MT dependencies -MF /Users/fukushimatakumi/Library/Developer/Xcode/DerivedData/SugarBeat-hgoxfxbbugxkfsbmqcjlbmjeaqyg/Build/Intermediates.noindex/GoogleUtilities.build/Debug-iphonesimulator/GoogleUtilities-Logger.build/Objects-normal/arm64/GULLogger.d --serialize-diagnostics /Users/fukushimatakumi/Library/Developer/Xcode/DerivedData/SugarBeat-hgoxfxbbugxkfsbmqcjlbmjeaqyg/Build/Intermediates.noindex/GoogleUtilities.build/Debug-iphonesimulator/GoogleUtilities-Logger.build/Objects-normal/arm64/GULLogger.dia -c /Users/fukushimatakumi/Library/Developer/Xcode/DerivedData/SugarBeat-hgoxfxbbugxkfsbmqcjlbmjeaqyg/SourcePackages/checkouts/GoogleUtilities/GoogleUtilities/Logger/GULLogger.m -o /Users/fukushimatakumi/Library/Developer/Xcode/DerivedData/SugarBeat-hgoxfxbbugxkfsbmqcjlbmjeaqyg/Build/Intermediates.noindex/GoogleUtilities.build/Debug-iphonesimulator/GoogleUtilities-Logger.build/Objects-normal/arm64/GULLogger.o -index-unit-output-path /GoogleUtilities.build/Debug-iphonesimulator/GoogleUtilities-Logger.build/Objects-normal/arm64/GULLogger.o

CompileC /Users/fukushimatakumi/Library/Developer/Xcode/DerivedData/SugarBeat-hgoxfxbbugxkfsbmqcjlbmjeaqyg/Build/Intermediates.noindex/Promises.build/Debug-iphonesimulator/FBLPromises.build/Objects-normal/arm64/FBLPromise.o /Users/fukushimatakumi/Library/Developer/Xcode/DerivedData/SugarBeat-hgoxfxbbugxkfsbmqcjlbmjeaqyg/SourcePackages/checkouts/promises/Sources/FBLPromises/FBLPromise.m normal arm64 objective-c com.apple.compilers.llvm.clang.1_0.compiler (in target 'FBLPromises' from project 'Promises')
    cd /Users/fukushimatakumi/develop/sugarbeat/sugarbeat-front
    
    Using response file: /Users/fukushimatakumi/Library/Developer/Xcode/DerivedData/SugarBeat-hgoxfxbbugxkfsbmqcjlbmjeaqyg/Build/Intermediates.noindex/Promises.build/Debug-iphonesimulator/FBLPromises.build/Objects-normal/arm64/e6072d4f65d7061329687fe24e3d63a7-common-args.resp
    
    /Applications/Xcode.app/Contents/Developer/Toolchains/XcodeDefault.xctoolchain/usr/bin/clang -x objective-c -ivfsstatcache /Users/fukushimatakumi/Library/Developer/Xcode/DerivedData/SDKStatCaches.noindex/iphonesimulator18.4-22E235-71825a6d136aa4733edcbe86ece5525b.sdkstatcache -fmessage-length\=0 -fdiagnostics-show-note-include-stack -fmacro-backtrace-limit\=0 -fno-color-diagnostics -fmodules-prune-interval\=86400 -fmodules-prune-after\=345600 -fbuild-session-file\=/Users/fukushimatakumi/Library/Developer/Xcode/DerivedData/ModuleCache.noindex/Session.modulevalidation -fmodules-validate-once-per-build-session -Wnon-modular-include-in-framework-module -Werror\=non-modular-include-in-framework-module -Wno-trigraphs -Wno-missing-field-initializers -Wno-missing-prototypes -Wno-return-type -Wno-implicit-atomic-properties -Wno-objc-interface-ivars -Wno-arc-repeated-use-of-weak -Wno-missing-braces -Wparentheses -Wswitch -Wno-unused-function -Wno-unused-label -Wno-unused-parameter -Wno-unused-variable -Wunused-value -Wno-empty-body -Wno-uninitialized -Wno-unknown-pragmas -w -Wno-shadow -Wno-four-char-constants -Wno-conversion -Wno-constant-conversion -Wno-int-conversion -Wno-bool-conversion -Wno-enum-conversion -Wno-float-conversion -Wno-non-literal-null-conversion -Wno-objc-literal-conversion -Wshorten-64-to-32 -Wpointer-sign -Wno-newline-eof -Wno-selector -Wno-strict-selector-match -Wno-undeclared-selector -Wno-deprecated-implementations -Wno-implicit-fallthrough -fstrict-aliasing -Wprotocol -Wdeprecated-declarations -Wno-sign-conversion -Wno-infinite-recursion -Wno-comma -Wno-block-capture-autoreleasing -Wno-strict-prototypes -Wno-semicolon-before-method-body -index-store-path /Users/fukushimatakumi/Library/Developer/Xcode/DerivedData/SugarBeat-hgoxfxbbugxkfsbmqcjlbmjeaqyg/Index.noindex/DataStore @/Users/fukushimatakumi/Library/Developer/Xcode/DerivedData/SugarBeat-hgoxfxbbugxkfsbmqcjlbmjeaqyg/Build/Intermediates.noindex/Promises.build/Debug-iphonesimulator/FBLPromises.build/Objects-normal/arm64/e6072d4f65d7061329687fe24e3d63a7-common-args.resp -include /Users/fukushimatakumi/Library/Developer/Xcode/DerivedData/SugarBeat-hgoxfxbbugxkfsbmqcjlbmjeaqyg/Build/Intermediates.noindex/Promises.build/Debug-iphonesimulator/FBLPromises.build/DerivedSources/resource_bundle_accessor.h -MMD -MT dependencies -MF /Users/fukushimatakumi/Library/Developer/Xcode/DerivedData/SugarBeat-hgoxfxbbugxkfsbmqcjlbmjeaqyg/Build/Intermediates.noindex/Promises.build/Debug-iphonesimulator/FBLPromises.build/Objects-normal/arm64/FBLPromise.d --serialize-diagnostics /Users/fukushimatakumi/Library/Developer/Xcode/DerivedData/SugarBeat-hgoxfxbbugxkfsbmqcjlbmjeaqyg/Build/Intermediates.noindex/Promises.build/Debug-iphonesimulator/FBLPromises.build/Objects-normal/arm64/FBLPromise.dia -c /Users/fukushimatakumi/Library/Developer/Xcode/DerivedData/SugarBeat-hgoxfxbbugxkfsbmqcjlbmjeaqyg/SourcePackages/checkouts/promises/Sources/FBLPromises/FBLPromise.m -o /Users/fukushimatakumi/Library/Developer/Xcode/DerivedData/SugarBeat-hgoxfxbbugxkfsbmqcjlbmjeaqyg/Build/Intermediates.noindex/Promises.build/Debug-iphonesimulator/FBLPromises.build/Objects-normal/arm64/FBLPromise.o -index-unit-output-path /Promises.build/Debug-iphonesimulator/FBLPromises.build/Objects-normal/arm64/FBLPromise.o

CompileC /Users/fukushimatakumi/Library/Developer/Xcode/DerivedData/SugarBeat-hgoxfxbbugxkfsbmqcjlbmjeaqyg/Build/Intermediates.noindex/Promises.build/Debug-iphonesimulator/FBLPromises.build/Objects-normal/arm64/FBLPromise+Wrap.o /Users/fukushimatakumi/Library/Developer/Xcode/DerivedData/SugarBeat-hgoxfxbbugxkfsbmqcjlbmjeaqyg/SourcePackages/checkouts/promises/Sources/FBLPromises/FBLPromise+Wrap.m normal arm64 objective-c com.apple.compilers.llvm.clang.1_0.compiler (in target 'FBLPromises' from project 'Promises')
    cd /Users/fukushimatakumi/develop/sugarbeat/sugarbeat-front
    
    Using response file: /Users/fukushimatakumi/Library/Developer/Xcode/DerivedData/SugarBeat-hgoxfxbbugxkfsbmqcjlbmjeaqyg/Build/Intermediates.noindex/Promises.build/Debug-iphonesimulator/FBLPromises.build/Objects-normal/arm64/e6072d4f65d7061329687fe24e3d63a7-common-args.resp
    
    /Applications/Xcode.app/Contents/Developer/Toolchains/XcodeDefault.xctoolchain/usr/bin/clang -x objective-c -ivfsstatcache /Users/fukushimatakumi/Library/Developer/Xcode/DerivedData/SDKStatCaches.noindex/iphonesimulator18.4-22E235-71825a6d136aa4733edcbe86ece5525b.sdkstatcache -fmessage-length\=0 -fdiagnostics-show-note-include-stack -fmacro-backtrace-limit\=0 -fno-color-diagnostics -fmodules-prune-interval\=86400 -fmodules-prune-after\=345600 -fbuild-session-file\=/Users/fukushimatakumi/Library/Developer/Xcode/DerivedData/ModuleCache.noindex/Session.modulevalidation -fmodules-validate-once-per-build-session -Wnon-modular-include-in-framework-module -Werror\=non-modular-include-in-framework-module -Wno-trigraphs -Wno-missing-field-initializers -Wno-missing-prototypes -Wno-return-type -Wno-implicit-atomic-properties -Wno-objc-interface-ivars -Wno-arc-repeated-use-of-weak -Wno-missing-braces -Wparentheses -Wswitch -Wno-unused-function -Wno-unused-label -Wno-unused-parameter -Wno-unused-variable -Wunused-value -Wno-empty-body -Wno-uninitialized -Wno-unknown-pragmas -w -Wno-shadow -Wno-four-char-constants -Wno-conversion -Wno-constant-conversion -Wno-int-conversion -Wno-bool-conversion -Wno-enum-conversion -Wno-float-conversion -Wno-non-literal-null-conversion -Wno-objc-literal-conversion -Wshorten-64-to-32 -Wpointer-sign -Wno-newline-eof -Wno-selector -Wno-strict-selector-match -Wno-undeclared-selector -Wno-deprecated-implementations -Wno-implicit-fallthrough -fstrict-aliasing -Wprotocol -Wdeprecated-declarations -Wno-sign-conversion -Wno-infinite-recursion -Wno-comma -Wno-block-capture-autoreleasing -Wno-strict-prototypes -Wno-semicolon-before-method-body -index-store-path /Users/fukushimatakumi/Library/Developer/Xcode/DerivedData/SugarBeat-hgoxfxbbugxkfsbmqcjlbmjeaqyg/Index.noindex/DataStore @/Users/fukushimatakumi/Library/Developer/Xcode/DerivedData/SugarBeat-hgoxfxbbugxkfsbmqcjlbmjeaqyg/Build/Intermediates.noindex/Promises.build/Debug-iphonesimulator/FBLPromises.build/Objects-normal/arm64/e6072d4f65d7061329687fe24e3d63a7-common-args.resp -include /Users/fukushimatakumi/Library/Developer/Xcode/DerivedData/SugarBeat-hgoxfxbbugxkfsbmqcjlbmjeaqyg/Build/Intermediates.noindex/Promises.build/Debug-iphonesimulator/FBLPromises.build/DerivedSources/resource_bundle_accessor.h -MMD -MT dependencies -MF /Users/fukushimatakumi/Library/Developer/Xcode/DerivedData/SugarBeat-hgoxfxbbugxkfsbmqcjlbmjeaqyg/Build/Intermediates.noindex/Promises.build/Debug-iphonesimulator/FBLPromises.build/Objects-normal/arm64/FBLPromise+Wrap.d --serialize-diagnostics /Users/fukushimatakumi/Library/Developer/Xcode/DerivedData/SugarBeat-hgoxfxbbugxkfsbmqcjlbmjeaqyg/Build/Intermediates.noindex/Promises.build/Debug-iphonesimulator/FBLPromises.build/Objects-normal/arm64/FBLPromise+Wrap.dia -c /Users/fukushimatakumi/Library/Developer/Xcode/DerivedData/SugarBeat-hgoxfxbbugxkfsbmqcjlbmjeaqyg/SourcePackages/checkouts/promises/Sources/FBLPromises/FBLPromise+Wrap.m -o /Users/fukushimatakumi/Library/Developer/Xcode/DerivedData/SugarBeat-hgoxfxbbugxkfsbmqcjlbmjeaqyg/Build/Intermediates.noindex/Promises.build/Debug-iphonesimulator/FBLPromises.build/Objects-normal/arm64/FBLPromise+Wrap.o -index-unit-output-path /Promises.build/Debug-iphonesimulator/FBLPromises.build/Objects-normal/arm64/FBLPromise+Wrap.o

CompileC /Users/fukushimatakumi/Library/Developer/Xcode/DerivedData/SugarBeat-hgoxfxbbugxkfsbmqcjlbmjeaqyg/Build/Intermediates.noindex/Promises.build/Debug-iphonesimulator/FBLPromises.build/Objects-normal/arm64/FBLPromise+Validate.o /Users/fukushimatakumi/Library/Developer/Xcode/DerivedData/SugarBeat-hgoxfxbbugxkfsbmqcjlbmjeaqyg/SourcePackages/checkouts/promises/Sources/FBLPromises/FBLPromise+Validate.m normal arm64 objective-c com.apple.compilers.llvm.clang.1_0.compiler (in target 'FBLPromises' from project 'Promises')
    cd /Users/fukushimatakumi/develop/sugarbeat/sugarbeat-front
    
    Using response file: /Users/fukushimatakumi/Library/Developer/Xcode/DerivedData/SugarBeat-hgoxfxbbugxkfsbmqcjlbmjeaqyg/Build/Intermediates.noindex/Promises.build/Debug-iphonesimulator/FBLPromises.build/Objects-normal/arm64/e6072d4f65d7061329687fe24e3d63a7-common-args.resp
    
    /Applications/Xcode.app/Contents/Developer/Toolchains/XcodeDefault.xctoolchain/usr/bin/clang -x objective-c -ivfsstatcache /Users/fukushimatakumi/Library/Developer/Xcode/DerivedData/SDKStatCaches.noindex/iphonesimulator18.4-22E235-71825a6d136aa4733edcbe86ece5525b.sdkstatcache -fmessage-length\=0 -fdiagnostics-show-note-include-stack -fmacro-backtrace-limit\=0 -fno-color-diagnostics -fmodules-prune-interval\=86400 -fmodules-prune-after\=345600 -fbuild-session-file\=/Users/fukushimatakumi/Library/Developer/Xcode/DerivedData/ModuleCache.noindex/Session.modulevalidation -fmodules-validate-once-per-build-session -Wnon-modular-include-in-framework-module -Werror\=non-modular-include-in-framework-module -Wno-trigraphs -Wno-missing-field-initializers -Wno-missing-prototypes -Wno-return-type -Wno-implicit-atomic-properties -Wno-objc-interface-ivars -Wno-arc-repeated-use-of-weak -Wno-missing-braces -Wparentheses -Wswitch -Wno-unused-function -Wno-unused-label -Wno-unused-parameter -Wno-unused-variable -Wunused-value -Wno-empty-body -Wno-uninitialized -Wno-unknown-pragmas -w -Wno-shadow -Wno-four-char-constants -Wno-conversion -Wno-constant-conversion -Wno-int-conversion -Wno-bool-conversion -Wno-enum-conversion -Wno-float-conversion -Wno-non-literal-null-conversion -Wno-objc-literal-conversion -Wshorten-64-to-32 -Wpointer-sign -Wno-newline-eof -Wno-selector -Wno-strict-selector-match -Wno-undeclared-selector -Wno-deprecated-implementations -Wno-implicit-fallthrough -fstrict-aliasing -Wprotocol -Wdeprecated-declarations -Wno-sign-conversion -Wno-infinite-recursion -Wno-comma -Wno-block-capture-autoreleasing -Wno-strict-prototypes -Wno-semicolon-before-method-body -index-store-path /Users/fukushimatakumi/Library/Developer/Xcode/DerivedData/SugarBeat-hgoxfxbbugxkfsbmqcjlbmjeaqyg/Index.noindex/DataStore @/Users/fukushimatakumi/Library/Developer/Xcode/DerivedData/SugarBeat-hgoxfxbbugxkfsbmqcjlbmjeaqyg/Build/Intermediates.noindex/Promises.build/Debug-iphonesimulator/FBLPromises.build/Objects-normal/arm64/e6072d4f65d7061329687fe24e3d63a7-common-args.resp -include /Users/fukushimatakumi/Library/Developer/Xcode/DerivedData/SugarBeat-hgoxfxbbugxkfsbmqcjlbmjeaqyg/Build/Intermediates.noindex/Promises.build/Debug-iphonesimulator/FBLPromises.build/DerivedSources/resource_bundle_accessor.h -MMD -MT dependencies -MF /Users/fukushimatakumi/Library/Developer/Xcode/DerivedData/SugarBeat-hgoxfxbbugxkfsbmqcjlbmjeaqyg/Build/Intermediates.noindex/Promises.build/Debug-iphonesimulator/FBLPromises.build/Objects-normal/arm64/FBLPromise+Validate.d --serialize-diagnostics /Users/fukushimatakumi/Library/Developer/Xcode/DerivedData/SugarBeat-hgoxfxbbugxkfsbmqcjlbmjeaqyg/Build/Intermediates.noindex/Promises.build/Debug-iphonesimulator/FBLPromises.build/Objects-normal/arm64/FBLPromise+Validate.dia -c /Users/fukushimatakumi/Library/Developer/Xcode/DerivedData/SugarBeat-hgoxfxbbugxkfsbmqcjlbmjeaqyg/SourcePackages/checkouts/promises/Sources/FBLPromises/FBLPromise+Validate.m -o /Users/fukushimatakumi/Library/Developer/Xcode/DerivedData/SugarBeat-hgoxfxbbugxkfsbmqcjlbmjeaqyg/Build/Intermediates.noindex/Promises.build/Debug-iphonesimulator/FBLPromises.build/Objects-normal/arm64/FBLPromise+Validate.o -index-unit-output-path /Promises.build/Debug-iphonesimulator/FBLPromises.build/Objects-normal/arm64/FBLPromise+Validate.o

CompileC /Users/fukushimatakumi/Library/Developer/Xcode/DerivedData/SugarBeat-hgoxfxbbugxkfsbmqcjlbmjeaqyg/Build/Intermediates.noindex/Promises.build/Debug-iphonesimulator/FBLPromises.build/Objects-normal/arm64/FBLPromise+Timeout.o /Users/fukushimatakumi/Library/Developer/Xcode/DerivedData/SugarBeat-hgoxfxbbugxkfsbmqcjlbmjeaqyg/SourcePackages/checkouts/promises/Sources/FBLPromises/FBLPromise+Timeout.m normal arm64 objective-c com.apple.compilers.llvm.clang.1_0.compiler (in target 'FBLPromises' from project 'Promises')
    cd /Users/fukushimatakumi/develop/sugarbeat/sugarbeat-front
    
    Using response file: /Users/fukushimatakumi/Library/Developer/Xcode/DerivedData/SugarBeat-hgoxfxbbugxkfsbmqcjlbmjeaqyg/Build/Intermediates.noindex/Promises.build/Debug-iphonesimulator/FBLPromises.build/Objects-normal/arm64/e6072d4f65d7061329687fe24e3d63a7-common-args.resp
    
    /Applications/Xcode.app/Contents/Developer/Toolchains/XcodeDefault.xctoolchain/usr/bin/clang -x objective-c -ivfsstatcache /Users/fukushimatakumi/Library/Developer/Xcode/DerivedData/SDKStatCaches.noindex/iphonesimulator18.4-22E235-71825a6d136aa4733edcbe86ece5525b.sdkstatcache -fmessage-length\=0 -fdiagnostics-show-note-include-stack -fmacro-backtrace-limit\=0 -fno-color-diagnostics -fmodules-prune-interval\=86400 -fmodules-prune-after\=345600 -fbuild-session-file\=/Users/fukushimatakumi/Library/Developer/Xcode/DerivedData/ModuleCache.noindex/Session.modulevalidation -fmodules-validate-once-per-build-session -Wnon-modular-include-in-framework-module -Werror\=non-modular-include-in-framework-module -Wno-trigraphs -Wno-missing-field-initializers -Wno-missing-prototypes -Wno-return-type -Wno-implicit-atomic-properties -Wno-objc-interface-ivars -Wno-arc-repeated-use-of-weak -Wno-missing-braces -Wparentheses -Wswitch -Wno-unused-function -Wno-unused-label -Wno-unused-parameter -Wno-unused-variable -Wunused-value -Wno-empty-body -Wno-uninitialized -Wno-unknown-pragmas -w -Wno-shadow -Wno-four-char-constants -Wno-conversion -Wno-constant-conversion -Wno-int-conversion -Wno-bool-conversion -Wno-enum-conversion -Wno-float-conversion -Wno-non-literal-null-conversion -Wno-objc-literal-conversion -Wshorten-64-to-32 -Wpointer-sign -Wno-newline-eof -Wno-selector -Wno-strict-selector-match -Wno-undeclared-selector -Wno-deprecated-implementations -Wno-implicit-fallthrough -fstrict-aliasing -Wprotocol -Wdeprecated-declarations -Wno-sign-conversion -Wno-infinite-recursion -Wno-comma -Wno-block-capture-autoreleasing -Wno-strict-prototypes -Wno-semicolon-before-method-body -index-store-path /Users/fukushimatakumi/Library/Developer/Xcode/DerivedData/SugarBeat-hgoxfxbbugxkfsbmqcjlbmjeaqyg/Index.noindex/DataStore @/Users/fukushimatakumi/Library/Developer/Xcode/DerivedData/SugarBeat-hgoxfxbbugxkfsbmqcjlbmjeaqyg/Build/Intermediates.noindex/Promises.build/Debug-iphonesimulator/FBLPromises.build/Objects-normal/arm64/e6072d4f65d7061329687fe24e3d63a7-common-args.resp -include /Users/fukushimatakumi/Library/Developer/Xcode/DerivedData/SugarBeat-hgoxfxbbugxkfsbmqcjlbmjeaqyg/Build/Intermediates.noindex/Promises.build/Debug-iphonesimulator/FBLPromises.build/DerivedSources/resource_bundle_accessor.h -MMD -MT dependencies -MF /Users/fukushimatakumi/Library/Developer/Xcode/DerivedData/SugarBeat-hgoxfxbbugxkfsbmqcjlbmjeaqyg/Build/Intermediates.noindex/Promises.build/Debug-iphonesimulator/FBLPromises.build/Objects-normal/arm64/FBLPromise+Timeout.d --serialize-diagnostics /Users/fukushimatakumi/Library/Developer/Xcode/DerivedData/SugarBeat-hgoxfxbbugxkfsbmqcjlbmjeaqyg/Build/Intermediates.noindex/Promises.build/Debug-iphonesimulator/FBLPromises.build/Objects-normal/arm64/FBLPromise+Timeout.dia -c /Users/fukushimatakumi/Library/Developer/Xcode/DerivedData/SugarBeat-hgoxfxbbugxkfsbmqcjlbmjeaqyg/SourcePackages/checkouts/promises/Sources/FBLPromises/FBLPromise+Timeout.m -o /Users/fukushimatakumi/Library/Developer/Xcode/DerivedData/SugarBeat-hgoxfxbbugxkfsbmqcjlbmjeaqyg/Build/Intermediates.noindex/Promises.build/Debug-iphonesimulator/FBLPromises.build/Objects-normal/arm64/FBLPromise+Timeout.o -index-unit-output-path /Promises.build/Debug-iphonesimulator/FBLPromises.build/Objects-normal/arm64/FBLPromise+Timeout.o

CompileC /Users/fukushimatakumi/Library/Developer/Xcode/DerivedData/SugarBeat-hgoxfxbbugxkfsbmqcjlbmjeaqyg/Build/Intermediates.noindex/Promises.build/Debug-iphonesimulator/FBLPromises.build/Objects-normal/arm64/FBLPromise+Then.o /Users/fukushimatakumi/Library/Developer/Xcode/DerivedData/SugarBeat-hgoxfxbbugxkfsbmqcjlbmjeaqyg/SourcePackages/checkouts/promises/Sources/FBLPromises/FBLPromise+Then.m normal arm64 objective-c com.apple.compilers.llvm.clang.1_0.compiler (in target 'FBLPromises' from project 'Promises')
    cd /Users/fukushimatakumi/develop/sugarbeat/sugarbeat-front
    
    Using response file: /Users/fukushimatakumi/Library/Developer/Xcode/DerivedData/SugarBeat-hgoxfxbbugxkfsbmqcjlbmjeaqyg/Build/Intermediates.noindex/Promises.build/Debug-iphonesimulator/FBLPromises.build/Objects-normal/arm64/e6072d4f65d7061329687fe24e3d63a7-common-args.resp
    
    /Applications/Xcode.app/Contents/Developer/Toolchains/XcodeDefault.xctoolchain/usr/bin/clang -x objective-c -ivfsstatcache /Users/fukushimatakumi/Library/Developer/Xcode/DerivedData/SDKStatCaches.noindex/iphonesimulator18.4-22E235-71825a6d136aa4733edcbe86ece5525b.sdkstatcache -fmessage-length\=0 -fdiagnostics-show-note-include-stack -fmacro-backtrace-limit\=0 -fno-color-diagnostics -fmodules-prune-interval\=86400 -fmodules-prune-after\=345600 -fbuild-session-file\=/Users/fukushimatakumi/Library/Developer/Xcode/DerivedData/ModuleCache.noindex/Session.modulevalidation -fmodules-validate-once-per-build-session -Wnon-modular-include-in-framework-module -Werror\=non-modular-include-in-framework-module -Wno-trigraphs -Wno-missing-field-initializers -Wno-missing-prototypes -Wno-return-type -Wno-implicit-atomic-properties -Wno-objc-interface-ivars -Wno-arc-repeated-use-of-weak -Wno-missing-braces -Wparentheses -Wswitch -Wno-unused-function -Wno-unused-label -Wno-unused-parameter -Wno-unused-variable -Wunused-value -Wno-empty-body -Wno-uninitialized -Wno-unknown-pragmas -w -Wno-shadow -Wno-four-char-constants -Wno-conversion -Wno-constant-conversion -Wno-int-conversion -Wno-bool-conversion -Wno-enum-conversion -Wno-float-conversion -Wno-non-literal-null-conversion -Wno-objc-literal-conversion -Wshorten-64-to-32 -Wpointer-sign -Wno-newline-eof -Wno-selector -Wno-strict-selector-match -Wno-undeclared-selector -Wno-deprecated-implementations -Wno-implicit-fallthrough -fstrict-aliasing -Wprotocol -Wdeprecated-declarations -Wno-sign-conversion -Wno-infinite-recursion -Wno-comma -Wno-block-capture-autoreleasing -Wno-strict-prototypes -Wno-semicolon-before-method-body -index-store-path /Users/fukushimatakumi/Library/Developer/Xcode/DerivedData/SugarBeat-hgoxfxbbugxkfsbmqcjlbmjeaqyg/Index.noindex/DataStore @/Users/fukushimatakumi/Library/Developer/Xcode/DerivedData/SugarBeat-hgoxfxbbugxkfsbmqcjlbmjeaqyg/Build/Intermediates.noindex/Promises.build/Debug-iphonesimulator/FBLPromises.build/Objects-normal/arm64/e6072d4f65d7061329687fe24e3d63a7-common-args.resp -include /Users/fukushimatakumi/Library/Developer/Xcode/DerivedData/SugarBeat-hgoxfxbbugxkfsbmqcjlbmjeaqyg/Build/Intermediates.noindex/Promises.build/Debug-iphonesimulator/FBLPromises.build/DerivedSources/resource_bundle_accessor.h -MMD -MT dependencies -MF /Users/fukushimatakumi/Library/Developer/Xcode/DerivedData/SugarBeat-hgoxfxbbugxkfsbmqcjlbmjeaqyg/Build/Intermediates.noindex/Promises.build/Debug-iphonesimulator/FBLPromises.build/Objects-normal/arm64/FBLPromise+Then.d --serialize-diagnostics /Users/fukushimatakumi/Library/Developer/Xcode/DerivedData/SugarBeat-hgoxfxbbugxkfsbmqcjlbmjeaqyg/Build/Intermediates.noindex/Promises.build/Debug-iphonesimulator/FBLPromises.build/Objects-normal/arm64/FBLPromise+Then.dia -c /Users/fukushimatakumi/Library/Developer/Xcode/DerivedData/SugarBeat-hgoxfxbbugxkfsbmqcjlbmjeaqyg/SourcePackages/checkouts/promises/Sources/FBLPromises/FBLPromise+Then.m -o /Users/fukushimatakumi/Library/Developer/Xcode/DerivedData/SugarBeat-hgoxfxbbugxkfsbmqcjlbmjeaqyg/Build/Intermediates.noindex/Promises.build/Debug-iphonesimulator/FBLPromises.build/Objects-normal/arm64/FBLPromise+Then.o -index-unit-output-path /Promises.build/Debug-iphonesimulator/FBLPromises.build/Objects-normal/arm64/FBLPromise+Then.o

CompileC /Users/fukushimatakumi/Library/Developer/Xcode/DerivedData/SugarBeat-hgoxfxbbugxkfsbmqcjlbmjeaqyg/Build/Intermediates.noindex/Promises.build/Debug-iphonesimulator/FBLPromises.build/Objects-normal/arm64/FBLPromise+Testing.o /Users/fukushimatakumi/Library/Developer/Xcode/DerivedData/SugarBeat-hgoxfxbbugxkfsbmqcjlbmjeaqyg/SourcePackages/checkouts/promises/Sources/FBLPromises/FBLPromise+Testing.m normal arm64 objective-c com.apple.compilers.llvm.clang.1_0.compiler (in target 'FBLPromises' from project 'Promises')
    cd /Users/fukushimatakumi/develop/sugarbeat/sugarbeat-front
    
    Using response file: /Users/fukushimatakumi/Library/Developer/Xcode/DerivedData/SugarBeat-hgoxfxbbugxkfsbmqcjlbmjeaqyg/Build/Intermediates.noindex/Promises.build/Debug-iphonesimulator/FBLPromises.build/Objects-normal/arm64/e6072d4f65d7061329687fe24e3d63a7-common-args.resp
    
    /Applications/Xcode.app/Contents/Developer/Toolchains/XcodeDefault.xctoolchain/usr/bin/clang -x objective-c -ivfsstatcache /Users/fukushimatakumi/Library/Developer/Xcode/DerivedData/SDKStatCaches.noindex/iphonesimulator18.4-22E235-71825a6d136aa4733edcbe86ece5525b.sdkstatcache -fmessage-length\=0 -fdiagnostics-show-note-include-stack -fmacro-backtrace-limit\=0 -fno-color-diagnostics -fmodules-prune-interval\=86400 -fmodules-prune-after\=345600 -fbuild-session-file\=/Users/fukushimatakumi/Library/Developer/Xcode/DerivedData/ModuleCache.noindex/Session.modulevalidation -fmodules-validate-once-per-build-session -Wnon-modular-include-in-framework-module -Werror\=non-modular-include-in-framework-module -Wno-trigraphs -Wno-missing-field-initializers -Wno-missing-prototypes -Wno-return-type -Wno-implicit-atomic-properties -Wno-objc-interface-ivars -Wno-arc-repeated-use-of-weak -Wno-missing-braces -Wparentheses -Wswitch -Wno-unused-function -Wno-unused-label -Wno-unused-parameter -Wno-unused-variable -Wunused-value -Wno-empty-body -Wno-uninitialized -Wno-unknown-pragmas -w -Wno-shadow -Wno-four-char-constants -Wno-conversion -Wno-constant-conversion -Wno-int-conversion -Wno-bool-conversion -Wno-enum-conversion -Wno-float-conversion -Wno-non-literal-null-conversion -Wno-objc-literal-conversion -Wshorten-64-to-32 -Wpointer-sign -Wno-newline-eof -Wno-selector -Wno-strict-selector-match -Wno-undeclared-selector -Wno-deprecated-implementations -Wno-implicit-fallthrough -fstrict-aliasing -Wprotocol -Wdeprecated-declarations -Wno-sign-conversion -Wno-infinite-recursion -Wno-comma -Wno-block-capture-autoreleasing -Wno-strict-prototypes -Wno-semicolon-before-method-body -index-store-path /Users/fukushimatakumi/Library/Developer/Xcode/DerivedData/SugarBeat-hgoxfxbbugxkfsbmqcjlbmjeaqyg/Index.noindex/DataStore @/Users/fukushimatakumi/Library/Developer/Xcode/DerivedData/SugarBeat-hgoxfxbbugxkfsbmqcjlbmjeaqyg/Build/Intermediates.noindex/Promises.build/Debug-iphonesimulator/FBLPromises.build/Objects-normal/arm64/e6072d4f65d7061329687fe24e3d63a7-common-args.resp -include /Users/fukushimatakumi/Library/Developer/Xcode/DerivedData/SugarBeat-hgoxfxbbugxkfsbmqcjlbmjeaqyg/Build/Intermediates.noindex/Promises.build/Debug-iphonesimulator/FBLPromises.build/DerivedSources/resource_bundle_accessor.h -MMD -MT dependencies -MF /Users/fukushimatakumi/Library/Developer/Xcode/DerivedData/SugarBeat-hgoxfxbbugxkfsbmqcjlbmjeaqyg/Build/Intermediates.noindex/Promises.build/Debug-iphonesimulator/FBLPromises.build/Objects-normal/arm64/FBLPromise+Testing.d --serialize-diagnostics /Users/fukushimatakumi/Library/Developer/Xcode/DerivedData/SugarBeat-hgoxfxbbugxkfsbmqcjlbmjeaqyg/Build/Intermediates.noindex/Promises.build/Debug-iphonesimulator/FBLPromises.build/Objects-normal/arm64/FBLPromise+Testing.dia -c /Users/fukushimatakumi/Library/Developer/Xcode/DerivedData/SugarBeat-hgoxfxbbugxkfsbmqcjlbmjeaqyg/SourcePackages/checkouts/promises/Sources/FBLPromises/FBLPromise+Testing.m -o /Users/fukushimatakumi/Library/Developer/Xcode/DerivedData/SugarBeat-hgoxfxbbugxkfsbmqcjlbmjeaqyg/Build/Intermediates.noindex/Promises.build/Debug-iphonesimulator/FBLPromises.build/Objects-normal/arm64/FBLPromise+Testing.o -index-unit-output-path /Promises.build/Debug-iphonesimulator/FBLPromises.build/Objects-normal/arm64/FBLPromise+Testing.o

CompileC /Users/fukushimatakumi/Library/Developer/Xcode/DerivedData/SugarBeat-hgoxfxbbugxkfsbmqcjlbmjeaqyg/Build/Intermediates.noindex/Promises.build/Debug-iphonesimulator/FBLPromises.build/Objects-normal/arm64/FBLPromise+Retry.o /Users/fukushimatakumi/Library/Developer/Xcode/DerivedData/SugarBeat-hgoxfxbbugxkfsbmqcjlbmjeaqyg/SourcePackages/checkouts/promises/Sources/FBLPromises/FBLPromise+Retry.m normal arm64 objective-c com.apple.compilers.llvm.clang.1_0.compiler (in target 'FBLPromises' from project 'Promises')
    cd /Users/fukushimatakumi/develop/sugarbeat/sugarbeat-front
    
    Using response file: /Users/fukushimatakumi/Library/Developer/Xcode/DerivedData/SugarBeat-hgoxfxbbugxkfsbmqcjlbmjeaqyg/Build/Intermediates.noindex/Promises.build/Debug-iphonesimulator/FBLPromises.build/Objects-normal/arm64/e6072d4f65d7061329687fe24e3d63a7-common-args.resp
    
    /Applications/Xcode.app/Contents/Developer/Toolchains/XcodeDefault.xctoolchain/usr/bin/clang -x objective-c -ivfsstatcache /Users/fukushimatakumi/Library/Developer/Xcode/DerivedData/SDKStatCaches.noindex/iphonesimulator18.4-22E235-71825a6d136aa4733edcbe86ece5525b.sdkstatcache -fmessage-length\=0 -fdiagnostics-show-note-include-stack -fmacro-backtrace-limit\=0 -fno-color-diagnostics -fmodules-prune-interval\=86400 -fmodules-prune-after\=345600 -fbuild-session-file\=/Users/fukushimatakumi/Library/Developer/Xcode/DerivedData/ModuleCache.noindex/Session.modulevalidation -fmodules-validate-once-per-build-session -Wnon-modular-include-in-framework-module -Werror\=non-modular-include-in-framework-module -Wno-trigraphs -Wno-missing-field-initializers -Wno-missing-prototypes -Wno-return-type -Wno-implicit-atomic-properties -Wno-objc-interface-ivars -Wno-arc-repeated-use-of-weak -Wno-missing-braces -Wparentheses -Wswitch -Wno-unused-function -Wno-unused-label -Wno-unused-parameter -Wno-unused-variable -Wunused-value -Wno-empty-body -Wno-uninitialized -Wno-unknown-pragmas -w -Wno-shadow -Wno-four-char-constants -Wno-conversion -Wno-constant-conversion -Wno-int-conversion -Wno-bool-conversion -Wno-enum-conversion -Wno-float-conversion -Wno-non-literal-null-conversion -Wno-objc-literal-conversion -Wshorten-64-to-32 -Wpointer-sign -Wno-newline-eof -Wno-selector -Wno-strict-selector-match -Wno-undeclared-selector -Wno-deprecated-implementations -Wno-implicit-fallthrough -fstrict-aliasing -Wprotocol -Wdeprecated-declarations -Wno-sign-conversion -Wno-infinite-recursion -Wno-comma -Wno-block-capture-autoreleasing -Wno-strict-prototypes -Wno-semicolon-before-method-body -index-store-path /Users/fukushimatakumi/Library/Developer/Xcode/DerivedData/SugarBeat-hgoxfxbbugxkfsbmqcjlbmjeaqyg/Index.noindex/DataStore @/Users/fukushimatakumi/Library/Developer/Xcode/DerivedData/SugarBeat-hgoxfxbbugxkfsbmqcjlbmjeaqyg/Build/Intermediates.noindex/Promises.build/Debug-iphonesimulator/FBLPromises.build/Objects-normal/arm64/e6072d4f65d7061329687fe24e3d63a7-common-args.resp -include /Users/fukushimatakumi/Library/Developer/Xcode/DerivedData/SugarBeat-hgoxfxbbugxkfsbmqcjlbmjeaqyg/Build/Intermediates.noindex/Promises.build/Debug-iphonesimulator/FBLPromises.build/DerivedSources/resource_bundle_accessor.h -MMD -MT dependencies -MF /Users/fukushimatakumi/Library/Developer/Xcode/DerivedData/SugarBeat-hgoxfxbbugxkfsbmqcjlbmjeaqyg/Build/Intermediates.noindex/Promises.build/Debug-iphonesimulator/FBLPromises.build/Objects-normal/arm64/FBLPromise+Retry.d --serialize-diagnostics /Users/fukushimatakumi/Library/Developer/Xcode/DerivedData/SugarBeat-hgoxfxbbugxkfsbmqcjlbmjeaqyg/Build/Intermediates.noindex/Promises.build/Debug-iphonesimulator/FBLPromises.build/Objects-normal/arm64/FBLPromise+Retry.dia -c /Users/fukushimatakumi/Library/Developer/Xcode/DerivedData/SugarBeat-hgoxfxbbugxkfsbmqcjlbmjeaqyg/SourcePackages/checkouts/promises/Sources/FBLPromises/FBLPromise+Retry.m -o /Users/fukushimatakumi/Library/Developer/Xcode/DerivedData/SugarBeat-hgoxfxbbugxkfsbmqcjlbmjeaqyg/Build/Intermediates.noindex/Promises.build/Debug-iphonesimulator/FBLPromises.build/Objects-normal/arm64/FBLPromise+Retry.o -index-unit-output-path /Promises.build/Debug-iphonesimulator/FBLPromises.build/Objects-normal/arm64/FBLPromise+Retry.o

CompileC /Users/fukushimatakumi/Library/Developer/Xcode/DerivedData/SugarBeat-hgoxfxbbugxkfsbmqcjlbmjeaqyg/Build/Intermediates.noindex/Promises.build/Debug-iphonesimulator/FBLPromises.build/Objects-normal/arm64/FBLPromise+Reduce.o /Users/fukushimatakumi/Library/Developer/Xcode/DerivedData/SugarBeat-hgoxfxbbugxkfsbmqcjlbmjeaqyg/SourcePackages/checkouts/promises/Sources/FBLPromises/FBLPromise+Reduce.m normal arm64 objective-c com.apple.compilers.llvm.clang.1_0.compiler (in target 'FBLPromises' from project 'Promises')
    cd /Users/fukushimatakumi/develop/sugarbeat/sugarbeat-front
    
    Using response file: /Users/fukushimatakumi/Library/Developer/Xcode/DerivedData/SugarBeat-hgoxfxbbugxkfsbmqcjlbmjeaqyg/Build/Intermediates.noindex/Promises.build/Debug-iphonesimulator/FBLPromises.build/Objects-normal/arm64/e6072d4f65d7061329687fe24e3d63a7-common-args.resp
    
    /Applications/Xcode.app/Contents/Developer/Toolchains/XcodeDefault.xctoolchain/usr/bin/clang -x objective-c -ivfsstatcache /Users/fukushimatakumi/Library/Developer/Xcode/DerivedData/SDKStatCaches.noindex/iphonesimulator18.4-22E235-71825a6d136aa4733edcbe86ece5525b.sdkstatcache -fmessage-length\=0 -fdiagnostics-show-note-include-stack -fmacro-backtrace-limit\=0 -fno-color-diagnostics -fmodules-prune-interval\=86400 -fmodules-prune-after\=345600 -fbuild-session-file\=/Users/fukushimatakumi/Library/Developer/Xcode/DerivedData/ModuleCache.noindex/Session.modulevalidation -fmodules-validate-once-per-build-session -Wnon-modular-include-in-framework-module -Werror\=non-modular-include-in-framework-module -Wno-trigraphs -Wno-missing-field-initializers -Wno-missing-prototypes -Wno-return-type -Wno-implicit-atomic-properties -Wno-objc-interface-ivars -Wno-arc-repeated-use-of-weak -Wno-missing-braces -Wparentheses -Wswitch -Wno-unused-function -Wno-unused-label -Wno-unused-parameter -Wno-unused-variable -Wunused-value -Wno-empty-body -Wno-uninitialized -Wno-unknown-pragmas -w -Wno-shadow -Wno-four-char-constants -Wno-conversion -Wno-constant-conversion -Wno-int-conversion -Wno-bool-conversion -Wno-enum-conversion -Wno-float-conversion -Wno-non-literal-null-conversion -Wno-objc-literal-conversion -Wshorten-64-to-32 -Wpointer-sign -Wno-newline-eof -Wno-selector -Wno-strict-selector-match -Wno-undeclared-selector -Wno-deprecated-implementations -Wno-implicit-fallthrough -fstrict-aliasing -Wprotocol -Wdeprecated-declarations -Wno-sign-conversion -Wno-infinite-recursion -Wno-comma -Wno-block-capture-autoreleasing -Wno-strict-prototypes -Wno-semicolon-before-method-body -index-store-path /Users/fukushimatakumi/Library/Developer/Xcode/DerivedData/SugarBeat-hgoxfxbbugxkfsbmqcjlbmjeaqyg/Index.noindex/DataStore @/Users/fukushimatakumi/Library/Developer/Xcode/DerivedData/SugarBeat-hgoxfxbbugxkfsbmqcjlbmjeaqyg/Build/Intermediates.noindex/Promises.build/Debug-iphonesimulator/FBLPromises.build/Objects-normal/arm64/e6072d4f65d7061329687fe24e3d63a7-common-args.resp -include /Users/fukushimatakumi/Library/Developer/Xcode/DerivedData/SugarBeat-hgoxfxbbugxkfsbmqcjlbmjeaqyg/Build/Intermediates.noindex/Promises.build/Debug-iphonesimulator/FBLPromises.build/DerivedSources/resource_bundle_accessor.h -MMD -MT dependencies -MF /Users/fukushimatakumi/Library/Developer/Xcode/DerivedData/SugarBeat-hgoxfxbbugxkfsbmqcjlbmjeaqyg/Build/Intermediates.noindex/Promises.build/Debug-iphonesimulator/FBLPromises.build/Objects-normal/arm64/FBLPromise+Reduce.d --serialize-diagnostics /Users/fukushimatakumi/Library/Developer/Xcode/DerivedData/SugarBeat-hgoxfxbbugxkfsbmqcjlbmjeaqyg/Build/Intermediates.noindex/Promises.build/Debug-iphonesimulator/FBLPromises.build/Objects-normal/arm64/FBLPromise+Reduce.dia -c /Users/fukushimatakumi/Library/Developer/Xcode/DerivedData/SugarBeat-hgoxfxbbugxkfsbmqcjlbmjeaqyg/SourcePackages/checkouts/promises/Sources/FBLPromises/FBLPromise+Reduce.m -o /Users/fukushimatakumi/Library/Developer/Xcode/DerivedData/SugarBeat-hgoxfxbbugxkfsbmqcjlbmjeaqyg/Build/Intermediates.noindex/Promises.build/Debug-iphonesimulator/FBLPromises.build/Objects-normal/arm64/FBLPromise+Reduce.o -index-unit-output-path /Promises.build/Debug-iphonesimulator/FBLPromises.build/Objects-normal/arm64/FBLPromise+Reduce.o

CompileC /Users/fukushimatakumi/Library/Developer/Xcode/DerivedData/SugarBeat-hgoxfxbbugxkfsbmqcjlbmjeaqyg/Build/Intermediates.noindex/Promises.build/Debug-iphonesimulator/FBLPromises.build/Objects-normal/arm64/FBLPromise+Recover.o /Users/fukushimatakumi/Library/Developer/Xcode/DerivedData/SugarBeat-hgoxfxbbugxkfsbmqcjlbmjeaqyg/SourcePackages/checkouts/promises/Sources/FBLPromises/FBLPromise+Recover.m normal arm64 objective-c com.apple.compilers.llvm.clang.1_0.compiler (in target 'FBLPromises' from project 'Promises')
    cd /Users/fukushimatakumi/develop/sugarbeat/sugarbeat-front
    
    Using response file: /Users/fukushimatakumi/Library/Developer/Xcode/DerivedData/SugarBeat-hgoxfxbbugxkfsbmqcjlbmjeaqyg/Build/Intermediates.noindex/Promises.build/Debug-iphonesimulator/FBLPromises.build/Objects-normal/arm64/e6072d4f65d7061329687fe24e3d63a7-common-args.resp
    
    /Applications/Xcode.app/Contents/Developer/Toolchains/XcodeDefault.xctoolchain/usr/bin/clang -x objective-c -ivfsstatcache /Users/fukushimatakumi/Library/Developer/Xcode/DerivedData/SDKStatCaches.noindex/iphonesimulator18.4-22E235-71825a6d136aa4733edcbe86ece5525b.sdkstatcache -fmessage-length\=0 -fdiagnostics-show-note-include-stack -fmacro-backtrace-limit\=0 -fno-color-diagnostics -fmodules-prune-interval\=86400 -fmodules-prune-after\=345600 -fbuild-session-file\=/Users/fukushimatakumi/Library/Developer/Xcode/DerivedData/ModuleCache.noindex/Session.modulevalidation -fmodules-validate-once-per-build-session -Wnon-modular-include-in-framework-module -Werror\=non-modular-include-in-framework-module -Wno-trigraphs -Wno-missing-field-initializers -Wno-missing-prototypes -Wno-return-type -Wno-implicit-atomic-properties -Wno-objc-interface-ivars -Wno-arc-repeated-use-of-weak -Wno-missing-braces -Wparentheses -Wswitch -Wno-unused-function -Wno-unused-label -Wno-unused-parameter -Wno-unused-variable -Wunused-value -Wno-empty-body -Wno-uninitialized -Wno-unknown-pragmas -w -Wno-shadow -Wno-four-char-constants -Wno-conversion -Wno-constant-conversion -Wno-int-conversion -Wno-bool-conversion -Wno-enum-conversion -Wno-float-conversion -Wno-non-literal-null-conversion -Wno-objc-literal-conversion -Wshorten-64-to-32 -Wpointer-sign -Wno-newline-eof -Wno-selector -Wno-strict-selector-match -Wno-undeclared-selector -Wno-deprecated-implementations -Wno-implicit-fallthrough -fstrict-aliasing -Wprotocol -Wdeprecated-declarations -Wno-sign-conversion -Wno-infinite-recursion -Wno-comma -Wno-block-capture-autoreleasing -Wno-strict-prototypes -Wno-semicolon-before-method-body -index-store-path /Users/fukushimatakumi/Library/Developer/Xcode/DerivedData/SugarBeat-hgoxfxbbugxkfsbmqcjlbmjeaqyg/Index.noindex/DataStore @/Users/fukushimatakumi/Library/Developer/Xcode/DerivedData/SugarBeat-hgoxfxbbugxkfsbmqcjlbmjeaqyg/Build/Intermediates.noindex/Promises.build/Debug-iphonesimulator/FBLPromises.build/Objects-normal/arm64/e6072d4f65d7061329687fe24e3d63a7-common-args.resp -include /Users/fukushimatakumi/Library/Developer/Xcode/DerivedData/SugarBeat-hgoxfxbbugxkfsbmqcjlbmjeaqyg/Build/Intermediates.noindex/Promises.build/Debug-iphonesimulator/FBLPromises.build/DerivedSources/resource_bundle_accessor.h -MMD -MT dependencies -MF /Users/fukushimatakumi/Library/Developer/Xcode/DerivedData/SugarBeat-hgoxfxbbugxkfsbmqcjlbmjeaqyg/Build/Intermediates.noindex/Promises.build/Debug-iphonesimulator/FBLPromises.build/Objects-normal/arm64/FBLPromise+Recover.d --serialize-diagnostics /Users/fukushimatakumi/Library/Developer/Xcode/DerivedData/SugarBeat-hgoxfxbbugxkfsbmqcjlbmjeaqyg/Build/Intermediates.noindex/Promises.build/Debug-iphonesimulator/FBLPromises.build/Objects-normal/arm64/FBLPromise+Recover.dia -c /Users/fukushimatakumi/Library/Developer/Xcode/DerivedData/SugarBeat-hgoxfxbbugxkfsbmqcjlbmjeaqyg/SourcePackages/checkouts/promises/Sources/FBLPromises/FBLPromise+Recover.m -o /Users/fukushimatakumi/Library/Developer/Xcode/DerivedData/SugarBeat-hgoxfxbbugxkfsbmqcjlbmjeaqyg/Build/Intermediates.noindex/Promises.build/Debug-iphonesimulator/FBLPromises.build/Objects-normal/arm64/FBLPromise+Recover.o -index-unit-output-path /Promises.build/Debug-iphonesimulator/FBLPromises.build/Objects-normal/arm64/FBLPromise+Recover.o

CompileC /Users/fukushimatakumi/Library/Developer/Xcode/DerivedData/SugarBeat-hgoxfxbbugxkfsbmqcjlbmjeaqyg/Build/Intermediates.noindex/Promises.build/Debug-iphonesimulator/FBLPromises.build/Objects-normal/arm64/FBLPromise+Race.o /Users/fukushimatakumi/Library/Developer/Xcode/DerivedData/SugarBeat-hgoxfxbbugxkfsbmqcjlbmjeaqyg/SourcePackages/checkouts/promises/Sources/FBLPromises/FBLPromise+Race.m normal arm64 objective-c com.apple.compilers.llvm.clang.1_0.compiler (in target 'FBLPromises' from project 'Promises')
    cd /Users/fukushimatakumi/develop/sugarbeat/sugarbeat-front
    
    Using response file: /Users/fukushimatakumi/Library/Developer/Xcode/DerivedData/SugarBeat-hgoxfxbbugxkfsbmqcjlbmjeaqyg/Build/Intermediates.noindex/Promises.build/Debug-iphonesimulator/FBLPromises.build/Objects-normal/arm64/e6072d4f65d7061329687fe24e3d63a7-common-args.resp
    
    /Applications/Xcode.app/Contents/Developer/Toolchains/XcodeDefault.xctoolchain/usr/bin/clang -x objective-c -ivfsstatcache /Users/fukushimatakumi/Library/Developer/Xcode/DerivedData/SDKStatCaches.noindex/iphonesimulator18.4-22E235-71825a6d136aa4733edcbe86ece5525b.sdkstatcache -fmessage-length\=0 -fdiagnostics-show-note-include-stack -fmacro-backtrace-limit\=0 -fno-color-diagnostics -fmodules-prune-interval\=86400 -fmodules-prune-after\=345600 -fbuild-session-file\=/Users/fukushimatakumi/Library/Developer/Xcode/DerivedData/ModuleCache.noindex/Session.modulevalidation -fmodules-validate-once-per-build-session -Wnon-modular-include-in-framework-module -Werror\=non-modular-include-in-framework-module -Wno-trigraphs -Wno-missing-field-initializers -Wno-missing-prototypes -Wno-return-type -Wno-implicit-atomic-properties -Wno-objc-interface-ivars -Wno-arc-repeated-use-of-weak -Wno-missing-braces -Wparentheses -Wswitch -Wno-unused-function -Wno-unused-label -Wno-unused-parameter -Wno-unused-variable -Wunused-value -Wno-empty-body -Wno-uninitialized -Wno-unknown-pragmas -w -Wno-shadow -Wno-four-char-constants -Wno-conversion -Wno-constant-conversion -Wno-int-conversion -Wno-bool-conversion -Wno-enum-conversion -Wno-float-conversion -Wno-non-literal-null-conversion -Wno-objc-literal-conversion -Wshorten-64-to-32 -Wpointer-sign -Wno-newline-eof -Wno-selector -Wno-strict-selector-match -Wno-undeclared-selector -Wno-deprecated-implementations -Wno-implicit-fallthrough -fstrict-aliasing -Wprotocol -Wdeprecated-declarations -Wno-sign-conversion -Wno-infinite-recursion -Wno-comma -Wno-block-capture-autoreleasing -Wno-strict-prototypes -Wno-semicolon-before-method-body -index-store-path /Users/fukushimatakumi/Library/Developer/Xcode/DerivedData/SugarBeat-hgoxfxbbugxkfsbmqcjlbmjeaqyg/Index.noindex/DataStore @/Users/fukushimatakumi/Library/Developer/Xcode/DerivedData/SugarBeat-hgoxfxbbugxkfsbmqcjlbmjeaqyg/Build/Intermediates.noindex/Promises.build/Debug-iphonesimulator/FBLPromises.build/Objects-normal/arm64/e6072d4f65d7061329687fe24e3d63a7-common-args.resp -include /Users/fukushimatakumi/Library/Developer/Xcode/DerivedData/SugarBeat-hgoxfxbbugxkfsbmqcjlbmjeaqyg/Build/Intermediates.noindex/Promises.build/Debug-iphonesimulator/FBLPromises.build/DerivedSources/resource_bundle_accessor.h -MMD -MT dependencies -MF /Users/fukushimatakumi/Library/Developer/Xcode/DerivedData/SugarBeat-hgoxfxbbugxkfsbmqcjlbmjeaqyg/Build/Intermediates.noindex/Promises.build/Debug-iphonesimulator/FBLPromises.build/Objects-normal/arm64/FBLPromise+Race.d --serialize-diagnostics /Users/fukushimatakumi/Library/Developer/Xcode/DerivedData/SugarBeat-hgoxfxbbugxkfsbmqcjlbmjeaqyg/Build/Intermediates.noindex/Promises.build/Debug-iphonesimulator/FBLPromises.build/Objects-normal/arm64/FBLPromise+Race.dia -c /Users/fukushimatakumi/Library/Developer/Xcode/DerivedData/SugarBeat-hgoxfxbbugxkfsbmqcjlbmjeaqyg/SourcePackages/checkouts/promises/Sources/FBLPromises/FBLPromise+Race.m -o /Users/fukushimatakumi/Library/Developer/Xcode/DerivedData/SugarBeat-hgoxfxbbugxkfsbmqcjlbmjeaqyg/Build/Intermediates.noindex/Promises.build/Debug-iphonesimulator/FBLPromises.build/Objects-normal/arm64/FBLPromise+Race.o -index-unit-output-path /Promises.build/Debug-iphonesimulator/FBLPromises.build/Objects-normal/arm64/FBLPromise+Race.o

CompileC /Users/fukushimatakumi/Library/Developer/Xcode/DerivedData/SugarBeat-hgoxfxbbugxkfsbmqcjlbmjeaqyg/Build/Intermediates.noindex/Promises.build/Debug-iphonesimulator/FBLPromises.build/Objects-normal/arm64/FBLPromise+Do.o /Users/fukushimatakumi/Library/Developer/Xcode/DerivedData/SugarBeat-hgoxfxbbugxkfsbmqcjlbmjeaqyg/SourcePackages/checkouts/promises/Sources/FBLPromises/FBLPromise+Do.m normal arm64 objective-c com.apple.compilers.llvm.clang.1_0.compiler (in target 'FBLPromises' from project 'Promises')
    cd /Users/fukushimatakumi/develop/sugarbeat/sugarbeat-front
    
    Using response file: /Users/fukushimatakumi/Library/Developer/Xcode/DerivedData/SugarBeat-hgoxfxbbugxkfsbmqcjlbmjeaqyg/Build/Intermediates.noindex/Promises.build/Debug-iphonesimulator/FBLPromises.build/Objects-normal/arm64/e6072d4f65d7061329687fe24e3d63a7-common-args.resp
    
    /Applications/Xcode.app/Contents/Developer/Toolchains/XcodeDefault.xctoolchain/usr/bin/clang -x objective-c -ivfsstatcache /Users/fukushimatakumi/Library/Developer/Xcode/DerivedData/SDKStatCaches.noindex/iphonesimulator18.4-22E235-71825a6d136aa4733edcbe86ece5525b.sdkstatcache -fmessage-length\=0 -fdiagnostics-show-note-include-stack -fmacro-backtrace-limit\=0 -fno-color-diagnostics -fmodules-prune-interval\=86400 -fmodules-prune-after\=345600 -fbuild-session-file\=/Users/fukushimatakumi/Library/Developer/Xcode/DerivedData/ModuleCache.noindex/Session.modulevalidation -fmodules-validate-once-per-build-session -Wnon-modular-include-in-framework-module -Werror\=non-modular-include-in-framework-module -Wno-trigraphs -Wno-missing-field-initializers -Wno-missing-prototypes -Wno-return-type -Wno-implicit-atomic-properties -Wno-objc-interface-ivars -Wno-arc-repeated-use-of-weak -Wno-missing-braces -Wparentheses -Wswitch -Wno-unused-function -Wno-unused-label -Wno-unused-parameter -Wno-unused-variable -Wunused-value -Wno-empty-body -Wno-uninitialized -Wno-unknown-pragmas -w -Wno-shadow -Wno-four-char-constants -Wno-conversion -Wno-constant-conversion -Wno-int-conversion -Wno-bool-conversion -Wno-enum-conversion -Wno-float-conversion -Wno-non-literal-null-conversion -Wno-objc-literal-conversion -Wshorten-64-to-32 -Wpointer-sign -Wno-newline-eof -Wno-selector -Wno-strict-selector-match -Wno-undeclared-selector -Wno-deprecated-implementations -Wno-implicit-fallthrough -fstrict-aliasing -Wprotocol -Wdeprecated-declarations -Wno-sign-conversion -Wno-infinite-recursion -Wno-comma -Wno-block-capture-autoreleasing -Wno-strict-prototypes -Wno-semicolon-before-method-body -index-store-path /Users/fukushimatakumi/Library/Developer/Xcode/DerivedData/SugarBeat-hgoxfxbbugxkfsbmqcjlbmjeaqyg/Index.noindex/DataStore @/Users/fukushimatakumi/Library/Developer/Xcode/DerivedData/SugarBeat-hgoxfxbbugxkfsbmqcjlbmjeaqyg/Build/Intermediates.noindex/Promises.build/Debug-iphonesimulator/FBLPromises.build/Objects-normal/arm64/e6072d4f65d7061329687fe24e3d63a7-common-args.resp -include /Users/fukushimatakumi/Library/Developer/Xcode/DerivedData/SugarBeat-hgoxfxbbugxkfsbmqcjlbmjeaqyg/Build/Intermediates.noindex/Promises.build/Debug-iphonesimulator/FBLPromises.build/DerivedSources/resource_bundle_accessor.h -MMD -MT dependencies -MF /Users/fukushimatakumi/Library/Developer/Xcode/DerivedData/SugarBeat-hgoxfxbbugxkfsbmqcjlbmjeaqyg/Build/Intermediates.noindex/Promises.build/Debug-iphonesimulator/FBLPromises.build/Objects-normal/arm64/FBLPromise+Do.d --serialize-diagnostics /Users/fukushimatakumi/Library/Developer/Xcode/DerivedData/SugarBeat-hgoxfxbbugxkfsbmqcjlbmjeaqyg/Build/Intermediates.noindex/Promises.build/Debug-iphonesimulator/FBLPromises.build/Objects-normal/arm64/FBLPromise+Do.dia -c /Users/fukushimatakumi/Library/Developer/Xcode/DerivedData/SugarBeat-hgoxfxbbugxkfsbmqcjlbmjeaqyg/SourcePackages/checkouts/promises/Sources/FBLPromises/FBLPromise+Do.m -o /Users/fukushimatakumi/Library/Developer/Xcode/DerivedData/SugarBeat-hgoxfxbbugxkfsbmqcjlbmjeaqyg/Build/Intermediates.noindex/Promises.build/Debug-iphonesimulator/FBLPromises.build/Objects-normal/arm64/FBLPromise+Do.o -index-unit-output-path /Promises.build/Debug-iphonesimulator/FBLPromises.build/Objects-normal/arm64/FBLPromise+Do.o

CompileC /Users/fukushimatakumi/Library/Developer/Xcode/DerivedData/SugarBeat-hgoxfxbbugxkfsbmqcjlbmjeaqyg/Build/Intermediates.noindex/Promises.build/Debug-iphonesimulator/FBLPromises.build/Objects-normal/arm64/FBLPromise+Delay.o /Users/fukushimatakumi/Library/Developer/Xcode/DerivedData/SugarBeat-hgoxfxbbugxkfsbmqcjlbmjeaqyg/SourcePackages/checkouts/promises/Sources/FBLPromises/FBLPromise+Delay.m normal arm64 objective-c com.apple.compilers.llvm.clang.1_0.compiler (in target 'FBLPromises' from project 'Promises')
    cd /Users/fukushimatakumi/develop/sugarbeat/sugarbeat-front
    
    Using response file: /Users/fukushimatakumi/Library/Developer/Xcode/DerivedData/SugarBeat-hgoxfxbbugxkfsbmqcjlbmjeaqyg/Build/Intermediates.noindex/Promises.build/Debug-iphonesimulator/FBLPromises.build/Objects-normal/arm64/e6072d4f65d7061329687fe24e3d63a7-common-args.resp
    
    /Applications/Xcode.app/Contents/Developer/Toolchains/XcodeDefault.xctoolchain/usr/bin/clang -x objective-c -ivfsstatcache /Users/fukushimatakumi/Library/Developer/Xcode/DerivedData/SDKStatCaches.noindex/iphonesimulator18.4-22E235-71825a6d136aa4733edcbe86ece5525b.sdkstatcache -fmessage-length\=0 -fdiagnostics-show-note-include-stack -fmacro-backtrace-limit\=0 -fno-color-diagnostics -fmodules-prune-interval\=86400 -fmodules-prune-after\=345600 -fbuild-session-file\=/Users/fukushimatakumi/Library/Developer/Xcode/DerivedData/ModuleCache.noindex/Session.modulevalidation -fmodules-validate-once-per-build-session -Wnon-modular-include-in-framework-module -Werror\=non-modular-include-in-framework-module -Wno-trigraphs -Wno-missing-field-initializers -Wno-missing-prototypes -Wno-return-type -Wno-implicit-atomic-properties -Wno-objc-interface-ivars -Wno-arc-repeated-use-of-weak -Wno-missing-braces -Wparentheses -Wswitch -Wno-unused-function -Wno-unused-label -Wno-unused-parameter -Wno-unused-variable -Wunused-value -Wno-empty-body -Wno-uninitialized -Wno-unknown-pragmas -w -Wno-shadow -Wno-four-char-constants -Wno-conversion -Wno-constant-conversion -Wno-int-conversion -Wno-bool-conversion -Wno-enum-conversion -Wno-float-conversion -Wno-non-literal-null-conversion -Wno-objc-literal-conversion -Wshorten-64-to-32 -Wpointer-sign -Wno-newline-eof -Wno-selector -Wno-strict-selector-match -Wno-undeclared-selector -Wno-deprecated-implementations -Wno-implicit-fallthrough -fstrict-aliasing -Wprotocol -Wdeprecated-declarations -Wno-sign-conversion -Wno-infinite-recursion -Wno-comma -Wno-block-capture-autoreleasing -Wno-strict-prototypes -Wno-semicolon-before-method-body -index-store-path /Users/fukushimatakumi/Library/Developer/Xcode/DerivedData/SugarBeat-hgoxfxbbugxkfsbmqcjlbmjeaqyg/Index.noindex/DataStore @/Users/fukushimatakumi/Library/Developer/Xcode/DerivedData/SugarBeat-hgoxfxbbugxkfsbmqcjlbmjeaqyg/Build/Intermediates.noindex/Promises.build/Debug-iphonesimulator/FBLPromises.build/Objects-normal/arm64/e6072d4f65d7061329687fe24e3d63a7-common-args.resp -include /Users/fukushimatakumi/Library/Developer/Xcode/DerivedData/SugarBeat-hgoxfxbbugxkfsbmqcjlbmjeaqyg/Build/Intermediates.noindex/Promises.build/Debug-iphonesimulator/FBLPromises.build/DerivedSources/resource_bundle_accessor.h -MMD -MT dependencies -MF /Users/fukushimatakumi/Library/Developer/Xcode/DerivedData/SugarBeat-hgoxfxbbugxkfsbmqcjlbmjeaqyg/Build/Intermediates.noindex/Promises.build/Debug-iphonesimulator/FBLPromises.build/Objects-normal/arm64/FBLPromise+Delay.d --serialize-diagnostics /Users/fukushimatakumi/Library/Developer/Xcode/DerivedData/SugarBeat-hgoxfxbbugxkfsbmqcjlbmjeaqyg/Build/Intermediates.noindex/Promises.build/Debug-iphonesimulator/FBLPromises.build/Objects-normal/arm64/FBLPromise+Delay.dia -c /Users/fukushimatakumi/Library/Developer/Xcode/DerivedData/SugarBeat-hgoxfxbbugxkfsbmqcjlbmjeaqyg/SourcePackages/checkouts/promises/Sources/FBLPromises/FBLPromise+Delay.m -o /Users/fukushimatakumi/Library/Developer/Xcode/DerivedData/SugarBeat-hgoxfxbbugxkfsbmqcjlbmjeaqyg/Build/Intermediates.noindex/Promises.build/Debug-iphonesimulator/FBLPromises.build/Objects-normal/arm64/FBLPromise+Delay.o -index-unit-output-path /Promises.build/Debug-iphonesimulator/FBLPromises.build/Objects-normal/arm64/FBLPromise+Delay.o

CompileC /Users/fukushimatakumi/Library/Developer/Xcode/DerivedData/SugarBeat-hgoxfxbbugxkfsbmqcjlbmjeaqyg/Build/Intermediates.noindex/Promises.build/Debug-iphonesimulator/FBLPromises.build/Objects-normal/arm64/FBLPromise+Catch.o /Users/fukushimatakumi/Library/Developer/Xcode/DerivedData/SugarBeat-hgoxfxbbugxkfsbmqcjlbmjeaqyg/SourcePackages/checkouts/promises/Sources/FBLPromises/FBLPromise+Catch.m normal arm64 objective-c com.apple.compilers.llvm.clang.1_0.compiler (in target 'FBLPromises' from project 'Promises')
    cd /Users/fukushimatakumi/develop/sugarbeat/sugarbeat-front
    
    Using response file: /Users/fukushimatakumi/Library/Developer/Xcode/DerivedData/SugarBeat-hgoxfxbbugxkfsbmqcjlbmjeaqyg/Build/Intermediates.noindex/Promises.build/Debug-iphonesimulator/FBLPromises.build/Objects-normal/arm64/e6072d4f65d7061329687fe24e3d63a7-common-args.resp
    
    /Applications/Xcode.app/Contents/Developer/Toolchains/XcodeDefault.xctoolchain/usr/bin/clang -x objective-c -ivfsstatcache /Users/fukushimatakumi/Library/Developer/Xcode/DerivedData/SDKStatCaches.noindex/iphonesimulator18.4-22E235-71825a6d136aa4733edcbe86ece5525b.sdkstatcache -fmessage-length\=0 -fdiagnostics-show-note-include-stack -fmacro-backtrace-limit\=0 -fno-color-diagnostics -fmodules-prune-interval\=86400 -fmodules-prune-after\=345600 -fbuild-session-file\=/Users/fukushimatakumi/Library/Developer/Xcode/DerivedData/ModuleCache.noindex/Session.modulevalidation -fmodules-validate-once-per-build-session -Wnon-modular-include-in-framework-module -Werror\=non-modular-include-in-framework-module -Wno-trigraphs -Wno-missing-field-initializers -Wno-missing-prototypes -Wno-return-type -Wno-implicit-atomic-properties -Wno-objc-interface-ivars -Wno-arc-repeated-use-of-weak -Wno-missing-braces -Wparentheses -Wswitch -Wno-unused-function -Wno-unused-label -Wno-unused-parameter -Wno-unused-variable -Wunused-value -Wno-empty-body -Wno-uninitialized -Wno-unknown-pragmas -w -Wno-shadow -Wno-four-char-constants -Wno-conversion -Wno-constant-conversion -Wno-int-conversion -Wno-bool-conversion -Wno-enum-conversion -Wno-float-conversion -Wno-non-literal-null-conversion -Wno-objc-literal-conversion -Wshorten-64-to-32 -Wpointer-sign -Wno-newline-eof -Wno-selector -Wno-strict-selector-match -Wno-undeclared-selector -Wno-deprecated-implementations -Wno-implicit-fallthrough -fstrict-aliasing -Wprotocol -Wdeprecated-declarations -Wno-sign-conversion -Wno-infinite-recursion -Wno-comma -Wno-block-capture-autoreleasing -Wno-strict-prototypes -Wno-semicolon-before-method-body -index-store-path /Users/fukushimatakumi/Library/Developer/Xcode/DerivedData/SugarBeat-hgoxfxbbugxkfsbmqcjlbmjeaqyg/Index.noindex/DataStore @/Users/fukushimatakumi/Library/Developer/Xcode/DerivedData/SugarBeat-hgoxfxbbugxkfsbmqcjlbmjeaqyg/Build/Intermediates.noindex/Promises.build/Debug-iphonesimulator/FBLPromises.build/Objects-normal/arm64/e6072d4f65d7061329687fe24e3d63a7-common-args.resp -include /Users/fukushimatakumi/Library/Developer/Xcode/DerivedData/SugarBeat-hgoxfxbbugxkfsbmqcjlbmjeaqyg/Build/Intermediates.noindex/Promises.build/Debug-iphonesimulator/FBLPromises.build/DerivedSources/resource_bundle_accessor.h -MMD -MT dependencies -MF /Users/fukushimatakumi/Library/Developer/Xcode/DerivedData/SugarBeat-hgoxfxbbugxkfsbmqcjlbmjeaqyg/Build/Intermediates.noindex/Promises.build/Debug-iphonesimulator/FBLPromises.build/Objects-normal/arm64/FBLPromise+Catch.d --serialize-diagnostics /Users/fukushimatakumi/Library/Developer/Xcode/DerivedData/SugarBeat-hgoxfxbbugxkfsbmqcjlbmjeaqyg/Build/Intermediates.noindex/Promises.build/Debug-iphonesimulator/FBLPromises.build/Objects-normal/arm64/FBLPromise+Catch.dia -c /Users/fukushimatakumi/Library/Developer/Xcode/DerivedData/SugarBeat-hgoxfxbbugxkfsbmqcjlbmjeaqyg/SourcePackages/checkouts/promises/Sources/FBLPromises/FBLPromise+Catch.m -o /Users/fukushimatakumi/Library/Developer/Xcode/DerivedData/SugarBeat-hgoxfxbbugxkfsbmqcjlbmjeaqyg/Build/Intermediates.noindex/Promises.build/Debug-iphonesimulator/FBLPromises.build/Objects-normal/arm64/FBLPromise+Catch.o -index-unit-output-path /Promises.build/Debug-iphonesimulator/FBLPromises.build/Objects-normal/arm64/FBLPromise+Catch.o

CompileC /Users/fukushimatakumi/Library/Developer/Xcode/DerivedData/SugarBeat-hgoxfxbbugxkfsbmqcjlbmjeaqyg/Build/Intermediates.noindex/Promises.build/Debug-iphonesimulator/FBLPromises.build/Objects-normal/arm64/FBLPromise+Await.o /Users/fukushimatakumi/Library/Developer/Xcode/DerivedData/SugarBeat-hgoxfxbbugxkfsbmqcjlbmjeaqyg/SourcePackages/checkouts/promises/Sources/FBLPromises/FBLPromise+Await.m normal arm64 objective-c com.apple.compilers.llvm.clang.1_0.compiler (in target 'FBLPromises' from project 'Promises')
    cd /Users/fukushimatakumi/develop/sugarbeat/sugarbeat-front
    
    Using response file: /Users/fukushimatakumi/Library/Developer/Xcode/DerivedData/SugarBeat-hgoxfxbbugxkfsbmqcjlbmjeaqyg/Build/Intermediates.noindex/Promises.build/Debug-iphonesimulator/FBLPromises.build/Objects-normal/arm64/e6072d4f65d7061329687fe24e3d63a7-common-args.resp
    
    /Applications/Xcode.app/Contents/Developer/Toolchains/XcodeDefault.xctoolchain/usr/bin/clang -x objective-c -ivfsstatcache /Users/fukushimatakumi/Library/Developer/Xcode/DerivedData/SDKStatCaches.noindex/iphonesimulator18.4-22E235-71825a6d136aa4733edcbe86ece5525b.sdkstatcache -fmessage-length\=0 -fdiagnostics-show-note-include-stack -fmacro-backtrace-limit\=0 -fno-color-diagnostics -fmodules-prune-interval\=86400 -fmodules-prune-after\=345600 -fbuild-session-file\=/Users/fukushimatakumi/Library/Developer/Xcode/DerivedData/ModuleCache.noindex/Session.modulevalidation -fmodules-validate-once-per-build-session -Wnon-modular-include-in-framework-module -Werror\=non-modular-include-in-framework-module -Wno-trigraphs -Wno-missing-field-initializers -Wno-missing-prototypes -Wno-return-type -Wno-implicit-atomic-properties -Wno-objc-interface-ivars -Wno-arc-repeated-use-of-weak -Wno-missing-braces -Wparentheses -Wswitch -Wno-unused-function -Wno-unused-label -Wno-unused-parameter -Wno-unused-variable -Wunused-value -Wno-empty-body -Wno-uninitialized -Wno-unknown-pragmas -w -Wno-shadow -Wno-four-char-constants -Wno-conversion -Wno-constant-conversion -Wno-int-conversion -Wno-bool-conversion -Wno-enum-conversion -Wno-float-conversion -Wno-non-literal-null-conversion -Wno-objc-literal-conversion -Wshorten-64-to-32 -Wpointer-sign -Wno-newline-eof -Wno-selector -Wno-strict-selector-match -Wno-undeclared-selector -Wno-deprecated-implementations -Wno-implicit-fallthrough -fstrict-aliasing -Wprotocol -Wdeprecated-declarations -Wno-sign-conversion -Wno-infinite-recursion -Wno-comma -Wno-block-capture-autoreleasing -Wno-strict-prototypes -Wno-semicolon-before-method-body -index-store-path /Users/fukushimatakumi/Library/Developer/Xcode/DerivedData/SugarBeat-hgoxfxbbugxkfsbmqcjlbmjeaqyg/Index.noindex/DataStore @/Users/fukushimatakumi/Library/Developer/Xcode/DerivedData/SugarBeat-hgoxfxbbugxkfsbmqcjlbmjeaqyg/Build/Intermediates.noindex/Promises.build/Debug-iphonesimulator/FBLPromises.build/Objects-normal/arm64/e6072d4f65d7061329687fe24e3d63a7-common-args.resp -include /Users/fukushimatakumi/Library/Developer/Xcode/DerivedData/SugarBeat-hgoxfxbbugxkfsbmqcjlbmjeaqyg/Build/Intermediates.noindex/Promises.build/Debug-iphonesimulator/FBLPromises.build/DerivedSources/resource_bundle_accessor.h -MMD -MT dependencies -MF /Users/fukushimatakumi/Library/Developer/Xcode/DerivedData/SugarBeat-hgoxfxbbugxkfsbmqcjlbmjeaqyg/Build/Intermediates.noindex/Promises.build/Debug-iphonesimulator/FBLPromises.build/Objects-normal/arm64/FBLPromise+Await.d --serialize-diagnostics /Users/fukushimatakumi/Library/Developer/Xcode/DerivedData/SugarBeat-hgoxfxbbugxkfsbmqcjlbmjeaqyg/Build/Intermediates.noindex/Promises.build/Debug-iphonesimulator/FBLPromises.build/Objects-normal/arm64/FBLPromise+Await.dia -c /Users/fukushimatakumi/Library/Developer/Xcode/DerivedData/SugarBeat-hgoxfxbbugxkfsbmqcjlbmjeaqyg/SourcePackages/checkouts/promises/Sources/FBLPromises/FBLPromise+Await.m -o /Users/fukushimatakumi/Library/Developer/Xcode/DerivedData/SugarBeat-hgoxfxbbugxkfsbmqcjlbmjeaqyg/Build/Intermediates.noindex/Promises.build/Debug-iphonesimulator/FBLPromises.build/Objects-normal/arm64/FBLPromise+Await.o -index-unit-output-path /Promises.build/Debug-iphonesimulator/FBLPromises.build/Objects-normal/arm64/FBLPromise+Await.o

CompileC /Users/fukushimatakumi/Library/Developer/Xcode/DerivedData/SugarBeat-hgoxfxbbugxkfsbmqcjlbmjeaqyg/Build/Intermediates.noindex/Promises.build/Debug-iphonesimulator/FBLPromises.build/Objects-normal/arm64/FBLPromise+Async.o /Users/fukushimatakumi/Library/Developer/Xcode/DerivedData/SugarBeat-hgoxfxbbugxkfsbmqcjlbmjeaqyg/SourcePackages/checkouts/promises/Sources/FBLPromises/FBLPromise+Async.m normal arm64 objective-c com.apple.compilers.llvm.clang.1_0.compiler (in target 'FBLPromises' from project 'Promises')
    cd /Users/fukushimatakumi/develop/sugarbeat/sugarbeat-front
    
    Using response file: /Users/fukushimatakumi/Library/Developer/Xcode/DerivedData/SugarBeat-hgoxfxbbugxkfsbmqcjlbmjeaqyg/Build/Intermediates.noindex/Promises.build/Debug-iphonesimulator/FBLPromises.build/Objects-normal/arm64/e6072d4f65d7061329687fe24e3d63a7-common-args.resp
    
    /Applications/Xcode.app/Contents/Developer/Toolchains/XcodeDefault.xctoolchain/usr/bin/clang -x objective-c -ivfsstatcache /Users/fukushimatakumi/Library/Developer/Xcode/DerivedData/SDKStatCaches.noindex/iphonesimulator18.4-22E235-71825a6d136aa4733edcbe86ece5525b.sdkstatcache -fmessage-length\=0 -fdiagnostics-show-note-include-stack -fmacro-backtrace-limit\=0 -fno-color-diagnostics -fmodules-prune-interval\=86400 -fmodules-prune-after\=345600 -fbuild-session-file\=/Users/fukushimatakumi/Library/Developer/Xcode/DerivedData/ModuleCache.noindex/Session.modulevalidation -fmodules-validate-once-per-build-session -Wnon-modular-include-in-framework-module -Werror\=non-modular-include-in-framework-module -Wno-trigraphs -Wno-missing-field-initializers -Wno-missing-prototypes -Wno-return-type -Wno-implicit-atomic-properties -Wno-objc-interface-ivars -Wno-arc-repeated-use-of-weak -Wno-missing-braces -Wparentheses -Wswitch -Wno-unused-function -Wno-unused-label -Wno-unused-parameter -Wno-unused-variable -Wunused-value -Wno-empty-body -Wno-uninitialized -Wno-unknown-pragmas -w -Wno-shadow -Wno-four-char-constants -Wno-conversion -Wno-constant-conversion -Wno-int-conversion -Wno-bool-conversion -Wno-enum-conversion -Wno-float-conversion -Wno-non-literal-null-conversion -Wno-objc-literal-conversion -Wshorten-64-to-32 -Wpointer-sign -Wno-newline-eof -Wno-selector -Wno-strict-selector-match -Wno-undeclared-selector -Wno-deprecated-implementations -Wno-implicit-fallthrough -fstrict-aliasing -Wprotocol -Wdeprecated-declarations -Wno-sign-conversion -Wno-infinite-recursion -Wno-comma -Wno-block-capture-autoreleasing -Wno-strict-prototypes -Wno-semicolon-before-method-body -index-store-path /Users/fukushimatakumi/Library/Developer/Xcode/DerivedData/SugarBeat-hgoxfxbbugxkfsbmqcjlbmjeaqyg/Index.noindex/DataStore @/Users/fukushimatakumi/Library/Developer/Xcode/DerivedData/SugarBeat-hgoxfxbbugxkfsbmqcjlbmjeaqyg/Build/Intermediates.noindex/Promises.build/Debug-iphonesimulator/FBLPromises.build/Objects-normal/arm64/e6072d4f65d7061329687fe24e3d63a7-common-args.resp -include /Users/fukushimatakumi/Library/Developer/Xcode/DerivedData/SugarBeat-hgoxfxbbugxkfsbmqcjlbmjeaqyg/Build/Intermediates.noindex/Promises.build/Debug-iphonesimulator/FBLPromises.build/DerivedSources/resource_bundle_accessor.h -MMD -MT dependencies -MF /Users/fukushimatakumi/Library/Developer/Xcode/DerivedData/SugarBeat-hgoxfxbbugxkfsbmqcjlbmjeaqyg/Build/Intermediates.noindex/Promises.build/Debug-iphonesimulator/FBLPromises.build/Objects-normal/arm64/FBLPromise+Async.d --serialize-diagnostics /Users/fukushimatakumi/Library/Developer/Xcode/DerivedData/SugarBeat-hgoxfxbbugxkfsbmqcjlbmjeaqyg/Build/Intermediates.noindex/Promises.build/Debug-iphonesimulator/FBLPromises.build/Objects-normal/arm64/FBLPromise+Async.dia -c /Users/fukushimatakumi/Library/Developer/Xcode/DerivedData/SugarBeat-hgoxfxbbugxkfsbmqcjlbmjeaqyg/SourcePackages/checkouts/promises/Sources/FBLPromises/FBLPromise+Async.m -o /Users/fukushimatakumi/Library/Developer/Xcode/DerivedData/SugarBeat-hgoxfxbbugxkfsbmqcjlbmjeaqyg/Build/Intermediates.noindex/Promises.build/Debug-iphonesimulator/FBLPromises.build/Objects-normal/arm64/FBLPromise+Async.o -index-unit-output-path /Promises.build/Debug-iphonesimulator/FBLPromises.build/Objects-normal/arm64/FBLPromise+Async.o

CompileC /Users/fukushimatakumi/Library/Developer/Xcode/DerivedData/SugarBeat-hgoxfxbbugxkfsbmqcjlbmjeaqyg/Build/Intermediates.noindex/Promises.build/Debug-iphonesimulator/FBLPromises.build/Objects-normal/arm64/FBLPromise+Any.o /Users/fukushimatakumi/Library/Developer/Xcode/DerivedData/SugarBeat-hgoxfxbbugxkfsbmqcjlbmjeaqyg/SourcePackages/checkouts/promises/Sources/FBLPromises/FBLPromise+Any.m normal arm64 objective-c com.apple.compilers.llvm.clang.1_0.compiler (in target 'FBLPromises' from project 'Promises')
    cd /Users/fukushimatakumi/develop/sugarbeat/sugarbeat-front
    
    Using response file: /Users/fukushimatakumi/Library/Developer/Xcode/DerivedData/SugarBeat-hgoxfxbbugxkfsbmqcjlbmjeaqyg/Build/Intermediates.noindex/Promises.build/Debug-iphonesimulator/FBLPromises.build/Objects-normal/arm64/e6072d4f65d7061329687fe24e3d63a7-common-args.resp
    
    /Applications/Xcode.app/Contents/Developer/Toolchains/XcodeDefault.xctoolchain/usr/bin/clang -x objective-c -ivfsstatcache /Users/fukushimatakumi/Library/Developer/Xcode/DerivedData/SDKStatCaches.noindex/iphonesimulator18.4-22E235-71825a6d136aa4733edcbe86ece5525b.sdkstatcache -fmessage-length\=0 -fdiagnostics-show-note-include-stack -fmacro-backtrace-limit\=0 -fno-color-diagnostics -fmodules-prune-interval\=86400 -fmodules-prune-after\=345600 -fbuild-session-file\=/Users/fukushimatakumi/Library/Developer/Xcode/DerivedData/ModuleCache.noindex/Session.modulevalidation -fmodules-validate-once-per-build-session -Wnon-modular-include-in-framework-module -Werror\=non-modular-include-in-framework-module -Wno-trigraphs -Wno-missing-field-initializers -Wno-missing-prototypes -Wno-return-type -Wno-implicit-atomic-properties -Wno-objc-interface-ivars -Wno-arc-repeated-use-of-weak -Wno-missing-braces -Wparentheses -Wswitch -Wno-unused-function -Wno-unused-label -Wno-unused-parameter -Wno-unused-variable -Wunused-value -Wno-empty-body -Wno-uninitialized -Wno-unknown-pragmas -w -Wno-shadow -Wno-four-char-constants -Wno-conversion -Wno-constant-conversion -Wno-int-conversion -Wno-bool-conversion -Wno-enum-conversion -Wno-float-conversion -Wno-non-literal-null-conversion -Wno-objc-literal-conversion -Wshorten-64-to-32 -Wpointer-sign -Wno-newline-eof -Wno-selector -Wno-strict-selector-match -Wno-undeclared-selector -Wno-deprecated-implementations -Wno-implicit-fallthrough -fstrict-aliasing -Wprotocol -Wdeprecated-declarations -Wno-sign-conversion -Wno-infinite-recursion -Wno-comma -Wno-block-capture-autoreleasing -Wno-strict-prototypes -Wno-semicolon-before-method-body -index-store-path /Users/fukushimatakumi/Library/Developer/Xcode/DerivedData/SugarBeat-hgoxfxbbugxkfsbmqcjlbmjeaqyg/Index.noindex/DataStore @/Users/fukushimatakumi/Library/Developer/Xcode/DerivedData/SugarBeat-hgoxfxbbugxkfsbmqcjlbmjeaqyg/Build/Intermediates.noindex/Promises.build/Debug-iphonesimulator/FBLPromises.build/Objects-normal/arm64/e6072d4f65d7061329687fe24e3d63a7-common-args.resp -include /Users/fukushimatakumi/Library/Developer/Xcode/DerivedData/SugarBeat-hgoxfxbbugxkfsbmqcjlbmjeaqyg/Build/Intermediates.noindex/Promises.build/Debug-iphonesimulator/FBLPromises.build/DerivedSources/resource_bundle_accessor.h -MMD -MT dependencies -MF /Users/fukushimatakumi/Library/Developer/Xcode/DerivedData/SugarBeat-hgoxfxbbugxkfsbmqcjlbmjeaqyg/Build/Intermediates.noindex/Promises.build/Debug-iphonesimulator/FBLPromises.build/Objects-normal/arm64/FBLPromise+Any.d --serialize-diagnostics /Users/fukushimatakumi/Library/Developer/Xcode/DerivedData/SugarBeat-hgoxfxbbugxkfsbmqcjlbmjeaqyg/Build/Intermediates.noindex/Promises.build/Debug-iphonesimulator/FBLPromises.build/Objects-normal/arm64/FBLPromise+Any.dia -c /Users/fukushimatakumi/Library/Developer/Xcode/DerivedData/SugarBeat-hgoxfxbbugxkfsbmqcjlbmjeaqyg/SourcePackages/checkouts/promises/Sources/FBLPromises/FBLPromise+Any.m -o /Users/fukushimatakumi/Library/Developer/Xcode/DerivedData/SugarBeat-hgoxfxbbugxkfsbmqcjlbmjeaqyg/Build/Intermediates.noindex/Promises.build/Debug-iphonesimulator/FBLPromises.build/Objects-normal/arm64/FBLPromise+Any.o -index-unit-output-path /Promises.build/Debug-iphonesimulator/FBLPromises.build/Objects-normal/arm64/FBLPromise+Any.o

CompileC /Users/fukushimatakumi/Library/Developer/Xcode/DerivedData/SugarBeat-hgoxfxbbugxkfsbmqcjlbmjeaqyg/Build/Intermediates.noindex/Promises.build/Debug-iphonesimulator/FBLPromises.build/Objects-normal/arm64/FBLPromise+Always.o /Users/fukushimatakumi/Library/Developer/Xcode/DerivedData/SugarBeat-hgoxfxbbugxkfsbmqcjlbmjeaqyg/SourcePackages/checkouts/promises/Sources/FBLPromises/FBLPromise+Always.m normal arm64 objective-c com.apple.compilers.llvm.clang.1_0.compiler (in target 'FBLPromises' from project 'Promises')
    cd /Users/fukushimatakumi/develop/sugarbeat/sugarbeat-front
    
    Using response file: /Users/fukushimatakumi/Library/Developer/Xcode/DerivedData/SugarBeat-hgoxfxbbugxkfsbmqcjlbmjeaqyg/Build/Intermediates.noindex/Promises.build/Debug-iphonesimulator/FBLPromises.build/Objects-normal/arm64/e6072d4f65d7061329687fe24e3d63a7-common-args.resp
    
    /Applications/Xcode.app/Contents/Developer/Toolchains/XcodeDefault.xctoolchain/usr/bin/clang -x objective-c -ivfsstatcache /Users/fukushimatakumi/Library/Developer/Xcode/DerivedData/SDKStatCaches.noindex/iphonesimulator18.4-22E235-71825a6d136aa4733edcbe86ece5525b.sdkstatcache -fmessage-length\=0 -fdiagnostics-show-note-include-stack -fmacro-backtrace-limit\=0 -fno-color-diagnostics -fmodules-prune-interval\=86400 -fmodules-prune-after\=345600 -fbuild-session-file\=/Users/fukushimatakumi/Library/Developer/Xcode/DerivedData/ModuleCache.noindex/Session.modulevalidation -fmodules-validate-once-per-build-session -Wnon-modular-include-in-framework-module -Werror\=non-modular-include-in-framework-module -Wno-trigraphs -Wno-missing-field-initializers -Wno-missing-prototypes -Wno-return-type -Wno-implicit-atomic-properties -Wno-objc-interface-ivars -Wno-arc-repeated-use-of-weak -Wno-missing-braces -Wparentheses -Wswitch -Wno-unused-function -Wno-unused-label -Wno-unused-parameter -Wno-unused-variable -Wunused-value -Wno-empty-body -Wno-uninitialized -Wno-unknown-pragmas -w -Wno-shadow -Wno-four-char-constants -Wno-conversion -Wno-constant-conversion -Wno-int-conversion -Wno-bool-conversion -Wno-enum-conversion -Wno-float-conversion -Wno-non-literal-null-conversion -Wno-objc-literal-conversion -Wshorten-64-to-32 -Wpointer-sign -Wno-newline-eof -Wno-selector -Wno-strict-selector-match -Wno-undeclared-selector -Wno-deprecated-implementations -Wno-implicit-fallthrough -fstrict-aliasing -Wprotocol -Wdeprecated-declarations -Wno-sign-conversion -Wno-infinite-recursion -Wno-comma -Wno-block-capture-autoreleasing -Wno-strict-prototypes -Wno-semicolon-before-method-body -index-store-path /Users/fukushimatakumi/Library/Developer/Xcode/DerivedData/SugarBeat-hgoxfxbbugxkfsbmqcjlbmjeaqyg/Index.noindex/DataStore @/Users/fukushimatakumi/Library/Developer/Xcode/DerivedData/SugarBeat-hgoxfxbbugxkfsbmqcjlbmjeaqyg/Build/Intermediates.noindex/Promises.build/Debug-iphonesimulator/FBLPromises.build/Objects-normal/arm64/e6072d4f65d7061329687fe24e3d63a7-common-args.resp -include /Users/fukushimatakumi/Library/Developer/Xcode/DerivedData/SugarBeat-hgoxfxbbugxkfsbmqcjlbmjeaqyg/Build/Intermediates.noindex/Promises.build/Debug-iphonesimulator/FBLPromises.build/DerivedSources/resource_bundle_accessor.h -MMD -MT dependencies -MF /Users/fukushimatakumi/Library/Developer/Xcode/DerivedData/SugarBeat-hgoxfxbbugxkfsbmqcjlbmjeaqyg/Build/Intermediates.noindex/Promises.build/Debug-iphonesimulator/FBLPromises.build/Objects-normal/arm64/FBLPromise+Always.d --serialize-diagnostics /Users/fukushimatakumi/Library/Developer/Xcode/DerivedData/SugarBeat-hgoxfxbbugxkfsbmqcjlbmjeaqyg/Build/Intermediates.noindex/Promises.build/Debug-iphonesimulator/FBLPromises.build/Objects-normal/arm64/FBLPromise+Always.dia -c /Users/fukushimatakumi/Library/Developer/Xcode/DerivedData/SugarBeat-hgoxfxbbugxkfsbmqcjlbmjeaqyg/SourcePackages/checkouts/promises/Sources/FBLPromises/FBLPromise+Always.m -o /Users/fukushimatakumi/Library/Developer/Xcode/DerivedData/SugarBeat-hgoxfxbbugxkfsbmqcjlbmjeaqyg/Build/Intermediates.noindex/Promises.build/Debug-iphonesimulator/FBLPromises.build/Objects-normal/arm64/FBLPromise+Always.o -index-unit-output-path /Promises.build/Debug-iphonesimulator/FBLPromises.build/Objects-normal/arm64/FBLPromise+Always.o

CompileC /Users/fukushimatakumi/Library/Developer/Xcode/DerivedData/SugarBeat-hgoxfxbbugxkfsbmqcjlbmjeaqyg/Build/Intermediates.noindex/Promises.build/Debug-iphonesimulator/FBLPromises.build/Objects-normal/arm64/FBLPromise+All.o /Users/fukushimatakumi/Library/Developer/Xcode/DerivedData/SugarBeat-hgoxfxbbugxkfsbmqcjlbmjeaqyg/SourcePackages/checkouts/promises/Sources/FBLPromises/FBLPromise+All.m normal arm64 objective-c com.apple.compilers.llvm.clang.1_0.compiler (in target 'FBLPromises' from project 'Promises')
    cd /Users/fukushimatakumi/develop/sugarbeat/sugarbeat-front
    
    Using response file: /Users/fukushimatakumi/Library/Developer/Xcode/DerivedData/SugarBeat-hgoxfxbbugxkfsbmqcjlbmjeaqyg/Build/Intermediates.noindex/Promises.build/Debug-iphonesimulator/FBLPromises.build/Objects-normal/arm64/e6072d4f65d7061329687fe24e3d63a7-common-args.resp
    
    /Applications/Xcode.app/Contents/Developer/Toolchains/XcodeDefault.xctoolchain/usr/bin/clang -x objective-c -ivfsstatcache /Users/fukushimatakumi/Library/Developer/Xcode/DerivedData/SDKStatCaches.noindex/iphonesimulator18.4-22E235-71825a6d136aa4733edcbe86ece5525b.sdkstatcache -fmessage-length\=0 -fdiagnostics-show-note-include-stack -fmacro-backtrace-limit\=0 -fno-color-diagnostics -fmodules-prune-interval\=86400 -fmodules-prune-after\=345600 -fbuild-session-file\=/Users/fukushimatakumi/Library/Developer/Xcode/DerivedData/ModuleCache.noindex/Session.modulevalidation -fmodules-validate-once-per-build-session -Wnon-modular-include-in-framework-module -Werror\=non-modular-include-in-framework-module -Wno-trigraphs -Wno-missing-field-initializers -Wno-missing-prototypes -Wno-return-type -Wno-implicit-atomic-properties -Wno-objc-interface-ivars -Wno-arc-repeated-use-of-weak -Wno-missing-braces -Wparentheses -Wswitch -Wno-unused-function -Wno-unused-label -Wno-unused-parameter -Wno-unused-variable -Wunused-value -Wno-empty-body -Wno-uninitialized -Wno-unknown-pragmas -w -Wno-shadow -Wno-four-char-constants -Wno-conversion -Wno-constant-conversion -Wno-int-conversion -Wno-bool-conversion -Wno-enum-conversion -Wno-float-conversion -Wno-non-literal-null-conversion -Wno-objc-literal-conversion -Wshorten-64-to-32 -Wpointer-sign -Wno-newline-eof -Wno-selector -Wno-strict-selector-match -Wno-undeclared-selector -Wno-deprecated-implementations -Wno-implicit-fallthrough -fstrict-aliasing -Wprotocol -Wdeprecated-declarations -Wno-sign-conversion -Wno-infinite-recursion -Wno-comma -Wno-block-capture-autoreleasing -Wno-strict-prototypes -Wno-semicolon-before-method-body -index-store-path /Users/fukushimatakumi/Library/Developer/Xcode/DerivedData/SugarBeat-hgoxfxbbugxkfsbmqcjlbmjeaqyg/Index.noindex/DataStore @/Users/fukushimatakumi/Library/Developer/Xcode/DerivedData/SugarBeat-hgoxfxbbugxkfsbmqcjlbmjeaqyg/Build/Intermediates.noindex/Promises.build/Debug-iphonesimulator/FBLPromises.build/Objects-normal/arm64/e6072d4f65d7061329687fe24e3d63a7-common-args.resp -include /Users/fukushimatakumi/Library/Developer/Xcode/DerivedData/SugarBeat-hgoxfxbbugxkfsbmqcjlbmjeaqyg/Build/Intermediates.noindex/Promises.build/Debug-iphonesimulator/FBLPromises.build/DerivedSources/resource_bundle_accessor.h -MMD -MT dependencies -MF /Users/fukushimatakumi/Library/Developer/Xcode/DerivedData/SugarBeat-hgoxfxbbugxkfsbmqcjlbmjeaqyg/Build/Intermediates.noindex/Promises.build/Debug-iphonesimulator/FBLPromises.build/Objects-normal/arm64/FBLPromise+All.d --serialize-diagnostics /Users/fukushimatakumi/Library/Developer/Xcode/DerivedData/SugarBeat-hgoxfxbbugxkfsbmqcjlbmjeaqyg/Build/Intermediates.noindex/Promises.build/Debug-iphonesimulator/FBLPromises.build/Objects-normal/arm64/FBLPromise+All.dia -c /Users/fukushimatakumi/Library/Developer/Xcode/DerivedData/SugarBeat-hgoxfxbbugxkfsbmqcjlbmjeaqyg/SourcePackages/checkouts/promises/Sources/FBLPromises/FBLPromise+All.m -o /Users/fukushimatakumi/Library/Developer/Xcode/DerivedData/SugarBeat-hgoxfxbbugxkfsbmqcjlbmjeaqyg/Build/Intermediates.noindex/Promises.build/Debug-iphonesimulator/FBLPromises.build/Objects-normal/arm64/FBLPromise+All.o -index-unit-output-path /Promises.build/Debug-iphonesimulator/FBLPromises.build/Objects-normal/arm64/FBLPromise+All.o

CompileC /Users/fukushimatakumi/Library/Developer/Xcode/DerivedData/SugarBeat-hgoxfxbbugxkfsbmqcjlbmjeaqyg/Build/Intermediates.noindex/AppAuth.build/Debug-iphonesimulator/AppAuthCore.build/Objects-normal/arm64/resource_bundle_accessor.o /Users/fukushimatakumi/Library/Developer/Xcode/DerivedData/SugarBeat-hgoxfxbbugxkfsbmqcjlbmjeaqyg/Build/Intermediates.noindex/AppAuth.build/Debug-iphonesimulator/AppAuthCore.build/DerivedSources/resource_bundle_accessor.m normal arm64 objective-c com.apple.compilers.llvm.clang.1_0.compiler (in target 'AppAuthCore' from project 'AppAuth')
    cd /Users/fukushimatakumi/develop/sugarbeat/sugarbeat-front
    
    Using response file: /Users/fukushimatakumi/Library/Developer/Xcode/DerivedData/SugarBeat-hgoxfxbbugxkfsbmqcjlbmjeaqyg/Build/Intermediates.noindex/AppAuth.build/Debug-iphonesimulator/AppAuthCore.build/Objects-normal/arm64/e6072d4f65d7061329687fe24e3d63a7-common-args.resp
    
    /Applications/Xcode.app/Contents/Developer/Toolchains/XcodeDefault.xctoolchain/usr/bin/clang -x objective-c -ivfsstatcache /Users/fukushimatakumi/Library/Developer/Xcode/DerivedData/SDKStatCaches.noindex/iphonesimulator18.4-22E235-71825a6d136aa4733edcbe86ece5525b.sdkstatcache -fmessage-length\=0 -fdiagnostics-show-note-include-stack -fmacro-backtrace-limit\=0 -fno-color-diagnostics -fmodules-prune-interval\=86400 -fmodules-prune-after\=345600 -fbuild-session-file\=/Users/fukushimatakumi/Library/Developer/Xcode/DerivedData/ModuleCache.noindex/Session.modulevalidation -fmodules-validate-once-per-build-session -Wnon-modular-include-in-framework-module -Werror\=non-modular-include-in-framework-module -Wno-trigraphs -Wno-missing-field-initializers -Wno-missing-prototypes -Wno-return-type -Wno-implicit-atomic-properties -Wno-objc-interface-ivars -Wno-arc-repeated-use-of-weak -Wno-missing-braces -Wparentheses -Wswitch -Wno-unused-function -Wno-unused-label -Wno-unused-parameter -Wno-unused-variable -Wunused-value -Wno-empty-body -Wno-uninitialized -Wno-unknown-pragmas -w -Wno-shadow -Wno-four-char-constants -Wno-conversion -Wno-constant-conversion -Wno-int-conversion -Wno-bool-conversion -Wno-enum-conversion -Wno-float-conversion -Wno-non-literal-null-conversion -Wno-objc-literal-conversion -Wshorten-64-to-32 -Wpointer-sign -Wno-newline-eof -Wno-selector -Wno-strict-selector-match -Wno-undeclared-selector -Wno-deprecated-implementations -Wno-implicit-fallthrough -fstrict-aliasing -Wprotocol -Wdeprecated-declarations -Wno-sign-conversion -Wno-infinite-recursion -Wno-comma -Wno-block-capture-autoreleasing -Wno-strict-prototypes -Wno-semicolon-before-method-body -index-store-path /Users/fukushimatakumi/Library/Developer/Xcode/DerivedData/SugarBeat-hgoxfxbbugxkfsbmqcjlbmjeaqyg/Index.noindex/DataStore @/Users/fukushimatakumi/Library/Developer/Xcode/DerivedData/SugarBeat-hgoxfxbbugxkfsbmqcjlbmjeaqyg/Build/Intermediates.noindex/AppAuth.build/Debug-iphonesimulator/AppAuthCore.build/Objects-normal/arm64/e6072d4f65d7061329687fe24e3d63a7-common-args.resp -include /Users/fukushimatakumi/Library/Developer/Xcode/DerivedData/SugarBeat-hgoxfxbbugxkfsbmqcjlbmjeaqyg/Build/Intermediates.noindex/AppAuth.build/Debug-iphonesimulator/AppAuthCore.build/DerivedSources/resource_bundle_accessor.h -MMD -MT dependencies -MF /Users/fukushimatakumi/Library/Developer/Xcode/DerivedData/SugarBeat-hgoxfxbbugxkfsbmqcjlbmjeaqyg/Build/Intermediates.noindex/AppAuth.build/Debug-iphonesimulator/AppAuthCore.build/Objects-normal/arm64/resource_bundle_accessor.d --serialize-diagnostics /Users/fukushimatakumi/Library/Developer/Xcode/DerivedData/SugarBeat-hgoxfxbbugxkfsbmqcjlbmjeaqyg/Build/Intermediates.noindex/AppAuth.build/Debug-iphonesimulator/AppAuthCore.build/Objects-normal/arm64/resource_bundle_accessor.dia -c /Users/fukushimatakumi/Library/Developer/Xcode/DerivedData/SugarBeat-hgoxfxbbugxkfsbmqcjlbmjeaqyg/Build/Intermediates.noindex/AppAuth.build/Debug-iphonesimulator/AppAuthCore.build/DerivedSources/resource_bundle_accessor.m -o /Users/fukushimatakumi/Library/Developer/Xcode/DerivedData/SugarBeat-hgoxfxbbugxkfsbmqcjlbmjeaqyg/Build/Intermediates.noindex/AppAuth.build/Debug-iphonesimulator/AppAuthCore.build/Objects-normal/arm64/resource_bundle_accessor.o -index-unit-output-path /AppAuth.build/Debug-iphonesimulator/AppAuthCore.build/Objects-normal/arm64/resource_bundle_accessor.o

CompileC /Users/fukushimatakumi/Library/Developer/Xcode/DerivedData/SugarBeat-hgoxfxbbugxkfsbmqcjlbmjeaqyg/Build/Intermediates.noindex/AppAuth.build/Debug-iphonesimulator/AppAuthCore.build/Objects-normal/arm64/OIDURLSessionProvider.o /Users/fukushimatakumi/Library/Developer/Xcode/DerivedData/SugarBeat-hgoxfxbbugxkfsbmqcjlbmjeaqyg/SourcePackages/checkouts/AppAuth-iOS/Sources/AppAuthCore/OIDURLSessionProvider.m normal arm64 objective-c com.apple.compilers.llvm.clang.1_0.compiler (in target 'AppAuthCore' from project 'AppAuth')
    cd /Users/fukushimatakumi/develop/sugarbeat/sugarbeat-front
    
    Using response file: /Users/fukushimatakumi/Library/Developer/Xcode/DerivedData/SugarBeat-hgoxfxbbugxkfsbmqcjlbmjeaqyg/Build/Intermediates.noindex/AppAuth.build/Debug-iphonesimulator/AppAuthCore.build/Objects-normal/arm64/e6072d4f65d7061329687fe24e3d63a7-common-args.resp
    
    /Applications/Xcode.app/Contents/Developer/Toolchains/XcodeDefault.xctoolchain/usr/bin/clang -x objective-c -ivfsstatcache /Users/fukushimatakumi/Library/Developer/Xcode/DerivedData/SDKStatCaches.noindex/iphonesimulator18.4-22E235-71825a6d136aa4733edcbe86ece5525b.sdkstatcache -fmessage-length\=0 -fdiagnostics-show-note-include-stack -fmacro-backtrace-limit\=0 -fno-color-diagnostics -fmodules-prune-interval\=86400 -fmodules-prune-after\=345600 -fbuild-session-file\=/Users/fukushimatakumi/Library/Developer/Xcode/DerivedData/ModuleCache.noindex/Session.modulevalidation -fmodules-validate-once-per-build-session -Wnon-modular-include-in-framework-module -Werror\=non-modular-include-in-framework-module -Wno-trigraphs -Wno-missing-field-initializers -Wno-missing-prototypes -Wno-return-type -Wno-implicit-atomic-properties -Wno-objc-interface-ivars -Wno-arc-repeated-use-of-weak -Wno-missing-braces -Wparentheses -Wswitch -Wno-unused-function -Wno-unused-label -Wno-unused-parameter -Wno-unused-variable -Wunused-value -Wno-empty-body -Wno-uninitialized -Wno-unknown-pragmas -w -Wno-shadow -Wno-four-char-constants -Wno-conversion -Wno-constant-conversion -Wno-int-conversion -Wno-bool-conversion -Wno-enum-conversion -Wno-float-conversion -Wno-non-literal-null-conversion -Wno-objc-literal-conversion -Wshorten-64-to-32 -Wpointer-sign -Wno-newline-eof -Wno-selector -Wno-strict-selector-match -Wno-undeclared-selector -Wno-deprecated-implementations -Wno-implicit-fallthrough -fstrict-aliasing -Wprotocol -Wdeprecated-declarations -Wno-sign-conversion -Wno-infinite-recursion -Wno-comma -Wno-block-capture-autoreleasing -Wno-strict-prototypes -Wno-semicolon-before-method-body -index-store-path /Users/fukushimatakumi/Library/Developer/Xcode/DerivedData/SugarBeat-hgoxfxbbugxkfsbmqcjlbmjeaqyg/Index.noindex/DataStore @/Users/fukushimatakumi/Library/Developer/Xcode/DerivedData/SugarBeat-hgoxfxbbugxkfsbmqcjlbmjeaqyg/Build/Intermediates.noindex/AppAuth.build/Debug-iphonesimulator/AppAuthCore.build/Objects-normal/arm64/e6072d4f65d7061329687fe24e3d63a7-common-args.resp -include /Users/fukushimatakumi/Library/Developer/Xcode/DerivedData/SugarBeat-hgoxfxbbugxkfsbmqcjlbmjeaqyg/Build/Intermediates.noindex/AppAuth.build/Debug-iphonesimulator/AppAuthCore.build/DerivedSources/resource_bundle_accessor.h -MMD -MT dependencies -MF /Users/fukushimatakumi/Library/Developer/Xcode/DerivedData/SugarBeat-hgoxfxbbugxkfsbmqcjlbmjeaqyg/Build/Intermediates.noindex/AppAuth.build/Debug-iphonesimulator/AppAuthCore.build/Objects-normal/arm64/OIDURLSessionProvider.d --serialize-diagnostics /Users/fukushimatakumi/Library/Developer/Xcode/DerivedData/SugarBeat-hgoxfxbbugxkfsbmqcjlbmjeaqyg/Build/Intermediates.noindex/AppAuth.build/Debug-iphonesimulator/AppAuthCore.build/Objects-normal/arm64/OIDURLSessionProvider.dia -c /Users/fukushimatakumi/Library/Developer/Xcode/DerivedData/SugarBeat-hgoxfxbbugxkfsbmqcjlbmjeaqyg/SourcePackages/checkouts/AppAuth-iOS/Sources/AppAuthCore/OIDURLSessionProvider.m -o /Users/fukushimatakumi/Library/Developer/Xcode/DerivedData/SugarBeat-hgoxfxbbugxkfsbmqcjlbmjeaqyg/Build/Intermediates.noindex/AppAuth.build/Debug-iphonesimulator/AppAuthCore.build/Objects-normal/arm64/OIDURLSessionProvider.o -index-unit-output-path /AppAuth.build/Debug-iphonesimulator/AppAuthCore.build/Objects-normal/arm64/OIDURLSessionProvider.o

CompileC /Users/fukushimatakumi/Library/Developer/Xcode/DerivedData/SugarBeat-hgoxfxbbugxkfsbmqcjlbmjeaqyg/Build/Intermediates.noindex/AppAuth.build/Debug-iphonesimulator/AppAuthCore.build/Objects-normal/arm64/OIDURLQueryComponent.o /Users/fukushimatakumi/Library/Developer/Xcode/DerivedData/SugarBeat-hgoxfxbbugxkfsbmqcjlbmjeaqyg/SourcePackages/checkouts/AppAuth-iOS/Sources/AppAuthCore/OIDURLQueryComponent.m normal arm64 objective-c com.apple.compilers.llvm.clang.1_0.compiler (in target 'AppAuthCore' from project 'AppAuth')
    cd /Users/fukushimatakumi/develop/sugarbeat/sugarbeat-front
    
    Using response file: /Users/fukushimatakumi/Library/Developer/Xcode/DerivedData/SugarBeat-hgoxfxbbugxkfsbmqcjlbmjeaqyg/Build/Intermediates.noindex/AppAuth.build/Debug-iphonesimulator/AppAuthCore.build/Objects-normal/arm64/e6072d4f65d7061329687fe24e3d63a7-common-args.resp
    
    /Applications/Xcode.app/Contents/Developer/Toolchains/XcodeDefault.xctoolchain/usr/bin/clang -x objective-c -ivfsstatcache /Users/fukushimatakumi/Library/Developer/Xcode/DerivedData/SDKStatCaches.noindex/iphonesimulator18.4-22E235-71825a6d136aa4733edcbe86ece5525b.sdkstatcache -fmessage-length\=0 -fdiagnostics-show-note-include-stack -fmacro-backtrace-limit\=0 -fno-color-diagnostics -fmodules-prune-interval\=86400 -fmodules-prune-after\=345600 -fbuild-session-file\=/Users/fukushimatakumi/Library/Developer/Xcode/DerivedData/ModuleCache.noindex/Session.modulevalidation -fmodules-validate-once-per-build-session -Wnon-modular-include-in-framework-module -Werror\=non-modular-include-in-framework-module -Wno-trigraphs -Wno-missing-field-initializers -Wno-missing-prototypes -Wno-return-type -Wno-implicit-atomic-properties -Wno-objc-interface-ivars -Wno-arc-repeated-use-of-weak -Wno-missing-braces -Wparentheses -Wswitch -Wno-unused-function -Wno-unused-label -Wno-unused-parameter -Wno-unused-variable -Wunused-value -Wno-empty-body -Wno-uninitialized -Wno-unknown-pragmas -w -Wno-shadow -Wno-four-char-constants -Wno-conversion -Wno-constant-conversion -Wno-int-conversion -Wno-bool-conversion -Wno-enum-conversion -Wno-float-conversion -Wno-non-literal-null-conversion -Wno-objc-literal-conversion -Wshorten-64-to-32 -Wpointer-sign -Wno-newline-eof -Wno-selector -Wno-strict-selector-match -Wno-undeclared-selector -Wno-deprecated-implementations -Wno-implicit-fallthrough -fstrict-aliasing -Wprotocol -Wdeprecated-declarations -Wno-sign-conversion -Wno-infinite-recursion -Wno-comma -Wno-block-capture-autoreleasing -Wno-strict-prototypes -Wno-semicolon-before-method-body -index-store-path /Users/fukushimatakumi/Library/Developer/Xcode/DerivedData/SugarBeat-hgoxfxbbugxkfsbmqcjlbmjeaqyg/Index.noindex/DataStore @/Users/fukushimatakumi/Library/Developer/Xcode/DerivedData/SugarBeat-hgoxfxbbugxkfsbmqcjlbmjeaqyg/Build/Intermediates.noindex/AppAuth.build/Debug-iphonesimulator/AppAuthCore.build/Objects-normal/arm64/e6072d4f65d7061329687fe24e3d63a7-common-args.resp -include /Users/fukushimatakumi/Library/Developer/Xcode/DerivedData/SugarBeat-hgoxfxbbugxkfsbmqcjlbmjeaqyg/Build/Intermediates.noindex/AppAuth.build/Debug-iphonesimulator/AppAuthCore.build/DerivedSources/resource_bundle_accessor.h -MMD -MT dependencies -MF /Users/fukushimatakumi/Library/Developer/Xcode/DerivedData/SugarBeat-hgoxfxbbugxkfsbmqcjlbmjeaqyg/Build/Intermediates.noindex/AppAuth.build/Debug-iphonesimulator/AppAuthCore.build/Objects-normal/arm64/OIDURLQueryComponent.d --serialize-diagnostics /Users/fukushimatakumi/Library/Developer/Xcode/DerivedData/SugarBeat-hgoxfxbbugxkfsbmqcjlbmjeaqyg/Build/Intermediates.noindex/AppAuth.build/Debug-iphonesimulator/AppAuthCore.build/Objects-normal/arm64/OIDURLQueryComponent.dia -c /Users/fukushimatakumi/Library/Developer/Xcode/DerivedData/SugarBeat-hgoxfxbbugxkfsbmqcjlbmjeaqyg/SourcePackages/checkouts/AppAuth-iOS/Sources/AppAuthCore/OIDURLQueryComponent.m -o /Users/fukushimatakumi/Library/Developer/Xcode/DerivedData/SugarBeat-hgoxfxbbugxkfsbmqcjlbmjeaqyg/Build/Intermediates.noindex/AppAuth.build/Debug-iphonesimulator/AppAuthCore.build/Objects-normal/arm64/OIDURLQueryComponent.o -index-unit-output-path /AppAuth.build/Debug-iphonesimulator/AppAuthCore.build/Objects-normal/arm64/OIDURLQueryComponent.o

CompileC /Users/fukushimatakumi/Library/Developer/Xcode/DerivedData/SugarBeat-hgoxfxbbugxkfsbmqcjlbmjeaqyg/Build/Intermediates.noindex/AppAuth.build/Debug-iphonesimulator/AppAuthCore.build/Objects-normal/arm64/OIDTokenUtilities.o /Users/fukushimatakumi/Library/Developer/Xcode/DerivedData/SugarBeat-hgoxfxbbugxkfsbmqcjlbmjeaqyg/SourcePackages/checkouts/AppAuth-iOS/Sources/AppAuthCore/OIDTokenUtilities.m normal arm64 objective-c com.apple.compilers.llvm.clang.1_0.compiler (in target 'AppAuthCore' from project 'AppAuth')
    cd /Users/fukushimatakumi/develop/sugarbeat/sugarbeat-front
    
    Using response file: /Users/fukushimatakumi/Library/Developer/Xcode/DerivedData/SugarBeat-hgoxfxbbugxkfsbmqcjlbmjeaqyg/Build/Intermediates.noindex/AppAuth.build/Debug-iphonesimulator/AppAuthCore.build/Objects-normal/arm64/e6072d4f65d7061329687fe24e3d63a7-common-args.resp
    
    /Applications/Xcode.app/Contents/Developer/Toolchains/XcodeDefault.xctoolchain/usr/bin/clang -x objective-c -ivfsstatcache /Users/fukushimatakumi/Library/Developer/Xcode/DerivedData/SDKStatCaches.noindex/iphonesimulator18.4-22E235-71825a6d136aa4733edcbe86ece5525b.sdkstatcache -fmessage-length\=0 -fdiagnostics-show-note-include-stack -fmacro-backtrace-limit\=0 -fno-color-diagnostics -fmodules-prune-interval\=86400 -fmodules-prune-after\=345600 -fbuild-session-file\=/Users/fukushimatakumi/Library/Developer/Xcode/DerivedData/ModuleCache.noindex/Session.modulevalidation -fmodules-validate-once-per-build-session -Wnon-modular-include-in-framework-module -Werror\=non-modular-include-in-framework-module -Wno-trigraphs -Wno-missing-field-initializers -Wno-missing-prototypes -Wno-return-type -Wno-implicit-atomic-properties -Wno-objc-interface-ivars -Wno-arc-repeated-use-of-weak -Wno-missing-braces -Wparentheses -Wswitch -Wno-unused-function -Wno-unused-label -Wno-unused-parameter -Wno-unused-variable -Wunused-value -Wno-empty-body -Wno-uninitialized -Wno-unknown-pragmas -w -Wno-shadow -Wno-four-char-constants -Wno-conversion -Wno-constant-conversion -Wno-int-conversion -Wno-bool-conversion -Wno-enum-conversion -Wno-float-conversion -Wno-non-literal-null-conversion -Wno-objc-literal-conversion -Wshorten-64-to-32 -Wpointer-sign -Wno-newline-eof -Wno-selector -Wno-strict-selector-match -Wno-undeclared-selector -Wno-deprecated-implementations -Wno-implicit-fallthrough -fstrict-aliasing -Wprotocol -Wdeprecated-declarations -Wno-sign-conversion -Wno-infinite-recursion -Wno-comma -Wno-block-capture-autoreleasing -Wno-strict-prototypes -Wno-semicolon-before-method-body -index-store-path /Users/fukushimatakumi/Library/Developer/Xcode/DerivedData/SugarBeat-hgoxfxbbugxkfsbmqcjlbmjeaqyg/Index.noindex/DataStore @/Users/fukushimatakumi/Library/Developer/Xcode/DerivedData/SugarBeat-hgoxfxbbugxkfsbmqcjlbmjeaqyg/Build/Intermediates.noindex/AppAuth.build/Debug-iphonesimulator/AppAuthCore.build/Objects-normal/arm64/e6072d4f65d7061329687fe24e3d63a7-common-args.resp -include /Users/fukushimatakumi/Library/Developer/Xcode/DerivedData/SugarBeat-hgoxfxbbugxkfsbmqcjlbmjeaqyg/Build/Intermediates.noindex/AppAuth.build/Debug-iphonesimulator/AppAuthCore.build/DerivedSources/resource_bundle_accessor.h -MMD -MT dependencies -MF /Users/fukushimatakumi/Library/Developer/Xcode/DerivedData/SugarBeat-hgoxfxbbugxkfsbmqcjlbmjeaqyg/Build/Intermediates.noindex/AppAuth.build/Debug-iphonesimulator/AppAuthCore.build/Objects-normal/arm64/OIDTokenUtilities.d --serialize-diagnostics /Users/fukushimatakumi/Library/Developer/Xcode/DerivedData/SugarBeat-hgoxfxbbugxkfsbmqcjlbmjeaqyg/Build/Intermediates.noindex/AppAuth.build/Debug-iphonesimulator/AppAuthCore.build/Objects-normal/arm64/OIDTokenUtilities.dia -c /Users/fukushimatakumi/Library/Developer/Xcode/DerivedData/SugarBeat-hgoxfxbbugxkfsbmqcjlbmjeaqyg/SourcePackages/checkouts/AppAuth-iOS/Sources/AppAuthCore/OIDTokenUtilities.m -o /Users/fukushimatakumi/Library/Developer/Xcode/DerivedData/SugarBeat-hgoxfxbbugxkfsbmqcjlbmjeaqyg/Build/Intermediates.noindex/AppAuth.build/Debug-iphonesimulator/AppAuthCore.build/Objects-normal/arm64/OIDTokenUtilities.o -index-unit-output-path /AppAuth.build/Debug-iphonesimulator/AppAuthCore.build/Objects-normal/arm64/OIDTokenUtilities.o

CompileC /Users/fukushimatakumi/Library/Developer/Xcode/DerivedData/SugarBeat-hgoxfxbbugxkfsbmqcjlbmjeaqyg/Build/Intermediates.noindex/AppAuth.build/Debug-iphonesimulator/AppAuthCore.build/Objects-normal/arm64/OIDTokenResponse.o /Users/fukushimatakumi/Library/Developer/Xcode/DerivedData/SugarBeat-hgoxfxbbugxkfsbmqcjlbmjeaqyg/SourcePackages/checkouts/AppAuth-iOS/Sources/AppAuthCore/OIDTokenResponse.m normal arm64 objective-c com.apple.compilers.llvm.clang.1_0.compiler (in target 'AppAuthCore' from project 'AppAuth')
    cd /Users/fukushimatakumi/develop/sugarbeat/sugarbeat-front
    
    Using response file: /Users/fukushimatakumi/Library/Developer/Xcode/DerivedData/SugarBeat-hgoxfxbbugxkfsbmqcjlbmjeaqyg/Build/Intermediates.noindex/AppAuth.build/Debug-iphonesimulator/AppAuthCore.build/Objects-normal/arm64/e6072d4f65d7061329687fe24e3d63a7-common-args.resp
    
    /Applications/Xcode.app/Contents/Developer/Toolchains/XcodeDefault.xctoolchain/usr/bin/clang -x objective-c -ivfsstatcache /Users/fukushimatakumi/Library/Developer/Xcode/DerivedData/SDKStatCaches.noindex/iphonesimulator18.4-22E235-71825a6d136aa4733edcbe86ece5525b.sdkstatcache -fmessage-length\=0 -fdiagnostics-show-note-include-stack -fmacro-backtrace-limit\=0 -fno-color-diagnostics -fmodules-prune-interval\=86400 -fmodules-prune-after\=345600 -fbuild-session-file\=/Users/fukushimatakumi/Library/Developer/Xcode/DerivedData/ModuleCache.noindex/Session.modulevalidation -fmodules-validate-once-per-build-session -Wnon-modular-include-in-framework-module -Werror\=non-modular-include-in-framework-module -Wno-trigraphs -Wno-missing-field-initializers -Wno-missing-prototypes -Wno-return-type -Wno-implicit-atomic-properties -Wno-objc-interface-ivars -Wno-arc-repeated-use-of-weak -Wno-missing-braces -Wparentheses -Wswitch -Wno-unused-function -Wno-unused-label -Wno-unused-parameter -Wno-unused-variable -Wunused-value -Wno-empty-body -Wno-uninitialized -Wno-unknown-pragmas -w -Wno-shadow -Wno-four-char-constants -Wno-conversion -Wno-constant-conversion -Wno-int-conversion -Wno-bool-conversion -Wno-enum-conversion -Wno-float-conversion -Wno-non-literal-null-conversion -Wno-objc-literal-conversion -Wshorten-64-to-32 -Wpointer-sign -Wno-newline-eof -Wno-selector -Wno-strict-selector-match -Wno-undeclared-selector -Wno-deprecated-implementations -Wno-implicit-fallthrough -fstrict-aliasing -Wprotocol -Wdeprecated-declarations -Wno-sign-conversion -Wno-infinite-recursion -Wno-comma -Wno-block-capture-autoreleasing -Wno-strict-prototypes -Wno-semicolon-before-method-body -index-store-path /Users/fukushimatakumi/Library/Developer/Xcode/DerivedData/SugarBeat-hgoxfxbbugxkfsbmqcjlbmjeaqyg/Index.noindex/DataStore @/Users/fukushimatakumi/Library/Developer/Xcode/DerivedData/SugarBeat-hgoxfxbbugxkfsbmqcjlbmjeaqyg/Build/Intermediates.noindex/AppAuth.build/Debug-iphonesimulator/AppAuthCore.build/Objects-normal/arm64/e6072d4f65d7061329687fe24e3d63a7-common-args.resp -include /Users/fukushimatakumi/Library/Developer/Xcode/DerivedData/SugarBeat-hgoxfxbbugxkfsbmqcjlbmjeaqyg/Build/Intermediates.noindex/AppAuth.build/Debug-iphonesimulator/AppAuthCore.build/DerivedSources/resource_bundle_accessor.h -MMD -MT dependencies -MF /Users/fukushimatakumi/Library/Developer/Xcode/DerivedData/SugarBeat-hgoxfxbbugxkfsbmqcjlbmjeaqyg/Build/Intermediates.noindex/AppAuth.build/Debug-iphonesimulator/AppAuthCore.build/Objects-normal/arm64/OIDTokenResponse.d --serialize-diagnostics /Users/fukushimatakumi/Library/Developer/Xcode/DerivedData/SugarBeat-hgoxfxbbugxkfsbmqcjlbmjeaqyg/Build/Intermediates.noindex/AppAuth.build/Debug-iphonesimulator/AppAuthCore.build/Objects-normal/arm64/OIDTokenResponse.dia -c /Users/fukushimatakumi/Library/Developer/Xcode/DerivedData/SugarBeat-hgoxfxbbugxkfsbmqcjlbmjeaqyg/SourcePackages/checkouts/AppAuth-iOS/Sources/AppAuthCore/OIDTokenResponse.m -o /Users/fukushimatakumi/Library/Developer/Xcode/DerivedData/SugarBeat-hgoxfxbbugxkfsbmqcjlbmjeaqyg/Build/Intermediates.noindex/AppAuth.build/Debug-iphonesimulator/AppAuthCore.build/Objects-normal/arm64/OIDTokenResponse.o -index-unit-output-path /AppAuth.build/Debug-iphonesimulator/AppAuthCore.build/Objects-normal/arm64/OIDTokenResponse.o

CompileC /Users/fukushimatakumi/Library/Developer/Xcode/DerivedData/SugarBeat-hgoxfxbbugxkfsbmqcjlbmjeaqyg/Build/Intermediates.noindex/AppAuth.build/Debug-iphonesimulator/AppAuthCore.build/Objects-normal/arm64/OIDTokenRequest.o /Users/fukushimatakumi/Library/Developer/Xcode/DerivedData/SugarBeat-hgoxfxbbugxkfsbmqcjlbmjeaqyg/SourcePackages/checkouts/AppAuth-iOS/Sources/AppAuthCore/OIDTokenRequest.m normal arm64 objective-c com.apple.compilers.llvm.clang.1_0.compiler (in target 'AppAuthCore' from project 'AppAuth')
    cd /Users/fukushimatakumi/develop/sugarbeat/sugarbeat-front
    
    Using response file: /Users/fukushimatakumi/Library/Developer/Xcode/DerivedData/SugarBeat-hgoxfxbbugxkfsbmqcjlbmjeaqyg/Build/Intermediates.noindex/AppAuth.build/Debug-iphonesimulator/AppAuthCore.build/Objects-normal/arm64/e6072d4f65d7061329687fe24e3d63a7-common-args.resp
    
    /Applications/Xcode.app/Contents/Developer/Toolchains/XcodeDefault.xctoolchain/usr/bin/clang -x objective-c -ivfsstatcache /Users/fukushimatakumi/Library/Developer/Xcode/DerivedData/SDKStatCaches.noindex/iphonesimulator18.4-22E235-71825a6d136aa4733edcbe86ece5525b.sdkstatcache -fmessage-length\=0 -fdiagnostics-show-note-include-stack -fmacro-backtrace-limit\=0 -fno-color-diagnostics -fmodules-prune-interval\=86400 -fmodules-prune-after\=345600 -fbuild-session-file\=/Users/fukushimatakumi/Library/Developer/Xcode/DerivedData/ModuleCache.noindex/Session.modulevalidation -fmodules-validate-once-per-build-session -Wnon-modular-include-in-framework-module -Werror\=non-modular-include-in-framework-module -Wno-trigraphs -Wno-missing-field-initializers -Wno-missing-prototypes -Wno-return-type -Wno-implicit-atomic-properties -Wno-objc-interface-ivars -Wno-arc-repeated-use-of-weak -Wno-missing-braces -Wparentheses -Wswitch -Wno-unused-function -Wno-unused-label -Wno-unused-parameter -Wno-unused-variable -Wunused-value -Wno-empty-body -Wno-uninitialized -Wno-unknown-pragmas -w -Wno-shadow -Wno-four-char-constants -Wno-conversion -Wno-constant-conversion -Wno-int-conversion -Wno-bool-conversion -Wno-enum-conversion -Wno-float-conversion -Wno-non-literal-null-conversion -Wno-objc-literal-conversion -Wshorten-64-to-32 -Wpointer-sign -Wno-newline-eof -Wno-selector -Wno-strict-selector-match -Wno-undeclared-selector -Wno-deprecated-implementations -Wno-implicit-fallthrough -fstrict-aliasing -Wprotocol -Wdeprecated-declarations -Wno-sign-conversion -Wno-infinite-recursion -Wno-comma -Wno-block-capture-autoreleasing -Wno-strict-prototypes -Wno-semicolon-before-method-body -index-store-path /Users/fukushimatakumi/Library/Developer/Xcode/DerivedData/SugarBeat-hgoxfxbbugxkfsbmqcjlbmjeaqyg/Index.noindex/DataStore @/Users/fukushimatakumi/Library/Developer/Xcode/DerivedData/SugarBeat-hgoxfxbbugxkfsbmqcjlbmjeaqyg/Build/Intermediates.noindex/AppAuth.build/Debug-iphonesimulator/AppAuthCore.build/Objects-normal/arm64/e6072d4f65d7061329687fe24e3d63a7-common-args.resp -include /Users/fukushimatakumi/Library/Developer/Xcode/DerivedData/SugarBeat-hgoxfxbbugxkfsbmqcjlbmjeaqyg/Build/Intermediates.noindex/AppAuth.build/Debug-iphonesimulator/AppAuthCore.build/DerivedSources/resource_bundle_accessor.h -MMD -MT dependencies -MF /Users/fukushimatakumi/Library/Developer/Xcode/DerivedData/SugarBeat-hgoxfxbbugxkfsbmqcjlbmjeaqyg/Build/Intermediates.noindex/AppAuth.build/Debug-iphonesimulator/AppAuthCore.build/Objects-normal/arm64/OIDTokenRequest.d --serialize-diagnostics /Users/fukushimatakumi/Library/Developer/Xcode/DerivedData/SugarBeat-hgoxfxbbugxkfsbmqcjlbmjeaqyg/Build/Intermediates.noindex/AppAuth.build/Debug-iphonesimulator/AppAuthCore.build/Objects-normal/arm64/OIDTokenRequest.dia -c /Users/fukushimatakumi/Library/Developer/Xcode/DerivedData/SugarBeat-hgoxfxbbugxkfsbmqcjlbmjeaqyg/SourcePackages/checkouts/AppAuth-iOS/Sources/AppAuthCore/OIDTokenRequest.m -o /Users/fukushimatakumi/Library/Developer/Xcode/DerivedData/SugarBeat-hgoxfxbbugxkfsbmqcjlbmjeaqyg/Build/Intermediates.noindex/AppAuth.build/Debug-iphonesimulator/AppAuthCore.build/Objects-normal/arm64/OIDTokenRequest.o -index-unit-output-path /AppAuth.build/Debug-iphonesimulator/AppAuthCore.build/Objects-normal/arm64/OIDTokenRequest.o

CompileC /Users/fukushimatakumi/Library/Developer/Xcode/DerivedData/SugarBeat-hgoxfxbbugxkfsbmqcjlbmjeaqyg/Build/Intermediates.noindex/AppAuth.build/Debug-iphonesimulator/AppAuthCore.build/Objects-normal/arm64/OIDServiceDiscovery.o /Users/fukushimatakumi/Library/Developer/Xcode/DerivedData/SugarBeat-hgoxfxbbugxkfsbmqcjlbmjeaqyg/SourcePackages/checkouts/AppAuth-iOS/Sources/AppAuthCore/OIDServiceDiscovery.m normal arm64 objective-c com.apple.compilers.llvm.clang.1_0.compiler (in target 'AppAuthCore' from project 'AppAuth')
    cd /Users/fukushimatakumi/develop/sugarbeat/sugarbeat-front
    
    Using response file: /Users/fukushimatakumi/Library/Developer/Xcode/DerivedData/SugarBeat-hgoxfxbbugxkfsbmqcjlbmjeaqyg/Build/Intermediates.noindex/AppAuth.build/Debug-iphonesimulator/AppAuthCore.build/Objects-normal/arm64/e6072d4f65d7061329687fe24e3d63a7-common-args.resp
    
    /Applications/Xcode.app/Contents/Developer/Toolchains/XcodeDefault.xctoolchain/usr/bin/clang -x objective-c -ivfsstatcache /Users/fukushimatakumi/Library/Developer/Xcode/DerivedData/SDKStatCaches.noindex/iphonesimulator18.4-22E235-71825a6d136aa4733edcbe86ece5525b.sdkstatcache -fmessage-length\=0 -fdiagnostics-show-note-include-stack -fmacro-backtrace-limit\=0 -fno-color-diagnostics -fmodules-prune-interval\=86400 -fmodules-prune-after\=345600 -fbuild-session-file\=/Users/fukushimatakumi/Library/Developer/Xcode/DerivedData/ModuleCache.noindex/Session.modulevalidation -fmodules-validate-once-per-build-session -Wnon-modular-include-in-framework-module -Werror\=non-modular-include-in-framework-module -Wno-trigraphs -Wno-missing-field-initializers -Wno-missing-prototypes -Wno-return-type -Wno-implicit-atomic-properties -Wno-objc-interface-ivars -Wno-arc-repeated-use-of-weak -Wno-missing-braces -Wparentheses -Wswitch -Wno-unused-function -Wno-unused-label -Wno-unused-parameter -Wno-unused-variable -Wunused-value -Wno-empty-body -Wno-uninitialized -Wno-unknown-pragmas -w -Wno-shadow -Wno-four-char-constants -Wno-conversion -Wno-constant-conversion -Wno-int-conversion -Wno-bool-conversion -Wno-enum-conversion -Wno-float-conversion -Wno-non-literal-null-conversion -Wno-objc-literal-conversion -Wshorten-64-to-32 -Wpointer-sign -Wno-newline-eof -Wno-selector -Wno-strict-selector-match -Wno-undeclared-selector -Wno-deprecated-implementations -Wno-implicit-fallthrough -fstrict-aliasing -Wprotocol -Wdeprecated-declarations -Wno-sign-conversion -Wno-infinite-recursion -Wno-comma -Wno-block-capture-autoreleasing -Wno-strict-prototypes -Wno-semicolon-before-method-body -index-store-path /Users/fukushimatakumi/Library/Developer/Xcode/DerivedData/SugarBeat-hgoxfxbbugxkfsbmqcjlbmjeaqyg/Index.noindex/DataStore @/Users/fukushimatakumi/Library/Developer/Xcode/DerivedData/SugarBeat-hgoxfxbbugxkfsbmqcjlbmjeaqyg/Build/Intermediates.noindex/AppAuth.build/Debug-iphonesimulator/AppAuthCore.build/Objects-normal/arm64/e6072d4f65d7061329687fe24e3d63a7-common-args.resp -include /Users/fukushimatakumi/Library/Developer/Xcode/DerivedData/SugarBeat-hgoxfxbbugxkfsbmqcjlbmjeaqyg/Build/Intermediates.noindex/AppAuth.build/Debug-iphonesimulator/AppAuthCore.build/DerivedSources/resource_bundle_accessor.h -MMD -MT dependencies -MF /Users/fukushimatakumi/Library/Developer/Xcode/DerivedData/SugarBeat-hgoxfxbbugxkfsbmqcjlbmjeaqyg/Build/Intermediates.noindex/AppAuth.build/Debug-iphonesimulator/AppAuthCore.build/Objects-normal/arm64/OIDServiceDiscovery.d --serialize-diagnostics /Users/fukushimatakumi/Library/Developer/Xcode/DerivedData/SugarBeat-hgoxfxbbugxkfsbmqcjlbmjeaqyg/Build/Intermediates.noindex/AppAuth.build/Debug-iphonesimulator/AppAuthCore.build/Objects-normal/arm64/OIDServiceDiscovery.dia -c /Users/fukushimatakumi/Library/Developer/Xcode/DerivedData/SugarBeat-hgoxfxbbugxkfsbmqcjlbmjeaqyg/SourcePackages/checkouts/AppAuth-iOS/Sources/AppAuthCore/OIDServiceDiscovery.m -o /Users/fukushimatakumi/Library/Developer/Xcode/DerivedData/SugarBeat-hgoxfxbbugxkfsbmqcjlbmjeaqyg/Build/Intermediates.noindex/AppAuth.build/Debug-iphonesimulator/AppAuthCore.build/Objects-normal/arm64/OIDServiceDiscovery.o -index-unit-output-path /AppAuth.build/Debug-iphonesimulator/AppAuthCore.build/Objects-normal/arm64/OIDServiceDiscovery.o

CompileC /Users/fukushimatakumi/Library/Developer/Xcode/DerivedData/SugarBeat-hgoxfxbbugxkfsbmqcjlbmjeaqyg/Build/Intermediates.noindex/AppAuth.build/Debug-iphonesimulator/AppAuthCore.build/Objects-normal/arm64/OIDServiceConfiguration.o /Users/fukushimatakumi/Library/Developer/Xcode/DerivedData/SugarBeat-hgoxfxbbugxkfsbmqcjlbmjeaqyg/SourcePackages/checkouts/AppAuth-iOS/Sources/AppAuthCore/OIDServiceConfiguration.m normal arm64 objective-c com.apple.compilers.llvm.clang.1_0.compiler (in target 'AppAuthCore' from project 'AppAuth')
    cd /Users/fukushimatakumi/develop/sugarbeat/sugarbeat-front
    
    Using response file: /Users/fukushimatakumi/Library/Developer/Xcode/DerivedData/SugarBeat-hgoxfxbbugxkfsbmqcjlbmjeaqyg/Build/Intermediates.noindex/AppAuth.build/Debug-iphonesimulator/AppAuthCore.build/Objects-normal/arm64/e6072d4f65d7061329687fe24e3d63a7-common-args.resp
    
    /Applications/Xcode.app/Contents/Developer/Toolchains/XcodeDefault.xctoolchain/usr/bin/clang -x objective-c -ivfsstatcache /Users/fukushimatakumi/Library/Developer/Xcode/DerivedData/SDKStatCaches.noindex/iphonesimulator18.4-22E235-71825a6d136aa4733edcbe86ece5525b.sdkstatcache -fmessage-length\=0 -fdiagnostics-show-note-include-stack -fmacro-backtrace-limit\=0 -fno-color-diagnostics -fmodules-prune-interval\=86400 -fmodules-prune-after\=345600 -fbuild-session-file\=/Users/fukushimatakumi/Library/Developer/Xcode/DerivedData/ModuleCache.noindex/Session.modulevalidation -fmodules-validate-once-per-build-session -Wnon-modular-include-in-framework-module -Werror\=non-modular-include-in-framework-module -Wno-trigraphs -Wno-missing-field-initializers -Wno-missing-prototypes -Wno-return-type -Wno-implicit-atomic-properties -Wno-objc-interface-ivars -Wno-arc-repeated-use-of-weak -Wno-missing-braces -Wparentheses -Wswitch -Wno-unused-function -Wno-unused-label -Wno-unused-parameter -Wno-unused-variable -Wunused-value -Wno-empty-body -Wno-uninitialized -Wno-unknown-pragmas -w -Wno-shadow -Wno-four-char-constants -Wno-conversion -Wno-constant-conversion -Wno-int-conversion -Wno-bool-conversion -Wno-enum-conversion -Wno-float-conversion -Wno-non-literal-null-conversion -Wno-objc-literal-conversion -Wshorten-64-to-32 -Wpointer-sign -Wno-newline-eof -Wno-selector -Wno-strict-selector-match -Wno-undeclared-selector -Wno-deprecated-implementations -Wno-implicit-fallthrough -fstrict-aliasing -Wprotocol -Wdeprecated-declarations -Wno-sign-conversion -Wno-infinite-recursion -Wno-comma -Wno-block-capture-autoreleasing -Wno-strict-prototypes -Wno-semicolon-before-method-body -index-store-path /Users/fukushimatakumi/Library/Developer/Xcode/DerivedData/SugarBeat-hgoxfxbbugxkfsbmqcjlbmjeaqyg/Index.noindex/DataStore @/Users/fukushimatakumi/Library/Developer/Xcode/DerivedData/SugarBeat-hgoxfxbbugxkfsbmqcjlbmjeaqyg/Build/Intermediates.noindex/AppAuth.build/Debug-iphonesimulator/AppAuthCore.build/Objects-normal/arm64/e6072d4f65d7061329687fe24e3d63a7-common-args.resp -include /Users/fukushimatakumi/Library/Developer/Xcode/DerivedData/SugarBeat-hgoxfxbbugxkfsbmqcjlbmjeaqyg/Build/Intermediates.noindex/AppAuth.build/Debug-iphonesimulator/AppAuthCore.build/DerivedSources/resource_bundle_accessor.h -MMD -MT dependencies -MF /Users/fukushimatakumi/Library/Developer/Xcode/DerivedData/SugarBeat-hgoxfxbbugxkfsbmqcjlbmjeaqyg/Build/Intermediates.noindex/AppAuth.build/Debug-iphonesimulator/AppAuthCore.build/Objects-normal/arm64/OIDServiceConfiguration.d --serialize-diagnostics /Users/fukushimatakumi/Library/Developer/Xcode/DerivedData/SugarBeat-hgoxfxbbugxkfsbmqcjlbmjeaqyg/Build/Intermediates.noindex/AppAuth.build/Debug-iphonesimulator/AppAuthCore.build/Objects-normal/arm64/OIDServiceConfiguration.dia -c /Users/fukushimatakumi/Library/Developer/Xcode/DerivedData/SugarBeat-hgoxfxbbugxkfsbmqcjlbmjeaqyg/SourcePackages/checkouts/AppAuth-iOS/Sources/AppAuthCore/OIDServiceConfiguration.m -o /Users/fukushimatakumi/Library/Developer/Xcode/DerivedData/SugarBeat-hgoxfxbbugxkfsbmqcjlbmjeaqyg/Build/Intermediates.noindex/AppAuth.build/Debug-iphonesimulator/AppAuthCore.build/Objects-normal/arm64/OIDServiceConfiguration.o -index-unit-output-path /AppAuth.build/Debug-iphonesimulator/AppAuthCore.build/Objects-normal/arm64/OIDServiceConfiguration.o

CompileC /Users/fukushimatakumi/Library/Developer/Xcode/DerivedData/SugarBeat-hgoxfxbbugxkfsbmqcjlbmjeaqyg/Build/Intermediates.noindex/AppAuth.build/Debug-iphonesimulator/AppAuthCore.build/Objects-normal/arm64/OIDScopes.o /Users/fukushimatakumi/Library/Developer/Xcode/DerivedData/SugarBeat-hgoxfxbbugxkfsbmqcjlbmjeaqyg/SourcePackages/checkouts/AppAuth-iOS/Sources/AppAuthCore/OIDScopes.m normal arm64 objective-c com.apple.compilers.llvm.clang.1_0.compiler (in target 'AppAuthCore' from project 'AppAuth')
    cd /Users/fukushimatakumi/develop/sugarbeat/sugarbeat-front
    
    Using response file: /Users/fukushimatakumi/Library/Developer/Xcode/DerivedData/SugarBeat-hgoxfxbbugxkfsbmqcjlbmjeaqyg/Build/Intermediates.noindex/AppAuth.build/Debug-iphonesimulator/AppAuthCore.build/Objects-normal/arm64/e6072d4f65d7061329687fe24e3d63a7-common-args.resp
    
    /Applications/Xcode.app/Contents/Developer/Toolchains/XcodeDefault.xctoolchain/usr/bin/clang -x objective-c -ivfsstatcache /Users/fukushimatakumi/Library/Developer/Xcode/DerivedData/SDKStatCaches.noindex/iphonesimulator18.4-22E235-71825a6d136aa4733edcbe86ece5525b.sdkstatcache -fmessage-length\=0 -fdiagnostics-show-note-include-stack -fmacro-backtrace-limit\=0 -fno-color-diagnostics -fmodules-prune-interval\=86400 -fmodules-prune-after\=345600 -fbuild-session-file\=/Users/fukushimatakumi/Library/Developer/Xcode/DerivedData/ModuleCache.noindex/Session.modulevalidation -fmodules-validate-once-per-build-session -Wnon-modular-include-in-framework-module -Werror\=non-modular-include-in-framework-module -Wno-trigraphs -Wno-missing-field-initializers -Wno-missing-prototypes -Wno-return-type -Wno-implicit-atomic-properties -Wno-objc-interface-ivars -Wno-arc-repeated-use-of-weak -Wno-missing-braces -Wparentheses -Wswitch -Wno-unused-function -Wno-unused-label -Wno-unused-parameter -Wno-unused-variable -Wunused-value -Wno-empty-body -Wno-uninitialized -Wno-unknown-pragmas -w -Wno-shadow -Wno-four-char-constants -Wno-conversion -Wno-constant-conversion -Wno-int-conversion -Wno-bool-conversion -Wno-enum-conversion -Wno-float-conversion -Wno-non-literal-null-conversion -Wno-objc-literal-conversion -Wshorten-64-to-32 -Wpointer-sign -Wno-newline-eof -Wno-selector -Wno-strict-selector-match -Wno-undeclared-selector -Wno-deprecated-implementations -Wno-implicit-fallthrough -fstrict-aliasing -Wprotocol -Wdeprecated-declarations -Wno-sign-conversion -Wno-infinite-recursion -Wno-comma -Wno-block-capture-autoreleasing -Wno-strict-prototypes -Wno-semicolon-before-method-body -index-store-path /Users/fukushimatakumi/Library/Developer/Xcode/DerivedData/SugarBeat-hgoxfxbbugxkfsbmqcjlbmjeaqyg/Index.noindex/DataStore @/Users/fukushimatakumi/Library/Developer/Xcode/DerivedData/SugarBeat-hgoxfxbbugxkfsbmqcjlbmjeaqyg/Build/Intermediates.noindex/AppAuth.build/Debug-iphonesimulator/AppAuthCore.build/Objects-normal/arm64/e6072d4f65d7061329687fe24e3d63a7-common-args.resp -include /Users/fukushimatakumi/Library/Developer/Xcode/DerivedData/SugarBeat-hgoxfxbbugxkfsbmqcjlbmjeaqyg/Build/Intermediates.noindex/AppAuth.build/Debug-iphonesimulator/AppAuthCore.build/DerivedSources/resource_bundle_accessor.h -MMD -MT dependencies -MF /Users/fukushimatakumi/Library/Developer/Xcode/DerivedData/SugarBeat-hgoxfxbbugxkfsbmqcjlbmjeaqyg/Build/Intermediates.noindex/AppAuth.build/Debug-iphonesimulator/AppAuthCore.build/Objects-normal/arm64/OIDScopes.d --serialize-diagnostics /Users/fukushimatakumi/Library/Developer/Xcode/DerivedData/SugarBeat-hgoxfxbbugxkfsbmqcjlbmjeaqyg/Build/Intermediates.noindex/AppAuth.build/Debug-iphonesimulator/AppAuthCore.build/Objects-normal/arm64/OIDScopes.dia -c /Users/fukushimatakumi/Library/Developer/Xcode/DerivedData/SugarBeat-hgoxfxbbugxkfsbmqcjlbmjeaqyg/SourcePackages/checkouts/AppAuth-iOS/Sources/AppAuthCore/OIDScopes.m -o /Users/fukushimatakumi/Library/Developer/Xcode/DerivedData/SugarBeat-hgoxfxbbugxkfsbmqcjlbmjeaqyg/Build/Intermediates.noindex/AppAuth.build/Debug-iphonesimulator/AppAuthCore.build/Objects-normal/arm64/OIDScopes.o -index-unit-output-path /AppAuth.build/Debug-iphonesimulator/AppAuthCore.build/Objects-normal/arm64/OIDScopes.o

CompileC /Users/fukushimatakumi/Library/Developer/Xcode/DerivedData/SugarBeat-hgoxfxbbugxkfsbmqcjlbmjeaqyg/Build/Intermediates.noindex/AppAuth.build/Debug-iphonesimulator/AppAuthCore.build/Objects-normal/arm64/OIDScopeUtilities.o /Users/fukushimatakumi/Library/Developer/Xcode/DerivedData/SugarBeat-hgoxfxbbugxkfsbmqcjlbmjeaqyg/SourcePackages/checkouts/AppAuth-iOS/Sources/AppAuthCore/OIDScopeUtilities.m normal arm64 objective-c com.apple.compilers.llvm.clang.1_0.compiler (in target 'AppAuthCore' from project 'AppAuth')
    cd /Users/fukushimatakumi/develop/sugarbeat/sugarbeat-front
    
    Using response file: /Users/fukushimatakumi/Library/Developer/Xcode/DerivedData/SugarBeat-hgoxfxbbugxkfsbmqcjlbmjeaqyg/Build/Intermediates.noindex/AppAuth.build/Debug-iphonesimulator/AppAuthCore.build/Objects-normal/arm64/e6072d4f65d7061329687fe24e3d63a7-common-args.resp
    
    /Applications/Xcode.app/Contents/Developer/Toolchains/XcodeDefault.xctoolchain/usr/bin/clang -x objective-c -ivfsstatcache /Users/fukushimatakumi/Library/Developer/Xcode/DerivedData/SDKStatCaches.noindex/iphonesimulator18.4-22E235-71825a6d136aa4733edcbe86ece5525b.sdkstatcache -fmessage-length\=0 -fdiagnostics-show-note-include-stack -fmacro-backtrace-limit\=0 -fno-color-diagnostics -fmodules-prune-interval\=86400 -fmodules-prune-after\=345600 -fbuild-session-file\=/Users/fukushimatakumi/Library/Developer/Xcode/DerivedData/ModuleCache.noindex/Session.modulevalidation -fmodules-validate-once-per-build-session -Wnon-modular-include-in-framework-module -Werror\=non-modular-include-in-framework-module -Wno-trigraphs -Wno-missing-field-initializers -Wno-missing-prototypes -Wno-return-type -Wno-implicit-atomic-properties -Wno-objc-interface-ivars -Wno-arc-repeated-use-of-weak -Wno-missing-braces -Wparentheses -Wswitch -Wno-unused-function -Wno-unused-label -Wno-unused-parameter -Wno-unused-variable -Wunused-value -Wno-empty-body -Wno-uninitialized -Wno-unknown-pragmas -w -Wno-shadow -Wno-four-char-constants -Wno-conversion -Wno-constant-conversion -Wno-int-conversion -Wno-bool-conversion -Wno-enum-conversion -Wno-float-conversion -Wno-non-literal-null-conversion -Wno-objc-literal-conversion -Wshorten-64-to-32 -Wpointer-sign -Wno-newline-eof -Wno-selector -Wno-strict-selector-match -Wno-undeclared-selector -Wno-deprecated-implementations -Wno-implicit-fallthrough -fstrict-aliasing -Wprotocol -Wdeprecated-declarations -Wno-sign-conversion -Wno-infinite-recursion -Wno-comma -Wno-block-capture-autoreleasing -Wno-strict-prototypes -Wno-semicolon-before-method-body -index-store-path /Users/fukushimatakumi/Library/Developer/Xcode/DerivedData/SugarBeat-hgoxfxbbugxkfsbmqcjlbmjeaqyg/Index.noindex/DataStore @/Users/fukushimatakumi/Library/Developer/Xcode/DerivedData/SugarBeat-hgoxfxbbugxkfsbmqcjlbmjeaqyg/Build/Intermediates.noindex/AppAuth.build/Debug-iphonesimulator/AppAuthCore.build/Objects-normal/arm64/e6072d4f65d7061329687fe24e3d63a7-common-args.resp -include /Users/fukushimatakumi/Library/Developer/Xcode/DerivedData/SugarBeat-hgoxfxbbugxkfsbmqcjlbmjeaqyg/Build/Intermediates.noindex/AppAuth.build/Debug-iphonesimulator/AppAuthCore.build/DerivedSources/resource_bundle_accessor.h -MMD -MT dependencies -MF /Users/fukushimatakumi/Library/Developer/Xcode/DerivedData/SugarBeat-hgoxfxbbugxkfsbmqcjlbmjeaqyg/Build/Intermediates.noindex/AppAuth.build/Debug-iphonesimulator/AppAuthCore.build/Objects-normal/arm64/OIDScopeUtilities.d --serialize-diagnostics /Users/fukushimatakumi/Library/Developer/Xcode/DerivedData/SugarBeat-hgoxfxbbugxkfsbmqcjlbmjeaqyg/Build/Intermediates.noindex/AppAuth.build/Debug-iphonesimulator/AppAuthCore.build/Objects-normal/arm64/OIDScopeUtilities.dia -c /Users/fukushimatakumi/Library/Developer/Xcode/DerivedData/SugarBeat-hgoxfxbbugxkfsbmqcjlbmjeaqyg/SourcePackages/checkouts/AppAuth-iOS/Sources/AppAuthCore/OIDScopeUtilities.m -o /Users/fukushimatakumi/Library/Developer/Xcode/DerivedData/SugarBeat-hgoxfxbbugxkfsbmqcjlbmjeaqyg/Build/Intermediates.noindex/AppAuth.build/Debug-iphonesimulator/AppAuthCore.build/Objects-normal/arm64/OIDScopeUtilities.o -index-unit-output-path /AppAuth.build/Debug-iphonesimulator/AppAuthCore.build/Objects-normal/arm64/OIDScopeUtilities.o

CompileC /Users/fukushimatakumi/Library/Developer/Xcode/DerivedData/SugarBeat-hgoxfxbbugxkfsbmqcjlbmjeaqyg/Build/Intermediates.noindex/AppAuth.build/Debug-iphonesimulator/AppAuthCore.build/Objects-normal/arm64/OIDResponseTypes.o /Users/fukushimatakumi/Library/Developer/Xcode/DerivedData/SugarBeat-hgoxfxbbugxkfsbmqcjlbmjeaqyg/SourcePackages/checkouts/AppAuth-iOS/Sources/AppAuthCore/OIDResponseTypes.m normal arm64 objective-c com.apple.compilers.llvm.clang.1_0.compiler (in target 'AppAuthCore' from project 'AppAuth')
    cd /Users/fukushimatakumi/develop/sugarbeat/sugarbeat-front
    
    Using response file: /Users/fukushimatakumi/Library/Developer/Xcode/DerivedData/SugarBeat-hgoxfxbbugxkfsbmqcjlbmjeaqyg/Build/Intermediates.noindex/AppAuth.build/Debug-iphonesimulator/AppAuthCore.build/Objects-normal/arm64/e6072d4f65d7061329687fe24e3d63a7-common-args.resp
    
    /Applications/Xcode.app/Contents/Developer/Toolchains/XcodeDefault.xctoolchain/usr/bin/clang -x objective-c -ivfsstatcache /Users/fukushimatakumi/Library/Developer/Xcode/DerivedData/SDKStatCaches.noindex/iphonesimulator18.4-22E235-71825a6d136aa4733edcbe86ece5525b.sdkstatcache -fmessage-length\=0 -fdiagnostics-show-note-include-stack -fmacro-backtrace-limit\=0 -fno-color-diagnostics -fmodules-prune-interval\=86400 -fmodules-prune-after\=345600 -fbuild-session-file\=/Users/fukushimatakumi/Library/Developer/Xcode/DerivedData/ModuleCache.noindex/Session.modulevalidation -fmodules-validate-once-per-build-session -Wnon-modular-include-in-framework-module -Werror\=non-modular-include-in-framework-module -Wno-trigraphs -Wno-missing-field-initializers -Wno-missing-prototypes -Wno-return-type -Wno-implicit-atomic-properties -Wno-objc-interface-ivars -Wno-arc-repeated-use-of-weak -Wno-missing-braces -Wparentheses -Wswitch -Wno-unused-function -Wno-unused-label -Wno-unused-parameter -Wno-unused-variable -Wunused-value -Wno-empty-body -Wno-uninitialized -Wno-unknown-pragmas -w -Wno-shadow -Wno-four-char-constants -Wno-conversion -Wno-constant-conversion -Wno-int-conversion -Wno-bool-conversion -Wno-enum-conversion -Wno-float-conversion -Wno-non-literal-null-conversion -Wno-objc-literal-conversion -Wshorten-64-to-32 -Wpointer-sign -Wno-newline-eof -Wno-selector -Wno-strict-selector-match -Wno-undeclared-selector -Wno-deprecated-implementations -Wno-implicit-fallthrough -fstrict-aliasing -Wprotocol -Wdeprecated-declarations -Wno-sign-conversion -Wno-infinite-recursion -Wno-comma -Wno-block-capture-autoreleasing -Wno-strict-prototypes -Wno-semicolon-before-method-body -index-store-path /Users/fukushimatakumi/Library/Developer/Xcode/DerivedData/SugarBeat-hgoxfxbbugxkfsbmqcjlbmjeaqyg/Index.noindex/DataStore @/Users/fukushimatakumi/Library/Developer/Xcode/DerivedData/SugarBeat-hgoxfxbbugxkfsbmqcjlbmjeaqyg/Build/Intermediates.noindex/AppAuth.build/Debug-iphonesimulator/AppAuthCore.build/Objects-normal/arm64/e6072d4f65d7061329687fe24e3d63a7-common-args.resp -include /Users/fukushimatakumi/Library/Developer/Xcode/DerivedData/SugarBeat-hgoxfxbbugxkfsbmqcjlbmjeaqyg/Build/Intermediates.noindex/AppAuth.build/Debug-iphonesimulator/AppAuthCore.build/DerivedSources/resource_bundle_accessor.h -MMD -MT dependencies -MF /Users/fukushimatakumi/Library/Developer/Xcode/DerivedData/SugarBeat-hgoxfxbbugxkfsbmqcjlbmjeaqyg/Build/Intermediates.noindex/AppAuth.build/Debug-iphonesimulator/AppAuthCore.build/Objects-normal/arm64/OIDResponseTypes.d --serialize-diagnostics /Users/fukushimatakumi/Library/Developer/Xcode/DerivedData/SugarBeat-hgoxfxbbugxkfsbmqcjlbmjeaqyg/Build/Intermediates.noindex/AppAuth.build/Debug-iphonesimulator/AppAuthCore.build/Objects-normal/arm64/OIDResponseTypes.dia -c /Users/fukushimatakumi/Library/Developer/Xcode/DerivedData/SugarBeat-hgoxfxbbugxkfsbmqcjlbmjeaqyg/SourcePackages/checkouts/AppAuth-iOS/Sources/AppAuthCore/OIDResponseTypes.m -o /Users/fukushimatakumi/Library/Developer/Xcode/DerivedData/SugarBeat-hgoxfxbbugxkfsbmqcjlbmjeaqyg/Build/Intermediates.noindex/AppAuth.build/Debug-iphonesimulator/AppAuthCore.build/Objects-normal/arm64/OIDResponseTypes.o -index-unit-output-path /AppAuth.build/Debug-iphonesimulator/AppAuthCore.build/Objects-normal/arm64/OIDResponseTypes.o

CompileC /Users/fukushimatakumi/Library/Developer/Xcode/DerivedData/SugarBeat-hgoxfxbbugxkfsbmqcjlbmjeaqyg/Build/Intermediates.noindex/Firebase.build/Debug-iphonesimulator/FirebaseCoreExtension.build/Objects-normal/arm64/resource_bundle_accessor.o /Users/fukushimatakumi/Library/Developer/Xcode/DerivedData/SugarBeat-hgoxfxbbugxkfsbmqcjlbmjeaqyg/Build/Intermediates.noindex/Firebase.build/Debug-iphonesimulator/FirebaseCoreExtension.build/DerivedSources/resource_bundle_accessor.m normal arm64 objective-c com.apple.compilers.llvm.clang.1_0.compiler (in target 'FirebaseCoreExtension' from project 'Firebase')
    cd /Users/fukushimatakumi/develop/sugarbeat/sugarbeat-front
    
    Using response file: /Users/fukushimatakumi/Library/Developer/Xcode/DerivedData/SugarBeat-hgoxfxbbugxkfsbmqcjlbmjeaqyg/Build/Intermediates.noindex/Firebase.build/Debug-iphonesimulator/FirebaseCoreExtension.build/Objects-normal/arm64/e6072d4f65d7061329687fe24e3d63a7-common-args.resp
    
    /Applications/Xcode.app/Contents/Developer/Toolchains/XcodeDefault.xctoolchain/usr/bin/clang -x objective-c -ivfsstatcache /Users/fukushimatakumi/Library/Developer/Xcode/DerivedData/SDKStatCaches.noindex/iphonesimulator18.4-22E235-71825a6d136aa4733edcbe86ece5525b.sdkstatcache -fmessage-length\=0 -fdiagnostics-show-note-include-stack -fmacro-backtrace-limit\=0 -fno-color-diagnostics -fmodules-prune-interval\=86400 -fmodules-prune-after\=345600 -fbuild-session-file\=/Users/fukushimatakumi/Library/Developer/Xcode/DerivedData/ModuleCache.noindex/Session.modulevalidation -fmodules-validate-once-per-build-session -Wnon-modular-include-in-framework-module -Werror\=non-modular-include-in-framework-module -Wno-trigraphs -Wno-missing-field-initializers -Wno-missing-prototypes -Wno-return-type -Wno-implicit-atomic-properties -Wno-objc-interface-ivars -Wno-arc-repeated-use-of-weak -Wno-missing-braces -Wparentheses -Wswitch -Wno-unused-function -Wno-unused-label -Wno-unused-parameter -Wno-unused-variable -Wunused-value -Wno-empty-body -Wno-uninitialized -Wno-unknown-pragmas -w -Wno-shadow -Wno-four-char-constants -Wno-conversion -Wno-constant-conversion -Wno-int-conversion -Wno-bool-conversion -Wno-enum-conversion -Wno-float-conversion -Wno-non-literal-null-conversion -Wno-objc-literal-conversion -Wshorten-64-to-32 -Wpointer-sign -Wno-newline-eof -Wno-selector -Wno-strict-selector-match -Wno-undeclared-selector -Wno-deprecated-implementations -Wno-implicit-fallthrough -fstrict-aliasing -Wprotocol -Wdeprecated-declarations -Wno-sign-conversion -Wno-infinite-recursion -Wno-comma -Wno-block-capture-autoreleasing -Wno-strict-prototypes -Wno-semicolon-before-method-body -index-store-path /Users/fukushimatakumi/Library/Developer/Xcode/DerivedData/SugarBeat-hgoxfxbbugxkfsbmqcjlbmjeaqyg/Index.noindex/DataStore @/Users/fukushimatakumi/Library/Developer/Xcode/DerivedData/SugarBeat-hgoxfxbbugxkfsbmqcjlbmjeaqyg/Build/Intermediates.noindex/Firebase.build/Debug-iphonesimulator/FirebaseCoreExtension.build/Objects-normal/arm64/e6072d4f65d7061329687fe24e3d63a7-common-args.resp -include /Users/fukushimatakumi/Library/Developer/Xcode/DerivedData/SugarBeat-hgoxfxbbugxkfsbmqcjlbmjeaqyg/Build/Intermediates.noindex/Firebase.build/Debug-iphonesimulator/FirebaseCoreExtension.build/DerivedSources/resource_bundle_accessor.h -MMD -MT dependencies -MF /Users/fukushimatakumi/Library/Developer/Xcode/DerivedData/SugarBeat-hgoxfxbbugxkfsbmqcjlbmjeaqyg/Build/Intermediates.noindex/Firebase.build/Debug-iphonesimulator/FirebaseCoreExtension.build/Objects-normal/arm64/resource_bundle_accessor.d --serialize-diagnostics /Users/fukushimatakumi/Library/Developer/Xcode/DerivedData/SugarBeat-hgoxfxbbugxkfsbmqcjlbmjeaqyg/Build/Intermediates.noindex/Firebase.build/Debug-iphonesimulator/FirebaseCoreExtension.build/Objects-normal/arm64/resource_bundle_accessor.dia -c /Users/fukushimatakumi/Library/Developer/Xcode/DerivedData/SugarBeat-hgoxfxbbugxkfsbmqcjlbmjeaqyg/Build/Intermediates.noindex/Firebase.build/Debug-iphonesimulator/FirebaseCoreExtension.build/DerivedSources/resource_bundle_accessor.m -o /Users/fukushimatakumi/Library/Developer/Xcode/DerivedData/SugarBeat-hgoxfxbbugxkfsbmqcjlbmjeaqyg/Build/Intermediates.noindex/Firebase.build/Debug-iphonesimulator/FirebaseCoreExtension.build/Objects-normal/arm64/resource_bundle_accessor.o -index-unit-output-path /Firebase.build/Debug-iphonesimulator/FirebaseCoreExtension.build/Objects-normal/arm64/resource_bundle_accessor.o

CompileC /Users/fukushimatakumi/Library/Developer/Xcode/DerivedData/SugarBeat-hgoxfxbbugxkfsbmqcjlbmjeaqyg/Build/Intermediates.noindex/Firebase.build/Debug-iphonesimulator/FirebaseCoreExtension.build/Objects-normal/arm64/dummy.o /Users/fukushimatakumi/Library/Developer/Xcode/DerivedData/SugarBeat-hgoxfxbbugxkfsbmqcjlbmjeaqyg/SourcePackages/checkouts/firebase-ios-sdk/FirebaseCore/Extension/dummy.m normal arm64 objective-c com.apple.compilers.llvm.clang.1_0.compiler (in target 'FirebaseCoreExtension' from project 'Firebase')
    cd /Users/fukushimatakumi/develop/sugarbeat/sugarbeat-front
    
    Using response file: /Users/fukushimatakumi/Library/Developer/Xcode/DerivedData/SugarBeat-hgoxfxbbugxkfsbmqcjlbmjeaqyg/Build/Intermediates.noindex/Firebase.build/Debug-iphonesimulator/FirebaseCoreExtension.build/Objects-normal/arm64/e6072d4f65d7061329687fe24e3d63a7-common-args.resp
    
    /Applications/Xcode.app/Contents/Developer/Toolchains/XcodeDefault.xctoolchain/usr/bin/clang -x objective-c -ivfsstatcache /Users/fukushimatakumi/Library/Developer/Xcode/DerivedData/SDKStatCaches.noindex/iphonesimulator18.4-22E235-71825a6d136aa4733edcbe86ece5525b.sdkstatcache -fmessage-length\=0 -fdiagnostics-show-note-include-stack -fmacro-backtrace-limit\=0 -fno-color-diagnostics -fmodules-prune-interval\=86400 -fmodules-prune-after\=345600 -fbuild-session-file\=/Users/fukushimatakumi/Library/Developer/Xcode/DerivedData/ModuleCache.noindex/Session.modulevalidation -fmodules-validate-once-per-build-session -Wnon-modular-include-in-framework-module -Werror\=non-modular-include-in-framework-module -Wno-trigraphs -Wno-missing-field-initializers -Wno-missing-prototypes -Wno-return-type -Wno-implicit-atomic-properties -Wno-objc-interface-ivars -Wno-arc-repeated-use-of-weak -Wno-missing-braces -Wparentheses -Wswitch -Wno-unused-function -Wno-unused-label -Wno-unused-parameter -Wno-unused-variable -Wunused-value -Wno-empty-body -Wno-uninitialized -Wno-unknown-pragmas -w -Wno-shadow -Wno-four-char-constants -Wno-conversion -Wno-constant-conversion -Wno-int-conversion -Wno-bool-conversion -Wno-enum-conversion -Wno-float-conversion -Wno-non-literal-null-conversion -Wno-objc-literal-conversion -Wshorten-64-to-32 -Wpointer-sign -Wno-newline-eof -Wno-selector -Wno-strict-selector-match -Wno-undeclared-selector -Wno-deprecated-implementations -Wno-implicit-fallthrough -fstrict-aliasing -Wprotocol -Wdeprecated-declarations -Wno-sign-conversion -Wno-infinite-recursion -Wno-comma -Wno-block-capture-autoreleasing -Wno-strict-prototypes -Wno-semicolon-before-method-body -index-store-path /Users/fukushimatakumi/Library/Developer/Xcode/DerivedData/SugarBeat-hgoxfxbbugxkfsbmqcjlbmjeaqyg/Index.noindex/DataStore @/Users/fukushimatakumi/Library/Developer/Xcode/DerivedData/SugarBeat-hgoxfxbbugxkfsbmqcjlbmjeaqyg/Build/Intermediates.noindex/Firebase.build/Debug-iphonesimulator/FirebaseCoreExtension.build/Objects-normal/arm64/e6072d4f65d7061329687fe24e3d63a7-common-args.resp -include /Users/fukushimatakumi/Library/Developer/Xcode/DerivedData/SugarBeat-hgoxfxbbugxkfsbmqcjlbmjeaqyg/Build/Intermediates.noindex/Firebase.build/Debug-iphonesimulator/FirebaseCoreExtension.build/DerivedSources/resource_bundle_accessor.h -MMD -MT dependencies -MF /Users/fukushimatakumi/Library/Developer/Xcode/DerivedData/SugarBeat-hgoxfxbbugxkfsbmqcjlbmjeaqyg/Build/Intermediates.noindex/Firebase.build/Debug-iphonesimulator/FirebaseCoreExtension.build/Objects-normal/arm64/dummy.d --serialize-diagnostics /Users/fukushimatakumi/Library/Developer/Xcode/DerivedData/SugarBeat-hgoxfxbbugxkfsbmqcjlbmjeaqyg/Build/Intermediates.noindex/Firebase.build/Debug-iphonesimulator/FirebaseCoreExtension.build/Objects-normal/arm64/dummy.dia -c /Users/fukushimatakumi/Library/Developer/Xcode/DerivedData/SugarBeat-hgoxfxbbugxkfsbmqcjlbmjeaqyg/SourcePackages/checkouts/firebase-ios-sdk/FirebaseCore/Extension/dummy.m -o /Users/fukushimatakumi/Library/Developer/Xcode/DerivedData/SugarBeat-hgoxfxbbugxkfsbmqcjlbmjeaqyg/Build/Intermediates.noindex/Firebase.build/Debug-iphonesimulator/FirebaseCoreExtension.build/Objects-normal/arm64/dummy.o -index-unit-output-path /Firebase.build/Debug-iphonesimulator/FirebaseCoreExtension.build/Objects-normal/arm64/dummy.o

CompileC /Users/fukushimatakumi/Library/Developer/Xcode/DerivedData/SugarBeat-hgoxfxbbugxkfsbmqcjlbmjeaqyg/Build/Intermediates.noindex/AppAuth.build/Debug-iphonesimulator/AppAuthCore.build/Objects-normal/arm64/OIDRegistrationResponse.o /Users/fukushimatakumi/Library/Developer/Xcode/DerivedData/SugarBeat-hgoxfxbbugxkfsbmqcjlbmjeaqyg/SourcePackages/checkouts/AppAuth-iOS/Sources/AppAuthCore/OIDRegistrationResponse.m normal arm64 objective-c com.apple.compilers.llvm.clang.1_0.compiler (in target 'AppAuthCore' from project 'AppAuth')
    cd /Users/fukushimatakumi/develop/sugarbeat/sugarbeat-front
    
    Using response file: /Users/fukushimatakumi/Library/Developer/Xcode/DerivedData/SugarBeat-hgoxfxbbugxkfsbmqcjlbmjeaqyg/Build/Intermediates.noindex/AppAuth.build/Debug-iphonesimulator/AppAuthCore.build/Objects-normal/arm64/e6072d4f65d7061329687fe24e3d63a7-common-args.resp
    
    /Applications/Xcode.app/Contents/Developer/Toolchains/XcodeDefault.xctoolchain/usr/bin/clang -x objective-c -ivfsstatcache /Users/fukushimatakumi/Library/Developer/Xcode/DerivedData/SDKStatCaches.noindex/iphonesimulator18.4-22E235-71825a6d136aa4733edcbe86ece5525b.sdkstatcache -fmessage-length\=0 -fdiagnostics-show-note-include-stack -fmacro-backtrace-limit\=0 -fno-color-diagnostics -fmodules-prune-interval\=86400 -fmodules-prune-after\=345600 -fbuild-session-file\=/Users/fukushimatakumi/Library/Developer/Xcode/DerivedData/ModuleCache.noindex/Session.modulevalidation -fmodules-validate-once-per-build-session -Wnon-modular-include-in-framework-module -Werror\=non-modular-include-in-framework-module -Wno-trigraphs -Wno-missing-field-initializers -Wno-missing-prototypes -Wno-return-type -Wno-implicit-atomic-properties -Wno-objc-interface-ivars -Wno-arc-repeated-use-of-weak -Wno-missing-braces -Wparentheses -Wswitch -Wno-unused-function -Wno-unused-label -Wno-unused-parameter -Wno-unused-variable -Wunused-value -Wno-empty-body -Wno-uninitialized -Wno-unknown-pragmas -w -Wno-shadow -Wno-four-char-constants -Wno-conversion -Wno-constant-conversion -Wno-int-conversion -Wno-bool-conversion -Wno-enum-conversion -Wno-float-conversion -Wno-non-literal-null-conversion -Wno-objc-literal-conversion -Wshorten-64-to-32 -Wpointer-sign -Wno-newline-eof -Wno-selector -Wno-strict-selector-match -Wno-undeclared-selector -Wno-deprecated-implementations -Wno-implicit-fallthrough -fstrict-aliasing -Wprotocol -Wdeprecated-declarations -Wno-sign-conversion -Wno-infinite-recursion -Wno-comma -Wno-block-capture-autoreleasing -Wno-strict-prototypes -Wno-semicolon-before-method-body -index-store-path /Users/fukushimatakumi/Library/Developer/Xcode/DerivedData/SugarBeat-hgoxfxbbugxkfsbmqcjlbmjeaqyg/Index.noindex/DataStore @/Users/fukushimatakumi/Library/Developer/Xcode/DerivedData/SugarBeat-hgoxfxbbugxkfsbmqcjlbmjeaqyg/Build/Intermediates.noindex/AppAuth.build/Debug-iphonesimulator/AppAuthCore.build/Objects-normal/arm64/e6072d4f65d7061329687fe24e3d63a7-common-args.resp -include /Users/fukushimatakumi/Library/Developer/Xcode/DerivedData/SugarBeat-hgoxfxbbugxkfsbmqcjlbmjeaqyg/Build/Intermediates.noindex/AppAuth.build/Debug-iphonesimulator/AppAuthCore.build/DerivedSources/resource_bundle_accessor.h -MMD -MT dependencies -MF /Users/fukushimatakumi/Library/Developer/Xcode/DerivedData/SugarBeat-hgoxfxbbugxkfsbmqcjlbmjeaqyg/Build/Intermediates.noindex/AppAuth.build/Debug-iphonesimulator/AppAuthCore.build/Objects-normal/arm64/OIDRegistrationResponse.d --serialize-diagnostics /Users/fukushimatakumi/Library/Developer/Xcode/DerivedData/SugarBeat-hgoxfxbbugxkfsbmqcjlbmjeaqyg/Build/Intermediates.noindex/AppAuth.build/Debug-iphonesimulator/AppAuthCore.build/Objects-normal/arm64/OIDRegistrationResponse.dia -c /Users/fukushimatakumi/Library/Developer/Xcode/DerivedData/SugarBeat-hgoxfxbbugxkfsbmqcjlbmjeaqyg/SourcePackages/checkouts/AppAuth-iOS/Sources/AppAuthCore/OIDRegistrationResponse.m -o /Users/fukushimatakumi/Library/Developer/Xcode/DerivedData/SugarBeat-hgoxfxbbugxkfsbmqcjlbmjeaqyg/Build/Intermediates.noindex/AppAuth.build/Debug-iphonesimulator/AppAuthCore.build/Objects-normal/arm64/OIDRegistrationResponse.o -index-unit-output-path /AppAuth.build/Debug-iphonesimulator/AppAuthCore.build/Objects-normal/arm64/OIDRegistrationResponse.o

CompileC /Users/fukushimatakumi/Library/Developer/Xcode/DerivedData/SugarBeat-hgoxfxbbugxkfsbmqcjlbmjeaqyg/Build/Intermediates.noindex/AppAuth.build/Debug-iphonesimulator/AppAuthCore.build/Objects-normal/arm64/OIDRegistrationRequest.o /Users/fukushimatakumi/Library/Developer/Xcode/DerivedData/SugarBeat-hgoxfxbbugxkfsbmqcjlbmjeaqyg/SourcePackages/checkouts/AppAuth-iOS/Sources/AppAuthCore/OIDRegistrationRequest.m normal arm64 objective-c com.apple.compilers.llvm.clang.1_0.compiler (in target 'AppAuthCore' from project 'AppAuth')
    cd /Users/fukushimatakumi/develop/sugarbeat/sugarbeat-front
    
    Using response file: /Users/fukushimatakumi/Library/Developer/Xcode/DerivedData/SugarBeat-hgoxfxbbugxkfsbmqcjlbmjeaqyg/Build/Intermediates.noindex/AppAuth.build/Debug-iphonesimulator/AppAuthCore.build/Objects-normal/arm64/e6072d4f65d7061329687fe24e3d63a7-common-args.resp
    
    /Applications/Xcode.app/Contents/Developer/Toolchains/XcodeDefault.xctoolchain/usr/bin/clang -x objective-c -ivfsstatcache /Users/fukushimatakumi/Library/Developer/Xcode/DerivedData/SDKStatCaches.noindex/iphonesimulator18.4-22E235-71825a6d136aa4733edcbe86ece5525b.sdkstatcache -fmessage-length\=0 -fdiagnostics-show-note-include-stack -fmacro-backtrace-limit\=0 -fno-color-diagnostics -fmodules-prune-interval\=86400 -fmodules-prune-after\=345600 -fbuild-session-file\=/Users/fukushimatakumi/Library/Developer/Xcode/DerivedData/ModuleCache.noindex/Session.modulevalidation -fmodules-validate-once-per-build-session -Wnon-modular-include-in-framework-module -Werror\=non-modular-include-in-framework-module -Wno-trigraphs -Wno-missing-field-initializers -Wno-missing-prototypes -Wno-return-type -Wno-implicit-atomic-properties -Wno-objc-interface-ivars -Wno-arc-repeated-use-of-weak -Wno-missing-braces -Wparentheses -Wswitch -Wno-unused-function -Wno-unused-label -Wno-unused-parameter -Wno-unused-variable -Wunused-value -Wno-empty-body -Wno-uninitialized -Wno-unknown-pragmas -w -Wno-shadow -Wno-four-char-constants -Wno-conversion -Wno-constant-conversion -Wno-int-conversion -Wno-bool-conversion -Wno-enum-conversion -Wno-float-conversion -Wno-non-literal-null-conversion -Wno-objc-literal-conversion -Wshorten-64-to-32 -Wpointer-sign -Wno-newline-eof -Wno-selector -Wno-strict-selector-match -Wno-undeclared-selector -Wno-deprecated-implementations -Wno-implicit-fallthrough -fstrict-aliasing -Wprotocol -Wdeprecated-declarations -Wno-sign-conversion -Wno-infinite-recursion -Wno-comma -Wno-block-capture-autoreleasing -Wno-strict-prototypes -Wno-semicolon-before-method-body -index-store-path /Users/fukushimatakumi/Library/Developer/Xcode/DerivedData/SugarBeat-hgoxfxbbugxkfsbmqcjlbmjeaqyg/Index.noindex/DataStore @/Users/fukushimatakumi/Library/Developer/Xcode/DerivedData/SugarBeat-hgoxfxbbugxkfsbmqcjlbmjeaqyg/Build/Intermediates.noindex/AppAuth.build/Debug-iphonesimulator/AppAuthCore.build/Objects-normal/arm64/e6072d4f65d7061329687fe24e3d63a7-common-args.resp -include /Users/fukushimatakumi/Library/Developer/Xcode/DerivedData/SugarBeat-hgoxfxbbugxkfsbmqcjlbmjeaqyg/Build/Intermediates.noindex/AppAuth.build/Debug-iphonesimulator/AppAuthCore.build/DerivedSources/resource_bundle_accessor.h -MMD -MT dependencies -MF /Users/fukushimatakumi/Library/Developer/Xcode/DerivedData/SugarBeat-hgoxfxbbugxkfsbmqcjlbmjeaqyg/Build/Intermediates.noindex/AppAuth.build/Debug-iphonesimulator/AppAuthCore.build/Objects-normal/arm64/OIDRegistrationRequest.d --serialize-diagnostics /Users/fukushimatakumi/Library/Developer/Xcode/DerivedData/SugarBeat-hgoxfxbbugxkfsbmqcjlbmjeaqyg/Build/Intermediates.noindex/AppAuth.build/Debug-iphonesimulator/AppAuthCore.build/Objects-normal/arm64/OIDRegistrationRequest.dia -c /Users/fukushimatakumi/Library/Developer/Xcode/DerivedData/SugarBeat-hgoxfxbbugxkfsbmqcjlbmjeaqyg/SourcePackages/checkouts/AppAuth-iOS/Sources/AppAuthCore/OIDRegistrationRequest.m -o /Users/fukushimatakumi/Library/Developer/Xcode/DerivedData/SugarBeat-hgoxfxbbugxkfsbmqcjlbmjeaqyg/Build/Intermediates.noindex/AppAuth.build/Debug-iphonesimulator/AppAuthCore.build/Objects-normal/arm64/OIDRegistrationRequest.o -index-unit-output-path /AppAuth.build/Debug-iphonesimulator/AppAuthCore.build/Objects-normal/arm64/OIDRegistrationRequest.o

CompileC /Users/fukushimatakumi/Library/Developer/Xcode/DerivedData/SugarBeat-hgoxfxbbugxkfsbmqcjlbmjeaqyg/Build/Intermediates.noindex/AppAuth.build/Debug-iphonesimulator/AppAuthCore.build/Objects-normal/arm64/OIDIDToken.o /Users/fukushimatakumi/Library/Developer/Xcode/DerivedData/SugarBeat-hgoxfxbbugxkfsbmqcjlbmjeaqyg/SourcePackages/checkouts/AppAuth-iOS/Sources/AppAuthCore/OIDIDToken.m normal arm64 objective-c com.apple.compilers.llvm.clang.1_0.compiler (in target 'AppAuthCore' from project 'AppAuth')
    cd /Users/fukushimatakumi/develop/sugarbeat/sugarbeat-front
    
    Using response file: /Users/fukushimatakumi/Library/Developer/Xcode/DerivedData/SugarBeat-hgoxfxbbugxkfsbmqcjlbmjeaqyg/Build/Intermediates.noindex/AppAuth.build/Debug-iphonesimulator/AppAuthCore.build/Objects-normal/arm64/e6072d4f65d7061329687fe24e3d63a7-common-args.resp
    
    /Applications/Xcode.app/Contents/Developer/Toolchains/XcodeDefault.xctoolchain/usr/bin/clang -x objective-c -ivfsstatcache /Users/fukushimatakumi/Library/Developer/Xcode/DerivedData/SDKStatCaches.noindex/iphonesimulator18.4-22E235-71825a6d136aa4733edcbe86ece5525b.sdkstatcache -fmessage-length\=0 -fdiagnostics-show-note-include-stack -fmacro-backtrace-limit\=0 -fno-color-diagnostics -fmodules-prune-interval\=86400 -fmodules-prune-after\=345600 -fbuild-session-file\=/Users/fukushimatakumi/Library/Developer/Xcode/DerivedData/ModuleCache.noindex/Session.modulevalidation -fmodules-validate-once-per-build-session -Wnon-modular-include-in-framework-module -Werror\=non-modular-include-in-framework-module -Wno-trigraphs -Wno-missing-field-initializers -Wno-missing-prototypes -Wno-return-type -Wno-implicit-atomic-properties -Wno-objc-interface-ivars -Wno-arc-repeated-use-of-weak -Wno-missing-braces -Wparentheses -Wswitch -Wno-unused-function -Wno-unused-label -Wno-unused-parameter -Wno-unused-variable -Wunused-value -Wno-empty-body -Wno-uninitialized -Wno-unknown-pragmas -w -Wno-shadow -Wno-four-char-constants -Wno-conversion -Wno-constant-conversion -Wno-int-conversion -Wno-bool-conversion -Wno-enum-conversion -Wno-float-conversion -Wno-non-literal-null-conversion -Wno-objc-literal-conversion -Wshorten-64-to-32 -Wpointer-sign -Wno-newline-eof -Wno-selector -Wno-strict-selector-match -Wno-undeclared-selector -Wno-deprecated-implementations -Wno-implicit-fallthrough -fstrict-aliasing -Wprotocol -Wdeprecated-declarations -Wno-sign-conversion -Wno-infinite-recursion -Wno-comma -Wno-block-capture-autoreleasing -Wno-strict-prototypes -Wno-semicolon-before-method-body -index-store-path /Users/fukushimatakumi/Library/Developer/Xcode/DerivedData/SugarBeat-hgoxfxbbugxkfsbmqcjlbmjeaqyg/Index.noindex/DataStore @/Users/fukushimatakumi/Library/Developer/Xcode/DerivedData/SugarBeat-hgoxfxbbugxkfsbmqcjlbmjeaqyg/Build/Intermediates.noindex/AppAuth.build/Debug-iphonesimulator/AppAuthCore.build/Objects-normal/arm64/e6072d4f65d7061329687fe24e3d63a7-common-args.resp -include /Users/fukushimatakumi/Library/Developer/Xcode/DerivedData/SugarBeat-hgoxfxbbugxkfsbmqcjlbmjeaqyg/Build/Intermediates.noindex/AppAuth.build/Debug-iphonesimulator/AppAuthCore.build/DerivedSources/resource_bundle_accessor.h -MMD -MT dependencies -MF /Users/fukushimatakumi/Library/Developer/Xcode/DerivedData/SugarBeat-hgoxfxbbugxkfsbmqcjlbmjeaqyg/Build/Intermediates.noindex/AppAuth.build/Debug-iphonesimulator/AppAuthCore.build/Objects-normal/arm64/OIDIDToken.d --serialize-diagnostics /Users/fukushimatakumi/Library/Developer/Xcode/DerivedData/SugarBeat-hgoxfxbbugxkfsbmqcjlbmjeaqyg/Build/Intermediates.noindex/AppAuth.build/Debug-iphonesimulator/AppAuthCore.build/Objects-normal/arm64/OIDIDToken.dia -c /Users/fukushimatakumi/Library/Developer/Xcode/DerivedData/SugarBeat-hgoxfxbbugxkfsbmqcjlbmjeaqyg/SourcePackages/checkouts/AppAuth-iOS/Sources/AppAuthCore/OIDIDToken.m -o /Users/fukushimatakumi/Library/Developer/Xcode/DerivedData/SugarBeat-hgoxfxbbugxkfsbmqcjlbmjeaqyg/Build/Intermediates.noindex/AppAuth.build/Debug-iphonesimulator/AppAuthCore.build/Objects-normal/arm64/OIDIDToken.o -index-unit-output-path /AppAuth.build/Debug-iphonesimulator/AppAuthCore.build/Objects-normal/arm64/OIDIDToken.o

CompileC /Users/fukushimatakumi/Library/Developer/Xcode/DerivedData/SugarBeat-hgoxfxbbugxkfsbmqcjlbmjeaqyg/Build/Intermediates.noindex/AppAuth.build/Debug-iphonesimulator/AppAuthCore.build/Objects-normal/arm64/OIDGrantTypes.o /Users/fukushimatakumi/Library/Developer/Xcode/DerivedData/SugarBeat-hgoxfxbbugxkfsbmqcjlbmjeaqyg/SourcePackages/checkouts/AppAuth-iOS/Sources/AppAuthCore/OIDGrantTypes.m normal arm64 objective-c com.apple.compilers.llvm.clang.1_0.compiler (in target 'AppAuthCore' from project 'AppAuth')
    cd /Users/fukushimatakumi/develop/sugarbeat/sugarbeat-front
    
    Using response file: /Users/fukushimatakumi/Library/Developer/Xcode/DerivedData/SugarBeat-hgoxfxbbugxkfsbmqcjlbmjeaqyg/Build/Intermediates.noindex/AppAuth.build/Debug-iphonesimulator/AppAuthCore.build/Objects-normal/arm64/e6072d4f65d7061329687fe24e3d63a7-common-args.resp
    
    /Applications/Xcode.app/Contents/Developer/Toolchains/XcodeDefault.xctoolchain/usr/bin/clang -x objective-c -ivfsstatcache /Users/fukushimatakumi/Library/Developer/Xcode/DerivedData/SDKStatCaches.noindex/iphonesimulator18.4-22E235-71825a6d136aa4733edcbe86ece5525b.sdkstatcache -fmessage-length\=0 -fdiagnostics-show-note-include-stack -fmacro-backtrace-limit\=0 -fno-color-diagnostics -fmodules-prune-interval\=86400 -fmodules-prune-after\=345600 -fbuild-session-file\=/Users/fukushimatakumi/Library/Developer/Xcode/DerivedData/ModuleCache.noindex/Session.modulevalidation -fmodules-validate-once-per-build-session -Wnon-modular-include-in-framework-module -Werror\=non-modular-include-in-framework-module -Wno-trigraphs -Wno-missing-field-initializers -Wno-missing-prototypes -Wno-return-type -Wno-implicit-atomic-properties -Wno-objc-interface-ivars -Wno-arc-repeated-use-of-weak -Wno-missing-braces -Wparentheses -Wswitch -Wno-unused-function -Wno-unused-label -Wno-unused-parameter -Wno-unused-variable -Wunused-value -Wno-empty-body -Wno-uninitialized -Wno-unknown-pragmas -w -Wno-shadow -Wno-four-char-constants -Wno-conversion -Wno-constant-conversion -Wno-int-conversion -Wno-bool-conversion -Wno-enum-conversion -Wno-float-conversion -Wno-non-literal-null-conversion -Wno-objc-literal-conversion -Wshorten-64-to-32 -Wpointer-sign -Wno-newline-eof -Wno-selector -Wno-strict-selector-match -Wno-undeclared-selector -Wno-deprecated-implementations -Wno-implicit-fallthrough -fstrict-aliasing -Wprotocol -Wdeprecated-declarations -Wno-sign-conversion -Wno-infinite-recursion -Wno-comma -Wno-block-capture-autoreleasing -Wno-strict-prototypes -Wno-semicolon-before-method-body -index-store-path /Users/fukushimatakumi/Library/Developer/Xcode/DerivedData/SugarBeat-hgoxfxbbugxkfsbmqcjlbmjeaqyg/Index.noindex/DataStore @/Users/fukushimatakumi/Library/Developer/Xcode/DerivedData/SugarBeat-hgoxfxbbugxkfsbmqcjlbmjeaqyg/Build/Intermediates.noindex/AppAuth.build/Debug-iphonesimulator/AppAuthCore.build/Objects-normal/arm64/e6072d4f65d7061329687fe24e3d63a7-common-args.resp -include /Users/fukushimatakumi/Library/Developer/Xcode/DerivedData/SugarBeat-hgoxfxbbugxkfsbmqcjlbmjeaqyg/Build/Intermediates.noindex/AppAuth.build/Debug-iphonesimulator/AppAuthCore.build/DerivedSources/resource_bundle_accessor.h -MMD -MT dependencies -MF /Users/fukushimatakumi/Library/Developer/Xcode/DerivedData/SugarBeat-hgoxfxbbugxkfsbmqcjlbmjeaqyg/Build/Intermediates.noindex/AppAuth.build/Debug-iphonesimulator/AppAuthCore.build/Objects-normal/arm64/OIDGrantTypes.d --serialize-diagnostics /Users/fukushimatakumi/Library/Developer/Xcode/DerivedData/SugarBeat-hgoxfxbbugxkfsbmqcjlbmjeaqyg/Build/Intermediates.noindex/AppAuth.build/Debug-iphonesimulator/AppAuthCore.build/Objects-normal/arm64/OIDGrantTypes.dia -c /Users/fukushimatakumi/Library/Developer/Xcode/DerivedData/SugarBeat-hgoxfxbbugxkfsbmqcjlbmjeaqyg/SourcePackages/checkouts/AppAuth-iOS/Sources/AppAuthCore/OIDGrantTypes.m -o /Users/fukushimatakumi/Library/Developer/Xcode/DerivedData/SugarBeat-hgoxfxbbugxkfsbmqcjlbmjeaqyg/Build/Intermediates.noindex/AppAuth.build/Debug-iphonesimulator/AppAuthCore.build/Objects-normal/arm64/OIDGrantTypes.o -index-unit-output-path /AppAuth.build/Debug-iphonesimulator/AppAuthCore.build/Objects-normal/arm64/OIDGrantTypes.o

CompileC /Users/fukushimatakumi/Library/Developer/Xcode/DerivedData/SugarBeat-hgoxfxbbugxkfsbmqcjlbmjeaqyg/Build/Intermediates.noindex/AppAuth.build/Debug-iphonesimulator/AppAuthCore.build/Objects-normal/arm64/OIDFieldMapping.o /Users/fukushimatakumi/Library/Developer/Xcode/DerivedData/SugarBeat-hgoxfxbbugxkfsbmqcjlbmjeaqyg/SourcePackages/checkouts/AppAuth-iOS/Sources/AppAuthCore/OIDFieldMapping.m normal arm64 objective-c com.apple.compilers.llvm.clang.1_0.compiler (in target 'AppAuthCore' from project 'AppAuth')
    cd /Users/fukushimatakumi/develop/sugarbeat/sugarbeat-front
    
    Using response file: /Users/fukushimatakumi/Library/Developer/Xcode/DerivedData/SugarBeat-hgoxfxbbugxkfsbmqcjlbmjeaqyg/Build/Intermediates.noindex/AppAuth.build/Debug-iphonesimulator/AppAuthCore.build/Objects-normal/arm64/e6072d4f65d7061329687fe24e3d63a7-common-args.resp
    
    /Applications/Xcode.app/Contents/Developer/Toolchains/XcodeDefault.xctoolchain/usr/bin/clang -x objective-c -ivfsstatcache /Users/fukushimatakumi/Library/Developer/Xcode/DerivedData/SDKStatCaches.noindex/iphonesimulator18.4-22E235-71825a6d136aa4733edcbe86ece5525b.sdkstatcache -fmessage-length\=0 -fdiagnostics-show-note-include-stack -fmacro-backtrace-limit\=0 -fno-color-diagnostics -fmodules-prune-interval\=86400 -fmodules-prune-after\=345600 -fbuild-session-file\=/Users/fukushimatakumi/Library/Developer/Xcode/DerivedData/ModuleCache.noindex/Session.modulevalidation -fmodules-validate-once-per-build-session -Wnon-modular-include-in-framework-module -Werror\=non-modular-include-in-framework-module -Wno-trigraphs -Wno-missing-field-initializers -Wno-missing-prototypes -Wno-return-type -Wno-implicit-atomic-properties -Wno-objc-interface-ivars -Wno-arc-repeated-use-of-weak -Wno-missing-braces -Wparentheses -Wswitch -Wno-unused-function -Wno-unused-label -Wno-unused-parameter -Wno-unused-variable -Wunused-value -Wno-empty-body -Wno-uninitialized -Wno-unknown-pragmas -w -Wno-shadow -Wno-four-char-constants -Wno-conversion -Wno-constant-conversion -Wno-int-conversion -Wno-bool-conversion -Wno-enum-conversion -Wno-float-conversion -Wno-non-literal-null-conversion -Wno-objc-literal-conversion -Wshorten-64-to-32 -Wpointer-sign -Wno-newline-eof -Wno-selector -Wno-strict-selector-match -Wno-undeclared-selector -Wno-deprecated-implementations -Wno-implicit-fallthrough -fstrict-aliasing -Wprotocol -Wdeprecated-declarations -Wno-sign-conversion -Wno-infinite-recursion -Wno-comma -Wno-block-capture-autoreleasing -Wno-strict-prototypes -Wno-semicolon-before-method-body -index-store-path /Users/fukushimatakumi/Library/Developer/Xcode/DerivedData/SugarBeat-hgoxfxbbugxkfsbmqcjlbmjeaqyg/Index.noindex/DataStore @/Users/fukushimatakumi/Library/Developer/Xcode/DerivedData/SugarBeat-hgoxfxbbugxkfsbmqcjlbmjeaqyg/Build/Intermediates.noindex/AppAuth.build/Debug-iphonesimulator/AppAuthCore.build/Objects-normal/arm64/e6072d4f65d7061329687fe24e3d63a7-common-args.resp -include /Users/fukushimatakumi/Library/Developer/Xcode/DerivedData/SugarBeat-hgoxfxbbugxkfsbmqcjlbmjeaqyg/Build/Intermediates.noindex/AppAuth.build/Debug-iphonesimulator/AppAuthCore.build/DerivedSources/resource_bundle_accessor.h -MMD -MT dependencies -MF /Users/fukushimatakumi/Library/Developer/Xcode/DerivedData/SugarBeat-hgoxfxbbugxkfsbmqcjlbmjeaqyg/Build/Intermediates.noindex/AppAuth.build/Debug-iphonesimulator/AppAuthCore.build/Objects-normal/arm64/OIDFieldMapping.d --serialize-diagnostics /Users/fukushimatakumi/Library/Developer/Xcode/DerivedData/SugarBeat-hgoxfxbbugxkfsbmqcjlbmjeaqyg/Build/Intermediates.noindex/AppAuth.build/Debug-iphonesimulator/AppAuthCore.build/Objects-normal/arm64/OIDFieldMapping.dia -c /Users/fukushimatakumi/Library/Developer/Xcode/DerivedData/SugarBeat-hgoxfxbbugxkfsbmqcjlbmjeaqyg/SourcePackages/checkouts/AppAuth-iOS/Sources/AppAuthCore/OIDFieldMapping.m -o /Users/fukushimatakumi/Library/Developer/Xcode/DerivedData/SugarBeat-hgoxfxbbugxkfsbmqcjlbmjeaqyg/Build/Intermediates.noindex/AppAuth.build/Debug-iphonesimulator/AppAuthCore.build/Objects-normal/arm64/OIDFieldMapping.o -index-unit-output-path /AppAuth.build/Debug-iphonesimulator/AppAuthCore.build/Objects-normal/arm64/OIDFieldMapping.o

CompileC /Users/fukushimatakumi/Library/Developer/Xcode/DerivedData/SugarBeat-hgoxfxbbugxkfsbmqcjlbmjeaqyg/Build/Intermediates.noindex/AppAuth.build/Debug-iphonesimulator/AppAuthCore.build/Objects-normal/arm64/OIDErrorUtilities.o /Users/fukushimatakumi/Library/Developer/Xcode/DerivedData/SugarBeat-hgoxfxbbugxkfsbmqcjlbmjeaqyg/SourcePackages/checkouts/AppAuth-iOS/Sources/AppAuthCore/OIDErrorUtilities.m normal arm64 objective-c com.apple.compilers.llvm.clang.1_0.compiler (in target 'AppAuthCore' from project 'AppAuth')
    cd /Users/fukushimatakumi/develop/sugarbeat/sugarbeat-front
    
    Using response file: /Users/fukushimatakumi/Library/Developer/Xcode/DerivedData/SugarBeat-hgoxfxbbugxkfsbmqcjlbmjeaqyg/Build/Intermediates.noindex/AppAuth.build/Debug-iphonesimulator/AppAuthCore.build/Objects-normal/arm64/e6072d4f65d7061329687fe24e3d63a7-common-args.resp
    
    /Applications/Xcode.app/Contents/Developer/Toolchains/XcodeDefault.xctoolchain/usr/bin/clang -x objective-c -ivfsstatcache /Users/fukushimatakumi/Library/Developer/Xcode/DerivedData/SDKStatCaches.noindex/iphonesimulator18.4-22E235-71825a6d136aa4733edcbe86ece5525b.sdkstatcache -fmessage-length\=0 -fdiagnostics-show-note-include-stack -fmacro-backtrace-limit\=0 -fno-color-diagnostics -fmodules-prune-interval\=86400 -fmodules-prune-after\=345600 -fbuild-session-file\=/Users/fukushimatakumi/Library/Developer/Xcode/DerivedData/ModuleCache.noindex/Session.modulevalidation -fmodules-validate-once-per-build-session -Wnon-modular-include-in-framework-module -Werror\=non-modular-include-in-framework-module -Wno-trigraphs -Wno-missing-field-initializers -Wno-missing-prototypes -Wno-return-type -Wno-implicit-atomic-properties -Wno-objc-interface-ivars -Wno-arc-repeated-use-of-weak -Wno-missing-braces -Wparentheses -Wswitch -Wno-unused-function -Wno-unused-label -Wno-unused-parameter -Wno-unused-variable -Wunused-value -Wno-empty-body -Wno-uninitialized -Wno-unknown-pragmas -w -Wno-shadow -Wno-four-char-constants -Wno-conversion -Wno-constant-conversion -Wno-int-conversion -Wno-bool-conversion -Wno-enum-conversion -Wno-float-conversion -Wno-non-literal-null-conversion -Wno-objc-literal-conversion -Wshorten-64-to-32 -Wpointer-sign -Wno-newline-eof -Wno-selector -Wno-strict-selector-match -Wno-undeclared-selector -Wno-deprecated-implementations -Wno-implicit-fallthrough -fstrict-aliasing -Wprotocol -Wdeprecated-declarations -Wno-sign-conversion -Wno-infinite-recursion -Wno-comma -Wno-block-capture-autoreleasing -Wno-strict-prototypes -Wno-semicolon-before-method-body -index-store-path /Users/fukushimatakumi/Library/Developer/Xcode/DerivedData/SugarBeat-hgoxfxbbugxkfsbmqcjlbmjeaqyg/Index.noindex/DataStore @/Users/fukushimatakumi/Library/Developer/Xcode/DerivedData/SugarBeat-hgoxfxbbugxkfsbmqcjlbmjeaqyg/Build/Intermediates.noindex/AppAuth.build/Debug-iphonesimulator/AppAuthCore.build/Objects-normal/arm64/e6072d4f65d7061329687fe24e3d63a7-common-args.resp -include /Users/fukushimatakumi/Library/Developer/Xcode/DerivedData/SugarBeat-hgoxfxbbugxkfsbmqcjlbmjeaqyg/Build/Intermediates.noindex/AppAuth.build/Debug-iphonesimulator/AppAuthCore.build/DerivedSources/resource_bundle_accessor.h -MMD -MT dependencies -MF /Users/fukushimatakumi/Library/Developer/Xcode/DerivedData/SugarBeat-hgoxfxbbugxkfsbmqcjlbmjeaqyg/Build/Intermediates.noindex/AppAuth.build/Debug-iphonesimulator/AppAuthCore.build/Objects-normal/arm64/OIDErrorUtilities.d --serialize-diagnostics /Users/fukushimatakumi/Library/Developer/Xcode/DerivedData/SugarBeat-hgoxfxbbugxkfsbmqcjlbmjeaqyg/Build/Intermediates.noindex/AppAuth.build/Debug-iphonesimulator/AppAuthCore.build/Objects-normal/arm64/OIDErrorUtilities.dia -c /Users/fukushimatakumi/Library/Developer/Xcode/DerivedData/SugarBeat-hgoxfxbbugxkfsbmqcjlbmjeaqyg/SourcePackages/checkouts/AppAuth-iOS/Sources/AppAuthCore/OIDErrorUtilities.m -o /Users/fukushimatakumi/Library/Developer/Xcode/DerivedData/SugarBeat-hgoxfxbbugxkfsbmqcjlbmjeaqyg/Build/Intermediates.noindex/AppAuth.build/Debug-iphonesimulator/AppAuthCore.build/Objects-normal/arm64/OIDErrorUtilities.o -index-unit-output-path /AppAuth.build/Debug-iphonesimulator/AppAuthCore.build/Objects-normal/arm64/OIDErrorUtilities.o

CompileC /Users/fukushimatakumi/Library/Developer/Xcode/DerivedData/SugarBeat-hgoxfxbbugxkfsbmqcjlbmjeaqyg/Build/Intermediates.noindex/AppAuth.build/Debug-iphonesimulator/AppAuthCore.build/Objects-normal/arm64/OIDError.o /Users/fukushimatakumi/Library/Developer/Xcode/DerivedData/SugarBeat-hgoxfxbbugxkfsbmqcjlbmjeaqyg/SourcePackages/checkouts/AppAuth-iOS/Sources/AppAuthCore/OIDError.m normal arm64 objective-c com.apple.compilers.llvm.clang.1_0.compiler (in target 'AppAuthCore' from project 'AppAuth')
    cd /Users/fukushimatakumi/develop/sugarbeat/sugarbeat-front
    
    Using response file: /Users/fukushimatakumi/Library/Developer/Xcode/DerivedData/SugarBeat-hgoxfxbbugxkfsbmqcjlbmjeaqyg/Build/Intermediates.noindex/AppAuth.build/Debug-iphonesimulator/AppAuthCore.build/Objects-normal/arm64/e6072d4f65d7061329687fe24e3d63a7-common-args.resp
    
    /Applications/Xcode.app/Contents/Developer/Toolchains/XcodeDefault.xctoolchain/usr/bin/clang -x objective-c -ivfsstatcache /Users/fukushimatakumi/Library/Developer/Xcode/DerivedData/SDKStatCaches.noindex/iphonesimulator18.4-22E235-71825a6d136aa4733edcbe86ece5525b.sdkstatcache -fmessage-length\=0 -fdiagnostics-show-note-include-stack -fmacro-backtrace-limit\=0 -fno-color-diagnostics -fmodules-prune-interval\=86400 -fmodules-prune-after\=345600 -fbuild-session-file\=/Users/fukushimatakumi/Library/Developer/Xcode/DerivedData/ModuleCache.noindex/Session.modulevalidation -fmodules-validate-once-per-build-session -Wnon-modular-include-in-framework-module -Werror\=non-modular-include-in-framework-module -Wno-trigraphs -Wno-missing-field-initializers -Wno-missing-prototypes -Wno-return-type -Wno-implicit-atomic-properties -Wno-objc-interface-ivars -Wno-arc-repeated-use-of-weak -Wno-missing-braces -Wparentheses -Wswitch -Wno-unused-function -Wno-unused-label -Wno-unused-parameter -Wno-unused-variable -Wunused-value -Wno-empty-body -Wno-uninitialized -Wno-unknown-pragmas -w -Wno-shadow -Wno-four-char-constants -Wno-conversion -Wno-constant-conversion -Wno-int-conversion -Wno-bool-conversion -Wno-enum-conversion -Wno-float-conversion -Wno-non-literal-null-conversion -Wno-objc-literal-conversion -Wshorten-64-to-32 -Wpointer-sign -Wno-newline-eof -Wno-selector -Wno-strict-selector-match -Wno-undeclared-selector -Wno-deprecated-implementations -Wno-implicit-fallthrough -fstrict-aliasing -Wprotocol -Wdeprecated-declarations -Wno-sign-conversion -Wno-infinite-recursion -Wno-comma -Wno-block-capture-autoreleasing -Wno-strict-prototypes -Wno-semicolon-before-method-body -index-store-path /Users/fukushimatakumi/Library/Developer/Xcode/DerivedData/SugarBeat-hgoxfxbbugxkfsbmqcjlbmjeaqyg/Index.noindex/DataStore @/Users/fukushimatakumi/Library/Developer/Xcode/DerivedData/SugarBeat-hgoxfxbbugxkfsbmqcjlbmjeaqyg/Build/Intermediates.noindex/AppAuth.build/Debug-iphonesimulator/AppAuthCore.build/Objects-normal/arm64/e6072d4f65d7061329687fe24e3d63a7-common-args.resp -include /Users/fukushimatakumi/Library/Developer/Xcode/DerivedData/SugarBeat-hgoxfxbbugxkfsbmqcjlbmjeaqyg/Build/Intermediates.noindex/AppAuth.build/Debug-iphonesimulator/AppAuthCore.build/DerivedSources/resource_bundle_accessor.h -MMD -MT dependencies -MF /Users/fukushimatakumi/Library/Developer/Xcode/DerivedData/SugarBeat-hgoxfxbbugxkfsbmqcjlbmjeaqyg/Build/Intermediates.noindex/AppAuth.build/Debug-iphonesimulator/AppAuthCore.build/Objects-normal/arm64/OIDError.d --serialize-diagnostics /Users/fukushimatakumi/Library/Developer/Xcode/DerivedData/SugarBeat-hgoxfxbbugxkfsbmqcjlbmjeaqyg/Build/Intermediates.noindex/AppAuth.build/Debug-iphonesimulator/AppAuthCore.build/Objects-normal/arm64/OIDError.dia -c /Users/fukushimatakumi/Library/Developer/Xcode/DerivedData/SugarBeat-hgoxfxbbugxkfsbmqcjlbmjeaqyg/SourcePackages/checkouts/AppAuth-iOS/Sources/AppAuthCore/OIDError.m -o /Users/fukushimatakumi/Library/Developer/Xcode/DerivedData/SugarBeat-hgoxfxbbugxkfsbmqcjlbmjeaqyg/Build/Intermediates.noindex/AppAuth.build/Debug-iphonesimulator/AppAuthCore.build/Objects-normal/arm64/OIDError.o -index-unit-output-path /AppAuth.build/Debug-iphonesimulator/AppAuthCore.build/Objects-normal/arm64/OIDError.o

CompileC /Users/fukushimatakumi/Library/Developer/Xcode/DerivedData/SugarBeat-hgoxfxbbugxkfsbmqcjlbmjeaqyg/Build/Intermediates.noindex/AppAuth.build/Debug-iphonesimulator/AppAuthCore.build/Objects-normal/arm64/OIDEndSessionResponse.o /Users/fukushimatakumi/Library/Developer/Xcode/DerivedData/SugarBeat-hgoxfxbbugxkfsbmqcjlbmjeaqyg/SourcePackages/checkouts/AppAuth-iOS/Sources/AppAuthCore/OIDEndSessionResponse.m normal arm64 objective-c com.apple.compilers.llvm.clang.1_0.compiler (in target 'AppAuthCore' from project 'AppAuth')
    cd /Users/fukushimatakumi/develop/sugarbeat/sugarbeat-front
    
    Using response file: /Users/fukushimatakumi/Library/Developer/Xcode/DerivedData/SugarBeat-hgoxfxbbugxkfsbmqcjlbmjeaqyg/Build/Intermediates.noindex/AppAuth.build/Debug-iphonesimulator/AppAuthCore.build/Objects-normal/arm64/e6072d4f65d7061329687fe24e3d63a7-common-args.resp
    
    /Applications/Xcode.app/Contents/Developer/Toolchains/XcodeDefault.xctoolchain/usr/bin/clang -x objective-c -ivfsstatcache /Users/fukushimatakumi/Library/Developer/Xcode/DerivedData/SDKStatCaches.noindex/iphonesimulator18.4-22E235-71825a6d136aa4733edcbe86ece5525b.sdkstatcache -fmessage-length\=0 -fdiagnostics-show-note-include-stack -fmacro-backtrace-limit\=0 -fno-color-diagnostics -fmodules-prune-interval\=86400 -fmodules-prune-after\=345600 -fbuild-session-file\=/Users/fukushimatakumi/Library/Developer/Xcode/DerivedData/ModuleCache.noindex/Session.modulevalidation -fmodules-validate-once-per-build-session -Wnon-modular-include-in-framework-module -Werror\=non-modular-include-in-framework-module -Wno-trigraphs -Wno-missing-field-initializers -Wno-missing-prototypes -Wno-return-type -Wno-implicit-atomic-properties -Wno-objc-interface-ivars -Wno-arc-repeated-use-of-weak -Wno-missing-braces -Wparentheses -Wswitch -Wno-unused-function -Wno-unused-label -Wno-unused-parameter -Wno-unused-variable -Wunused-value -Wno-empty-body -Wno-uninitialized -Wno-unknown-pragmas -w -Wno-shadow -Wno-four-char-constants -Wno-conversion -Wno-constant-conversion -Wno-int-conversion -Wno-bool-conversion -Wno-enum-conversion -Wno-float-conversion -Wno-non-literal-null-conversion -Wno-objc-literal-conversion -Wshorten-64-to-32 -Wpointer-sign -Wno-newline-eof -Wno-selector -Wno-strict-selector-match -Wno-undeclared-selector -Wno-deprecated-implementations -Wno-implicit-fallthrough -fstrict-aliasing -Wprotocol -Wdeprecated-declarations -Wno-sign-conversion -Wno-infinite-recursion -Wno-comma -Wno-block-capture-autoreleasing -Wno-strict-prototypes -Wno-semicolon-before-method-body -index-store-path /Users/fukushimatakumi/Library/Developer/Xcode/DerivedData/SugarBeat-hgoxfxbbugxkfsbmqcjlbmjeaqyg/Index.noindex/DataStore @/Users/fukushimatakumi/Library/Developer/Xcode/DerivedData/SugarBeat-hgoxfxbbugxkfsbmqcjlbmjeaqyg/Build/Intermediates.noindex/AppAuth.build/Debug-iphonesimulator/AppAuthCore.build/Objects-normal/arm64/e6072d4f65d7061329687fe24e3d63a7-common-args.resp -include /Users/fukushimatakumi/Library/Developer/Xcode/DerivedData/SugarBeat-hgoxfxbbugxkfsbmqcjlbmjeaqyg/Build/Intermediates.noindex/AppAuth.build/Debug-iphonesimulator/AppAuthCore.build/DerivedSources/resource_bundle_accessor.h -MMD -MT dependencies -MF /Users/fukushimatakumi/Library/Developer/Xcode/DerivedData/SugarBeat-hgoxfxbbugxkfsbmqcjlbmjeaqyg/Build/Intermediates.noindex/AppAuth.build/Debug-iphonesimulator/AppAuthCore.build/Objects-normal/arm64/OIDEndSessionResponse.d --serialize-diagnostics /Users/fukushimatakumi/Library/Developer/Xcode/DerivedData/SugarBeat-hgoxfxbbugxkfsbmqcjlbmjeaqyg/Build/Intermediates.noindex/AppAuth.build/Debug-iphonesimulator/AppAuthCore.build/Objects-normal/arm64/OIDEndSessionResponse.dia -c /Users/fukushimatakumi/Library/Developer/Xcode/DerivedData/SugarBeat-hgoxfxbbugxkfsbmqcjlbmjeaqyg/SourcePackages/checkouts/AppAuth-iOS/Sources/AppAuthCore/OIDEndSessionResponse.m -o /Users/fukushimatakumi/Library/Developer/Xcode/DerivedData/SugarBeat-hgoxfxbbugxkfsbmqcjlbmjeaqyg/Build/Intermediates.noindex/AppAuth.build/Debug-iphonesimulator/AppAuthCore.build/Objects-normal/arm64/OIDEndSessionResponse.o -index-unit-output-path /AppAuth.build/Debug-iphonesimulator/AppAuthCore.build/Objects-normal/arm64/OIDEndSessionResponse.o

CompileC /Users/fukushimatakumi/Library/Developer/Xcode/DerivedData/SugarBeat-hgoxfxbbugxkfsbmqcjlbmjeaqyg/Build/Intermediates.noindex/AppAuth.build/Debug-iphonesimulator/AppAuthCore.build/Objects-normal/arm64/OIDEndSessionRequest.o /Users/fukushimatakumi/Library/Developer/Xcode/DerivedData/SugarBeat-hgoxfxbbugxkfsbmqcjlbmjeaqyg/SourcePackages/checkouts/AppAuth-iOS/Sources/AppAuthCore/OIDEndSessionRequest.m normal arm64 objective-c com.apple.compilers.llvm.clang.1_0.compiler (in target 'AppAuthCore' from project 'AppAuth')
    cd /Users/fukushimatakumi/develop/sugarbeat/sugarbeat-front
    
    Using response file: /Users/fukushimatakumi/Library/Developer/Xcode/DerivedData/SugarBeat-hgoxfxbbugxkfsbmqcjlbmjeaqyg/Build/Intermediates.noindex/AppAuth.build/Debug-iphonesimulator/AppAuthCore.build/Objects-normal/arm64/e6072d4f65d7061329687fe24e3d63a7-common-args.resp
    
    /Applications/Xcode.app/Contents/Developer/Toolchains/XcodeDefault.xctoolchain/usr/bin/clang -x objective-c -ivfsstatcache /Users/fukushimatakumi/Library/Developer/Xcode/DerivedData/SDKStatCaches.noindex/iphonesimulator18.4-22E235-71825a6d136aa4733edcbe86ece5525b.sdkstatcache -fmessage-length\=0 -fdiagnostics-show-note-include-stack -fmacro-backtrace-limit\=0 -fno-color-diagnostics -fmodules-prune-interval\=86400 -fmodules-prune-after\=345600 -fbuild-session-file\=/Users/fukushimatakumi/Library/Developer/Xcode/DerivedData/ModuleCache.noindex/Session.modulevalidation -fmodules-validate-once-per-build-session -Wnon-modular-include-in-framework-module -Werror\=non-modular-include-in-framework-module -Wno-trigraphs -Wno-missing-field-initializers -Wno-missing-prototypes -Wno-return-type -Wno-implicit-atomic-properties -Wno-objc-interface-ivars -Wno-arc-repeated-use-of-weak -Wno-missing-braces -Wparentheses -Wswitch -Wno-unused-function -Wno-unused-label -Wno-unused-parameter -Wno-unused-variable -Wunused-value -Wno-empty-body -Wno-uninitialized -Wno-unknown-pragmas -w -Wno-shadow -Wno-four-char-constants -Wno-conversion -Wno-constant-conversion -Wno-int-conversion -Wno-bool-conversion -Wno-enum-conversion -Wno-float-conversion -Wno-non-literal-null-conversion -Wno-objc-literal-conversion -Wshorten-64-to-32 -Wpointer-sign -Wno-newline-eof -Wno-selector -Wno-strict-selector-match -Wno-undeclared-selector -Wno-deprecated-implementations -Wno-implicit-fallthrough -fstrict-aliasing -Wprotocol -Wdeprecated-declarations -Wno-sign-conversion -Wno-infinite-recursion -Wno-comma -Wno-block-capture-autoreleasing -Wno-strict-prototypes -Wno-semicolon-before-method-body -index-store-path /Users/fukushimatakumi/Library/Developer/Xcode/DerivedData/SugarBeat-hgoxfxbbugxkfsbmqcjlbmjeaqyg/Index.noindex/DataStore @/Users/fukushimatakumi/Library/Developer/Xcode/DerivedData/SugarBeat-hgoxfxbbugxkfsbmqcjlbmjeaqyg/Build/Intermediates.noindex/AppAuth.build/Debug-iphonesimulator/AppAuthCore.build/Objects-normal/arm64/e6072d4f65d7061329687fe24e3d63a7-common-args.resp -include /Users/fukushimatakumi/Library/Developer/Xcode/DerivedData/SugarBeat-hgoxfxbbugxkfsbmqcjlbmjeaqyg/Build/Intermediates.noindex/AppAuth.build/Debug-iphonesimulator/AppAuthCore.build/DerivedSources/resource_bundle_accessor.h -MMD -MT dependencies -MF /Users/fukushimatakumi/Library/Developer/Xcode/DerivedData/SugarBeat-hgoxfxbbugxkfsbmqcjlbmjeaqyg/Build/Intermediates.noindex/AppAuth.build/Debug-iphonesimulator/AppAuthCore.build/Objects-normal/arm64/OIDEndSessionRequest.d --serialize-diagnostics /Users/fukushimatakumi/Library/Developer/Xcode/DerivedData/SugarBeat-hgoxfxbbugxkfsbmqcjlbmjeaqyg/Build/Intermediates.noindex/AppAuth.build/Debug-iphonesimulator/AppAuthCore.build/Objects-normal/arm64/OIDEndSessionRequest.dia -c /Users/fukushimatakumi/Library/Developer/Xcode/DerivedData/SugarBeat-hgoxfxbbugxkfsbmqcjlbmjeaqyg/SourcePackages/checkouts/AppAuth-iOS/Sources/AppAuthCore/OIDEndSessionRequest.m -o /Users/fukushimatakumi/Library/Developer/Xcode/DerivedData/SugarBeat-hgoxfxbbugxkfsbmqcjlbmjeaqyg/Build/Intermediates.noindex/AppAuth.build/Debug-iphonesimulator/AppAuthCore.build/Objects-normal/arm64/OIDEndSessionRequest.o -index-unit-output-path /AppAuth.build/Debug-iphonesimulator/AppAuthCore.build/Objects-normal/arm64/OIDEndSessionRequest.o

CompileC /Users/fukushimatakumi/Library/Developer/Xcode/DerivedData/SugarBeat-hgoxfxbbugxkfsbmqcjlbmjeaqyg/Build/Intermediates.noindex/AppAuth.build/Debug-iphonesimulator/AppAuthCore.build/Objects-normal/arm64/OIDClientMetadataParameters.o /Users/fukushimatakumi/Library/Developer/Xcode/DerivedData/SugarBeat-hgoxfxbbugxkfsbmqcjlbmjeaqyg/SourcePackages/checkouts/AppAuth-iOS/Sources/AppAuthCore/OIDClientMetadataParameters.m normal arm64 objective-c com.apple.compilers.llvm.clang.1_0.compiler (in target 'AppAuthCore' from project 'AppAuth')
    cd /Users/fukushimatakumi/develop/sugarbeat/sugarbeat-front
    
    Using response file: /Users/fukushimatakumi/Library/Developer/Xcode/DerivedData/SugarBeat-hgoxfxbbugxkfsbmqcjlbmjeaqyg/Build/Intermediates.noindex/AppAuth.build/Debug-iphonesimulator/AppAuthCore.build/Objects-normal/arm64/e6072d4f65d7061329687fe24e3d63a7-common-args.resp
    
    /Applications/Xcode.app/Contents/Developer/Toolchains/XcodeDefault.xctoolchain/usr/bin/clang -x objective-c -ivfsstatcache /Users/fukushimatakumi/Library/Developer/Xcode/DerivedData/SDKStatCaches.noindex/iphonesimulator18.4-22E235-71825a6d136aa4733edcbe86ece5525b.sdkstatcache -fmessage-length\=0 -fdiagnostics-show-note-include-stack -fmacro-backtrace-limit\=0 -fno-color-diagnostics -fmodules-prune-interval\=86400 -fmodules-prune-after\=345600 -fbuild-session-file\=/Users/fukushimatakumi/Library/Developer/Xcode/DerivedData/ModuleCache.noindex/Session.modulevalidation -fmodules-validate-once-per-build-session -Wnon-modular-include-in-framework-module -Werror\=non-modular-include-in-framework-module -Wno-trigraphs -Wno-missing-field-initializers -Wno-missing-prototypes -Wno-return-type -Wno-implicit-atomic-properties -Wno-objc-interface-ivars -Wno-arc-repeated-use-of-weak -Wno-missing-braces -Wparentheses -Wswitch -Wno-unused-function -Wno-unused-label -Wno-unused-parameter -Wno-unused-variable -Wunused-value -Wno-empty-body -Wno-uninitialized -Wno-unknown-pragmas -w -Wno-shadow -Wno-four-char-constants -Wno-conversion -Wno-constant-conversion -Wno-int-conversion -Wno-bool-conversion -Wno-enum-conversion -Wno-float-conversion -Wno-non-literal-null-conversion -Wno-objc-literal-conversion -Wshorten-64-to-32 -Wpointer-sign -Wno-newline-eof -Wno-selector -Wno-strict-selector-match -Wno-undeclared-selector -Wno-deprecated-implementations -Wno-implicit-fallthrough -fstrict-aliasing -Wprotocol -Wdeprecated-declarations -Wno-sign-conversion -Wno-infinite-recursion -Wno-comma -Wno-block-capture-autoreleasing -Wno-strict-prototypes -Wno-semicolon-before-method-body -index-store-path /Users/fukushimatakumi/Library/Developer/Xcode/DerivedData/SugarBeat-hgoxfxbbugxkfsbmqcjlbmjeaqyg/Index.noindex/DataStore @/Users/fukushimatakumi/Library/Developer/Xcode/DerivedData/SugarBeat-hgoxfxbbugxkfsbmqcjlbmjeaqyg/Build/Intermediates.noindex/AppAuth.build/Debug-iphonesimulator/AppAuthCore.build/Objects-normal/arm64/e6072d4f65d7061329687fe24e3d63a7-common-args.resp -include /Users/fukushimatakumi/Library/Developer/Xcode/DerivedData/SugarBeat-hgoxfxbbugxkfsbmqcjlbmjeaqyg/Build/Intermediates.noindex/AppAuth.build/Debug-iphonesimulator/AppAuthCore.build/DerivedSources/resource_bundle_accessor.h -MMD -MT dependencies -MF /Users/fukushimatakumi/Library/Developer/Xcode/DerivedData/SugarBeat-hgoxfxbbugxkfsbmqcjlbmjeaqyg/Build/Intermediates.noindex/AppAuth.build/Debug-iphonesimulator/AppAuthCore.build/Objects-normal/arm64/OIDClientMetadataParameters.d --serialize-diagnostics /Users/fukushimatakumi/Library/Developer/Xcode/DerivedData/SugarBeat-hgoxfxbbugxkfsbmqcjlbmjeaqyg/Build/Intermediates.noindex/AppAuth.build/Debug-iphonesimulator/AppAuthCore.build/Objects-normal/arm64/OIDClientMetadataParameters.dia -c /Users/fukushimatakumi/Library/Developer/Xcode/DerivedData/SugarBeat-hgoxfxbbugxkfsbmqcjlbmjeaqyg/SourcePackages/checkouts/AppAuth-iOS/Sources/AppAuthCore/OIDClientMetadataParameters.m -o /Users/fukushimatakumi/Library/Developer/Xcode/DerivedData/SugarBeat-hgoxfxbbugxkfsbmqcjlbmjeaqyg/Build/Intermediates.noindex/AppAuth.build/Debug-iphonesimulator/AppAuthCore.build/Objects-normal/arm64/OIDClientMetadataParameters.o -index-unit-output-path /AppAuth.build/Debug-iphonesimulator/AppAuthCore.build/Objects-normal/arm64/OIDClientMetadataParameters.o

CompileC /Users/fukushimatakumi/Library/Developer/Xcode/DerivedData/SugarBeat-hgoxfxbbugxkfsbmqcjlbmjeaqyg/Build/Intermediates.noindex/AppAuth.build/Debug-iphonesimulator/AppAuthCore.build/Objects-normal/arm64/OIDAuthorizationService.o /Users/fukushimatakumi/Library/Developer/Xcode/DerivedData/SugarBeat-hgoxfxbbugxkfsbmqcjlbmjeaqyg/SourcePackages/checkouts/AppAuth-iOS/Sources/AppAuthCore/OIDAuthorizationService.m normal arm64 objective-c com.apple.compilers.llvm.clang.1_0.compiler (in target 'AppAuthCore' from project 'AppAuth')
    cd /Users/fukushimatakumi/develop/sugarbeat/sugarbeat-front
    
    Using response file: /Users/fukushimatakumi/Library/Developer/Xcode/DerivedData/SugarBeat-hgoxfxbbugxkfsbmqcjlbmjeaqyg/Build/Intermediates.noindex/AppAuth.build/Debug-iphonesimulator/AppAuthCore.build/Objects-normal/arm64/e6072d4f65d7061329687fe24e3d63a7-common-args.resp
    
    /Applications/Xcode.app/Contents/Developer/Toolchains/XcodeDefault.xctoolchain/usr/bin/clang -x objective-c -ivfsstatcache /Users/fukushimatakumi/Library/Developer/Xcode/DerivedData/SDKStatCaches.noindex/iphonesimulator18.4-22E235-71825a6d136aa4733edcbe86ece5525b.sdkstatcache -fmessage-length\=0 -fdiagnostics-show-note-include-stack -fmacro-backtrace-limit\=0 -fno-color-diagnostics -fmodules-prune-interval\=86400 -fmodules-prune-after\=345600 -fbuild-session-file\=/Users/fukushimatakumi/Library/Developer/Xcode/DerivedData/ModuleCache.noindex/Session.modulevalidation -fmodules-validate-once-per-build-session -Wnon-modular-include-in-framework-module -Werror\=non-modular-include-in-framework-module -Wno-trigraphs -Wno-missing-field-initializers -Wno-missing-prototypes -Wno-return-type -Wno-implicit-atomic-properties -Wno-objc-interface-ivars -Wno-arc-repeated-use-of-weak -Wno-missing-braces -Wparentheses -Wswitch -Wno-unused-function -Wno-unused-label -Wno-unused-parameter -Wno-unused-variable -Wunused-value -Wno-empty-body -Wno-uninitialized -Wno-unknown-pragmas -w -Wno-shadow -Wno-four-char-constants -Wno-conversion -Wno-constant-conversion -Wno-int-conversion -Wno-bool-conversion -Wno-enum-conversion -Wno-float-conversion -Wno-non-literal-null-conversion -Wno-objc-literal-conversion -Wshorten-64-to-32 -Wpointer-sign -Wno-newline-eof -Wno-selector -Wno-strict-selector-match -Wno-undeclared-selector -Wno-deprecated-implementations -Wno-implicit-fallthrough -fstrict-aliasing -Wprotocol -Wdeprecated-declarations -Wno-sign-conversion -Wno-infinite-recursion -Wno-comma -Wno-block-capture-autoreleasing -Wno-strict-prototypes -Wno-semicolon-before-method-body -index-store-path /Users/fukushimatakumi/Library/Developer/Xcode/DerivedData/SugarBeat-hgoxfxbbugxkfsbmqcjlbmjeaqyg/Index.noindex/DataStore @/Users/fukushimatakumi/Library/Developer/Xcode/DerivedData/SugarBeat-hgoxfxbbugxkfsbmqcjlbmjeaqyg/Build/Intermediates.noindex/AppAuth.build/Debug-iphonesimulator/AppAuthCore.build/Objects-normal/arm64/e6072d4f65d7061329687fe24e3d63a7-common-args.resp -include /Users/fukushimatakumi/Library/Developer/Xcode/DerivedData/SugarBeat-hgoxfxbbugxkfsbmqcjlbmjeaqyg/Build/Intermediates.noindex/AppAuth.build/Debug-iphonesimulator/AppAuthCore.build/DerivedSources/resource_bundle_accessor.h -MMD -MT dependencies -MF /Users/fukushimatakumi/Library/Developer/Xcode/DerivedData/SugarBeat-hgoxfxbbugxkfsbmqcjlbmjeaqyg/Build/Intermediates.noindex/AppAuth.build/Debug-iphonesimulator/AppAuthCore.build/Objects-normal/arm64/OIDAuthorizationService.d --serialize-diagnostics /Users/fukushimatakumi/Library/Developer/Xcode/DerivedData/SugarBeat-hgoxfxbbugxkfsbmqcjlbmjeaqyg/Build/Intermediates.noindex/AppAuth.build/Debug-iphonesimulator/AppAuthCore.build/Objects-normal/arm64/OIDAuthorizationService.dia -c /Users/fukushimatakumi/Library/Developer/Xcode/DerivedData/SugarBeat-hgoxfxbbugxkfsbmqcjlbmjeaqyg/SourcePackages/checkouts/AppAuth-iOS/Sources/AppAuthCore/OIDAuthorizationService.m -o /Users/fukushimatakumi/Library/Developer/Xcode/DerivedData/SugarBeat-hgoxfxbbugxkfsbmqcjlbmjeaqyg/Build/Intermediates.noindex/AppAuth.build/Debug-iphonesimulator/AppAuthCore.build/Objects-normal/arm64/OIDAuthorizationService.o -index-unit-output-path /AppAuth.build/Debug-iphonesimulator/AppAuthCore.build/Objects-normal/arm64/OIDAuthorizationService.o

CompileC /Users/fukushimatakumi/Library/Developer/Xcode/DerivedData/SugarBeat-hgoxfxbbugxkfsbmqcjlbmjeaqyg/Build/Intermediates.noindex/AppAuth.build/Debug-iphonesimulator/AppAuthCore.build/Objects-normal/arm64/OIDAuthorizationResponse.o /Users/fukushimatakumi/Library/Developer/Xcode/DerivedData/SugarBeat-hgoxfxbbugxkfsbmqcjlbmjeaqyg/SourcePackages/checkouts/AppAuth-iOS/Sources/AppAuthCore/OIDAuthorizationResponse.m normal arm64 objective-c com.apple.compilers.llvm.clang.1_0.compiler (in target 'AppAuthCore' from project 'AppAuth')
    cd /Users/fukushimatakumi/develop/sugarbeat/sugarbeat-front
    
    Using response file: /Users/fukushimatakumi/Library/Developer/Xcode/DerivedData/SugarBeat-hgoxfxbbugxkfsbmqcjlbmjeaqyg/Build/Intermediates.noindex/AppAuth.build/Debug-iphonesimulator/AppAuthCore.build/Objects-normal/arm64/e6072d4f65d7061329687fe24e3d63a7-common-args.resp
    
    /Applications/Xcode.app/Contents/Developer/Toolchains/XcodeDefault.xctoolchain/usr/bin/clang -x objective-c -ivfsstatcache /Users/fukushimatakumi/Library/Developer/Xcode/DerivedData/SDKStatCaches.noindex/iphonesimulator18.4-22E235-71825a6d136aa4733edcbe86ece5525b.sdkstatcache -fmessage-length\=0 -fdiagnostics-show-note-include-stack -fmacro-backtrace-limit\=0 -fno-color-diagnostics -fmodules-prune-interval\=86400 -fmodules-prune-after\=345600 -fbuild-session-file\=/Users/fukushimatakumi/Library/Developer/Xcode/DerivedData/ModuleCache.noindex/Session.modulevalidation -fmodules-validate-once-per-build-session -Wnon-modular-include-in-framework-module -Werror\=non-modular-include-in-framework-module -Wno-trigraphs -Wno-missing-field-initializers -Wno-missing-prototypes -Wno-return-type -Wno-implicit-atomic-properties -Wno-objc-interface-ivars -Wno-arc-repeated-use-of-weak -Wno-missing-braces -Wparentheses -Wswitch -Wno-unused-function -Wno-unused-label -Wno-unused-parameter -Wno-unused-variable -Wunused-value -Wno-empty-body -Wno-uninitialized -Wno-unknown-pragmas -w -Wno-shadow -Wno-four-char-constants -Wno-conversion -Wno-constant-conversion -Wno-int-conversion -Wno-bool-conversion -Wno-enum-conversion -Wno-float-conversion -Wno-non-literal-null-conversion -Wno-objc-literal-conversion -Wshorten-64-to-32 -Wpointer-sign -Wno-newline-eof -Wno-selector -Wno-strict-selector-match -Wno-undeclared-selector -Wno-deprecated-implementations -Wno-implicit-fallthrough -fstrict-aliasing -Wprotocol -Wdeprecated-declarations -Wno-sign-conversion -Wno-infinite-recursion -Wno-comma -Wno-block-capture-autoreleasing -Wno-strict-prototypes -Wno-semicolon-before-method-body -index-store-path /Users/fukushimatakumi/Library/Developer/Xcode/DerivedData/SugarBeat-hgoxfxbbugxkfsbmqcjlbmjeaqyg/Index.noindex/DataStore @/Users/fukushimatakumi/Library/Developer/Xcode/DerivedData/SugarBeat-hgoxfxbbugxkfsbmqcjlbmjeaqyg/Build/Intermediates.noindex/AppAuth.build/Debug-iphonesimulator/AppAuthCore.build/Objects-normal/arm64/e6072d4f65d7061329687fe24e3d63a7-common-args.resp -include /Users/fukushimatakumi/Library/Developer/Xcode/DerivedData/SugarBeat-hgoxfxbbugxkfsbmqcjlbmjeaqyg/Build/Intermediates.noindex/AppAuth.build/Debug-iphonesimulator/AppAuthCore.build/DerivedSources/resource_bundle_accessor.h -MMD -MT dependencies -MF /Users/fukushimatakumi/Library/Developer/Xcode/DerivedData/SugarBeat-hgoxfxbbugxkfsbmqcjlbmjeaqyg/Build/Intermediates.noindex/AppAuth.build/Debug-iphonesimulator/AppAuthCore.build/Objects-normal/arm64/OIDAuthorizationResponse.d --serialize-diagnostics /Users/fukushimatakumi/Library/Developer/Xcode/DerivedData/SugarBeat-hgoxfxbbugxkfsbmqcjlbmjeaqyg/Build/Intermediates.noindex/AppAuth.build/Debug-iphonesimulator/AppAuthCore.build/Objects-normal/arm64/OIDAuthorizationResponse.dia -c /Users/fukushimatakumi/Library/Developer/Xcode/DerivedData/SugarBeat-hgoxfxbbugxkfsbmqcjlbmjeaqyg/SourcePackages/checkouts/AppAuth-iOS/Sources/AppAuthCore/OIDAuthorizationResponse.m -o /Users/fukushimatakumi/Library/Developer/Xcode/DerivedData/SugarBeat-hgoxfxbbugxkfsbmqcjlbmjeaqyg/Build/Intermediates.noindex/AppAuth.build/Debug-iphonesimulator/AppAuthCore.build/Objects-normal/arm64/OIDAuthorizationResponse.o -index-unit-output-path /AppAuth.build/Debug-iphonesimulator/AppAuthCore.build/Objects-normal/arm64/OIDAuthorizationResponse.o

CompileC /Users/fukushimatakumi/Library/Developer/Xcode/DerivedData/SugarBeat-hgoxfxbbugxkfsbmqcjlbmjeaqyg/Build/Intermediates.noindex/AppAuth.build/Debug-iphonesimulator/AppAuthCore.build/Objects-normal/arm64/OIDAuthorizationRequest.o /Users/fukushimatakumi/Library/Developer/Xcode/DerivedData/SugarBeat-hgoxfxbbugxkfsbmqcjlbmjeaqyg/SourcePackages/checkouts/AppAuth-iOS/Sources/AppAuthCore/OIDAuthorizationRequest.m normal arm64 objective-c com.apple.compilers.llvm.clang.1_0.compiler (in target 'AppAuthCore' from project 'AppAuth')
    cd /Users/fukushimatakumi/develop/sugarbeat/sugarbeat-front
    
    Using response file: /Users/fukushimatakumi/Library/Developer/Xcode/DerivedData/SugarBeat-hgoxfxbbugxkfsbmqcjlbmjeaqyg/Build/Intermediates.noindex/AppAuth.build/Debug-iphonesimulator/AppAuthCore.build/Objects-normal/arm64/e6072d4f65d7061329687fe24e3d63a7-common-args.resp
    
    /Applications/Xcode.app/Contents/Developer/Toolchains/XcodeDefault.xctoolchain/usr/bin/clang -x objective-c -ivfsstatcache /Users/fukushimatakumi/Library/Developer/Xcode/DerivedData/SDKStatCaches.noindex/iphonesimulator18.4-22E235-71825a6d136aa4733edcbe86ece5525b.sdkstatcache -fmessage-length\=0 -fdiagnostics-show-note-include-stack -fmacro-backtrace-limit\=0 -fno-color-diagnostics -fmodules-prune-interval\=86400 -fmodules-prune-after\=345600 -fbuild-session-file\=/Users/fukushimatakumi/Library/Developer/Xcode/DerivedData/ModuleCache.noindex/Session.modulevalidation -fmodules-validate-once-per-build-session -Wnon-modular-include-in-framework-module -Werror\=non-modular-include-in-framework-module -Wno-trigraphs -Wno-missing-field-initializers -Wno-missing-prototypes -Wno-return-type -Wno-implicit-atomic-properties -Wno-objc-interface-ivars -Wno-arc-repeated-use-of-weak -Wno-missing-braces -Wparentheses -Wswitch -Wno-unused-function -Wno-unused-label -Wno-unused-parameter -Wno-unused-variable -Wunused-value -Wno-empty-body -Wno-uninitialized -Wno-unknown-pragmas -w -Wno-shadow -Wno-four-char-constants -Wno-conversion -Wno-constant-conversion -Wno-int-conversion -Wno-bool-conversion -Wno-enum-conversion -Wno-float-conversion -Wno-non-literal-null-conversion -Wno-objc-literal-conversion -Wshorten-64-to-32 -Wpointer-sign -Wno-newline-eof -Wno-selector -Wno-strict-selector-match -Wno-undeclared-selector -Wno-deprecated-implementations -Wno-implicit-fallthrough -fstrict-aliasing -Wprotocol -Wdeprecated-declarations -Wno-sign-conversion -Wno-infinite-recursion -Wno-comma -Wno-block-capture-autoreleasing -Wno-strict-prototypes -Wno-semicolon-before-method-body -index-store-path /Users/fukushimatakumi/Library/Developer/Xcode/DerivedData/SugarBeat-hgoxfxbbugxkfsbmqcjlbmjeaqyg/Index.noindex/DataStore @/Users/fukushimatakumi/Library/Developer/Xcode/DerivedData/SugarBeat-hgoxfxbbugxkfsbmqcjlbmjeaqyg/Build/Intermediates.noindex/AppAuth.build/Debug-iphonesimulator/AppAuthCore.build/Objects-normal/arm64/e6072d4f65d7061329687fe24e3d63a7-common-args.resp -include /Users/fukushimatakumi/Library/Developer/Xcode/DerivedData/SugarBeat-hgoxfxbbugxkfsbmqcjlbmjeaqyg/Build/Intermediates.noindex/AppAuth.build/Debug-iphonesimulator/AppAuthCore.build/DerivedSources/resource_bundle_accessor.h -MMD -MT dependencies -MF /Users/fukushimatakumi/Library/Developer/Xcode/DerivedData/SugarBeat-hgoxfxbbugxkfsbmqcjlbmjeaqyg/Build/Intermediates.noindex/AppAuth.build/Debug-iphonesimulator/AppAuthCore.build/Objects-normal/arm64/OIDAuthorizationRequest.d --serialize-diagnostics /Users/fukushimatakumi/Library/Developer/Xcode/DerivedData/SugarBeat-hgoxfxbbugxkfsbmqcjlbmjeaqyg/Build/Intermediates.noindex/AppAuth.build/Debug-iphonesimulator/AppAuthCore.build/Objects-normal/arm64/OIDAuthorizationRequest.dia -c /Users/fukushimatakumi/Library/Developer/Xcode/DerivedData/SugarBeat-hgoxfxbbugxkfsbmqcjlbmjeaqyg/SourcePackages/checkouts/AppAuth-iOS/Sources/AppAuthCore/OIDAuthorizationRequest.m -o /Users/fukushimatakumi/Library/Developer/Xcode/DerivedData/SugarBeat-hgoxfxbbugxkfsbmqcjlbmjeaqyg/Build/Intermediates.noindex/AppAuth.build/Debug-iphonesimulator/AppAuthCore.build/Objects-normal/arm64/OIDAuthorizationRequest.o -index-unit-output-path /AppAuth.build/Debug-iphonesimulator/AppAuthCore.build/Objects-normal/arm64/OIDAuthorizationRequest.o

CompileC /Users/fukushimatakumi/Library/Developer/Xcode/DerivedData/SugarBeat-hgoxfxbbugxkfsbmqcjlbmjeaqyg/Build/Intermediates.noindex/AppAuth.build/Debug-iphonesimulator/AppAuthCore.build/Objects-normal/arm64/OIDAuthState.o /Users/fukushimatakumi/Library/Developer/Xcode/DerivedData/SugarBeat-hgoxfxbbugxkfsbmqcjlbmjeaqyg/SourcePackages/checkouts/AppAuth-iOS/Sources/AppAuthCore/OIDAuthState.m normal arm64 objective-c com.apple.compilers.llvm.clang.1_0.compiler (in target 'AppAuthCore' from project 'AppAuth')
    cd /Users/fukushimatakumi/develop/sugarbeat/sugarbeat-front
    
    Using response file: /Users/fukushimatakumi/Library/Developer/Xcode/DerivedData/SugarBeat-hgoxfxbbugxkfsbmqcjlbmjeaqyg/Build/Intermediates.noindex/AppAuth.build/Debug-iphonesimulator/AppAuthCore.build/Objects-normal/arm64/e6072d4f65d7061329687fe24e3d63a7-common-args.resp
    
    /Applications/Xcode.app/Contents/Developer/Toolchains/XcodeDefault.xctoolchain/usr/bin/clang -x objective-c -ivfsstatcache /Users/fukushimatakumi/Library/Developer/Xcode/DerivedData/SDKStatCaches.noindex/iphonesimulator18.4-22E235-71825a6d136aa4733edcbe86ece5525b.sdkstatcache -fmessage-length\=0 -fdiagnostics-show-note-include-stack -fmacro-backtrace-limit\=0 -fno-color-diagnostics -fmodules-prune-interval\=86400 -fmodules-prune-after\=345600 -fbuild-session-file\=/Users/fukushimatakumi/Library/Developer/Xcode/DerivedData/ModuleCache.noindex/Session.modulevalidation -fmodules-validate-once-per-build-session -Wnon-modular-include-in-framework-module -Werror\=non-modular-include-in-framework-module -Wno-trigraphs -Wno-missing-field-initializers -Wno-missing-prototypes -Wno-return-type -Wno-implicit-atomic-properties -Wno-objc-interface-ivars -Wno-arc-repeated-use-of-weak -Wno-missing-braces -Wparentheses -Wswitch -Wno-unused-function -Wno-unused-label -Wno-unused-parameter -Wno-unused-variable -Wunused-value -Wno-empty-body -Wno-uninitialized -Wno-unknown-pragmas -w -Wno-shadow -Wno-four-char-constants -Wno-conversion -Wno-constant-conversion -Wno-int-conversion -Wno-bool-conversion -Wno-enum-conversion -Wno-float-conversion -Wno-non-literal-null-conversion -Wno-objc-literal-conversion -Wshorten-64-to-32 -Wpointer-sign -Wno-newline-eof -Wno-selector -Wno-strict-selector-match -Wno-undeclared-selector -Wno-deprecated-implementations -Wno-implicit-fallthrough -fstrict-aliasing -Wprotocol -Wdeprecated-declarations -Wno-sign-conversion -Wno-infinite-recursion -Wno-comma -Wno-block-capture-autoreleasing -Wno-strict-prototypes -Wno-semicolon-before-method-body -index-store-path /Users/fukushimatakumi/Library/Developer/Xcode/DerivedData/SugarBeat-hgoxfxbbugxkfsbmqcjlbmjeaqyg/Index.noindex/DataStore @/Users/fukushimatakumi/Library/Developer/Xcode/DerivedData/SugarBeat-hgoxfxbbugxkfsbmqcjlbmjeaqyg/Build/Intermediates.noindex/AppAuth.build/Debug-iphonesimulator/AppAuthCore.build/Objects-normal/arm64/e6072d4f65d7061329687fe24e3d63a7-common-args.resp -include /Users/fukushimatakumi/Library/Developer/Xcode/DerivedData/SugarBeat-hgoxfxbbugxkfsbmqcjlbmjeaqyg/Build/Intermediates.noindex/AppAuth.build/Debug-iphonesimulator/AppAuthCore.build/DerivedSources/resource_bundle_accessor.h -MMD -MT dependencies -MF /Users/fukushimatakumi/Library/Developer/Xcode/DerivedData/SugarBeat-hgoxfxbbugxkfsbmqcjlbmjeaqyg/Build/Intermediates.noindex/AppAuth.build/Debug-iphonesimulator/AppAuthCore.build/Objects-normal/arm64/OIDAuthState.d --serialize-diagnostics /Users/fukushimatakumi/Library/Developer/Xcode/DerivedData/SugarBeat-hgoxfxbbugxkfsbmqcjlbmjeaqyg/Build/Intermediates.noindex/AppAuth.build/Debug-iphonesimulator/AppAuthCore.build/Objects-normal/arm64/OIDAuthState.dia -c /Users/fukushimatakumi/Library/Developer/Xcode/DerivedData/SugarBeat-hgoxfxbbugxkfsbmqcjlbmjeaqyg/SourcePackages/checkouts/AppAuth-iOS/Sources/AppAuthCore/OIDAuthState.m -o /Users/fukushimatakumi/Library/Developer/Xcode/DerivedData/SugarBeat-hgoxfxbbugxkfsbmqcjlbmjeaqyg/Build/Intermediates.noindex/AppAuth.build/Debug-iphonesimulator/AppAuthCore.build/Objects-normal/arm64/OIDAuthState.o -index-unit-output-path /AppAuth.build/Debug-iphonesimulator/AppAuthCore.build/Objects-normal/arm64/OIDAuthState.o

PrecompileModule /Users/fukushimatakumi/Library/Developer/Xcode/DerivedData/SugarBeat-hgoxfxbbugxkfsbmqcjlbmjeaqyg/Build/Intermediates.noindex/ExplicitPrecompiledModules/FileProvider-1TIEQPAO6QKYXWCQKZJLUW4PZ.scan
    cd /Users/fukushimatakumi/develop/sugarbeat/sugarbeat-front
    builtin-precompileModule /Users/fukushimatakumi/Library/Developer/Xcode/DerivedData/SugarBeat-hgoxfxbbugxkfsbmqcjlbmjeaqyg/Build/Intermediates.noindex/ExplicitPrecompiledModules/FileProvider-1TIEQPAO6QKYXWCQKZJLUW4PZ.scan

PrecompileModule /Users/fukushimatakumi/Library/Developer/Xcode/DerivedData/SugarBeat-hgoxfxbbugxkfsbmqcjlbmjeaqyg/Build/Intermediates.noindex/ExplicitPrecompiledModules/OpenGLES-F27DCD4O3GJNPGCSEXCIIW6Y9.scan
    cd /Users/fukushimatakumi/develop/sugarbeat/sugarbeat-front
    builtin-precompileModule /Users/fukushimatakumi/Library/Developer/Xcode/DerivedData/SugarBeat-hgoxfxbbugxkfsbmqcjlbmjeaqyg/Build/Intermediates.noindex/ExplicitPrecompiledModules/OpenGLES-F27DCD4O3GJNPGCSEXCIIW6Y9.scan

PrecompileModule /Users/fukushimatakumi/Library/Developer/Xcode/DerivedData/SugarBeat-hgoxfxbbugxkfsbmqcjlbmjeaqyg/Build/Intermediates.noindex/ExplicitPrecompiledModules/Symbols-ARJ30P0NB2BRS53TTCH96ME8K.scan
    cd /Users/fukushimatakumi/develop/sugarbeat/sugarbeat-front
    builtin-precompileModule /Users/fukushimatakumi/Library/Developer/Xcode/DerivedData/SugarBeat-hgoxfxbbugxkfsbmqcjlbmjeaqyg/Build/Intermediates.noindex/ExplicitPrecompiledModules/Symbols-ARJ30P0NB2BRS53TTCH96ME8K.scan

PrecompileModule /Users/fukushimatakumi/Library/Developer/Xcode/DerivedData/SugarBeat-hgoxfxbbugxkfsbmqcjlbmjeaqyg/Build/Intermediates.noindex/ExplicitPrecompiledModules/UserNotifications-8M5L5LXBQAO7XNH8K7VXY8RIW.scan
    cd /Users/fukushimatakumi/develop/sugarbeat/sugarbeat-front
    builtin-precompileModule /Users/fukushimatakumi/Library/Developer/Xcode/DerivedData/SugarBeat-hgoxfxbbugxkfsbmqcjlbmjeaqyg/Build/Intermediates.noindex/ExplicitPrecompiledModules/UserNotifications-8M5L5LXBQAO7XNH8K7VXY8RIW.scan

PrecompileModule /Users/fukushimatakumi/Library/Developer/Xcode/DerivedData/SugarBeat-hgoxfxbbugxkfsbmqcjlbmjeaqyg/Build/Intermediates.noindex/ExplicitPrecompiledModules/UIKit-64CXOD9Z4BCAIFCM69SU5RJPH.scan
    cd /Users/fukushimatakumi/develop/sugarbeat/sugarbeat-front
    builtin-precompileModule /Users/fukushimatakumi/Library/Developer/Xcode/DerivedData/SugarBeat-hgoxfxbbugxkfsbmqcjlbmjeaqyg/Build/Intermediates.noindex/ExplicitPrecompiledModules/UIKit-64CXOD9Z4BCAIFCM69SU5RJPH.scan

PrecompileModule /Users/fukushimatakumi/Library/Developer/Xcode/DerivedData/SugarBeat-hgoxfxbbugxkfsbmqcjlbmjeaqyg/Build/Intermediates.noindex/ExplicitPrecompiledModules/IOSurface-CBK1L4CUVHUIVG9OGFV809O57.scan
    cd /Users/fukushimatakumi/develop/sugarbeat/sugarbeat-front
    builtin-precompileModule /Users/fukushimatakumi/Library/Developer/Xcode/DerivedData/SugarBeat-hgoxfxbbugxkfsbmqcjlbmjeaqyg/Build/Intermediates.noindex/ExplicitPrecompiledModules/IOSurface-CBK1L4CUVHUIVG9OGFV809O57.scan

WriteAuxiliaryFile /Users/fukushimatakumi/Library/Developer/Xcode/DerivedData/SugarBeat-hgoxfxbbugxkfsbmqcjlbmjeaqyg/Build/Intermediates.noindex/gRPC.build/Debug-iphonesimulator/opensslWrapper.build/opensslWrapper.modulemap (in target 'opensslWrapper' from project 'gRPC')
    cd /Users/fukushimatakumi/Library/Developer/Xcode/DerivedData/SugarBeat-hgoxfxbbugxkfsbmqcjlbmjeaqyg/SourcePackages/checkouts/grpc-binary
    write-file /Users/fukushimatakumi/Library/Developer/Xcode/DerivedData/SugarBeat-hgoxfxbbugxkfsbmqcjlbmjeaqyg/Build/Intermediates.noindex/gRPC.build/Debug-iphonesimulator/opensslWrapper.build/opensslWrapper.modulemap

WriteAuxiliaryFile /Users/fukushimatakumi/Library/Developer/Xcode/DerivedData/SugarBeat-hgoxfxbbugxkfsbmqcjlbmjeaqyg/Build/Intermediates.noindex/gRPC.build/Debug-iphonesimulator/opensslWrapper.build/opensslWrapper.DependencyStaticMetadataFileList (in target 'opensslWrapper' from project 'gRPC')
    cd /Users/fukushimatakumi/Library/Developer/Xcode/DerivedData/SugarBeat-hgoxfxbbugxkfsbmqcjlbmjeaqyg/SourcePackages/checkouts/grpc-binary
    write-file /Users/fukushimatakumi/Library/Developer/Xcode/DerivedData/SugarBeat-hgoxfxbbugxkfsbmqcjlbmjeaqyg/Build/Intermediates.noindex/gRPC.build/Debug-iphonesimulator/opensslWrapper.build/opensslWrapper.DependencyStaticMetadataFileList

WriteAuxiliaryFile /Users/fukushimatakumi/Library/Developer/Xcode/DerivedData/SugarBeat-hgoxfxbbugxkfsbmqcjlbmjeaqyg/Build/Intermediates.noindex/gRPC.build/Debug-iphonesimulator/opensslWrapper.build/opensslWrapper.DependencyMetadataFileList (in target 'opensslWrapper' from project 'gRPC')
    cd /Users/fukushimatakumi/Library/Developer/Xcode/DerivedData/SugarBeat-hgoxfxbbugxkfsbmqcjlbmjeaqyg/SourcePackages/checkouts/grpc-binary
    write-file /Users/fukushimatakumi/Library/Developer/Xcode/DerivedData/SugarBeat-hgoxfxbbugxkfsbmqcjlbmjeaqyg/Build/Intermediates.noindex/gRPC.build/Debug-iphonesimulator/opensslWrapper.build/opensslWrapper.DependencyMetadataFileList

WriteAuxiliaryFile /Users/fukushimatakumi/Library/Developer/Xcode/DerivedData/SugarBeat-hgoxfxbbugxkfsbmqcjlbmjeaqyg/Build/Intermediates.noindex/gRPC.build/Debug-iphonesimulator/opensslWrapper.build/Objects-normal/arm64/opensslWrapper.LinkFileList (in target 'opensslWrapper' from project 'gRPC')
    cd /Users/fukushimatakumi/Library/Developer/Xcode/DerivedData/SugarBeat-hgoxfxbbugxkfsbmqcjlbmjeaqyg/SourcePackages/checkouts/grpc-binary
    write-file /Users/fukushimatakumi/Library/Developer/Xcode/DerivedData/SugarBeat-hgoxfxbbugxkfsbmqcjlbmjeaqyg/Build/Intermediates.noindex/gRPC.build/Debug-iphonesimulator/opensslWrapper.build/Objects-normal/arm64/opensslWrapper.LinkFileList

WriteAuxiliaryFile /Users/fukushimatakumi/Library/Developer/Xcode/DerivedData/SugarBeat-hgoxfxbbugxkfsbmqcjlbmjeaqyg/Build/Intermediates.noindex/gRPC.build/Debug-iphonesimulator/opensslWrapper.build/Objects-normal/arm64/e6072d4f65d7061329687fe24e3d63a7-common-args.resp (in target 'opensslWrapper' from project 'gRPC')
    cd /Users/fukushimatakumi/Library/Developer/Xcode/DerivedData/SugarBeat-hgoxfxbbugxkfsbmqcjlbmjeaqyg/SourcePackages/checkouts/grpc-binary
    write-file /Users/fukushimatakumi/Library/Developer/Xcode/DerivedData/SugarBeat-hgoxfxbbugxkfsbmqcjlbmjeaqyg/Build/Intermediates.noindex/gRPC.build/Debug-iphonesimulator/opensslWrapper.build/Objects-normal/arm64/e6072d4f65d7061329687fe24e3d63a7-common-args.resp
-target arm64-apple-ios12.0-simulator -fobjc-arc -fmodules -gmodules '-fmodules-cache-path=/Users/fukushimatakumi/Library/Developer/Xcode/DerivedData/ModuleCache.noindex' '-fmodule-name=opensslWrapper' -fpascal-strings -O0 -DSWIFT_PACKAGE '-DDEBUG=1' '-DOBJC_OLD_DISPATCH_PROTOTYPES=1' -isysroot /Applications/Xcode.app/Contents/Developer/Platforms/iPhoneSimulator.platform/Developer/SDKs/iPhoneSimulator18.4.sdk -g '-fobjc-abi-version=2' -fobjc-legacy-dispatch -I/Users/fukushimatakumi/Library/Developer/Xcode/DerivedData/SugarBeat-hgoxfxbbugxkfsbmqcjlbmjeaqyg/Build/Products/Debug-iphonesimulator/include -I/Users/fukushimatakumi/Library/Developer/Xcode/DerivedData/SugarBeat-hgoxfxbbugxkfsbmqcjlbmjeaqyg/SourcePackages/checkouts/grpc-binary/openssl-grpc-Wrapper/include -I/Users/fukushimatakumi/Library/Developer/Xcode/DerivedData/SugarBeat-hgoxfxbbugxkfsbmqcjlbmjeaqyg/Build/Intermediates.noindex/gRPC.build/Debug-iphonesimulator/opensslWrapper.build/DerivedSources-normal/arm64 -I/Users/fukushimatakumi/Library/Developer/Xcode/DerivedData/SugarBeat-hgoxfxbbugxkfsbmqcjlbmjeaqyg/Build/Intermediates.noindex/gRPC.build/Debug-iphonesimulator/opensslWrapper.build/DerivedSources/arm64 -I/Users/fukushimatakumi/Library/Developer/Xcode/DerivedData/SugarBeat-hgoxfxbbugxkfsbmqcjlbmjeaqyg/Build/Intermediates.noindex/gRPC.build/Debug-iphonesimulator/opensslWrapper.build/DerivedSources -F/Users/fukushimatakumi/Library/Developer/Xcode/DerivedData/SugarBeat-hgoxfxbbugxkfsbmqcjlbmjeaqyg/Build/Products/Debug-iphonesimulator -iframework /Applications/Xcode.app/Contents/Developer/Platforms/iPhoneSimulator.platform/Developer/Library/Frameworks -iframework /Applications/Xcode.app/Contents/Developer/Platforms/iPhoneSimulator.platform/Developer/SDKs/iPhoneSimulator18.4.sdk/Developer/Library/Frameworks -DXcode

WriteAuxiliaryFile /Users/fukushimatakumi/Library/Developer/Xcode/DerivedData/SugarBeat-hgoxfxbbugxkfsbmqcjlbmjeaqyg/Build/Intermediates.noindex/gRPC.build/Debug-iphonesimulator/opensslWrapper.build/DerivedSources/resource_bundle_accessor.m (in target 'opensslWrapper' from project 'gRPC')
    cd /Users/fukushimatakumi/Library/Developer/Xcode/DerivedData/SugarBeat-hgoxfxbbugxkfsbmqcjlbmjeaqyg/SourcePackages/checkouts/grpc-binary
    write-file /Users/fukushimatakumi/Library/Developer/Xcode/DerivedData/SugarBeat-hgoxfxbbugxkfsbmqcjlbmjeaqyg/Build/Intermediates.noindex/gRPC.build/Debug-iphonesimulator/opensslWrapper.build/DerivedSources/resource_bundle_accessor.m

WriteAuxiliaryFile /Users/fukushimatakumi/Library/Developer/Xcode/DerivedData/SugarBeat-hgoxfxbbugxkfsbmqcjlbmjeaqyg/Build/Intermediates.noindex/gRPC.build/Debug-iphonesimulator/opensslWrapper.build/DerivedSources/resource_bundle_accessor.h (in target 'opensslWrapper' from project 'gRPC')
    cd /Users/fukushimatakumi/Library/Developer/Xcode/DerivedData/SugarBeat-hgoxfxbbugxkfsbmqcjlbmjeaqyg/SourcePackages/checkouts/grpc-binary
    write-file /Users/fukushimatakumi/Library/Developer/Xcode/DerivedData/SugarBeat-hgoxfxbbugxkfsbmqcjlbmjeaqyg/Build/Intermediates.noindex/gRPC.build/Debug-iphonesimulator/opensslWrapper.build/DerivedSources/resource_bundle_accessor.h

Copy /Users/fukushimatakumi/Library/Developer/Xcode/DerivedData/SugarBeat-hgoxfxbbugxkfsbmqcjlbmjeaqyg/Build/Intermediates.noindex/GeneratedModuleMaps-iphonesimulator/opensslWrapper.modulemap /Users/fukushimatakumi/Library/Developer/Xcode/DerivedData/SugarBeat-hgoxfxbbugxkfsbmqcjlbmjeaqyg/Build/Intermediates.noindex/gRPC.build/Debug-iphonesimulator/opensslWrapper.build/opensslWrapper.modulemap (in target 'opensslWrapper' from project 'gRPC')
    cd /Users/fukushimatakumi/Library/Developer/Xcode/DerivedData/SugarBeat-hgoxfxbbugxkfsbmqcjlbmjeaqyg/SourcePackages/checkouts/grpc-binary
    builtin-copy -exclude .DS_Store -exclude CVS -exclude .svn -exclude .git -exclude .hg -resolve-src-symlinks /Users/fukushimatakumi/Library/Developer/Xcode/DerivedData/SugarBeat-hgoxfxbbugxkfsbmqcjlbmjeaqyg/Build/Intermediates.noindex/gRPC.build/Debug-iphonesimulator/opensslWrapper.build/opensslWrapper.modulemap /Users/fukushimatakumi/Library/Developer/Xcode/DerivedData/SugarBeat-hgoxfxbbugxkfsbmqcjlbmjeaqyg/Build/Intermediates.noindex/GeneratedModuleMaps-iphonesimulator

WriteAuxiliaryFile /Users/fukushimatakumi/Library/Developer/Xcode/DerivedData/SugarBeat-hgoxfxbbugxkfsbmqcjlbmjeaqyg/Build/Intermediates.noindex/abseil.build/Debug-iphonesimulator/abslWrapper.build/abslWrapper.modulemap (in target 'abslWrapper' from project 'abseil')
    cd /Users/fukushimatakumi/Library/Developer/Xcode/DerivedData/SugarBeat-hgoxfxbbugxkfsbmqcjlbmjeaqyg/SourcePackages/checkouts/abseil-cpp-binary
    write-file /Users/fukushimatakumi/Library/Developer/Xcode/DerivedData/SugarBeat-hgoxfxbbugxkfsbmqcjlbmjeaqyg/Build/Intermediates.noindex/abseil.build/Debug-iphonesimulator/abslWrapper.build/abslWrapper.modulemap

WriteAuxiliaryFile /Users/fukushimatakumi/Library/Developer/Xcode/DerivedData/SugarBeat-hgoxfxbbugxkfsbmqcjlbmjeaqyg/Build/Intermediates.noindex/abseil.build/Debug-iphonesimulator/abslWrapper.build/abslWrapper.DependencyStaticMetadataFileList (in target 'abslWrapper' from project 'abseil')
    cd /Users/fukushimatakumi/Library/Developer/Xcode/DerivedData/SugarBeat-hgoxfxbbugxkfsbmqcjlbmjeaqyg/SourcePackages/checkouts/abseil-cpp-binary
    write-file /Users/fukushimatakumi/Library/Developer/Xcode/DerivedData/SugarBeat-hgoxfxbbugxkfsbmqcjlbmjeaqyg/Build/Intermediates.noindex/abseil.build/Debug-iphonesimulator/abslWrapper.build/abslWrapper.DependencyStaticMetadataFileList

WriteAuxiliaryFile /Users/fukushimatakumi/Library/Developer/Xcode/DerivedData/SugarBeat-hgoxfxbbugxkfsbmqcjlbmjeaqyg/Build/Intermediates.noindex/abseil.build/Debug-iphonesimulator/abslWrapper.build/abslWrapper.DependencyMetadataFileList (in target 'abslWrapper' from project 'abseil')
    cd /Users/fukushimatakumi/Library/Developer/Xcode/DerivedData/SugarBeat-hgoxfxbbugxkfsbmqcjlbmjeaqyg/SourcePackages/checkouts/abseil-cpp-binary
    write-file /Users/fukushimatakumi/Library/Developer/Xcode/DerivedData/SugarBeat-hgoxfxbbugxkfsbmqcjlbmjeaqyg/Build/Intermediates.noindex/abseil.build/Debug-iphonesimulator/abslWrapper.build/abslWrapper.DependencyMetadataFileList

WriteAuxiliaryFile /Users/fukushimatakumi/Library/Developer/Xcode/DerivedData/SugarBeat-hgoxfxbbugxkfsbmqcjlbmjeaqyg/Build/Intermediates.noindex/abseil.build/Debug-iphonesimulator/abslWrapper.build/Objects-normal/arm64/e6072d4f65d7061329687fe24e3d63a7-common-args.resp (in target 'abslWrapper' from project 'abseil')
    cd /Users/fukushimatakumi/Library/Developer/Xcode/DerivedData/SugarBeat-hgoxfxbbugxkfsbmqcjlbmjeaqyg/SourcePackages/checkouts/abseil-cpp-binary
    write-file /Users/fukushimatakumi/Library/Developer/Xcode/DerivedData/SugarBeat-hgoxfxbbugxkfsbmqcjlbmjeaqyg/Build/Intermediates.noindex/abseil.build/Debug-iphonesimulator/abslWrapper.build/Objects-normal/arm64/e6072d4f65d7061329687fe24e3d63a7-common-args.resp
-target arm64-apple-ios12.0-simulator -fobjc-arc -fmodules -gmodules '-fmodules-cache-path=/Users/fukushimatakumi/Library/Developer/Xcode/DerivedData/ModuleCache.noindex' '-fmodule-name=abslWrapper' -fpascal-strings -O0 -DSWIFT_PACKAGE '-DDEBUG=1' '-DOBJC_OLD_DISPATCH_PROTOTYPES=1' -isysroot /Applications/Xcode.app/Contents/Developer/Platforms/iPhoneSimulator.platform/Developer/SDKs/iPhoneSimulator18.4.sdk -g '-fobjc-abi-version=2' -fobjc-legacy-dispatch -I/Users/fukushimatakumi/Library/Developer/Xcode/DerivedData/SugarBeat-hgoxfxbbugxkfsbmqcjlbmjeaqyg/Build/Products/Debug-iphonesimulator/include -I/Users/fukushimatakumi/Library/Developer/Xcode/DerivedData/SugarBeat-hgoxfxbbugxkfsbmqcjlbmjeaqyg/SourcePackages/checkouts/abseil-cpp-binary/absl-Wrapper/include -I/Users/fukushimatakumi/Library/Developer/Xcode/DerivedData/SugarBeat-hgoxfxbbugxkfsbmqcjlbmjeaqyg/Build/Intermediates.noindex/abseil.build/Debug-iphonesimulator/abslWrapper.build/DerivedSources-normal/arm64 -I/Users/fukushimatakumi/Library/Developer/Xcode/DerivedData/SugarBeat-hgoxfxbbugxkfsbmqcjlbmjeaqyg/Build/Intermediates.noindex/abseil.build/Debug-iphonesimulator/abslWrapper.build/DerivedSources/arm64 -I/Users/fukushimatakumi/Library/Developer/Xcode/DerivedData/SugarBeat-hgoxfxbbugxkfsbmqcjlbmjeaqyg/Build/Intermediates.noindex/abseil.build/Debug-iphonesimulator/abslWrapper.build/DerivedSources -F/Users/fukushimatakumi/Library/Developer/Xcode/DerivedData/SugarBeat-hgoxfxbbugxkfsbmqcjlbmjeaqyg/Build/Products/Debug-iphonesimulator -iframework /Applications/Xcode.app/Contents/Developer/Platforms/iPhoneSimulator.platform/Developer/Library/Frameworks -iframework /Applications/Xcode.app/Contents/Developer/Platforms/iPhoneSimulator.platform/Developer/SDKs/iPhoneSimulator18.4.sdk/Developer/Library/Frameworks -DXcode

WriteAuxiliaryFile /Users/fukushimatakumi/Library/Developer/Xcode/DerivedData/SugarBeat-hgoxfxbbugxkfsbmqcjlbmjeaqyg/Build/Intermediates.noindex/abseil.build/Debug-iphonesimulator/abslWrapper.build/Objects-normal/arm64/abslWrapper.LinkFileList (in target 'abslWrapper' from project 'abseil')
    cd /Users/fukushimatakumi/Library/Developer/Xcode/DerivedData/SugarBeat-hgoxfxbbugxkfsbmqcjlbmjeaqyg/SourcePackages/checkouts/abseil-cpp-binary
    write-file /Users/fukushimatakumi/Library/Developer/Xcode/DerivedData/SugarBeat-hgoxfxbbugxkfsbmqcjlbmjeaqyg/Build/Intermediates.noindex/abseil.build/Debug-iphonesimulator/abslWrapper.build/Objects-normal/arm64/abslWrapper.LinkFileList

WriteAuxiliaryFile /Users/fukushimatakumi/Library/Developer/Xcode/DerivedData/SugarBeat-hgoxfxbbugxkfsbmqcjlbmjeaqyg/Build/Intermediates.noindex/abseil.build/Debug-iphonesimulator/abslWrapper.build/DerivedSources/resource_bundle_accessor.m (in target 'abslWrapper' from project 'abseil')
    cd /Users/fukushimatakumi/Library/Developer/Xcode/DerivedData/SugarBeat-hgoxfxbbugxkfsbmqcjlbmjeaqyg/SourcePackages/checkouts/abseil-cpp-binary
    write-file /Users/fukushimatakumi/Library/Developer/Xcode/DerivedData/SugarBeat-hgoxfxbbugxkfsbmqcjlbmjeaqyg/Build/Intermediates.noindex/abseil.build/Debug-iphonesimulator/abslWrapper.build/DerivedSources/resource_bundle_accessor.m

WriteAuxiliaryFile /Users/fukushimatakumi/Library/Developer/Xcode/DerivedData/SugarBeat-hgoxfxbbugxkfsbmqcjlbmjeaqyg/Build/Intermediates.noindex/abseil.build/Debug-iphonesimulator/abslWrapper.build/DerivedSources/resource_bundle_accessor.h (in target 'abslWrapper' from project 'abseil')
    cd /Users/fukushimatakumi/Library/Developer/Xcode/DerivedData/SugarBeat-hgoxfxbbugxkfsbmqcjlbmjeaqyg/SourcePackages/checkouts/abseil-cpp-binary
    write-file /Users/fukushimatakumi/Library/Developer/Xcode/DerivedData/SugarBeat-hgoxfxbbugxkfsbmqcjlbmjeaqyg/Build/Intermediates.noindex/abseil.build/Debug-iphonesimulator/abslWrapper.build/DerivedSources/resource_bundle_accessor.h

Copy /Users/fukushimatakumi/Library/Developer/Xcode/DerivedData/SugarBeat-hgoxfxbbugxkfsbmqcjlbmjeaqyg/Build/Intermediates.noindex/GeneratedModuleMaps-iphonesimulator/abslWrapper.modulemap /Users/fukushimatakumi/Library/Developer/Xcode/DerivedData/SugarBeat-hgoxfxbbugxkfsbmqcjlbmjeaqyg/Build/Intermediates.noindex/abseil.build/Debug-iphonesimulator/abslWrapper.build/abslWrapper.modulemap (in target 'abslWrapper' from project 'abseil')
    cd /Users/fukushimatakumi/Library/Developer/Xcode/DerivedData/SugarBeat-hgoxfxbbugxkfsbmqcjlbmjeaqyg/SourcePackages/checkouts/abseil-cpp-binary
    builtin-copy -exclude .DS_Store -exclude CVS -exclude .svn -exclude .git -exclude .hg -resolve-src-symlinks /Users/fukushimatakumi/Library/Developer/Xcode/DerivedData/SugarBeat-hgoxfxbbugxkfsbmqcjlbmjeaqyg/Build/Intermediates.noindex/abseil.build/Debug-iphonesimulator/abslWrapper.build/abslWrapper.modulemap /Users/fukushimatakumi/Library/Developer/Xcode/DerivedData/SugarBeat-hgoxfxbbugxkfsbmqcjlbmjeaqyg/Build/Intermediates.noindex/GeneratedModuleMaps-iphonesimulator

WriteAuxiliaryFile /Users/fukushimatakumi/Library/Developer/Xcode/DerivedData/SugarBeat-hgoxfxbbugxkfsbmqcjlbmjeaqyg/Build/Intermediates.noindex/Firebase.build/Debug-iphonesimulator/FirebaseFirestoreTarget.build/Objects-normal/arm64/e6072d4f65d7061329687fe24e3d63a7-common-args.resp (in target 'FirebaseFirestoreTarget' from project 'Firebase')
    cd /Users/fukushimatakumi/Library/Developer/Xcode/DerivedData/SugarBeat-hgoxfxbbugxkfsbmqcjlbmjeaqyg/SourcePackages/checkouts/firebase-ios-sdk
    write-file /Users/fukushimatakumi/Library/Developer/Xcode/DerivedData/SugarBeat-hgoxfxbbugxkfsbmqcjlbmjeaqyg/Build/Intermediates.noindex/Firebase.build/Debug-iphonesimulator/FirebaseFirestoreTarget.build/Objects-normal/arm64/e6072d4f65d7061329687fe24e3d63a7-common-args.resp
-target arm64-apple-ios15.0-simulator -fobjc-arc -fmodules -gmodules '-fmodules-cache-path=/Users/fukushimatakumi/Library/Developer/Xcode/DerivedData/ModuleCache.noindex' '-fmodule-name=FirebaseFirestoreTarget' -fpascal-strings -O0 -DSWIFT_PACKAGE '-DDEBUG=1' '-DFIREBASE_BINARY_FIRESTORE=1' '-DOBJC_OLD_DISPATCH_PROTOTYPES=1' -isysroot /Applications/Xcode.app/Contents/Developer/Platforms/iPhoneSimulator.platform/Developer/SDKs/iPhoneSimulator18.4.sdk -g '-fobjc-abi-version=2' -fobjc-legacy-dispatch -I/Users/fukushimatakumi/Library/Developer/Xcode/DerivedData/SugarBeat-hgoxfxbbugxkfsbmqcjlbmjeaqyg/SourcePackages/checkouts/GoogleUtilities/GoogleUtilities/NSData+zlib/Public -I/Users/fukushimatakumi/Library/Developer/Xcode/DerivedData/SugarBeat-hgoxfxbbugxkfsbmqcjlbmjeaqyg/SourcePackages/checkouts/GoogleUtilities/GoogleUtilities/Environment/Public -I/Users/fukushimatakumi/Library/Developer/Xcode/DerivedData/SugarBeat-hgoxfxbbugxkfsbmqcjlbmjeaqyg/SourcePackages/checkouts/GoogleUtilities/third_party/IsAppEncrypted/Public -I/Users/fukushimatakumi/Library/Developer/Xcode/DerivedData/SugarBeat-hgoxfxbbugxkfsbmqcjlbmjeaqyg/SourcePackages/checkouts/GoogleUtilities/GoogleUtilities/Logger/Public -I/Users/fukushimatakumi/Library/Developer/Xcode/DerivedData/SugarBeat-hgoxfxbbugxkfsbmqcjlbmjeaqyg/SourcePackages/checkouts/abseil-cpp-binary/absl-Wrapper/include -I/Users/fukushimatakumi/Library/Developer/Xcode/DerivedData/SugarBeat-hgoxfxbbugxkfsbmqcjlbmjeaqyg/SourcePackages/checkouts/grpc-binary/openssl-grpc-Wrapper/include -I/Users/fukushimatakumi/Library/Developer/Xcode/DerivedData/SugarBeat-hgoxfxbbugxkfsbmqcjlbmjeaqyg/SourcePackages/checkouts/grpc-binary/grpc-Wrapper/include -I/Users/fukushimatakumi/Library/Developer/Xcode/DerivedData/SugarBeat-hgoxfxbbugxkfsbmqcjlbmjeaqyg/SourcePackages/checkouts/grpc-binary/grpcpp-Wrapper/include -I/Users/fukushimatakumi/Library/Developer/Xcode/DerivedData/SugarBeat-hgoxfxbbugxkfsbmqcjlbmjeaqyg/SourcePackages/checkouts/nanopb/spm_headers -I/Users/fukushimatakumi/Library/Developer/Xcode/DerivedData/SugarBeat-hgoxfxbbugxkfsbmqcjlbmjeaqyg/SourcePackages/checkouts/leveldb/include -I/Users/fukushimatakumi/Library/Developer/Xcode/DerivedData/SugarBeat-hgoxfxbbugxkfsbmqcjlbmjeaqyg/SourcePackages/checkouts/firebase-ios-sdk/FirebaseCore/Extension -I/Users/fukushimatakumi/Library/Developer/Xcode/DerivedData/SugarBeat-hgoxfxbbugxkfsbmqcjlbmjeaqyg/SourcePackages/checkouts/firebase-ios-sdk/FirebaseCore/Sources/Public -I/Users/fukushimatakumi/Library/Developer/Xcode/DerivedData/SugarBeat-hgoxfxbbugxkfsbmqcjlbmjeaqyg/SourcePackages/checkouts/firebase-ios-sdk/CoreOnly/Sources -I/Users/fukushimatakumi/Library/Developer/Xcode/DerivedData/SugarBeat-hgoxfxbbugxkfsbmqcjlbmjeaqyg/SourcePackages/checkouts/firebase-ios-sdk/FirebaseAppCheck/Interop/Public -I/Users/fukushimatakumi/Library/Developer/Xcode/DerivedData/SugarBeat-hgoxfxbbugxkfsbmqcjlbmjeaqyg/SourcePackages/checkouts/firebase-ios-sdk/FirebaseFirestoreInternal -I/Users/fukushimatakumi/Library/Developer/Xcode/DerivedData/SugarBeat-hgoxfxbbugxkfsbmqcjlbmjeaqyg/Build/Products/Debug-iphonesimulator/include -I/Users/fukushimatakumi/Library/Developer/Xcode/DerivedData/SugarBeat-hgoxfxbbugxkfsbmqcjlbmjeaqyg/SourcePackages/checkouts/firebase-ios-sdk/SwiftPM-PlatformExclude/FirebaseFirestoreWrap/include -I/Users/fukushimatakumi/Library/Developer/Xcode/DerivedData/SugarBeat-hgoxfxbbugxkfsbmqcjlbmjeaqyg/Build/Intermediates.noindex/Firebase.build/Debug-iphonesimulator/FirebaseFirestoreTarget.build/DerivedSources-normal/arm64 -I/Users/fukushimatakumi/Library/Developer/Xcode/DerivedData/SugarBeat-hgoxfxbbugxkfsbmqcjlbmjeaqyg/Build/Intermediates.noindex/Firebase.build/Debug-iphonesimulator/FirebaseFirestoreTarget.build/DerivedSources/arm64 -I/Users/fukushimatakumi/Library/Developer/Xcode/DerivedData/SugarBeat-hgoxfxbbugxkfsbmqcjlbmjeaqyg/Build/Intermediates.noindex/Firebase.build/Debug-iphonesimulator/FirebaseFirestoreTarget.build/DerivedSources -F/Users/fukushimatakumi/Library/Developer/Xcode/DerivedData/SugarBeat-hgoxfxbbugxkfsbmqcjlbmjeaqyg/Build/Products/Debug-iphonesimulator/PackageFrameworks -F/Users/fukushimatakumi/Library/Developer/Xcode/DerivedData/SugarBeat-hgoxfxbbugxkfsbmqcjlbmjeaqyg/Build/Products/Debug-iphonesimulator/PackageFrameworks -F/Users/fukushimatakumi/Library/Developer/Xcode/DerivedData/SugarBeat-hgoxfxbbugxkfsbmqcjlbmjeaqyg/Build/Products/Debug-iphonesimulator/PackageFrameworks -F/Users/fukushimatakumi/Library/Developer/Xcode/DerivedData/SugarBeat-hgoxfxbbugxkfsbmqcjlbmjeaqyg/Build/Products/Debug-iphonesimulator/PackageFrameworks -F/Users/fukushimatakumi/Library/Developer/Xcode/DerivedData/SugarBeat-hgoxfxbbugxkfsbmqcjlbmjeaqyg/Build/Products/Debug-iphonesimulator/PackageFrameworks -F/Users/fukushimatakumi/Library/Developer/Xcode/DerivedData/SugarBeat-hgoxfxbbugxkfsbmqcjlbmjeaqyg/Build/Products/Debug-iphonesimulator/PackageFrameworks -F/Users/fukushimatakumi/Library/Developer/Xcode/DerivedData/SugarBeat-hgoxfxbbugxkfsbmqcjlbmjeaqyg/Build/Products/Debug-iphonesimulator/PackageFrameworks -F/Users/fukushimatakumi/Library/Developer/Xcode/DerivedData/SugarBeat-hgoxfxbbugxkfsbmqcjlbmjeaqyg/Build/Products/Debug-iphonesimulator/PackageFrameworks -F/Users/fukushimatakumi/Library/Developer/Xcode/DerivedData/SugarBeat-hgoxfxbbugxkfsbmqcjlbmjeaqyg/Build/Products/Debug-iphonesimulator/PackageFrameworks -F/Users/fukushimatakumi/Library/Developer/Xcode/DerivedData/SugarBeat-hgoxfxbbugxkfsbmqcjlbmjeaqyg/Build/Products/Debug-iphonesimulator/PackageFrameworks -F/Users/fukushimatakumi/Library/Developer/Xcode/DerivedData/SugarBeat-hgoxfxbbugxkfsbmqcjlbmjeaqyg/Build/Products/Debug-iphonesimulator/PackageFrameworks -F/Users/fukushimatakumi/Library/Developer/Xcode/DerivedData/SugarBeat-hgoxfxbbugxkfsbmqcjlbmjeaqyg/Build/Products/Debug-iphonesimulator/PackageFrameworks -F/Users/fukushimatakumi/Library/Developer/Xcode/DerivedData/SugarBeat-hgoxfxbbugxkfsbmqcjlbmjeaqyg/Build/Products/Debug-iphonesimulator/PackageFrameworks -F/Users/fukushimatakumi/Library/Developer/Xcode/DerivedData/SugarBeat-hgoxfxbbugxkfsbmqcjlbmjeaqyg/Build/Products/Debug-iphonesimulator/PackageFrameworks -F/Users/fukushimatakumi/Library/Developer/Xcode/DerivedData/SugarBeat-hgoxfxbbugxkfsbmqcjlbmjeaqyg/Build/Products/Debug-iphonesimulator/PackageFrameworks -F/Users/fukushimatakumi/Library/Developer/Xcode/DerivedData/SugarBeat-hgoxfxbbugxkfsbmqcjlbmjeaqyg/Build/Products/Debug-iphonesimulator/PackageFrameworks -F/Users/fukushimatakumi/Library/Developer/Xcode/DerivedData/SugarBeat-hgoxfxbbugxkfsbmqcjlbmjeaqyg/Build/Products/Debug-iphonesimulator/PackageFrameworks -F/Users/fukushimatakumi/Library/Developer/Xcode/DerivedData/SugarBeat-hgoxfxbbugxkfsbmqcjlbmjeaqyg/Build/Products/Debug-iphonesimulator/PackageFrameworks -F/Users/fukushimatakumi/Library/Developer/Xcode/DerivedData/SugarBeat-hgoxfxbbugxkfsbmqcjlbmjeaqyg/Build/Products/Debug-iphonesimulator -iframework /Applications/Xcode.app/Contents/Developer/Platforms/iPhoneSimulator.platform/Developer/Library/Frameworks -iframework /Applications/Xcode.app/Contents/Developer/Platforms/iPhoneSimulator.platform/Developer/SDKs/iPhoneSimulator18.4.sdk/Developer/Library/Frameworks '-fmodule-map-file=/Users/fukushimatakumi/Library/Developer/Xcode/DerivedData/SugarBeat-hgoxfxbbugxkfsbmqcjlbmjeaqyg/Build/Intermediates.noindex/GeneratedModuleMaps-iphonesimulator/GoogleUtilities-NSData.modulemap' '-fmodule-map-file=/Users/fukushimatakumi/Library/Developer/Xcode/DerivedData/SugarBeat-hgoxfxbbugxkfsbmqcjlbmjeaqyg/Build/Intermediates.noindex/GeneratedModuleMaps-iphonesimulator/GoogleUtilities-Environment.modulemap' '-fmodule-map-file=/Users/fukushimatakumi/Library/Developer/Xcode/DerivedData/SugarBeat-hgoxfxbbugxkfsbmqcjlbmjeaqyg/Build/Intermediates.noindex/GeneratedModuleMaps-iphonesimulator/third-party-IsAppEncrypted.modulemap' '-fmodule-map-file=/Users/fukushimatakumi/Library/Developer/Xcode/DerivedData/SugarBeat-hgoxfxbbugxkfsbmqcjlbmjeaqyg/Build/Intermediates.noindex/GeneratedModuleMaps-iphonesimulator/GoogleUtilities-Logger.modulemap' '-fmodule-map-file=/Users/fukushimatakumi/Library/Developer/Xcode/DerivedData/SugarBeat-hgoxfxbbugxkfsbmqcjlbmjeaqyg/Build/Intermediates.noindex/GeneratedModuleMaps-iphonesimulator/abslWrapper.modulemap' '-fmodule-map-file=/Users/fukushimatakumi/Library/Developer/Xcode/DerivedData/SugarBeat-hgoxfxbbugxkfsbmqcjlbmjeaqyg/Build/Intermediates.noindex/GeneratedModuleMaps-iphonesimulator/opensslWrapper.modulemap' '-fmodule-map-file=/Users/fukushimatakumi/Library/Developer/Xcode/DerivedData/SugarBeat-hgoxfxbbugxkfsbmqcjlbmjeaqyg/Build/Intermediates.noindex/GeneratedModuleMaps-iphonesimulator/grpcWrapper.modulemap' '-fmodule-map-file=/Users/fukushimatakumi/Library/Developer/Xcode/DerivedData/SugarBeat-hgoxfxbbugxkfsbmqcjlbmjeaqyg/Build/Intermediates.noindex/GeneratedModuleMaps-iphonesimulator/grpcppWrapper.modulemap' '-fmodule-map-file=/Users/fukushimatakumi/Library/Developer/Xcode/DerivedData/SugarBeat-hgoxfxbbugxkfsbmqcjlbmjeaqyg/Build/Intermediates.noindex/GeneratedModuleMaps-iphonesimulator/nanopb.modulemap' '-fmodule-map-file=/Users/fukushimatakumi/Library/Developer/Xcode/DerivedData/SugarBeat-hgoxfxbbugxkfsbmqcjlbmjeaqyg/Build/Intermediates.noindex/GeneratedModuleMaps-iphonesimulator/leveldb.modulemap' '-fmodule-map-file=/Users/fukushimatakumi/Library/Developer/Xcode/DerivedData/SugarBeat-hgoxfxbbugxkfsbmqcjlbmjeaqyg/Build/Intermediates.noindex/GeneratedModuleMaps-iphonesimulator/FirebaseFirestore.modulemap' '-fmodule-map-file=/Users/fukushimatakumi/Library/Developer/Xcode/DerivedData/SugarBeat-hgoxfxbbugxkfsbmqcjlbmjeaqyg/Build/Intermediates.noindex/GeneratedModuleMaps-iphonesimulator/FirebaseSharedSwift.modulemap' '-fmodule-map-file=/Users/fukushimatakumi/Library/Developer/Xcode/DerivedData/SugarBeat-hgoxfxbbugxkfsbmqcjlbmjeaqyg/Build/Intermediates.noindex/GeneratedModuleMaps-iphonesimulator/FirebaseCoreExtension.modulemap' '-fmodule-map-file=/Users/fukushimatakumi/Library/Developer/Xcode/DerivedData/SugarBeat-hgoxfxbbugxkfsbmqcjlbmjeaqyg/Build/Intermediates.noindex/GeneratedModuleMaps-iphonesimulator/FirebaseCore.modulemap' '-fmodule-map-file=/Users/fukushimatakumi/Library/Developer/Xcode/DerivedData/SugarBeat-hgoxfxbbugxkfsbmqcjlbmjeaqyg/Build/Intermediates.noindex/GeneratedModuleMaps-iphonesimulator/FirebaseCoreInternal.modulemap' '-fmodule-map-file=/Users/fukushimatakumi/Library/Developer/Xcode/DerivedData/SugarBeat-hgoxfxbbugxkfsbmqcjlbmjeaqyg/Build/Intermediates.noindex/GeneratedModuleMaps-iphonesimulator/FirebaseAppCheckInterop.modulemap' '-fmodule-map-file=/Users/fukushimatakumi/Library/Developer/Xcode/DerivedData/SugarBeat-hgoxfxbbugxkfsbmqcjlbmjeaqyg/Build/Intermediates.noindex/GeneratedModuleMaps-iphonesimulator/FirebaseFirestoreInternalWrapper.modulemap' -DXcode

WriteAuxiliaryFile /Users/fukushimatakumi/Library/Developer/Xcode/DerivedData/SugarBeat-hgoxfxbbugxkfsbmqcjlbmjeaqyg/Build/Intermediates.noindex/Firebase.build/Debug-iphonesimulator/FirebaseFirestoreTarget.build/Objects-normal/arm64/FirebaseFirestoreTarget.LinkFileList (in target 'FirebaseFirestoreTarget' from project 'Firebase')
    cd /Users/fukushimatakumi/Library/Developer/Xcode/DerivedData/SugarBeat-hgoxfxbbugxkfsbmqcjlbmjeaqyg/SourcePackages/checkouts/firebase-ios-sdk
    write-file /Users/fukushimatakumi/Library/Developer/Xcode/DerivedData/SugarBeat-hgoxfxbbugxkfsbmqcjlbmjeaqyg/Build/Intermediates.noindex/Firebase.build/Debug-iphonesimulator/FirebaseFirestoreTarget.build/Objects-normal/arm64/FirebaseFirestoreTarget.LinkFileList

WriteAuxiliaryFile /Users/fukushimatakumi/Library/Developer/Xcode/DerivedData/SugarBeat-hgoxfxbbugxkfsbmqcjlbmjeaqyg/Build/Intermediates.noindex/Firebase.build/Debug-iphonesimulator/FirebaseFirestoreTarget.build/FirebaseFirestoreTarget.modulemap (in target 'FirebaseFirestoreTarget' from project 'Firebase')
    cd /Users/fukushimatakumi/Library/Developer/Xcode/DerivedData/SugarBeat-hgoxfxbbugxkfsbmqcjlbmjeaqyg/SourcePackages/checkouts/firebase-ios-sdk
    write-file /Users/fukushimatakumi/Library/Developer/Xcode/DerivedData/SugarBeat-hgoxfxbbugxkfsbmqcjlbmjeaqyg/Build/Intermediates.noindex/Firebase.build/Debug-iphonesimulator/FirebaseFirestoreTarget.build/FirebaseFirestoreTarget.modulemap

WriteAuxiliaryFile /Users/fukushimatakumi/Library/Developer/Xcode/DerivedData/SugarBeat-hgoxfxbbugxkfsbmqcjlbmjeaqyg/Build/Intermediates.noindex/Firebase.build/Debug-iphonesimulator/FirebaseFirestoreTarget.build/FirebaseFirestoreTarget.DependencyStaticMetadataFileList (in target 'FirebaseFirestoreTarget' from project 'Firebase')
    cd /Users/fukushimatakumi/Library/Developer/Xcode/DerivedData/SugarBeat-hgoxfxbbugxkfsbmqcjlbmjeaqyg/SourcePackages/checkouts/firebase-ios-sdk
    write-file /Users/fukushimatakumi/Library/Developer/Xcode/DerivedData/SugarBeat-hgoxfxbbugxkfsbmqcjlbmjeaqyg/Build/Intermediates.noindex/Firebase.build/Debug-iphonesimulator/FirebaseFirestoreTarget.build/FirebaseFirestoreTarget.DependencyStaticMetadataFileList

WriteAuxiliaryFile /Users/fukushimatakumi/Library/Developer/Xcode/DerivedData/SugarBeat-hgoxfxbbugxkfsbmqcjlbmjeaqyg/Build/Intermediates.noindex/Firebase.build/Debug-iphonesimulator/FirebaseFirestoreTarget.build/FirebaseFirestoreTarget.DependencyMetadataFileList (in target 'FirebaseFirestoreTarget' from project 'Firebase')
    cd /Users/fukushimatakumi/Library/Developer/Xcode/DerivedData/SugarBeat-hgoxfxbbugxkfsbmqcjlbmjeaqyg/SourcePackages/checkouts/firebase-ios-sdk
    write-file /Users/fukushimatakumi/Library/Developer/Xcode/DerivedData/SugarBeat-hgoxfxbbugxkfsbmqcjlbmjeaqyg/Build/Intermediates.noindex/Firebase.build/Debug-iphonesimulator/FirebaseFirestoreTarget.build/FirebaseFirestoreTarget.DependencyMetadataFileList

WriteAuxiliaryFile /Users/fukushimatakumi/Library/Developer/Xcode/DerivedData/SugarBeat-hgoxfxbbugxkfsbmqcjlbmjeaqyg/Build/Intermediates.noindex/Firebase.build/Debug-iphonesimulator/FirebaseFirestoreInternalWrapper.build/FirebaseFirestoreInternalWrapper.modulemap (in target 'FirebaseFirestoreInternalWrapper' from project 'Firebase')
    cd /Users/fukushimatakumi/Library/Developer/Xcode/DerivedData/SugarBeat-hgoxfxbbugxkfsbmqcjlbmjeaqyg/SourcePackages/checkouts/firebase-ios-sdk
    write-file /Users/fukushimatakumi/Library/Developer/Xcode/DerivedData/SugarBeat-hgoxfxbbugxkfsbmqcjlbmjeaqyg/Build/Intermediates.noindex/Firebase.build/Debug-iphonesimulator/FirebaseFirestoreInternalWrapper.build/FirebaseFirestoreInternalWrapper.modulemap

WriteAuxiliaryFile /Users/fukushimatakumi/Library/Developer/Xcode/DerivedData/SugarBeat-hgoxfxbbugxkfsbmqcjlbmjeaqyg/Build/Intermediates.noindex/Firebase.build/Debug-iphonesimulator/FirebaseFirestoreInternalWrapper.build/Objects-normal/arm64/FirebaseFirestoreInternalWrapper.LinkFileList (in target 'FirebaseFirestoreInternalWrapper' from project 'Firebase')
    cd /Users/fukushimatakumi/Library/Developer/Xcode/DerivedData/SugarBeat-hgoxfxbbugxkfsbmqcjlbmjeaqyg/SourcePackages/checkouts/firebase-ios-sdk
    write-file /Users/fukushimatakumi/Library/Developer/Xcode/DerivedData/SugarBeat-hgoxfxbbugxkfsbmqcjlbmjeaqyg/Build/Intermediates.noindex/Firebase.build/Debug-iphonesimulator/FirebaseFirestoreInternalWrapper.build/Objects-normal/arm64/FirebaseFirestoreInternalWrapper.LinkFileList

WriteAuxiliaryFile /Users/fukushimatakumi/Library/Developer/Xcode/DerivedData/SugarBeat-hgoxfxbbugxkfsbmqcjlbmjeaqyg/Build/Intermediates.noindex/Firebase.build/Debug-iphonesimulator/FirebaseFirestoreInternalWrapper.build/Objects-normal/arm64/e6072d4f65d7061329687fe24e3d63a7-common-args.resp (in target 'FirebaseFirestoreInternalWrapper' from project 'Firebase')
    cd /Users/fukushimatakumi/Library/Developer/Xcode/DerivedData/SugarBeat-hgoxfxbbugxkfsbmqcjlbmjeaqyg/SourcePackages/checkouts/firebase-ios-sdk
    write-file /Users/fukushimatakumi/Library/Developer/Xcode/DerivedData/SugarBeat-hgoxfxbbugxkfsbmqcjlbmjeaqyg/Build/Intermediates.noindex/Firebase.build/Debug-iphonesimulator/FirebaseFirestoreInternalWrapper.build/Objects-normal/arm64/e6072d4f65d7061329687fe24e3d63a7-common-args.resp
-target arm64-apple-ios15.0-simulator -fobjc-arc -fmodules -gmodules '-fmodules-cache-path=/Users/fukushimatakumi/Library/Developer/Xcode/DerivedData/ModuleCache.noindex' '-fmodule-name=FirebaseFirestoreInternalWrapper' -fpascal-strings -O0 -DSWIFT_PACKAGE '-DDEBUG=1' '-DOBJC_OLD_DISPATCH_PROTOTYPES=1' -isysroot /Applications/Xcode.app/Contents/Developer/Platforms/iPhoneSimulator.platform/Developer/SDKs/iPhoneSimulator18.4.sdk -g '-fobjc-abi-version=2' -fobjc-legacy-dispatch -I/Users/fukushimatakumi/Library/Developer/Xcode/DerivedData/SugarBeat-hgoxfxbbugxkfsbmqcjlbmjeaqyg/Build/Products/Debug-iphonesimulator/include -I/Users/fukushimatakumi/Library/Developer/Xcode/DerivedData/SugarBeat-hgoxfxbbugxkfsbmqcjlbmjeaqyg/SourcePackages/checkouts/firebase-ios-sdk/FirebaseFirestoreInternal -I/Users/fukushimatakumi/Library/Developer/Xcode/DerivedData/SugarBeat-hgoxfxbbugxkfsbmqcjlbmjeaqyg/Build/Intermediates.noindex/Firebase.build/Debug-iphonesimulator/FirebaseFirestoreInternalWrapper.build/DerivedSources-normal/arm64 -I/Users/fukushimatakumi/Library/Developer/Xcode/DerivedData/SugarBeat-hgoxfxbbugxkfsbmqcjlbmjeaqyg/Build/Intermediates.noindex/Firebase.build/Debug-iphonesimulator/FirebaseFirestoreInternalWrapper.build/DerivedSources/arm64 -I/Users/fukushimatakumi/Library/Developer/Xcode/DerivedData/SugarBeat-hgoxfxbbugxkfsbmqcjlbmjeaqyg/Build/Intermediates.noindex/Firebase.build/Debug-iphonesimulator/FirebaseFirestoreInternalWrapper.build/DerivedSources -F/Users/fukushimatakumi/Library/Developer/Xcode/DerivedData/SugarBeat-hgoxfxbbugxkfsbmqcjlbmjeaqyg/Build/Products/Debug-iphonesimulator -iframework /Applications/Xcode.app/Contents/Developer/Platforms/iPhoneSimulator.platform/Developer/Library/Frameworks -iframework /Applications/Xcode.app/Contents/Developer/Platforms/iPhoneSimulator.platform/Developer/SDKs/iPhoneSimulator18.4.sdk/Developer/Library/Frameworks -DXcode

WriteAuxiliaryFile /Users/fukushimatakumi/Library/Developer/Xcode/DerivedData/SugarBeat-hgoxfxbbugxkfsbmqcjlbmjeaqyg/Build/Intermediates.noindex/Firebase.build/Debug-iphonesimulator/FirebaseFirestoreInternalWrapper.build/FirebaseFirestoreInternalWrapper.DependencyStaticMetadataFileList (in target 'FirebaseFirestoreInternalWrapper' from project 'Firebase')
    cd /Users/fukushimatakumi/Library/Developer/Xcode/DerivedData/SugarBeat-hgoxfxbbugxkfsbmqcjlbmjeaqyg/SourcePackages/checkouts/firebase-ios-sdk
    write-file /Users/fukushimatakumi/Library/Developer/Xcode/DerivedData/SugarBeat-hgoxfxbbugxkfsbmqcjlbmjeaqyg/Build/Intermediates.noindex/Firebase.build/Debug-iphonesimulator/FirebaseFirestoreInternalWrapper.build/FirebaseFirestoreInternalWrapper.DependencyStaticMetadataFileList

WriteAuxiliaryFile /Users/fukushimatakumi/Library/Developer/Xcode/DerivedData/SugarBeat-hgoxfxbbugxkfsbmqcjlbmjeaqyg/Build/Intermediates.noindex/Firebase.build/Debug-iphonesimulator/FirebaseFirestoreInternalWrapper.build/FirebaseFirestoreInternalWrapper.DependencyMetadataFileList (in target 'FirebaseFirestoreInternalWrapper' from project 'Firebase')
    cd /Users/fukushimatakumi/Library/Developer/Xcode/DerivedData/SugarBeat-hgoxfxbbugxkfsbmqcjlbmjeaqyg/SourcePackages/checkouts/firebase-ios-sdk
    write-file /Users/fukushimatakumi/Library/Developer/Xcode/DerivedData/SugarBeat-hgoxfxbbugxkfsbmqcjlbmjeaqyg/Build/Intermediates.noindex/Firebase.build/Debug-iphonesimulator/FirebaseFirestoreInternalWrapper.build/FirebaseFirestoreInternalWrapper.DependencyMetadataFileList

Copy /Users/fukushimatakumi/Library/Developer/Xcode/DerivedData/SugarBeat-hgoxfxbbugxkfsbmqcjlbmjeaqyg/Build/Intermediates.noindex/GeneratedModuleMaps-iphonesimulator/FirebaseFirestoreTarget.modulemap /Users/fukushimatakumi/Library/Developer/Xcode/DerivedData/SugarBeat-hgoxfxbbugxkfsbmqcjlbmjeaqyg/Build/Intermediates.noindex/Firebase.build/Debug-iphonesimulator/FirebaseFirestoreTarget.build/FirebaseFirestoreTarget.modulemap (in target 'FirebaseFirestoreTarget' from project 'Firebase')
    cd /Users/fukushimatakumi/Library/Developer/Xcode/DerivedData/SugarBeat-hgoxfxbbugxkfsbmqcjlbmjeaqyg/SourcePackages/checkouts/firebase-ios-sdk
    builtin-copy -exclude .DS_Store -exclude CVS -exclude .svn -exclude .git -exclude .hg -resolve-src-symlinks /Users/fukushimatakumi/Library/Developer/Xcode/DerivedData/SugarBeat-hgoxfxbbugxkfsbmqcjlbmjeaqyg/Build/Intermediates.noindex/Firebase.build/Debug-iphonesimulator/FirebaseFirestoreTarget.build/FirebaseFirestoreTarget.modulemap /Users/fukushimatakumi/Library/Developer/Xcode/DerivedData/SugarBeat-hgoxfxbbugxkfsbmqcjlbmjeaqyg/Build/Intermediates.noindex/GeneratedModuleMaps-iphonesimulator

WriteAuxiliaryFile /Users/fukushimatakumi/Library/Developer/Xcode/DerivedData/SugarBeat-hgoxfxbbugxkfsbmqcjlbmjeaqyg/Build/Intermediates.noindex/Firebase.build/Debug-iphonesimulator/FirebaseFirestore.build/Objects-normal/arm64/FirebaseFirestore_const_extract_protocols.json (in target 'FirebaseFirestore' from project 'Firebase')
    cd /Users/fukushimatakumi/Library/Developer/Xcode/DerivedData/SugarBeat-hgoxfxbbugxkfsbmqcjlbmjeaqyg/SourcePackages/checkouts/firebase-ios-sdk
    write-file /Users/fukushimatakumi/Library/Developer/Xcode/DerivedData/SugarBeat-hgoxfxbbugxkfsbmqcjlbmjeaqyg/Build/Intermediates.noindex/Firebase.build/Debug-iphonesimulator/FirebaseFirestore.build/Objects-normal/arm64/FirebaseFirestore_const_extract_protocols.json

Copy /Users/fukushimatakumi/Library/Developer/Xcode/DerivedData/SugarBeat-hgoxfxbbugxkfsbmqcjlbmjeaqyg/Build/Intermediates.noindex/GeneratedModuleMaps-iphonesimulator/FirebaseFirestoreInternalWrapper.modulemap /Users/fukushimatakumi/Library/Developer/Xcode/DerivedData/SugarBeat-hgoxfxbbugxkfsbmqcjlbmjeaqyg/Build/Intermediates.noindex/Firebase.build/Debug-iphonesimulator/FirebaseFirestoreInternalWrapper.build/FirebaseFirestoreInternalWrapper.modulemap (in target 'FirebaseFirestoreInternalWrapper' from project 'Firebase')
    cd /Users/fukushimatakumi/Library/Developer/Xcode/DerivedData/SugarBeat-hgoxfxbbugxkfsbmqcjlbmjeaqyg/SourcePackages/checkouts/firebase-ios-sdk
    builtin-copy -exclude .DS_Store -exclude CVS -exclude .svn -exclude .git -exclude .hg -resolve-src-symlinks /Users/fukushimatakumi/Library/Developer/Xcode/DerivedData/SugarBeat-hgoxfxbbugxkfsbmqcjlbmjeaqyg/Build/Intermediates.noindex/Firebase.build/Debug-iphonesimulator/FirebaseFirestoreInternalWrapper.build/FirebaseFirestoreInternalWrapper.modulemap /Users/fukushimatakumi/Library/Developer/Xcode/DerivedData/SugarBeat-hgoxfxbbugxkfsbmqcjlbmjeaqyg/Build/Intermediates.noindex/GeneratedModuleMaps-iphonesimulator

WriteAuxiliaryFile /Users/fukushimatakumi/Library/Developer/Xcode/DerivedData/SugarBeat-hgoxfxbbugxkfsbmqcjlbmjeaqyg/Build/Intermediates.noindex/Firebase.build/Debug-iphonesimulator/FirebaseFirestore.build/Objects-normal/arm64/FirebaseFirestore.SwiftFileList (in target 'FirebaseFirestore' from project 'Firebase')
    cd /Users/fukushimatakumi/Library/Developer/Xcode/DerivedData/SugarBeat-hgoxfxbbugxkfsbmqcjlbmjeaqyg/SourcePackages/checkouts/firebase-ios-sdk
    write-file /Users/fukushimatakumi/Library/Developer/Xcode/DerivedData/SugarBeat-hgoxfxbbugxkfsbmqcjlbmjeaqyg/Build/Intermediates.noindex/Firebase.build/Debug-iphonesimulator/FirebaseFirestore.build/Objects-normal/arm64/FirebaseFirestore.SwiftFileList

WriteAuxiliaryFile /Users/fukushimatakumi/Library/Developer/Xcode/DerivedData/SugarBeat-hgoxfxbbugxkfsbmqcjlbmjeaqyg/Build/Intermediates.noindex/Firebase.build/Debug-iphonesimulator/FirebaseFirestore.build/Objects-normal/arm64/FirebaseFirestore.SwiftConstValuesFileList (in target 'FirebaseFirestore' from project 'Firebase')
    cd /Users/fukushimatakumi/Library/Developer/Xcode/DerivedData/SugarBeat-hgoxfxbbugxkfsbmqcjlbmjeaqyg/SourcePackages/checkouts/firebase-ios-sdk
    write-file /Users/fukushimatakumi/Library/Developer/Xcode/DerivedData/SugarBeat-hgoxfxbbugxkfsbmqcjlbmjeaqyg/Build/Intermediates.noindex/Firebase.build/Debug-iphonesimulator/FirebaseFirestore.build/Objects-normal/arm64/FirebaseFirestore.SwiftConstValuesFileList

WriteAuxiliaryFile /Users/fukushimatakumi/Library/Developer/Xcode/DerivedData/SugarBeat-hgoxfxbbugxkfsbmqcjlbmjeaqyg/Build/Intermediates.noindex/Firebase.build/Debug-iphonesimulator/FirebaseFirestore.build/Objects-normal/arm64/FirebaseFirestore.LinkFileList (in target 'FirebaseFirestore' from project 'Firebase')
    cd /Users/fukushimatakumi/Library/Developer/Xcode/DerivedData/SugarBeat-hgoxfxbbugxkfsbmqcjlbmjeaqyg/SourcePackages/checkouts/firebase-ios-sdk
    write-file /Users/fukushimatakumi/Library/Developer/Xcode/DerivedData/SugarBeat-hgoxfxbbugxkfsbmqcjlbmjeaqyg/Build/Intermediates.noindex/Firebase.build/Debug-iphonesimulator/FirebaseFirestore.build/Objects-normal/arm64/FirebaseFirestore.LinkFileList

WriteAuxiliaryFile /Users/fukushimatakumi/Library/Developer/Xcode/DerivedData/SugarBeat-hgoxfxbbugxkfsbmqcjlbmjeaqyg/Build/Intermediates.noindex/Firebase.build/Debug-iphonesimulator/FirebaseFirestore.build/Objects-normal/arm64/FirebaseFirestore-OutputFileMap.json (in target 'FirebaseFirestore' from project 'Firebase')
    cd /Users/fukushimatakumi/Library/Developer/Xcode/DerivedData/SugarBeat-hgoxfxbbugxkfsbmqcjlbmjeaqyg/SourcePackages/checkouts/firebase-ios-sdk
    write-file /Users/fukushimatakumi/Library/Developer/Xcode/DerivedData/SugarBeat-hgoxfxbbugxkfsbmqcjlbmjeaqyg/Build/Intermediates.noindex/Firebase.build/Debug-iphonesimulator/FirebaseFirestore.build/Objects-normal/arm64/FirebaseFirestore-OutputFileMap.json

WriteAuxiliaryFile /Users/fukushimatakumi/Library/Developer/Xcode/DerivedData/SugarBeat-hgoxfxbbugxkfsbmqcjlbmjeaqyg/Build/Intermediates.noindex/Firebase.build/Debug-iphonesimulator/FirebaseFirestore.build/FirebaseFirestore.modulemap (in target 'FirebaseFirestore' from project 'Firebase')
    cd /Users/fukushimatakumi/Library/Developer/Xcode/DerivedData/SugarBeat-hgoxfxbbugxkfsbmqcjlbmjeaqyg/SourcePackages/checkouts/firebase-ios-sdk
    write-file /Users/fukushimatakumi/Library/Developer/Xcode/DerivedData/SugarBeat-hgoxfxbbugxkfsbmqcjlbmjeaqyg/Build/Intermediates.noindex/Firebase.build/Debug-iphonesimulator/FirebaseFirestore.build/FirebaseFirestore.modulemap

WriteAuxiliaryFile /Users/fukushimatakumi/Library/Developer/Xcode/DerivedData/SugarBeat-hgoxfxbbugxkfsbmqcjlbmjeaqyg/Build/Intermediates.noindex/Firebase.build/Debug-iphonesimulator/FirebaseFirestore.build/FirebaseFirestore.DependencyStaticMetadataFileList (in target 'FirebaseFirestore' from project 'Firebase')
    cd /Users/fukushimatakumi/Library/Developer/Xcode/DerivedData/SugarBeat-hgoxfxbbugxkfsbmqcjlbmjeaqyg/SourcePackages/checkouts/firebase-ios-sdk
    write-file /Users/fukushimatakumi/Library/Developer/Xcode/DerivedData/SugarBeat-hgoxfxbbugxkfsbmqcjlbmjeaqyg/Build/Intermediates.noindex/Firebase.build/Debug-iphonesimulator/FirebaseFirestore.build/FirebaseFirestore.DependencyStaticMetadataFileList

WriteAuxiliaryFile /Users/fukushimatakumi/Library/Developer/Xcode/DerivedData/SugarBeat-hgoxfxbbugxkfsbmqcjlbmjeaqyg/Build/Intermediates.noindex/Firebase.build/Debug-iphonesimulator/FirebaseFirestore.build/FirebaseFirestore.DependencyMetadataFileList (in target 'FirebaseFirestore' from project 'Firebase')
    cd /Users/fukushimatakumi/Library/Developer/Xcode/DerivedData/SugarBeat-hgoxfxbbugxkfsbmqcjlbmjeaqyg/SourcePackages/checkouts/firebase-ios-sdk
    write-file /Users/fukushimatakumi/Library/Developer/Xcode/DerivedData/SugarBeat-hgoxfxbbugxkfsbmqcjlbmjeaqyg/Build/Intermediates.noindex/Firebase.build/Debug-iphonesimulator/FirebaseFirestore.build/FirebaseFirestore.DependencyMetadataFileList

WriteAuxiliaryFile /Users/fukushimatakumi/Library/Developer/Xcode/DerivedData/SugarBeat-hgoxfxbbugxkfsbmqcjlbmjeaqyg/Build/Intermediates.noindex/Firebase.build/Debug-iphonesimulator/FirebaseFirestore.build/DerivedSources/resource_bundle_accessor.swift (in target 'FirebaseFirestore' from project 'Firebase')
    cd /Users/fukushimatakumi/Library/Developer/Xcode/DerivedData/SugarBeat-hgoxfxbbugxkfsbmqcjlbmjeaqyg/SourcePackages/checkouts/firebase-ios-sdk
    write-file /Users/fukushimatakumi/Library/Developer/Xcode/DerivedData/SugarBeat-hgoxfxbbugxkfsbmqcjlbmjeaqyg/Build/Intermediates.noindex/Firebase.build/Debug-iphonesimulator/FirebaseFirestore.build/DerivedSources/resource_bundle_accessor.swift

PrecompileModule /Users/fukushimatakumi/Library/Developer/Xcode/DerivedData/SugarBeat-hgoxfxbbugxkfsbmqcjlbmjeaqyg/Build/Intermediates.noindex/ExplicitPrecompiledModules/Metal-AZQ21MGZ4FZLLFQJ3V5ZERBWM.scan
    cd /Users/fukushimatakumi/develop/sugarbeat/sugarbeat-front
    builtin-precompileModule /Users/fukushimatakumi/Library/Developer/Xcode/DerivedData/SugarBeat-hgoxfxbbugxkfsbmqcjlbmjeaqyg/Build/Intermediates.noindex/ExplicitPrecompiledModules/Metal-AZQ21MGZ4FZLLFQJ3V5ZERBWM.scan

ScanDependencies /Users/fukushimatakumi/Library/Developer/Xcode/DerivedData/SugarBeat-hgoxfxbbugxkfsbmqcjlbmjeaqyg/Build/Intermediates.noindex/GoogleUserMessagingPlatform.build/Debug-iphonesimulator/UserMessagingPlatformTarget.build/Objects-normal/arm64/placeholder.o /Users/fukushimatakumi/Library/Developer/Xcode/DerivedData/SugarBeat-hgoxfxbbugxkfsbmqcjlbmjeaqyg/SourcePackages/checkouts/swift-package-manager-google-user-messaging-platform/UserMessagingPlatformTarget/placeholder.m normal arm64 objective-c com.apple.compilers.llvm.clang.1_0.compiler (in target 'UserMessagingPlatformTarget' from project 'GoogleUserMessagingPlatform')
    cd /Users/fukushimatakumi/develop/sugarbeat/sugarbeat-front
    
    Using response file: /Users/fukushimatakumi/Library/Developer/Xcode/DerivedData/SugarBeat-hgoxfxbbugxkfsbmqcjlbmjeaqyg/Build/Intermediates.noindex/GoogleUserMessagingPlatform.build/Debug-iphonesimulator/UserMessagingPlatformTarget.build/Objects-normal/arm64/e6072d4f65d7061329687fe24e3d63a7-common-args.resp
    
    builtin-ScanDependencies -o /Users/fukushimatakumi/Library/Developer/Xcode/DerivedData/SugarBeat-hgoxfxbbugxkfsbmqcjlbmjeaqyg/Build/Intermediates.noindex/GoogleUserMessagingPlatform.build/Debug-iphonesimulator/UserMessagingPlatformTarget.build/Objects-normal/arm64/placeholder.o.scan -- /Applications/Xcode.app/Contents/Developer/Toolchains/XcodeDefault.xctoolchain/usr/bin/clang -x objective-c -ivfsstatcache /Users/fukushimatakumi/Library/Developer/Xcode/DerivedData/SDKStatCaches.noindex/iphonesimulator18.4-22E235-71825a6d136aa4733edcbe86ece5525b.sdkstatcache -fmessage-length\=0 -fdiagnostics-show-note-include-stack -fmacro-backtrace-limit\=0 -fno-color-diagnostics -fmodules-prune-interval\=86400 -fmodules-prune-after\=345600 -fbuild-session-file\=/Users/fukushimatakumi/Library/Developer/Xcode/DerivedData/ModuleCache.noindex/Session.modulevalidation -fmodules-validate-once-per-build-session -Wnon-modular-include-in-framework-module -Werror\=non-modular-include-in-framework-module -Wno-trigraphs -Wno-missing-field-initializers -Wno-missing-prototypes -Wno-return-type -Wno-implicit-atomic-properties -Wno-objc-interface-ivars -Wno-arc-repeated-use-of-weak -Wno-missing-braces -Wparentheses -Wswitch -Wno-unused-function -Wno-unused-label -Wno-unused-parameter -Wno-unused-variable -Wunused-value -Wno-empty-body -Wno-uninitialized -Wno-unknown-pragmas -w -Wno-shadow -Wno-four-char-constants -Wno-conversion -Wno-constant-conversion -Wno-int-conversion -Wno-bool-conversion -Wno-enum-conversion -Wno-float-conversion -Wno-non-literal-null-conversion -Wno-objc-literal-conversion -Wshorten-64-to-32 -Wpointer-sign -Wno-newline-eof -Wno-selector -Wno-strict-selector-match -Wno-undeclared-selector -Wno-deprecated-implementations -Wno-implicit-fallthrough -fstrict-aliasing -Wprotocol -Wdeprecated-declarations -Wno-sign-conversion -Wno-infinite-recursion -Wno-comma -Wno-block-capture-autoreleasing -Wno-strict-prototypes -Wno-semicolon-before-method-body -index-store-path /Users/fukushimatakumi/Library/Developer/Xcode/DerivedData/SugarBeat-hgoxfxbbugxkfsbmqcjlbmjeaqyg/Index.noindex/DataStore @/Users/fukushimatakumi/Library/Developer/Xcode/DerivedData/SugarBeat-hgoxfxbbugxkfsbmqcjlbmjeaqyg/Build/Intermediates.noindex/GoogleUserMessagingPlatform.build/Debug-iphonesimulator/UserMessagingPlatformTarget.build/Objects-normal/arm64/e6072d4f65d7061329687fe24e3d63a7-common-args.resp -MMD -MT dependencies -MF /Users/fukushimatakumi/Library/Developer/Xcode/DerivedData/SugarBeat-hgoxfxbbugxkfsbmqcjlbmjeaqyg/Build/Intermediates.noindex/GoogleUserMessagingPlatform.build/Debug-iphonesimulator/UserMessagingPlatformTarget.build/Objects-normal/arm64/placeholder.d --serialize-diagnostics /Users/fukushimatakumi/Library/Developer/Xcode/DerivedData/SugarBeat-hgoxfxbbugxkfsbmqcjlbmjeaqyg/Build/Intermediates.noindex/GoogleUserMessagingPlatform.build/Debug-iphonesimulator/UserMessagingPlatformTarget.build/Objects-normal/arm64/placeholder.dia -c /Users/fukushimatakumi/Library/Developer/Xcode/DerivedData/SugarBeat-hgoxfxbbugxkfsbmqcjlbmjeaqyg/SourcePackages/checkouts/swift-package-manager-google-user-messaging-platform/UserMessagingPlatformTarget/placeholder.m -o /Users/fukushimatakumi/Library/Developer/Xcode/DerivedData/SugarBeat-hgoxfxbbugxkfsbmqcjlbmjeaqyg/Build/Intermediates.noindex/GoogleUserMessagingPlatform.build/Debug-iphonesimulator/UserMessagingPlatformTarget.build/Objects-normal/arm64/placeholder.o -index-unit-output-path /GoogleUserMessagingPlatform.build/Debug-iphonesimulator/UserMessagingPlatformTarget.build/Objects-normal/arm64/placeholder.o

ScanDependencies /Users/fukushimatakumi/Library/Developer/Xcode/DerivedData/SugarBeat-hgoxfxbbugxkfsbmqcjlbmjeaqyg/Build/Intermediates.noindex/Firebase.build/Debug-iphonesimulator/FirebaseAuthInternal.build/Objects-normal/arm64/FIRMultiFactorConstants.o /Users/fukushimatakumi/Library/Developer/Xcode/DerivedData/SugarBeat-hgoxfxbbugxkfsbmqcjlbmjeaqyg/SourcePackages/checkouts/firebase-ios-sdk/FirebaseAuth/Sources/ObjC/FIRMultiFactorConstants.m normal arm64 objective-c com.apple.compilers.llvm.clang.1_0.compiler (in target 'FirebaseAuthInternal' from project 'Firebase')
    cd /Users/fukushimatakumi/develop/sugarbeat/sugarbeat-front
    
    Using response file: /Users/fukushimatakumi/Library/Developer/Xcode/DerivedData/SugarBeat-hgoxfxbbugxkfsbmqcjlbmjeaqyg/Build/Intermediates.noindex/Firebase.build/Debug-iphonesimulator/FirebaseAuthInternal.build/Objects-normal/arm64/e6072d4f65d7061329687fe24e3d63a7-common-args.resp
    
    builtin-ScanDependencies -o /Users/fukushimatakumi/Library/Developer/Xcode/DerivedData/SugarBeat-hgoxfxbbugxkfsbmqcjlbmjeaqyg/Build/Intermediates.noindex/Firebase.build/Debug-iphonesimulator/FirebaseAuthInternal.build/Objects-normal/arm64/FIRMultiFactorConstants.o.scan -- /Applications/Xcode.app/Contents/Developer/Toolchains/XcodeDefault.xctoolchain/usr/bin/clang -x objective-c -ivfsstatcache /Users/fukushimatakumi/Library/Developer/Xcode/DerivedData/SDKStatCaches.noindex/iphonesimulator18.4-22E235-71825a6d136aa4733edcbe86ece5525b.sdkstatcache -fmessage-length\=0 -fdiagnostics-show-note-include-stack -fmacro-backtrace-limit\=0 -fno-color-diagnostics -fmodules-prune-interval\=86400 -fmodules-prune-after\=345600 -fbuild-session-file\=/Users/fukushimatakumi/Library/Developer/Xcode/DerivedData/ModuleCache.noindex/Session.modulevalidation -fmodules-validate-once-per-build-session -Wnon-modular-include-in-framework-module -Werror\=non-modular-include-in-framework-module -Wno-trigraphs -Wno-missing-field-initializers -Wno-missing-prototypes -Wno-return-type -Wno-implicit-atomic-properties -Wno-objc-interface-ivars -Wno-arc-repeated-use-of-weak -Wno-missing-braces -Wparentheses -Wswitch -Wno-unused-function -Wno-unused-label -Wno-unused-parameter -Wno-unused-variable -Wunused-value -Wno-empty-body -Wno-uninitialized -Wno-unknown-pragmas -w -Wno-shadow -Wno-four-char-constants -Wno-conversion -Wno-constant-conversion -Wno-int-conversion -Wno-bool-conversion -Wno-enum-conversion -Wno-float-conversion -Wno-non-literal-null-conversion -Wno-objc-literal-conversion -Wshorten-64-to-32 -Wpointer-sign -Wno-newline-eof -Wno-selector -Wno-strict-selector-match -Wno-undeclared-selector -Wno-deprecated-implementations -Wno-implicit-fallthrough -fstrict-aliasing -Wprotocol -Wdeprecated-declarations -Wno-sign-conversion -Wno-infinite-recursion -Wno-comma -Wno-block-capture-autoreleasing -Wno-strict-prototypes -Wno-semicolon-before-method-body -index-store-path /Users/fukushimatakumi/Library/Developer/Xcode/DerivedData/SugarBeat-hgoxfxbbugxkfsbmqcjlbmjeaqyg/Index.noindex/DataStore @/Users/fukushimatakumi/Library/Developer/Xcode/DerivedData/SugarBeat-hgoxfxbbugxkfsbmqcjlbmjeaqyg/Build/Intermediates.noindex/Firebase.build/Debug-iphonesimulator/FirebaseAuthInternal.build/Objects-normal/arm64/e6072d4f65d7061329687fe24e3d63a7-common-args.resp -MMD -MT dependencies -MF /Users/fukushimatakumi/Library/Developer/Xcode/DerivedData/SugarBeat-hgoxfxbbugxkfsbmqcjlbmjeaqyg/Build/Intermediates.noindex/Firebase.build/Debug-iphonesimulator/FirebaseAuthInternal.build/Objects-normal/arm64/FIRMultiFactorConstants.d --serialize-diagnostics /Users/fukushimatakumi/Library/Developer/Xcode/DerivedData/SugarBeat-hgoxfxbbugxkfsbmqcjlbmjeaqyg/Build/Intermediates.noindex/Firebase.build/Debug-iphonesimulator/FirebaseAuthInternal.build/Objects-normal/arm64/FIRMultiFactorConstants.dia -c /Users/fukushimatakumi/Library/Developer/Xcode/DerivedData/SugarBeat-hgoxfxbbugxkfsbmqcjlbmjeaqyg/SourcePackages/checkouts/firebase-ios-sdk/FirebaseAuth/Sources/ObjC/FIRMultiFactorConstants.m -o /Users/fukushimatakumi/Library/Developer/Xcode/DerivedData/SugarBeat-hgoxfxbbugxkfsbmqcjlbmjeaqyg/Build/Intermediates.noindex/Firebase.build/Debug-iphonesimulator/FirebaseAuthInternal.build/Objects-normal/arm64/FIRMultiFactorConstants.o -index-unit-output-path /Firebase.build/Debug-iphonesimulator/FirebaseAuthInternal.build/Objects-normal/arm64/FIRMultiFactorConstants.o

ScanDependencies /Users/fukushimatakumi/Library/Developer/Xcode/DerivedData/SugarBeat-hgoxfxbbugxkfsbmqcjlbmjeaqyg/Build/Intermediates.noindex/Firebase.build/Debug-iphonesimulator/FirebaseAuthInternal.build/Objects-normal/arm64/FIRAuthProvider.o /Users/fukushimatakumi/Library/Developer/Xcode/DerivedData/SugarBeat-hgoxfxbbugxkfsbmqcjlbmjeaqyg/SourcePackages/checkouts/firebase-ios-sdk/FirebaseAuth/Sources/ObjC/FIRAuthProvider.m normal arm64 objective-c com.apple.compilers.llvm.clang.1_0.compiler (in target 'FirebaseAuthInternal' from project 'Firebase')
    cd /Users/fukushimatakumi/develop/sugarbeat/sugarbeat-front
    
    Using response file: /Users/fukushimatakumi/Library/Developer/Xcode/DerivedData/SugarBeat-hgoxfxbbugxkfsbmqcjlbmjeaqyg/Build/Intermediates.noindex/Firebase.build/Debug-iphonesimulator/FirebaseAuthInternal.build/Objects-normal/arm64/e6072d4f65d7061329687fe24e3d63a7-common-args.resp
    
    builtin-ScanDependencies -o /Users/fukushimatakumi/Library/Developer/Xcode/DerivedData/SugarBeat-hgoxfxbbugxkfsbmqcjlbmjeaqyg/Build/Intermediates.noindex/Firebase.build/Debug-iphonesimulator/FirebaseAuthInternal.build/Objects-normal/arm64/FIRAuthProvider.o.scan -- /Applications/Xcode.app/Contents/Developer/Toolchains/XcodeDefault.xctoolchain/usr/bin/clang -x objective-c -ivfsstatcache /Users/fukushimatakumi/Library/Developer/Xcode/DerivedData/SDKStatCaches.noindex/iphonesimulator18.4-22E235-71825a6d136aa4733edcbe86ece5525b.sdkstatcache -fmessage-length\=0 -fdiagnostics-show-note-include-stack -fmacro-backtrace-limit\=0 -fno-color-diagnostics -fmodules-prune-interval\=86400 -fmodules-prune-after\=345600 -fbuild-session-file\=/Users/fukushimatakumi/Library/Developer/Xcode/DerivedData/ModuleCache.noindex/Session.modulevalidation -fmodules-validate-once-per-build-session -Wnon-modular-include-in-framework-module -Werror\=non-modular-include-in-framework-module -Wno-trigraphs -Wno-missing-field-initializers -Wno-missing-prototypes -Wno-return-type -Wno-implicit-atomic-properties -Wno-objc-interface-ivars -Wno-arc-repeated-use-of-weak -Wno-missing-braces -Wparentheses -Wswitch -Wno-unused-function -Wno-unused-label -Wno-unused-parameter -Wno-unused-variable -Wunused-value -Wno-empty-body -Wno-uninitialized -Wno-unknown-pragmas -w -Wno-shadow -Wno-four-char-constants -Wno-conversion -Wno-constant-conversion -Wno-int-conversion -Wno-bool-conversion -Wno-enum-conversion -Wno-float-conversion -Wno-non-literal-null-conversion -Wno-objc-literal-conversion -Wshorten-64-to-32 -Wpointer-sign -Wno-newline-eof -Wno-selector -Wno-strict-selector-match -Wno-undeclared-selector -Wno-deprecated-implementations -Wno-implicit-fallthrough -fstrict-aliasing -Wprotocol -Wdeprecated-declarations -Wno-sign-conversion -Wno-infinite-recursion -Wno-comma -Wno-block-capture-autoreleasing -Wno-strict-prototypes -Wno-semicolon-before-method-body -index-store-path /Users/fukushimatakumi/Library/Developer/Xcode/DerivedData/SugarBeat-hgoxfxbbugxkfsbmqcjlbmjeaqyg/Index.noindex/DataStore @/Users/fukushimatakumi/Library/Developer/Xcode/DerivedData/SugarBeat-hgoxfxbbugxkfsbmqcjlbmjeaqyg/Build/Intermediates.noindex/Firebase.build/Debug-iphonesimulator/FirebaseAuthInternal.build/Objects-normal/arm64/e6072d4f65d7061329687fe24e3d63a7-common-args.resp -MMD -MT dependencies -MF /Users/fukushimatakumi/Library/Developer/Xcode/DerivedData/SugarBeat-hgoxfxbbugxkfsbmqcjlbmjeaqyg/Build/Intermediates.noindex/Firebase.build/Debug-iphonesimulator/FirebaseAuthInternal.build/Objects-normal/arm64/FIRAuthProvider.d --serialize-diagnostics /Users/fukushimatakumi/Library/Developer/Xcode/DerivedData/SugarBeat-hgoxfxbbugxkfsbmqcjlbmjeaqyg/Build/Intermediates.noindex/Firebase.build/Debug-iphonesimulator/FirebaseAuthInternal.build/Objects-normal/arm64/FIRAuthProvider.dia -c /Users/fukushimatakumi/Library/Developer/Xcode/DerivedData/SugarBeat-hgoxfxbbugxkfsbmqcjlbmjeaqyg/SourcePackages/checkouts/firebase-ios-sdk/FirebaseAuth/Sources/ObjC/FIRAuthProvider.m -o /Users/fukushimatakumi/Library/Developer/Xcode/DerivedData/SugarBeat-hgoxfxbbugxkfsbmqcjlbmjeaqyg/Build/Intermediates.noindex/Firebase.build/Debug-iphonesimulator/FirebaseAuthInternal.build/Objects-normal/arm64/FIRAuthProvider.o -index-unit-output-path /Firebase.build/Debug-iphonesimulator/FirebaseAuthInternal.build/Objects-normal/arm64/FIRAuthProvider.o

ScanDependencies /Users/fukushimatakumi/Library/Developer/Xcode/DerivedData/SugarBeat-hgoxfxbbugxkfsbmqcjlbmjeaqyg/Build/Intermediates.noindex/Firebase.build/Debug-iphonesimulator/FirebaseAuthInternal.build/Objects-normal/arm64/FIRAuthErrorUtils.o /Users/fukushimatakumi/Library/Developer/Xcode/DerivedData/SugarBeat-hgoxfxbbugxkfsbmqcjlbmjeaqyg/SourcePackages/checkouts/firebase-ios-sdk/FirebaseAuth/Sources/ObjC/FIRAuthErrorUtils.m normal arm64 objective-c com.apple.compilers.llvm.clang.1_0.compiler (in target 'FirebaseAuthInternal' from project 'Firebase')
    cd /Users/fukushimatakumi/develop/sugarbeat/sugarbeat-front
    
    Using response file: /Users/fukushimatakumi/Library/Developer/Xcode/DerivedData/SugarBeat-hgoxfxbbugxkfsbmqcjlbmjeaqyg/Build/Intermediates.noindex/Firebase.build/Debug-iphonesimulator/FirebaseAuthInternal.build/Objects-normal/arm64/e6072d4f65d7061329687fe24e3d63a7-common-args.resp
    
    builtin-ScanDependencies -o /Users/fukushimatakumi/Library/Developer/Xcode/DerivedData/SugarBeat-hgoxfxbbugxkfsbmqcjlbmjeaqyg/Build/Intermediates.noindex/Firebase.build/Debug-iphonesimulator/FirebaseAuthInternal.build/Objects-normal/arm64/FIRAuthErrorUtils.o.scan -- /Applications/Xcode.app/Contents/Developer/Toolchains/XcodeDefault.xctoolchain/usr/bin/clang -x objective-c -ivfsstatcache /Users/fukushimatakumi/Library/Developer/Xcode/DerivedData/SDKStatCaches.noindex/iphonesimulator18.4-22E235-71825a6d136aa4733edcbe86ece5525b.sdkstatcache -fmessage-length\=0 -fdiagnostics-show-note-include-stack -fmacro-backtrace-limit\=0 -fno-color-diagnostics -fmodules-prune-interval\=86400 -fmodules-prune-after\=345600 -fbuild-session-file\=/Users/fukushimatakumi/Library/Developer/Xcode/DerivedData/ModuleCache.noindex/Session.modulevalidation -fmodules-validate-once-per-build-session -Wnon-modular-include-in-framework-module -Werror\=non-modular-include-in-framework-module -Wno-trigraphs -Wno-missing-field-initializers -Wno-missing-prototypes -Wno-return-type -Wno-implicit-atomic-properties -Wno-objc-interface-ivars -Wno-arc-repeated-use-of-weak -Wno-missing-braces -Wparentheses -Wswitch -Wno-unused-function -Wno-unused-label -Wno-unused-parameter -Wno-unused-variable -Wunused-value -Wno-empty-body -Wno-uninitialized -Wno-unknown-pragmas -w -Wno-shadow -Wno-four-char-constants -Wno-conversion -Wno-constant-conversion -Wno-int-conversion -Wno-bool-conversion -Wno-enum-conversion -Wno-float-conversion -Wno-non-literal-null-conversion -Wno-objc-literal-conversion -Wshorten-64-to-32 -Wpointer-sign -Wno-newline-eof -Wno-selector -Wno-strict-selector-match -Wno-undeclared-selector -Wno-deprecated-implementations -Wno-implicit-fallthrough -fstrict-aliasing -Wprotocol -Wdeprecated-declarations -Wno-sign-conversion -Wno-infinite-recursion -Wno-comma -Wno-block-capture-autoreleasing -Wno-strict-prototypes -Wno-semicolon-before-method-body -index-store-path /Users/fukushimatakumi/Library/Developer/Xcode/DerivedData/SugarBeat-hgoxfxbbugxkfsbmqcjlbmjeaqyg/Index.noindex/DataStore @/Users/fukushimatakumi/Library/Developer/Xcode/DerivedData/SugarBeat-hgoxfxbbugxkfsbmqcjlbmjeaqyg/Build/Intermediates.noindex/Firebase.build/Debug-iphonesimulator/FirebaseAuthInternal.build/Objects-normal/arm64/e6072d4f65d7061329687fe24e3d63a7-common-args.resp -MMD -MT dependencies -MF /Users/fukushimatakumi/Library/Developer/Xcode/DerivedData/SugarBeat-hgoxfxbbugxkfsbmqcjlbmjeaqyg/Build/Intermediates.noindex/Firebase.build/Debug-iphonesimulator/FirebaseAuthInternal.build/Objects-normal/arm64/FIRAuthErrorUtils.d --serialize-diagnostics /Users/fukushimatakumi/Library/Developer/Xcode/DerivedData/SugarBeat-hgoxfxbbugxkfsbmqcjlbmjeaqyg/Build/Intermediates.noindex/Firebase.build/Debug-iphonesimulator/FirebaseAuthInternal.build/Objects-normal/arm64/FIRAuthErrorUtils.dia -c /Users/fukushimatakumi/Library/Developer/Xcode/DerivedData/SugarBeat-hgoxfxbbugxkfsbmqcjlbmjeaqyg/SourcePackages/checkouts/firebase-ios-sdk/FirebaseAuth/Sources/ObjC/FIRAuthErrorUtils.m -o /Users/fukushimatakumi/Library/Developer/Xcode/DerivedData/SugarBeat-hgoxfxbbugxkfsbmqcjlbmjeaqyg/Build/Intermediates.noindex/Firebase.build/Debug-iphonesimulator/FirebaseAuthInternal.build/Objects-normal/arm64/FIRAuthErrorUtils.o -index-unit-output-path /Firebase.build/Debug-iphonesimulator/FirebaseAuthInternal.build/Objects-normal/arm64/FIRAuthErrorUtils.o

Copy /Users/fukushimatakumi/Library/Developer/Xcode/DerivedData/SugarBeat-hgoxfxbbugxkfsbmqcjlbmjeaqyg/Build/Intermediates.noindex/GeneratedModuleMaps-iphonesimulator/FirebaseFirestore.modulemap /Users/fukushimatakumi/Library/Developer/Xcode/DerivedData/SugarBeat-hgoxfxbbugxkfsbmqcjlbmjeaqyg/Build/Intermediates.noindex/Firebase.build/Debug-iphonesimulator/FirebaseFirestore.build/FirebaseFirestore.modulemap (in target 'FirebaseFirestore' from project 'Firebase')
    cd /Users/fukushimatakumi/Library/Developer/Xcode/DerivedData/SugarBeat-hgoxfxbbugxkfsbmqcjlbmjeaqyg/SourcePackages/checkouts/firebase-ios-sdk
    builtin-copy -exclude .DS_Store -exclude CVS -exclude .svn -exclude .git -exclude .hg -resolve-src-symlinks /Users/fukushimatakumi/Library/Developer/Xcode/DerivedData/SugarBeat-hgoxfxbbugxkfsbmqcjlbmjeaqyg/Build/Intermediates.noindex/Firebase.build/Debug-iphonesimulator/FirebaseFirestore.build/FirebaseFirestore.modulemap /Users/fukushimatakumi/Library/Developer/Xcode/DerivedData/SugarBeat-hgoxfxbbugxkfsbmqcjlbmjeaqyg/Build/Intermediates.noindex/GeneratedModuleMaps-iphonesimulator

ScanDependencies /Users/fukushimatakumi/Library/Developer/Xcode/DerivedData/SugarBeat-hgoxfxbbugxkfsbmqcjlbmjeaqyg/Build/Intermediates.noindex/Firebase.build/Debug-iphonesimulator/FirebaseAuthInternal.build/Objects-normal/arm64/FIRAuth.o /Users/fukushimatakumi/Library/Developer/Xcode/DerivedData/SugarBeat-hgoxfxbbugxkfsbmqcjlbmjeaqyg/SourcePackages/checkouts/firebase-ios-sdk/FirebaseAuth/Sources/ObjC/FIRAuth.m normal arm64 objective-c com.apple.compilers.llvm.clang.1_0.compiler (in target 'FirebaseAuthInternal' from project 'Firebase')
    cd /Users/fukushimatakumi/develop/sugarbeat/sugarbeat-front
    
    Using response file: /Users/fukushimatakumi/Library/Developer/Xcode/DerivedData/SugarBeat-hgoxfxbbugxkfsbmqcjlbmjeaqyg/Build/Intermediates.noindex/Firebase.build/Debug-iphonesimulator/FirebaseAuthInternal.build/Objects-normal/arm64/e6072d4f65d7061329687fe24e3d63a7-common-args.resp
    
    builtin-ScanDependencies -o /Users/fukushimatakumi/Library/Developer/Xcode/DerivedData/SugarBeat-hgoxfxbbugxkfsbmqcjlbmjeaqyg/Build/Intermediates.noindex/Firebase.build/Debug-iphonesimulator/FirebaseAuthInternal.build/Objects-normal/arm64/FIRAuth.o.scan -- /Applications/Xcode.app/Contents/Developer/Toolchains/XcodeDefault.xctoolchain/usr/bin/clang -x objective-c -ivfsstatcache /Users/fukushimatakumi/Library/Developer/Xcode/DerivedData/SDKStatCaches.noindex/iphonesimulator18.4-22E235-71825a6d136aa4733edcbe86ece5525b.sdkstatcache -fmessage-length\=0 -fdiagnostics-show-note-include-stack -fmacro-backtrace-limit\=0 -fno-color-diagnostics -fmodules-prune-interval\=86400 -fmodules-prune-after\=345600 -fbuild-session-file\=/Users/fukushimatakumi/Library/Developer/Xcode/DerivedData/ModuleCache.noindex/Session.modulevalidation -fmodules-validate-once-per-build-session -Wnon-modular-include-in-framework-module -Werror\=non-modular-include-in-framework-module -Wno-trigraphs -Wno-missing-field-initializers -Wno-missing-prototypes -Wno-return-type -Wno-implicit-atomic-properties -Wno-objc-interface-ivars -Wno-arc-repeated-use-of-weak -Wno-missing-braces -Wparentheses -Wswitch -Wno-unused-function -Wno-unused-label -Wno-unused-parameter -Wno-unused-variable -Wunused-value -Wno-empty-body -Wno-uninitialized -Wno-unknown-pragmas -w -Wno-shadow -Wno-four-char-constants -Wno-conversion -Wno-constant-conversion -Wno-int-conversion -Wno-bool-conversion -Wno-enum-conversion -Wno-float-conversion -Wno-non-literal-null-conversion -Wno-objc-literal-conversion -Wshorten-64-to-32 -Wpointer-sign -Wno-newline-eof -Wno-selector -Wno-strict-selector-match -Wno-undeclared-selector -Wno-deprecated-implementations -Wno-implicit-fallthrough -fstrict-aliasing -Wprotocol -Wdeprecated-declarations -Wno-sign-conversion -Wno-infinite-recursion -Wno-comma -Wno-block-capture-autoreleasing -Wno-strict-prototypes -Wno-semicolon-before-method-body -index-store-path /Users/fukushimatakumi/Library/Developer/Xcode/DerivedData/SugarBeat-hgoxfxbbugxkfsbmqcjlbmjeaqyg/Index.noindex/DataStore @/Users/fukushimatakumi/Library/Developer/Xcode/DerivedData/SugarBeat-hgoxfxbbugxkfsbmqcjlbmjeaqyg/Build/Intermediates.noindex/Firebase.build/Debug-iphonesimulator/FirebaseAuthInternal.build/Objects-normal/arm64/e6072d4f65d7061329687fe24e3d63a7-common-args.resp -MMD -MT dependencies -MF /Users/fukushimatakumi/Library/Developer/Xcode/DerivedData/SugarBeat-hgoxfxbbugxkfsbmqcjlbmjeaqyg/Build/Intermediates.noindex/Firebase.build/Debug-iphonesimulator/FirebaseAuthInternal.build/Objects-normal/arm64/FIRAuth.d --serialize-diagnostics /Users/fukushimatakumi/Library/Developer/Xcode/DerivedData/SugarBeat-hgoxfxbbugxkfsbmqcjlbmjeaqyg/Build/Intermediates.noindex/Firebase.build/Debug-iphonesimulator/FirebaseAuthInternal.build/Objects-normal/arm64/FIRAuth.dia -c /Users/fukushimatakumi/Library/Developer/Xcode/DerivedData/SugarBeat-hgoxfxbbugxkfsbmqcjlbmjeaqyg/SourcePackages/checkouts/firebase-ios-sdk/FirebaseAuth/Sources/ObjC/FIRAuth.m -o /Users/fukushimatakumi/Library/Developer/Xcode/DerivedData/SugarBeat-hgoxfxbbugxkfsbmqcjlbmjeaqyg/Build/Intermediates.noindex/Firebase.build/Debug-iphonesimulator/FirebaseAuthInternal.build/Objects-normal/arm64/FIRAuth.o -index-unit-output-path /Firebase.build/Debug-iphonesimulator/FirebaseAuthInternal.build/Objects-normal/arm64/FIRAuth.o

SwiftDriver FirebaseCoreInternal normal arm64 com.apple.xcode.tools.swift.compiler (in target 'FirebaseCoreInternal' from project 'Firebase')
    cd /Users/fukushimatakumi/develop/sugarbeat/sugarbeat-front
    builtin-SwiftDriver -- /Applications/Xcode.app/Contents/Developer/Toolchains/XcodeDefault.xctoolchain/usr/bin/swiftc -module-name FirebaseCoreInternal -Onone -enforce-exclusivity\=checked @/Users/fukushimatakumi/Library/Developer/Xcode/DerivedData/SugarBeat-hgoxfxbbugxkfsbmqcjlbmjeaqyg/Build/Intermediates.noindex/Firebase.build/Debug-iphonesimulator/FirebaseCoreInternal.build/Objects-normal/arm64/FirebaseCoreInternal.SwiftFileList -DSWIFT_PACKAGE -DDEBUG -Xcc -fmodule-map-file\=/Users/fukushimatakumi/Library/Developer/Xcode/DerivedData/SugarBeat-hgoxfxbbugxkfsbmqcjlbmjeaqyg/Build/Intermediates.noindex/GeneratedModuleMaps-iphonesimulator/GoogleUtilities-NSData.modulemap -DXcode -plugin-path /Applications/Xcode.app/Contents/Developer/Toolchains/XcodeDefault.xctoolchain/usr/lib/swift/host/plugins/testing -enable-experimental-feature DebugDescriptionMacro -sdk /Applications/Xcode.app/Contents/Developer/Platforms/iPhoneSimulator.platform/Developer/SDKs/iPhoneSimulator18.4.sdk -target arm64-apple-ios15.0-simulator -g -module-cache-path /Users/fukushimatakumi/Library/Developer/Xcode/DerivedData/ModuleCache.noindex -Xfrontend -serialize-debugging-options -enable-testing -suppress-warnings -index-store-path /Users/fukushimatakumi/Library/Developer/Xcode/DerivedData/SugarBeat-hgoxfxbbugxkfsbmqcjlbmjeaqyg/Index.noindex/DataStore -swift-version 6 -I /Users/fukushimatakumi/Library/Developer/Xcode/DerivedData/SugarBeat-hgoxfxbbugxkfsbmqcjlbmjeaqyg/Build/Products/Debug-iphonesimulator -I /Applications/Xcode.app/Contents/Developer/Platforms/iPhoneSimulator.platform/Developer/usr/lib -F /Users/fukushimatakumi/Library/Developer/Xcode/DerivedData/SugarBeat-hgoxfxbbugxkfsbmqcjlbmjeaqyg/Build/Products/Debug-iphonesimulator/PackageFrameworks -F /Users/fukushimatakumi/Library/Developer/Xcode/DerivedData/SugarBeat-hgoxfxbbugxkfsbmqcjlbmjeaqyg/Build/Products/Debug-iphonesimulator -F /Applications/Xcode.app/Contents/Developer/Platforms/iPhoneSimulator.platform/Developer/Library/Frameworks -F /Applications/Xcode.app/Contents/Developer/Platforms/iPhoneSimulator.platform/Developer/SDKs/iPhoneSimulator18.4.sdk/Developer/Library/Frameworks -c -j10 -enable-batch-mode -incremental -Xcc -ivfsstatcache -Xcc /Users/fukushimatakumi/Library/Developer/Xcode/DerivedData/SDKStatCaches.noindex/iphonesimulator18.4-22E235-71825a6d136aa4733edcbe86ece5525b.sdkstatcache -output-file-map /Users/fukushimatakumi/Library/Developer/Xcode/DerivedData/SugarBeat-hgoxfxbbugxkfsbmqcjlbmjeaqyg/Build/Intermediates.noindex/Firebase.build/Debug-iphonesimulator/FirebaseCoreInternal.build/Objects-normal/arm64/FirebaseCoreInternal-OutputFileMap.json -use-frontend-parseable-output -save-temps -no-color-diagnostics -serialize-diagnostics -emit-dependencies -emit-module -emit-module-path /Users/fukushimatakumi/Library/Developer/Xcode/DerivedData/SugarBeat-hgoxfxbbugxkfsbmqcjlbmjeaqyg/Build/Intermediates.noindex/Firebase.build/Debug-iphonesimulator/FirebaseCoreInternal.build/Objects-normal/arm64/FirebaseCoreInternal.swiftmodule -user-module-version 12.7.0 -validate-clang-modules-once -clang-build-session-file /Users/fukushimatakumi/Library/Developer/Xcode/DerivedData/ModuleCache.noindex/Session.modulevalidation -package-name firebase_ios_sdk -Xcc -I/Users/fukushimatakumi/Library/Developer/Xcode/DerivedData/SugarBeat-hgoxfxbbugxkfsbmqcjlbmjeaqyg/Build/Intermediates.noindex/Firebase.build/Debug-iphonesimulator/FirebaseCoreInternal.build/swift-overrides.hmap -emit-const-values -Xfrontend -const-gather-protocols-file -Xfrontend /Users/fukushimatakumi/Library/Developer/Xcode/DerivedData/SugarBeat-hgoxfxbbugxkfsbmqcjlbmjeaqyg/Build/Intermediates.noindex/Firebase.build/Debug-iphonesimulator/FirebaseCoreInternal.build/Objects-normal/arm64/FirebaseCoreInternal_const_extract_protocols.json -Xcc -I/Users/fukushimatakumi/Library/Developer/Xcode/DerivedData/SugarBeat-hgoxfxbbugxkfsbmqcjlbmjeaqyg/SourcePackages/checkouts/GoogleUtilities/GoogleUtilities/NSData+zlib/Public -Xcc -I/Users/fukushimatakumi/Library/Developer/Xcode/DerivedData/SugarBeat-hgoxfxbbugxkfsbmqcjlbmjeaqyg/Build/Products/Debug-iphonesimulator/include -Xcc -I/Users/fukushimatakumi/Library/Developer/Xcode/DerivedData/SugarBeat-hgoxfxbbugxkfsbmqcjlbmjeaqyg/Build/Intermediates.noindex/Firebase.build/Debug-iphonesimulator/FirebaseCoreInternal.build/DerivedSources-normal/arm64 -Xcc -I/Users/fukushimatakumi/Library/Developer/Xcode/DerivedData/SugarBeat-hgoxfxbbugxkfsbmqcjlbmjeaqyg/Build/Intermediates.noindex/Firebase.build/Debug-iphonesimulator/FirebaseCoreInternal.build/DerivedSources/arm64 -Xcc -I/Users/fukushimatakumi/Library/Developer/Xcode/DerivedData/SugarBeat-hgoxfxbbugxkfsbmqcjlbmjeaqyg/Build/Intermediates.noindex/Firebase.build/Debug-iphonesimulator/FirebaseCoreInternal.build/DerivedSources -Xcc -DSWIFT_PACKAGE -Xcc -DDEBUG\=1 -emit-objc-header -emit-objc-header-path /Users/fukushimatakumi/Library/Developer/Xcode/DerivedData/SugarBeat-hgoxfxbbugxkfsbmqcjlbmjeaqyg/Build/Intermediates.noindex/Firebase.build/Debug-iphonesimulator/FirebaseCoreInternal.build/Objects-normal/arm64/FirebaseCoreInternal-Swift.h -working-directory /Users/fukushimatakumi/develop/sugarbeat/sugarbeat-front -experimental-emit-module-separately -disable-cmo

CompileC /Users/fukushimatakumi/Library/Developer/Xcode/DerivedData/SugarBeat-hgoxfxbbugxkfsbmqcjlbmjeaqyg/Build/Intermediates.noindex/GoogleUserMessagingPlatform.build/Debug-iphonesimulator/UserMessagingPlatformTarget.build/Objects-normal/arm64/placeholder.o /Users/fukushimatakumi/Library/Developer/Xcode/DerivedData/SugarBeat-hgoxfxbbugxkfsbmqcjlbmjeaqyg/SourcePackages/checkouts/swift-package-manager-google-user-messaging-platform/UserMessagingPlatformTarget/placeholder.m normal arm64 objective-c com.apple.compilers.llvm.clang.1_0.compiler (in target 'UserMessagingPlatformTarget' from project 'GoogleUserMessagingPlatform')
    cd /Users/fukushimatakumi/develop/sugarbeat/sugarbeat-front
    
    Using response file: /Users/fukushimatakumi/Library/Developer/Xcode/DerivedData/SugarBeat-hgoxfxbbugxkfsbmqcjlbmjeaqyg/Build/Intermediates.noindex/GoogleUserMessagingPlatform.build/Debug-iphonesimulator/UserMessagingPlatformTarget.build/Objects-normal/arm64/e6072d4f65d7061329687fe24e3d63a7-common-args.resp
    
    /Applications/Xcode.app/Contents/Developer/Toolchains/XcodeDefault.xctoolchain/usr/bin/clang -x objective-c -ivfsstatcache /Users/fukushimatakumi/Library/Developer/Xcode/DerivedData/SDKStatCaches.noindex/iphonesimulator18.4-22E235-71825a6d136aa4733edcbe86ece5525b.sdkstatcache -fmessage-length\=0 -fdiagnostics-show-note-include-stack -fmacro-backtrace-limit\=0 -fno-color-diagnostics -fmodules-prune-interval\=86400 -fmodules-prune-after\=345600 -fbuild-session-file\=/Users/fukushimatakumi/Library/Developer/Xcode/DerivedData/ModuleCache.noindex/Session.modulevalidation -fmodules-validate-once-per-build-session -Wnon-modular-include-in-framework-module -Werror\=non-modular-include-in-framework-module -Wno-trigraphs -Wno-missing-field-initializers -Wno-missing-prototypes -Wno-return-type -Wno-implicit-atomic-properties -Wno-objc-interface-ivars -Wno-arc-repeated-use-of-weak -Wno-missing-braces -Wparentheses -Wswitch -Wno-unused-function -Wno-unused-label -Wno-unused-parameter -Wno-unused-variable -Wunused-value -Wno-empty-body -Wno-uninitialized -Wno-unknown-pragmas -w -Wno-shadow -Wno-four-char-constants -Wno-conversion -Wno-constant-conversion -Wno-int-conversion -Wno-bool-conversion -Wno-enum-conversion -Wno-float-conversion -Wno-non-literal-null-conversion -Wno-objc-literal-conversion -Wshorten-64-to-32 -Wpointer-sign -Wno-newline-eof -Wno-selector -Wno-strict-selector-match -Wno-undeclared-selector -Wno-deprecated-implementations -Wno-implicit-fallthrough -fstrict-aliasing -Wprotocol -Wdeprecated-declarations -Wno-sign-conversion -Wno-infinite-recursion -Wno-comma -Wno-block-capture-autoreleasing -Wno-strict-prototypes -Wno-semicolon-before-method-body -index-store-path /Users/fukushimatakumi/Library/Developer/Xcode/DerivedData/SugarBeat-hgoxfxbbugxkfsbmqcjlbmjeaqyg/Index.noindex/DataStore @/Users/fukushimatakumi/Library/Developer/Xcode/DerivedData/SugarBeat-hgoxfxbbugxkfsbmqcjlbmjeaqyg/Build/Intermediates.noindex/GoogleUserMessagingPlatform.build/Debug-iphonesimulator/UserMessagingPlatformTarget.build/Objects-normal/arm64/e6072d4f65d7061329687fe24e3d63a7-common-args.resp -MMD -MT dependencies -MF /Users/fukushimatakumi/Library/Developer/Xcode/DerivedData/SugarBeat-hgoxfxbbugxkfsbmqcjlbmjeaqyg/Build/Intermediates.noindex/GoogleUserMessagingPlatform.build/Debug-iphonesimulator/UserMessagingPlatformTarget.build/Objects-normal/arm64/placeholder.d --serialize-diagnostics /Users/fukushimatakumi/Library/Developer/Xcode/DerivedData/SugarBeat-hgoxfxbbugxkfsbmqcjlbmjeaqyg/Build/Intermediates.noindex/GoogleUserMessagingPlatform.build/Debug-iphonesimulator/UserMessagingPlatformTarget.build/Objects-normal/arm64/placeholder.dia -c /Users/fukushimatakumi/Library/Developer/Xcode/DerivedData/SugarBeat-hgoxfxbbugxkfsbmqcjlbmjeaqyg/SourcePackages/checkouts/swift-package-manager-google-user-messaging-platform/UserMessagingPlatformTarget/placeholder.m -o /Users/fukushimatakumi/Library/Developer/Xcode/DerivedData/SugarBeat-hgoxfxbbugxkfsbmqcjlbmjeaqyg/Build/Intermediates.noindex/GoogleUserMessagingPlatform.build/Debug-iphonesimulator/UserMessagingPlatformTarget.build/Objects-normal/arm64/placeholder.o -index-unit-output-path /GoogleUserMessagingPlatform.build/Debug-iphonesimulator/UserMessagingPlatformTarget.build/Objects-normal/arm64/placeholder.o

SwiftEmitModule normal arm64 Emitting\ module\ for\ FirebaseCoreInternal (in target 'FirebaseCoreInternal' from project 'Firebase')

EmitSwiftModule normal arm64 (in target 'FirebaseCoreInternal' from project 'Firebase')
    cd /Users/fukushimatakumi/develop/sugarbeat/sugarbeat-front
    

Ld /Users/fukushimatakumi/Library/Developer/Xcode/DerivedData/SugarBeat-hgoxfxbbugxkfsbmqcjlbmjeaqyg/Build/Products/Debug-iphonesimulator/UserMessagingPlatformTarget.o normal (in target 'UserMessagingPlatformTarget' from project 'GoogleUserMessagingPlatform')
    cd /Users/fukushimatakumi/Library/Developer/Xcode/DerivedData/SugarBeat-hgoxfxbbugxkfsbmqcjlbmjeaqyg/SourcePackages/checkouts/swift-package-manager-google-user-messaging-platform
    /Applications/Xcode.app/Contents/Developer/Toolchains/XcodeDefault.xctoolchain/usr/bin/clang -Xlinker -reproducible -target arm64-apple-ios12.0-simulator -r -isysroot /Applications/Xcode.app/Contents/Developer/Platforms/iPhoneSimulator.platform/Developer/SDKs/iPhoneSimulator18.4.sdk -O0 -w -L/Users/fukushimatakumi/Library/Developer/Xcode/DerivedData/SugarBeat-hgoxfxbbugxkfsbmqcjlbmjeaqyg/Build/Intermediates.noindex/EagerLinkingTBDs/Debug-iphonesimulator -L/Users/fukushimatakumi/Library/Developer/Xcode/DerivedData/SugarBeat-hgoxfxbbugxkfsbmqcjlbmjeaqyg/Build/Products/Debug-iphonesimulator -L/Applications/Xcode.app/Contents/Developer/Platforms/iPhoneSimulator.platform/Developer/usr/lib -F/Users/fukushimatakumi/Library/Developer/Xcode/DerivedData/SugarBeat-hgoxfxbbugxkfsbmqcjlbmjeaqyg/Build/Intermediates.noindex/EagerLinkingTBDs/Debug-iphonesimulator -F/Users/fukushimatakumi/Library/Developer/Xcode/DerivedData/SugarBeat-hgoxfxbbugxkfsbmqcjlbmjeaqyg/Build/Products/Debug-iphonesimulator -iframework /Applications/Xcode.app/Contents/Developer/Platforms/iPhoneSimulator.platform/Developer/Library/Frameworks -iframework /Applications/Xcode.app/Contents/Developer/Platforms/iPhoneSimulator.platform/Developer/SDKs/iPhoneSimulator18.4.sdk/Developer/Library/Frameworks -filelist /Users/fukushimatakumi/Library/Developer/Xcode/DerivedData/SugarBeat-hgoxfxbbugxkfsbmqcjlbmjeaqyg/Build/Intermediates.noindex/GoogleUserMessagingPlatform.build/Debug-iphonesimulator/UserMessagingPlatformTarget.build/Objects-normal/arm64/UserMessagingPlatformTarget.LinkFileList -nostdlib -Xlinker -object_path_lto -Xlinker /Users/fukushimatakumi/Library/Developer/Xcode/DerivedData/SugarBeat-hgoxfxbbugxkfsbmqcjlbmjeaqyg/Build/Intermediates.noindex/GoogleUserMessagingPlatform.build/Debug-iphonesimulator/UserMessagingPlatformTarget.build/Objects-normal/arm64/UserMessagingPlatformTarget_lto.o -rdynamic -Xlinker -no_deduplicate -Xlinker -objc_abi_version -Xlinker 2 -Xlinker -dependency_info -Xlinker /Users/fukushimatakumi/Library/Developer/Xcode/DerivedData/SugarBeat-hgoxfxbbugxkfsbmqcjlbmjeaqyg/Build/Intermediates.noindex/GoogleUserMessagingPlatform.build/Debug-iphonesimulator/UserMessagingPlatformTarget.build/Objects-normal/arm64/UserMessagingPlatformTarget_dependency_info.dat -fobjc-arc -fobjc-link-runtime -o /Users/fukushimatakumi/Library/Developer/Xcode/DerivedData/SugarBeat-hgoxfxbbugxkfsbmqcjlbmjeaqyg/Build/Products/Debug-iphonesimulator/UserMessagingPlatformTarget.o

CompileC /Users/fukushimatakumi/Library/Developer/Xcode/DerivedData/SugarBeat-hgoxfxbbugxkfsbmqcjlbmjeaqyg/Build/Intermediates.noindex/Firebase.build/Debug-iphonesimulator/FirebaseAuthInternal.build/Objects-normal/arm64/FIRAuth.o /Users/fukushimatakumi/Library/Developer/Xcode/DerivedData/SugarBeat-hgoxfxbbugxkfsbmqcjlbmjeaqyg/SourcePackages/checkouts/firebase-ios-sdk/FirebaseAuth/Sources/ObjC/FIRAuth.m normal arm64 objective-c com.apple.compilers.llvm.clang.1_0.compiler (in target 'FirebaseAuthInternal' from project 'Firebase')
    cd /Users/fukushimatakumi/develop/sugarbeat/sugarbeat-front
    
    Using response file: /Users/fukushimatakumi/Library/Developer/Xcode/DerivedData/SugarBeat-hgoxfxbbugxkfsbmqcjlbmjeaqyg/Build/Intermediates.noindex/Firebase.build/Debug-iphonesimulator/FirebaseAuthInternal.build/Objects-normal/arm64/e6072d4f65d7061329687fe24e3d63a7-common-args.resp
    
    /Applications/Xcode.app/Contents/Developer/Toolchains/XcodeDefault.xctoolchain/usr/bin/clang -x objective-c -ivfsstatcache /Users/fukushimatakumi/Library/Developer/Xcode/DerivedData/SDKStatCaches.noindex/iphonesimulator18.4-22E235-71825a6d136aa4733edcbe86ece5525b.sdkstatcache -fmessage-length\=0 -fdiagnostics-show-note-include-stack -fmacro-backtrace-limit\=0 -fno-color-diagnostics -fmodules-prune-interval\=86400 -fmodules-prune-after\=345600 -fbuild-session-file\=/Users/fukushimatakumi/Library/Developer/Xcode/DerivedData/ModuleCache.noindex/Session.modulevalidation -fmodules-validate-once-per-build-session -Wnon-modular-include-in-framework-module -Werror\=non-modular-include-in-framework-module -Wno-trigraphs -Wno-missing-field-initializers -Wno-missing-prototypes -Wno-return-type -Wno-implicit-atomic-properties -Wno-objc-interface-ivars -Wno-arc-repeated-use-of-weak -Wno-missing-braces -Wparentheses -Wswitch -Wno-unused-function -Wno-unused-label -Wno-unused-parameter -Wno-unused-variable -Wunused-value -Wno-empty-body -Wno-uninitialized -Wno-unknown-pragmas -w -Wno-shadow -Wno-four-char-constants -Wno-conversion -Wno-constant-conversion -Wno-int-conversion -Wno-bool-conversion -Wno-enum-conversion -Wno-float-conversion -Wno-non-literal-null-conversion -Wno-objc-literal-conversion -Wshorten-64-to-32 -Wpointer-sign -Wno-newline-eof -Wno-selector -Wno-strict-selector-match -Wno-undeclared-selector -Wno-deprecated-implementations -Wno-implicit-fallthrough -fstrict-aliasing -Wprotocol -Wdeprecated-declarations -Wno-sign-conversion -Wno-infinite-recursion -Wno-comma -Wno-block-capture-autoreleasing -Wno-strict-prototypes -Wno-semicolon-before-method-body -index-store-path /Users/fukushimatakumi/Library/Developer/Xcode/DerivedData/SugarBeat-hgoxfxbbugxkfsbmqcjlbmjeaqyg/Index.noindex/DataStore @/Users/fukushimatakumi/Library/Developer/Xcode/DerivedData/SugarBeat-hgoxfxbbugxkfsbmqcjlbmjeaqyg/Build/Intermediates.noindex/Firebase.build/Debug-iphonesimulator/FirebaseAuthInternal.build/Objects-normal/arm64/e6072d4f65d7061329687fe24e3d63a7-common-args.resp -MMD -MT dependencies -MF /Users/fukushimatakumi/Library/Developer/Xcode/DerivedData/SugarBeat-hgoxfxbbugxkfsbmqcjlbmjeaqyg/Build/Intermediates.noindex/Firebase.build/Debug-iphonesimulator/FirebaseAuthInternal.build/Objects-normal/arm64/FIRAuth.d --serialize-diagnostics /Users/fukushimatakumi/Library/Developer/Xcode/DerivedData/SugarBeat-hgoxfxbbugxkfsbmqcjlbmjeaqyg/Build/Intermediates.noindex/Firebase.build/Debug-iphonesimulator/FirebaseAuthInternal.build/Objects-normal/arm64/FIRAuth.dia -c /Users/fukushimatakumi/Library/Developer/Xcode/DerivedData/SugarBeat-hgoxfxbbugxkfsbmqcjlbmjeaqyg/SourcePackages/checkouts/firebase-ios-sdk/FirebaseAuth/Sources/ObjC/FIRAuth.m -o /Users/fukushimatakumi/Library/Developer/Xcode/DerivedData/SugarBeat-hgoxfxbbugxkfsbmqcjlbmjeaqyg/Build/Intermediates.noindex/Firebase.build/Debug-iphonesimulator/FirebaseAuthInternal.build/Objects-normal/arm64/FIRAuth.o -index-unit-output-path /Firebase.build/Debug-iphonesimulator/FirebaseAuthInternal.build/Objects-normal/arm64/FIRAuth.o

CompileC /Users/fukushimatakumi/Library/Developer/Xcode/DerivedData/SugarBeat-hgoxfxbbugxkfsbmqcjlbmjeaqyg/Build/Intermediates.noindex/Firebase.build/Debug-iphonesimulator/FirebaseAuthInternal.build/Objects-normal/arm64/FIRAuthErrorUtils.o /Users/fukushimatakumi/Library/Developer/Xcode/DerivedData/SugarBeat-hgoxfxbbugxkfsbmqcjlbmjeaqyg/SourcePackages/checkouts/firebase-ios-sdk/FirebaseAuth/Sources/ObjC/FIRAuthErrorUtils.m normal arm64 objective-c com.apple.compilers.llvm.clang.1_0.compiler (in target 'FirebaseAuthInternal' from project 'Firebase')
    cd /Users/fukushimatakumi/develop/sugarbeat/sugarbeat-front
    
    Using response file: /Users/fukushimatakumi/Library/Developer/Xcode/DerivedData/SugarBeat-hgoxfxbbugxkfsbmqcjlbmjeaqyg/Build/Intermediates.noindex/Firebase.build/Debug-iphonesimulator/FirebaseAuthInternal.build/Objects-normal/arm64/e6072d4f65d7061329687fe24e3d63a7-common-args.resp
    
    /Applications/Xcode.app/Contents/Developer/Toolchains/XcodeDefault.xctoolchain/usr/bin/clang -x objective-c -ivfsstatcache /Users/fukushimatakumi/Library/Developer/Xcode/DerivedData/SDKStatCaches.noindex/iphonesimulator18.4-22E235-71825a6d136aa4733edcbe86ece5525b.sdkstatcache -fmessage-length\=0 -fdiagnostics-show-note-include-stack -fmacro-backtrace-limit\=0 -fno-color-diagnostics -fmodules-prune-interval\=86400 -fmodules-prune-after\=345600 -fbuild-session-file\=/Users/fukushimatakumi/Library/Developer/Xcode/DerivedData/ModuleCache.noindex/Session.modulevalidation -fmodules-validate-once-per-build-session -Wnon-modular-include-in-framework-module -Werror\=non-modular-include-in-framework-module -Wno-trigraphs -Wno-missing-field-initializers -Wno-missing-prototypes -Wno-return-type -Wno-implicit-atomic-properties -Wno-objc-interface-ivars -Wno-arc-repeated-use-of-weak -Wno-missing-braces -Wparentheses -Wswitch -Wno-unused-function -Wno-unused-label -Wno-unused-parameter -Wno-unused-variable -Wunused-value -Wno-empty-body -Wno-uninitialized -Wno-unknown-pragmas -w -Wno-shadow -Wno-four-char-constants -Wno-conversion -Wno-constant-conversion -Wno-int-conversion -Wno-bool-conversion -Wno-enum-conversion -Wno-float-conversion -Wno-non-literal-null-conversion -Wno-objc-literal-conversion -Wshorten-64-to-32 -Wpointer-sign -Wno-newline-eof -Wno-selector -Wno-strict-selector-match -Wno-undeclared-selector -Wno-deprecated-implementations -Wno-implicit-fallthrough -fstrict-aliasing -Wprotocol -Wdeprecated-declarations -Wno-sign-conversion -Wno-infinite-recursion -Wno-comma -Wno-block-capture-autoreleasing -Wno-strict-prototypes -Wno-semicolon-before-method-body -index-store-path /Users/fukushimatakumi/Library/Developer/Xcode/DerivedData/SugarBeat-hgoxfxbbugxkfsbmqcjlbmjeaqyg/Index.noindex/DataStore @/Users/fukushimatakumi/Library/Developer/Xcode/DerivedData/SugarBeat-hgoxfxbbugxkfsbmqcjlbmjeaqyg/Build/Intermediates.noindex/Firebase.build/Debug-iphonesimulator/FirebaseAuthInternal.build/Objects-normal/arm64/e6072d4f65d7061329687fe24e3d63a7-common-args.resp -MMD -MT dependencies -MF /Users/fukushimatakumi/Library/Developer/Xcode/DerivedData/SugarBeat-hgoxfxbbugxkfsbmqcjlbmjeaqyg/Build/Intermediates.noindex/Firebase.build/Debug-iphonesimulator/FirebaseAuthInternal.build/Objects-normal/arm64/FIRAuthErrorUtils.d --serialize-diagnostics /Users/fukushimatakumi/Library/Developer/Xcode/DerivedData/SugarBeat-hgoxfxbbugxkfsbmqcjlbmjeaqyg/Build/Intermediates.noindex/Firebase.build/Debug-iphonesimulator/FirebaseAuthInternal.build/Objects-normal/arm64/FIRAuthErrorUtils.dia -c /Users/fukushimatakumi/Library/Developer/Xcode/DerivedData/SugarBeat-hgoxfxbbugxkfsbmqcjlbmjeaqyg/SourcePackages/checkouts/firebase-ios-sdk/FirebaseAuth/Sources/ObjC/FIRAuthErrorUtils.m -o /Users/fukushimatakumi/Library/Developer/Xcode/DerivedData/SugarBeat-hgoxfxbbugxkfsbmqcjlbmjeaqyg/Build/Intermediates.noindex/Firebase.build/Debug-iphonesimulator/FirebaseAuthInternal.build/Objects-normal/arm64/FIRAuthErrorUtils.o -index-unit-output-path /Firebase.build/Debug-iphonesimulator/FirebaseAuthInternal.build/Objects-normal/arm64/FIRAuthErrorUtils.o

CompileC /Users/fukushimatakumi/Library/Developer/Xcode/DerivedData/SugarBeat-hgoxfxbbugxkfsbmqcjlbmjeaqyg/Build/Intermediates.noindex/Firebase.build/Debug-iphonesimulator/FirebaseAuthInternal.build/Objects-normal/arm64/FIRMultiFactorConstants.o /Users/fukushimatakumi/Library/Developer/Xcode/DerivedData/SugarBeat-hgoxfxbbugxkfsbmqcjlbmjeaqyg/SourcePackages/checkouts/firebase-ios-sdk/FirebaseAuth/Sources/ObjC/FIRMultiFactorConstants.m normal arm64 objective-c com.apple.compilers.llvm.clang.1_0.compiler (in target 'FirebaseAuthInternal' from project 'Firebase')
    cd /Users/fukushimatakumi/develop/sugarbeat/sugarbeat-front
    
    Using response file: /Users/fukushimatakumi/Library/Developer/Xcode/DerivedData/SugarBeat-hgoxfxbbugxkfsbmqcjlbmjeaqyg/Build/Intermediates.noindex/Firebase.build/Debug-iphonesimulator/FirebaseAuthInternal.build/Objects-normal/arm64/e6072d4f65d7061329687fe24e3d63a7-common-args.resp
    
    /Applications/Xcode.app/Contents/Developer/Toolchains/XcodeDefault.xctoolchain/usr/bin/clang -x objective-c -ivfsstatcache /Users/fukushimatakumi/Library/Developer/Xcode/DerivedData/SDKStatCaches.noindex/iphonesimulator18.4-22E235-71825a6d136aa4733edcbe86ece5525b.sdkstatcache -fmessage-length\=0 -fdiagnostics-show-note-include-stack -fmacro-backtrace-limit\=0 -fno-color-diagnostics -fmodules-prune-interval\=86400 -fmodules-prune-after\=345600 -fbuild-session-file\=/Users/fukushimatakumi/Library/Developer/Xcode/DerivedData/ModuleCache.noindex/Session.modulevalidation -fmodules-validate-once-per-build-session -Wnon-modular-include-in-framework-module -Werror\=non-modular-include-in-framework-module -Wno-trigraphs -Wno-missing-field-initializers -Wno-missing-prototypes -Wno-return-type -Wno-implicit-atomic-properties -Wno-objc-interface-ivars -Wno-arc-repeated-use-of-weak -Wno-missing-braces -Wparentheses -Wswitch -Wno-unused-function -Wno-unused-label -Wno-unused-parameter -Wno-unused-variable -Wunused-value -Wno-empty-body -Wno-uninitialized -Wno-unknown-pragmas -w -Wno-shadow -Wno-four-char-constants -Wno-conversion -Wno-constant-conversion -Wno-int-conversion -Wno-bool-conversion -Wno-enum-conversion -Wno-float-conversion -Wno-non-literal-null-conversion -Wno-objc-literal-conversion -Wshorten-64-to-32 -Wpointer-sign -Wno-newline-eof -Wno-selector -Wno-strict-selector-match -Wno-undeclared-selector -Wno-deprecated-implementations -Wno-implicit-fallthrough -fstrict-aliasing -Wprotocol -Wdeprecated-declarations -Wno-sign-conversion -Wno-infinite-recursion -Wno-comma -Wno-block-capture-autoreleasing -Wno-strict-prototypes -Wno-semicolon-before-method-body -index-store-path /Users/fukushimatakumi/Library/Developer/Xcode/DerivedData/SugarBeat-hgoxfxbbugxkfsbmqcjlbmjeaqyg/Index.noindex/DataStore @/Users/fukushimatakumi/Library/Developer/Xcode/DerivedData/SugarBeat-hgoxfxbbugxkfsbmqcjlbmjeaqyg/Build/Intermediates.noindex/Firebase.build/Debug-iphonesimulator/FirebaseAuthInternal.build/Objects-normal/arm64/e6072d4f65d7061329687fe24e3d63a7-common-args.resp -MMD -MT dependencies -MF /Users/fukushimatakumi/Library/Developer/Xcode/DerivedData/SugarBeat-hgoxfxbbugxkfsbmqcjlbmjeaqyg/Build/Intermediates.noindex/Firebase.build/Debug-iphonesimulator/FirebaseAuthInternal.build/Objects-normal/arm64/FIRMultiFactorConstants.d --serialize-diagnostics /Users/fukushimatakumi/Library/Developer/Xcode/DerivedData/SugarBeat-hgoxfxbbugxkfsbmqcjlbmjeaqyg/Build/Intermediates.noindex/Firebase.build/Debug-iphonesimulator/FirebaseAuthInternal.build/Objects-normal/arm64/FIRMultiFactorConstants.dia -c /Users/fukushimatakumi/Library/Developer/Xcode/DerivedData/SugarBeat-hgoxfxbbugxkfsbmqcjlbmjeaqyg/SourcePackages/checkouts/firebase-ios-sdk/FirebaseAuth/Sources/ObjC/FIRMultiFactorConstants.m -o /Users/fukushimatakumi/Library/Developer/Xcode/DerivedData/SugarBeat-hgoxfxbbugxkfsbmqcjlbmjeaqyg/Build/Intermediates.noindex/Firebase.build/Debug-iphonesimulator/FirebaseAuthInternal.build/Objects-normal/arm64/FIRMultiFactorConstants.o -index-unit-output-path /Firebase.build/Debug-iphonesimulator/FirebaseAuthInternal.build/Objects-normal/arm64/FIRMultiFactorConstants.o

CompileC /Users/fukushimatakumi/Library/Developer/Xcode/DerivedData/SugarBeat-hgoxfxbbugxkfsbmqcjlbmjeaqyg/Build/Intermediates.noindex/Firebase.build/Debug-iphonesimulator/FirebaseAuthInternal.build/Objects-normal/arm64/FIRAuthProvider.o /Users/fukushimatakumi/Library/Developer/Xcode/DerivedData/SugarBeat-hgoxfxbbugxkfsbmqcjlbmjeaqyg/SourcePackages/checkouts/firebase-ios-sdk/FirebaseAuth/Sources/ObjC/FIRAuthProvider.m normal arm64 objective-c com.apple.compilers.llvm.clang.1_0.compiler (in target 'FirebaseAuthInternal' from project 'Firebase')
    cd /Users/fukushimatakumi/develop/sugarbeat/sugarbeat-front
    
    Using response file: /Users/fukushimatakumi/Library/Developer/Xcode/DerivedData/SugarBeat-hgoxfxbbugxkfsbmqcjlbmjeaqyg/Build/Intermediates.noindex/Firebase.build/Debug-iphonesimulator/FirebaseAuthInternal.build/Objects-normal/arm64/e6072d4f65d7061329687fe24e3d63a7-common-args.resp
    
    /Applications/Xcode.app/Contents/Developer/Toolchains/XcodeDefault.xctoolchain/usr/bin/clang -x objective-c -ivfsstatcache /Users/fukushimatakumi/Library/Developer/Xcode/DerivedData/SDKStatCaches.noindex/iphonesimulator18.4-22E235-71825a6d136aa4733edcbe86ece5525b.sdkstatcache -fmessage-length\=0 -fdiagnostics-show-note-include-stack -fmacro-backtrace-limit\=0 -fno-color-diagnostics -fmodules-prune-interval\=86400 -fmodules-prune-after\=345600 -fbuild-session-file\=/Users/fukushimatakumi/Library/Developer/Xcode/DerivedData/ModuleCache.noindex/Session.modulevalidation -fmodules-validate-once-per-build-session -Wnon-modular-include-in-framework-module -Werror\=non-modular-include-in-framework-module -Wno-trigraphs -Wno-missing-field-initializers -Wno-missing-prototypes -Wno-return-type -Wno-implicit-atomic-properties -Wno-objc-interface-ivars -Wno-arc-repeated-use-of-weak -Wno-missing-braces -Wparentheses -Wswitch -Wno-unused-function -Wno-unused-label -Wno-unused-parameter -Wno-unused-variable -Wunused-value -Wno-empty-body -Wno-uninitialized -Wno-unknown-pragmas -w -Wno-shadow -Wno-four-char-constants -Wno-conversion -Wno-constant-conversion -Wno-int-conversion -Wno-bool-conversion -Wno-enum-conversion -Wno-float-conversion -Wno-non-literal-null-conversion -Wno-objc-literal-conversion -Wshorten-64-to-32 -Wpointer-sign -Wno-newline-eof -Wno-selector -Wno-strict-selector-match -Wno-undeclared-selector -Wno-deprecated-implementations -Wno-implicit-fallthrough -fstrict-aliasing -Wprotocol -Wdeprecated-declarations -Wno-sign-conversion -Wno-infinite-recursion -Wno-comma -Wno-block-capture-autoreleasing -Wno-strict-prototypes -Wno-semicolon-before-method-body -index-store-path /Users/fukushimatakumi/Library/Developer/Xcode/DerivedData/SugarBeat-hgoxfxbbugxkfsbmqcjlbmjeaqyg/Index.noindex/DataStore @/Users/fukushimatakumi/Library/Developer/Xcode/DerivedData/SugarBeat-hgoxfxbbugxkfsbmqcjlbmjeaqyg/Build/Intermediates.noindex/Firebase.build/Debug-iphonesimulator/FirebaseAuthInternal.build/Objects-normal/arm64/e6072d4f65d7061329687fe24e3d63a7-common-args.resp -MMD -MT dependencies -MF /Users/fukushimatakumi/Library/Developer/Xcode/DerivedData/SugarBeat-hgoxfxbbugxkfsbmqcjlbmjeaqyg/Build/Intermediates.noindex/Firebase.build/Debug-iphonesimulator/FirebaseAuthInternal.build/Objects-normal/arm64/FIRAuthProvider.d --serialize-diagnostics /Users/fukushimatakumi/Library/Developer/Xcode/DerivedData/SugarBeat-hgoxfxbbugxkfsbmqcjlbmjeaqyg/Build/Intermediates.noindex/Firebase.build/Debug-iphonesimulator/FirebaseAuthInternal.build/Objects-normal/arm64/FIRAuthProvider.dia -c /Users/fukushimatakumi/Library/Developer/Xcode/DerivedData/SugarBeat-hgoxfxbbugxkfsbmqcjlbmjeaqyg/SourcePackages/checkouts/firebase-ios-sdk/FirebaseAuth/Sources/ObjC/FIRAuthProvider.m -o /Users/fukushimatakumi/Library/Developer/Xcode/DerivedData/SugarBeat-hgoxfxbbugxkfsbmqcjlbmjeaqyg/Build/Intermediates.noindex/Firebase.build/Debug-iphonesimulator/FirebaseAuthInternal.build/Objects-normal/arm64/FIRAuthProvider.o -index-unit-output-path /Firebase.build/Debug-iphonesimulator/FirebaseAuthInternal.build/Objects-normal/arm64/FIRAuthProvider.o

ScanDependencies /Users/fukushimatakumi/Library/Developer/Xcode/DerivedData/SugarBeat-hgoxfxbbugxkfsbmqcjlbmjeaqyg/Build/Intermediates.noindex/GoogleUtilities.build/Debug-iphonesimulator/GoogleUtilities-UserDefaults.build/Objects-normal/arm64/resource_bundle_accessor.o /Users/fukushimatakumi/Library/Developer/Xcode/DerivedData/SugarBeat-hgoxfxbbugxkfsbmqcjlbmjeaqyg/Build/Intermediates.noindex/GoogleUtilities.build/Debug-iphonesimulator/GoogleUtilities-UserDefaults.build/DerivedSources/resource_bundle_accessor.m normal arm64 objective-c com.apple.compilers.llvm.clang.1_0.compiler (in target 'GoogleUtilities-UserDefaults' from project 'GoogleUtilities')
    cd /Users/fukushimatakumi/develop/sugarbeat/sugarbeat-front
    
    Using response file: /Users/fukushimatakumi/Library/Developer/Xcode/DerivedData/SugarBeat-hgoxfxbbugxkfsbmqcjlbmjeaqyg/Build/Intermediates.noindex/GoogleUtilities.build/Debug-iphonesimulator/GoogleUtilities-UserDefaults.build/Objects-normal/arm64/e6072d4f65d7061329687fe24e3d63a7-common-args.resp
    
    builtin-ScanDependencies -o /Users/fukushimatakumi/Library/Developer/Xcode/DerivedData/SugarBeat-hgoxfxbbugxkfsbmqcjlbmjeaqyg/Build/Intermediates.noindex/GoogleUtilities.build/Debug-iphonesimulator/GoogleUtilities-UserDefaults.build/Objects-normal/arm64/resource_bundle_accessor.o.scan -- /Applications/Xcode.app/Contents/Developer/Toolchains/XcodeDefault.xctoolchain/usr/bin/clang -x objective-c -ivfsstatcache /Users/fukushimatakumi/Library/Developer/Xcode/DerivedData/SDKStatCaches.noindex/iphonesimulator18.4-22E235-71825a6d136aa4733edcbe86ece5525b.sdkstatcache -fmessage-length\=0 -fdiagnostics-show-note-include-stack -fmacro-backtrace-limit\=0 -fno-color-diagnostics -fmodules-prune-interval\=86400 -fmodules-prune-after\=345600 -fbuild-session-file\=/Users/fukushimatakumi/Library/Developer/Xcode/DerivedData/ModuleCache.noindex/Session.modulevalidation -fmodules-validate-once-per-build-session -Wnon-modular-include-in-framework-module -Werror\=non-modular-include-in-framework-module -Wno-trigraphs -Wno-missing-field-initializers -Wno-missing-prototypes -Wno-return-type -Wno-implicit-atomic-properties -Wno-objc-interface-ivars -Wno-arc-repeated-use-of-weak -Wno-missing-braces -Wparentheses -Wswitch -Wno-unused-function -Wno-unused-label -Wno-unused-parameter -Wno-unused-variable -Wunused-value -Wno-empty-body -Wno-uninitialized -Wno-unknown-pragmas -w -Wno-shadow -Wno-four-char-constants -Wno-conversion -Wno-constant-conversion -Wno-int-conversion -Wno-bool-conversion -Wno-enum-conversion -Wno-float-conversion -Wno-non-literal-null-conversion -Wno-objc-literal-conversion -Wshorten-64-to-32 -Wpointer-sign -Wno-newline-eof -Wno-selector -Wno-strict-selector-match -Wno-undeclared-selector -Wno-deprecated-implementations -Wno-implicit-fallthrough -fstrict-aliasing -Wprotocol -Wdeprecated-declarations -Wno-sign-conversion -Wno-infinite-recursion -Wno-comma -Wno-block-capture-autoreleasing -Wno-strict-prototypes -Wno-semicolon-before-method-body -index-store-path /Users/fukushimatakumi/Library/Developer/Xcode/DerivedData/SugarBeat-hgoxfxbbugxkfsbmqcjlbmjeaqyg/Index.noindex/DataStore @/Users/fukushimatakumi/Library/Developer/Xcode/DerivedData/SugarBeat-hgoxfxbbugxkfsbmqcjlbmjeaqyg/Build/Intermediates.noindex/GoogleUtilities.build/Debug-iphonesimulator/GoogleUtilities-UserDefaults.build/Objects-normal/arm64/e6072d4f65d7061329687fe24e3d63a7-common-args.resp -include /Users/fukushimatakumi/Library/Developer/Xcode/DerivedData/SugarBeat-hgoxfxbbugxkfsbmqcjlbmjeaqyg/Build/Intermediates.noindex/GoogleUtilities.build/Debug-iphonesimulator/GoogleUtilities-UserDefaults.build/DerivedSources/resource_bundle_accessor.h -MMD -MT dependencies -MF /Users/fukushimatakumi/Library/Developer/Xcode/DerivedData/SugarBeat-hgoxfxbbugxkfsbmqcjlbmjeaqyg/Build/Intermediates.noindex/GoogleUtilities.build/Debug-iphonesimulator/GoogleUtilities-UserDefaults.build/Objects-normal/arm64/resource_bundle_accessor.d --serialize-diagnostics /Users/fukushimatakumi/Library/Developer/Xcode/DerivedData/SugarBeat-hgoxfxbbugxkfsbmqcjlbmjeaqyg/Build/Intermediates.noindex/GoogleUtilities.build/Debug-iphonesimulator/GoogleUtilities-UserDefaults.build/Objects-normal/arm64/resource_bundle_accessor.dia -c /Users/fukushimatakumi/Library/Developer/Xcode/DerivedData/SugarBeat-hgoxfxbbugxkfsbmqcjlbmjeaqyg/Build/Intermediates.noindex/GoogleUtilities.build/Debug-iphonesimulator/GoogleUtilities-UserDefaults.build/DerivedSources/resource_bundle_accessor.m -o /Users/fukushimatakumi/Library/Developer/Xcode/DerivedData/SugarBeat-hgoxfxbbugxkfsbmqcjlbmjeaqyg/Build/Intermediates.noindex/GoogleUtilities.build/Debug-iphonesimulator/GoogleUtilities-UserDefaults.build/Objects-normal/arm64/resource_bundle_accessor.o -index-unit-output-path /GoogleUtilities.build/Debug-iphonesimulator/GoogleUtilities-UserDefaults.build/Objects-normal/arm64/resource_bundle_accessor.o

ScanDependencies /Users/fukushimatakumi/Library/Developer/Xcode/DerivedData/SugarBeat-hgoxfxbbugxkfsbmqcjlbmjeaqyg/Build/Intermediates.noindex/GoogleUtilities.build/Debug-iphonesimulator/GoogleUtilities-UserDefaults.build/Objects-normal/arm64/GULUserDefaults.o /Users/fukushimatakumi/Library/Developer/Xcode/DerivedData/SugarBeat-hgoxfxbbugxkfsbmqcjlbmjeaqyg/SourcePackages/checkouts/GoogleUtilities/GoogleUtilities/UserDefaults/GULUserDefaults.m normal arm64 objective-c com.apple.compilers.llvm.clang.1_0.compiler (in target 'GoogleUtilities-UserDefaults' from project 'GoogleUtilities')
    cd /Users/fukushimatakumi/develop/sugarbeat/sugarbeat-front
    
    Using response file: /Users/fukushimatakumi/Library/Developer/Xcode/DerivedData/SugarBeat-hgoxfxbbugxkfsbmqcjlbmjeaqyg/Build/Intermediates.noindex/GoogleUtilities.build/Debug-iphonesimulator/GoogleUtilities-UserDefaults.build/Objects-normal/arm64/e6072d4f65d7061329687fe24e3d63a7-common-args.resp
    
    builtin-ScanDependencies -o /Users/fukushimatakumi/Library/Developer/Xcode/DerivedData/SugarBeat-hgoxfxbbugxkfsbmqcjlbmjeaqyg/Build/Intermediates.noindex/GoogleUtilities.build/Debug-iphonesimulator/GoogleUtilities-UserDefaults.build/Objects-normal/arm64/GULUserDefaults.o.scan -- /Applications/Xcode.app/Contents/Developer/Toolchains/XcodeDefault.xctoolchain/usr/bin/clang -x objective-c -ivfsstatcache /Users/fukushimatakumi/Library/Developer/Xcode/DerivedData/SDKStatCaches.noindex/iphonesimulator18.4-22E235-71825a6d136aa4733edcbe86ece5525b.sdkstatcache -fmessage-length\=0 -fdiagnostics-show-note-include-stack -fmacro-backtrace-limit\=0 -fno-color-diagnostics -fmodules-prune-interval\=86400 -fmodules-prune-after\=345600 -fbuild-session-file\=/Users/fukushimatakumi/Library/Developer/Xcode/DerivedData/ModuleCache.noindex/Session.modulevalidation -fmodules-validate-once-per-build-session -Wnon-modular-include-in-framework-module -Werror\=non-modular-include-in-framework-module -Wno-trigraphs -Wno-missing-field-initializers -Wno-missing-prototypes -Wno-return-type -Wno-implicit-atomic-properties -Wno-objc-interface-ivars -Wno-arc-repeated-use-of-weak -Wno-missing-braces -Wparentheses -Wswitch -Wno-unused-function -Wno-unused-label -Wno-unused-parameter -Wno-unused-variable -Wunused-value -Wno-empty-body -Wno-uninitialized -Wno-unknown-pragmas -w -Wno-shadow -Wno-four-char-constants -Wno-conversion -Wno-constant-conversion -Wno-int-conversion -Wno-bool-conversion -Wno-enum-conversion -Wno-float-conversion -Wno-non-literal-null-conversion -Wno-objc-literal-conversion -Wshorten-64-to-32 -Wpointer-sign -Wno-newline-eof -Wno-selector -Wno-strict-selector-match -Wno-undeclared-selector -Wno-deprecated-implementations -Wno-implicit-fallthrough -fstrict-aliasing -Wprotocol -Wdeprecated-declarations -Wno-sign-conversion -Wno-infinite-recursion -Wno-comma -Wno-block-capture-autoreleasing -Wno-strict-prototypes -Wno-semicolon-before-method-body -index-store-path /Users/fukushimatakumi/Library/Developer/Xcode/DerivedData/SugarBeat-hgoxfxbbugxkfsbmqcjlbmjeaqyg/Index.noindex/DataStore @/Users/fukushimatakumi/Library/Developer/Xcode/DerivedData/SugarBeat-hgoxfxbbugxkfsbmqcjlbmjeaqyg/Build/Intermediates.noindex/GoogleUtilities.build/Debug-iphonesimulator/GoogleUtilities-UserDefaults.build/Objects-normal/arm64/e6072d4f65d7061329687fe24e3d63a7-common-args.resp -include /Users/fukushimatakumi/Library/Developer/Xcode/DerivedData/SugarBeat-hgoxfxbbugxkfsbmqcjlbmjeaqyg/Build/Intermediates.noindex/GoogleUtilities.build/Debug-iphonesimulator/GoogleUtilities-UserDefaults.build/DerivedSources/resource_bundle_accessor.h -MMD -MT dependencies -MF /Users/fukushimatakumi/Library/Developer/Xcode/DerivedData/SugarBeat-hgoxfxbbugxkfsbmqcjlbmjeaqyg/Build/Intermediates.noindex/GoogleUtilities.build/Debug-iphonesimulator/GoogleUtilities-UserDefaults.build/Objects-normal/arm64/GULUserDefaults.d --serialize-diagnostics /Users/fukushimatakumi/Library/Developer/Xcode/DerivedData/SugarBeat-hgoxfxbbugxkfsbmqcjlbmjeaqyg/Build/Intermediates.noindex/GoogleUtilities.build/Debug-iphonesimulator/GoogleUtilities-UserDefaults.build/Objects-normal/arm64/GULUserDefaults.dia -c /Users/fukushimatakumi/Library/Developer/Xcode/DerivedData/SugarBeat-hgoxfxbbugxkfsbmqcjlbmjeaqyg/SourcePackages/checkouts/GoogleUtilities/GoogleUtilities/UserDefaults/GULUserDefaults.m -o /Users/fukushimatakumi/Library/Developer/Xcode/DerivedData/SugarBeat-hgoxfxbbugxkfsbmqcjlbmjeaqyg/Build/Intermediates.noindex/GoogleUtilities.build/Debug-iphonesimulator/GoogleUtilities-UserDefaults.build/Objects-normal/arm64/GULUserDefaults.o -index-unit-output-path /GoogleUtilities.build/Debug-iphonesimulator/GoogleUtilities-UserDefaults.build/Objects-normal/arm64/GULUserDefaults.o

ScanDependencies /Users/fukushimatakumi/Library/Developer/Xcode/DerivedData/SugarBeat-hgoxfxbbugxkfsbmqcjlbmjeaqyg/Build/Intermediates.noindex/GoogleUtilities.build/Debug-iphonesimulator/GoogleUtilities-Reachability.build/Objects-normal/arm64/resource_bundle_accessor.o /Users/fukushimatakumi/Library/Developer/Xcode/DerivedData/SugarBeat-hgoxfxbbugxkfsbmqcjlbmjeaqyg/Build/Intermediates.noindex/GoogleUtilities.build/Debug-iphonesimulator/GoogleUtilities-Reachability.build/DerivedSources/resource_bundle_accessor.m normal arm64 objective-c com.apple.compilers.llvm.clang.1_0.compiler (in target 'GoogleUtilities-Reachability' from project 'GoogleUtilities')
    cd /Users/fukushimatakumi/develop/sugarbeat/sugarbeat-front
    
    Using response file: /Users/fukushimatakumi/Library/Developer/Xcode/DerivedData/SugarBeat-hgoxfxbbugxkfsbmqcjlbmjeaqyg/Build/Intermediates.noindex/GoogleUtilities.build/Debug-iphonesimulator/GoogleUtilities-Reachability.build/Objects-normal/arm64/e6072d4f65d7061329687fe24e3d63a7-common-args.resp
    
    builtin-ScanDependencies -o /Users/fukushimatakumi/Library/Developer/Xcode/DerivedData/SugarBeat-hgoxfxbbugxkfsbmqcjlbmjeaqyg/Build/Intermediates.noindex/GoogleUtilities.build/Debug-iphonesimulator/GoogleUtilities-Reachability.build/Objects-normal/arm64/resource_bundle_accessor.o.scan -- /Applications/Xcode.app/Contents/Developer/Toolchains/XcodeDefault.xctoolchain/usr/bin/clang -x objective-c -ivfsstatcache /Users/fukushimatakumi/Library/Developer/Xcode/DerivedData/SDKStatCaches.noindex/iphonesimulator18.4-22E235-71825a6d136aa4733edcbe86ece5525b.sdkstatcache -fmessage-length\=0 -fdiagnostics-show-note-include-stack -fmacro-backtrace-limit\=0 -fno-color-diagnostics -fmodules-prune-interval\=86400 -fmodules-prune-after\=345600 -fbuild-session-file\=/Users/fukushimatakumi/Library/Developer/Xcode/DerivedData/ModuleCache.noindex/Session.modulevalidation -fmodules-validate-once-per-build-session -Wnon-modular-include-in-framework-module -Werror\=non-modular-include-in-framework-module -Wno-trigraphs -Wno-missing-field-initializers -Wno-missing-prototypes -Wno-return-type -Wno-implicit-atomic-properties -Wno-objc-interface-ivars -Wno-arc-repeated-use-of-weak -Wno-missing-braces -Wparentheses -Wswitch -Wno-unused-function -Wno-unused-label -Wno-unused-parameter -Wno-unused-variable -Wunused-value -Wno-empty-body -Wno-uninitialized -Wno-unknown-pragmas -w -Wno-shadow -Wno-four-char-constants -Wno-conversion -Wno-constant-conversion -Wno-int-conversion -Wno-bool-conversion -Wno-enum-conversion -Wno-float-conversion -Wno-non-literal-null-conversion -Wno-objc-literal-conversion -Wshorten-64-to-32 -Wpointer-sign -Wno-newline-eof -Wno-selector -Wno-strict-selector-match -Wno-undeclared-selector -Wno-deprecated-implementations -Wno-implicit-fallthrough -fstrict-aliasing -Wprotocol -Wdeprecated-declarations -Wno-sign-conversion -Wno-infinite-recursion -Wno-comma -Wno-block-capture-autoreleasing -Wno-strict-prototypes -Wno-semicolon-before-method-body -index-store-path /Users/fukushimatakumi/Library/Developer/Xcode/DerivedData/SugarBeat-hgoxfxbbugxkfsbmqcjlbmjeaqyg/Index.noindex/DataStore @/Users/fukushimatakumi/Library/Developer/Xcode/DerivedData/SugarBeat-hgoxfxbbugxkfsbmqcjlbmjeaqyg/Build/Intermediates.noindex/GoogleUtilities.build/Debug-iphonesimulator/GoogleUtilities-Reachability.build/Objects-normal/arm64/e6072d4f65d7061329687fe24e3d63a7-common-args.resp -include /Users/fukushimatakumi/Library/Developer/Xcode/DerivedData/SugarBeat-hgoxfxbbugxkfsbmqcjlbmjeaqyg/Build/Intermediates.noindex/GoogleUtilities.build/Debug-iphonesimulator/GoogleUtilities-Reachability.build/DerivedSources/resource_bundle_accessor.h -MMD -MT dependencies -MF /Users/fukushimatakumi/Library/Developer/Xcode/DerivedData/SugarBeat-hgoxfxbbugxkfsbmqcjlbmjeaqyg/Build/Intermediates.noindex/GoogleUtilities.build/Debug-iphonesimulator/GoogleUtilities-Reachability.build/Objects-normal/arm64/resource_bundle_accessor.d --serialize-diagnostics /Users/fukushimatakumi/Library/Developer/Xcode/DerivedData/SugarBeat-hgoxfxbbugxkfsbmqcjlbmjeaqyg/Build/Intermediates.noindex/GoogleUtilities.build/Debug-iphonesimulator/GoogleUtilities-Reachability.build/Objects-normal/arm64/resource_bundle_accessor.dia -c /Users/fukushimatakumi/Library/Developer/Xcode/DerivedData/SugarBeat-hgoxfxbbugxkfsbmqcjlbmjeaqyg/Build/Intermediates.noindex/GoogleUtilities.build/Debug-iphonesimulator/GoogleUtilities-Reachability.build/DerivedSources/resource_bundle_accessor.m -o /Users/fukushimatakumi/Library/Developer/Xcode/DerivedData/SugarBeat-hgoxfxbbugxkfsbmqcjlbmjeaqyg/Build/Intermediates.noindex/GoogleUtilities.build/Debug-iphonesimulator/GoogleUtilities-Reachability.build/Objects-normal/arm64/resource_bundle_accessor.o -index-unit-output-path /GoogleUtilities.build/Debug-iphonesimulator/GoogleUtilities-Reachability.build/Objects-normal/arm64/resource_bundle_accessor.o

ScanDependencies /Users/fukushimatakumi/Library/Developer/Xcode/DerivedData/SugarBeat-hgoxfxbbugxkfsbmqcjlbmjeaqyg/Build/Intermediates.noindex/GoogleUtilities.build/Debug-iphonesimulator/GoogleUtilities-Reachability.build/Objects-normal/arm64/GULReachabilityChecker.o /Users/fukushimatakumi/Library/Developer/Xcode/DerivedData/SugarBeat-hgoxfxbbugxkfsbmqcjlbmjeaqyg/SourcePackages/checkouts/GoogleUtilities/GoogleUtilities/Reachability/GULReachabilityChecker.m normal arm64 objective-c com.apple.compilers.llvm.clang.1_0.compiler (in target 'GoogleUtilities-Reachability' from project 'GoogleUtilities')
    cd /Users/fukushimatakumi/develop/sugarbeat/sugarbeat-front
    
    Using response file: /Users/fukushimatakumi/Library/Developer/Xcode/DerivedData/SugarBeat-hgoxfxbbugxkfsbmqcjlbmjeaqyg/Build/Intermediates.noindex/GoogleUtilities.build/Debug-iphonesimulator/GoogleUtilities-Reachability.build/Objects-normal/arm64/e6072d4f65d7061329687fe24e3d63a7-common-args.resp
    
    builtin-ScanDependencies -o /Users/fukushimatakumi/Library/Developer/Xcode/DerivedData/SugarBeat-hgoxfxbbugxkfsbmqcjlbmjeaqyg/Build/Intermediates.noindex/GoogleUtilities.build/Debug-iphonesimulator/GoogleUtilities-Reachability.build/Objects-normal/arm64/GULReachabilityChecker.o.scan -- /Applications/Xcode.app/Contents/Developer/Toolchains/XcodeDefault.xctoolchain/usr/bin/clang -x objective-c -ivfsstatcache /Users/fukushimatakumi/Library/Developer/Xcode/DerivedData/SDKStatCaches.noindex/iphonesimulator18.4-22E235-71825a6d136aa4733edcbe86ece5525b.sdkstatcache -fmessage-length\=0 -fdiagnostics-show-note-include-stack -fmacro-backtrace-limit\=0 -fno-color-diagnostics -fmodules-prune-interval\=86400 -fmodules-prune-after\=345600 -fbuild-session-file\=/Users/fukushimatakumi/Library/Developer/Xcode/DerivedData/ModuleCache.noindex/Session.modulevalidation -fmodules-validate-once-per-build-session -Wnon-modular-include-in-framework-module -Werror\=non-modular-include-in-framework-module -Wno-trigraphs -Wno-missing-field-initializers -Wno-missing-prototypes -Wno-return-type -Wno-implicit-atomic-properties -Wno-objc-interface-ivars -Wno-arc-repeated-use-of-weak -Wno-missing-braces -Wparentheses -Wswitch -Wno-unused-function -Wno-unused-label -Wno-unused-parameter -Wno-unused-variable -Wunused-value -Wno-empty-body -Wno-uninitialized -Wno-unknown-pragmas -w -Wno-shadow -Wno-four-char-constants -Wno-conversion -Wno-constant-conversion -Wno-int-conversion -Wno-bool-conversion -Wno-enum-conversion -Wno-float-conversion -Wno-non-literal-null-conversion -Wno-objc-literal-conversion -Wshorten-64-to-32 -Wpointer-sign -Wno-newline-eof -Wno-selector -Wno-strict-selector-match -Wno-undeclared-selector -Wno-deprecated-implementations -Wno-implicit-fallthrough -fstrict-aliasing -Wprotocol -Wdeprecated-declarations -Wno-sign-conversion -Wno-infinite-recursion -Wno-comma -Wno-block-capture-autoreleasing -Wno-strict-prototypes -Wno-semicolon-before-method-body -index-store-path /Users/fukushimatakumi/Library/Developer/Xcode/DerivedData/SugarBeat-hgoxfxbbugxkfsbmqcjlbmjeaqyg/Index.noindex/DataStore @/Users/fukushimatakumi/Library/Developer/Xcode/DerivedData/SugarBeat-hgoxfxbbugxkfsbmqcjlbmjeaqyg/Build/Intermediates.noindex/GoogleUtilities.build/Debug-iphonesimulator/GoogleUtilities-Reachability.build/Objects-normal/arm64/e6072d4f65d7061329687fe24e3d63a7-common-args.resp -include /Users/fukushimatakumi/Library/Developer/Xcode/DerivedData/SugarBeat-hgoxfxbbugxkfsbmqcjlbmjeaqyg/Build/Intermediates.noindex/GoogleUtilities.build/Debug-iphonesimulator/GoogleUtilities-Reachability.build/DerivedSources/resource_bundle_accessor.h -MMD -MT dependencies -MF /Users/fukushimatakumi/Library/Developer/Xcode/DerivedData/SugarBeat-hgoxfxbbugxkfsbmqcjlbmjeaqyg/Build/Intermediates.noindex/GoogleUtilities.build/Debug-iphonesimulator/GoogleUtilities-Reachability.build/Objects-normal/arm64/GULReachabilityChecker.d --serialize-diagnostics /Users/fukushimatakumi/Library/Developer/Xcode/DerivedData/SugarBeat-hgoxfxbbugxkfsbmqcjlbmjeaqyg/Build/Intermediates.noindex/GoogleUtilities.build/Debug-iphonesimulator/GoogleUtilities-Reachability.build/Objects-normal/arm64/GULReachabilityChecker.dia -c /Users/fukushimatakumi/Library/Developer/Xcode/DerivedData/SugarBeat-hgoxfxbbugxkfsbmqcjlbmjeaqyg/SourcePackages/checkouts/GoogleUtilities/GoogleUtilities/Reachability/GULReachabilityChecker.m -o /Users/fukushimatakumi/Library/Developer/Xcode/DerivedData/SugarBeat-hgoxfxbbugxkfsbmqcjlbmjeaqyg/Build/Intermediates.noindex/GoogleUtilities.build/Debug-iphonesimulator/GoogleUtilities-Reachability.build/Objects-normal/arm64/GULReachabilityChecker.o -index-unit-output-path /GoogleUtilities.build/Debug-iphonesimulator/GoogleUtilities-Reachability.build/Objects-normal/arm64/GULReachabilityChecker.o

SwiftCompile normal arm64 Compiling\ resource_bundle_accessor.swift,\ Heartbeat.swift /Users/fukushimatakumi/Library/Developer/Xcode/DerivedData/SugarBeat-hgoxfxbbugxkfsbmqcjlbmjeaqyg/Build/Intermediates.noindex/Firebase.build/Debug-iphonesimulator/FirebaseCoreInternal.build/DerivedSources/resource_bundle_accessor.swift /Users/fukushimatakumi/Library/Developer/Xcode/DerivedData/SugarBeat-hgoxfxbbugxkfsbmqcjlbmjeaqyg/SourcePackages/checkouts/firebase-ios-sdk/FirebaseCore/Internal/Sources/HeartbeatLogging/Heartbeat.swift (in target 'FirebaseCoreInternal' from project 'Firebase')

SwiftCompile normal arm64 /Users/fukushimatakumi/Library/Developer/Xcode/DerivedData/SugarBeat-hgoxfxbbugxkfsbmqcjlbmjeaqyg/Build/Intermediates.noindex/Firebase.build/Debug-iphonesimulator/FirebaseCoreInternal.build/DerivedSources/resource_bundle_accessor.swift (in target 'FirebaseCoreInternal' from project 'Firebase')
    cd /Users/fukushimatakumi/develop/sugarbeat/sugarbeat-front
    

SwiftCompile normal arm64 /Users/fukushimatakumi/Library/Developer/Xcode/DerivedData/SugarBeat-hgoxfxbbugxkfsbmqcjlbmjeaqyg/SourcePackages/checkouts/firebase-ios-sdk/FirebaseCore/Internal/Sources/HeartbeatLogging/Heartbeat.swift (in target 'FirebaseCoreInternal' from project 'Firebase')
    cd /Users/fukushimatakumi/develop/sugarbeat/sugarbeat-front
    

PrecompileModule /Users/fukushimatakumi/Library/Developer/Xcode/DerivedData/SugarBeat-hgoxfxbbugxkfsbmqcjlbmjeaqyg/Build/Intermediates.noindex/ExplicitPrecompiledModules/CoreVideo-E4N5Q6YPJ69M1P72FIK4Z3A18.scan
    cd /Users/fukushimatakumi/develop/sugarbeat/sugarbeat-front
    builtin-precompileModule /Users/fukushimatakumi/Library/Developer/Xcode/DerivedData/SugarBeat-hgoxfxbbugxkfsbmqcjlbmjeaqyg/Build/Intermediates.noindex/ExplicitPrecompiledModules/CoreVideo-E4N5Q6YPJ69M1P72FIK4Z3A18.scan

CompileC /Users/fukushimatakumi/Library/Developer/Xcode/DerivedData/SugarBeat-hgoxfxbbugxkfsbmqcjlbmjeaqyg/Build/Intermediates.noindex/GoogleUtilities.build/Debug-iphonesimulator/GoogleUtilities-UserDefaults.build/Objects-normal/arm64/resource_bundle_accessor.o /Users/fukushimatakumi/Library/Developer/Xcode/DerivedData/SugarBeat-hgoxfxbbugxkfsbmqcjlbmjeaqyg/Build/Intermediates.noindex/GoogleUtilities.build/Debug-iphonesimulator/GoogleUtilities-UserDefaults.build/DerivedSources/resource_bundle_accessor.m normal arm64 objective-c com.apple.compilers.llvm.clang.1_0.compiler (in target 'GoogleUtilities-UserDefaults' from project 'GoogleUtilities')
    cd /Users/fukushimatakumi/develop/sugarbeat/sugarbeat-front
    
    Using response file: /Users/fukushimatakumi/Library/Developer/Xcode/DerivedData/SugarBeat-hgoxfxbbugxkfsbmqcjlbmjeaqyg/Build/Intermediates.noindex/GoogleUtilities.build/Debug-iphonesimulator/GoogleUtilities-UserDefaults.build/Objects-normal/arm64/e6072d4f65d7061329687fe24e3d63a7-common-args.resp
    
    /Applications/Xcode.app/Contents/Developer/Toolchains/XcodeDefault.xctoolchain/usr/bin/clang -x objective-c -ivfsstatcache /Users/fukushimatakumi/Library/Developer/Xcode/DerivedData/SDKStatCaches.noindex/iphonesimulator18.4-22E235-71825a6d136aa4733edcbe86ece5525b.sdkstatcache -fmessage-length\=0 -fdiagnostics-show-note-include-stack -fmacro-backtrace-limit\=0 -fno-color-diagnostics -fmodules-prune-interval\=86400 -fmodules-prune-after\=345600 -fbuild-session-file\=/Users/fukushimatakumi/Library/Developer/Xcode/DerivedData/ModuleCache.noindex/Session.modulevalidation -fmodules-validate-once-per-build-session -Wnon-modular-include-in-framework-module -Werror\=non-modular-include-in-framework-module -Wno-trigraphs -Wno-missing-field-initializers -Wno-missing-prototypes -Wno-return-type -Wno-implicit-atomic-properties -Wno-objc-interface-ivars -Wno-arc-repeated-use-of-weak -Wno-missing-braces -Wparentheses -Wswitch -Wno-unused-function -Wno-unused-label -Wno-unused-parameter -Wno-unused-variable -Wunused-value -Wno-empty-body -Wno-uninitialized -Wno-unknown-pragmas -w -Wno-shadow -Wno-four-char-constants -Wno-conversion -Wno-constant-conversion -Wno-int-conversion -Wno-bool-conversion -Wno-enum-conversion -Wno-float-conversion -Wno-non-literal-null-conversion -Wno-objc-literal-conversion -Wshorten-64-to-32 -Wpointer-sign -Wno-newline-eof -Wno-selector -Wno-strict-selector-match -Wno-undeclared-selector -Wno-deprecated-implementations -Wno-implicit-fallthrough -fstrict-aliasing -Wprotocol -Wdeprecated-declarations -Wno-sign-conversion -Wno-infinite-recursion -Wno-comma -Wno-block-capture-autoreleasing -Wno-strict-prototypes -Wno-semicolon-before-method-body -index-store-path /Users/fukushimatakumi/Library/Developer/Xcode/DerivedData/SugarBeat-hgoxfxbbugxkfsbmqcjlbmjeaqyg/Index.noindex/DataStore @/Users/fukushimatakumi/Library/Developer/Xcode/DerivedData/SugarBeat-hgoxfxbbugxkfsbmqcjlbmjeaqyg/Build/Intermediates.noindex/GoogleUtilities.build/Debug-iphonesimulator/GoogleUtilities-UserDefaults.build/Objects-normal/arm64/e6072d4f65d7061329687fe24e3d63a7-common-args.resp -include /Users/fukushimatakumi/Library/Developer/Xcode/DerivedData/SugarBeat-hgoxfxbbugxkfsbmqcjlbmjeaqyg/Build/Intermediates.noindex/GoogleUtilities.build/Debug-iphonesimulator/GoogleUtilities-UserDefaults.build/DerivedSources/resource_bundle_accessor.h -MMD -MT dependencies -MF /Users/fukushimatakumi/Library/Developer/Xcode/DerivedData/SugarBeat-hgoxfxbbugxkfsbmqcjlbmjeaqyg/Build/Intermediates.noindex/GoogleUtilities.build/Debug-iphonesimulator/GoogleUtilities-UserDefaults.build/Objects-normal/arm64/resource_bundle_accessor.d --serialize-diagnostics /Users/fukushimatakumi/Library/Developer/Xcode/DerivedData/SugarBeat-hgoxfxbbugxkfsbmqcjlbmjeaqyg/Build/Intermediates.noindex/GoogleUtilities.build/Debug-iphonesimulator/GoogleUtilities-UserDefaults.build/Objects-normal/arm64/resource_bundle_accessor.dia -c /Users/fukushimatakumi/Library/Developer/Xcode/DerivedData/SugarBeat-hgoxfxbbugxkfsbmqcjlbmjeaqyg/Build/Intermediates.noindex/GoogleUtilities.build/Debug-iphonesimulator/GoogleUtilities-UserDefaults.build/DerivedSources/resource_bundle_accessor.m -o /Users/fukushimatakumi/Library/Developer/Xcode/DerivedData/SugarBeat-hgoxfxbbugxkfsbmqcjlbmjeaqyg/Build/Intermediates.noindex/GoogleUtilities.build/Debug-iphonesimulator/GoogleUtilities-UserDefaults.build/Objects-normal/arm64/resource_bundle_accessor.o -index-unit-output-path /GoogleUtilities.build/Debug-iphonesimulator/GoogleUtilities-UserDefaults.build/Objects-normal/arm64/resource_bundle_accessor.o

CompileC /Users/fukushimatakumi/Library/Developer/Xcode/DerivedData/SugarBeat-hgoxfxbbugxkfsbmqcjlbmjeaqyg/Build/Intermediates.noindex/GoogleUtilities.build/Debug-iphonesimulator/GoogleUtilities-Reachability.build/Objects-normal/arm64/resource_bundle_accessor.o /Users/fukushimatakumi/Library/Developer/Xcode/DerivedData/SugarBeat-hgoxfxbbugxkfsbmqcjlbmjeaqyg/Build/Intermediates.noindex/GoogleUtilities.build/Debug-iphonesimulator/GoogleUtilities-Reachability.build/DerivedSources/resource_bundle_accessor.m normal arm64 objective-c com.apple.compilers.llvm.clang.1_0.compiler (in target 'GoogleUtilities-Reachability' from project 'GoogleUtilities')
    cd /Users/fukushimatakumi/develop/sugarbeat/sugarbeat-front
    
    Using response file: /Users/fukushimatakumi/Library/Developer/Xcode/DerivedData/SugarBeat-hgoxfxbbugxkfsbmqcjlbmjeaqyg/Build/Intermediates.noindex/GoogleUtilities.build/Debug-iphonesimulator/GoogleUtilities-Reachability.build/Objects-normal/arm64/e6072d4f65d7061329687fe24e3d63a7-common-args.resp
    
    /Applications/Xcode.app/Contents/Developer/Toolchains/XcodeDefault.xctoolchain/usr/bin/clang -x objective-c -ivfsstatcache /Users/fukushimatakumi/Library/Developer/Xcode/DerivedData/SDKStatCaches.noindex/iphonesimulator18.4-22E235-71825a6d136aa4733edcbe86ece5525b.sdkstatcache -fmessage-length\=0 -fdiagnostics-show-note-include-stack -fmacro-backtrace-limit\=0 -fno-color-diagnostics -fmodules-prune-interval\=86400 -fmodules-prune-after\=345600 -fbuild-session-file\=/Users/fukushimatakumi/Library/Developer/Xcode/DerivedData/ModuleCache.noindex/Session.modulevalidation -fmodules-validate-once-per-build-session -Wnon-modular-include-in-framework-module -Werror\=non-modular-include-in-framework-module -Wno-trigraphs -Wno-missing-field-initializers -Wno-missing-prototypes -Wno-return-type -Wno-implicit-atomic-properties -Wno-objc-interface-ivars -Wno-arc-repeated-use-of-weak -Wno-missing-braces -Wparentheses -Wswitch -Wno-unused-function -Wno-unused-label -Wno-unused-parameter -Wno-unused-variable -Wunused-value -Wno-empty-body -Wno-uninitialized -Wno-unknown-pragmas -w -Wno-shadow -Wno-four-char-constants -Wno-conversion -Wno-constant-conversion -Wno-int-conversion -Wno-bool-conversion -Wno-enum-conversion -Wno-float-conversion -Wno-non-literal-null-conversion -Wno-objc-literal-conversion -Wshorten-64-to-32 -Wpointer-sign -Wno-newline-eof -Wno-selector -Wno-strict-selector-match -Wno-undeclared-selector -Wno-deprecated-implementations -Wno-implicit-fallthrough -fstrict-aliasing -Wprotocol -Wdeprecated-declarations -Wno-sign-conversion -Wno-infinite-recursion -Wno-comma -Wno-block-capture-autoreleasing -Wno-strict-prototypes -Wno-semicolon-before-method-body -index-store-path /Users/fukushimatakumi/Library/Developer/Xcode/DerivedData/SugarBeat-hgoxfxbbugxkfsbmqcjlbmjeaqyg/Index.noindex/DataStore @/Users/fukushimatakumi/Library/Developer/Xcode/DerivedData/SugarBeat-hgoxfxbbugxkfsbmqcjlbmjeaqyg/Build/Intermediates.noindex/GoogleUtilities.build/Debug-iphonesimulator/GoogleUtilities-Reachability.build/Objects-normal/arm64/e6072d4f65d7061329687fe24e3d63a7-common-args.resp -include /Users/fukushimatakumi/Library/Developer/Xcode/DerivedData/SugarBeat-hgoxfxbbugxkfsbmqcjlbmjeaqyg/Build/Intermediates.noindex/GoogleUtilities.build/Debug-iphonesimulator/GoogleUtilities-Reachability.build/DerivedSources/resource_bundle_accessor.h -MMD -MT dependencies -MF /Users/fukushimatakumi/Library/Developer/Xcode/DerivedData/SugarBeat-hgoxfxbbugxkfsbmqcjlbmjeaqyg/Build/Intermediates.noindex/GoogleUtilities.build/Debug-iphonesimulator/GoogleUtilities-Reachability.build/Objects-normal/arm64/resource_bundle_accessor.d --serialize-diagnostics /Users/fukushimatakumi/Library/Developer/Xcode/DerivedData/SugarBeat-hgoxfxbbugxkfsbmqcjlbmjeaqyg/Build/Intermediates.noindex/GoogleUtilities.build/Debug-iphonesimulator/GoogleUtilities-Reachability.build/Objects-normal/arm64/resource_bundle_accessor.dia -c /Users/fukushimatakumi/Library/Developer/Xcode/DerivedData/SugarBeat-hgoxfxbbugxkfsbmqcjlbmjeaqyg/Build/Intermediates.noindex/GoogleUtilities.build/Debug-iphonesimulator/GoogleUtilities-Reachability.build/DerivedSources/resource_bundle_accessor.m -o /Users/fukushimatakumi/Library/Developer/Xcode/DerivedData/SugarBeat-hgoxfxbbugxkfsbmqcjlbmjeaqyg/Build/Intermediates.noindex/GoogleUtilities.build/Debug-iphonesimulator/GoogleUtilities-Reachability.build/Objects-normal/arm64/resource_bundle_accessor.o -index-unit-output-path /GoogleUtilities.build/Debug-iphonesimulator/GoogleUtilities-Reachability.build/Objects-normal/arm64/resource_bundle_accessor.o

PrecompileModule /Users/fukushimatakumi/Library/Developer/Xcode/DerivedData/SugarBeat-hgoxfxbbugxkfsbmqcjlbmjeaqyg/Build/Intermediates.noindex/ExplicitPrecompiledModules/GoogleUtilities_Logger-1P9H3UVQ0ZYZ0QCX3TFCDR8S.scan
    cd /Users/fukushimatakumi/develop/sugarbeat/sugarbeat-front
    builtin-precompileModule /Users/fukushimatakumi/Library/Developer/Xcode/DerivedData/SugarBeat-hgoxfxbbugxkfsbmqcjlbmjeaqyg/Build/Intermediates.noindex/ExplicitPrecompiledModules/GoogleUtilities_Logger-1P9H3UVQ0ZYZ0QCX3TFCDR8S.scan

SwiftCompile normal arm64 Compiling\ _ObjC_HeartbeatController.swift /Users/fukushimatakumi/Library/Developer/Xcode/DerivedData/SugarBeat-hgoxfxbbugxkfsbmqcjlbmjeaqyg/SourcePackages/checkouts/firebase-ios-sdk/FirebaseCore/Internal/Sources/HeartbeatLogging/_ObjC_HeartbeatController.swift (in target 'FirebaseCoreInternal' from project 'Firebase')

SwiftCompile normal arm64 /Users/fukushimatakumi/Library/Developer/Xcode/DerivedData/SugarBeat-hgoxfxbbugxkfsbmqcjlbmjeaqyg/SourcePackages/checkouts/firebase-ios-sdk/FirebaseCore/Internal/Sources/HeartbeatLogging/_ObjC_HeartbeatController.swift (in target 'FirebaseCoreInternal' from project 'Firebase')
    cd /Users/fukushimatakumi/develop/sugarbeat/sugarbeat-front
    

SwiftCompile normal arm64 Compiling\ HeartbeatController.swift,\ HeartbeatLoggingTestUtils.swift /Users/fukushimatakumi/Library/Developer/Xcode/DerivedData/SugarBeat-hgoxfxbbugxkfsbmqcjlbmjeaqyg/SourcePackages/checkouts/firebase-ios-sdk/FirebaseCore/Internal/Sources/HeartbeatLogging/HeartbeatController.swift /Users/fukushimatakumi/Library/Developer/Xcode/DerivedData/SugarBeat-hgoxfxbbugxkfsbmqcjlbmjeaqyg/SourcePackages/checkouts/firebase-ios-sdk/FirebaseCore/Internal/Sources/HeartbeatLogging/HeartbeatLoggingTestUtils.swift (in target 'FirebaseCoreInternal' from project 'Firebase')

SwiftCompile normal arm64 /Users/fukushimatakumi/Library/Developer/Xcode/DerivedData/SugarBeat-hgoxfxbbugxkfsbmqcjlbmjeaqyg/SourcePackages/checkouts/firebase-ios-sdk/FirebaseCore/Internal/Sources/HeartbeatLogging/HeartbeatController.swift (in target 'FirebaseCoreInternal' from project 'Firebase')
    cd /Users/fukushimatakumi/develop/sugarbeat/sugarbeat-front
    

SwiftCompile normal arm64 /Users/fukushimatakumi/Library/Developer/Xcode/DerivedData/SugarBeat-hgoxfxbbugxkfsbmqcjlbmjeaqyg/SourcePackages/checkouts/firebase-ios-sdk/FirebaseCore/Internal/Sources/HeartbeatLogging/HeartbeatLoggingTestUtils.swift (in target 'FirebaseCoreInternal' from project 'Firebase')
    cd /Users/fukushimatakumi/develop/sugarbeat/sugarbeat-front
    

SwiftCompile normal arm64 Compiling\ StorageFactory.swift /Users/fukushimatakumi/Library/Developer/Xcode/DerivedData/SugarBeat-hgoxfxbbugxkfsbmqcjlbmjeaqyg/SourcePackages/checkouts/firebase-ios-sdk/FirebaseCore/Internal/Sources/HeartbeatLogging/StorageFactory.swift (in target 'FirebaseCoreInternal' from project 'Firebase')

SwiftCompile normal arm64 /Users/fukushimatakumi/Library/Developer/Xcode/DerivedData/SugarBeat-hgoxfxbbugxkfsbmqcjlbmjeaqyg/SourcePackages/checkouts/firebase-ios-sdk/FirebaseCore/Internal/Sources/HeartbeatLogging/StorageFactory.swift (in target 'FirebaseCoreInternal' from project 'Firebase')
    cd /Users/fukushimatakumi/develop/sugarbeat/sugarbeat-front
    

PrecompileModule /Users/fukushimatakumi/Library/Developer/Xcode/DerivedData/SugarBeat-hgoxfxbbugxkfsbmqcjlbmjeaqyg/Build/Intermediates.noindex/ExplicitPrecompiledModules/CoreImage-C58Q69QWQ20446XSUJGW22DGO.scan
    cd /Users/fukushimatakumi/develop/sugarbeat/sugarbeat-front
    builtin-precompileModule /Users/fukushimatakumi/Library/Developer/Xcode/DerivedData/SugarBeat-hgoxfxbbugxkfsbmqcjlbmjeaqyg/Build/Intermediates.noindex/ExplicitPrecompiledModules/CoreImage-C58Q69QWQ20446XSUJGW22DGO.scan

CompileC /Users/fukushimatakumi/Library/Developer/Xcode/DerivedData/SugarBeat-hgoxfxbbugxkfsbmqcjlbmjeaqyg/Build/Intermediates.noindex/GoogleUtilities.build/Debug-iphonesimulator/GoogleUtilities-UserDefaults.build/Objects-normal/arm64/GULUserDefaults.o /Users/fukushimatakumi/Library/Developer/Xcode/DerivedData/SugarBeat-hgoxfxbbugxkfsbmqcjlbmjeaqyg/SourcePackages/checkouts/GoogleUtilities/GoogleUtilities/UserDefaults/GULUserDefaults.m normal arm64 objective-c com.apple.compilers.llvm.clang.1_0.compiler (in target 'GoogleUtilities-UserDefaults' from project 'GoogleUtilities')
    cd /Users/fukushimatakumi/develop/sugarbeat/sugarbeat-front
    
    Using response file: /Users/fukushimatakumi/Library/Developer/Xcode/DerivedData/SugarBeat-hgoxfxbbugxkfsbmqcjlbmjeaqyg/Build/Intermediates.noindex/GoogleUtilities.build/Debug-iphonesimulator/GoogleUtilities-UserDefaults.build/Objects-normal/arm64/e6072d4f65d7061329687fe24e3d63a7-common-args.resp
    
    /Applications/Xcode.app/Contents/Developer/Toolchains/XcodeDefault.xctoolchain/usr/bin/clang -x objective-c -ivfsstatcache /Users/fukushimatakumi/Library/Developer/Xcode/DerivedData/SDKStatCaches.noindex/iphonesimulator18.4-22E235-71825a6d136aa4733edcbe86ece5525b.sdkstatcache -fmessage-length\=0 -fdiagnostics-show-note-include-stack -fmacro-backtrace-limit\=0 -fno-color-diagnostics -fmodules-prune-interval\=86400 -fmodules-prune-after\=345600 -fbuild-session-file\=/Users/fukushimatakumi/Library/Developer/Xcode/DerivedData/ModuleCache.noindex/Session.modulevalidation -fmodules-validate-once-per-build-session -Wnon-modular-include-in-framework-module -Werror\=non-modular-include-in-framework-module -Wno-trigraphs -Wno-missing-field-initializers -Wno-missing-prototypes -Wno-return-type -Wno-implicit-atomic-properties -Wno-objc-interface-ivars -Wno-arc-repeated-use-of-weak -Wno-missing-braces -Wparentheses -Wswitch -Wno-unused-function -Wno-unused-label -Wno-unused-parameter -Wno-unused-variable -Wunused-value -Wno-empty-body -Wno-uninitialized -Wno-unknown-pragmas -w -Wno-shadow -Wno-four-char-constants -Wno-conversion -Wno-constant-conversion -Wno-int-conversion -Wno-bool-conversion -Wno-enum-conversion -Wno-float-conversion -Wno-non-literal-null-conversion -Wno-objc-literal-conversion -Wshorten-64-to-32 -Wpointer-sign -Wno-newline-eof -Wno-selector -Wno-strict-selector-match -Wno-undeclared-selector -Wno-deprecated-implementations -Wno-implicit-fallthrough -fstrict-aliasing -Wprotocol -Wdeprecated-declarations -Wno-sign-conversion -Wno-infinite-recursion -Wno-comma -Wno-block-capture-autoreleasing -Wno-strict-prototypes -Wno-semicolon-before-method-body -index-store-path /Users/fukushimatakumi/Library/Developer/Xcode/DerivedData/SugarBeat-hgoxfxbbugxkfsbmqcjlbmjeaqyg/Index.noindex/DataStore @/Users/fukushimatakumi/Library/Developer/Xcode/DerivedData/SugarBeat-hgoxfxbbugxkfsbmqcjlbmjeaqyg/Build/Intermediates.noindex/GoogleUtilities.build/Debug-iphonesimulator/GoogleUtilities-UserDefaults.build/Objects-normal/arm64/e6072d4f65d7061329687fe24e3d63a7-common-args.resp -include /Users/fukushimatakumi/Library/Developer/Xcode/DerivedData/SugarBeat-hgoxfxbbugxkfsbmqcjlbmjeaqyg/Build/Intermediates.noindex/GoogleUtilities.build/Debug-iphonesimulator/GoogleUtilities-UserDefaults.build/DerivedSources/resource_bundle_accessor.h -MMD -MT dependencies -MF /Users/fukushimatakumi/Library/Developer/Xcode/DerivedData/SugarBeat-hgoxfxbbugxkfsbmqcjlbmjeaqyg/Build/Intermediates.noindex/GoogleUtilities.build/Debug-iphonesimulator/GoogleUtilities-UserDefaults.build/Objects-normal/arm64/GULUserDefaults.d --serialize-diagnostics /Users/fukushimatakumi/Library/Developer/Xcode/DerivedData/SugarBeat-hgoxfxbbugxkfsbmqcjlbmjeaqyg/Build/Intermediates.noindex/GoogleUtilities.build/Debug-iphonesimulator/GoogleUtilities-UserDefaults.build/Objects-normal/arm64/GULUserDefaults.dia -c /Users/fukushimatakumi/Library/Developer/Xcode/DerivedData/SugarBeat-hgoxfxbbugxkfsbmqcjlbmjeaqyg/SourcePackages/checkouts/GoogleUtilities/GoogleUtilities/UserDefaults/GULUserDefaults.m -o /Users/fukushimatakumi/Library/Developer/Xcode/DerivedData/SugarBeat-hgoxfxbbugxkfsbmqcjlbmjeaqyg/Build/Intermediates.noindex/GoogleUtilities.build/Debug-iphonesimulator/GoogleUtilities-UserDefaults.build/Objects-normal/arm64/GULUserDefaults.o -index-unit-output-path /GoogleUtilities.build/Debug-iphonesimulator/GoogleUtilities-UserDefaults.build/Objects-normal/arm64/GULUserDefaults.o

CompileC /Users/fukushimatakumi/Library/Developer/Xcode/DerivedData/SugarBeat-hgoxfxbbugxkfsbmqcjlbmjeaqyg/Build/Intermediates.noindex/GoogleUtilities.build/Debug-iphonesimulator/GoogleUtilities-Reachability.build/Objects-normal/arm64/GULReachabilityChecker.o /Users/fukushimatakumi/Library/Developer/Xcode/DerivedData/SugarBeat-hgoxfxbbugxkfsbmqcjlbmjeaqyg/SourcePackages/checkouts/GoogleUtilities/GoogleUtilities/Reachability/GULReachabilityChecker.m normal arm64 objective-c com.apple.compilers.llvm.clang.1_0.compiler (in target 'GoogleUtilities-Reachability' from project 'GoogleUtilities')
    cd /Users/fukushimatakumi/develop/sugarbeat/sugarbeat-front
    
    Using response file: /Users/fukushimatakumi/Library/Developer/Xcode/DerivedData/SugarBeat-hgoxfxbbugxkfsbmqcjlbmjeaqyg/Build/Intermediates.noindex/GoogleUtilities.build/Debug-iphonesimulator/GoogleUtilities-Reachability.build/Objects-normal/arm64/e6072d4f65d7061329687fe24e3d63a7-common-args.resp
    
    /Applications/Xcode.app/Contents/Developer/Toolchains/XcodeDefault.xctoolchain/usr/bin/clang -x objective-c -ivfsstatcache /Users/fukushimatakumi/Library/Developer/Xcode/DerivedData/SDKStatCaches.noindex/iphonesimulator18.4-22E235-71825a6d136aa4733edcbe86ece5525b.sdkstatcache -fmessage-length\=0 -fdiagnostics-show-note-include-stack -fmacro-backtrace-limit\=0 -fno-color-diagnostics -fmodules-prune-interval\=86400 -fmodules-prune-after\=345600 -fbuild-session-file\=/Users/fukushimatakumi/Library/Developer/Xcode/DerivedData/ModuleCache.noindex/Session.modulevalidation -fmodules-validate-once-per-build-session -Wnon-modular-include-in-framework-module -Werror\=non-modular-include-in-framework-module -Wno-trigraphs -Wno-missing-field-initializers -Wno-missing-prototypes -Wno-return-type -Wno-implicit-atomic-properties -Wno-objc-interface-ivars -Wno-arc-repeated-use-of-weak -Wno-missing-braces -Wparentheses -Wswitch -Wno-unused-function -Wno-unused-label -Wno-unused-parameter -Wno-unused-variable -Wunused-value -Wno-empty-body -Wno-uninitialized -Wno-unknown-pragmas -w -Wno-shadow -Wno-four-char-constants -Wno-conversion -Wno-constant-conversion -Wno-int-conversion -Wno-bool-conversion -Wno-enum-conversion -Wno-float-conversion -Wno-non-literal-null-conversion -Wno-objc-literal-conversion -Wshorten-64-to-32 -Wpointer-sign -Wno-newline-eof -Wno-selector -Wno-strict-selector-match -Wno-undeclared-selector -Wno-deprecated-implementations -Wno-implicit-fallthrough -fstrict-aliasing -Wprotocol -Wdeprecated-declarations -Wno-sign-conversion -Wno-infinite-recursion -Wno-comma -Wno-block-capture-autoreleasing -Wno-strict-prototypes -Wno-semicolon-before-method-body -index-store-path /Users/fukushimatakumi/Library/Developer/Xcode/DerivedData/SugarBeat-hgoxfxbbugxkfsbmqcjlbmjeaqyg/Index.noindex/DataStore @/Users/fukushimatakumi/Library/Developer/Xcode/DerivedData/SugarBeat-hgoxfxbbugxkfsbmqcjlbmjeaqyg/Build/Intermediates.noindex/GoogleUtilities.build/Debug-iphonesimulator/GoogleUtilities-Reachability.build/Objects-normal/arm64/e6072d4f65d7061329687fe24e3d63a7-common-args.resp -include /Users/fukushimatakumi/Library/Developer/Xcode/DerivedData/SugarBeat-hgoxfxbbugxkfsbmqcjlbmjeaqyg/Build/Intermediates.noindex/GoogleUtilities.build/Debug-iphonesimulator/GoogleUtilities-Reachability.build/DerivedSources/resource_bundle_accessor.h -MMD -MT dependencies -MF /Users/fukushimatakumi/Library/Developer/Xcode/DerivedData/SugarBeat-hgoxfxbbugxkfsbmqcjlbmjeaqyg/Build/Intermediates.noindex/GoogleUtilities.build/Debug-iphonesimulator/GoogleUtilities-Reachability.build/Objects-normal/arm64/GULReachabilityChecker.d --serialize-diagnostics /Users/fukushimatakumi/Library/Developer/Xcode/DerivedData/SugarBeat-hgoxfxbbugxkfsbmqcjlbmjeaqyg/Build/Intermediates.noindex/GoogleUtilities.build/Debug-iphonesimulator/GoogleUtilities-Reachability.build/Objects-normal/arm64/GULReachabilityChecker.dia -c /Users/fukushimatakumi/Library/Developer/Xcode/DerivedData/SugarBeat-hgoxfxbbugxkfsbmqcjlbmjeaqyg/SourcePackages/checkouts/GoogleUtilities/GoogleUtilities/Reachability/GULReachabilityChecker.m -o /Users/fukushimatakumi/Library/Developer/Xcode/DerivedData/SugarBeat-hgoxfxbbugxkfsbmqcjlbmjeaqyg/Build/Intermediates.noindex/GoogleUtilities.build/Debug-iphonesimulator/GoogleUtilities-Reachability.build/Objects-normal/arm64/GULReachabilityChecker.o -index-unit-output-path /GoogleUtilities.build/Debug-iphonesimulator/GoogleUtilities-Reachability.build/Objects-normal/arm64/GULReachabilityChecker.o

PrecompileModule /Users/fukushimatakumi/Library/Developer/Xcode/DerivedData/SugarBeat-hgoxfxbbugxkfsbmqcjlbmjeaqyg/Build/Intermediates.noindex/ExplicitPrecompiledModules/QuartzCore-B6QIIA59UIL5SXXL2XX1K5EPF.scan
    cd /Users/fukushimatakumi/develop/sugarbeat/sugarbeat-front
    builtin-precompileModule /Users/fukushimatakumi/Library/Developer/Xcode/DerivedData/SugarBeat-hgoxfxbbugxkfsbmqcjlbmjeaqyg/Build/Intermediates.noindex/ExplicitPrecompiledModules/QuartzCore-B6QIIA59UIL5SXXL2XX1K5EPF.scan

SwiftDriverJobDiscovery normal arm64 Compiling _ObjC_HeartbeatController.swift (in target 'FirebaseCoreInternal' from project 'Firebase')

SwiftCompile normal arm64 Compiling\ UnfairLock.swift /Users/fukushimatakumi/Library/Developer/Xcode/DerivedData/SugarBeat-hgoxfxbbugxkfsbmqcjlbmjeaqyg/SourcePackages/checkouts/firebase-ios-sdk/FirebaseCore/Internal/Sources/Utilities/UnfairLock.swift (in target 'FirebaseCoreInternal' from project 'Firebase')

SwiftCompile normal arm64 /Users/fukushimatakumi/Library/Developer/Xcode/DerivedData/SugarBeat-hgoxfxbbugxkfsbmqcjlbmjeaqyg/SourcePackages/checkouts/firebase-ios-sdk/FirebaseCore/Internal/Sources/Utilities/UnfairLock.swift (in target 'FirebaseCoreInternal' from project 'Firebase')
    cd /Users/fukushimatakumi/develop/sugarbeat/sugarbeat-front
    

SwiftDriverJobDiscovery normal arm64 Compiling StorageFactory.swift (in target 'FirebaseCoreInternal' from project 'Firebase')

SwiftCompile normal arm64 Compiling\ HeartbeatStorage.swift,\ HeartbeatsBundle.swift /Users/fukushimatakumi/Library/Developer/Xcode/DerivedData/SugarBeat-hgoxfxbbugxkfsbmqcjlbmjeaqyg/SourcePackages/checkouts/firebase-ios-sdk/FirebaseCore/Internal/Sources/HeartbeatLogging/HeartbeatStorage.swift /Users/fukushimatakumi/Library/Developer/Xcode/DerivedData/SugarBeat-hgoxfxbbugxkfsbmqcjlbmjeaqyg/SourcePackages/checkouts/firebase-ios-sdk/FirebaseCore/Internal/Sources/HeartbeatLogging/HeartbeatsBundle.swift (in target 'FirebaseCoreInternal' from project 'Firebase')

SwiftCompile normal arm64 /Users/fukushimatakumi/Library/Developer/Xcode/DerivedData/SugarBeat-hgoxfxbbugxkfsbmqcjlbmjeaqyg/SourcePackages/checkouts/firebase-ios-sdk/FirebaseCore/Internal/Sources/HeartbeatLogging/HeartbeatStorage.swift (in target 'FirebaseCoreInternal' from project 'Firebase')
    cd /Users/fukushimatakumi/develop/sugarbeat/sugarbeat-front
    

SwiftCompile normal arm64 /Users/fukushimatakumi/Library/Developer/Xcode/DerivedData/SugarBeat-hgoxfxbbugxkfsbmqcjlbmjeaqyg/SourcePackages/checkouts/firebase-ios-sdk/FirebaseCore/Internal/Sources/HeartbeatLogging/HeartbeatsBundle.swift (in target 'FirebaseCoreInternal' from project 'Firebase')
    cd /Users/fukushimatakumi/develop/sugarbeat/sugarbeat-front
    

SwiftCompile normal arm64 Compiling\ WeakContainer.swift /Users/fukushimatakumi/Library/Developer/Xcode/DerivedData/SugarBeat-hgoxfxbbugxkfsbmqcjlbmjeaqyg/SourcePackages/checkouts/firebase-ios-sdk/FirebaseCore/Internal/Sources/HeartbeatLogging/WeakContainer.swift (in target 'FirebaseCoreInternal' from project 'Firebase')

SwiftCompile normal arm64 /Users/fukushimatakumi/Library/Developer/Xcode/DerivedData/SugarBeat-hgoxfxbbugxkfsbmqcjlbmjeaqyg/SourcePackages/checkouts/firebase-ios-sdk/FirebaseCore/Internal/Sources/HeartbeatLogging/WeakContainer.swift (in target 'FirebaseCoreInternal' from project 'Firebase')
    cd /Users/fukushimatakumi/develop/sugarbeat/sugarbeat-front
    

PrecompileModule /Users/fukushimatakumi/Library/Developer/Xcode/DerivedData/SugarBeat-hgoxfxbbugxkfsbmqcjlbmjeaqyg/Build/Intermediates.noindex/ExplicitPrecompiledModules/UIKit-6NKYTXP8ZB7YMFQURPV1433YX.scan
    cd /Users/fukushimatakumi/develop/sugarbeat/sugarbeat-front
    builtin-precompileModule /Users/fukushimatakumi/Library/Developer/Xcode/DerivedData/SugarBeat-hgoxfxbbugxkfsbmqcjlbmjeaqyg/Build/Intermediates.noindex/ExplicitPrecompiledModules/UIKit-6NKYTXP8ZB7YMFQURPV1433YX.scan

SwiftDriverJobDiscovery normal arm64 Emitting module for FirebaseCoreInternal (in target 'FirebaseCoreInternal' from project 'Firebase')

SwiftDriver\ Compilation\ Requirements FirebaseCoreInternal normal arm64 com.apple.xcode.tools.swift.compiler (in target 'FirebaseCoreInternal' from project 'Firebase')
    cd /Users/fukushimatakumi/develop/sugarbeat/sugarbeat-front
    builtin-Swift-Compilation-Requirements -- /Applications/Xcode.app/Contents/Developer/Toolchains/XcodeDefault.xctoolchain/usr/bin/swiftc -module-name FirebaseCoreInternal -Onone -enforce-exclusivity\=checked @/Users/fukushimatakumi/Library/Developer/Xcode/DerivedData/SugarBeat-hgoxfxbbugxkfsbmqcjlbmjeaqyg/Build/Intermediates.noindex/Firebase.build/Debug-iphonesimulator/FirebaseCoreInternal.build/Objects-normal/arm64/FirebaseCoreInternal.SwiftFileList -DSWIFT_PACKAGE -DDEBUG -Xcc -fmodule-map-file\=/Users/fukushimatakumi/Library/Developer/Xcode/DerivedData/SugarBeat-hgoxfxbbugxkfsbmqcjlbmjeaqyg/Build/Intermediates.noindex/GeneratedModuleMaps-iphonesimulator/GoogleUtilities-NSData.modulemap -DXcode -plugin-path /Applications/Xcode.app/Contents/Developer/Toolchains/XcodeDefault.xctoolchain/usr/lib/swift/host/plugins/testing -enable-experimental-feature DebugDescriptionMacro -sdk /Applications/Xcode.app/Contents/Developer/Platforms/iPhoneSimulator.platform/Developer/SDKs/iPhoneSimulator18.4.sdk -target arm64-apple-ios15.0-simulator -g -module-cache-path /Users/fukushimatakumi/Library/Developer/Xcode/DerivedData/ModuleCache.noindex -Xfrontend -serialize-debugging-options -enable-testing -suppress-warnings -index-store-path /Users/fukushimatakumi/Library/Developer/Xcode/DerivedData/SugarBeat-hgoxfxbbugxkfsbmqcjlbmjeaqyg/Index.noindex/DataStore -swift-version 6 -I /Users/fukushimatakumi/Library/Developer/Xcode/DerivedData/SugarBeat-hgoxfxbbugxkfsbmqcjlbmjeaqyg/Build/Products/Debug-iphonesimulator -I /Applications/Xcode.app/Contents/Developer/Platforms/iPhoneSimulator.platform/Developer/usr/lib -F /Users/fukushimatakumi/Library/Developer/Xcode/DerivedData/SugarBeat-hgoxfxbbugxkfsbmqcjlbmjeaqyg/Build/Products/Debug-iphonesimulator/PackageFrameworks -F /Users/fukushimatakumi/Library/Developer/Xcode/DerivedData/SugarBeat-hgoxfxbbugxkfsbmqcjlbmjeaqyg/Build/Products/Debug-iphonesimulator -F /Applications/Xcode.app/Contents/Developer/Platforms/iPhoneSimulator.platform/Developer/Library/Frameworks -F /Applications/Xcode.app/Contents/Developer/Platforms/iPhoneSimulator.platform/Developer/SDKs/iPhoneSimulator18.4.sdk/Developer/Library/Frameworks -c -j10 -enable-batch-mode -incremental -Xcc -ivfsstatcache -Xcc /Users/fukushimatakumi/Library/Developer/Xcode/DerivedData/SDKStatCaches.noindex/iphonesimulator18.4-22E235-71825a6d136aa4733edcbe86ece5525b.sdkstatcache -output-file-map /Users/fukushimatakumi/Library/Developer/Xcode/DerivedData/SugarBeat-hgoxfxbbugxkfsbmqcjlbmjeaqyg/Build/Intermediates.noindex/Firebase.build/Debug-iphonesimulator/FirebaseCoreInternal.build/Objects-normal/arm64/FirebaseCoreInternal-OutputFileMap.json -use-frontend-parseable-output -save-temps -no-color-diagnostics -serialize-diagnostics -emit-dependencies -emit-module -emit-module-path /Users/fukushimatakumi/Library/Developer/Xcode/DerivedData/SugarBeat-hgoxfxbbugxkfsbmqcjlbmjeaqyg/Build/Intermediates.noindex/Firebase.build/Debug-iphonesimulator/FirebaseCoreInternal.build/Objects-normal/arm64/FirebaseCoreInternal.swiftmodule -user-module-version 12.7.0 -validate-clang-modules-once -clang-build-session-file /Users/fukushimatakumi/Library/Developer/Xcode/DerivedData/ModuleCache.noindex/Session.modulevalidation -package-name firebase_ios_sdk -Xcc -I/Users/fukushimatakumi/Library/Developer/Xcode/DerivedData/SugarBeat-hgoxfxbbugxkfsbmqcjlbmjeaqyg/Build/Intermediates.noindex/Firebase.build/Debug-iphonesimulator/FirebaseCoreInternal.build/swift-overrides.hmap -emit-const-values -Xfrontend -const-gather-protocols-file -Xfrontend /Users/fukushimatakumi/Library/Developer/Xcode/DerivedData/SugarBeat-hgoxfxbbugxkfsbmqcjlbmjeaqyg/Build/Intermediates.noindex/Firebase.build/Debug-iphonesimulator/FirebaseCoreInternal.build/Objects-normal/arm64/FirebaseCoreInternal_const_extract_protocols.json -Xcc -I/Users/fukushimatakumi/Library/Developer/Xcode/DerivedData/SugarBeat-hgoxfxbbugxkfsbmqcjlbmjeaqyg/SourcePackages/checkouts/GoogleUtilities/GoogleUtilities/NSData+zlib/Public -Xcc -I/Users/fukushimatakumi/Library/Developer/Xcode/DerivedData/SugarBeat-hgoxfxbbugxkfsbmqcjlbmjeaqyg/Build/Products/Debug-iphonesimulator/include -Xcc -I/Users/fukushimatakumi/Library/Developer/Xcode/DerivedData/SugarBeat-hgoxfxbbugxkfsbmqcjlbmjeaqyg/Build/Intermediates.noindex/Firebase.build/Debug-iphonesimulator/FirebaseCoreInternal.build/DerivedSources-normal/arm64 -Xcc -I/Users/fukushimatakumi/Library/Developer/Xcode/DerivedData/SugarBeat-hgoxfxbbugxkfsbmqcjlbmjeaqyg/Build/Intermediates.noindex/Firebase.build/Debug-iphonesimulator/FirebaseCoreInternal.build/DerivedSources/arm64 -Xcc -I/Users/fukushimatakumi/Library/Developer/Xcode/DerivedData/SugarBeat-hgoxfxbbugxkfsbmqcjlbmjeaqyg/Build/Intermediates.noindex/Firebase.build/Debug-iphonesimulator/FirebaseCoreInternal.build/DerivedSources -Xcc -DSWIFT_PACKAGE -Xcc -DDEBUG\=1 -emit-objc-header -emit-objc-header-path /Users/fukushimatakumi/Library/Developer/Xcode/DerivedData/SugarBeat-hgoxfxbbugxkfsbmqcjlbmjeaqyg/Build/Intermediates.noindex/Firebase.build/Debug-iphonesimulator/FirebaseCoreInternal.build/Objects-normal/arm64/FirebaseCoreInternal-Swift.h -working-directory /Users/fukushimatakumi/develop/sugarbeat/sugarbeat-front -experimental-emit-module-separately -disable-cmo

SwiftDriverJobDiscovery normal arm64 Compiling UnfairLock.swift (in target 'FirebaseCoreInternal' from project 'Firebase')

SwiftCompile normal arm64 Compiling\ HeartbeatsPayload.swift,\ RingBuffer.swift /Users/fukushimatakumi/Library/Developer/Xcode/DerivedData/SugarBeat-hgoxfxbbugxkfsbmqcjlbmjeaqyg/SourcePackages/checkouts/firebase-ios-sdk/FirebaseCore/Internal/Sources/HeartbeatLogging/HeartbeatsPayload.swift /Users/fukushimatakumi/Library/Developer/Xcode/DerivedData/SugarBeat-hgoxfxbbugxkfsbmqcjlbmjeaqyg/SourcePackages/checkouts/firebase-ios-sdk/FirebaseCore/Internal/Sources/HeartbeatLogging/RingBuffer.swift (in target 'FirebaseCoreInternal' from project 'Firebase')

SwiftCompile normal arm64 /Users/fukushimatakumi/Library/Developer/Xcode/DerivedData/SugarBeat-hgoxfxbbugxkfsbmqcjlbmjeaqyg/SourcePackages/checkouts/firebase-ios-sdk/FirebaseCore/Internal/Sources/HeartbeatLogging/HeartbeatsPayload.swift (in target 'FirebaseCoreInternal' from project 'Firebase')
    cd /Users/fukushimatakumi/develop/sugarbeat/sugarbeat-front
    

SwiftCompile normal arm64 /Users/fukushimatakumi/Library/Developer/Xcode/DerivedData/SugarBeat-hgoxfxbbugxkfsbmqcjlbmjeaqyg/SourcePackages/checkouts/firebase-ios-sdk/FirebaseCore/Internal/Sources/HeartbeatLogging/RingBuffer.swift (in target 'FirebaseCoreInternal' from project 'Firebase')
    cd /Users/fukushimatakumi/develop/sugarbeat/sugarbeat-front
    

SwiftMergeGeneratedHeaders /Users/fukushimatakumi/Library/Developer/Xcode/DerivedData/SugarBeat-hgoxfxbbugxkfsbmqcjlbmjeaqyg/Build/Intermediates.noindex/GeneratedModuleMaps-iphonesimulator/FirebaseCoreInternal-Swift.h /Users/fukushimatakumi/Library/Developer/Xcode/DerivedData/SugarBeat-hgoxfxbbugxkfsbmqcjlbmjeaqyg/Build/Intermediates.noindex/Firebase.build/Debug-iphonesimulator/FirebaseCoreInternal.build/Objects-normal/arm64/FirebaseCoreInternal-Swift.h (in target 'FirebaseCoreInternal' from project 'Firebase')
    cd /Users/fukushimatakumi/Library/Developer/Xcode/DerivedData/SugarBeat-hgoxfxbbugxkfsbmqcjlbmjeaqyg/SourcePackages/checkouts/firebase-ios-sdk
    builtin-swiftHeaderTool -arch arm64 /Users/fukushimatakumi/Library/Developer/Xcode/DerivedData/SugarBeat-hgoxfxbbugxkfsbmqcjlbmjeaqyg/Build/Intermediates.noindex/Firebase.build/Debug-iphonesimulator/FirebaseCoreInternal.build/Objects-normal/arm64/FirebaseCoreInternal-Swift.h -o /Users/fukushimatakumi/Library/Developer/Xcode/DerivedData/SugarBeat-hgoxfxbbugxkfsbmqcjlbmjeaqyg/Build/Intermediates.noindex/GeneratedModuleMaps-iphonesimulator/FirebaseCoreInternal-Swift.h

SwiftDriverJobDiscovery normal arm64 Compiling WeakContainer.swift (in target 'FirebaseCoreInternal' from project 'Firebase')

Copy /Users/fukushimatakumi/Library/Developer/Xcode/DerivedData/SugarBeat-hgoxfxbbugxkfsbmqcjlbmjeaqyg/Build/Products/Debug-iphonesimulator/FirebaseCoreInternal.swiftmodule/arm64-apple-ios-simulator.swiftmodule /Users/fukushimatakumi/Library/Developer/Xcode/DerivedData/SugarBeat-hgoxfxbbugxkfsbmqcjlbmjeaqyg/Build/Intermediates.noindex/Firebase.build/Debug-iphonesimulator/FirebaseCoreInternal.build/Objects-normal/arm64/FirebaseCoreInternal.swiftmodule (in target 'FirebaseCoreInternal' from project 'Firebase')
    cd /Users/fukushimatakumi/Library/Developer/Xcode/DerivedData/SugarBeat-hgoxfxbbugxkfsbmqcjlbmjeaqyg/SourcePackages/checkouts/firebase-ios-sdk
    builtin-copy -exclude .DS_Store -exclude CVS -exclude .svn -exclude .git -exclude .hg -resolve-src-symlinks -rename /Users/fukushimatakumi/Library/Developer/Xcode/DerivedData/SugarBeat-hgoxfxbbugxkfsbmqcjlbmjeaqyg/Build/Intermediates.noindex/Firebase.build/Debug-iphonesimulator/FirebaseCoreInternal.build/Objects-normal/arm64/FirebaseCoreInternal.swiftmodule /Users/fukushimatakumi/Library/Developer/Xcode/DerivedData/SugarBeat-hgoxfxbbugxkfsbmqcjlbmjeaqyg/Build/Products/Debug-iphonesimulator/FirebaseCoreInternal.swiftmodule/arm64-apple-ios-simulator.swiftmodule

Copy /Users/fukushimatakumi/Library/Developer/Xcode/DerivedData/SugarBeat-hgoxfxbbugxkfsbmqcjlbmjeaqyg/Build/Products/Debug-iphonesimulator/FirebaseCoreInternal.swiftmodule/arm64-apple-ios-simulator.swiftdoc /Users/fukushimatakumi/Library/Developer/Xcode/DerivedData/SugarBeat-hgoxfxbbugxkfsbmqcjlbmjeaqyg/Build/Intermediates.noindex/Firebase.build/Debug-iphonesimulator/FirebaseCoreInternal.build/Objects-normal/arm64/FirebaseCoreInternal.swiftdoc (in target 'FirebaseCoreInternal' from project 'Firebase')
    cd /Users/fukushimatakumi/Library/Developer/Xcode/DerivedData/SugarBeat-hgoxfxbbugxkfsbmqcjlbmjeaqyg/SourcePackages/checkouts/firebase-ios-sdk
    builtin-copy -exclude .DS_Store -exclude CVS -exclude .svn -exclude .git -exclude .hg -resolve-src-symlinks -rename /Users/fukushimatakumi/Library/Developer/Xcode/DerivedData/SugarBeat-hgoxfxbbugxkfsbmqcjlbmjeaqyg/Build/Intermediates.noindex/Firebase.build/Debug-iphonesimulator/FirebaseCoreInternal.build/Objects-normal/arm64/FirebaseCoreInternal.swiftdoc /Users/fukushimatakumi/Library/Developer/Xcode/DerivedData/SugarBeat-hgoxfxbbugxkfsbmqcjlbmjeaqyg/Build/Products/Debug-iphonesimulator/FirebaseCoreInternal.swiftmodule/arm64-apple-ios-simulator.swiftdoc

Copy /Users/fukushimatakumi/Library/Developer/Xcode/DerivedData/SugarBeat-hgoxfxbbugxkfsbmqcjlbmjeaqyg/Build/Products/Debug-iphonesimulator/FirebaseCoreInternal.swiftmodule/arm64-apple-ios-simulator.abi.json /Users/fukushimatakumi/Library/Developer/Xcode/DerivedData/SugarBeat-hgoxfxbbugxkfsbmqcjlbmjeaqyg/Build/Intermediates.noindex/Firebase.build/Debug-iphonesimulator/FirebaseCoreInternal.build/Objects-normal/arm64/FirebaseCoreInternal.abi.json (in target 'FirebaseCoreInternal' from project 'Firebase')
    cd /Users/fukushimatakumi/Library/Developer/Xcode/DerivedData/SugarBeat-hgoxfxbbugxkfsbmqcjlbmjeaqyg/SourcePackages/checkouts/firebase-ios-sdk
    builtin-copy -exclude .DS_Store -exclude CVS -exclude .svn -exclude .git -exclude .hg -resolve-src-symlinks -rename /Users/fukushimatakumi/Library/Developer/Xcode/DerivedData/SugarBeat-hgoxfxbbugxkfsbmqcjlbmjeaqyg/Build/Intermediates.noindex/Firebase.build/Debug-iphonesimulator/FirebaseCoreInternal.build/Objects-normal/arm64/FirebaseCoreInternal.abi.json /Users/fukushimatakumi/Library/Developer/Xcode/DerivedData/SugarBeat-hgoxfxbbugxkfsbmqcjlbmjeaqyg/Build/Products/Debug-iphonesimulator/FirebaseCoreInternal.swiftmodule/arm64-apple-ios-simulator.abi.json

Copy /Users/fukushimatakumi/Library/Developer/Xcode/DerivedData/SugarBeat-hgoxfxbbugxkfsbmqcjlbmjeaqyg/Build/Products/Debug-iphonesimulator/FirebaseCoreInternal.swiftmodule/Project/arm64-apple-ios-simulator.swiftsourceinfo /Users/fukushimatakumi/Library/Developer/Xcode/DerivedData/SugarBeat-hgoxfxbbugxkfsbmqcjlbmjeaqyg/Build/Intermediates.noindex/Firebase.build/Debug-iphonesimulator/FirebaseCoreInternal.build/Objects-normal/arm64/FirebaseCoreInternal.swiftsourceinfo (in target 'FirebaseCoreInternal' from project 'Firebase')
    cd /Users/fukushimatakumi/Library/Developer/Xcode/DerivedData/SugarBeat-hgoxfxbbugxkfsbmqcjlbmjeaqyg/SourcePackages/checkouts/firebase-ios-sdk
    builtin-copy -exclude .DS_Store -exclude CVS -exclude .svn -exclude .git -exclude .hg -resolve-src-symlinks -rename /Users/fukushimatakumi/Library/Developer/Xcode/DerivedData/SugarBeat-hgoxfxbbugxkfsbmqcjlbmjeaqyg/Build/Intermediates.noindex/Firebase.build/Debug-iphonesimulator/FirebaseCoreInternal.build/Objects-normal/arm64/FirebaseCoreInternal.swiftsourceinfo /Users/fukushimatakumi/Library/Developer/Xcode/DerivedData/SugarBeat-hgoxfxbbugxkfsbmqcjlbmjeaqyg/Build/Products/Debug-iphonesimulator/FirebaseCoreInternal.swiftmodule/Project/arm64-apple-ios-simulator.swiftsourceinfo

SwiftCompile normal arm64 Compiling\ Storage.swift /Users/fukushimatakumi/Library/Developer/Xcode/DerivedData/SugarBeat-hgoxfxbbugxkfsbmqcjlbmjeaqyg/SourcePackages/checkouts/firebase-ios-sdk/FirebaseCore/Internal/Sources/HeartbeatLogging/Storage.swift (in target 'FirebaseCoreInternal' from project 'Firebase')

SwiftCompile normal arm64 /Users/fukushimatakumi/Library/Developer/Xcode/DerivedData/SugarBeat-hgoxfxbbugxkfsbmqcjlbmjeaqyg/SourcePackages/checkouts/firebase-ios-sdk/FirebaseCore/Internal/Sources/HeartbeatLogging/Storage.swift (in target 'FirebaseCoreInternal' from project 'Firebase')
    cd /Users/fukushimatakumi/develop/sugarbeat/sugarbeat-front
    

SwiftCompile normal arm64 Compiling\ _ObjC_HeartbeatsPayload.swift /Users/fukushimatakumi/Library/Developer/Xcode/DerivedData/SugarBeat-hgoxfxbbugxkfsbmqcjlbmjeaqyg/SourcePackages/checkouts/firebase-ios-sdk/FirebaseCore/Internal/Sources/HeartbeatLogging/_ObjC_HeartbeatsPayload.swift (in target 'FirebaseCoreInternal' from project 'Firebase')

SwiftCompile normal arm64 /Users/fukushimatakumi/Library/Developer/Xcode/DerivedData/SugarBeat-hgoxfxbbugxkfsbmqcjlbmjeaqyg/SourcePackages/checkouts/firebase-ios-sdk/FirebaseCore/Internal/Sources/HeartbeatLogging/_ObjC_HeartbeatsPayload.swift (in target 'FirebaseCoreInternal' from project 'Firebase')
    cd /Users/fukushimatakumi/develop/sugarbeat/sugarbeat-front
    

SwiftDriverJobDiscovery normal arm64 Compiling resource_bundle_accessor.swift, Heartbeat.swift (in target 'FirebaseCoreInternal' from project 'Firebase')

ScanDependencies /Users/fukushimatakumi/Library/Developer/Xcode/DerivedData/SugarBeat-hgoxfxbbugxkfsbmqcjlbmjeaqyg/Build/Intermediates.noindex/AppAuth.build/Debug-iphonesimulator/AppAuth.build/Objects-normal/arm64/resource_bundle_accessor.o /Users/fukushimatakumi/Library/Developer/Xcode/DerivedData/SugarBeat-hgoxfxbbugxkfsbmqcjlbmjeaqyg/Build/Intermediates.noindex/AppAuth.build/Debug-iphonesimulator/AppAuth.build/DerivedSources/resource_bundle_accessor.m normal arm64 objective-c com.apple.compilers.llvm.clang.1_0.compiler (in target 'AppAuth' from project 'AppAuth')
    cd /Users/fukushimatakumi/develop/sugarbeat/sugarbeat-front
    
    Using response file: /Users/fukushimatakumi/Library/Developer/Xcode/DerivedData/SugarBeat-hgoxfxbbugxkfsbmqcjlbmjeaqyg/Build/Intermediates.noindex/AppAuth.build/Debug-iphonesimulator/AppAuth.build/Objects-normal/arm64/e6072d4f65d7061329687fe24e3d63a7-common-args.resp
    
    builtin-ScanDependencies -o /Users/fukushimatakumi/Library/Developer/Xcode/DerivedData/SugarBeat-hgoxfxbbugxkfsbmqcjlbmjeaqyg/Build/Intermediates.noindex/AppAuth.build/Debug-iphonesimulator/AppAuth.build/Objects-normal/arm64/resource_bundle_accessor.o.scan -- /Applications/Xcode.app/Contents/Developer/Toolchains/XcodeDefault.xctoolchain/usr/bin/clang -x objective-c -ivfsstatcache /Users/fukushimatakumi/Library/Developer/Xcode/DerivedData/SDKStatCaches.noindex/iphonesimulator18.4-22E235-71825a6d136aa4733edcbe86ece5525b.sdkstatcache -fmessage-length\=0 -fdiagnostics-show-note-include-stack -fmacro-backtrace-limit\=0 -fno-color-diagnostics -fmodules-prune-interval\=86400 -fmodules-prune-after\=345600 -fbuild-session-file\=/Users/fukushimatakumi/Library/Developer/Xcode/DerivedData/ModuleCache.noindex/Session.modulevalidation -fmodules-validate-once-per-build-session -Wnon-modular-include-in-framework-module -Werror\=non-modular-include-in-framework-module -Wno-trigraphs -Wno-missing-field-initializers -Wno-missing-prototypes -Wno-return-type -Wno-implicit-atomic-properties -Wno-objc-interface-ivars -Wno-arc-repeated-use-of-weak -Wno-missing-braces -Wparentheses -Wswitch -Wno-unused-function -Wno-unused-label -Wno-unused-parameter -Wno-unused-variable -Wunused-value -Wno-empty-body -Wno-uninitialized -Wno-unknown-pragmas -w -Wno-shadow -Wno-four-char-constants -Wno-conversion -Wno-constant-conversion -Wno-int-conversion -Wno-bool-conversion -Wno-enum-conversion -Wno-float-conversion -Wno-non-literal-null-conversion -Wno-objc-literal-conversion -Wshorten-64-to-32 -Wpointer-sign -Wno-newline-eof -Wno-selector -Wno-strict-selector-match -Wno-undeclared-selector -Wno-deprecated-implementations -Wno-implicit-fallthrough -fstrict-aliasing -Wprotocol -Wdeprecated-declarations -Wno-sign-conversion -Wno-infinite-recursion -Wno-comma -Wno-block-capture-autoreleasing -Wno-strict-prototypes -Wno-semicolon-before-method-body -index-store-path /Users/fukushimatakumi/Library/Developer/Xcode/DerivedData/SugarBeat-hgoxfxbbugxkfsbmqcjlbmjeaqyg/Index.noindex/DataStore @/Users/fukushimatakumi/Library/Developer/Xcode/DerivedData/SugarBeat-hgoxfxbbugxkfsbmqcjlbmjeaqyg/Build/Intermediates.noindex/AppAuth.build/Debug-iphonesimulator/AppAuth.build/Objects-normal/arm64/e6072d4f65d7061329687fe24e3d63a7-common-args.resp -include /Users/fukushimatakumi/Library/Developer/Xcode/DerivedData/SugarBeat-hgoxfxbbugxkfsbmqcjlbmjeaqyg/Build/Intermediates.noindex/AppAuth.build/Debug-iphonesimulator/AppAuth.build/DerivedSources/resource_bundle_accessor.h -MMD -MT dependencies -MF /Users/fukushimatakumi/Library/Developer/Xcode/DerivedData/SugarBeat-hgoxfxbbugxkfsbmqcjlbmjeaqyg/Build/Intermediates.noindex/AppAuth.build/Debug-iphonesimulator/AppAuth.build/Objects-normal/arm64/resource_bundle_accessor.d --serialize-diagnostics /Users/fukushimatakumi/Library/Developer/Xcode/DerivedData/SugarBeat-hgoxfxbbugxkfsbmqcjlbmjeaqyg/Build/Intermediates.noindex/AppAuth.build/Debug-iphonesimulator/AppAuth.build/Objects-normal/arm64/resource_bundle_accessor.dia -c /Users/fukushimatakumi/Library/Developer/Xcode/DerivedData/SugarBeat-hgoxfxbbugxkfsbmqcjlbmjeaqyg/Build/Intermediates.noindex/AppAuth.build/Debug-iphonesimulator/AppAuth.build/DerivedSources/resource_bundle_accessor.m -o /Users/fukushimatakumi/Library/Developer/Xcode/DerivedData/SugarBeat-hgoxfxbbugxkfsbmqcjlbmjeaqyg/Build/Intermediates.noindex/AppAuth.build/Debug-iphonesimulator/AppAuth.build/Objects-normal/arm64/resource_bundle_accessor.o -index-unit-output-path /AppAuth.build/Debug-iphonesimulator/AppAuth.build/Objects-normal/arm64/resource_bundle_accessor.o

SwiftDriverJobDiscovery normal arm64 Compiling HeartbeatController.swift, HeartbeatLoggingTestUtils.swift (in target 'FirebaseCoreInternal' from project 'Firebase')

ScanDependencies /Users/fukushimatakumi/Library/Developer/Xcode/DerivedData/SugarBeat-hgoxfxbbugxkfsbmqcjlbmjeaqyg/Build/Intermediates.noindex/AppAuth.build/Debug-iphonesimulator/AppAuth.build/Objects-normal/arm64/OIDRedirectHTTPHandler.o /Users/fukushimatakumi/Library/Developer/Xcode/DerivedData/SugarBeat-hgoxfxbbugxkfsbmqcjlbmjeaqyg/SourcePackages/checkouts/AppAuth-iOS/Sources/AppAuth/macOS/OIDRedirectHTTPHandler.m normal arm64 objective-c com.apple.compilers.llvm.clang.1_0.compiler (in target 'AppAuth' from project 'AppAuth')
    cd /Users/fukushimatakumi/develop/sugarbeat/sugarbeat-front
    
    Using response file: /Users/fukushimatakumi/Library/Developer/Xcode/DerivedData/SugarBeat-hgoxfxbbugxkfsbmqcjlbmjeaqyg/Build/Intermediates.noindex/AppAuth.build/Debug-iphonesimulator/AppAuth.build/Objects-normal/arm64/e6072d4f65d7061329687fe24e3d63a7-common-args.resp
    
    builtin-ScanDependencies -o /Users/fukushimatakumi/Library/Developer/Xcode/DerivedData/SugarBeat-hgoxfxbbugxkfsbmqcjlbmjeaqyg/Build/Intermediates.noindex/AppAuth.build/Debug-iphonesimulator/AppAuth.build/Objects-normal/arm64/OIDRedirectHTTPHandler.o.scan -- /Applications/Xcode.app/Contents/Developer/Toolchains/XcodeDefault.xctoolchain/usr/bin/clang -x objective-c -ivfsstatcache /Users/fukushimatakumi/Library/Developer/Xcode/DerivedData/SDKStatCaches.noindex/iphonesimulator18.4-22E235-71825a6d136aa4733edcbe86ece5525b.sdkstatcache -fmessage-length\=0 -fdiagnostics-show-note-include-stack -fmacro-backtrace-limit\=0 -fno-color-diagnostics -fmodules-prune-interval\=86400 -fmodules-prune-after\=345600 -fbuild-session-file\=/Users/fukushimatakumi/Library/Developer/Xcode/DerivedData/ModuleCache.noindex/Session.modulevalidation -fmodules-validate-once-per-build-session -Wnon-modular-include-in-framework-module -Werror\=non-modular-include-in-framework-module -Wno-trigraphs -Wno-missing-field-initializers -Wno-missing-prototypes -Wno-return-type -Wno-implicit-atomic-properties -Wno-objc-interface-ivars -Wno-arc-repeated-use-of-weak -Wno-missing-braces -Wparentheses -Wswitch -Wno-unused-function -Wno-unused-label -Wno-unused-parameter -Wno-unused-variable -Wunused-value -Wno-empty-body -Wno-uninitialized -Wno-unknown-pragmas -w -Wno-shadow -Wno-four-char-constants -Wno-conversion -Wno-constant-conversion -Wno-int-conversion -Wno-bool-conversion -Wno-enum-conversion -Wno-float-conversion -Wno-non-literal-null-conversion -Wno-objc-literal-conversion -Wshorten-64-to-32 -Wpointer-sign -Wno-newline-eof -Wno-selector -Wno-strict-selector-match -Wno-undeclared-selector -Wno-deprecated-implementations -Wno-implicit-fallthrough -fstrict-aliasing -Wprotocol -Wdeprecated-declarations -Wno-sign-conversion -Wno-infinite-recursion -Wno-comma -Wno-block-capture-autoreleasing -Wno-strict-prototypes -Wno-semicolon-before-method-body -index-store-path /Users/fukushimatakumi/Library/Developer/Xcode/DerivedData/SugarBeat-hgoxfxbbugxkfsbmqcjlbmjeaqyg/Index.noindex/DataStore @/Users/fukushimatakumi/Library/Developer/Xcode/DerivedData/SugarBeat-hgoxfxbbugxkfsbmqcjlbmjeaqyg/Build/Intermediates.noindex/AppAuth.build/Debug-iphonesimulator/AppAuth.build/Objects-normal/arm64/e6072d4f65d7061329687fe24e3d63a7-common-args.resp -include /Users/fukushimatakumi/Library/Developer/Xcode/DerivedData/SugarBeat-hgoxfxbbugxkfsbmqcjlbmjeaqyg/Build/Intermediates.noindex/AppAuth.build/Debug-iphonesimulator/AppAuth.build/DerivedSources/resource_bundle_accessor.h -MMD -MT dependencies -MF /Users/fukushimatakumi/Library/Developer/Xcode/DerivedData/SugarBeat-hgoxfxbbugxkfsbmqcjlbmjeaqyg/Build/Intermediates.noindex/AppAuth.build/Debug-iphonesimulator/AppAuth.build/Objects-normal/arm64/OIDRedirectHTTPHandler.d --serialize-diagnostics /Users/fukushimatakumi/Library/Developer/Xcode/DerivedData/SugarBeat-hgoxfxbbugxkfsbmqcjlbmjeaqyg/Build/Intermediates.noindex/AppAuth.build/Debug-iphonesimulator/AppAuth.build/Objects-normal/arm64/OIDRedirectHTTPHandler.dia -c /Users/fukushimatakumi/Library/Developer/Xcode/DerivedData/SugarBeat-hgoxfxbbugxkfsbmqcjlbmjeaqyg/SourcePackages/checkouts/AppAuth-iOS/Sources/AppAuth/macOS/OIDRedirectHTTPHandler.m -o /Users/fukushimatakumi/Library/Developer/Xcode/DerivedData/SugarBeat-hgoxfxbbugxkfsbmqcjlbmjeaqyg/Build/Intermediates.noindex/AppAuth.build/Debug-iphonesimulator/AppAuth.build/Objects-normal/arm64/OIDRedirectHTTPHandler.o -index-unit-output-path /AppAuth.build/Debug-iphonesimulator/AppAuth.build/Objects-normal/arm64/OIDRedirectHTTPHandler.o

CompileC /Users/fukushimatakumi/Library/Developer/Xcode/DerivedData/SugarBeat-hgoxfxbbugxkfsbmqcjlbmjeaqyg/Build/Intermediates.noindex/GoogleUtilities.build/Debug-iphonesimulator/GoogleUtilities-Environment.build/Objects-normal/arm64/GULAppEnvironmentUtil.o /Users/fukushimatakumi/Library/Developer/Xcode/DerivedData/SugarBeat-hgoxfxbbugxkfsbmqcjlbmjeaqyg/SourcePackages/checkouts/GoogleUtilities/GoogleUtilities/Environment/GULAppEnvironmentUtil.m normal arm64 objective-c com.apple.compilers.llvm.clang.1_0.compiler (in target 'GoogleUtilities-Environment' from project 'GoogleUtilities')
    cd /Users/fukushimatakumi/develop/sugarbeat/sugarbeat-front
    
    Using response file: /Users/fukushimatakumi/Library/Developer/Xcode/DerivedData/SugarBeat-hgoxfxbbugxkfsbmqcjlbmjeaqyg/Build/Intermediates.noindex/GoogleUtilities.build/Debug-iphonesimulator/GoogleUtilities-Environment.build/Objects-normal/arm64/e6072d4f65d7061329687fe24e3d63a7-common-args.resp
    
    /Applications/Xcode.app/Contents/Developer/Toolchains/XcodeDefault.xctoolchain/usr/bin/clang -x objective-c -ivfsstatcache /Users/fukushimatakumi/Library/Developer/Xcode/DerivedData/SDKStatCaches.noindex/iphonesimulator18.4-22E235-71825a6d136aa4733edcbe86ece5525b.sdkstatcache -fmessage-length\=0 -fdiagnostics-show-note-include-stack -fmacro-backtrace-limit\=0 -fno-color-diagnostics -fmodules-prune-interval\=86400 -fmodules-prune-after\=345600 -fbuild-session-file\=/Users/fukushimatakumi/Library/Developer/Xcode/DerivedData/ModuleCache.noindex/Session.modulevalidation -fmodules-validate-once-per-build-session -Wnon-modular-include-in-framework-module -Werror\=non-modular-include-in-framework-module -Wno-trigraphs -Wno-missing-field-initializers -Wno-missing-prototypes -Wno-return-type -Wno-implicit-atomic-properties -Wno-objc-interface-ivars -Wno-arc-repeated-use-of-weak -Wno-missing-braces -Wparentheses -Wswitch -Wno-unused-function -Wno-unused-label -Wno-unused-parameter -Wno-unused-variable -Wunused-value -Wno-empty-body -Wno-uninitialized -Wno-unknown-pragmas -w -Wno-shadow -Wno-four-char-constants -Wno-conversion -Wno-constant-conversion -Wno-int-conversion -Wno-bool-conversion -Wno-enum-conversion -Wno-float-conversion -Wno-non-literal-null-conversion -Wno-objc-literal-conversion -Wshorten-64-to-32 -Wpointer-sign -Wno-newline-eof -Wno-selector -Wno-strict-selector-match -Wno-undeclared-selector -Wno-deprecated-implementations -Wno-implicit-fallthrough -fstrict-aliasing -Wprotocol -Wdeprecated-declarations -Wno-sign-conversion -Wno-infinite-recursion -Wno-comma -Wno-block-capture-autoreleasing -Wno-strict-prototypes -Wno-semicolon-before-method-body -index-store-path /Users/fukushimatakumi/Library/Developer/Xcode/DerivedData/SugarBeat-hgoxfxbbugxkfsbmqcjlbmjeaqyg/Index.noindex/DataStore @/Users/fukushimatakumi/Library/Developer/Xcode/DerivedData/SugarBeat-hgoxfxbbugxkfsbmqcjlbmjeaqyg/Build/Intermediates.noindex/GoogleUtilities.build/Debug-iphonesimulator/GoogleUtilities-Environment.build/Objects-normal/arm64/e6072d4f65d7061329687fe24e3d63a7-common-args.resp -include /Users/fukushimatakumi/Library/Developer/Xcode/DerivedData/SugarBeat-hgoxfxbbugxkfsbmqcjlbmjeaqyg/Build/Intermediates.noindex/GoogleUtilities.build/Debug-iphonesimulator/GoogleUtilities-Environment.build/DerivedSources/resource_bundle_accessor.h -MMD -MT dependencies -MF /Users/fukushimatakumi/Library/Developer/Xcode/DerivedData/SugarBeat-hgoxfxbbugxkfsbmqcjlbmjeaqyg/Build/Intermediates.noindex/GoogleUtilities.build/Debug-iphonesimulator/GoogleUtilities-Environment.build/Objects-normal/arm64/GULAppEnvironmentUtil.d --serialize-diagnostics /Users/fukushimatakumi/Library/Developer/Xcode/DerivedData/SugarBeat-hgoxfxbbugxkfsbmqcjlbmjeaqyg/Build/Intermediates.noindex/GoogleUtilities.build/Debug-iphonesimulator/GoogleUtilities-Environment.build/Objects-normal/arm64/GULAppEnvironmentUtil.dia -c /Users/fukushimatakumi/Library/Developer/Xcode/DerivedData/SugarBeat-hgoxfxbbugxkfsbmqcjlbmjeaqyg/SourcePackages/checkouts/GoogleUtilities/GoogleUtilities/Environment/GULAppEnvironmentUtil.m -o /Users/fukushimatakumi/Library/Developer/Xcode/DerivedData/SugarBeat-hgoxfxbbugxkfsbmqcjlbmjeaqyg/Build/Intermediates.noindex/GoogleUtilities.build/Debug-iphonesimulator/GoogleUtilities-Environment.build/Objects-normal/arm64/GULAppEnvironmentUtil.o -index-unit-output-path /GoogleUtilities.build/Debug-iphonesimulator/GoogleUtilities-Environment.build/Objects-normal/arm64/GULAppEnvironmentUtil.o

CompileC /Users/fukushimatakumi/Library/Developer/Xcode/DerivedData/SugarBeat-hgoxfxbbugxkfsbmqcjlbmjeaqyg/Build/Intermediates.noindex/AppAuth.build/Debug-iphonesimulator/AppAuth.build/Objects-normal/arm64/resource_bundle_accessor.o /Users/fukushimatakumi/Library/Developer/Xcode/DerivedData/SugarBeat-hgoxfxbbugxkfsbmqcjlbmjeaqyg/Build/Intermediates.noindex/AppAuth.build/Debug-iphonesimulator/AppAuth.build/DerivedSources/resource_bundle_accessor.m normal arm64 objective-c com.apple.compilers.llvm.clang.1_0.compiler (in target 'AppAuth' from project 'AppAuth')
    cd /Users/fukushimatakumi/develop/sugarbeat/sugarbeat-front
    
    Using response file: /Users/fukushimatakumi/Library/Developer/Xcode/DerivedData/SugarBeat-hgoxfxbbugxkfsbmqcjlbmjeaqyg/Build/Intermediates.noindex/AppAuth.build/Debug-iphonesimulator/AppAuth.build/Objects-normal/arm64/e6072d4f65d7061329687fe24e3d63a7-common-args.resp
    
    /Applications/Xcode.app/Contents/Developer/Toolchains/XcodeDefault.xctoolchain/usr/bin/clang -x objective-c -ivfsstatcache /Users/fukushimatakumi/Library/Developer/Xcode/DerivedData/SDKStatCaches.noindex/iphonesimulator18.4-22E235-71825a6d136aa4733edcbe86ece5525b.sdkstatcache -fmessage-length\=0 -fdiagnostics-show-note-include-stack -fmacro-backtrace-limit\=0 -fno-color-diagnostics -fmodules-prune-interval\=86400 -fmodules-prune-after\=345600 -fbuild-session-file\=/Users/fukushimatakumi/Library/Developer/Xcode/DerivedData/ModuleCache.noindex/Session.modulevalidation -fmodules-validate-once-per-build-session -Wnon-modular-include-in-framework-module -Werror\=non-modular-include-in-framework-module -Wno-trigraphs -Wno-missing-field-initializers -Wno-missing-prototypes -Wno-return-type -Wno-implicit-atomic-properties -Wno-objc-interface-ivars -Wno-arc-repeated-use-of-weak -Wno-missing-braces -Wparentheses -Wswitch -Wno-unused-function -Wno-unused-label -Wno-unused-parameter -Wno-unused-variable -Wunused-value -Wno-empty-body -Wno-uninitialized -Wno-unknown-pragmas -w -Wno-shadow -Wno-four-char-constants -Wno-conversion -Wno-constant-conversion -Wno-int-conversion -Wno-bool-conversion -Wno-enum-conversion -Wno-float-conversion -Wno-non-literal-null-conversion -Wno-objc-literal-conversion -Wshorten-64-to-32 -Wpointer-sign -Wno-newline-eof -Wno-selector -Wno-strict-selector-match -Wno-undeclared-selector -Wno-deprecated-implementations -Wno-implicit-fallthrough -fstrict-aliasing -Wprotocol -Wdeprecated-declarations -Wno-sign-conversion -Wno-infinite-recursion -Wno-comma -Wno-block-capture-autoreleasing -Wno-strict-prototypes -Wno-semicolon-before-method-body -index-store-path /Users/fukushimatakumi/Library/Developer/Xcode/DerivedData/SugarBeat-hgoxfxbbugxkfsbmqcjlbmjeaqyg/Index.noindex/DataStore @/Users/fukushimatakumi/Library/Developer/Xcode/DerivedData/SugarBeat-hgoxfxbbugxkfsbmqcjlbmjeaqyg/Build/Intermediates.noindex/AppAuth.build/Debug-iphonesimulator/AppAuth.build/Objects-normal/arm64/e6072d4f65d7061329687fe24e3d63a7-common-args.resp -include /Users/fukushimatakumi/Library/Developer/Xcode/DerivedData/SugarBeat-hgoxfxbbugxkfsbmqcjlbmjeaqyg/Build/Intermediates.noindex/AppAuth.build/Debug-iphonesimulator/AppAuth.build/DerivedSources/resource_bundle_accessor.h -MMD -MT dependencies -MF /Users/fukushimatakumi/Library/Developer/Xcode/DerivedData/SugarBeat-hgoxfxbbugxkfsbmqcjlbmjeaqyg/Build/Intermediates.noindex/AppAuth.build/Debug-iphonesimulator/AppAuth.build/Objects-normal/arm64/resource_bundle_accessor.d --serialize-diagnostics /Users/fukushimatakumi/Library/Developer/Xcode/DerivedData/SugarBeat-hgoxfxbbugxkfsbmqcjlbmjeaqyg/Build/Intermediates.noindex/AppAuth.build/Debug-iphonesimulator/AppAuth.build/Objects-normal/arm64/resource_bundle_accessor.dia -c /Users/fukushimatakumi/Library/Developer/Xcode/DerivedData/SugarBeat-hgoxfxbbugxkfsbmqcjlbmjeaqyg/Build/Intermediates.noindex/AppAuth.build/Debug-iphonesimulator/AppAuth.build/DerivedSources/resource_bundle_accessor.m -o /Users/fukushimatakumi/Library/Developer/Xcode/DerivedData/SugarBeat-hgoxfxbbugxkfsbmqcjlbmjeaqyg/Build/Intermediates.noindex/AppAuth.build/Debug-iphonesimulator/AppAuth.build/Objects-normal/arm64/resource_bundle_accessor.o -index-unit-output-path /AppAuth.build/Debug-iphonesimulator/AppAuth.build/Objects-normal/arm64/resource_bundle_accessor.o

CompileC /Users/fukushimatakumi/Library/Developer/Xcode/DerivedData/SugarBeat-hgoxfxbbugxkfsbmqcjlbmjeaqyg/Build/Intermediates.noindex/AppAuth.build/Debug-iphonesimulator/AppAuth.build/Objects-normal/arm64/OIDRedirectHTTPHandler.o /Users/fukushimatakumi/Library/Developer/Xcode/DerivedData/SugarBeat-hgoxfxbbugxkfsbmqcjlbmjeaqyg/SourcePackages/checkouts/AppAuth-iOS/Sources/AppAuth/macOS/OIDRedirectHTTPHandler.m normal arm64 objective-c com.apple.compilers.llvm.clang.1_0.compiler (in target 'AppAuth' from project 'AppAuth')
    cd /Users/fukushimatakumi/develop/sugarbeat/sugarbeat-front
    
    Using response file: /Users/fukushimatakumi/Library/Developer/Xcode/DerivedData/SugarBeat-hgoxfxbbugxkfsbmqcjlbmjeaqyg/Build/Intermediates.noindex/AppAuth.build/Debug-iphonesimulator/AppAuth.build/Objects-normal/arm64/e6072d4f65d7061329687fe24e3d63a7-common-args.resp
    
    /Applications/Xcode.app/Contents/Developer/Toolchains/XcodeDefault.xctoolchain/usr/bin/clang -x objective-c -ivfsstatcache /Users/fukushimatakumi/Library/Developer/Xcode/DerivedData/SDKStatCaches.noindex/iphonesimulator18.4-22E235-71825a6d136aa4733edcbe86ece5525b.sdkstatcache -fmessage-length\=0 -fdiagnostics-show-note-include-stack -fmacro-backtrace-limit\=0 -fno-color-diagnostics -fmodules-prune-interval\=86400 -fmodules-prune-after\=345600 -fbuild-session-file\=/Users/fukushimatakumi/Library/Developer/Xcode/DerivedData/ModuleCache.noindex/Session.modulevalidation -fmodules-validate-once-per-build-session -Wnon-modular-include-in-framework-module -Werror\=non-modular-include-in-framework-module -Wno-trigraphs -Wno-missing-field-initializers -Wno-missing-prototypes -Wno-return-type -Wno-implicit-atomic-properties -Wno-objc-interface-ivars -Wno-arc-repeated-use-of-weak -Wno-missing-braces -Wparentheses -Wswitch -Wno-unused-function -Wno-unused-label -Wno-unused-parameter -Wno-unused-variable -Wunused-value -Wno-empty-body -Wno-uninitialized -Wno-unknown-pragmas -w -Wno-shadow -Wno-four-char-constants -Wno-conversion -Wno-constant-conversion -Wno-int-conversion -Wno-bool-conversion -Wno-enum-conversion -Wno-float-conversion -Wno-non-literal-null-conversion -Wno-objc-literal-conversion -Wshorten-64-to-32 -Wpointer-sign -Wno-newline-eof -Wno-selector -Wno-strict-selector-match -Wno-undeclared-selector -Wno-deprecated-implementations -Wno-implicit-fallthrough -fstrict-aliasing -Wprotocol -Wdeprecated-declarations -Wno-sign-conversion -Wno-infinite-recursion -Wno-comma -Wno-block-capture-autoreleasing -Wno-strict-prototypes -Wno-semicolon-before-method-body -index-store-path /Users/fukushimatakumi/Library/Developer/Xcode/DerivedData/SugarBeat-hgoxfxbbugxkfsbmqcjlbmjeaqyg/Index.noindex/DataStore @/Users/fukushimatakumi/Library/Developer/Xcode/DerivedData/SugarBeat-hgoxfxbbugxkfsbmqcjlbmjeaqyg/Build/Intermediates.noindex/AppAuth.build/Debug-iphonesimulator/AppAuth.build/Objects-normal/arm64/e6072d4f65d7061329687fe24e3d63a7-common-args.resp -include /Users/fukushimatakumi/Library/Developer/Xcode/DerivedData/SugarBeat-hgoxfxbbugxkfsbmqcjlbmjeaqyg/Build/Intermediates.noindex/AppAuth.build/Debug-iphonesimulator/AppAuth.build/DerivedSources/resource_bundle_accessor.h -MMD -MT dependencies -MF /Users/fukushimatakumi/Library/Developer/Xcode/DerivedData/SugarBeat-hgoxfxbbugxkfsbmqcjlbmjeaqyg/Build/Intermediates.noindex/AppAuth.build/Debug-iphonesimulator/AppAuth.build/Objects-normal/arm64/OIDRedirectHTTPHandler.d --serialize-diagnostics /Users/fukushimatakumi/Library/Developer/Xcode/DerivedData/SugarBeat-hgoxfxbbugxkfsbmqcjlbmjeaqyg/Build/Intermediates.noindex/AppAuth.build/Debug-iphonesimulator/AppAuth.build/Objects-normal/arm64/OIDRedirectHTTPHandler.dia -c /Users/fukushimatakumi/Library/Developer/Xcode/DerivedData/SugarBeat-hgoxfxbbugxkfsbmqcjlbmjeaqyg/SourcePackages/checkouts/AppAuth-iOS/Sources/AppAuth/macOS/OIDRedirectHTTPHandler.m -o /Users/fukushimatakumi/Library/Developer/Xcode/DerivedData/SugarBeat-hgoxfxbbugxkfsbmqcjlbmjeaqyg/Build/Intermediates.noindex/AppAuth.build/Debug-iphonesimulator/AppAuth.build/Objects-normal/arm64/OIDRedirectHTTPHandler.o -index-unit-output-path /AppAuth.build/Debug-iphonesimulator/AppAuth.build/Objects-normal/arm64/OIDRedirectHTTPHandler.o

ScanDependencies /Users/fukushimatakumi/Library/Developer/Xcode/DerivedData/SugarBeat-hgoxfxbbugxkfsbmqcjlbmjeaqyg/Build/Intermediates.noindex/AppAuth.build/Debug-iphonesimulator/AppAuth.build/Objects-normal/arm64/OIDLoopbackHTTPServer.o /Users/fukushimatakumi/Library/Developer/Xcode/DerivedData/SugarBeat-hgoxfxbbugxkfsbmqcjlbmjeaqyg/SourcePackages/checkouts/AppAuth-iOS/Sources/AppAuth/macOS/LoopbackHTTPServer/OIDLoopbackHTTPServer.m normal arm64 objective-c com.apple.compilers.llvm.clang.1_0.compiler (in target 'AppAuth' from project 'AppAuth')
    cd /Users/fukushimatakumi/develop/sugarbeat/sugarbeat-front
    
    Using response file: /Users/fukushimatakumi/Library/Developer/Xcode/DerivedData/SugarBeat-hgoxfxbbugxkfsbmqcjlbmjeaqyg/Build/Intermediates.noindex/AppAuth.build/Debug-iphonesimulator/AppAuth.build/Objects-normal/arm64/e6072d4f65d7061329687fe24e3d63a7-common-args.resp
    
    builtin-ScanDependencies -o /Users/fukushimatakumi/Library/Developer/Xcode/DerivedData/SugarBeat-hgoxfxbbugxkfsbmqcjlbmjeaqyg/Build/Intermediates.noindex/AppAuth.build/Debug-iphonesimulator/AppAuth.build/Objects-normal/arm64/OIDLoopbackHTTPServer.o.scan -- /Applications/Xcode.app/Contents/Developer/Toolchains/XcodeDefault.xctoolchain/usr/bin/clang -x objective-c -ivfsstatcache /Users/fukushimatakumi/Library/Developer/Xcode/DerivedData/SDKStatCaches.noindex/iphonesimulator18.4-22E235-71825a6d136aa4733edcbe86ece5525b.sdkstatcache -fmessage-length\=0 -fdiagnostics-show-note-include-stack -fmacro-backtrace-limit\=0 -fno-color-diagnostics -fmodules-prune-interval\=86400 -fmodules-prune-after\=345600 -fbuild-session-file\=/Users/fukushimatakumi/Library/Developer/Xcode/DerivedData/ModuleCache.noindex/Session.modulevalidation -fmodules-validate-once-per-build-session -Wnon-modular-include-in-framework-module -Werror\=non-modular-include-in-framework-module -Wno-trigraphs -Wno-missing-field-initializers -Wno-missing-prototypes -Wno-return-type -Wno-implicit-atomic-properties -Wno-objc-interface-ivars -Wno-arc-repeated-use-of-weak -Wno-missing-braces -Wparentheses -Wswitch -Wno-unused-function -Wno-unused-label -Wno-unused-parameter -Wno-unused-variable -Wunused-value -Wno-empty-body -Wno-uninitialized -Wno-unknown-pragmas -w -Wno-shadow -Wno-four-char-constants -Wno-conversion -Wno-constant-conversion -Wno-int-conversion -Wno-bool-conversion -Wno-enum-conversion -Wno-float-conversion -Wno-non-literal-null-conversion -Wno-objc-literal-conversion -Wshorten-64-to-32 -Wpointer-sign -Wno-newline-eof -Wno-selector -Wno-strict-selector-match -Wno-undeclared-selector -Wno-deprecated-implementations -Wno-implicit-fallthrough -fstrict-aliasing -Wprotocol -Wdeprecated-declarations -Wno-sign-conversion -Wno-infinite-recursion -Wno-comma -Wno-block-capture-autoreleasing -Wno-strict-prototypes -Wno-semicolon-before-method-body -index-store-path /Users/fukushimatakumi/Library/Developer/Xcode/DerivedData/SugarBeat-hgoxfxbbugxkfsbmqcjlbmjeaqyg/Index.noindex/DataStore @/Users/fukushimatakumi/Library/Developer/Xcode/DerivedData/SugarBeat-hgoxfxbbugxkfsbmqcjlbmjeaqyg/Build/Intermediates.noindex/AppAuth.build/Debug-iphonesimulator/AppAuth.build/Objects-normal/arm64/e6072d4f65d7061329687fe24e3d63a7-common-args.resp -include /Users/fukushimatakumi/Library/Developer/Xcode/DerivedData/SugarBeat-hgoxfxbbugxkfsbmqcjlbmjeaqyg/Build/Intermediates.noindex/AppAuth.build/Debug-iphonesimulator/AppAuth.build/DerivedSources/resource_bundle_accessor.h -MMD -MT dependencies -MF /Users/fukushimatakumi/Library/Developer/Xcode/DerivedData/SugarBeat-hgoxfxbbugxkfsbmqcjlbmjeaqyg/Build/Intermediates.noindex/AppAuth.build/Debug-iphonesimulator/AppAuth.build/Objects-normal/arm64/OIDLoopbackHTTPServer.d --serialize-diagnostics /Users/fukushimatakumi/Library/Developer/Xcode/DerivedData/SugarBeat-hgoxfxbbugxkfsbmqcjlbmjeaqyg/Build/Intermediates.noindex/AppAuth.build/Debug-iphonesimulator/AppAuth.build/Objects-normal/arm64/OIDLoopbackHTTPServer.dia -c /Users/fukushimatakumi/Library/Developer/Xcode/DerivedData/SugarBeat-hgoxfxbbugxkfsbmqcjlbmjeaqyg/SourcePackages/checkouts/AppAuth-iOS/Sources/AppAuth/macOS/LoopbackHTTPServer/OIDLoopbackHTTPServer.m -o /Users/fukushimatakumi/Library/Developer/Xcode/DerivedData/SugarBeat-hgoxfxbbugxkfsbmqcjlbmjeaqyg/Build/Intermediates.noindex/AppAuth.build/Debug-iphonesimulator/AppAuth.build/Objects-normal/arm64/OIDLoopbackHTTPServer.o -index-unit-output-path /AppAuth.build/Debug-iphonesimulator/AppAuth.build/Objects-normal/arm64/OIDLoopbackHTTPServer.o

ScanDependencies /Users/fukushimatakumi/Library/Developer/Xcode/DerivedData/SugarBeat-hgoxfxbbugxkfsbmqcjlbmjeaqyg/Build/Intermediates.noindex/AppAuth.build/Debug-iphonesimulator/AppAuth.build/Objects-normal/arm64/OIDExternalUserAgentMac.o /Users/fukushimatakumi/Library/Developer/Xcode/DerivedData/SugarBeat-hgoxfxbbugxkfsbmqcjlbmjeaqyg/SourcePackages/checkouts/AppAuth-iOS/Sources/AppAuth/macOS/OIDExternalUserAgentMac.m normal arm64 objective-c com.apple.compilers.llvm.clang.1_0.compiler (in target 'AppAuth' from project 'AppAuth')
    cd /Users/fukushimatakumi/develop/sugarbeat/sugarbeat-front
    
    Using response file: /Users/fukushimatakumi/Library/Developer/Xcode/DerivedData/SugarBeat-hgoxfxbbugxkfsbmqcjlbmjeaqyg/Build/Intermediates.noindex/AppAuth.build/Debug-iphonesimulator/AppAuth.build/Objects-normal/arm64/e6072d4f65d7061329687fe24e3d63a7-common-args.resp
    
    builtin-ScanDependencies -o /Users/fukushimatakumi/Library/Developer/Xcode/DerivedData/SugarBeat-hgoxfxbbugxkfsbmqcjlbmjeaqyg/Build/Intermediates.noindex/AppAuth.build/Debug-iphonesimulator/AppAuth.build/Objects-normal/arm64/OIDExternalUserAgentMac.o.scan -- /Applications/Xcode.app/Contents/Developer/Toolchains/XcodeDefault.xctoolchain/usr/bin/clang -x objective-c -ivfsstatcache /Users/fukushimatakumi/Library/Developer/Xcode/DerivedData/SDKStatCaches.noindex/iphonesimulator18.4-22E235-71825a6d136aa4733edcbe86ece5525b.sdkstatcache -fmessage-length\=0 -fdiagnostics-show-note-include-stack -fmacro-backtrace-limit\=0 -fno-color-diagnostics -fmodules-prune-interval\=86400 -fmodules-prune-after\=345600 -fbuild-session-file\=/Users/fukushimatakumi/Library/Developer/Xcode/DerivedData/ModuleCache.noindex/Session.modulevalidation -fmodules-validate-once-per-build-session -Wnon-modular-include-in-framework-module -Werror\=non-modular-include-in-framework-module -Wno-trigraphs -Wno-missing-field-initializers -Wno-missing-prototypes -Wno-return-type -Wno-implicit-atomic-properties -Wno-objc-interface-ivars -Wno-arc-repeated-use-of-weak -Wno-missing-braces -Wparentheses -Wswitch -Wno-unused-function -Wno-unused-label -Wno-unused-parameter -Wno-unused-variable -Wunused-value -Wno-empty-body -Wno-uninitialized -Wno-unknown-pragmas -w -Wno-shadow -Wno-four-char-constants -Wno-conversion -Wno-constant-conversion -Wno-int-conversion -Wno-bool-conversion -Wno-enum-conversion -Wno-float-conversion -Wno-non-literal-null-conversion -Wno-objc-literal-conversion -Wshorten-64-to-32 -Wpointer-sign -Wno-newline-eof -Wno-selector -Wno-strict-selector-match -Wno-undeclared-selector -Wno-deprecated-implementations -Wno-implicit-fallthrough -fstrict-aliasing -Wprotocol -Wdeprecated-declarations -Wno-sign-conversion -Wno-infinite-recursion -Wno-comma -Wno-block-capture-autoreleasing -Wno-strict-prototypes -Wno-semicolon-before-method-body -index-store-path /Users/fukushimatakumi/Library/Developer/Xcode/DerivedData/SugarBeat-hgoxfxbbugxkfsbmqcjlbmjeaqyg/Index.noindex/DataStore @/Users/fukushimatakumi/Library/Developer/Xcode/DerivedData/SugarBeat-hgoxfxbbugxkfsbmqcjlbmjeaqyg/Build/Intermediates.noindex/AppAuth.build/Debug-iphonesimulator/AppAuth.build/Objects-normal/arm64/e6072d4f65d7061329687fe24e3d63a7-common-args.resp -include /Users/fukushimatakumi/Library/Developer/Xcode/DerivedData/SugarBeat-hgoxfxbbugxkfsbmqcjlbmjeaqyg/Build/Intermediates.noindex/AppAuth.build/Debug-iphonesimulator/AppAuth.build/DerivedSources/resource_bundle_accessor.h -MMD -MT dependencies -MF /Users/fukushimatakumi/Library/Developer/Xcode/DerivedData/SugarBeat-hgoxfxbbugxkfsbmqcjlbmjeaqyg/Build/Intermediates.noindex/AppAuth.build/Debug-iphonesimulator/AppAuth.build/Objects-normal/arm64/OIDExternalUserAgentMac.d --serialize-diagnostics /Users/fukushimatakumi/Library/Developer/Xcode/DerivedData/SugarBeat-hgoxfxbbugxkfsbmqcjlbmjeaqyg/Build/Intermediates.noindex/AppAuth.build/Debug-iphonesimulator/AppAuth.build/Objects-normal/arm64/OIDExternalUserAgentMac.dia -c /Users/fukushimatakumi/Library/Developer/Xcode/DerivedData/SugarBeat-hgoxfxbbugxkfsbmqcjlbmjeaqyg/SourcePackages/checkouts/AppAuth-iOS/Sources/AppAuth/macOS/OIDExternalUserAgentMac.m -o /Users/fukushimatakumi/Library/Developer/Xcode/DerivedData/SugarBeat-hgoxfxbbugxkfsbmqcjlbmjeaqyg/Build/Intermediates.noindex/AppAuth.build/Debug-iphonesimulator/AppAuth.build/Objects-normal/arm64/OIDExternalUserAgentMac.o -index-unit-output-path /AppAuth.build/Debug-iphonesimulator/AppAuth.build/Objects-normal/arm64/OIDExternalUserAgentMac.o

ScanDependencies /Users/fukushimatakumi/Library/Developer/Xcode/DerivedData/SugarBeat-hgoxfxbbugxkfsbmqcjlbmjeaqyg/Build/Intermediates.noindex/AppAuth.build/Debug-iphonesimulator/AppAuth.build/Objects-normal/arm64/OIDExternalUserAgentIOSCustomBrowser.o /Users/fukushimatakumi/Library/Developer/Xcode/DerivedData/SugarBeat-hgoxfxbbugxkfsbmqcjlbmjeaqyg/SourcePackages/checkouts/AppAuth-iOS/Sources/AppAuth/iOS/OIDExternalUserAgentIOSCustomBrowser.m normal arm64 objective-c com.apple.compilers.llvm.clang.1_0.compiler (in target 'AppAuth' from project 'AppAuth')
    cd /Users/fukushimatakumi/develop/sugarbeat/sugarbeat-front
    
    Using response file: /Users/fukushimatakumi/Library/Developer/Xcode/DerivedData/SugarBeat-hgoxfxbbugxkfsbmqcjlbmjeaqyg/Build/Intermediates.noindex/AppAuth.build/Debug-iphonesimulator/AppAuth.build/Objects-normal/arm64/e6072d4f65d7061329687fe24e3d63a7-common-args.resp
    
    builtin-ScanDependencies -o /Users/fukushimatakumi/Library/Developer/Xcode/DerivedData/SugarBeat-hgoxfxbbugxkfsbmqcjlbmjeaqyg/Build/Intermediates.noindex/AppAuth.build/Debug-iphonesimulator/AppAuth.build/Objects-normal/arm64/OIDExternalUserAgentIOSCustomBrowser.o.scan -- /Applications/Xcode.app/Contents/Developer/Toolchains/XcodeDefault.xctoolchain/usr/bin/clang -x objective-c -ivfsstatcache /Users/fukushimatakumi/Library/Developer/Xcode/DerivedData/SDKStatCaches.noindex/iphonesimulator18.4-22E235-71825a6d136aa4733edcbe86ece5525b.sdkstatcache -fmessage-length\=0 -fdiagnostics-show-note-include-stack -fmacro-backtrace-limit\=0 -fno-color-diagnostics -fmodules-prune-interval\=86400 -fmodules-prune-after\=345600 -fbuild-session-file\=/Users/fukushimatakumi/Library/Developer/Xcode/DerivedData/ModuleCache.noindex/Session.modulevalidation -fmodules-validate-once-per-build-session -Wnon-modular-include-in-framework-module -Werror\=non-modular-include-in-framework-module -Wno-trigraphs -Wno-missing-field-initializers -Wno-missing-prototypes -Wno-return-type -Wno-implicit-atomic-properties -Wno-objc-interface-ivars -Wno-arc-repeated-use-of-weak -Wno-missing-braces -Wparentheses -Wswitch -Wno-unused-function -Wno-unused-label -Wno-unused-parameter -Wno-unused-variable -Wunused-value -Wno-empty-body -Wno-uninitialized -Wno-unknown-pragmas -w -Wno-shadow -Wno-four-char-constants -Wno-conversion -Wno-constant-conversion -Wno-int-conversion -Wno-bool-conversion -Wno-enum-conversion -Wno-float-conversion -Wno-non-literal-null-conversion -Wno-objc-literal-conversion -Wshorten-64-to-32 -Wpointer-sign -Wno-newline-eof -Wno-selector -Wno-strict-selector-match -Wno-undeclared-selector -Wno-deprecated-implementations -Wno-implicit-fallthrough -fstrict-aliasing -Wprotocol -Wdeprecated-declarations -Wno-sign-conversion -Wno-infinite-recursion -Wno-comma -Wno-block-capture-autoreleasing -Wno-strict-prototypes -Wno-semicolon-before-method-body -index-store-path /Users/fukushimatakumi/Library/Developer/Xcode/DerivedData/SugarBeat-hgoxfxbbugxkfsbmqcjlbmjeaqyg/Index.noindex/DataStore @/Users/fukushimatakumi/Library/Developer/Xcode/DerivedData/SugarBeat-hgoxfxbbugxkfsbmqcjlbmjeaqyg/Build/Intermediates.noindex/AppAuth.build/Debug-iphonesimulator/AppAuth.build/Objects-normal/arm64/e6072d4f65d7061329687fe24e3d63a7-common-args.resp -include /Users/fukushimatakumi/Library/Developer/Xcode/DerivedData/SugarBeat-hgoxfxbbugxkfsbmqcjlbmjeaqyg/Build/Intermediates.noindex/AppAuth.build/Debug-iphonesimulator/AppAuth.build/DerivedSources/resource_bundle_accessor.h -MMD -MT dependencies -MF /Users/fukushimatakumi/Library/Developer/Xcode/DerivedData/SugarBeat-hgoxfxbbugxkfsbmqcjlbmjeaqyg/Build/Intermediates.noindex/AppAuth.build/Debug-iphonesimulator/AppAuth.build/Objects-normal/arm64/OIDExternalUserAgentIOSCustomBrowser.d --serialize-diagnostics /Users/fukushimatakumi/Library/Developer/Xcode/DerivedData/SugarBeat-hgoxfxbbugxkfsbmqcjlbmjeaqyg/Build/Intermediates.noindex/AppAuth.build/Debug-iphonesimulator/AppAuth.build/Objects-normal/arm64/OIDExternalUserAgentIOSCustomBrowser.dia -c /Users/fukushimatakumi/Library/Developer/Xcode/DerivedData/SugarBeat-hgoxfxbbugxkfsbmqcjlbmjeaqyg/SourcePackages/checkouts/AppAuth-iOS/Sources/AppAuth/iOS/OIDExternalUserAgentIOSCustomBrowser.m -o /Users/fukushimatakumi/Library/Developer/Xcode/DerivedData/SugarBeat-hgoxfxbbugxkfsbmqcjlbmjeaqyg/Build/Intermediates.noindex/AppAuth.build/Debug-iphonesimulator/AppAuth.build/Objects-normal/arm64/OIDExternalUserAgentIOSCustomBrowser.o -index-unit-output-path /AppAuth.build/Debug-iphonesimulator/AppAuth.build/Objects-normal/arm64/OIDExternalUserAgentIOSCustomBrowser.o

CompileC /Users/fukushimatakumi/Library/Developer/Xcode/DerivedData/SugarBeat-hgoxfxbbugxkfsbmqcjlbmjeaqyg/Build/Intermediates.noindex/AppAuth.build/Debug-iphonesimulator/AppAuth.build/Objects-normal/arm64/OIDLoopbackHTTPServer.o /Users/fukushimatakumi/Library/Developer/Xcode/DerivedData/SugarBeat-hgoxfxbbugxkfsbmqcjlbmjeaqyg/SourcePackages/checkouts/AppAuth-iOS/Sources/AppAuth/macOS/LoopbackHTTPServer/OIDLoopbackHTTPServer.m normal arm64 objective-c com.apple.compilers.llvm.clang.1_0.compiler (in target 'AppAuth' from project 'AppAuth')
    cd /Users/fukushimatakumi/develop/sugarbeat/sugarbeat-front
    
    Using response file: /Users/fukushimatakumi/Library/Developer/Xcode/DerivedData/SugarBeat-hgoxfxbbugxkfsbmqcjlbmjeaqyg/Build/Intermediates.noindex/AppAuth.build/Debug-iphonesimulator/AppAuth.build/Objects-normal/arm64/e6072d4f65d7061329687fe24e3d63a7-common-args.resp
    
    /Applications/Xcode.app/Contents/Developer/Toolchains/XcodeDefault.xctoolchain/usr/bin/clang -x objective-c -ivfsstatcache /Users/fukushimatakumi/Library/Developer/Xcode/DerivedData/SDKStatCaches.noindex/iphonesimulator18.4-22E235-71825a6d136aa4733edcbe86ece5525b.sdkstatcache -fmessage-length\=0 -fdiagnostics-show-note-include-stack -fmacro-backtrace-limit\=0 -fno-color-diagnostics -fmodules-prune-interval\=86400 -fmodules-prune-after\=345600 -fbuild-session-file\=/Users/fukushimatakumi/Library/Developer/Xcode/DerivedData/ModuleCache.noindex/Session.modulevalidation -fmodules-validate-once-per-build-session -Wnon-modular-include-in-framework-module -Werror\=non-modular-include-in-framework-module -Wno-trigraphs -Wno-missing-field-initializers -Wno-missing-prototypes -Wno-return-type -Wno-implicit-atomic-properties -Wno-objc-interface-ivars -Wno-arc-repeated-use-of-weak -Wno-missing-braces -Wparentheses -Wswitch -Wno-unused-function -Wno-unused-label -Wno-unused-parameter -Wno-unused-variable -Wunused-value -Wno-empty-body -Wno-uninitialized -Wno-unknown-pragmas -w -Wno-shadow -Wno-four-char-constants -Wno-conversion -Wno-constant-conversion -Wno-int-conversion -Wno-bool-conversion -Wno-enum-conversion -Wno-float-conversion -Wno-non-literal-null-conversion -Wno-objc-literal-conversion -Wshorten-64-to-32 -Wpointer-sign -Wno-newline-eof -Wno-selector -Wno-strict-selector-match -Wno-undeclared-selector -Wno-deprecated-implementations -Wno-implicit-fallthrough -fstrict-aliasing -Wprotocol -Wdeprecated-declarations -Wno-sign-conversion -Wno-infinite-recursion -Wno-comma -Wno-block-capture-autoreleasing -Wno-strict-prototypes -Wno-semicolon-before-method-body -index-store-path /Users/fukushimatakumi/Library/Developer/Xcode/DerivedData/SugarBeat-hgoxfxbbugxkfsbmqcjlbmjeaqyg/Index.noindex/DataStore @/Users/fukushimatakumi/Library/Developer/Xcode/DerivedData/SugarBeat-hgoxfxbbugxkfsbmqcjlbmjeaqyg/Build/Intermediates.noindex/AppAuth.build/Debug-iphonesimulator/AppAuth.build/Objects-normal/arm64/e6072d4f65d7061329687fe24e3d63a7-common-args.resp -include /Users/fukushimatakumi/Library/Developer/Xcode/DerivedData/SugarBeat-hgoxfxbbugxkfsbmqcjlbmjeaqyg/Build/Intermediates.noindex/AppAuth.build/Debug-iphonesimulator/AppAuth.build/DerivedSources/resource_bundle_accessor.h -MMD -MT dependencies -MF /Users/fukushimatakumi/Library/Developer/Xcode/DerivedData/SugarBeat-hgoxfxbbugxkfsbmqcjlbmjeaqyg/Build/Intermediates.noindex/AppAuth.build/Debug-iphonesimulator/AppAuth.build/Objects-normal/arm64/OIDLoopbackHTTPServer.d --serialize-diagnostics /Users/fukushimatakumi/Library/Developer/Xcode/DerivedData/SugarBeat-hgoxfxbbugxkfsbmqcjlbmjeaqyg/Build/Intermediates.noindex/AppAuth.build/Debug-iphonesimulator/AppAuth.build/Objects-normal/arm64/OIDLoopbackHTTPServer.dia -c /Users/fukushimatakumi/Library/Developer/Xcode/DerivedData/SugarBeat-hgoxfxbbugxkfsbmqcjlbmjeaqyg/SourcePackages/checkouts/AppAuth-iOS/Sources/AppAuth/macOS/LoopbackHTTPServer/OIDLoopbackHTTPServer.m -o /Users/fukushimatakumi/Library/Developer/Xcode/DerivedData/SugarBeat-hgoxfxbbugxkfsbmqcjlbmjeaqyg/Build/Intermediates.noindex/AppAuth.build/Debug-iphonesimulator/AppAuth.build/Objects-normal/arm64/OIDLoopbackHTTPServer.o -index-unit-output-path /AppAuth.build/Debug-iphonesimulator/AppAuth.build/Objects-normal/arm64/OIDLoopbackHTTPServer.o

CompileC /Users/fukushimatakumi/Library/Developer/Xcode/DerivedData/SugarBeat-hgoxfxbbugxkfsbmqcjlbmjeaqyg/Build/Intermediates.noindex/AppAuth.build/Debug-iphonesimulator/AppAuth.build/Objects-normal/arm64/OIDExternalUserAgentMac.o /Users/fukushimatakumi/Library/Developer/Xcode/DerivedData/SugarBeat-hgoxfxbbugxkfsbmqcjlbmjeaqyg/SourcePackages/checkouts/AppAuth-iOS/Sources/AppAuth/macOS/OIDExternalUserAgentMac.m normal arm64 objective-c com.apple.compilers.llvm.clang.1_0.compiler (in target 'AppAuth' from project 'AppAuth')
    cd /Users/fukushimatakumi/develop/sugarbeat/sugarbeat-front
    
    Using response file: /Users/fukushimatakumi/Library/Developer/Xcode/DerivedData/SugarBeat-hgoxfxbbugxkfsbmqcjlbmjeaqyg/Build/Intermediates.noindex/AppAuth.build/Debug-iphonesimulator/AppAuth.build/Objects-normal/arm64/e6072d4f65d7061329687fe24e3d63a7-common-args.resp
    
    /Applications/Xcode.app/Contents/Developer/Toolchains/XcodeDefault.xctoolchain/usr/bin/clang -x objective-c -ivfsstatcache /Users/fukushimatakumi/Library/Developer/Xcode/DerivedData/SDKStatCaches.noindex/iphonesimulator18.4-22E235-71825a6d136aa4733edcbe86ece5525b.sdkstatcache -fmessage-length\=0 -fdiagnostics-show-note-include-stack -fmacro-backtrace-limit\=0 -fno-color-diagnostics -fmodules-prune-interval\=86400 -fmodules-prune-after\=345600 -fbuild-session-file\=/Users/fukushimatakumi/Library/Developer/Xcode/DerivedData/ModuleCache.noindex/Session.modulevalidation -fmodules-validate-once-per-build-session -Wnon-modular-include-in-framework-module -Werror\=non-modular-include-in-framework-module -Wno-trigraphs -Wno-missing-field-initializers -Wno-missing-prototypes -Wno-return-type -Wno-implicit-atomic-properties -Wno-objc-interface-ivars -Wno-arc-repeated-use-of-weak -Wno-missing-braces -Wparentheses -Wswitch -Wno-unused-function -Wno-unused-label -Wno-unused-parameter -Wno-unused-variable -Wunused-value -Wno-empty-body -Wno-uninitialized -Wno-unknown-pragmas -w -Wno-shadow -Wno-four-char-constants -Wno-conversion -Wno-constant-conversion -Wno-int-conversion -Wno-bool-conversion -Wno-enum-conversion -Wno-float-conversion -Wno-non-literal-null-conversion -Wno-objc-literal-conversion -Wshorten-64-to-32 -Wpointer-sign -Wno-newline-eof -Wno-selector -Wno-strict-selector-match -Wno-undeclared-selector -Wno-deprecated-implementations -Wno-implicit-fallthrough -fstrict-aliasing -Wprotocol -Wdeprecated-declarations -Wno-sign-conversion -Wno-infinite-recursion -Wno-comma -Wno-block-capture-autoreleasing -Wno-strict-prototypes -Wno-semicolon-before-method-body -index-store-path /Users/fukushimatakumi/Library/Developer/Xcode/DerivedData/SugarBeat-hgoxfxbbugxkfsbmqcjlbmjeaqyg/Index.noindex/DataStore @/Users/fukushimatakumi/Library/Developer/Xcode/DerivedData/SugarBeat-hgoxfxbbugxkfsbmqcjlbmjeaqyg/Build/Intermediates.noindex/AppAuth.build/Debug-iphonesimulator/AppAuth.build/Objects-normal/arm64/e6072d4f65d7061329687fe24e3d63a7-common-args.resp -include /Users/fukushimatakumi/Library/Developer/Xcode/DerivedData/SugarBeat-hgoxfxbbugxkfsbmqcjlbmjeaqyg/Build/Intermediates.noindex/AppAuth.build/Debug-iphonesimulator/AppAuth.build/DerivedSources/resource_bundle_accessor.h -MMD -MT dependencies -MF /Users/fukushimatakumi/Library/Developer/Xcode/DerivedData/SugarBeat-hgoxfxbbugxkfsbmqcjlbmjeaqyg/Build/Intermediates.noindex/AppAuth.build/Debug-iphonesimulator/AppAuth.build/Objects-normal/arm64/OIDExternalUserAgentMac.d --serialize-diagnostics /Users/fukushimatakumi/Library/Developer/Xcode/DerivedData/SugarBeat-hgoxfxbbugxkfsbmqcjlbmjeaqyg/Build/Intermediates.noindex/AppAuth.build/Debug-iphonesimulator/AppAuth.build/Objects-normal/arm64/OIDExternalUserAgentMac.dia -c /Users/fukushimatakumi/Library/Developer/Xcode/DerivedData/SugarBeat-hgoxfxbbugxkfsbmqcjlbmjeaqyg/SourcePackages/checkouts/AppAuth-iOS/Sources/AppAuth/macOS/OIDExternalUserAgentMac.m -o /Users/fukushimatakumi/Library/Developer/Xcode/DerivedData/SugarBeat-hgoxfxbbugxkfsbmqcjlbmjeaqyg/Build/Intermediates.noindex/AppAuth.build/Debug-iphonesimulator/AppAuth.build/Objects-normal/arm64/OIDExternalUserAgentMac.o -index-unit-output-path /AppAuth.build/Debug-iphonesimulator/AppAuth.build/Objects-normal/arm64/OIDExternalUserAgentMac.o

SwiftDriverJobDiscovery normal arm64 Compiling _ObjC_HeartbeatsPayload.swift (in target 'FirebaseCoreInternal' from project 'Firebase')

ScanDependencies /Users/fukushimatakumi/Library/Developer/Xcode/DerivedData/SugarBeat-hgoxfxbbugxkfsbmqcjlbmjeaqyg/Build/Intermediates.noindex/AppAuth.build/Debug-iphonesimulator/AppAuth.build/Objects-normal/arm64/OIDExternalUserAgentIOS.o /Users/fukushimatakumi/Library/Developer/Xcode/DerivedData/SugarBeat-hgoxfxbbugxkfsbmqcjlbmjeaqyg/SourcePackages/checkouts/AppAuth-iOS/Sources/AppAuth/iOS/OIDExternalUserAgentIOS.m normal arm64 objective-c com.apple.compilers.llvm.clang.1_0.compiler (in target 'AppAuth' from project 'AppAuth')
    cd /Users/fukushimatakumi/develop/sugarbeat/sugarbeat-front
    
    Using response file: /Users/fukushimatakumi/Library/Developer/Xcode/DerivedData/SugarBeat-hgoxfxbbugxkfsbmqcjlbmjeaqyg/Build/Intermediates.noindex/AppAuth.build/Debug-iphonesimulator/AppAuth.build/Objects-normal/arm64/e6072d4f65d7061329687fe24e3d63a7-common-args.resp
    
    builtin-ScanDependencies -o /Users/fukushimatakumi/Library/Developer/Xcode/DerivedData/SugarBeat-hgoxfxbbugxkfsbmqcjlbmjeaqyg/Build/Intermediates.noindex/AppAuth.build/Debug-iphonesimulator/AppAuth.build/Objects-normal/arm64/OIDExternalUserAgentIOS.o.scan -- /Applications/Xcode.app/Contents/Developer/Toolchains/XcodeDefault.xctoolchain/usr/bin/clang -x objective-c -ivfsstatcache /Users/fukushimatakumi/Library/Developer/Xcode/DerivedData/SDKStatCaches.noindex/iphonesimulator18.4-22E235-71825a6d136aa4733edcbe86ece5525b.sdkstatcache -fmessage-length\=0 -fdiagnostics-show-note-include-stack -fmacro-backtrace-limit\=0 -fno-color-diagnostics -fmodules-prune-interval\=86400 -fmodules-prune-after\=345600 -fbuild-session-file\=/Users/fukushimatakumi/Library/Developer/Xcode/DerivedData/ModuleCache.noindex/Session.modulevalidation -fmodules-validate-once-per-build-session -Wnon-modular-include-in-framework-module -Werror\=non-modular-include-in-framework-module -Wno-trigraphs -Wno-missing-field-initializers -Wno-missing-prototypes -Wno-return-type -Wno-implicit-atomic-properties -Wno-objc-interface-ivars -Wno-arc-repeated-use-of-weak -Wno-missing-braces -Wparentheses -Wswitch -Wno-unused-function -Wno-unused-label -Wno-unused-parameter -Wno-unused-variable -Wunused-value -Wno-empty-body -Wno-uninitialized -Wno-unknown-pragmas -w -Wno-shadow -Wno-four-char-constants -Wno-conversion -Wno-constant-conversion -Wno-int-conversion -Wno-bool-conversion -Wno-enum-conversion -Wno-float-conversion -Wno-non-literal-null-conversion -Wno-objc-literal-conversion -Wshorten-64-to-32 -Wpointer-sign -Wno-newline-eof -Wno-selector -Wno-strict-selector-match -Wno-undeclared-selector -Wno-deprecated-implementations -Wno-implicit-fallthrough -fstrict-aliasing -Wprotocol -Wdeprecated-declarations -Wno-sign-conversion -Wno-infinite-recursion -Wno-comma -Wno-block-capture-autoreleasing -Wno-strict-prototypes -Wno-semicolon-before-method-body -index-store-path /Users/fukushimatakumi/Library/Developer/Xcode/DerivedData/SugarBeat-hgoxfxbbugxkfsbmqcjlbmjeaqyg/Index.noindex/DataStore @/Users/fukushimatakumi/Library/Developer/Xcode/DerivedData/SugarBeat-hgoxfxbbugxkfsbmqcjlbmjeaqyg/Build/Intermediates.noindex/AppAuth.build/Debug-iphonesimulator/AppAuth.build/Objects-normal/arm64/e6072d4f65d7061329687fe24e3d63a7-common-args.resp -include /Users/fukushimatakumi/Library/Developer/Xcode/DerivedData/SugarBeat-hgoxfxbbugxkfsbmqcjlbmjeaqyg/Build/Intermediates.noindex/AppAuth.build/Debug-iphonesimulator/AppAuth.build/DerivedSources/resource_bundle_accessor.h -MMD -MT dependencies -MF /Users/fukushimatakumi/Library/Developer/Xcode/DerivedData/SugarBeat-hgoxfxbbugxkfsbmqcjlbmjeaqyg/Build/Intermediates.noindex/AppAuth.build/Debug-iphonesimulator/AppAuth.build/Objects-normal/arm64/OIDExternalUserAgentIOS.d --serialize-diagnostics /Users/fukushimatakumi/Library/Developer/Xcode/DerivedData/SugarBeat-hgoxfxbbugxkfsbmqcjlbmjeaqyg/Build/Intermediates.noindex/AppAuth.build/Debug-iphonesimulator/AppAuth.build/Objects-normal/arm64/OIDExternalUserAgentIOS.dia -c /Users/fukushimatakumi/Library/Developer/Xcode/DerivedData/SugarBeat-hgoxfxbbugxkfsbmqcjlbmjeaqyg/SourcePackages/checkouts/AppAuth-iOS/Sources/AppAuth/iOS/OIDExternalUserAgentIOS.m -o /Users/fukushimatakumi/Library/Developer/Xcode/DerivedData/SugarBeat-hgoxfxbbugxkfsbmqcjlbmjeaqyg/Build/Intermediates.noindex/AppAuth.build/Debug-iphonesimulator/AppAuth.build/Objects-normal/arm64/OIDExternalUserAgentIOS.o -index-unit-output-path /AppAuth.build/Debug-iphonesimulator/AppAuth.build/Objects-normal/arm64/OIDExternalUserAgentIOS.o

SwiftDriverJobDiscovery normal arm64 Compiling Storage.swift (in target 'FirebaseCoreInternal' from project 'Firebase')

ScanDependencies /Users/fukushimatakumi/Library/Developer/Xcode/DerivedData/SugarBeat-hgoxfxbbugxkfsbmqcjlbmjeaqyg/Build/Intermediates.noindex/AppAuth.build/Debug-iphonesimulator/AppAuth.build/Objects-normal/arm64/OIDExternalUserAgentCatalyst.o /Users/fukushimatakumi/Library/Developer/Xcode/DerivedData/SugarBeat-hgoxfxbbugxkfsbmqcjlbmjeaqyg/SourcePackages/checkouts/AppAuth-iOS/Sources/AppAuth/iOS/OIDExternalUserAgentCatalyst.m normal arm64 objective-c com.apple.compilers.llvm.clang.1_0.compiler (in target 'AppAuth' from project 'AppAuth')
    cd /Users/fukushimatakumi/develop/sugarbeat/sugarbeat-front
    
    Using response file: /Users/fukushimatakumi/Library/Developer/Xcode/DerivedData/SugarBeat-hgoxfxbbugxkfsbmqcjlbmjeaqyg/Build/Intermediates.noindex/AppAuth.build/Debug-iphonesimulator/AppAuth.build/Objects-normal/arm64/e6072d4f65d7061329687fe24e3d63a7-common-args.resp
    
    builtin-ScanDependencies -o /Users/fukushimatakumi/Library/Developer/Xcode/DerivedData/SugarBeat-hgoxfxbbugxkfsbmqcjlbmjeaqyg/Build/Intermediates.noindex/AppAuth.build/Debug-iphonesimulator/AppAuth.build/Objects-normal/arm64/OIDExternalUserAgentCatalyst.o.scan -- /Applications/Xcode.app/Contents/Developer/Toolchains/XcodeDefault.xctoolchain/usr/bin/clang -x objective-c -ivfsstatcache /Users/fukushimatakumi/Library/Developer/Xcode/DerivedData/SDKStatCaches.noindex/iphonesimulator18.4-22E235-71825a6d136aa4733edcbe86ece5525b.sdkstatcache -fmessage-length\=0 -fdiagnostics-show-note-include-stack -fmacro-backtrace-limit\=0 -fno-color-diagnostics -fmodules-prune-interval\=86400 -fmodules-prune-after\=345600 -fbuild-session-file\=/Users/fukushimatakumi/Library/Developer/Xcode/DerivedData/ModuleCache.noindex/Session.modulevalidation -fmodules-validate-once-per-build-session -Wnon-modular-include-in-framework-module -Werror\=non-modular-include-in-framework-module -Wno-trigraphs -Wno-missing-field-initializers -Wno-missing-prototypes -Wno-return-type -Wno-implicit-atomic-properties -Wno-objc-interface-ivars -Wno-arc-repeated-use-of-weak -Wno-missing-braces -Wparentheses -Wswitch -Wno-unused-function -Wno-unused-label -Wno-unused-parameter -Wno-unused-variable -Wunused-value -Wno-empty-body -Wno-uninitialized -Wno-unknown-pragmas -w -Wno-shadow -Wno-four-char-constants -Wno-conversion -Wno-constant-conversion -Wno-int-conversion -Wno-bool-conversion -Wno-enum-conversion -Wno-float-conversion -Wno-non-literal-null-conversion -Wno-objc-literal-conversion -Wshorten-64-to-32 -Wpointer-sign -Wno-newline-eof -Wno-selector -Wno-strict-selector-match -Wno-undeclared-selector -Wno-deprecated-implementations -Wno-implicit-fallthrough -fstrict-aliasing -Wprotocol -Wdeprecated-declarations -Wno-sign-conversion -Wno-infinite-recursion -Wno-comma -Wno-block-capture-autoreleasing -Wno-strict-prototypes -Wno-semicolon-before-method-body -index-store-path /Users/fukushimatakumi/Library/Developer/Xcode/DerivedData/SugarBeat-hgoxfxbbugxkfsbmqcjlbmjeaqyg/Index.noindex/DataStore @/Users/fukushimatakumi/Library/Developer/Xcode/DerivedData/SugarBeat-hgoxfxbbugxkfsbmqcjlbmjeaqyg/Build/Intermediates.noindex/AppAuth.build/Debug-iphonesimulator/AppAuth.build/Objects-normal/arm64/e6072d4f65d7061329687fe24e3d63a7-common-args.resp -include /Users/fukushimatakumi/Library/Developer/Xcode/DerivedData/SugarBeat-hgoxfxbbugxkfsbmqcjlbmjeaqyg/Build/Intermediates.noindex/AppAuth.build/Debug-iphonesimulator/AppAuth.build/DerivedSources/resource_bundle_accessor.h -MMD -MT dependencies -MF /Users/fukushimatakumi/Library/Developer/Xcode/DerivedData/SugarBeat-hgoxfxbbugxkfsbmqcjlbmjeaqyg/Build/Intermediates.noindex/AppAuth.build/Debug-iphonesimulator/AppAuth.build/Objects-normal/arm64/OIDExternalUserAgentCatalyst.d --serialize-diagnostics /Users/fukushimatakumi/Library/Developer/Xcode/DerivedData/SugarBeat-hgoxfxbbugxkfsbmqcjlbmjeaqyg/Build/Intermediates.noindex/AppAuth.build/Debug-iphonesimulator/AppAuth.build/Objects-normal/arm64/OIDExternalUserAgentCatalyst.dia -c /Users/fukushimatakumi/Library/Developer/Xcode/DerivedData/SugarBeat-hgoxfxbbugxkfsbmqcjlbmjeaqyg/SourcePackages/checkouts/AppAuth-iOS/Sources/AppAuth/iOS/OIDExternalUserAgentCatalyst.m -o /Users/fukushimatakumi/Library/Developer/Xcode/DerivedData/SugarBeat-hgoxfxbbugxkfsbmqcjlbmjeaqyg/Build/Intermediates.noindex/AppAuth.build/Debug-iphonesimulator/AppAuth.build/Objects-normal/arm64/OIDExternalUserAgentCatalyst.o -index-unit-output-path /AppAuth.build/Debug-iphonesimulator/AppAuth.build/Objects-normal/arm64/OIDExternalUserAgentCatalyst.o

ScanDependencies /Users/fukushimatakumi/Library/Developer/Xcode/DerivedData/SugarBeat-hgoxfxbbugxkfsbmqcjlbmjeaqyg/Build/Intermediates.noindex/AppAuth.build/Debug-iphonesimulator/AppAuth.build/Objects-normal/arm64/OIDAuthorizationService+Mac.o /Users/fukushimatakumi/Library/Developer/Xcode/DerivedData/SugarBeat-hgoxfxbbugxkfsbmqcjlbmjeaqyg/SourcePackages/checkouts/AppAuth-iOS/Sources/AppAuth/macOS/OIDAuthorizationService+Mac.m normal arm64 objective-c com.apple.compilers.llvm.clang.1_0.compiler (in target 'AppAuth' from project 'AppAuth')
    cd /Users/fukushimatakumi/develop/sugarbeat/sugarbeat-front
    
    Using response file: /Users/fukushimatakumi/Library/Developer/Xcode/DerivedData/SugarBeat-hgoxfxbbugxkfsbmqcjlbmjeaqyg/Build/Intermediates.noindex/AppAuth.build/Debug-iphonesimulator/AppAuth.build/Objects-normal/arm64/e6072d4f65d7061329687fe24e3d63a7-common-args.resp
    
    builtin-ScanDependencies -o /Users/fukushimatakumi/Library/Developer/Xcode/DerivedData/SugarBeat-hgoxfxbbugxkfsbmqcjlbmjeaqyg/Build/Intermediates.noindex/AppAuth.build/Debug-iphonesimulator/AppAuth.build/Objects-normal/arm64/OIDAuthorizationService+Mac.o.scan -- /Applications/Xcode.app/Contents/Developer/Toolchains/XcodeDefault.xctoolchain/usr/bin/clang -x objective-c -ivfsstatcache /Users/fukushimatakumi/Library/Developer/Xcode/DerivedData/SDKStatCaches.noindex/iphonesimulator18.4-22E235-71825a6d136aa4733edcbe86ece5525b.sdkstatcache -fmessage-length\=0 -fdiagnostics-show-note-include-stack -fmacro-backtrace-limit\=0 -fno-color-diagnostics -fmodules-prune-interval\=86400 -fmodules-prune-after\=345600 -fbuild-session-file\=/Users/fukushimatakumi/Library/Developer/Xcode/DerivedData/ModuleCache.noindex/Session.modulevalidation -fmodules-validate-once-per-build-session -Wnon-modular-include-in-framework-module -Werror\=non-modular-include-in-framework-module -Wno-trigraphs -Wno-missing-field-initializers -Wno-missing-prototypes -Wno-return-type -Wno-implicit-atomic-properties -Wno-objc-interface-ivars -Wno-arc-repeated-use-of-weak -Wno-missing-braces -Wparentheses -Wswitch -Wno-unused-function -Wno-unused-label -Wno-unused-parameter -Wno-unused-variable -Wunused-value -Wno-empty-body -Wno-uninitialized -Wno-unknown-pragmas -w -Wno-shadow -Wno-four-char-constants -Wno-conversion -Wno-constant-conversion -Wno-int-conversion -Wno-bool-conversion -Wno-enum-conversion -Wno-float-conversion -Wno-non-literal-null-conversion -Wno-objc-literal-conversion -Wshorten-64-to-32 -Wpointer-sign -Wno-newline-eof -Wno-selector -Wno-strict-selector-match -Wno-undeclared-selector -Wno-deprecated-implementations -Wno-implicit-fallthrough -fstrict-aliasing -Wprotocol -Wdeprecated-declarations -Wno-sign-conversion -Wno-infinite-recursion -Wno-comma -Wno-block-capture-autoreleasing -Wno-strict-prototypes -Wno-semicolon-before-method-body -index-store-path /Users/fukushimatakumi/Library/Developer/Xcode/DerivedData/SugarBeat-hgoxfxbbugxkfsbmqcjlbmjeaqyg/Index.noindex/DataStore @/Users/fukushimatakumi/Library/Developer/Xcode/DerivedData/SugarBeat-hgoxfxbbugxkfsbmqcjlbmjeaqyg/Build/Intermediates.noindex/AppAuth.build/Debug-iphonesimulator/AppAuth.build/Objects-normal/arm64/e6072d4f65d7061329687fe24e3d63a7-common-args.resp -include /Users/fukushimatakumi/Library/Developer/Xcode/DerivedData/SugarBeat-hgoxfxbbugxkfsbmqcjlbmjeaqyg/Build/Intermediates.noindex/AppAuth.build/Debug-iphonesimulator/AppAuth.build/DerivedSources/resource_bundle_accessor.h -MMD -MT dependencies -MF /Users/fukushimatakumi/Library/Developer/Xcode/DerivedData/SugarBeat-hgoxfxbbugxkfsbmqcjlbmjeaqyg/Build/Intermediates.noindex/AppAuth.build/Debug-iphonesimulator/AppAuth.build/Objects-normal/arm64/OIDAuthorizationService+Mac.d --serialize-diagnostics /Users/fukushimatakumi/Library/Developer/Xcode/DerivedData/SugarBeat-hgoxfxbbugxkfsbmqcjlbmjeaqyg/Build/Intermediates.noindex/AppAuth.build/Debug-iphonesimulator/AppAuth.build/Objects-normal/arm64/OIDAuthorizationService+Mac.dia -c /Users/fukushimatakumi/Library/Developer/Xcode/DerivedData/SugarBeat-hgoxfxbbugxkfsbmqcjlbmjeaqyg/SourcePackages/checkouts/AppAuth-iOS/Sources/AppAuth/macOS/OIDAuthorizationService+Mac.m -o /Users/fukushimatakumi/Library/Developer/Xcode/DerivedData/SugarBeat-hgoxfxbbugxkfsbmqcjlbmjeaqyg/Build/Intermediates.noindex/AppAuth.build/Debug-iphonesimulator/AppAuth.build/Objects-normal/arm64/OIDAuthorizationService+Mac.o -index-unit-output-path /AppAuth.build/Debug-iphonesimulator/AppAuth.build/Objects-normal/arm64/OIDAuthorizationService+Mac.o

ScanDependencies /Users/fukushimatakumi/Library/Developer/Xcode/DerivedData/SugarBeat-hgoxfxbbugxkfsbmqcjlbmjeaqyg/Build/Intermediates.noindex/AppAuth.build/Debug-iphonesimulator/AppAuth.build/Objects-normal/arm64/OIDAuthorizationService+IOS.o /Users/fukushimatakumi/Library/Developer/Xcode/DerivedData/SugarBeat-hgoxfxbbugxkfsbmqcjlbmjeaqyg/SourcePackages/checkouts/AppAuth-iOS/Sources/AppAuth/iOS/OIDAuthorizationService+IOS.m normal arm64 objective-c com.apple.compilers.llvm.clang.1_0.compiler (in target 'AppAuth' from project 'AppAuth')
    cd /Users/fukushimatakumi/develop/sugarbeat/sugarbeat-front
    
    Using response file: /Users/fukushimatakumi/Library/Developer/Xcode/DerivedData/SugarBeat-hgoxfxbbugxkfsbmqcjlbmjeaqyg/Build/Intermediates.noindex/AppAuth.build/Debug-iphonesimulator/AppAuth.build/Objects-normal/arm64/e6072d4f65d7061329687fe24e3d63a7-common-args.resp
    
    builtin-ScanDependencies -o /Users/fukushimatakumi/Library/Developer/Xcode/DerivedData/SugarBeat-hgoxfxbbugxkfsbmqcjlbmjeaqyg/Build/Intermediates.noindex/AppAuth.build/Debug-iphonesimulator/AppAuth.build/Objects-normal/arm64/OIDAuthorizationService+IOS.o.scan -- /Applications/Xcode.app/Contents/Developer/Toolchains/XcodeDefault.xctoolchain/usr/bin/clang -x objective-c -ivfsstatcache /Users/fukushimatakumi/Library/Developer/Xcode/DerivedData/SDKStatCaches.noindex/iphonesimulator18.4-22E235-71825a6d136aa4733edcbe86ece5525b.sdkstatcache -fmessage-length\=0 -fdiagnostics-show-note-include-stack -fmacro-backtrace-limit\=0 -fno-color-diagnostics -fmodules-prune-interval\=86400 -fmodules-prune-after\=345600 -fbuild-session-file\=/Users/fukushimatakumi/Library/Developer/Xcode/DerivedData/ModuleCache.noindex/Session.modulevalidation -fmodules-validate-once-per-build-session -Wnon-modular-include-in-framework-module -Werror\=non-modular-include-in-framework-module -Wno-trigraphs -Wno-missing-field-initializers -Wno-missing-prototypes -Wno-return-type -Wno-implicit-atomic-properties -Wno-objc-interface-ivars -Wno-arc-repeated-use-of-weak -Wno-missing-braces -Wparentheses -Wswitch -Wno-unused-function -Wno-unused-label -Wno-unused-parameter -Wno-unused-variable -Wunused-value -Wno-empty-body -Wno-uninitialized -Wno-unknown-pragmas -w -Wno-shadow -Wno-four-char-constants -Wno-conversion -Wno-constant-conversion -Wno-int-conversion -Wno-bool-conversion -Wno-enum-conversion -Wno-float-conversion -Wno-non-literal-null-conversion -Wno-objc-literal-conversion -Wshorten-64-to-32 -Wpointer-sign -Wno-newline-eof -Wno-selector -Wno-strict-selector-match -Wno-undeclared-selector -Wno-deprecated-implementations -Wno-implicit-fallthrough -fstrict-aliasing -Wprotocol -Wdeprecated-declarations -Wno-sign-conversion -Wno-infinite-recursion -Wno-comma -Wno-block-capture-autoreleasing -Wno-strict-prototypes -Wno-semicolon-before-method-body -index-store-path /Users/fukushimatakumi/Library/Developer/Xcode/DerivedData/SugarBeat-hgoxfxbbugxkfsbmqcjlbmjeaqyg/Index.noindex/DataStore @/Users/fukushimatakumi/Library/Developer/Xcode/DerivedData/SugarBeat-hgoxfxbbugxkfsbmqcjlbmjeaqyg/Build/Intermediates.noindex/AppAuth.build/Debug-iphonesimulator/AppAuth.build/Objects-normal/arm64/e6072d4f65d7061329687fe24e3d63a7-common-args.resp -include /Users/fukushimatakumi/Library/Developer/Xcode/DerivedData/SugarBeat-hgoxfxbbugxkfsbmqcjlbmjeaqyg/Build/Intermediates.noindex/AppAuth.build/Debug-iphonesimulator/AppAuth.build/DerivedSources/resource_bundle_accessor.h -MMD -MT dependencies -MF /Users/fukushimatakumi/Library/Developer/Xcode/DerivedData/SugarBeat-hgoxfxbbugxkfsbmqcjlbmjeaqyg/Build/Intermediates.noindex/AppAuth.build/Debug-iphonesimulator/AppAuth.build/Objects-normal/arm64/OIDAuthorizationService+IOS.d --serialize-diagnostics /Users/fukushimatakumi/Library/Developer/Xcode/DerivedData/SugarBeat-hgoxfxbbugxkfsbmqcjlbmjeaqyg/Build/Intermediates.noindex/AppAuth.build/Debug-iphonesimulator/AppAuth.build/Objects-normal/arm64/OIDAuthorizationService+IOS.dia -c /Users/fukushimatakumi/Library/Developer/Xcode/DerivedData/SugarBeat-hgoxfxbbugxkfsbmqcjlbmjeaqyg/SourcePackages/checkouts/AppAuth-iOS/Sources/AppAuth/iOS/OIDAuthorizationService+IOS.m -o /Users/fukushimatakumi/Library/Developer/Xcode/DerivedData/SugarBeat-hgoxfxbbugxkfsbmqcjlbmjeaqyg/Build/Intermediates.noindex/AppAuth.build/Debug-iphonesimulator/AppAuth.build/Objects-normal/arm64/OIDAuthorizationService+IOS.o -index-unit-output-path /AppAuth.build/Debug-iphonesimulator/AppAuth.build/Objects-normal/arm64/OIDAuthorizationService+IOS.o

PrecompileModule /Users/fukushimatakumi/Library/Developer/Xcode/DerivedData/SugarBeat-hgoxfxbbugxkfsbmqcjlbmjeaqyg/Build/Intermediates.noindex/ExplicitPrecompiledModules/AppAuthCore-1O3MNMSANASFNDJ58HQUFWMDO.scan
    cd /Users/fukushimatakumi/develop/sugarbeat/sugarbeat-front
    builtin-precompileModule /Users/fukushimatakumi/Library/Developer/Xcode/DerivedData/SugarBeat-hgoxfxbbugxkfsbmqcjlbmjeaqyg/Build/Intermediates.noindex/ExplicitPrecompiledModules/AppAuthCore-1O3MNMSANASFNDJ58HQUFWMDO.scan

CompileC /Users/fukushimatakumi/Library/Developer/Xcode/DerivedData/SugarBeat-hgoxfxbbugxkfsbmqcjlbmjeaqyg/Build/Intermediates.noindex/AppAuth.build/Debug-iphonesimulator/AppAuth.build/Objects-normal/arm64/OIDAuthorizationService+Mac.o /Users/fukushimatakumi/Library/Developer/Xcode/DerivedData/SugarBeat-hgoxfxbbugxkfsbmqcjlbmjeaqyg/SourcePackages/checkouts/AppAuth-iOS/Sources/AppAuth/macOS/OIDAuthorizationService+Mac.m normal arm64 objective-c com.apple.compilers.llvm.clang.1_0.compiler (in target 'AppAuth' from project 'AppAuth')
    cd /Users/fukushimatakumi/develop/sugarbeat/sugarbeat-front
    
    Using response file: /Users/fukushimatakumi/Library/Developer/Xcode/DerivedData/SugarBeat-hgoxfxbbugxkfsbmqcjlbmjeaqyg/Build/Intermediates.noindex/AppAuth.build/Debug-iphonesimulator/AppAuth.build/Objects-normal/arm64/e6072d4f65d7061329687fe24e3d63a7-common-args.resp
    
    /Applications/Xcode.app/Contents/Developer/Toolchains/XcodeDefault.xctoolchain/usr/bin/clang -x objective-c -ivfsstatcache /Users/fukushimatakumi/Library/Developer/Xcode/DerivedData/SDKStatCaches.noindex/iphonesimulator18.4-22E235-71825a6d136aa4733edcbe86ece5525b.sdkstatcache -fmessage-length\=0 -fdiagnostics-show-note-include-stack -fmacro-backtrace-limit\=0 -fno-color-diagnostics -fmodules-prune-interval\=86400 -fmodules-prune-after\=345600 -fbuild-session-file\=/Users/fukushimatakumi/Library/Developer/Xcode/DerivedData/ModuleCache.noindex/Session.modulevalidation -fmodules-validate-once-per-build-session -Wnon-modular-include-in-framework-module -Werror\=non-modular-include-in-framework-module -Wno-trigraphs -Wno-missing-field-initializers -Wno-missing-prototypes -Wno-return-type -Wno-implicit-atomic-properties -Wno-objc-interface-ivars -Wno-arc-repeated-use-of-weak -Wno-missing-braces -Wparentheses -Wswitch -Wno-unused-function -Wno-unused-label -Wno-unused-parameter -Wno-unused-variable -Wunused-value -Wno-empty-body -Wno-uninitialized -Wno-unknown-pragmas -w -Wno-shadow -Wno-four-char-constants -Wno-conversion -Wno-constant-conversion -Wno-int-conversion -Wno-bool-conversion -Wno-enum-conversion -Wno-float-conversion -Wno-non-literal-null-conversion -Wno-objc-literal-conversion -Wshorten-64-to-32 -Wpointer-sign -Wno-newline-eof -Wno-selector -Wno-strict-selector-match -Wno-undeclared-selector -Wno-deprecated-implementations -Wno-implicit-fallthrough -fstrict-aliasing -Wprotocol -Wdeprecated-declarations -Wno-sign-conversion -Wno-infinite-recursion -Wno-comma -Wno-block-capture-autoreleasing -Wno-strict-prototypes -Wno-semicolon-before-method-body -index-store-path /Users/fukushimatakumi/Library/Developer/Xcode/DerivedData/SugarBeat-hgoxfxbbugxkfsbmqcjlbmjeaqyg/Index.noindex/DataStore @/Users/fukushimatakumi/Library/Developer/Xcode/DerivedData/SugarBeat-hgoxfxbbugxkfsbmqcjlbmjeaqyg/Build/Intermediates.noindex/AppAuth.build/Debug-iphonesimulator/AppAuth.build/Objects-normal/arm64/e6072d4f65d7061329687fe24e3d63a7-common-args.resp -include /Users/fukushimatakumi/Library/Developer/Xcode/DerivedData/SugarBeat-hgoxfxbbugxkfsbmqcjlbmjeaqyg/Build/Intermediates.noindex/AppAuth.build/Debug-iphonesimulator/AppAuth.build/DerivedSources/resource_bundle_accessor.h -MMD -MT dependencies -MF /Users/fukushimatakumi/Library/Developer/Xcode/DerivedData/SugarBeat-hgoxfxbbugxkfsbmqcjlbmjeaqyg/Build/Intermediates.noindex/AppAuth.build/Debug-iphonesimulator/AppAuth.build/Objects-normal/arm64/OIDAuthorizationService+Mac.d --serialize-diagnostics /Users/fukushimatakumi/Library/Developer/Xcode/DerivedData/SugarBeat-hgoxfxbbugxkfsbmqcjlbmjeaqyg/Build/Intermediates.noindex/AppAuth.build/Debug-iphonesimulator/AppAuth.build/Objects-normal/arm64/OIDAuthorizationService+Mac.dia -c /Users/fukushimatakumi/Library/Developer/Xcode/DerivedData/SugarBeat-hgoxfxbbugxkfsbmqcjlbmjeaqyg/SourcePackages/checkouts/AppAuth-iOS/Sources/AppAuth/macOS/OIDAuthorizationService+Mac.m -o /Users/fukushimatakumi/Library/Developer/Xcode/DerivedData/SugarBeat-hgoxfxbbugxkfsbmqcjlbmjeaqyg/Build/Intermediates.noindex/AppAuth.build/Debug-iphonesimulator/AppAuth.build/Objects-normal/arm64/OIDAuthorizationService+Mac.o -index-unit-output-path /AppAuth.build/Debug-iphonesimulator/AppAuth.build/Objects-normal/arm64/OIDAuthorizationService+Mac.o

ScanDependencies /Users/fukushimatakumi/Library/Developer/Xcode/DerivedData/SugarBeat-hgoxfxbbugxkfsbmqcjlbmjeaqyg/Build/Intermediates.noindex/AppAuth.build/Debug-iphonesimulator/AppAuth.build/Objects-normal/arm64/OIDAuthState+Mac.o /Users/fukushimatakumi/Library/Developer/Xcode/DerivedData/SugarBeat-hgoxfxbbugxkfsbmqcjlbmjeaqyg/SourcePackages/checkouts/AppAuth-iOS/Sources/AppAuth/macOS/OIDAuthState+Mac.m normal arm64 objective-c com.apple.compilers.llvm.clang.1_0.compiler (in target 'AppAuth' from project 'AppAuth')
    cd /Users/fukushimatakumi/develop/sugarbeat/sugarbeat-front
    
    Using response file: /Users/fukushimatakumi/Library/Developer/Xcode/DerivedData/SugarBeat-hgoxfxbbugxkfsbmqcjlbmjeaqyg/Build/Intermediates.noindex/AppAuth.build/Debug-iphonesimulator/AppAuth.build/Objects-normal/arm64/e6072d4f65d7061329687fe24e3d63a7-common-args.resp
    
    builtin-ScanDependencies -o /Users/fukushimatakumi/Library/Developer/Xcode/DerivedData/SugarBeat-hgoxfxbbugxkfsbmqcjlbmjeaqyg/Build/Intermediates.noindex/AppAuth.build/Debug-iphonesimulator/AppAuth.build/Objects-normal/arm64/OIDAuthState+Mac.o.scan -- /Applications/Xcode.app/Contents/Developer/Toolchains/XcodeDefault.xctoolchain/usr/bin/clang -x objective-c -ivfsstatcache /Users/fukushimatakumi/Library/Developer/Xcode/DerivedData/SDKStatCaches.noindex/iphonesimulator18.4-22E235-71825a6d136aa4733edcbe86ece5525b.sdkstatcache -fmessage-length\=0 -fdiagnostics-show-note-include-stack -fmacro-backtrace-limit\=0 -fno-color-diagnostics -fmodules-prune-interval\=86400 -fmodules-prune-after\=345600 -fbuild-session-file\=/Users/fukushimatakumi/Library/Developer/Xcode/DerivedData/ModuleCache.noindex/Session.modulevalidation -fmodules-validate-once-per-build-session -Wnon-modular-include-in-framework-module -Werror\=non-modular-include-in-framework-module -Wno-trigraphs -Wno-missing-field-initializers -Wno-missing-prototypes -Wno-return-type -Wno-implicit-atomic-properties -Wno-objc-interface-ivars -Wno-arc-repeated-use-of-weak -Wno-missing-braces -Wparentheses -Wswitch -Wno-unused-function -Wno-unused-label -Wno-unused-parameter -Wno-unused-variable -Wunused-value -Wno-empty-body -Wno-uninitialized -Wno-unknown-pragmas -w -Wno-shadow -Wno-four-char-constants -Wno-conversion -Wno-constant-conversion -Wno-int-conversion -Wno-bool-conversion -Wno-enum-conversion -Wno-float-conversion -Wno-non-literal-null-conversion -Wno-objc-literal-conversion -Wshorten-64-to-32 -Wpointer-sign -Wno-newline-eof -Wno-selector -Wno-strict-selector-match -Wno-undeclared-selector -Wno-deprecated-implementations -Wno-implicit-fallthrough -fstrict-aliasing -Wprotocol -Wdeprecated-declarations -Wno-sign-conversion -Wno-infinite-recursion -Wno-comma -Wno-block-capture-autoreleasing -Wno-strict-prototypes -Wno-semicolon-before-method-body -index-store-path /Users/fukushimatakumi/Library/Developer/Xcode/DerivedData/SugarBeat-hgoxfxbbugxkfsbmqcjlbmjeaqyg/Index.noindex/DataStore @/Users/fukushimatakumi/Library/Developer/Xcode/DerivedData/SugarBeat-hgoxfxbbugxkfsbmqcjlbmjeaqyg/Build/Intermediates.noindex/AppAuth.build/Debug-iphonesimulator/AppAuth.build/Objects-normal/arm64/e6072d4f65d7061329687fe24e3d63a7-common-args.resp -include /Users/fukushimatakumi/Library/Developer/Xcode/DerivedData/SugarBeat-hgoxfxbbugxkfsbmqcjlbmjeaqyg/Build/Intermediates.noindex/AppAuth.build/Debug-iphonesimulator/AppAuth.build/DerivedSources/resource_bundle_accessor.h -MMD -MT dependencies -MF /Users/fukushimatakumi/Library/Developer/Xcode/DerivedData/SugarBeat-hgoxfxbbugxkfsbmqcjlbmjeaqyg/Build/Intermediates.noindex/AppAuth.build/Debug-iphonesimulator/AppAuth.build/Objects-normal/arm64/OIDAuthState+Mac.d --serialize-diagnostics /Users/fukushimatakumi/Library/Developer/Xcode/DerivedData/SugarBeat-hgoxfxbbugxkfsbmqcjlbmjeaqyg/Build/Intermediates.noindex/AppAuth.build/Debug-iphonesimulator/AppAuth.build/Objects-normal/arm64/OIDAuthState+Mac.dia -c /Users/fukushimatakumi/Library/Developer/Xcode/DerivedData/SugarBeat-hgoxfxbbugxkfsbmqcjlbmjeaqyg/SourcePackages/checkouts/AppAuth-iOS/Sources/AppAuth/macOS/OIDAuthState+Mac.m -o /Users/fukushimatakumi/Library/Developer/Xcode/DerivedData/SugarBeat-hgoxfxbbugxkfsbmqcjlbmjeaqyg/Build/Intermediates.noindex/AppAuth.build/Debug-iphonesimulator/AppAuth.build/Objects-normal/arm64/OIDAuthState+Mac.o -index-unit-output-path /AppAuth.build/Debug-iphonesimulator/AppAuth.build/Objects-normal/arm64/OIDAuthState+Mac.o

ScanDependencies /Users/fukushimatakumi/Library/Developer/Xcode/DerivedData/SugarBeat-hgoxfxbbugxkfsbmqcjlbmjeaqyg/Build/Intermediates.noindex/AppAuth.build/Debug-iphonesimulator/AppAuth.build/Objects-normal/arm64/OIDAuthState+IOS.o /Users/fukushimatakumi/Library/Developer/Xcode/DerivedData/SugarBeat-hgoxfxbbugxkfsbmqcjlbmjeaqyg/SourcePackages/checkouts/AppAuth-iOS/Sources/AppAuth/iOS/OIDAuthState+IOS.m normal arm64 objective-c com.apple.compilers.llvm.clang.1_0.compiler (in target 'AppAuth' from project 'AppAuth')
    cd /Users/fukushimatakumi/develop/sugarbeat/sugarbeat-front
    
    Using response file: /Users/fukushimatakumi/Library/Developer/Xcode/DerivedData/SugarBeat-hgoxfxbbugxkfsbmqcjlbmjeaqyg/Build/Intermediates.noindex/AppAuth.build/Debug-iphonesimulator/AppAuth.build/Objects-normal/arm64/e6072d4f65d7061329687fe24e3d63a7-common-args.resp
    
    builtin-ScanDependencies -o /Users/fukushimatakumi/Library/Developer/Xcode/DerivedData/SugarBeat-hgoxfxbbugxkfsbmqcjlbmjeaqyg/Build/Intermediates.noindex/AppAuth.build/Debug-iphonesimulator/AppAuth.build/Objects-normal/arm64/OIDAuthState+IOS.o.scan -- /Applications/Xcode.app/Contents/Developer/Toolchains/XcodeDefault.xctoolchain/usr/bin/clang -x objective-c -ivfsstatcache /Users/fukushimatakumi/Library/Developer/Xcode/DerivedData/SDKStatCaches.noindex/iphonesimulator18.4-22E235-71825a6d136aa4733edcbe86ece5525b.sdkstatcache -fmessage-length\=0 -fdiagnostics-show-note-include-stack -fmacro-backtrace-limit\=0 -fno-color-diagnostics -fmodules-prune-interval\=86400 -fmodules-prune-after\=345600 -fbuild-session-file\=/Users/fukushimatakumi/Library/Developer/Xcode/DerivedData/ModuleCache.noindex/Session.modulevalidation -fmodules-validate-once-per-build-session -Wnon-modular-include-in-framework-module -Werror\=non-modular-include-in-framework-module -Wno-trigraphs -Wno-missing-field-initializers -Wno-missing-prototypes -Wno-return-type -Wno-implicit-atomic-properties -Wno-objc-interface-ivars -Wno-arc-repeated-use-of-weak -Wno-missing-braces -Wparentheses -Wswitch -Wno-unused-function -Wno-unused-label -Wno-unused-parameter -Wno-unused-variable -Wunused-value -Wno-empty-body -Wno-uninitialized -Wno-unknown-pragmas -w -Wno-shadow -Wno-four-char-constants -Wno-conversion -Wno-constant-conversion -Wno-int-conversion -Wno-bool-conversion -Wno-enum-conversion -Wno-float-conversion -Wno-non-literal-null-conversion -Wno-objc-literal-conversion -Wshorten-64-to-32 -Wpointer-sign -Wno-newline-eof -Wno-selector -Wno-strict-selector-match -Wno-undeclared-selector -Wno-deprecated-implementations -Wno-implicit-fallthrough -fstrict-aliasing -Wprotocol -Wdeprecated-declarations -Wno-sign-conversion -Wno-infinite-recursion -Wno-comma -Wno-block-capture-autoreleasing -Wno-strict-prototypes -Wno-semicolon-before-method-body -index-store-path /Users/fukushimatakumi/Library/Developer/Xcode/DerivedData/SugarBeat-hgoxfxbbugxkfsbmqcjlbmjeaqyg/Index.noindex/DataStore @/Users/fukushimatakumi/Library/Developer/Xcode/DerivedData/SugarBeat-hgoxfxbbugxkfsbmqcjlbmjeaqyg/Build/Intermediates.noindex/AppAuth.build/Debug-iphonesimulator/AppAuth.build/Objects-normal/arm64/e6072d4f65d7061329687fe24e3d63a7-common-args.resp -include /Users/fukushimatakumi/Library/Developer/Xcode/DerivedData/SugarBeat-hgoxfxbbugxkfsbmqcjlbmjeaqyg/Build/Intermediates.noindex/AppAuth.build/Debug-iphonesimulator/AppAuth.build/DerivedSources/resource_bundle_accessor.h -MMD -MT dependencies -MF /Users/fukushimatakumi/Library/Developer/Xcode/DerivedData/SugarBeat-hgoxfxbbugxkfsbmqcjlbmjeaqyg/Build/Intermediates.noindex/AppAuth.build/Debug-iphonesimulator/AppAuth.build/Objects-normal/arm64/OIDAuthState+IOS.d --serialize-diagnostics /Users/fukushimatakumi/Library/Developer/Xcode/DerivedData/SugarBeat-hgoxfxbbugxkfsbmqcjlbmjeaqyg/Build/Intermediates.noindex/AppAuth.build/Debug-iphonesimulator/AppAuth.build/Objects-normal/arm64/OIDAuthState+IOS.dia -c /Users/fukushimatakumi/Library/Developer/Xcode/DerivedData/SugarBeat-hgoxfxbbugxkfsbmqcjlbmjeaqyg/SourcePackages/checkouts/AppAuth-iOS/Sources/AppAuth/iOS/OIDAuthState+IOS.m -o /Users/fukushimatakumi/Library/Developer/Xcode/DerivedData/SugarBeat-hgoxfxbbugxkfsbmqcjlbmjeaqyg/Build/Intermediates.noindex/AppAuth.build/Debug-iphonesimulator/AppAuth.build/Objects-normal/arm64/OIDAuthState+IOS.o -index-unit-output-path /AppAuth.build/Debug-iphonesimulator/AppAuth.build/Objects-normal/arm64/OIDAuthState+IOS.o

ScanDependencies /Users/fukushimatakumi/Library/Developer/Xcode/DerivedData/SugarBeat-hgoxfxbbugxkfsbmqcjlbmjeaqyg/Build/Intermediates.noindex/GoogleUtilities.build/Debug-iphonesimulator/GoogleUtilities-Network.build/Objects-normal/arm64/resource_bundle_accessor.o /Users/fukushimatakumi/Library/Developer/Xcode/DerivedData/SugarBeat-hgoxfxbbugxkfsbmqcjlbmjeaqyg/Build/Intermediates.noindex/GoogleUtilities.build/Debug-iphonesimulator/GoogleUtilities-Network.build/DerivedSources/resource_bundle_accessor.m normal arm64 objective-c com.apple.compilers.llvm.clang.1_0.compiler (in target 'GoogleUtilities-Network' from project 'GoogleUtilities')
    cd /Users/fukushimatakumi/develop/sugarbeat/sugarbeat-front
    
    Using response file: /Users/fukushimatakumi/Library/Developer/Xcode/DerivedData/SugarBeat-hgoxfxbbugxkfsbmqcjlbmjeaqyg/Build/Intermediates.noindex/GoogleUtilities.build/Debug-iphonesimulator/GoogleUtilities-Network.build/Objects-normal/arm64/e6072d4f65d7061329687fe24e3d63a7-common-args.resp
    
    builtin-ScanDependencies -o /Users/fukushimatakumi/Library/Developer/Xcode/DerivedData/SugarBeat-hgoxfxbbugxkfsbmqcjlbmjeaqyg/Build/Intermediates.noindex/GoogleUtilities.build/Debug-iphonesimulator/GoogleUtilities-Network.build/Objects-normal/arm64/resource_bundle_accessor.o.scan -- /Applications/Xcode.app/Contents/Developer/Toolchains/XcodeDefault.xctoolchain/usr/bin/clang -x objective-c -ivfsstatcache /Users/fukushimatakumi/Library/Developer/Xcode/DerivedData/SDKStatCaches.noindex/iphonesimulator18.4-22E235-71825a6d136aa4733edcbe86ece5525b.sdkstatcache -fmessage-length\=0 -fdiagnostics-show-note-include-stack -fmacro-backtrace-limit\=0 -fno-color-diagnostics -fmodules-prune-interval\=86400 -fmodules-prune-after\=345600 -fbuild-session-file\=/Users/fukushimatakumi/Library/Developer/Xcode/DerivedData/ModuleCache.noindex/Session.modulevalidation -fmodules-validate-once-per-build-session -Wnon-modular-include-in-framework-module -Werror\=non-modular-include-in-framework-module -Wno-trigraphs -Wno-missing-field-initializers -Wno-missing-prototypes -Wno-return-type -Wno-implicit-atomic-properties -Wno-objc-interface-ivars -Wno-arc-repeated-use-of-weak -Wno-missing-braces -Wparentheses -Wswitch -Wno-unused-function -Wno-unused-label -Wno-unused-parameter -Wno-unused-variable -Wunused-value -Wno-empty-body -Wno-uninitialized -Wno-unknown-pragmas -w -Wno-shadow -Wno-four-char-constants -Wno-conversion -Wno-constant-conversion -Wno-int-conversion -Wno-bool-conversion -Wno-enum-conversion -Wno-float-conversion -Wno-non-literal-null-conversion -Wno-objc-literal-conversion -Wshorten-64-to-32 -Wpointer-sign -Wno-newline-eof -Wno-selector -Wno-strict-selector-match -Wno-undeclared-selector -Wno-deprecated-implementations -Wno-implicit-fallthrough -fstrict-aliasing -Wprotocol -Wdeprecated-declarations -Wno-sign-conversion -Wno-infinite-recursion -Wno-comma -Wno-block-capture-autoreleasing -Wno-strict-prototypes -Wno-semicolon-before-method-body -index-store-path /Users/fukushimatakumi/Library/Developer/Xcode/DerivedData/SugarBeat-hgoxfxbbugxkfsbmqcjlbmjeaqyg/Index.noindex/DataStore @/Users/fukushimatakumi/Library/Developer/Xcode/DerivedData/SugarBeat-hgoxfxbbugxkfsbmqcjlbmjeaqyg/Build/Intermediates.noindex/GoogleUtilities.build/Debug-iphonesimulator/GoogleUtilities-Network.build/Objects-normal/arm64/e6072d4f65d7061329687fe24e3d63a7-common-args.resp -include /Users/fukushimatakumi/Library/Developer/Xcode/DerivedData/SugarBeat-hgoxfxbbugxkfsbmqcjlbmjeaqyg/Build/Intermediates.noindex/GoogleUtilities.build/Debug-iphonesimulator/GoogleUtilities-Network.build/DerivedSources/resource_bundle_accessor.h -MMD -MT dependencies -MF /Users/fukushimatakumi/Library/Developer/Xcode/DerivedData/SugarBeat-hgoxfxbbugxkfsbmqcjlbmjeaqyg/Build/Intermediates.noindex/GoogleUtilities.build/Debug-iphonesimulator/GoogleUtilities-Network.build/Objects-normal/arm64/resource_bundle_accessor.d --serialize-diagnostics /Users/fukushimatakumi/Library/Developer/Xcode/DerivedData/SugarBeat-hgoxfxbbugxkfsbmqcjlbmjeaqyg/Build/Intermediates.noindex/GoogleUtilities.build/Debug-iphonesimulator/GoogleUtilities-Network.build/Objects-normal/arm64/resource_bundle_accessor.dia -c /Users/fukushimatakumi/Library/Developer/Xcode/DerivedData/SugarBeat-hgoxfxbbugxkfsbmqcjlbmjeaqyg/Build/Intermediates.noindex/GoogleUtilities.build/Debug-iphonesimulator/GoogleUtilities-Network.build/DerivedSources/resource_bundle_accessor.m -o /Users/fukushimatakumi/Library/Developer/Xcode/DerivedData/SugarBeat-hgoxfxbbugxkfsbmqcjlbmjeaqyg/Build/Intermediates.noindex/GoogleUtilities.build/Debug-iphonesimulator/GoogleUtilities-Network.build/Objects-normal/arm64/resource_bundle_accessor.o -index-unit-output-path /GoogleUtilities.build/Debug-iphonesimulator/GoogleUtilities-Network.build/Objects-normal/arm64/resource_bundle_accessor.o

SwiftDriver GTMAppAuth normal arm64 com.apple.xcode.tools.swift.compiler (in target 'GTMAppAuth' from project 'GTMAppAuth')
    cd /Users/fukushimatakumi/develop/sugarbeat/sugarbeat-front
    builtin-SwiftDriver -- /Applications/Xcode.app/Contents/Developer/Toolchains/XcodeDefault.xctoolchain/usr/bin/swiftc -module-name GTMAppAuth -Onone -enforce-exclusivity\=checked @/Users/fukushimatakumi/Library/Developer/Xcode/DerivedData/SugarBeat-hgoxfxbbugxkfsbmqcjlbmjeaqyg/Build/Intermediates.noindex/GTMAppAuth.build/Debug-iphonesimulator/GTMAppAuth.build/Objects-normal/arm64/GTMAppAuth.SwiftFileList -DSWIFT_PACKAGE -DDEBUG -Xcc -fmodule-map-file\=/Users/fukushimatakumi/Library/Developer/Xcode/DerivedData/SugarBeat-hgoxfxbbugxkfsbmqcjlbmjeaqyg/Build/Intermediates.noindex/GeneratedModuleMaps-iphonesimulator/GTMSessionFetcherCore.modulemap -Xcc -fmodule-map-file\=/Users/fukushimatakumi/Library/Developer/Xcode/DerivedData/SugarBeat-hgoxfxbbugxkfsbmqcjlbmjeaqyg/Build/Intermediates.noindex/GeneratedModuleMaps-iphonesimulator/AppAuthCore.modulemap -DXcode -plugin-path /Applications/Xcode.app/Contents/Developer/Toolchains/XcodeDefault.xctoolchain/usr/lib/swift/host/plugins/testing -enable-experimental-feature DebugDescriptionMacro -sdk /Applications/Xcode.app/Contents/Developer/Platforms/iPhoneSimulator.platform/Developer/SDKs/iPhoneSimulator18.4.sdk -target arm64-apple-ios12.0-simulator -g -module-cache-path /Users/fukushimatakumi/Library/Developer/Xcode/DerivedData/ModuleCache.noindex -Xfrontend -serialize-debugging-options -enable-testing -suppress-warnings -index-store-path /Users/fukushimatakumi/Library/Developer/Xcode/DerivedData/SugarBeat-hgoxfxbbugxkfsbmqcjlbmjeaqyg/Index.noindex/DataStore -swift-version 5 -I /Users/fukushimatakumi/Library/Developer/Xcode/DerivedData/SugarBeat-hgoxfxbbugxkfsbmqcjlbmjeaqyg/Build/Products/Debug-iphonesimulator -I /Applications/Xcode.app/Contents/Developer/Platforms/iPhoneSimulator.platform/Developer/usr/lib -F /Users/fukushimatakumi/Library/Developer/Xcode/DerivedData/SugarBeat-hgoxfxbbugxkfsbmqcjlbmjeaqyg/Build/Products/Debug-iphonesimulator/PackageFrameworks -F /Users/fukushimatakumi/Library/Developer/Xcode/DerivedData/SugarBeat-hgoxfxbbugxkfsbmqcjlbmjeaqyg/Build/Products/Debug-iphonesimulator/PackageFrameworks -F /Users/fukushimatakumi/Library/Developer/Xcode/DerivedData/SugarBeat-hgoxfxbbugxkfsbmqcjlbmjeaqyg/Build/Products/Debug-iphonesimulator -F /Applications/Xcode.app/Contents/Developer/Platforms/iPhoneSimulator.platform/Developer/Library/Frameworks -F /Applications/Xcode.app/Contents/Developer/Platforms/iPhoneSimulator.platform/Developer/SDKs/iPhoneSimulator18.4.sdk/Developer/Library/Frameworks -c -j10 -enable-batch-mode -incremental -Xcc -ivfsstatcache -Xcc /Users/fukushimatakumi/Library/Developer/Xcode/DerivedData/SDKStatCaches.noindex/iphonesimulator18.4-22E235-71825a6d136aa4733edcbe86ece5525b.sdkstatcache -output-file-map /Users/fukushimatakumi/Library/Developer/Xcode/DerivedData/SugarBeat-hgoxfxbbugxkfsbmqcjlbmjeaqyg/Build/Intermediates.noindex/GTMAppAuth.build/Debug-iphonesimulator/GTMAppAuth.build/Objects-normal/arm64/GTMAppAuth-OutputFileMap.json -use-frontend-parseable-output -save-temps -no-color-diagnostics -serialize-diagnostics -emit-dependencies -emit-module -emit-module-path /Users/fukushimatakumi/Library/Developer/Xcode/DerivedData/SugarBeat-hgoxfxbbugxkfsbmqcjlbmjeaqyg/Build/Intermediates.noindex/GTMAppAuth.build/Debug-iphonesimulator/GTMAppAuth.build/Objects-normal/arm64/GTMAppAuth.swiftmodule -validate-clang-modules-once -clang-build-session-file /Users/fukushimatakumi/Library/Developer/Xcode/DerivedData/ModuleCache.noindex/Session.modulevalidation -Xcc -I/Users/fukushimatakumi/Library/Developer/Xcode/DerivedData/SugarBeat-hgoxfxbbugxkfsbmqcjlbmjeaqyg/Build/Intermediates.noindex/GTMAppAuth.build/Debug-iphonesimulator/GTMAppAuth.build/swift-overrides.hmap -emit-const-values -Xfrontend -const-gather-protocols-file -Xfrontend /Users/fukushimatakumi/Library/Developer/Xcode/DerivedData/SugarBeat-hgoxfxbbugxkfsbmqcjlbmjeaqyg/Build/Intermediates.noindex/GTMAppAuth.build/Debug-iphonesimulator/GTMAppAuth.build/Objects-normal/arm64/GTMAppAuth_const_extract_protocols.json -Xcc -I/Users/fukushimatakumi/Library/Developer/Xcode/DerivedData/SugarBeat-hgoxfxbbugxkfsbmqcjlbmjeaqyg/SourcePackages/checkouts/gtm-session-fetcher/Sources/Core/Public -Xcc -I/Users/fukushimatakumi/Library/Developer/Xcode/DerivedData/SugarBeat-hgoxfxbbugxkfsbmqcjlbmjeaqyg/SourcePackages/checkouts/AppAuth-iOS/Sources/AppAuthCore -Xcc -I/Users/fukushimatakumi/Library/Developer/Xcode/DerivedData/SugarBeat-hgoxfxbbugxkfsbmqcjlbmjeaqyg/Build/Products/Debug-iphonesimulator/include -Xcc -I/Users/fukushimatakumi/Library/Developer/Xcode/DerivedData/SugarBeat-hgoxfxbbugxkfsbmqcjlbmjeaqyg/Build/Intermediates.noindex/GTMAppAuth.build/Debug-iphonesimulator/GTMAppAuth.build/DerivedSources-normal/arm64 -Xcc -I/Users/fukushimatakumi/Library/Developer/Xcode/DerivedData/SugarBeat-hgoxfxbbugxkfsbmqcjlbmjeaqyg/Build/Intermediates.noindex/GTMAppAuth.build/Debug-iphonesimulator/GTMAppAuth.build/DerivedSources/arm64 -Xcc -I/Users/fukushimatakumi/Library/Developer/Xcode/DerivedData/SugarBeat-hgoxfxbbugxkfsbmqcjlbmjeaqyg/Build/Intermediates.noindex/GTMAppAuth.build/Debug-iphonesimulator/GTMAppAuth.build/DerivedSources -Xcc -DSWIFT_PACKAGE -Xcc -DDEBUG\=1 -emit-objc-header -emit-objc-header-path /Users/fukushimatakumi/Library/Developer/Xcode/DerivedData/SugarBeat-hgoxfxbbugxkfsbmqcjlbmjeaqyg/Build/Intermediates.noindex/GTMAppAuth.build/Debug-iphonesimulator/GTMAppAuth.build/Objects-normal/arm64/GTMAppAuth-Swift.h -working-directory /Users/fukushimatakumi/develop/sugarbeat/sugarbeat-front -experimental-emit-module-separately -disable-cmo

CompileC /Users/fukushimatakumi/Library/Developer/Xcode/DerivedData/SugarBeat-hgoxfxbbugxkfsbmqcjlbmjeaqyg/Build/Intermediates.noindex/AppAuth.build/Debug-iphonesimulator/AppAuth.build/Objects-normal/arm64/OIDAuthState+Mac.o /Users/fukushimatakumi/Library/Developer/Xcode/DerivedData/SugarBeat-hgoxfxbbugxkfsbmqcjlbmjeaqyg/SourcePackages/checkouts/AppAuth-iOS/Sources/AppAuth/macOS/OIDAuthState+Mac.m normal arm64 objective-c com.apple.compilers.llvm.clang.1_0.compiler (in target 'AppAuth' from project 'AppAuth')
    cd /Users/fukushimatakumi/develop/sugarbeat/sugarbeat-front
    
    Using response file: /Users/fukushimatakumi/Library/Developer/Xcode/DerivedData/SugarBeat-hgoxfxbbugxkfsbmqcjlbmjeaqyg/Build/Intermediates.noindex/AppAuth.build/Debug-iphonesimulator/AppAuth.build/Objects-normal/arm64/e6072d4f65d7061329687fe24e3d63a7-common-args.resp
    
    /Applications/Xcode.app/Contents/Developer/Toolchains/XcodeDefault.xctoolchain/usr/bin/clang -x objective-c -ivfsstatcache /Users/fukushimatakumi/Library/Developer/Xcode/DerivedData/SDKStatCaches.noindex/iphonesimulator18.4-22E235-71825a6d136aa4733edcbe86ece5525b.sdkstatcache -fmessage-length\=0 -fdiagnostics-show-note-include-stack -fmacro-backtrace-limit\=0 -fno-color-diagnostics -fmodules-prune-interval\=86400 -fmodules-prune-after\=345600 -fbuild-session-file\=/Users/fukushimatakumi/Library/Developer/Xcode/DerivedData/ModuleCache.noindex/Session.modulevalidation -fmodules-validate-once-per-build-session -Wnon-modular-include-in-framework-module -Werror\=non-modular-include-in-framework-module -Wno-trigraphs -Wno-missing-field-initializers -Wno-missing-prototypes -Wno-return-type -Wno-implicit-atomic-properties -Wno-objc-interface-ivars -Wno-arc-repeated-use-of-weak -Wno-missing-braces -Wparentheses -Wswitch -Wno-unused-function -Wno-unused-label -Wno-unused-parameter -Wno-unused-variable -Wunused-value -Wno-empty-body -Wno-uninitialized -Wno-unknown-pragmas -w -Wno-shadow -Wno-four-char-constants -Wno-conversion -Wno-constant-conversion -Wno-int-conversion -Wno-bool-conversion -Wno-enum-conversion -Wno-float-conversion -Wno-non-literal-null-conversion -Wno-objc-literal-conversion -Wshorten-64-to-32 -Wpointer-sign -Wno-newline-eof -Wno-selector -Wno-strict-selector-match -Wno-undeclared-selector -Wno-deprecated-implementations -Wno-implicit-fallthrough -fstrict-aliasing -Wprotocol -Wdeprecated-declarations -Wno-sign-conversion -Wno-infinite-recursion -Wno-comma -Wno-block-capture-autoreleasing -Wno-strict-prototypes -Wno-semicolon-before-method-body -index-store-path /Users/fukushimatakumi/Library/Developer/Xcode/DerivedData/SugarBeat-hgoxfxbbugxkfsbmqcjlbmjeaqyg/Index.noindex/DataStore @/Users/fukushimatakumi/Library/Developer/Xcode/DerivedData/SugarBeat-hgoxfxbbugxkfsbmqcjlbmjeaqyg/Build/Intermediates.noindex/AppAuth.build/Debug-iphonesimulator/AppAuth.build/Objects-normal/arm64/e6072d4f65d7061329687fe24e3d63a7-common-args.resp -include /Users/fukushimatakumi/Library/Developer/Xcode/DerivedData/SugarBeat-hgoxfxbbugxkfsbmqcjlbmjeaqyg/Build/Intermediates.noindex/AppAuth.build/Debug-iphonesimulator/AppAuth.build/DerivedSources/resource_bundle_accessor.h -MMD -MT dependencies -MF /Users/fukushimatakumi/Library/Developer/Xcode/DerivedData/SugarBeat-hgoxfxbbugxkfsbmqcjlbmjeaqyg/Build/Intermediates.noindex/AppAuth.build/Debug-iphonesimulator/AppAuth.build/Objects-normal/arm64/OIDAuthState+Mac.d --serialize-diagnostics /Users/fukushimatakumi/Library/Developer/Xcode/DerivedData/SugarBeat-hgoxfxbbugxkfsbmqcjlbmjeaqyg/Build/Intermediates.noindex/AppAuth.build/Debug-iphonesimulator/AppAuth.build/Objects-normal/arm64/OIDAuthState+Mac.dia -c /Users/fukushimatakumi/Library/Developer/Xcode/DerivedData/SugarBeat-hgoxfxbbugxkfsbmqcjlbmjeaqyg/SourcePackages/checkouts/AppAuth-iOS/Sources/AppAuth/macOS/OIDAuthState+Mac.m -o /Users/fukushimatakumi/Library/Developer/Xcode/DerivedData/SugarBeat-hgoxfxbbugxkfsbmqcjlbmjeaqyg/Build/Intermediates.noindex/AppAuth.build/Debug-iphonesimulator/AppAuth.build/Objects-normal/arm64/OIDAuthState+Mac.o -index-unit-output-path /AppAuth.build/Debug-iphonesimulator/AppAuth.build/Objects-normal/arm64/OIDAuthState+Mac.o

ScanDependencies /Users/fukushimatakumi/Library/Developer/Xcode/DerivedData/SugarBeat-hgoxfxbbugxkfsbmqcjlbmjeaqyg/Build/Intermediates.noindex/GoogleUtilities.build/Debug-iphonesimulator/GoogleUtilities-Network.build/Objects-normal/arm64/GULNetworkURLSession.o /Users/fukushimatakumi/Library/Developer/Xcode/DerivedData/SugarBeat-hgoxfxbbugxkfsbmqcjlbmjeaqyg/SourcePackages/checkouts/GoogleUtilities/GoogleUtilities/Network/GULNetworkURLSession.m normal arm64 objective-c com.apple.compilers.llvm.clang.1_0.compiler (in target 'GoogleUtilities-Network' from project 'GoogleUtilities')
    cd /Users/fukushimatakumi/develop/sugarbeat/sugarbeat-front
    
    Using response file: /Users/fukushimatakumi/Library/Developer/Xcode/DerivedData/SugarBeat-hgoxfxbbugxkfsbmqcjlbmjeaqyg/Build/Intermediates.noindex/GoogleUtilities.build/Debug-iphonesimulator/GoogleUtilities-Network.build/Objects-normal/arm64/e6072d4f65d7061329687fe24e3d63a7-common-args.resp
    
    builtin-ScanDependencies -o /Users/fukushimatakumi/Library/Developer/Xcode/DerivedData/SugarBeat-hgoxfxbbugxkfsbmqcjlbmjeaqyg/Build/Intermediates.noindex/GoogleUtilities.build/Debug-iphonesimulator/GoogleUtilities-Network.build/Objects-normal/arm64/GULNetworkURLSession.o.scan -- /Applications/Xcode.app/Contents/Developer/Toolchains/XcodeDefault.xctoolchain/usr/bin/clang -x objective-c -ivfsstatcache /Users/fukushimatakumi/Library/Developer/Xcode/DerivedData/SDKStatCaches.noindex/iphonesimulator18.4-22E235-71825a6d136aa4733edcbe86ece5525b.sdkstatcache -fmessage-length\=0 -fdiagnostics-show-note-include-stack -fmacro-backtrace-limit\=0 -fno-color-diagnostics -fmodules-prune-interval\=86400 -fmodules-prune-after\=345600 -fbuild-session-file\=/Users/fukushimatakumi/Library/Developer/Xcode/DerivedData/ModuleCache.noindex/Session.modulevalidation -fmodules-validate-once-per-build-session -Wnon-modular-include-in-framework-module -Werror\=non-modular-include-in-framework-module -Wno-trigraphs -Wno-missing-field-initializers -Wno-missing-prototypes -Wno-return-type -Wno-implicit-atomic-properties -Wno-objc-interface-ivars -Wno-arc-repeated-use-of-weak -Wno-missing-braces -Wparentheses -Wswitch -Wno-unused-function -Wno-unused-label -Wno-unused-parameter -Wno-unused-variable -Wunused-value -Wno-empty-body -Wno-uninitialized -Wno-unknown-pragmas -w -Wno-shadow -Wno-four-char-constants -Wno-conversion -Wno-constant-conversion -Wno-int-conversion -Wno-bool-conversion -Wno-enum-conversion -Wno-float-conversion -Wno-non-literal-null-conversion -Wno-objc-literal-conversion -Wshorten-64-to-32 -Wpointer-sign -Wno-newline-eof -Wno-selector -Wno-strict-selector-match -Wno-undeclared-selector -Wno-deprecated-implementations -Wno-implicit-fallthrough -fstrict-aliasing -Wprotocol -Wdeprecated-declarations -Wno-sign-conversion -Wno-infinite-recursion -Wno-comma -Wno-block-capture-autoreleasing -Wno-strict-prototypes -Wno-semicolon-before-method-body -index-store-path /Users/fukushimatakumi/Library/Developer/Xcode/DerivedData/SugarBeat-hgoxfxbbugxkfsbmqcjlbmjeaqyg/Index.noindex/DataStore @/Users/fukushimatakumi/Library/Developer/Xcode/DerivedData/SugarBeat-hgoxfxbbugxkfsbmqcjlbmjeaqyg/Build/Intermediates.noindex/GoogleUtilities.build/Debug-iphonesimulator/GoogleUtilities-Network.build/Objects-normal/arm64/e6072d4f65d7061329687fe24e3d63a7-common-args.resp -include /Users/fukushimatakumi/Library/Developer/Xcode/DerivedData/SugarBeat-hgoxfxbbugxkfsbmqcjlbmjeaqyg/Build/Intermediates.noindex/GoogleUtilities.build/Debug-iphonesimulator/GoogleUtilities-Network.build/DerivedSources/resource_bundle_accessor.h -MMD -MT dependencies -MF /Users/fukushimatakumi/Library/Developer/Xcode/DerivedData/SugarBeat-hgoxfxbbugxkfsbmqcjlbmjeaqyg/Build/Intermediates.noindex/GoogleUtilities.build/Debug-iphonesimulator/GoogleUtilities-Network.build/Objects-normal/arm64/GULNetworkURLSession.d --serialize-diagnostics /Users/fukushimatakumi/Library/Developer/Xcode/DerivedData/SugarBeat-hgoxfxbbugxkfsbmqcjlbmjeaqyg/Build/Intermediates.noindex/GoogleUtilities.build/Debug-iphonesimulator/GoogleUtilities-Network.build/Objects-normal/arm64/GULNetworkURLSession.dia -c /Users/fukushimatakumi/Library/Developer/Xcode/DerivedData/SugarBeat-hgoxfxbbugxkfsbmqcjlbmjeaqyg/SourcePackages/checkouts/GoogleUtilities/GoogleUtilities/Network/GULNetworkURLSession.m -o /Users/fukushimatakumi/Library/Developer/Xcode/DerivedData/SugarBeat-hgoxfxbbugxkfsbmqcjlbmjeaqyg/Build/Intermediates.noindex/GoogleUtilities.build/Debug-iphonesimulator/GoogleUtilities-Network.build/Objects-normal/arm64/GULNetworkURLSession.o -index-unit-output-path /GoogleUtilities.build/Debug-iphonesimulator/GoogleUtilities-Network.build/Objects-normal/arm64/GULNetworkURLSession.o

SwiftEmitModule normal arm64 Emitting\ module\ for\ GTMAppAuth (in target 'GTMAppAuth' from project 'GTMAppAuth')

EmitSwiftModule normal arm64 (in target 'GTMAppAuth' from project 'GTMAppAuth')
    cd /Users/fukushimatakumi/develop/sugarbeat/sugarbeat-front
    

ScanDependencies /Users/fukushimatakumi/Library/Developer/Xcode/DerivedData/SugarBeat-hgoxfxbbugxkfsbmqcjlbmjeaqyg/Build/Intermediates.noindex/GoogleUtilities.build/Debug-iphonesimulator/GoogleUtilities-Network.build/Objects-normal/arm64/GULNetworkConstants.o /Users/fukushimatakumi/Library/Developer/Xcode/DerivedData/SugarBeat-hgoxfxbbugxkfsbmqcjlbmjeaqyg/SourcePackages/checkouts/GoogleUtilities/GoogleUtilities/Network/GULNetworkConstants.m normal arm64 objective-c com.apple.compilers.llvm.clang.1_0.compiler (in target 'GoogleUtilities-Network' from project 'GoogleUtilities')
    cd /Users/fukushimatakumi/develop/sugarbeat/sugarbeat-front
    
    Using response file: /Users/fukushimatakumi/Library/Developer/Xcode/DerivedData/SugarBeat-hgoxfxbbugxkfsbmqcjlbmjeaqyg/Build/Intermediates.noindex/GoogleUtilities.build/Debug-iphonesimulator/GoogleUtilities-Network.build/Objects-normal/arm64/e6072d4f65d7061329687fe24e3d63a7-common-args.resp
    
    builtin-ScanDependencies -o /Users/fukushimatakumi/Library/Developer/Xcode/DerivedData/SugarBeat-hgoxfxbbugxkfsbmqcjlbmjeaqyg/Build/Intermediates.noindex/GoogleUtilities.build/Debug-iphonesimulator/GoogleUtilities-Network.build/Objects-normal/arm64/GULNetworkConstants.o.scan -- /Applications/Xcode.app/Contents/Developer/Toolchains/XcodeDefault.xctoolchain/usr/bin/clang -x objective-c -ivfsstatcache /Users/fukushimatakumi/Library/Developer/Xcode/DerivedData/SDKStatCaches.noindex/iphonesimulator18.4-22E235-71825a6d136aa4733edcbe86ece5525b.sdkstatcache -fmessage-length\=0 -fdiagnostics-show-note-include-stack -fmacro-backtrace-limit\=0 -fno-color-diagnostics -fmodules-prune-interval\=86400 -fmodules-prune-after\=345600 -fbuild-session-file\=/Users/fukushimatakumi/Library/Developer/Xcode/DerivedData/ModuleCache.noindex/Session.modulevalidation -fmodules-validate-once-per-build-session -Wnon-modular-include-in-framework-module -Werror\=non-modular-include-in-framework-module -Wno-trigraphs -Wno-missing-field-initializers -Wno-missing-prototypes -Wno-return-type -Wno-implicit-atomic-properties -Wno-objc-interface-ivars -Wno-arc-repeated-use-of-weak -Wno-missing-braces -Wparentheses -Wswitch -Wno-unused-function -Wno-unused-label -Wno-unused-parameter -Wno-unused-variable -Wunused-value -Wno-empty-body -Wno-uninitialized -Wno-unknown-pragmas -w -Wno-shadow -Wno-four-char-constants -Wno-conversion -Wno-constant-conversion -Wno-int-conversion -Wno-bool-conversion -Wno-enum-conversion -Wno-float-conversion -Wno-non-literal-null-conversion -Wno-objc-literal-conversion -Wshorten-64-to-32 -Wpointer-sign -Wno-newline-eof -Wno-selector -Wno-strict-selector-match -Wno-undeclared-selector -Wno-deprecated-implementations -Wno-implicit-fallthrough -fstrict-aliasing -Wprotocol -Wdeprecated-declarations -Wno-sign-conversion -Wno-infinite-recursion -Wno-comma -Wno-block-capture-autoreleasing -Wno-strict-prototypes -Wno-semicolon-before-method-body -index-store-path /Users/fukushimatakumi/Library/Developer/Xcode/DerivedData/SugarBeat-hgoxfxbbugxkfsbmqcjlbmjeaqyg/Index.noindex/DataStore @/Users/fukushimatakumi/Library/Developer/Xcode/DerivedData/SugarBeat-hgoxfxbbugxkfsbmqcjlbmjeaqyg/Build/Intermediates.noindex/GoogleUtilities.build/Debug-iphonesimulator/GoogleUtilities-Network.build/Objects-normal/arm64/e6072d4f65d7061329687fe24e3d63a7-common-args.resp -include /Users/fukushimatakumi/Library/Developer/Xcode/DerivedData/SugarBeat-hgoxfxbbugxkfsbmqcjlbmjeaqyg/Build/Intermediates.noindex/GoogleUtilities.build/Debug-iphonesimulator/GoogleUtilities-Network.build/DerivedSources/resource_bundle_accessor.h -MMD -MT dependencies -MF /Users/fukushimatakumi/Library/Developer/Xcode/DerivedData/SugarBeat-hgoxfxbbugxkfsbmqcjlbmjeaqyg/Build/Intermediates.noindex/GoogleUtilities.build/Debug-iphonesimulator/GoogleUtilities-Network.build/Objects-normal/arm64/GULNetworkConstants.d --serialize-diagnostics /Users/fukushimatakumi/Library/Developer/Xcode/DerivedData/SugarBeat-hgoxfxbbugxkfsbmqcjlbmjeaqyg/Build/Intermediates.noindex/GoogleUtilities.build/Debug-iphonesimulator/GoogleUtilities-Network.build/Objects-normal/arm64/GULNetworkConstants.dia -c /Users/fukushimatakumi/Library/Developer/Xcode/DerivedData/SugarBeat-hgoxfxbbugxkfsbmqcjlbmjeaqyg/SourcePackages/checkouts/GoogleUtilities/GoogleUtilities/Network/GULNetworkConstants.m -o /Users/fukushimatakumi/Library/Developer/Xcode/DerivedData/SugarBeat-hgoxfxbbugxkfsbmqcjlbmjeaqyg/Build/Intermediates.noindex/GoogleUtilities.build/Debug-iphonesimulator/GoogleUtilities-Network.build/Objects-normal/arm64/GULNetworkConstants.o -index-unit-output-path /GoogleUtilities.build/Debug-iphonesimulator/GoogleUtilities-Network.build/Objects-normal/arm64/GULNetworkConstants.o

ScanDependencies /Users/fukushimatakumi/Library/Developer/Xcode/DerivedData/SugarBeat-hgoxfxbbugxkfsbmqcjlbmjeaqyg/Build/Intermediates.noindex/GoogleUtilities.build/Debug-iphonesimulator/GoogleUtilities-Network.build/Objects-normal/arm64/GULNetwork.o /Users/fukushimatakumi/Library/Developer/Xcode/DerivedData/SugarBeat-hgoxfxbbugxkfsbmqcjlbmjeaqyg/SourcePackages/checkouts/GoogleUtilities/GoogleUtilities/Network/GULNetwork.m normal arm64 objective-c com.apple.compilers.llvm.clang.1_0.compiler (in target 'GoogleUtilities-Network' from project 'GoogleUtilities')
    cd /Users/fukushimatakumi/develop/sugarbeat/sugarbeat-front
    
    Using response file: /Users/fukushimatakumi/Library/Developer/Xcode/DerivedData/SugarBeat-hgoxfxbbugxkfsbmqcjlbmjeaqyg/Build/Intermediates.noindex/GoogleUtilities.build/Debug-iphonesimulator/GoogleUtilities-Network.build/Objects-normal/arm64/e6072d4f65d7061329687fe24e3d63a7-common-args.resp
    
    builtin-ScanDependencies -o /Users/fukushimatakumi/Library/Developer/Xcode/DerivedData/SugarBeat-hgoxfxbbugxkfsbmqcjlbmjeaqyg/Build/Intermediates.noindex/GoogleUtilities.build/Debug-iphonesimulator/GoogleUtilities-Network.build/Objects-normal/arm64/GULNetwork.o.scan -- /Applications/Xcode.app/Contents/Developer/Toolchains/XcodeDefault.xctoolchain/usr/bin/clang -x objective-c -ivfsstatcache /Users/fukushimatakumi/Library/Developer/Xcode/DerivedData/SDKStatCaches.noindex/iphonesimulator18.4-22E235-71825a6d136aa4733edcbe86ece5525b.sdkstatcache -fmessage-length\=0 -fdiagnostics-show-note-include-stack -fmacro-backtrace-limit\=0 -fno-color-diagnostics -fmodules-prune-interval\=86400 -fmodules-prune-after\=345600 -fbuild-session-file\=/Users/fukushimatakumi/Library/Developer/Xcode/DerivedData/ModuleCache.noindex/Session.modulevalidation -fmodules-validate-once-per-build-session -Wnon-modular-include-in-framework-module -Werror\=non-modular-include-in-framework-module -Wno-trigraphs -Wno-missing-field-initializers -Wno-missing-prototypes -Wno-return-type -Wno-implicit-atomic-properties -Wno-objc-interface-ivars -Wno-arc-repeated-use-of-weak -Wno-missing-braces -Wparentheses -Wswitch -Wno-unused-function -Wno-unused-label -Wno-unused-parameter -Wno-unused-variable -Wunused-value -Wno-empty-body -Wno-uninitialized -Wno-unknown-pragmas -w -Wno-shadow -Wno-four-char-constants -Wno-conversion -Wno-constant-conversion -Wno-int-conversion -Wno-bool-conversion -Wno-enum-conversion -Wno-float-conversion -Wno-non-literal-null-conversion -Wno-objc-literal-conversion -Wshorten-64-to-32 -Wpointer-sign -Wno-newline-eof -Wno-selector -Wno-strict-selector-match -Wno-undeclared-selector -Wno-deprecated-implementations -Wno-implicit-fallthrough -fstrict-aliasing -Wprotocol -Wdeprecated-declarations -Wno-sign-conversion -Wno-infinite-recursion -Wno-comma -Wno-block-capture-autoreleasing -Wno-strict-prototypes -Wno-semicolon-before-method-body -index-store-path /Users/fukushimatakumi/Library/Developer/Xcode/DerivedData/SugarBeat-hgoxfxbbugxkfsbmqcjlbmjeaqyg/Index.noindex/DataStore @/Users/fukushimatakumi/Library/Developer/Xcode/DerivedData/SugarBeat-hgoxfxbbugxkfsbmqcjlbmjeaqyg/Build/Intermediates.noindex/GoogleUtilities.build/Debug-iphonesimulator/GoogleUtilities-Network.build/Objects-normal/arm64/e6072d4f65d7061329687fe24e3d63a7-common-args.resp -include /Users/fukushimatakumi/Library/Developer/Xcode/DerivedData/SugarBeat-hgoxfxbbugxkfsbmqcjlbmjeaqyg/Build/Intermediates.noindex/GoogleUtilities.build/Debug-iphonesimulator/GoogleUtilities-Network.build/DerivedSources/resource_bundle_accessor.h -MMD -MT dependencies -MF /Users/fukushimatakumi/Library/Developer/Xcode/DerivedData/SugarBeat-hgoxfxbbugxkfsbmqcjlbmjeaqyg/Build/Intermediates.noindex/GoogleUtilities.build/Debug-iphonesimulator/GoogleUtilities-Network.build/Objects-normal/arm64/GULNetwork.d --serialize-diagnostics /Users/fukushimatakumi/Library/Developer/Xcode/DerivedData/SugarBeat-hgoxfxbbugxkfsbmqcjlbmjeaqyg/Build/Intermediates.noindex/GoogleUtilities.build/Debug-iphonesimulator/GoogleUtilities-Network.build/Objects-normal/arm64/GULNetwork.dia -c /Users/fukushimatakumi/Library/Developer/Xcode/DerivedData/SugarBeat-hgoxfxbbugxkfsbmqcjlbmjeaqyg/SourcePackages/checkouts/GoogleUtilities/GoogleUtilities/Network/GULNetwork.m -o /Users/fukushimatakumi/Library/Developer/Xcode/DerivedData/SugarBeat-hgoxfxbbugxkfsbmqcjlbmjeaqyg/Build/Intermediates.noindex/GoogleUtilities.build/Debug-iphonesimulator/GoogleUtilities-Network.build/Objects-normal/arm64/GULNetwork.o -index-unit-output-path /GoogleUtilities.build/Debug-iphonesimulator/GoogleUtilities-Network.build/Objects-normal/arm64/GULNetwork.o

SwiftDriverJobDiscovery normal arm64 Compiling HeartbeatStorage.swift, HeartbeatsBundle.swift (in target 'FirebaseCoreInternal' from project 'Firebase')

ScanDependencies /Users/fukushimatakumi/Library/Developer/Xcode/DerivedData/SugarBeat-hgoxfxbbugxkfsbmqcjlbmjeaqyg/Build/Intermediates.noindex/GoogleUtilities.build/Debug-iphonesimulator/GoogleUtilities-Network.build/Objects-normal/arm64/GULMutableDictionary.o /Users/fukushimatakumi/Library/Developer/Xcode/DerivedData/SugarBeat-hgoxfxbbugxkfsbmqcjlbmjeaqyg/SourcePackages/checkouts/GoogleUtilities/GoogleUtilities/Network/GULMutableDictionary.m normal arm64 objective-c com.apple.compilers.llvm.clang.1_0.compiler (in target 'GoogleUtilities-Network' from project 'GoogleUtilities')
    cd /Users/fukushimatakumi/develop/sugarbeat/sugarbeat-front
    
    Using response file: /Users/fukushimatakumi/Library/Developer/Xcode/DerivedData/SugarBeat-hgoxfxbbugxkfsbmqcjlbmjeaqyg/Build/Intermediates.noindex/GoogleUtilities.build/Debug-iphonesimulator/GoogleUtilities-Network.build/Objects-normal/arm64/e6072d4f65d7061329687fe24e3d63a7-common-args.resp
    
    builtin-ScanDependencies -o /Users/fukushimatakumi/Library/Developer/Xcode/DerivedData/SugarBeat-hgoxfxbbugxkfsbmqcjlbmjeaqyg/Build/Intermediates.noindex/GoogleUtilities.build/Debug-iphonesimulator/GoogleUtilities-Network.build/Objects-normal/arm64/GULMutableDictionary.o.scan -- /Applications/Xcode.app/Contents/Developer/Toolchains/XcodeDefault.xctoolchain/usr/bin/clang -x objective-c -ivfsstatcache /Users/fukushimatakumi/Library/Developer/Xcode/DerivedData/SDKStatCaches.noindex/iphonesimulator18.4-22E235-71825a6d136aa4733edcbe86ece5525b.sdkstatcache -fmessage-length\=0 -fdiagnostics-show-note-include-stack -fmacro-backtrace-limit\=0 -fno-color-diagnostics -fmodules-prune-interval\=86400 -fmodules-prune-after\=345600 -fbuild-session-file\=/Users/fukushimatakumi/Library/Developer/Xcode/DerivedData/ModuleCache.noindex/Session.modulevalidation -fmodules-validate-once-per-build-session -Wnon-modular-include-in-framework-module -Werror\=non-modular-include-in-framework-module -Wno-trigraphs -Wno-missing-field-initializers -Wno-missing-prototypes -Wno-return-type -Wno-implicit-atomic-properties -Wno-objc-interface-ivars -Wno-arc-repeated-use-of-weak -Wno-missing-braces -Wparentheses -Wswitch -Wno-unused-function -Wno-unused-label -Wno-unused-parameter -Wno-unused-variable -Wunused-value -Wno-empty-body -Wno-uninitialized -Wno-unknown-pragmas -w -Wno-shadow -Wno-four-char-constants -Wno-conversion -Wno-constant-conversion -Wno-int-conversion -Wno-bool-conversion -Wno-enum-conversion -Wno-float-conversion -Wno-non-literal-null-conversion -Wno-objc-literal-conversion -Wshorten-64-to-32 -Wpointer-sign -Wno-newline-eof -Wno-selector -Wno-strict-selector-match -Wno-undeclared-selector -Wno-deprecated-implementations -Wno-implicit-fallthrough -fstrict-aliasing -Wprotocol -Wdeprecated-declarations -Wno-sign-conversion -Wno-infinite-recursion -Wno-comma -Wno-block-capture-autoreleasing -Wno-strict-prototypes -Wno-semicolon-before-method-body -index-store-path /Users/fukushimatakumi/Library/Developer/Xcode/DerivedData/SugarBeat-hgoxfxbbugxkfsbmqcjlbmjeaqyg/Index.noindex/DataStore @/Users/fukushimatakumi/Library/Developer/Xcode/DerivedData/SugarBeat-hgoxfxbbugxkfsbmqcjlbmjeaqyg/Build/Intermediates.noindex/GoogleUtilities.build/Debug-iphonesimulator/GoogleUtilities-Network.build/Objects-normal/arm64/e6072d4f65d7061329687fe24e3d63a7-common-args.resp -include /Users/fukushimatakumi/Library/Developer/Xcode/DerivedData/SugarBeat-hgoxfxbbugxkfsbmqcjlbmjeaqyg/Build/Intermediates.noindex/GoogleUtilities.build/Debug-iphonesimulator/GoogleUtilities-Network.build/DerivedSources/resource_bundle_accessor.h -MMD -MT dependencies -MF /Users/fukushimatakumi/Library/Developer/Xcode/DerivedData/SugarBeat-hgoxfxbbugxkfsbmqcjlbmjeaqyg/Build/Intermediates.noindex/GoogleUtilities.build/Debug-iphonesimulator/GoogleUtilities-Network.build/Objects-normal/arm64/GULMutableDictionary.d --serialize-diagnostics /Users/fukushimatakumi/Library/Developer/Xcode/DerivedData/SugarBeat-hgoxfxbbugxkfsbmqcjlbmjeaqyg/Build/Intermediates.noindex/GoogleUtilities.build/Debug-iphonesimulator/GoogleUtilities-Network.build/Objects-normal/arm64/GULMutableDictionary.dia -c /Users/fukushimatakumi/Library/Developer/Xcode/DerivedData/SugarBeat-hgoxfxbbugxkfsbmqcjlbmjeaqyg/SourcePackages/checkouts/GoogleUtilities/GoogleUtilities/Network/GULMutableDictionary.m -o /Users/fukushimatakumi/Library/Developer/Xcode/DerivedData/SugarBeat-hgoxfxbbugxkfsbmqcjlbmjeaqyg/Build/Intermediates.noindex/GoogleUtilities.build/Debug-iphonesimulator/GoogleUtilities-Network.build/Objects-normal/arm64/GULMutableDictionary.o -index-unit-output-path /GoogleUtilities.build/Debug-iphonesimulator/GoogleUtilities-Network.build/Objects-normal/arm64/GULMutableDictionary.o

CompileC /Users/fukushimatakumi/Library/Developer/Xcode/DerivedData/SugarBeat-hgoxfxbbugxkfsbmqcjlbmjeaqyg/Build/Intermediates.noindex/GoogleUtilities.build/Debug-iphonesimulator/GoogleUtilities-Network.build/Objects-normal/arm64/GULNetworkURLSession.o /Users/fukushimatakumi/Library/Developer/Xcode/DerivedData/SugarBeat-hgoxfxbbugxkfsbmqcjlbmjeaqyg/SourcePackages/checkouts/GoogleUtilities/GoogleUtilities/Network/GULNetworkURLSession.m normal arm64 objective-c com.apple.compilers.llvm.clang.1_0.compiler (in target 'GoogleUtilities-Network' from project 'GoogleUtilities')
    cd /Users/fukushimatakumi/develop/sugarbeat/sugarbeat-front
    
    Using response file: /Users/fukushimatakumi/Library/Developer/Xcode/DerivedData/SugarBeat-hgoxfxbbugxkfsbmqcjlbmjeaqyg/Build/Intermediates.noindex/GoogleUtilities.build/Debug-iphonesimulator/GoogleUtilities-Network.build/Objects-normal/arm64/e6072d4f65d7061329687fe24e3d63a7-common-args.resp
    
    /Applications/Xcode.app/Contents/Developer/Toolchains/XcodeDefault.xctoolchain/usr/bin/clang -x objective-c -ivfsstatcache /Users/fukushimatakumi/Library/Developer/Xcode/DerivedData/SDKStatCaches.noindex/iphonesimulator18.4-22E235-71825a6d136aa4733edcbe86ece5525b.sdkstatcache -fmessage-length\=0 -fdiagnostics-show-note-include-stack -fmacro-backtrace-limit\=0 -fno-color-diagnostics -fmodules-prune-interval\=86400 -fmodules-prune-after\=345600 -fbuild-session-file\=/Users/fukushimatakumi/Library/Developer/Xcode/DerivedData/ModuleCache.noindex/Session.modulevalidation -fmodules-validate-once-per-build-session -Wnon-modular-include-in-framework-module -Werror\=non-modular-include-in-framework-module -Wno-trigraphs -Wno-missing-field-initializers -Wno-missing-prototypes -Wno-return-type -Wno-implicit-atomic-properties -Wno-objc-interface-ivars -Wno-arc-repeated-use-of-weak -Wno-missing-braces -Wparentheses -Wswitch -Wno-unused-function -Wno-unused-label -Wno-unused-parameter -Wno-unused-variable -Wunused-value -Wno-empty-body -Wno-uninitialized -Wno-unknown-pragmas -w -Wno-shadow -Wno-four-char-constants -Wno-conversion -Wno-constant-conversion -Wno-int-conversion -Wno-bool-conversion -Wno-enum-conversion -Wno-float-conversion -Wno-non-literal-null-conversion -Wno-objc-literal-conversion -Wshorten-64-to-32 -Wpointer-sign -Wno-newline-eof -Wno-selector -Wno-strict-selector-match -Wno-undeclared-selector -Wno-deprecated-implementations -Wno-implicit-fallthrough -fstrict-aliasing -Wprotocol -Wdeprecated-declarations -Wno-sign-conversion -Wno-infinite-recursion -Wno-comma -Wno-block-capture-autoreleasing -Wno-strict-prototypes -Wno-semicolon-before-method-body -index-store-path /Users/fukushimatakumi/Library/Developer/Xcode/DerivedData/SugarBeat-hgoxfxbbugxkfsbmqcjlbmjeaqyg/Index.noindex/DataStore @/Users/fukushimatakumi/Library/Developer/Xcode/DerivedData/SugarBeat-hgoxfxbbugxkfsbmqcjlbmjeaqyg/Build/Intermediates.noindex/GoogleUtilities.build/Debug-iphonesimulator/GoogleUtilities-Network.build/Objects-normal/arm64/e6072d4f65d7061329687fe24e3d63a7-common-args.resp -include /Users/fukushimatakumi/Library/Developer/Xcode/DerivedData/SugarBeat-hgoxfxbbugxkfsbmqcjlbmjeaqyg/Build/Intermediates.noindex/GoogleUtilities.build/Debug-iphonesimulator/GoogleUtilities-Network.build/DerivedSources/resource_bundle_accessor.h -MMD -MT dependencies -MF /Users/fukushimatakumi/Library/Developer/Xcode/DerivedData/SugarBeat-hgoxfxbbugxkfsbmqcjlbmjeaqyg/Build/Intermediates.noindex/GoogleUtilities.build/Debug-iphonesimulator/GoogleUtilities-Network.build/Objects-normal/arm64/GULNetworkURLSession.d --serialize-diagnostics /Users/fukushimatakumi/Library/Developer/Xcode/DerivedData/SugarBeat-hgoxfxbbugxkfsbmqcjlbmjeaqyg/Build/Intermediates.noindex/GoogleUtilities.build/Debug-iphonesimulator/GoogleUtilities-Network.build/Objects-normal/arm64/GULNetworkURLSession.dia -c /Users/fukushimatakumi/Library/Developer/Xcode/DerivedData/SugarBeat-hgoxfxbbugxkfsbmqcjlbmjeaqyg/SourcePackages/checkouts/GoogleUtilities/GoogleUtilities/Network/GULNetworkURLSession.m -o /Users/fukushimatakumi/Library/Developer/Xcode/DerivedData/SugarBeat-hgoxfxbbugxkfsbmqcjlbmjeaqyg/Build/Intermediates.noindex/GoogleUtilities.build/Debug-iphonesimulator/GoogleUtilities-Network.build/Objects-normal/arm64/GULNetworkURLSession.o -index-unit-output-path /GoogleUtilities.build/Debug-iphonesimulator/GoogleUtilities-Network.build/Objects-normal/arm64/GULNetworkURLSession.o

CompileC /Users/fukushimatakumi/Library/Developer/Xcode/DerivedData/SugarBeat-hgoxfxbbugxkfsbmqcjlbmjeaqyg/Build/Intermediates.noindex/GoogleUtilities.build/Debug-iphonesimulator/GoogleUtilities-Network.build/Objects-normal/arm64/GULNetworkConstants.o /Users/fukushimatakumi/Library/Developer/Xcode/DerivedData/SugarBeat-hgoxfxbbugxkfsbmqcjlbmjeaqyg/SourcePackages/checkouts/GoogleUtilities/GoogleUtilities/Network/GULNetworkConstants.m normal arm64 objective-c com.apple.compilers.llvm.clang.1_0.compiler (in target 'GoogleUtilities-Network' from project 'GoogleUtilities')
    cd /Users/fukushimatakumi/develop/sugarbeat/sugarbeat-front
    
    Using response file: /Users/fukushimatakumi/Library/Developer/Xcode/DerivedData/SugarBeat-hgoxfxbbugxkfsbmqcjlbmjeaqyg/Build/Intermediates.noindex/GoogleUtilities.build/Debug-iphonesimulator/GoogleUtilities-Network.build/Objects-normal/arm64/e6072d4f65d7061329687fe24e3d63a7-common-args.resp
    
    /Applications/Xcode.app/Contents/Developer/Toolchains/XcodeDefault.xctoolchain/usr/bin/clang -x objective-c -ivfsstatcache /Users/fukushimatakumi/Library/Developer/Xcode/DerivedData/SDKStatCaches.noindex/iphonesimulator18.4-22E235-71825a6d136aa4733edcbe86ece5525b.sdkstatcache -fmessage-length\=0 -fdiagnostics-show-note-include-stack -fmacro-backtrace-limit\=0 -fno-color-diagnostics -fmodules-prune-interval\=86400 -fmodules-prune-after\=345600 -fbuild-session-file\=/Users/fukushimatakumi/Library/Developer/Xcode/DerivedData/ModuleCache.noindex/Session.modulevalidation -fmodules-validate-once-per-build-session -Wnon-modular-include-in-framework-module -Werror\=non-modular-include-in-framework-module -Wno-trigraphs -Wno-missing-field-initializers -Wno-missing-prototypes -Wno-return-type -Wno-implicit-atomic-properties -Wno-objc-interface-ivars -Wno-arc-repeated-use-of-weak -Wno-missing-braces -Wparentheses -Wswitch -Wno-unused-function -Wno-unused-label -Wno-unused-parameter -Wno-unused-variable -Wunused-value -Wno-empty-body -Wno-uninitialized -Wno-unknown-pragmas -w -Wno-shadow -Wno-four-char-constants -Wno-conversion -Wno-constant-conversion -Wno-int-conversion -Wno-bool-conversion -Wno-enum-conversion -Wno-float-conversion -Wno-non-literal-null-conversion -Wno-objc-literal-conversion -Wshorten-64-to-32 -Wpointer-sign -Wno-newline-eof -Wno-selector -Wno-strict-selector-match -Wno-undeclared-selector -Wno-deprecated-implementations -Wno-implicit-fallthrough -fstrict-aliasing -Wprotocol -Wdeprecated-declarations -Wno-sign-conversion -Wno-infinite-recursion -Wno-comma -Wno-block-capture-autoreleasing -Wno-strict-prototypes -Wno-semicolon-before-method-body -index-store-path /Users/fukushimatakumi/Library/Developer/Xcode/DerivedData/SugarBeat-hgoxfxbbugxkfsbmqcjlbmjeaqyg/Index.noindex/DataStore @/Users/fukushimatakumi/Library/Developer/Xcode/DerivedData/SugarBeat-hgoxfxbbugxkfsbmqcjlbmjeaqyg/Build/Intermediates.noindex/GoogleUtilities.build/Debug-iphonesimulator/GoogleUtilities-Network.build/Objects-normal/arm64/e6072d4f65d7061329687fe24e3d63a7-common-args.resp -include /Users/fukushimatakumi/Library/Developer/Xcode/DerivedData/SugarBeat-hgoxfxbbugxkfsbmqcjlbmjeaqyg/Build/Intermediates.noindex/GoogleUtilities.build/Debug-iphonesimulator/GoogleUtilities-Network.build/DerivedSources/resource_bundle_accessor.h -MMD -MT dependencies -MF /Users/fukushimatakumi/Library/Developer/Xcode/DerivedData/SugarBeat-hgoxfxbbugxkfsbmqcjlbmjeaqyg/Build/Intermediates.noindex/GoogleUtilities.build/Debug-iphonesimulator/GoogleUtilities-Network.build/Objects-normal/arm64/GULNetworkConstants.d --serialize-diagnostics /Users/fukushimatakumi/Library/Developer/Xcode/DerivedData/SugarBeat-hgoxfxbbugxkfsbmqcjlbmjeaqyg/Build/Intermediates.noindex/GoogleUtilities.build/Debug-iphonesimulator/GoogleUtilities-Network.build/Objects-normal/arm64/GULNetworkConstants.dia -c /Users/fukushimatakumi/Library/Developer/Xcode/DerivedData/SugarBeat-hgoxfxbbugxkfsbmqcjlbmjeaqyg/SourcePackages/checkouts/GoogleUtilities/GoogleUtilities/Network/GULNetworkConstants.m -o /Users/fukushimatakumi/Library/Developer/Xcode/DerivedData/SugarBeat-hgoxfxbbugxkfsbmqcjlbmjeaqyg/Build/Intermediates.noindex/GoogleUtilities.build/Debug-iphonesimulator/GoogleUtilities-Network.build/Objects-normal/arm64/GULNetworkConstants.o -index-unit-output-path /GoogleUtilities.build/Debug-iphonesimulator/GoogleUtilities-Network.build/Objects-normal/arm64/GULNetworkConstants.o

CompileC /Users/fukushimatakumi/Library/Developer/Xcode/DerivedData/SugarBeat-hgoxfxbbugxkfsbmqcjlbmjeaqyg/Build/Intermediates.noindex/GoogleUtilities.build/Debug-iphonesimulator/GoogleUtilities-Network.build/Objects-normal/arm64/resource_bundle_accessor.o /Users/fukushimatakumi/Library/Developer/Xcode/DerivedData/SugarBeat-hgoxfxbbugxkfsbmqcjlbmjeaqyg/Build/Intermediates.noindex/GoogleUtilities.build/Debug-iphonesimulator/GoogleUtilities-Network.build/DerivedSources/resource_bundle_accessor.m normal arm64 objective-c com.apple.compilers.llvm.clang.1_0.compiler (in target 'GoogleUtilities-Network' from project 'GoogleUtilities')
    cd /Users/fukushimatakumi/develop/sugarbeat/sugarbeat-front
    
    Using response file: /Users/fukushimatakumi/Library/Developer/Xcode/DerivedData/SugarBeat-hgoxfxbbugxkfsbmqcjlbmjeaqyg/Build/Intermediates.noindex/GoogleUtilities.build/Debug-iphonesimulator/GoogleUtilities-Network.build/Objects-normal/arm64/e6072d4f65d7061329687fe24e3d63a7-common-args.resp
    
    /Applications/Xcode.app/Contents/Developer/Toolchains/XcodeDefault.xctoolchain/usr/bin/clang -x objective-c -ivfsstatcache /Users/fukushimatakumi/Library/Developer/Xcode/DerivedData/SDKStatCaches.noindex/iphonesimulator18.4-22E235-71825a6d136aa4733edcbe86ece5525b.sdkstatcache -fmessage-length\=0 -fdiagnostics-show-note-include-stack -fmacro-backtrace-limit\=0 -fno-color-diagnostics -fmodules-prune-interval\=86400 -fmodules-prune-after\=345600 -fbuild-session-file\=/Users/fukushimatakumi/Library/Developer/Xcode/DerivedData/ModuleCache.noindex/Session.modulevalidation -fmodules-validate-once-per-build-session -Wnon-modular-include-in-framework-module -Werror\=non-modular-include-in-framework-module -Wno-trigraphs -Wno-missing-field-initializers -Wno-missing-prototypes -Wno-return-type -Wno-implicit-atomic-properties -Wno-objc-interface-ivars -Wno-arc-repeated-use-of-weak -Wno-missing-braces -Wparentheses -Wswitch -Wno-unused-function -Wno-unused-label -Wno-unused-parameter -Wno-unused-variable -Wunused-value -Wno-empty-body -Wno-uninitialized -Wno-unknown-pragmas -w -Wno-shadow -Wno-four-char-constants -Wno-conversion -Wno-constant-conversion -Wno-int-conversion -Wno-bool-conversion -Wno-enum-conversion -Wno-float-conversion -Wno-non-literal-null-conversion -Wno-objc-literal-conversion -Wshorten-64-to-32 -Wpointer-sign -Wno-newline-eof -Wno-selector -Wno-strict-selector-match -Wno-undeclared-selector -Wno-deprecated-implementations -Wno-implicit-fallthrough -fstrict-aliasing -Wprotocol -Wdeprecated-declarations -Wno-sign-conversion -Wno-infinite-recursion -Wno-comma -Wno-block-capture-autoreleasing -Wno-strict-prototypes -Wno-semicolon-before-method-body -index-store-path /Users/fukushimatakumi/Library/Developer/Xcode/DerivedData/SugarBeat-hgoxfxbbugxkfsbmqcjlbmjeaqyg/Index.noindex/DataStore @/Users/fukushimatakumi/Library/Developer/Xcode/DerivedData/SugarBeat-hgoxfxbbugxkfsbmqcjlbmjeaqyg/Build/Intermediates.noindex/GoogleUtilities.build/Debug-iphonesimulator/GoogleUtilities-Network.build/Objects-normal/arm64/e6072d4f65d7061329687fe24e3d63a7-common-args.resp -include /Users/fukushimatakumi/Library/Developer/Xcode/DerivedData/SugarBeat-hgoxfxbbugxkfsbmqcjlbmjeaqyg/Build/Intermediates.noindex/GoogleUtilities.build/Debug-iphonesimulator/GoogleUtilities-Network.build/DerivedSources/resource_bundle_accessor.h -MMD -MT dependencies -MF /Users/fukushimatakumi/Library/Developer/Xcode/DerivedData/SugarBeat-hgoxfxbbugxkfsbmqcjlbmjeaqyg/Build/Intermediates.noindex/GoogleUtilities.build/Debug-iphonesimulator/GoogleUtilities-Network.build/Objects-normal/arm64/resource_bundle_accessor.d --serialize-diagnostics /Users/fukushimatakumi/Library/Developer/Xcode/DerivedData/SugarBeat-hgoxfxbbugxkfsbmqcjlbmjeaqyg/Build/Intermediates.noindex/GoogleUtilities.build/Debug-iphonesimulator/GoogleUtilities-Network.build/Objects-normal/arm64/resource_bundle_accessor.dia -c /Users/fukushimatakumi/Library/Developer/Xcode/DerivedData/SugarBeat-hgoxfxbbugxkfsbmqcjlbmjeaqyg/Build/Intermediates.noindex/GoogleUtilities.build/Debug-iphonesimulator/GoogleUtilities-Network.build/DerivedSources/resource_bundle_accessor.m -o /Users/fukushimatakumi/Library/Developer/Xcode/DerivedData/SugarBeat-hgoxfxbbugxkfsbmqcjlbmjeaqyg/Build/Intermediates.noindex/GoogleUtilities.build/Debug-iphonesimulator/GoogleUtilities-Network.build/Objects-normal/arm64/resource_bundle_accessor.o -index-unit-output-path /GoogleUtilities.build/Debug-iphonesimulator/GoogleUtilities-Network.build/Objects-normal/arm64/resource_bundle_accessor.o

SwiftDriverJobDiscovery normal arm64 Compiling HeartbeatsPayload.swift, RingBuffer.swift (in target 'FirebaseCoreInternal' from project 'Firebase')

SwiftCompile normal arm64 Compiling\ AuthSessionDelegate.swift /Users/fukushimatakumi/Library/Developer/Xcode/DerivedData/SugarBeat-hgoxfxbbugxkfsbmqcjlbmjeaqyg/SourcePackages/checkouts/GTMAppAuth/GTMAppAuth/Sources/AuthSessionDelegate.swift (in target 'GTMAppAuth' from project 'GTMAppAuth')

SwiftCompile normal arm64 /Users/fukushimatakumi/Library/Developer/Xcode/DerivedData/SugarBeat-hgoxfxbbugxkfsbmqcjlbmjeaqyg/SourcePackages/checkouts/GTMAppAuth/GTMAppAuth/Sources/AuthSessionDelegate.swift (in target 'GTMAppAuth' from project 'GTMAppAuth')
    cd /Users/fukushimatakumi/develop/sugarbeat/sugarbeat-front
    

SwiftCompile normal arm64 Compiling\ AuthSessionStore.swift /Users/fukushimatakumi/Library/Developer/Xcode/DerivedData/SugarBeat-hgoxfxbbugxkfsbmqcjlbmjeaqyg/SourcePackages/checkouts/GTMAppAuth/GTMAppAuth/Sources/AuthSessionStore.swift (in target 'GTMAppAuth' from project 'GTMAppAuth')

SwiftCompile normal arm64 /Users/fukushimatakumi/Library/Developer/Xcode/DerivedData/SugarBeat-hgoxfxbbugxkfsbmqcjlbmjeaqyg/SourcePackages/checkouts/GTMAppAuth/GTMAppAuth/Sources/AuthSessionStore.swift (in target 'GTMAppAuth' from project 'GTMAppAuth')
    cd /Users/fukushimatakumi/develop/sugarbeat/sugarbeat-front
    

CompileC /Users/fukushimatakumi/Library/Developer/Xcode/DerivedData/SugarBeat-hgoxfxbbugxkfsbmqcjlbmjeaqyg/Build/Intermediates.noindex/GoogleUtilities.build/Debug-iphonesimulator/GoogleUtilities-Network.build/Objects-normal/arm64/GULMutableDictionary.o /Users/fukushimatakumi/Library/Developer/Xcode/DerivedData/SugarBeat-hgoxfxbbugxkfsbmqcjlbmjeaqyg/SourcePackages/checkouts/GoogleUtilities/GoogleUtilities/Network/GULMutableDictionary.m normal arm64 objective-c com.apple.compilers.llvm.clang.1_0.compiler (in target 'GoogleUtilities-Network' from project 'GoogleUtilities')
    cd /Users/fukushimatakumi/develop/sugarbeat/sugarbeat-front
    
    Using response file: /Users/fukushimatakumi/Library/Developer/Xcode/DerivedData/SugarBeat-hgoxfxbbugxkfsbmqcjlbmjeaqyg/Build/Intermediates.noindex/GoogleUtilities.build/Debug-iphonesimulator/GoogleUtilities-Network.build/Objects-normal/arm64/e6072d4f65d7061329687fe24e3d63a7-common-args.resp
    
    /Applications/Xcode.app/Contents/Developer/Toolchains/XcodeDefault.xctoolchain/usr/bin/clang -x objective-c -ivfsstatcache /Users/fukushimatakumi/Library/Developer/Xcode/DerivedData/SDKStatCaches.noindex/iphonesimulator18.4-22E235-71825a6d136aa4733edcbe86ece5525b.sdkstatcache -fmessage-length\=0 -fdiagnostics-show-note-include-stack -fmacro-backtrace-limit\=0 -fno-color-diagnostics -fmodules-prune-interval\=86400 -fmodules-prune-after\=345600 -fbuild-session-file\=/Users/fukushimatakumi/Library/Developer/Xcode/DerivedData/ModuleCache.noindex/Session.modulevalidation -fmodules-validate-once-per-build-session -Wnon-modular-include-in-framework-module -Werror\=non-modular-include-in-framework-module -Wno-trigraphs -Wno-missing-field-initializers -Wno-missing-prototypes -Wno-return-type -Wno-implicit-atomic-properties -Wno-objc-interface-ivars -Wno-arc-repeated-use-of-weak -Wno-missing-braces -Wparentheses -Wswitch -Wno-unused-function -Wno-unused-label -Wno-unused-parameter -Wno-unused-variable -Wunused-value -Wno-empty-body -Wno-uninitialized -Wno-unknown-pragmas -w -Wno-shadow -Wno-four-char-constants -Wno-conversion -Wno-constant-conversion -Wno-int-conversion -Wno-bool-conversion -Wno-enum-conversion -Wno-float-conversion -Wno-non-literal-null-conversion -Wno-objc-literal-conversion -Wshorten-64-to-32 -Wpointer-sign -Wno-newline-eof -Wno-selector -Wno-strict-selector-match -Wno-undeclared-selector -Wno-deprecated-implementations -Wno-implicit-fallthrough -fstrict-aliasing -Wprotocol -Wdeprecated-declarations -Wno-sign-conversion -Wno-infinite-recursion -Wno-comma -Wno-block-capture-autoreleasing -Wno-strict-prototypes -Wno-semicolon-before-method-body -index-store-path /Users/fukushimatakumi/Library/Developer/Xcode/DerivedData/SugarBeat-hgoxfxbbugxkfsbmqcjlbmjeaqyg/Index.noindex/DataStore @/Users/fukushimatakumi/Library/Developer/Xcode/DerivedData/SugarBeat-hgoxfxbbugxkfsbmqcjlbmjeaqyg/Build/Intermediates.noindex/GoogleUtilities.build/Debug-iphonesimulator/GoogleUtilities-Network.build/Objects-normal/arm64/e6072d4f65d7061329687fe24e3d63a7-common-args.resp -include /Users/fukushimatakumi/Library/Developer/Xcode/DerivedData/SugarBeat-hgoxfxbbugxkfsbmqcjlbmjeaqyg/Build/Intermediates.noindex/GoogleUtilities.build/Debug-iphonesimulator/GoogleUtilities-Network.build/DerivedSources/resource_bundle_accessor.h -MMD -MT dependencies -MF /Users/fukushimatakumi/Library/Developer/Xcode/DerivedData/SugarBeat-hgoxfxbbugxkfsbmqcjlbmjeaqyg/Build/Intermediates.noindex/GoogleUtilities.build/Debug-iphonesimulator/GoogleUtilities-Network.build/Objects-normal/arm64/GULMutableDictionary.d --serialize-diagnostics /Users/fukushimatakumi/Library/Developer/Xcode/DerivedData/SugarBeat-hgoxfxbbugxkfsbmqcjlbmjeaqyg/Build/Intermediates.noindex/GoogleUtilities.build/Debug-iphonesimulator/GoogleUtilities-Network.build/Objects-normal/arm64/GULMutableDictionary.dia -c /Users/fukushimatakumi/Library/Developer/Xcode/DerivedData/SugarBeat-hgoxfxbbugxkfsbmqcjlbmjeaqyg/SourcePackages/checkouts/GoogleUtilities/GoogleUtilities/Network/GULMutableDictionary.m -o /Users/fukushimatakumi/Library/Developer/Xcode/DerivedData/SugarBeat-hgoxfxbbugxkfsbmqcjlbmjeaqyg/Build/Intermediates.noindex/GoogleUtilities.build/Debug-iphonesimulator/GoogleUtilities-Network.build/Objects-normal/arm64/GULMutableDictionary.o -index-unit-output-path /GoogleUtilities.build/Debug-iphonesimulator/GoogleUtilities-Network.build/Objects-normal/arm64/GULMutableDictionary.o

SwiftCompile normal arm64 Compiling\ KeychainAttribute.swift /Users/fukushimatakumi/Library/Developer/Xcode/DerivedData/SugarBeat-hgoxfxbbugxkfsbmqcjlbmjeaqyg/SourcePackages/checkouts/GTMAppAuth/GTMAppAuth/Sources/KeychainStore/KeychainAttribute.swift (in target 'GTMAppAuth' from project 'GTMAppAuth')

SwiftCompile normal arm64 /Users/fukushimatakumi/Library/Developer/Xcode/DerivedData/SugarBeat-hgoxfxbbugxkfsbmqcjlbmjeaqyg/SourcePackages/checkouts/GTMAppAuth/GTMAppAuth/Sources/KeychainStore/KeychainAttribute.swift (in target 'GTMAppAuth' from project 'GTMAppAuth')
    cd /Users/fukushimatakumi/develop/sugarbeat/sugarbeat-front
    

PrecompileModule /Users/fukushimatakumi/Library/Developer/Xcode/DerivedData/SugarBeat-hgoxfxbbugxkfsbmqcjlbmjeaqyg/Build/Intermediates.noindex/ExplicitPrecompiledModules/GoogleUtilities_NSData-4R2VWS4O3IJNE50HDTP7RVYEN.scan
    cd /Users/fukushimatakumi/develop/sugarbeat/sugarbeat-front
    builtin-precompileModule /Users/fukushimatakumi/Library/Developer/Xcode/DerivedData/SugarBeat-hgoxfxbbugxkfsbmqcjlbmjeaqyg/Build/Intermediates.noindex/ExplicitPrecompiledModules/GoogleUtilities_NSData-4R2VWS4O3IJNE50HDTP7RVYEN.scan

CompileC /Users/fukushimatakumi/Library/Developer/Xcode/DerivedData/SugarBeat-hgoxfxbbugxkfsbmqcjlbmjeaqyg/Build/Intermediates.noindex/GTMSessionFetcher.build/Debug-iphonesimulator/GTMSessionFetcherCore.build/Objects-normal/arm64/GTMSessionUploadFetcher.o /Users/fukushimatakumi/Library/Developer/Xcode/DerivedData/SugarBeat-hgoxfxbbugxkfsbmqcjlbmjeaqyg/SourcePackages/checkouts/gtm-session-fetcher/Sources/Core/GTMSessionUploadFetcher.m normal arm64 objective-c com.apple.compilers.llvm.clang.1_0.compiler (in target 'GTMSessionFetcherCore' from project 'GTMSessionFetcher')
    cd /Users/fukushimatakumi/develop/sugarbeat/sugarbeat-front
    
    Using response file: /Users/fukushimatakumi/Library/Developer/Xcode/DerivedData/SugarBeat-hgoxfxbbugxkfsbmqcjlbmjeaqyg/Build/Intermediates.noindex/GTMSessionFetcher.build/Debug-iphonesimulator/GTMSessionFetcherCore.build/Objects-normal/arm64/e6072d4f65d7061329687fe24e3d63a7-common-args.resp
    
    /Applications/Xcode.app/Contents/Developer/Toolchains/XcodeDefault.xctoolchain/usr/bin/clang -x objective-c -ivfsstatcache /Users/fukushimatakumi/Library/Developer/Xcode/DerivedData/SDKStatCaches.noindex/iphonesimulator18.4-22E235-71825a6d136aa4733edcbe86ece5525b.sdkstatcache -fmessage-length\=0 -fdiagnostics-show-note-include-stack -fmacro-backtrace-limit\=0 -fno-color-diagnostics -fmodules-prune-interval\=86400 -fmodules-prune-after\=345600 -fbuild-session-file\=/Users/fukushimatakumi/Library/Developer/Xcode/DerivedData/ModuleCache.noindex/Session.modulevalidation -fmodules-validate-once-per-build-session -Wnon-modular-include-in-framework-module -Werror\=non-modular-include-in-framework-module -Wno-trigraphs -Wno-missing-field-initializers -Wno-missing-prototypes -Wno-return-type -Wno-implicit-atomic-properties -Wno-objc-interface-ivars -Wno-arc-repeated-use-of-weak -Wno-missing-braces -Wparentheses -Wswitch -Wno-unused-function -Wno-unused-label -Wno-unused-parameter -Wno-unused-variable -Wunused-value -Wno-empty-body -Wno-uninitialized -Wno-unknown-pragmas -w -Wno-shadow -Wno-four-char-constants -Wno-conversion -Wno-constant-conversion -Wno-int-conversion -Wno-bool-conversion -Wno-enum-conversion -Wno-float-conversion -Wno-non-literal-null-conversion -Wno-objc-literal-conversion -Wshorten-64-to-32 -Wpointer-sign -Wno-newline-eof -Wno-selector -Wno-strict-selector-match -Wno-undeclared-selector -Wno-deprecated-implementations -Wno-implicit-fallthrough -fstrict-aliasing -Wprotocol -Wdeprecated-declarations -Wno-sign-conversion -Wno-infinite-recursion -Wno-comma -Wno-block-capture-autoreleasing -Wno-strict-prototypes -Wno-semicolon-before-method-body -index-store-path /Users/fukushimatakumi/Library/Developer/Xcode/DerivedData/SugarBeat-hgoxfxbbugxkfsbmqcjlbmjeaqyg/Index.noindex/DataStore @/Users/fukushimatakumi/Library/Developer/Xcode/DerivedData/SugarBeat-hgoxfxbbugxkfsbmqcjlbmjeaqyg/Build/Intermediates.noindex/GTMSessionFetcher.build/Debug-iphonesimulator/GTMSessionFetcherCore.build/Objects-normal/arm64/e6072d4f65d7061329687fe24e3d63a7-common-args.resp -include /Users/fukushimatakumi/Library/Developer/Xcode/DerivedData/SugarBeat-hgoxfxbbugxkfsbmqcjlbmjeaqyg/Build/Intermediates.noindex/GTMSessionFetcher.build/Debug-iphonesimulator/GTMSessionFetcherCore.build/DerivedSources/resource_bundle_accessor.h -MMD -MT dependencies -MF /Users/fukushimatakumi/Library/Developer/Xcode/DerivedData/SugarBeat-hgoxfxbbugxkfsbmqcjlbmjeaqyg/Build/Intermediates.noindex/GTMSessionFetcher.build/Debug-iphonesimulator/GTMSessionFetcherCore.build/Objects-normal/arm64/GTMSessionUploadFetcher.d --serialize-diagnostics /Users/fukushimatakumi/Library/Developer/Xcode/DerivedData/SugarBeat-hgoxfxbbugxkfsbmqcjlbmjeaqyg/Build/Intermediates.noindex/GTMSessionFetcher.build/Debug-iphonesimulator/GTMSessionFetcherCore.build/Objects-normal/arm64/GTMSessionUploadFetcher.dia -c /Users/fukushimatakumi/Library/Developer/Xcode/DerivedData/SugarBeat-hgoxfxbbugxkfsbmqcjlbmjeaqyg/SourcePackages/checkouts/gtm-session-fetcher/Sources/Core/GTMSessionUploadFetcher.m -o /Users/fukushimatakumi/Library/Developer/Xcode/DerivedData/SugarBeat-hgoxfxbbugxkfsbmqcjlbmjeaqyg/Build/Intermediates.noindex/GTMSessionFetcher.build/Debug-iphonesimulator/GTMSessionFetcherCore.build/Objects-normal/arm64/GTMSessionUploadFetcher.o -index-unit-output-path /GTMSessionFetcher.build/Debug-iphonesimulator/GTMSessionFetcherCore.build/Objects-normal/arm64/GTMSessionUploadFetcher.o

CompileC /Users/fukushimatakumi/Library/Developer/Xcode/DerivedData/SugarBeat-hgoxfxbbugxkfsbmqcjlbmjeaqyg/Build/Intermediates.noindex/GTMSessionFetcher.build/Debug-iphonesimulator/GTMSessionFetcherCore.build/Objects-normal/arm64/GTMSessionFetcherService.o /Users/fukushimatakumi/Library/Developer/Xcode/DerivedData/SugarBeat-hgoxfxbbugxkfsbmqcjlbmjeaqyg/SourcePackages/checkouts/gtm-session-fetcher/Sources/Core/GTMSessionFetcherService.m normal arm64 objective-c com.apple.compilers.llvm.clang.1_0.compiler (in target 'GTMSessionFetcherCore' from project 'GTMSessionFetcher')
    cd /Users/fukushimatakumi/develop/sugarbeat/sugarbeat-front
    
    Using response file: /Users/fukushimatakumi/Library/Developer/Xcode/DerivedData/SugarBeat-hgoxfxbbugxkfsbmqcjlbmjeaqyg/Build/Intermediates.noindex/GTMSessionFetcher.build/Debug-iphonesimulator/GTMSessionFetcherCore.build/Objects-normal/arm64/e6072d4f65d7061329687fe24e3d63a7-common-args.resp
    
    /Applications/Xcode.app/Contents/Developer/Toolchains/XcodeDefault.xctoolchain/usr/bin/clang -x objective-c -ivfsstatcache /Users/fukushimatakumi/Library/Developer/Xcode/DerivedData/SDKStatCaches.noindex/iphonesimulator18.4-22E235-71825a6d136aa4733edcbe86ece5525b.sdkstatcache -fmessage-length\=0 -fdiagnostics-show-note-include-stack -fmacro-backtrace-limit\=0 -fno-color-diagnostics -fmodules-prune-interval\=86400 -fmodules-prune-after\=345600 -fbuild-session-file\=/Users/fukushimatakumi/Library/Developer/Xcode/DerivedData/ModuleCache.noindex/Session.modulevalidation -fmodules-validate-once-per-build-session -Wnon-modular-include-in-framework-module -Werror\=non-modular-include-in-framework-module -Wno-trigraphs -Wno-missing-field-initializers -Wno-missing-prototypes -Wno-return-type -Wno-implicit-atomic-properties -Wno-objc-interface-ivars -Wno-arc-repeated-use-of-weak -Wno-missing-braces -Wparentheses -Wswitch -Wno-unused-function -Wno-unused-label -Wno-unused-parameter -Wno-unused-variable -Wunused-value -Wno-empty-body -Wno-uninitialized -Wno-unknown-pragmas -w -Wno-shadow -Wno-four-char-constants -Wno-conversion -Wno-constant-conversion -Wno-int-conversion -Wno-bool-conversion -Wno-enum-conversion -Wno-float-conversion -Wno-non-literal-null-conversion -Wno-objc-literal-conversion -Wshorten-64-to-32 -Wpointer-sign -Wno-newline-eof -Wno-selector -Wno-strict-selector-match -Wno-undeclared-selector -Wno-deprecated-implementations -Wno-implicit-fallthrough -fstrict-aliasing -Wprotocol -Wdeprecated-declarations -Wno-sign-conversion -Wno-infinite-recursion -Wno-comma -Wno-block-capture-autoreleasing -Wno-strict-prototypes -Wno-semicolon-before-method-body -index-store-path /Users/fukushimatakumi/Library/Developer/Xcode/DerivedData/SugarBeat-hgoxfxbbugxkfsbmqcjlbmjeaqyg/Index.noindex/DataStore @/Users/fukushimatakumi/Library/Developer/Xcode/DerivedData/SugarBeat-hgoxfxbbugxkfsbmqcjlbmjeaqyg/Build/Intermediates.noindex/GTMSessionFetcher.build/Debug-iphonesimulator/GTMSessionFetcherCore.build/Objects-normal/arm64/e6072d4f65d7061329687fe24e3d63a7-common-args.resp -include /Users/fukushimatakumi/Library/Developer/Xcode/DerivedData/SugarBeat-hgoxfxbbugxkfsbmqcjlbmjeaqyg/Build/Intermediates.noindex/GTMSessionFetcher.build/Debug-iphonesimulator/GTMSessionFetcherCore.build/DerivedSources/resource_bundle_accessor.h -MMD -MT dependencies -MF /Users/fukushimatakumi/Library/Developer/Xcode/DerivedData/SugarBeat-hgoxfxbbugxkfsbmqcjlbmjeaqyg/Build/Intermediates.noindex/GTMSessionFetcher.build/Debug-iphonesimulator/GTMSessionFetcherCore.build/Objects-normal/arm64/GTMSessionFetcherService.d --serialize-diagnostics /Users/fukushimatakumi/Library/Developer/Xcode/DerivedData/SugarBeat-hgoxfxbbugxkfsbmqcjlbmjeaqyg/Build/Intermediates.noindex/GTMSessionFetcher.build/Debug-iphonesimulator/GTMSessionFetcherCore.build/Objects-normal/arm64/GTMSessionFetcherService.dia -c /Users/fukushimatakumi/Library/Developer/Xcode/DerivedData/SugarBeat-hgoxfxbbugxkfsbmqcjlbmjeaqyg/SourcePackages/checkouts/gtm-session-fetcher/Sources/Core/GTMSessionFetcherService.m -o /Users/fukushimatakumi/Library/Developer/Xcode/DerivedData/SugarBeat-hgoxfxbbugxkfsbmqcjlbmjeaqyg/Build/Intermediates.noindex/GTMSessionFetcher.build/Debug-iphonesimulator/GTMSessionFetcherCore.build/Objects-normal/arm64/GTMSessionFetcherService.o -index-unit-output-path /GTMSessionFetcher.build/Debug-iphonesimulator/GTMSessionFetcherCore.build/Objects-normal/arm64/GTMSessionFetcherService.o

CompileC /Users/fukushimatakumi/Library/Developer/Xcode/DerivedData/SugarBeat-hgoxfxbbugxkfsbmqcjlbmjeaqyg/Build/Intermediates.noindex/GTMSessionFetcher.build/Debug-iphonesimulator/GTMSessionFetcherCore.build/Objects-normal/arm64/GTMSessionFetcherLogging.o /Users/fukushimatakumi/Library/Developer/Xcode/DerivedData/SugarBeat-hgoxfxbbugxkfsbmqcjlbmjeaqyg/SourcePackages/checkouts/gtm-session-fetcher/Sources/Core/GTMSessionFetcherLogging.m normal arm64 objective-c com.apple.compilers.llvm.clang.1_0.compiler (in target 'GTMSessionFetcherCore' from project 'GTMSessionFetcher')
    cd /Users/fukushimatakumi/develop/sugarbeat/sugarbeat-front
    
    Using response file: /Users/fukushimatakumi/Library/Developer/Xcode/DerivedData/SugarBeat-hgoxfxbbugxkfsbmqcjlbmjeaqyg/Build/Intermediates.noindex/GTMSessionFetcher.build/Debug-iphonesimulator/GTMSessionFetcherCore.build/Objects-normal/arm64/e6072d4f65d7061329687fe24e3d63a7-common-args.resp
    
    /Applications/Xcode.app/Contents/Developer/Toolchains/XcodeDefault.xctoolchain/usr/bin/clang -x objective-c -ivfsstatcache /Users/fukushimatakumi/Library/Developer/Xcode/DerivedData/SDKStatCaches.noindex/iphonesimulator18.4-22E235-71825a6d136aa4733edcbe86ece5525b.sdkstatcache -fmessage-length\=0 -fdiagnostics-show-note-include-stack -fmacro-backtrace-limit\=0 -fno-color-diagnostics -fmodules-prune-interval\=86400 -fmodules-prune-after\=345600 -fbuild-session-file\=/Users/fukushimatakumi/Library/Developer/Xcode/DerivedData/ModuleCache.noindex/Session.modulevalidation -fmodules-validate-once-per-build-session -Wnon-modular-include-in-framework-module -Werror\=non-modular-include-in-framework-module -Wno-trigraphs -Wno-missing-field-initializers -Wno-missing-prototypes -Wno-return-type -Wno-implicit-atomic-properties -Wno-objc-interface-ivars -Wno-arc-repeated-use-of-weak -Wno-missing-braces -Wparentheses -Wswitch -Wno-unused-function -Wno-unused-label -Wno-unused-parameter -Wno-unused-variable -Wunused-value -Wno-empty-body -Wno-uninitialized -Wno-unknown-pragmas -w -Wno-shadow -Wno-four-char-constants -Wno-conversion -Wno-constant-conversion -Wno-int-conversion -Wno-bool-conversion -Wno-enum-conversion -Wno-float-conversion -Wno-non-literal-null-conversion -Wno-objc-literal-conversion -Wshorten-64-to-32 -Wpointer-sign -Wno-newline-eof -Wno-selector -Wno-strict-selector-match -Wno-undeclared-selector -Wno-deprecated-implementations -Wno-implicit-fallthrough -fstrict-aliasing -Wprotocol -Wdeprecated-declarations -Wno-sign-conversion -Wno-infinite-recursion -Wno-comma -Wno-block-capture-autoreleasing -Wno-strict-prototypes -Wno-semicolon-before-method-body -index-store-path /Users/fukushimatakumi/Library/Developer/Xcode/DerivedData/SugarBeat-hgoxfxbbugxkfsbmqcjlbmjeaqyg/Index.noindex/DataStore @/Users/fukushimatakumi/Library/Developer/Xcode/DerivedData/SugarBeat-hgoxfxbbugxkfsbmqcjlbmjeaqyg/Build/Intermediates.noindex/GTMSessionFetcher.build/Debug-iphonesimulator/GTMSessionFetcherCore.build/Objects-normal/arm64/e6072d4f65d7061329687fe24e3d63a7-common-args.resp -include /Users/fukushimatakumi/Library/Developer/Xcode/DerivedData/SugarBeat-hgoxfxbbugxkfsbmqcjlbmjeaqyg/Build/Intermediates.noindex/GTMSessionFetcher.build/Debug-iphonesimulator/GTMSessionFetcherCore.build/DerivedSources/resource_bundle_accessor.h -MMD -MT dependencies -MF /Users/fukushimatakumi/Library/Developer/Xcode/DerivedData/SugarBeat-hgoxfxbbugxkfsbmqcjlbmjeaqyg/Build/Intermediates.noindex/GTMSessionFetcher.build/Debug-iphonesimulator/GTMSessionFetcherCore.build/Objects-normal/arm64/GTMSessionFetcherLogging.d --serialize-diagnostics /Users/fukushimatakumi/Library/Developer/Xcode/DerivedData/SugarBeat-hgoxfxbbugxkfsbmqcjlbmjeaqyg/Build/Intermediates.noindex/GTMSessionFetcher.build/Debug-iphonesimulator/GTMSessionFetcherCore.build/Objects-normal/arm64/GTMSessionFetcherLogging.dia -c /Users/fukushimatakumi/Library/Developer/Xcode/DerivedData/SugarBeat-hgoxfxbbugxkfsbmqcjlbmjeaqyg/SourcePackages/checkouts/gtm-session-fetcher/Sources/Core/GTMSessionFetcherLogging.m -o /Users/fukushimatakumi/Library/Developer/Xcode/DerivedData/SugarBeat-hgoxfxbbugxkfsbmqcjlbmjeaqyg/Build/Intermediates.noindex/GTMSessionFetcher.build/Debug-iphonesimulator/GTMSessionFetcherCore.build/Objects-normal/arm64/GTMSessionFetcherLogging.o -index-unit-output-path /GTMSessionFetcher.build/Debug-iphonesimulator/GTMSessionFetcherCore.build/Objects-normal/arm64/GTMSessionFetcherLogging.o

CompileC /Users/fukushimatakumi/Library/Developer/Xcode/DerivedData/SugarBeat-hgoxfxbbugxkfsbmqcjlbmjeaqyg/Build/Intermediates.noindex/GTMSessionFetcher.build/Debug-iphonesimulator/GTMSessionFetcherCore.build/Objects-normal/arm64/GTMSessionFetcher.o /Users/fukushimatakumi/Library/Developer/Xcode/DerivedData/SugarBeat-hgoxfxbbugxkfsbmqcjlbmjeaqyg/SourcePackages/checkouts/gtm-session-fetcher/Sources/Core/GTMSessionFetcher.m normal arm64 objective-c com.apple.compilers.llvm.clang.1_0.compiler (in target 'GTMSessionFetcherCore' from project 'GTMSessionFetcher')
    cd /Users/fukushimatakumi/develop/sugarbeat/sugarbeat-front
    
    Using response file: /Users/fukushimatakumi/Library/Developer/Xcode/DerivedData/SugarBeat-hgoxfxbbugxkfsbmqcjlbmjeaqyg/Build/Intermediates.noindex/GTMSessionFetcher.build/Debug-iphonesimulator/GTMSessionFetcherCore.build/Objects-normal/arm64/e6072d4f65d7061329687fe24e3d63a7-common-args.resp
    
    /Applications/Xcode.app/Contents/Developer/Toolchains/XcodeDefault.xctoolchain/usr/bin/clang -x objective-c -ivfsstatcache /Users/fukushimatakumi/Library/Developer/Xcode/DerivedData/SDKStatCaches.noindex/iphonesimulator18.4-22E235-71825a6d136aa4733edcbe86ece5525b.sdkstatcache -fmessage-length\=0 -fdiagnostics-show-note-include-stack -fmacro-backtrace-limit\=0 -fno-color-diagnostics -fmodules-prune-interval\=86400 -fmodules-prune-after\=345600 -fbuild-session-file\=/Users/fukushimatakumi/Library/Developer/Xcode/DerivedData/ModuleCache.noindex/Session.modulevalidation -fmodules-validate-once-per-build-session -Wnon-modular-include-in-framework-module -Werror\=non-modular-include-in-framework-module -Wno-trigraphs -Wno-missing-field-initializers -Wno-missing-prototypes -Wno-return-type -Wno-implicit-atomic-properties -Wno-objc-interface-ivars -Wno-arc-repeated-use-of-weak -Wno-missing-braces -Wparentheses -Wswitch -Wno-unused-function -Wno-unused-label -Wno-unused-parameter -Wno-unused-variable -Wunused-value -Wno-empty-body -Wno-uninitialized -Wno-unknown-pragmas -w -Wno-shadow -Wno-four-char-constants -Wno-conversion -Wno-constant-conversion -Wno-int-conversion -Wno-bool-conversion -Wno-enum-conversion -Wno-float-conversion -Wno-non-literal-null-conversion -Wno-objc-literal-conversion -Wshorten-64-to-32 -Wpointer-sign -Wno-newline-eof -Wno-selector -Wno-strict-selector-match -Wno-undeclared-selector -Wno-deprecated-implementations -Wno-implicit-fallthrough -fstrict-aliasing -Wprotocol -Wdeprecated-declarations -Wno-sign-conversion -Wno-infinite-recursion -Wno-comma -Wno-block-capture-autoreleasing -Wno-strict-prototypes -Wno-semicolon-before-method-body -index-store-path /Users/fukushimatakumi/Library/Developer/Xcode/DerivedData/SugarBeat-hgoxfxbbugxkfsbmqcjlbmjeaqyg/Index.noindex/DataStore @/Users/fukushimatakumi/Library/Developer/Xcode/DerivedData/SugarBeat-hgoxfxbbugxkfsbmqcjlbmjeaqyg/Build/Intermediates.noindex/GTMSessionFetcher.build/Debug-iphonesimulator/GTMSessionFetcherCore.build/Objects-normal/arm64/e6072d4f65d7061329687fe24e3d63a7-common-args.resp -include /Users/fukushimatakumi/Library/Developer/Xcode/DerivedData/SugarBeat-hgoxfxbbugxkfsbmqcjlbmjeaqyg/Build/Intermediates.noindex/GTMSessionFetcher.build/Debug-iphonesimulator/GTMSessionFetcherCore.build/DerivedSources/resource_bundle_accessor.h -MMD -MT dependencies -MF /Users/fukushimatakumi/Library/Developer/Xcode/DerivedData/SugarBeat-hgoxfxbbugxkfsbmqcjlbmjeaqyg/Build/Intermediates.noindex/GTMSessionFetcher.build/Debug-iphonesimulator/GTMSessionFetcherCore.build/Objects-normal/arm64/GTMSessionFetcher.d --serialize-diagnostics /Users/fukushimatakumi/Library/Developer/Xcode/DerivedData/SugarBeat-hgoxfxbbugxkfsbmqcjlbmjeaqyg/Build/Intermediates.noindex/GTMSessionFetcher.build/Debug-iphonesimulator/GTMSessionFetcherCore.build/Objects-normal/arm64/GTMSessionFetcher.dia -c /Users/fukushimatakumi/Library/Developer/Xcode/DerivedData/SugarBeat-hgoxfxbbugxkfsbmqcjlbmjeaqyg/SourcePackages/checkouts/gtm-session-fetcher/Sources/Core/GTMSessionFetcher.m -o /Users/fukushimatakumi/Library/Developer/Xcode/DerivedData/SugarBeat-hgoxfxbbugxkfsbmqcjlbmjeaqyg/Build/Intermediates.noindex/GTMSessionFetcher.build/Debug-iphonesimulator/GTMSessionFetcherCore.build/Objects-normal/arm64/GTMSessionFetcher.o -index-unit-output-path /GTMSessionFetcher.build/Debug-iphonesimulator/GTMSessionFetcherCore.build/Objects-normal/arm64/GTMSessionFetcher.o

SwiftDriverJobDiscovery normal arm64 Compiling FirebaseDataEncoder.swift (in target 'FirebaseSharedSwift' from project 'Firebase')

CompileC /Users/fukushimatakumi/Library/Developer/Xcode/DerivedData/SugarBeat-hgoxfxbbugxkfsbmqcjlbmjeaqyg/Build/Intermediates.noindex/AppAuth.build/Debug-iphonesimulator/AppAuth.build/Objects-normal/arm64/OIDExternalUserAgentIOSCustomBrowser.o /Users/fukushimatakumi/Library/Developer/Xcode/DerivedData/SugarBeat-hgoxfxbbugxkfsbmqcjlbmjeaqyg/SourcePackages/checkouts/AppAuth-iOS/Sources/AppAuth/iOS/OIDExternalUserAgentIOSCustomBrowser.m normal arm64 objective-c com.apple.compilers.llvm.clang.1_0.compiler (in target 'AppAuth' from project 'AppAuth')
    cd /Users/fukushimatakumi/develop/sugarbeat/sugarbeat-front
    
    Using response file: /Users/fukushimatakumi/Library/Developer/Xcode/DerivedData/SugarBeat-hgoxfxbbugxkfsbmqcjlbmjeaqyg/Build/Intermediates.noindex/AppAuth.build/Debug-iphonesimulator/AppAuth.build/Objects-normal/arm64/e6072d4f65d7061329687fe24e3d63a7-common-args.resp
    
    /Applications/Xcode.app/Contents/Developer/Toolchains/XcodeDefault.xctoolchain/usr/bin/clang -x objective-c -ivfsstatcache /Users/fukushimatakumi/Library/Developer/Xcode/DerivedData/SDKStatCaches.noindex/iphonesimulator18.4-22E235-71825a6d136aa4733edcbe86ece5525b.sdkstatcache -fmessage-length\=0 -fdiagnostics-show-note-include-stack -fmacro-backtrace-limit\=0 -fno-color-diagnostics -fmodules-prune-interval\=86400 -fmodules-prune-after\=345600 -fbuild-session-file\=/Users/fukushimatakumi/Library/Developer/Xcode/DerivedData/ModuleCache.noindex/Session.modulevalidation -fmodules-validate-once-per-build-session -Wnon-modular-include-in-framework-module -Werror\=non-modular-include-in-framework-module -Wno-trigraphs -Wno-missing-field-initializers -Wno-missing-prototypes -Wno-return-type -Wno-implicit-atomic-properties -Wno-objc-interface-ivars -Wno-arc-repeated-use-of-weak -Wno-missing-braces -Wparentheses -Wswitch -Wno-unused-function -Wno-unused-label -Wno-unused-parameter -Wno-unused-variable -Wunused-value -Wno-empty-body -Wno-uninitialized -Wno-unknown-pragmas -w -Wno-shadow -Wno-four-char-constants -Wno-conversion -Wno-constant-conversion -Wno-int-conversion -Wno-bool-conversion -Wno-enum-conversion -Wno-float-conversion -Wno-non-literal-null-conversion -Wno-objc-literal-conversion -Wshorten-64-to-32 -Wpointer-sign -Wno-newline-eof -Wno-selector -Wno-strict-selector-match -Wno-undeclared-selector -Wno-deprecated-implementations -Wno-implicit-fallthrough -fstrict-aliasing -Wprotocol -Wdeprecated-declarations -Wno-sign-conversion -Wno-infinite-recursion -Wno-comma -Wno-block-capture-autoreleasing -Wno-strict-prototypes -Wno-semicolon-before-method-body -index-store-path /Users/fukushimatakumi/Library/Developer/Xcode/DerivedData/SugarBeat-hgoxfxbbugxkfsbmqcjlbmjeaqyg/Index.noindex/DataStore @/Users/fukushimatakumi/Library/Developer/Xcode/DerivedData/SugarBeat-hgoxfxbbugxkfsbmqcjlbmjeaqyg/Build/Intermediates.noindex/AppAuth.build/Debug-iphonesimulator/AppAuth.build/Objects-normal/arm64/e6072d4f65d7061329687fe24e3d63a7-common-args.resp -include /Users/fukushimatakumi/Library/Developer/Xcode/DerivedData/SugarBeat-hgoxfxbbugxkfsbmqcjlbmjeaqyg/Build/Intermediates.noindex/AppAuth.build/Debug-iphonesimulator/AppAuth.build/DerivedSources/resource_bundle_accessor.h -MMD -MT dependencies -MF /Users/fukushimatakumi/Library/Developer/Xcode/DerivedData/SugarBeat-hgoxfxbbugxkfsbmqcjlbmjeaqyg/Build/Intermediates.noindex/AppAuth.build/Debug-iphonesimulator/AppAuth.build/Objects-normal/arm64/OIDExternalUserAgentIOSCustomBrowser.d --serialize-diagnostics /Users/fukushimatakumi/Library/Developer/Xcode/DerivedData/SugarBeat-hgoxfxbbugxkfsbmqcjlbmjeaqyg/Build/Intermediates.noindex/AppAuth.build/Debug-iphonesimulator/AppAuth.build/Objects-normal/arm64/OIDExternalUserAgentIOSCustomBrowser.dia -c /Users/fukushimatakumi/Library/Developer/Xcode/DerivedData/SugarBeat-hgoxfxbbugxkfsbmqcjlbmjeaqyg/SourcePackages/checkouts/AppAuth-iOS/Sources/AppAuth/iOS/OIDExternalUserAgentIOSCustomBrowser.m -o /Users/fukushimatakumi/Library/Developer/Xcode/DerivedData/SugarBeat-hgoxfxbbugxkfsbmqcjlbmjeaqyg/Build/Intermediates.noindex/AppAuth.build/Debug-iphonesimulator/AppAuth.build/Objects-normal/arm64/OIDExternalUserAgentIOSCustomBrowser.o -index-unit-output-path /AppAuth.build/Debug-iphonesimulator/AppAuth.build/Objects-normal/arm64/OIDExternalUserAgentIOSCustomBrowser.o

CompileC /Users/fukushimatakumi/Library/Developer/Xcode/DerivedData/SugarBeat-hgoxfxbbugxkfsbmqcjlbmjeaqyg/Build/Intermediates.noindex/AppAuth.build/Debug-iphonesimulator/AppAuth.build/Objects-normal/arm64/OIDAuthorizationService+IOS.o /Users/fukushimatakumi/Library/Developer/Xcode/DerivedData/SugarBeat-hgoxfxbbugxkfsbmqcjlbmjeaqyg/SourcePackages/checkouts/AppAuth-iOS/Sources/AppAuth/iOS/OIDAuthorizationService+IOS.m normal arm64 objective-c com.apple.compilers.llvm.clang.1_0.compiler (in target 'AppAuth' from project 'AppAuth')
    cd /Users/fukushimatakumi/develop/sugarbeat/sugarbeat-front
    
    Using response file: /Users/fukushimatakumi/Library/Developer/Xcode/DerivedData/SugarBeat-hgoxfxbbugxkfsbmqcjlbmjeaqyg/Build/Intermediates.noindex/AppAuth.build/Debug-iphonesimulator/AppAuth.build/Objects-normal/arm64/e6072d4f65d7061329687fe24e3d63a7-common-args.resp
    
    /Applications/Xcode.app/Contents/Developer/Toolchains/XcodeDefault.xctoolchain/usr/bin/clang -x objective-c -ivfsstatcache /Users/fukushimatakumi/Library/Developer/Xcode/DerivedData/SDKStatCaches.noindex/iphonesimulator18.4-22E235-71825a6d136aa4733edcbe86ece5525b.sdkstatcache -fmessage-length\=0 -fdiagnostics-show-note-include-stack -fmacro-backtrace-limit\=0 -fno-color-diagnostics -fmodules-prune-interval\=86400 -fmodules-prune-after\=345600 -fbuild-session-file\=/Users/fukushimatakumi/Library/Developer/Xcode/DerivedData/ModuleCache.noindex/Session.modulevalidation -fmodules-validate-once-per-build-session -Wnon-modular-include-in-framework-module -Werror\=non-modular-include-in-framework-module -Wno-trigraphs -Wno-missing-field-initializers -Wno-missing-prototypes -Wno-return-type -Wno-implicit-atomic-properties -Wno-objc-interface-ivars -Wno-arc-repeated-use-of-weak -Wno-missing-braces -Wparentheses -Wswitch -Wno-unused-function -Wno-unused-label -Wno-unused-parameter -Wno-unused-variable -Wunused-value -Wno-empty-body -Wno-uninitialized -Wno-unknown-pragmas -w -Wno-shadow -Wno-four-char-constants -Wno-conversion -Wno-constant-conversion -Wno-int-conversion -Wno-bool-conversion -Wno-enum-conversion -Wno-float-conversion -Wno-non-literal-null-conversion -Wno-objc-literal-conversion -Wshorten-64-to-32 -Wpointer-sign -Wno-newline-eof -Wno-selector -Wno-strict-selector-match -Wno-undeclared-selector -Wno-deprecated-implementations -Wno-implicit-fallthrough -fstrict-aliasing -Wprotocol -Wdeprecated-declarations -Wno-sign-conversion -Wno-infinite-recursion -Wno-comma -Wno-block-capture-autoreleasing -Wno-strict-prototypes -Wno-semicolon-before-method-body -index-store-path /Users/fukushimatakumi/Library/Developer/Xcode/DerivedData/SugarBeat-hgoxfxbbugxkfsbmqcjlbmjeaqyg/Index.noindex/DataStore @/Users/fukushimatakumi/Library/Developer/Xcode/DerivedData/SugarBeat-hgoxfxbbugxkfsbmqcjlbmjeaqyg/Build/Intermediates.noindex/AppAuth.build/Debug-iphonesimulator/AppAuth.build/Objects-normal/arm64/e6072d4f65d7061329687fe24e3d63a7-common-args.resp -include /Users/fukushimatakumi/Library/Developer/Xcode/DerivedData/SugarBeat-hgoxfxbbugxkfsbmqcjlbmjeaqyg/Build/Intermediates.noindex/AppAuth.build/Debug-iphonesimulator/AppAuth.build/DerivedSources/resource_bundle_accessor.h -MMD -MT dependencies -MF /Users/fukushimatakumi/Library/Developer/Xcode/DerivedData/SugarBeat-hgoxfxbbugxkfsbmqcjlbmjeaqyg/Build/Intermediates.noindex/AppAuth.build/Debug-iphonesimulator/AppAuth.build/Objects-normal/arm64/OIDAuthorizationService+IOS.d --serialize-diagnostics /Users/fukushimatakumi/Library/Developer/Xcode/DerivedData/SugarBeat-hgoxfxbbugxkfsbmqcjlbmjeaqyg/Build/Intermediates.noindex/AppAuth.build/Debug-iphonesimulator/AppAuth.build/Objects-normal/arm64/OIDAuthorizationService+IOS.dia -c /Users/fukushimatakumi/Library/Developer/Xcode/DerivedData/SugarBeat-hgoxfxbbugxkfsbmqcjlbmjeaqyg/SourcePackages/checkouts/AppAuth-iOS/Sources/AppAuth/iOS/OIDAuthorizationService+IOS.m -o /Users/fukushimatakumi/Library/Developer/Xcode/DerivedData/SugarBeat-hgoxfxbbugxkfsbmqcjlbmjeaqyg/Build/Intermediates.noindex/AppAuth.build/Debug-iphonesimulator/AppAuth.build/Objects-normal/arm64/OIDAuthorizationService+IOS.o -index-unit-output-path /AppAuth.build/Debug-iphonesimulator/AppAuth.build/Objects-normal/arm64/OIDAuthorizationService+IOS.o

CompileC /Users/fukushimatakumi/Library/Developer/Xcode/DerivedData/SugarBeat-hgoxfxbbugxkfsbmqcjlbmjeaqyg/Build/Intermediates.noindex/AppAuth.build/Debug-iphonesimulator/AppAuth.build/Objects-normal/arm64/OIDAuthState+IOS.o /Users/fukushimatakumi/Library/Developer/Xcode/DerivedData/SugarBeat-hgoxfxbbugxkfsbmqcjlbmjeaqyg/SourcePackages/checkouts/AppAuth-iOS/Sources/AppAuth/iOS/OIDAuthState+IOS.m normal arm64 objective-c com.apple.compilers.llvm.clang.1_0.compiler (in target 'AppAuth' from project 'AppAuth')
    cd /Users/fukushimatakumi/develop/sugarbeat/sugarbeat-front
    
    Using response file: /Users/fukushimatakumi/Library/Developer/Xcode/DerivedData/SugarBeat-hgoxfxbbugxkfsbmqcjlbmjeaqyg/Build/Intermediates.noindex/AppAuth.build/Debug-iphonesimulator/AppAuth.build/Objects-normal/arm64/e6072d4f65d7061329687fe24e3d63a7-common-args.resp
    
    /Applications/Xcode.app/Contents/Developer/Toolchains/XcodeDefault.xctoolchain/usr/bin/clang -x objective-c -ivfsstatcache /Users/fukushimatakumi/Library/Developer/Xcode/DerivedData/SDKStatCaches.noindex/iphonesimulator18.4-22E235-71825a6d136aa4733edcbe86ece5525b.sdkstatcache -fmessage-length\=0 -fdiagnostics-show-note-include-stack -fmacro-backtrace-limit\=0 -fno-color-diagnostics -fmodules-prune-interval\=86400 -fmodules-prune-after\=345600 -fbuild-session-file\=/Users/fukushimatakumi/Library/Developer/Xcode/DerivedData/ModuleCache.noindex/Session.modulevalidation -fmodules-validate-once-per-build-session -Wnon-modular-include-in-framework-module -Werror\=non-modular-include-in-framework-module -Wno-trigraphs -Wno-missing-field-initializers -Wno-missing-prototypes -Wno-return-type -Wno-implicit-atomic-properties -Wno-objc-interface-ivars -Wno-arc-repeated-use-of-weak -Wno-missing-braces -Wparentheses -Wswitch -Wno-unused-function -Wno-unused-label -Wno-unused-parameter -Wno-unused-variable -Wunused-value -Wno-empty-body -Wno-uninitialized -Wno-unknown-pragmas -w -Wno-shadow -Wno-four-char-constants -Wno-conversion -Wno-constant-conversion -Wno-int-conversion -Wno-bool-conversion -Wno-enum-conversion -Wno-float-conversion -Wno-non-literal-null-conversion -Wno-objc-literal-conversion -Wshorten-64-to-32 -Wpointer-sign -Wno-newline-eof -Wno-selector -Wno-strict-selector-match -Wno-undeclared-selector -Wno-deprecated-implementations -Wno-implicit-fallthrough -fstrict-aliasing -Wprotocol -Wdeprecated-declarations -Wno-sign-conversion -Wno-infinite-recursion -Wno-comma -Wno-block-capture-autoreleasing -Wno-strict-prototypes -Wno-semicolon-before-method-body -index-store-path /Users/fukushimatakumi/Library/Developer/Xcode/DerivedData/SugarBeat-hgoxfxbbugxkfsbmqcjlbmjeaqyg/Index.noindex/DataStore @/Users/fukushimatakumi/Library/Developer/Xcode/DerivedData/SugarBeat-hgoxfxbbugxkfsbmqcjlbmjeaqyg/Build/Intermediates.noindex/AppAuth.build/Debug-iphonesimulator/AppAuth.build/Objects-normal/arm64/e6072d4f65d7061329687fe24e3d63a7-common-args.resp -include /Users/fukushimatakumi/Library/Developer/Xcode/DerivedData/SugarBeat-hgoxfxbbugxkfsbmqcjlbmjeaqyg/Build/Intermediates.noindex/AppAuth.build/Debug-iphonesimulator/AppAuth.build/DerivedSources/resource_bundle_accessor.h -MMD -MT dependencies -MF /Users/fukushimatakumi/Library/Developer/Xcode/DerivedData/SugarBeat-hgoxfxbbugxkfsbmqcjlbmjeaqyg/Build/Intermediates.noindex/AppAuth.build/Debug-iphonesimulator/AppAuth.build/Objects-normal/arm64/OIDAuthState+IOS.d --serialize-diagnostics /Users/fukushimatakumi/Library/Developer/Xcode/DerivedData/SugarBeat-hgoxfxbbugxkfsbmqcjlbmjeaqyg/Build/Intermediates.noindex/AppAuth.build/Debug-iphonesimulator/AppAuth.build/Objects-normal/arm64/OIDAuthState+IOS.dia -c /Users/fukushimatakumi/Library/Developer/Xcode/DerivedData/SugarBeat-hgoxfxbbugxkfsbmqcjlbmjeaqyg/SourcePackages/checkouts/AppAuth-iOS/Sources/AppAuth/iOS/OIDAuthState+IOS.m -o /Users/fukushimatakumi/Library/Developer/Xcode/DerivedData/SugarBeat-hgoxfxbbugxkfsbmqcjlbmjeaqyg/Build/Intermediates.noindex/AppAuth.build/Debug-iphonesimulator/AppAuth.build/Objects-normal/arm64/OIDAuthState+IOS.o -index-unit-output-path /AppAuth.build/Debug-iphonesimulator/AppAuth.build/Objects-normal/arm64/OIDAuthState+IOS.o

PrecompileModule /Users/fukushimatakumi/Library/Developer/Xcode/DerivedData/SugarBeat-hgoxfxbbugxkfsbmqcjlbmjeaqyg/Build/Intermediates.noindex/ExplicitPrecompiledModules/AuthenticationServices-6DNL2P26F18ESMGHR7SX04M4D.scan
    cd /Users/fukushimatakumi/develop/sugarbeat/sugarbeat-front
    builtin-precompileModule /Users/fukushimatakumi/Library/Developer/Xcode/DerivedData/SugarBeat-hgoxfxbbugxkfsbmqcjlbmjeaqyg/Build/Intermediates.noindex/ExplicitPrecompiledModules/AuthenticationServices-6DNL2P26F18ESMGHR7SX04M4D.scan

PrecompileModule /Users/fukushimatakumi/Library/Developer/Xcode/DerivedData/SugarBeat-hgoxfxbbugxkfsbmqcjlbmjeaqyg/Build/Intermediates.noindex/ExplicitPrecompiledModules/SafariServices-EYTMFZ9K5RZDAN4XG5H0858HQ.scan
    cd /Users/fukushimatakumi/develop/sugarbeat/sugarbeat-front
    builtin-precompileModule /Users/fukushimatakumi/Library/Developer/Xcode/DerivedData/SugarBeat-hgoxfxbbugxkfsbmqcjlbmjeaqyg/Build/Intermediates.noindex/ExplicitPrecompiledModules/SafariServices-EYTMFZ9K5RZDAN4XG5H0858HQ.scan

PrecompileModule /Users/fukushimatakumi/Library/Developer/Xcode/DerivedData/SugarBeat-hgoxfxbbugxkfsbmqcjlbmjeaqyg/Build/Intermediates.noindex/ExplicitPrecompiledModules/GoogleUtilities_Reachability-DECWJQ6674TRV7NBVK8E0C7JW.scan
    cd /Users/fukushimatakumi/develop/sugarbeat/sugarbeat-front
    builtin-precompileModule /Users/fukushimatakumi/Library/Developer/Xcode/DerivedData/SugarBeat-hgoxfxbbugxkfsbmqcjlbmjeaqyg/Build/Intermediates.noindex/ExplicitPrecompiledModules/GoogleUtilities_Reachability-DECWJQ6674TRV7NBVK8E0C7JW.scan

SwiftCompile normal arm64 Compiling\ GTMOAuth2Compatibility.swift /Users/fukushimatakumi/Library/Developer/Xcode/DerivedData/SugarBeat-hgoxfxbbugxkfsbmqcjlbmjeaqyg/SourcePackages/checkouts/GTMAppAuth/GTMAppAuth/Sources/KeychainStore/GTMOAuth2Compatibility.swift (in target 'GTMAppAuth' from project 'GTMAppAuth')

SwiftCompile normal arm64 /Users/fukushimatakumi/Library/Developer/Xcode/DerivedData/SugarBeat-hgoxfxbbugxkfsbmqcjlbmjeaqyg/SourcePackages/checkouts/GTMAppAuth/GTMAppAuth/Sources/KeychainStore/GTMOAuth2Compatibility.swift (in target 'GTMAppAuth' from project 'GTMAppAuth')
    cd /Users/fukushimatakumi/develop/sugarbeat/sugarbeat-front
    

CompileC /Users/fukushimatakumi/Library/Developer/Xcode/DerivedData/SugarBeat-hgoxfxbbugxkfsbmqcjlbmjeaqyg/Build/Intermediates.noindex/GoogleUtilities.build/Debug-iphonesimulator/GoogleUtilities-Network.build/Objects-normal/arm64/GULNetwork.o /Users/fukushimatakumi/Library/Developer/Xcode/DerivedData/SugarBeat-hgoxfxbbugxkfsbmqcjlbmjeaqyg/SourcePackages/checkouts/GoogleUtilities/GoogleUtilities/Network/GULNetwork.m normal arm64 objective-c com.apple.compilers.llvm.clang.1_0.compiler (in target 'GoogleUtilities-Network' from project 'GoogleUtilities')
    cd /Users/fukushimatakumi/develop/sugarbeat/sugarbeat-front
    
    Using response file: /Users/fukushimatakumi/Library/Developer/Xcode/DerivedData/SugarBeat-hgoxfxbbugxkfsbmqcjlbmjeaqyg/Build/Intermediates.noindex/GoogleUtilities.build/Debug-iphonesimulator/GoogleUtilities-Network.build/Objects-normal/arm64/e6072d4f65d7061329687fe24e3d63a7-common-args.resp
    
    /Applications/Xcode.app/Contents/Developer/Toolchains/XcodeDefault.xctoolchain/usr/bin/clang -x objective-c -ivfsstatcache /Users/fukushimatakumi/Library/Developer/Xcode/DerivedData/SDKStatCaches.noindex/iphonesimulator18.4-22E235-71825a6d136aa4733edcbe86ece5525b.sdkstatcache -fmessage-length\=0 -fdiagnostics-show-note-include-stack -fmacro-backtrace-limit\=0 -fno-color-diagnostics -fmodules-prune-interval\=86400 -fmodules-prune-after\=345600 -fbuild-session-file\=/Users/fukushimatakumi/Library/Developer/Xcode/DerivedData/ModuleCache.noindex/Session.modulevalidation -fmodules-validate-once-per-build-session -Wnon-modular-include-in-framework-module -Werror\=non-modular-include-in-framework-module -Wno-trigraphs -Wno-missing-field-initializers -Wno-missing-prototypes -Wno-return-type -Wno-implicit-atomic-properties -Wno-objc-interface-ivars -Wno-arc-repeated-use-of-weak -Wno-missing-braces -Wparentheses -Wswitch -Wno-unused-function -Wno-unused-label -Wno-unused-parameter -Wno-unused-variable -Wunused-value -Wno-empty-body -Wno-uninitialized -Wno-unknown-pragmas -w -Wno-shadow -Wno-four-char-constants -Wno-conversion -Wno-constant-conversion -Wno-int-conversion -Wno-bool-conversion -Wno-enum-conversion -Wno-float-conversion -Wno-non-literal-null-conversion -Wno-objc-literal-conversion -Wshorten-64-to-32 -Wpointer-sign -Wno-newline-eof -Wno-selector -Wno-strict-selector-match -Wno-undeclared-selector -Wno-deprecated-implementations -Wno-implicit-fallthrough -fstrict-aliasing -Wprotocol -Wdeprecated-declarations -Wno-sign-conversion -Wno-infinite-recursion -Wno-comma -Wno-block-capture-autoreleasing -Wno-strict-prototypes -Wno-semicolon-before-method-body -index-store-path /Users/fukushimatakumi/Library/Developer/Xcode/DerivedData/SugarBeat-hgoxfxbbugxkfsbmqcjlbmjeaqyg/Index.noindex/DataStore @/Users/fukushimatakumi/Library/Developer/Xcode/DerivedData/SugarBeat-hgoxfxbbugxkfsbmqcjlbmjeaqyg/Build/Intermediates.noindex/GoogleUtilities.build/Debug-iphonesimulator/GoogleUtilities-Network.build/Objects-normal/arm64/e6072d4f65d7061329687fe24e3d63a7-common-args.resp -include /Users/fukushimatakumi/Library/Developer/Xcode/DerivedData/SugarBeat-hgoxfxbbugxkfsbmqcjlbmjeaqyg/Build/Intermediates.noindex/GoogleUtilities.build/Debug-iphonesimulator/GoogleUtilities-Network.build/DerivedSources/resource_bundle_accessor.h -MMD -MT dependencies -MF /Users/fukushimatakumi/Library/Developer/Xcode/DerivedData/SugarBeat-hgoxfxbbugxkfsbmqcjlbmjeaqyg/Build/Intermediates.noindex/GoogleUtilities.build/Debug-iphonesimulator/GoogleUtilities-Network.build/Objects-normal/arm64/GULNetwork.d --serialize-diagnostics /Users/fukushimatakumi/Library/Developer/Xcode/DerivedData/SugarBeat-hgoxfxbbugxkfsbmqcjlbmjeaqyg/Build/Intermediates.noindex/GoogleUtilities.build/Debug-iphonesimulator/GoogleUtilities-Network.build/Objects-normal/arm64/GULNetwork.dia -c /Users/fukushimatakumi/Library/Developer/Xcode/DerivedData/SugarBeat-hgoxfxbbugxkfsbmqcjlbmjeaqyg/SourcePackages/checkouts/GoogleUtilities/GoogleUtilities/Network/GULNetwork.m -o /Users/fukushimatakumi/Library/Developer/Xcode/DerivedData/SugarBeat-hgoxfxbbugxkfsbmqcjlbmjeaqyg/Build/Intermediates.noindex/GoogleUtilities.build/Debug-iphonesimulator/GoogleUtilities-Network.build/Objects-normal/arm64/GULNetwork.o -index-unit-output-path /GoogleUtilities.build/Debug-iphonesimulator/GoogleUtilities-Network.build/Objects-normal/arm64/GULNetwork.o

SwiftCompile normal arm64 Compiling\ resource_bundle_accessor.swift /Users/fukushimatakumi/Library/Developer/Xcode/DerivedData/SugarBeat-hgoxfxbbugxkfsbmqcjlbmjeaqyg/Build/Intermediates.noindex/GTMAppAuth.build/Debug-iphonesimulator/GTMAppAuth.build/DerivedSources/resource_bundle_accessor.swift (in target 'GTMAppAuth' from project 'GTMAppAuth')

SwiftCompile normal arm64 /Users/fukushimatakumi/Library/Developer/Xcode/DerivedData/SugarBeat-hgoxfxbbugxkfsbmqcjlbmjeaqyg/Build/Intermediates.noindex/GTMAppAuth.build/Debug-iphonesimulator/GTMAppAuth.build/DerivedSources/resource_bundle_accessor.swift (in target 'GTMAppAuth' from project 'GTMAppAuth')
    cd /Users/fukushimatakumi/develop/sugarbeat/sugarbeat-front
    

SwiftCompile normal arm64 Compiling\ AuthSession.swift /Users/fukushimatakumi/Library/Developer/Xcode/DerivedData/SugarBeat-hgoxfxbbugxkfsbmqcjlbmjeaqyg/SourcePackages/checkouts/GTMAppAuth/GTMAppAuth/Sources/AuthSession.swift (in target 'GTMAppAuth' from project 'GTMAppAuth')

SwiftCompile normal arm64 /Users/fukushimatakumi/Library/Developer/Xcode/DerivedData/SugarBeat-hgoxfxbbugxkfsbmqcjlbmjeaqyg/SourcePackages/checkouts/GTMAppAuth/GTMAppAuth/Sources/AuthSession.swift (in target 'GTMAppAuth' from project 'GTMAppAuth')
    cd /Users/fukushimatakumi/develop/sugarbeat/sugarbeat-front
    

SwiftCompile normal arm64 Compiling\ KeychainHelper.swift /Users/fukushimatakumi/Library/Developer/Xcode/DerivedData/SugarBeat-hgoxfxbbugxkfsbmqcjlbmjeaqyg/SourcePackages/checkouts/GTMAppAuth/GTMAppAuth/Sources/KeychainStore/KeychainHelper.swift (in target 'GTMAppAuth' from project 'GTMAppAuth')

SwiftCompile normal arm64 /Users/fukushimatakumi/Library/Developer/Xcode/DerivedData/SugarBeat-hgoxfxbbugxkfsbmqcjlbmjeaqyg/SourcePackages/checkouts/GTMAppAuth/GTMAppAuth/Sources/KeychainStore/KeychainHelper.swift (in target 'GTMAppAuth' from project 'GTMAppAuth')
    cd /Users/fukushimatakumi/develop/sugarbeat/sugarbeat-front
    

SwiftCompile normal arm64 Compiling\ KeychainStore.swift /Users/fukushimatakumi/Library/Developer/Xcode/DerivedData/SugarBeat-hgoxfxbbugxkfsbmqcjlbmjeaqyg/SourcePackages/checkouts/GTMAppAuth/GTMAppAuth/Sources/KeychainStore/KeychainStore.swift (in target 'GTMAppAuth' from project 'GTMAppAuth')

SwiftCompile normal arm64 /Users/fukushimatakumi/Library/Developer/Xcode/DerivedData/SugarBeat-hgoxfxbbugxkfsbmqcjlbmjeaqyg/SourcePackages/checkouts/GTMAppAuth/GTMAppAuth/Sources/KeychainStore/KeychainStore.swift (in target 'GTMAppAuth' from project 'GTMAppAuth')
    cd /Users/fukushimatakumi/develop/sugarbeat/sugarbeat-front
    

SwiftDriver\ Compilation FirebaseSharedSwift normal arm64 com.apple.xcode.tools.swift.compiler (in target 'FirebaseSharedSwift' from project 'Firebase')
    cd /Users/fukushimatakumi/develop/sugarbeat/sugarbeat-front
    builtin-Swift-Compilation -- /Applications/Xcode.app/Contents/Developer/Toolchains/XcodeDefault.xctoolchain/usr/bin/swiftc -module-name FirebaseSharedSwift -Onone -enforce-exclusivity\=checked @/Users/fukushimatakumi/Library/Developer/Xcode/DerivedData/SugarBeat-hgoxfxbbugxkfsbmqcjlbmjeaqyg/Build/Intermediates.noindex/Firebase.build/Debug-iphonesimulator/FirebaseSharedSwift.build/Objects-normal/arm64/FirebaseSharedSwift.SwiftFileList -DSWIFT_PACKAGE -DDEBUG -DXcode -plugin-path /Applications/Xcode.app/Contents/Developer/Toolchains/XcodeDefault.xctoolchain/usr/lib/swift/host/plugins/testing -enable-experimental-feature DebugDescriptionMacro -sdk /Applications/Xcode.app/Contents/Developer/Platforms/iPhoneSimulator.platform/Developer/SDKs/iPhoneSimulator18.4.sdk -target arm64-apple-ios15.0-simulator -g -module-cache-path /Users/fukushimatakumi/Library/Developer/Xcode/DerivedData/ModuleCache.noindex -Xfrontend -serialize-debugging-options -enable-testing -suppress-warnings -index-store-path /Users/fukushimatakumi/Library/Developer/Xcode/DerivedData/SugarBeat-hgoxfxbbugxkfsbmqcjlbmjeaqyg/Index.noindex/DataStore -swift-version 5 -I /Users/fukushimatakumi/Library/Developer/Xcode/DerivedData/SugarBeat-hgoxfxbbugxkfsbmqcjlbmjeaqyg/Build/Products/Debug-iphonesimulator -I /Applications/Xcode.app/Contents/Developer/Platforms/iPhoneSimulator.platform/Developer/usr/lib -F /Users/fukushimatakumi/Library/Developer/Xcode/DerivedData/SugarBeat-hgoxfxbbugxkfsbmqcjlbmjeaqyg/Build/Products/Debug-iphonesimulator -F /Applications/Xcode.app/Contents/Developer/Platforms/iPhoneSimulator.platform/Developer/Library/Frameworks -F /Applications/Xcode.app/Contents/Developer/Platforms/iPhoneSimulator.platform/Developer/SDKs/iPhoneSimulator18.4.sdk/Developer/Library/Frameworks -c -j10 -enable-batch-mode -incremental -Xcc -ivfsstatcache -Xcc /Users/fukushimatakumi/Library/Developer/Xcode/DerivedData/SDKStatCaches.noindex/iphonesimulator18.4-22E235-71825a6d136aa4733edcbe86ece5525b.sdkstatcache -output-file-map /Users/fukushimatakumi/Library/Developer/Xcode/DerivedData/SugarBeat-hgoxfxbbugxkfsbmqcjlbmjeaqyg/Build/Intermediates.noindex/Firebase.build/Debug-iphonesimulator/FirebaseSharedSwift.build/Objects-normal/arm64/FirebaseSharedSwift-OutputFileMap.json -use-frontend-parseable-output -save-temps -no-color-diagnostics -serialize-diagnostics -emit-dependencies -emit-module -emit-module-path /Users/fukushimatakumi/Library/Developer/Xcode/DerivedData/SugarBeat-hgoxfxbbugxkfsbmqcjlbmjeaqyg/Build/Intermediates.noindex/Firebase.build/Debug-iphonesimulator/FirebaseSharedSwift.build/Objects-normal/arm64/FirebaseSharedSwift.swiftmodule -user-module-version 12.7.0 -validate-clang-modules-once -clang-build-session-file /Users/fukushimatakumi/Library/Developer/Xcode/DerivedData/ModuleCache.noindex/Session.modulevalidation -package-name firebase_ios_sdk -Xcc -I/Users/fukushimatakumi/Library/Developer/Xcode/DerivedData/SugarBeat-hgoxfxbbugxkfsbmqcjlbmjeaqyg/Build/Intermediates.noindex/Firebase.build/Debug-iphonesimulator/FirebaseSharedSwift.build/swift-overrides.hmap -emit-const-values -Xfrontend -const-gather-protocols-file -Xfrontend /Users/fukushimatakumi/Library/Developer/Xcode/DerivedData/SugarBeat-hgoxfxbbugxkfsbmqcjlbmjeaqyg/Build/Intermediates.noindex/Firebase.build/Debug-iphonesimulator/FirebaseSharedSwift.build/Objects-normal/arm64/FirebaseSharedSwift_const_extract_protocols.json -Xcc -I/Users/fukushimatakumi/Library/Developer/Xcode/DerivedData/SugarBeat-hgoxfxbbugxkfsbmqcjlbmjeaqyg/Build/Products/Debug-iphonesimulator/include -Xcc -I/Users/fukushimatakumi/Library/Developer/Xcode/DerivedData/SugarBeat-hgoxfxbbugxkfsbmqcjlbmjeaqyg/Build/Intermediates.noindex/Firebase.build/Debug-iphonesimulator/FirebaseSharedSwift.build/DerivedSources-normal/arm64 -Xcc -I/Users/fukushimatakumi/Library/Developer/Xcode/DerivedData/SugarBeat-hgoxfxbbugxkfsbmqcjlbmjeaqyg/Build/Intermediates.noindex/Firebase.build/Debug-iphonesimulator/FirebaseSharedSwift.build/DerivedSources/arm64 -Xcc -I/Users/fukushimatakumi/Library/Developer/Xcode/DerivedData/SugarBeat-hgoxfxbbugxkfsbmqcjlbmjeaqyg/Build/Intermediates.noindex/Firebase.build/Debug-iphonesimulator/FirebaseSharedSwift.build/DerivedSources -Xcc -DSWIFT_PACKAGE -Xcc -DDEBUG\=1 -emit-objc-header -emit-objc-header-path /Users/fukushimatakumi/Library/Developer/Xcode/DerivedData/SugarBeat-hgoxfxbbugxkfsbmqcjlbmjeaqyg/Build/Intermediates.noindex/Firebase.build/Debug-iphonesimulator/FirebaseSharedSwift.build/Objects-normal/arm64/FirebaseSharedSwift-Swift.h -working-directory /Users/fukushimatakumi/develop/sugarbeat/sugarbeat-front -experimental-emit-module-separately -disable-cmo

SwiftDriver\ Compilation FirebaseCoreInternal normal arm64 com.apple.xcode.tools.swift.compiler (in target 'FirebaseCoreInternal' from project 'Firebase')
    cd /Users/fukushimatakumi/develop/sugarbeat/sugarbeat-front
    builtin-Swift-Compilation -- /Applications/Xcode.app/Contents/Developer/Toolchains/XcodeDefault.xctoolchain/usr/bin/swiftc -module-name FirebaseCoreInternal -Onone -enforce-exclusivity\=checked @/Users/fukushimatakumi/Library/Developer/Xcode/DerivedData/SugarBeat-hgoxfxbbugxkfsbmqcjlbmjeaqyg/Build/Intermediates.noindex/Firebase.build/Debug-iphonesimulator/FirebaseCoreInternal.build/Objects-normal/arm64/FirebaseCoreInternal.SwiftFileList -DSWIFT_PACKAGE -DDEBUG -Xcc -fmodule-map-file\=/Users/fukushimatakumi/Library/Developer/Xcode/DerivedData/SugarBeat-hgoxfxbbugxkfsbmqcjlbmjeaqyg/Build/Intermediates.noindex/GeneratedModuleMaps-iphonesimulator/GoogleUtilities-NSData.modulemap -DXcode -plugin-path /Applications/Xcode.app/Contents/Developer/Toolchains/XcodeDefault.xctoolchain/usr/lib/swift/host/plugins/testing -enable-experimental-feature DebugDescriptionMacro -sdk /Applications/Xcode.app/Contents/Developer/Platforms/iPhoneSimulator.platform/Developer/SDKs/iPhoneSimulator18.4.sdk -target arm64-apple-ios15.0-simulator -g -module-cache-path /Users/fukushimatakumi/Library/Developer/Xcode/DerivedData/ModuleCache.noindex -Xfrontend -serialize-debugging-options -enable-testing -suppress-warnings -index-store-path /Users/fukushimatakumi/Library/Developer/Xcode/DerivedData/SugarBeat-hgoxfxbbugxkfsbmqcjlbmjeaqyg/Index.noindex/DataStore -swift-version 6 -I /Users/fukushimatakumi/Library/Developer/Xcode/DerivedData/SugarBeat-hgoxfxbbugxkfsbmqcjlbmjeaqyg/Build/Products/Debug-iphonesimulator -I /Applications/Xcode.app/Contents/Developer/Platforms/iPhoneSimulator.platform/Developer/usr/lib -F /Users/fukushimatakumi/Library/Developer/Xcode/DerivedData/SugarBeat-hgoxfxbbugxkfsbmqcjlbmjeaqyg/Build/Products/Debug-iphonesimulator/PackageFrameworks -F /Users/fukushimatakumi/Library/Developer/Xcode/DerivedData/SugarBeat-hgoxfxbbugxkfsbmqcjlbmjeaqyg/Build/Products/Debug-iphonesimulator -F /Applications/Xcode.app/Contents/Developer/Platforms/iPhoneSimulator.platform/Developer/Library/Frameworks -F /Applications/Xcode.app/Contents/Developer/Platforms/iPhoneSimulator.platform/Developer/SDKs/iPhoneSimulator18.4.sdk/Developer/Library/Frameworks -c -j10 -enable-batch-mode -incremental -Xcc -ivfsstatcache -Xcc /Users/fukushimatakumi/Library/Developer/Xcode/DerivedData/SDKStatCaches.noindex/iphonesimulator18.4-22E235-71825a6d136aa4733edcbe86ece5525b.sdkstatcache -output-file-map /Users/fukushimatakumi/Library/Developer/Xcode/DerivedData/SugarBeat-hgoxfxbbugxkfsbmqcjlbmjeaqyg/Build/Intermediates.noindex/Firebase.build/Debug-iphonesimulator/FirebaseCoreInternal.build/Objects-normal/arm64/FirebaseCoreInternal-OutputFileMap.json -use-frontend-parseable-output -save-temps -no-color-diagnostics -serialize-diagnostics -emit-dependencies -emit-module -emit-module-path /Users/fukushimatakumi/Library/Developer/Xcode/DerivedData/SugarBeat-hgoxfxbbugxkfsbmqcjlbmjeaqyg/Build/Intermediates.noindex/Firebase.build/Debug-iphonesimulator/FirebaseCoreInternal.build/Objects-normal/arm64/FirebaseCoreInternal.swiftmodule -user-module-version 12.7.0 -validate-clang-modules-once -clang-build-session-file /Users/fukushimatakumi/Library/Developer/Xcode/DerivedData/ModuleCache.noindex/Session.modulevalidation -package-name firebase_ios_sdk -Xcc -I/Users/fukushimatakumi/Library/Developer/Xcode/DerivedData/SugarBeat-hgoxfxbbugxkfsbmqcjlbmjeaqyg/Build/Intermediates.noindex/Firebase.build/Debug-iphonesimulator/FirebaseCoreInternal.build/swift-overrides.hmap -emit-const-values -Xfrontend -const-gather-protocols-file -Xfrontend /Users/fukushimatakumi/Library/Developer/Xcode/DerivedData/SugarBeat-hgoxfxbbugxkfsbmqcjlbmjeaqyg/Build/Intermediates.noindex/Firebase.build/Debug-iphonesimulator/FirebaseCoreInternal.build/Objects-normal/arm64/FirebaseCoreInternal_const_extract_protocols.json -Xcc -I/Users/fukushimatakumi/Library/Developer/Xcode/DerivedData/SugarBeat-hgoxfxbbugxkfsbmqcjlbmjeaqyg/SourcePackages/checkouts/GoogleUtilities/GoogleUtilities/NSData+zlib/Public -Xcc -I/Users/fukushimatakumi/Library/Developer/Xcode/DerivedData/SugarBeat-hgoxfxbbugxkfsbmqcjlbmjeaqyg/Build/Products/Debug-iphonesimulator/include -Xcc -I/Users/fukushimatakumi/Library/Developer/Xcode/DerivedData/SugarBeat-hgoxfxbbugxkfsbmqcjlbmjeaqyg/Build/Intermediates.noindex/Firebase.build/Debug-iphonesimulator/FirebaseCoreInternal.build/DerivedSources-normal/arm64 -Xcc -I/Users/fukushimatakumi/Library/Developer/Xcode/DerivedData/SugarBeat-hgoxfxbbugxkfsbmqcjlbmjeaqyg/Build/Intermediates.noindex/Firebase.build/Debug-iphonesimulator/FirebaseCoreInternal.build/DerivedSources/arm64 -Xcc -I/Users/fukushimatakumi/Library/Developer/Xcode/DerivedData/SugarBeat-hgoxfxbbugxkfsbmqcjlbmjeaqyg/Build/Intermediates.noindex/Firebase.build/Debug-iphonesimulator/FirebaseCoreInternal.build/DerivedSources -Xcc -DSWIFT_PACKAGE -Xcc -DDEBUG\=1 -emit-objc-header -emit-objc-header-path /Users/fukushimatakumi/Library/Developer/Xcode/DerivedData/SugarBeat-hgoxfxbbugxkfsbmqcjlbmjeaqyg/Build/Intermediates.noindex/Firebase.build/Debug-iphonesimulator/FirebaseCoreInternal.build/Objects-normal/arm64/FirebaseCoreInternal-Swift.h -working-directory /Users/fukushimatakumi/develop/sugarbeat/sugarbeat-front -experimental-emit-module-separately -disable-cmo

SwiftDriverJobDiscovery normal arm64 Compiling AuthSessionStore.swift (in target 'GTMAppAuth' from project 'GTMAppAuth')

SwiftDriverJobDiscovery normal arm64 Compiling AuthSessionDelegate.swift (in target 'GTMAppAuth' from project 'GTMAppAuth')

SwiftDriverJobDiscovery normal arm64 Compiling KeychainAttribute.swift (in target 'GTMAppAuth' from project 'GTMAppAuth')

SwiftDriverJobDiscovery normal arm64 Compiling resource_bundle_accessor.swift (in target 'GTMAppAuth' from project 'GTMAppAuth')

CompileC /Users/fukushimatakumi/Library/Developer/Xcode/DerivedData/SugarBeat-hgoxfxbbugxkfsbmqcjlbmjeaqyg/Build/Intermediates.noindex/AppAuth.build/Debug-iphonesimulator/AppAuth.build/Objects-normal/arm64/OIDExternalUserAgentIOS.o /Users/fukushimatakumi/Library/Developer/Xcode/DerivedData/SugarBeat-hgoxfxbbugxkfsbmqcjlbmjeaqyg/SourcePackages/checkouts/AppAuth-iOS/Sources/AppAuth/iOS/OIDExternalUserAgentIOS.m normal arm64 objective-c com.apple.compilers.llvm.clang.1_0.compiler (in target 'AppAuth' from project 'AppAuth')
    cd /Users/fukushimatakumi/develop/sugarbeat/sugarbeat-front
    
    Using response file: /Users/fukushimatakumi/Library/Developer/Xcode/DerivedData/SugarBeat-hgoxfxbbugxkfsbmqcjlbmjeaqyg/Build/Intermediates.noindex/AppAuth.build/Debug-iphonesimulator/AppAuth.build/Objects-normal/arm64/e6072d4f65d7061329687fe24e3d63a7-common-args.resp
    
    /Applications/Xcode.app/Contents/Developer/Toolchains/XcodeDefault.xctoolchain/usr/bin/clang -x objective-c -ivfsstatcache /Users/fukushimatakumi/Library/Developer/Xcode/DerivedData/SDKStatCaches.noindex/iphonesimulator18.4-22E235-71825a6d136aa4733edcbe86ece5525b.sdkstatcache -fmessage-length\=0 -fdiagnostics-show-note-include-stack -fmacro-backtrace-limit\=0 -fno-color-diagnostics -fmodules-prune-interval\=86400 -fmodules-prune-after\=345600 -fbuild-session-file\=/Users/fukushimatakumi/Library/Developer/Xcode/DerivedData/ModuleCache.noindex/Session.modulevalidation -fmodules-validate-once-per-build-session -Wnon-modular-include-in-framework-module -Werror\=non-modular-include-in-framework-module -Wno-trigraphs -Wno-missing-field-initializers -Wno-missing-prototypes -Wno-return-type -Wno-implicit-atomic-properties -Wno-objc-interface-ivars -Wno-arc-repeated-use-of-weak -Wno-missing-braces -Wparentheses -Wswitch -Wno-unused-function -Wno-unused-label -Wno-unused-parameter -Wno-unused-variable -Wunused-value -Wno-empty-body -Wno-uninitialized -Wno-unknown-pragmas -w -Wno-shadow -Wno-four-char-constants -Wno-conversion -Wno-constant-conversion -Wno-int-conversion -Wno-bool-conversion -Wno-enum-conversion -Wno-float-conversion -Wno-non-literal-null-conversion -Wno-objc-literal-conversion -Wshorten-64-to-32 -Wpointer-sign -Wno-newline-eof -Wno-selector -Wno-strict-selector-match -Wno-undeclared-selector -Wno-deprecated-implementations -Wno-implicit-fallthrough -fstrict-aliasing -Wprotocol -Wdeprecated-declarations -Wno-sign-conversion -Wno-infinite-recursion -Wno-comma -Wno-block-capture-autoreleasing -Wno-strict-prototypes -Wno-semicolon-before-method-body -index-store-path /Users/fukushimatakumi/Library/Developer/Xcode/DerivedData/SugarBeat-hgoxfxbbugxkfsbmqcjlbmjeaqyg/Index.noindex/DataStore @/Users/fukushimatakumi/Library/Developer/Xcode/DerivedData/SugarBeat-hgoxfxbbugxkfsbmqcjlbmjeaqyg/Build/Intermediates.noindex/AppAuth.build/Debug-iphonesimulator/AppAuth.build/Objects-normal/arm64/e6072d4f65d7061329687fe24e3d63a7-common-args.resp -include /Users/fukushimatakumi/Library/Developer/Xcode/DerivedData/SugarBeat-hgoxfxbbugxkfsbmqcjlbmjeaqyg/Build/Intermediates.noindex/AppAuth.build/Debug-iphonesimulator/AppAuth.build/DerivedSources/resource_bundle_accessor.h -MMD -MT dependencies -MF /Users/fukushimatakumi/Library/Developer/Xcode/DerivedData/SugarBeat-hgoxfxbbugxkfsbmqcjlbmjeaqyg/Build/Intermediates.noindex/AppAuth.build/Debug-iphonesimulator/AppAuth.build/Objects-normal/arm64/OIDExternalUserAgentIOS.d --serialize-diagnostics /Users/fukushimatakumi/Library/Developer/Xcode/DerivedData/SugarBeat-hgoxfxbbugxkfsbmqcjlbmjeaqyg/Build/Intermediates.noindex/AppAuth.build/Debug-iphonesimulator/AppAuth.build/Objects-normal/arm64/OIDExternalUserAgentIOS.dia -c /Users/fukushimatakumi/Library/Developer/Xcode/DerivedData/SugarBeat-hgoxfxbbugxkfsbmqcjlbmjeaqyg/SourcePackages/checkouts/AppAuth-iOS/Sources/AppAuth/iOS/OIDExternalUserAgentIOS.m -o /Users/fukushimatakumi/Library/Developer/Xcode/DerivedData/SugarBeat-hgoxfxbbugxkfsbmqcjlbmjeaqyg/Build/Intermediates.noindex/AppAuth.build/Debug-iphonesimulator/AppAuth.build/Objects-normal/arm64/OIDExternalUserAgentIOS.o -index-unit-output-path /AppAuth.build/Debug-iphonesimulator/AppAuth.build/Objects-normal/arm64/OIDExternalUserAgentIOS.o

CompileC /Users/fukushimatakumi/Library/Developer/Xcode/DerivedData/SugarBeat-hgoxfxbbugxkfsbmqcjlbmjeaqyg/Build/Intermediates.noindex/AppAuth.build/Debug-iphonesimulator/AppAuth.build/Objects-normal/arm64/OIDExternalUserAgentCatalyst.o /Users/fukushimatakumi/Library/Developer/Xcode/DerivedData/SugarBeat-hgoxfxbbugxkfsbmqcjlbmjeaqyg/SourcePackages/checkouts/AppAuth-iOS/Sources/AppAuth/iOS/OIDExternalUserAgentCatalyst.m normal arm64 objective-c com.apple.compilers.llvm.clang.1_0.compiler (in target 'AppAuth' from project 'AppAuth')
    cd /Users/fukushimatakumi/develop/sugarbeat/sugarbeat-front
    
    Using response file: /Users/fukushimatakumi/Library/Developer/Xcode/DerivedData/SugarBeat-hgoxfxbbugxkfsbmqcjlbmjeaqyg/Build/Intermediates.noindex/AppAuth.build/Debug-iphonesimulator/AppAuth.build/Objects-normal/arm64/e6072d4f65d7061329687fe24e3d63a7-common-args.resp
    
    /Applications/Xcode.app/Contents/Developer/Toolchains/XcodeDefault.xctoolchain/usr/bin/clang -x objective-c -ivfsstatcache /Users/fukushimatakumi/Library/Developer/Xcode/DerivedData/SDKStatCaches.noindex/iphonesimulator18.4-22E235-71825a6d136aa4733edcbe86ece5525b.sdkstatcache -fmessage-length\=0 -fdiagnostics-show-note-include-stack -fmacro-backtrace-limit\=0 -fno-color-diagnostics -fmodules-prune-interval\=86400 -fmodules-prune-after\=345600 -fbuild-session-file\=/Users/fukushimatakumi/Library/Developer/Xcode/DerivedData/ModuleCache.noindex/Session.modulevalidation -fmodules-validate-once-per-build-session -Wnon-modular-include-in-framework-module -Werror\=non-modular-include-in-framework-module -Wno-trigraphs -Wno-missing-field-initializers -Wno-missing-prototypes -Wno-return-type -Wno-implicit-atomic-properties -Wno-objc-interface-ivars -Wno-arc-repeated-use-of-weak -Wno-missing-braces -Wparentheses -Wswitch -Wno-unused-function -Wno-unused-label -Wno-unused-parameter -Wno-unused-variable -Wunused-value -Wno-empty-body -Wno-uninitialized -Wno-unknown-pragmas -w -Wno-shadow -Wno-four-char-constants -Wno-conversion -Wno-constant-conversion -Wno-int-conversion -Wno-bool-conversion -Wno-enum-conversion -Wno-float-conversion -Wno-non-literal-null-conversion -Wno-objc-literal-conversion -Wshorten-64-to-32 -Wpointer-sign -Wno-newline-eof -Wno-selector -Wno-strict-selector-match -Wno-undeclared-selector -Wno-deprecated-implementations -Wno-implicit-fallthrough -fstrict-aliasing -Wprotocol -Wdeprecated-declarations -Wno-sign-conversion -Wno-infinite-recursion -Wno-comma -Wno-block-capture-autoreleasing -Wno-strict-prototypes -Wno-semicolon-before-method-body -index-store-path /Users/fukushimatakumi/Library/Developer/Xcode/DerivedData/SugarBeat-hgoxfxbbugxkfsbmqcjlbmjeaqyg/Index.noindex/DataStore @/Users/fukushimatakumi/Library/Developer/Xcode/DerivedData/SugarBeat-hgoxfxbbugxkfsbmqcjlbmjeaqyg/Build/Intermediates.noindex/AppAuth.build/Debug-iphonesimulator/AppAuth.build/Objects-normal/arm64/e6072d4f65d7061329687fe24e3d63a7-common-args.resp -include /Users/fukushimatakumi/Library/Developer/Xcode/DerivedData/SugarBeat-hgoxfxbbugxkfsbmqcjlbmjeaqyg/Build/Intermediates.noindex/AppAuth.build/Debug-iphonesimulator/AppAuth.build/DerivedSources/resource_bundle_accessor.h -MMD -MT dependencies -MF /Users/fukushimatakumi/Library/Developer/Xcode/DerivedData/SugarBeat-hgoxfxbbugxkfsbmqcjlbmjeaqyg/Build/Intermediates.noindex/AppAuth.build/Debug-iphonesimulator/AppAuth.build/Objects-normal/arm64/OIDExternalUserAgentCatalyst.d --serialize-diagnostics /Users/fukushimatakumi/Library/Developer/Xcode/DerivedData/SugarBeat-hgoxfxbbugxkfsbmqcjlbmjeaqyg/Build/Intermediates.noindex/AppAuth.build/Debug-iphonesimulator/AppAuth.build/Objects-normal/arm64/OIDExternalUserAgentCatalyst.dia -c /Users/fukushimatakumi/Library/Developer/Xcode/DerivedData/SugarBeat-hgoxfxbbugxkfsbmqcjlbmjeaqyg/SourcePackages/checkouts/AppAuth-iOS/Sources/AppAuth/iOS/OIDExternalUserAgentCatalyst.m -o /Users/fukushimatakumi/Library/Developer/Xcode/DerivedData/SugarBeat-hgoxfxbbugxkfsbmqcjlbmjeaqyg/Build/Intermediates.noindex/AppAuth.build/Debug-iphonesimulator/AppAuth.build/Objects-normal/arm64/OIDExternalUserAgentCatalyst.o -index-unit-output-path /AppAuth.build/Debug-iphonesimulator/AppAuth.build/Objects-normal/arm64/OIDExternalUserAgentCatalyst.o

Ld /Users/fukushimatakumi/Library/Developer/Xcode/DerivedData/SugarBeat-hgoxfxbbugxkfsbmqcjlbmjeaqyg/Build/Products/Debug-iphonesimulator/FirebaseSharedSwift.o normal (in target 'FirebaseSharedSwift' from project 'Firebase')
    cd /Users/fukushimatakumi/Library/Developer/Xcode/DerivedData/SugarBeat-hgoxfxbbugxkfsbmqcjlbmjeaqyg/SourcePackages/checkouts/firebase-ios-sdk
    /Applications/Xcode.app/Contents/Developer/Toolchains/XcodeDefault.xctoolchain/usr/bin/clang -Xlinker -reproducible -target arm64-apple-ios15.0-simulator -r -isysroot /Applications/Xcode.app/Contents/Developer/Platforms/iPhoneSimulator.platform/Developer/SDKs/iPhoneSimulator18.4.sdk -O0 -w -L/Users/fukushimatakumi/Library/Developer/Xcode/DerivedData/SugarBeat-hgoxfxbbugxkfsbmqcjlbmjeaqyg/Build/Intermediates.noindex/EagerLinkingTBDs/Debug-iphonesimulator -L/Users/fukushimatakumi/Library/Developer/Xcode/DerivedData/SugarBeat-hgoxfxbbugxkfsbmqcjlbmjeaqyg/Build/Products/Debug-iphonesimulator -L/Applications/Xcode.app/Contents/Developer/Platforms/iPhoneSimulator.platform/Developer/usr/lib -F/Users/fukushimatakumi/Library/Developer/Xcode/DerivedData/SugarBeat-hgoxfxbbugxkfsbmqcjlbmjeaqyg/Build/Intermediates.noindex/EagerLinkingTBDs/Debug-iphonesimulator -F/Users/fukushimatakumi/Library/Developer/Xcode/DerivedData/SugarBeat-hgoxfxbbugxkfsbmqcjlbmjeaqyg/Build/Products/Debug-iphonesimulator -iframework /Applications/Xcode.app/Contents/Developer/Platforms/iPhoneSimulator.platform/Developer/Library/Frameworks -iframework /Applications/Xcode.app/Contents/Developer/Platforms/iPhoneSimulator.platform/Developer/SDKs/iPhoneSimulator18.4.sdk/Developer/Library/Frameworks -filelist /Users/fukushimatakumi/Library/Developer/Xcode/DerivedData/SugarBeat-hgoxfxbbugxkfsbmqcjlbmjeaqyg/Build/Intermediates.noindex/Firebase.build/Debug-iphonesimulator/FirebaseSharedSwift.build/Objects-normal/arm64/FirebaseSharedSwift.LinkFileList -nostdlib -Xlinker -object_path_lto -Xlinker /Users/fukushimatakumi/Library/Developer/Xcode/DerivedData/SugarBeat-hgoxfxbbugxkfsbmqcjlbmjeaqyg/Build/Intermediates.noindex/Firebase.build/Debug-iphonesimulator/FirebaseSharedSwift.build/Objects-normal/arm64/FirebaseSharedSwift_lto.o -rdynamic -Xlinker -no_deduplicate -Xlinker -objc_abi_version -Xlinker 2 -Xlinker -dependency_info -Xlinker /Users/fukushimatakumi/Library/Developer/Xcode/DerivedData/SugarBeat-hgoxfxbbugxkfsbmqcjlbmjeaqyg/Build/Intermediates.noindex/Firebase.build/Debug-iphonesimulator/FirebaseSharedSwift.build/Objects-normal/arm64/FirebaseSharedSwift_dependency_info.dat -fobjc-link-runtime -L/Applications/Xcode.app/Contents/Developer/Toolchains/XcodeDefault.xctoolchain/usr/lib/swift/iphonesimulator -L/usr/lib/swift -Xlinker -add_ast_path -Xlinker /Users/fukushimatakumi/Library/Developer/Xcode/DerivedData/SugarBeat-hgoxfxbbugxkfsbmqcjlbmjeaqyg/Build/Intermediates.noindex/Firebase.build/Debug-iphonesimulator/FirebaseSharedSwift.build/Objects-normal/arm64/FirebaseSharedSwift.swiftmodule -o /Users/fukushimatakumi/Library/Developer/Xcode/DerivedData/SugarBeat-hgoxfxbbugxkfsbmqcjlbmjeaqyg/Build/Products/Debug-iphonesimulator/FirebaseSharedSwift.o

WriteAuxiliaryFile /Users/fukushimatakumi/Library/Developer/Xcode/DerivedData/SugarBeat-hgoxfxbbugxkfsbmqcjlbmjeaqyg/Build/Intermediates.noindex/gRPC.build/Debug-iphonesimulator/grpcWrapper.build/grpcWrapper.modulemap (in target 'grpcWrapper' from project 'gRPC')
    cd /Users/fukushimatakumi/Library/Developer/Xcode/DerivedData/SugarBeat-hgoxfxbbugxkfsbmqcjlbmjeaqyg/SourcePackages/checkouts/grpc-binary
    write-file /Users/fukushimatakumi/Library/Developer/Xcode/DerivedData/SugarBeat-hgoxfxbbugxkfsbmqcjlbmjeaqyg/Build/Intermediates.noindex/gRPC.build/Debug-iphonesimulator/grpcWrapper.build/grpcWrapper.modulemap

WriteAuxiliaryFile /Users/fukushimatakumi/Library/Developer/Xcode/DerivedData/SugarBeat-hgoxfxbbugxkfsbmqcjlbmjeaqyg/Build/Intermediates.noindex/gRPC.build/Debug-iphonesimulator/grpcWrapper.build/grpcWrapper.DependencyStaticMetadataFileList (in target 'grpcWrapper' from project 'gRPC')
    cd /Users/fukushimatakumi/Library/Developer/Xcode/DerivedData/SugarBeat-hgoxfxbbugxkfsbmqcjlbmjeaqyg/SourcePackages/checkouts/grpc-binary
    write-file /Users/fukushimatakumi/Library/Developer/Xcode/DerivedData/SugarBeat-hgoxfxbbugxkfsbmqcjlbmjeaqyg/Build/Intermediates.noindex/gRPC.build/Debug-iphonesimulator/grpcWrapper.build/grpcWrapper.DependencyStaticMetadataFileList

WriteAuxiliaryFile /Users/fukushimatakumi/Library/Developer/Xcode/DerivedData/SugarBeat-hgoxfxbbugxkfsbmqcjlbmjeaqyg/Build/Intermediates.noindex/gRPC.build/Debug-iphonesimulator/grpcWrapper.build/grpcWrapper.DependencyMetadataFileList (in target 'grpcWrapper' from project 'gRPC')
    cd /Users/fukushimatakumi/Library/Developer/Xcode/DerivedData/SugarBeat-hgoxfxbbugxkfsbmqcjlbmjeaqyg/SourcePackages/checkouts/grpc-binary
    write-file /Users/fukushimatakumi/Library/Developer/Xcode/DerivedData/SugarBeat-hgoxfxbbugxkfsbmqcjlbmjeaqyg/Build/Intermediates.noindex/gRPC.build/Debug-iphonesimulator/grpcWrapper.build/grpcWrapper.DependencyMetadataFileList

WriteAuxiliaryFile /Users/fukushimatakumi/Library/Developer/Xcode/DerivedData/SugarBeat-hgoxfxbbugxkfsbmqcjlbmjeaqyg/Build/Intermediates.noindex/gRPC.build/Debug-iphonesimulator/grpcWrapper.build/Objects-normal/arm64/grpcWrapper.LinkFileList (in target 'grpcWrapper' from project 'gRPC')
    cd /Users/fukushimatakumi/Library/Developer/Xcode/DerivedData/SugarBeat-hgoxfxbbugxkfsbmqcjlbmjeaqyg/SourcePackages/checkouts/grpc-binary
    write-file /Users/fukushimatakumi/Library/Developer/Xcode/DerivedData/SugarBeat-hgoxfxbbugxkfsbmqcjlbmjeaqyg/Build/Intermediates.noindex/gRPC.build/Debug-iphonesimulator/grpcWrapper.build/Objects-normal/arm64/grpcWrapper.LinkFileList

WriteAuxiliaryFile /Users/fukushimatakumi/Library/Developer/Xcode/DerivedData/SugarBeat-hgoxfxbbugxkfsbmqcjlbmjeaqyg/Build/Intermediates.noindex/gRPC.build/Debug-iphonesimulator/grpcWrapper.build/Objects-normal/arm64/e6072d4f65d7061329687fe24e3d63a7-common-args.resp (in target 'grpcWrapper' from project 'gRPC')
    cd /Users/fukushimatakumi/Library/Developer/Xcode/DerivedData/SugarBeat-hgoxfxbbugxkfsbmqcjlbmjeaqyg/SourcePackages/checkouts/grpc-binary
    write-file /Users/fukushimatakumi/Library/Developer/Xcode/DerivedData/SugarBeat-hgoxfxbbugxkfsbmqcjlbmjeaqyg/Build/Intermediates.noindex/gRPC.build/Debug-iphonesimulator/grpcWrapper.build/Objects-normal/arm64/e6072d4f65d7061329687fe24e3d63a7-common-args.resp
-target arm64-apple-ios12.0-simulator -fobjc-arc -fmodules -gmodules '-fmodules-cache-path=/Users/fukushimatakumi/Library/Developer/Xcode/DerivedData/ModuleCache.noindex' '-fmodule-name=grpcWrapper' -fpascal-strings -O0 -DSWIFT_PACKAGE '-DDEBUG=1' '-DOBJC_OLD_DISPATCH_PROTOTYPES=1' -isysroot /Applications/Xcode.app/Contents/Developer/Platforms/iPhoneSimulator.platform/Developer/SDKs/iPhoneSimulator18.4.sdk -g '-fobjc-abi-version=2' -fobjc-legacy-dispatch -I/Users/fukushimatakumi/Library/Developer/Xcode/DerivedData/SugarBeat-hgoxfxbbugxkfsbmqcjlbmjeaqyg/Build/Products/Debug-iphonesimulator/include -I/Users/fukushimatakumi/Library/Developer/Xcode/DerivedData/SugarBeat-hgoxfxbbugxkfsbmqcjlbmjeaqyg/SourcePackages/checkouts/grpc-binary/grpc-Wrapper/include -I/Users/fukushimatakumi/Library/Developer/Xcode/DerivedData/SugarBeat-hgoxfxbbugxkfsbmqcjlbmjeaqyg/Build/Intermediates.noindex/gRPC.build/Debug-iphonesimulator/grpcWrapper.build/DerivedSources-normal/arm64 -I/Users/fukushimatakumi/Library/Developer/Xcode/DerivedData/SugarBeat-hgoxfxbbugxkfsbmqcjlbmjeaqyg/Build/Intermediates.noindex/gRPC.build/Debug-iphonesimulator/grpcWrapper.build/DerivedSources/arm64 -I/Users/fukushimatakumi/Library/Developer/Xcode/DerivedData/SugarBeat-hgoxfxbbugxkfsbmqcjlbmjeaqyg/Build/Intermediates.noindex/gRPC.build/Debug-iphonesimulator/grpcWrapper.build/DerivedSources -F/Users/fukushimatakumi/Library/Developer/Xcode/DerivedData/SugarBeat-hgoxfxbbugxkfsbmqcjlbmjeaqyg/Build/Products/Debug-iphonesimulator -iframework /Applications/Xcode.app/Contents/Developer/Platforms/iPhoneSimulator.platform/Developer/Library/Frameworks -iframework /Applications/Xcode.app/Contents/Developer/Platforms/iPhoneSimulator.platform/Developer/SDKs/iPhoneSimulator18.4.sdk/Developer/Library/Frameworks -DXcode

SwiftDriverJobDiscovery normal arm64 Emitting module for GTMAppAuth (in target 'GTMAppAuth' from project 'GTMAppAuth')

WriteAuxiliaryFile /Users/fukushimatakumi/Library/Developer/Xcode/DerivedData/SugarBeat-hgoxfxbbugxkfsbmqcjlbmjeaqyg/Build/Intermediates.noindex/gRPC.build/Debug-iphonesimulator/grpcWrapper.build/DerivedSources/resource_bundle_accessor.m (in target 'grpcWrapper' from project 'gRPC')
    cd /Users/fukushimatakumi/Library/Developer/Xcode/DerivedData/SugarBeat-hgoxfxbbugxkfsbmqcjlbmjeaqyg/SourcePackages/checkouts/grpc-binary
    write-file /Users/fukushimatakumi/Library/Developer/Xcode/DerivedData/SugarBeat-hgoxfxbbugxkfsbmqcjlbmjeaqyg/Build/Intermediates.noindex/gRPC.build/Debug-iphonesimulator/grpcWrapper.build/DerivedSources/resource_bundle_accessor.m

WriteAuxiliaryFile /Users/fukushimatakumi/Library/Developer/Xcode/DerivedData/SugarBeat-hgoxfxbbugxkfsbmqcjlbmjeaqyg/Build/Intermediates.noindex/gRPC.build/Debug-iphonesimulator/grpcWrapper.build/DerivedSources/resource_bundle_accessor.h (in target 'grpcWrapper' from project 'gRPC')
    cd /Users/fukushimatakumi/Library/Developer/Xcode/DerivedData/SugarBeat-hgoxfxbbugxkfsbmqcjlbmjeaqyg/SourcePackages/checkouts/grpc-binary
    write-file /Users/fukushimatakumi/Library/Developer/Xcode/DerivedData/SugarBeat-hgoxfxbbugxkfsbmqcjlbmjeaqyg/Build/Intermediates.noindex/gRPC.build/Debug-iphonesimulator/grpcWrapper.build/DerivedSources/resource_bundle_accessor.h

Copy /Users/fukushimatakumi/Library/Developer/Xcode/DerivedData/SugarBeat-hgoxfxbbugxkfsbmqcjlbmjeaqyg/Build/Intermediates.noindex/GeneratedModuleMaps-iphonesimulator/grpcWrapper.modulemap /Users/fukushimatakumi/Library/Developer/Xcode/DerivedData/SugarBeat-hgoxfxbbugxkfsbmqcjlbmjeaqyg/Build/Intermediates.noindex/gRPC.build/Debug-iphonesimulator/grpcWrapper.build/grpcWrapper.modulemap (in target 'grpcWrapper' from project 'gRPC')
    cd /Users/fukushimatakumi/Library/Developer/Xcode/DerivedData/SugarBeat-hgoxfxbbugxkfsbmqcjlbmjeaqyg/SourcePackages/checkouts/grpc-binary
    builtin-copy -exclude .DS_Store -exclude CVS -exclude .svn -exclude .git -exclude .hg -resolve-src-symlinks /Users/fukushimatakumi/Library/Developer/Xcode/DerivedData/SugarBeat-hgoxfxbbugxkfsbmqcjlbmjeaqyg/Build/Intermediates.noindex/gRPC.build/Debug-iphonesimulator/grpcWrapper.build/grpcWrapper.modulemap /Users/fukushimatakumi/Library/Developer/Xcode/DerivedData/SugarBeat-hgoxfxbbugxkfsbmqcjlbmjeaqyg/Build/Intermediates.noindex/GeneratedModuleMaps-iphonesimulator

SwiftDriver GoogleMobileAdsTarget normal arm64 com.apple.xcode.tools.swift.compiler (in target 'GoogleMobileAdsTarget' from project 'GoogleMobileAds')
    cd /Users/fukushimatakumi/develop/sugarbeat/sugarbeat-front
    builtin-SwiftDriver -- /Applications/Xcode.app/Contents/Developer/Toolchains/XcodeDefault.xctoolchain/usr/bin/swiftc -module-name GoogleMobileAdsTarget -Onone -enforce-exclusivity\=checked @/Users/fukushimatakumi/Library/Developer/Xcode/DerivedData/SugarBeat-hgoxfxbbugxkfsbmqcjlbmjeaqyg/Build/Intermediates.noindex/GoogleMobileAds.build/Debug-iphonesimulator/GoogleMobileAdsTarget.build/Objects-normal/arm64/GoogleMobileAdsTarget.SwiftFileList -DSWIFT_PACKAGE -DDEBUG -Xcc -fmodule-map-file\=/Users/fukushimatakumi/Library/Developer/Xcode/DerivedData/SugarBeat-hgoxfxbbugxkfsbmqcjlbmjeaqyg/Build/Intermediates.noindex/GeneratedModuleMaps-iphonesimulator/UserMessagingPlatformTarget.modulemap -DXcode -plugin-path /Applications/Xcode.app/Contents/Developer/Toolchains/XcodeDefault.xctoolchain/usr/lib/swift/host/plugins/testing -enable-experimental-feature DebugDescriptionMacro -sdk /Applications/Xcode.app/Contents/Developer/Platforms/iPhoneSimulator.platform/Developer/SDKs/iPhoneSimulator18.4.sdk -target arm64-apple-ios12.0-simulator -g -module-cache-path /Users/fukushimatakumi/Library/Developer/Xcode/DerivedData/ModuleCache.noindex -Xfrontend -serialize-debugging-options -enable-testing -suppress-warnings -index-store-path /Users/fukushimatakumi/Library/Developer/Xcode/DerivedData/SugarBeat-hgoxfxbbugxkfsbmqcjlbmjeaqyg/Index.noindex/DataStore -swift-version 5 -I /Users/fukushimatakumi/Library/Developer/Xcode/DerivedData/SugarBeat-hgoxfxbbugxkfsbmqcjlbmjeaqyg/Build/Products/Debug-iphonesimulator -I /Applications/Xcode.app/Contents/Developer/Platforms/iPhoneSimulator.platform/Developer/usr/lib -F /Users/fukushimatakumi/Library/Developer/Xcode/DerivedData/SugarBeat-hgoxfxbbugxkfsbmqcjlbmjeaqyg/Build/Products/Debug-iphonesimulator/PackageFrameworks -F /Users/fukushimatakumi/Library/Developer/Xcode/DerivedData/SugarBeat-hgoxfxbbugxkfsbmqcjlbmjeaqyg/Build/Products/Debug-iphonesimulator -F /Applications/Xcode.app/Contents/Developer/Platforms/iPhoneSimulator.platform/Developer/Library/Frameworks -F /Applications/Xcode.app/Contents/Developer/Platforms/iPhoneSimulator.platform/Developer/SDKs/iPhoneSimulator18.4.sdk/Developer/Library/Frameworks -parse-as-library -c -j10 -enable-batch-mode -incremental -Xcc -ivfsstatcache -Xcc /Users/fukushimatakumi/Library/Developer/Xcode/DerivedData/SDKStatCaches.noindex/iphonesimulator18.4-22E235-71825a6d136aa4733edcbe86ece5525b.sdkstatcache -output-file-map /Users/fukushimatakumi/Library/Developer/Xcode/DerivedData/SugarBeat-hgoxfxbbugxkfsbmqcjlbmjeaqyg/Build/Intermediates.noindex/GoogleMobileAds.build/Debug-iphonesimulator/GoogleMobileAdsTarget.build/Objects-normal/arm64/GoogleMobileAdsTarget-OutputFileMap.json -use-frontend-parseable-output -save-temps -no-color-diagnostics -serialize-diagnostics -emit-dependencies -emit-module -emit-module-path /Users/fukushimatakumi/Library/Developer/Xcode/DerivedData/SugarBeat-hgoxfxbbugxkfsbmqcjlbmjeaqyg/Build/Intermediates.noindex/GoogleMobileAds.build/Debug-iphonesimulator/GoogleMobileAdsTarget.build/Objects-normal/arm64/GoogleMobileAdsTarget.swiftmodule -validate-clang-modules-once -clang-build-session-file /Users/fukushimatakumi/Library/Developer/Xcode/DerivedData/ModuleCache.noindex/Session.modulevalidation -Xcc -I/Users/fukushimatakumi/Library/Developer/Xcode/DerivedData/SugarBeat-hgoxfxbbugxkfsbmqcjlbmjeaqyg/Build/Intermediates.noindex/GoogleMobileAds.build/Debug-iphonesimulator/GoogleMobileAdsTarget.build/swift-overrides.hmap -emit-const-values -Xfrontend -const-gather-protocols-file -Xfrontend /Users/fukushimatakumi/Library/Developer/Xcode/DerivedData/SugarBeat-hgoxfxbbugxkfsbmqcjlbmjeaqyg/Build/Intermediates.noindex/GoogleMobileAds.build/Debug-iphonesimulator/GoogleMobileAdsTarget.build/Objects-normal/arm64/GoogleMobileAdsTarget_const_extract_protocols.json -Xcc -I/Users/fukushimatakumi/Library/Developer/Xcode/DerivedData/SugarBeat-hgoxfxbbugxkfsbmqcjlbmjeaqyg/SourcePackages/checkouts/swift-package-manager-google-user-messaging-platform/UserMessagingPlatformTarget/include -Xcc -I/Users/fukushimatakumi/Library/Developer/Xcode/DerivedData/SugarBeat-hgoxfxbbugxkfsbmqcjlbmjeaqyg/Build/Products/Debug-iphonesimulator/include -Xcc -I/Users/fukushimatakumi/Library/Developer/Xcode/DerivedData/SugarBeat-hgoxfxbbugxkfsbmqcjlbmjeaqyg/Build/Intermediates.noindex/GoogleMobileAds.build/Debug-iphonesimulator/GoogleMobileAdsTarget.build/DerivedSources-normal/arm64 -Xcc -I/Users/fukushimatakumi/Library/Developer/Xcode/DerivedData/SugarBeat-hgoxfxbbugxkfsbmqcjlbmjeaqyg/Build/Intermediates.noindex/GoogleMobileAds.build/Debug-iphonesimulator/GoogleMobileAdsTarget.build/DerivedSources/arm64 -Xcc -I/Users/fukushimatakumi/Library/Developer/Xcode/DerivedData/SugarBeat-hgoxfxbbugxkfsbmqcjlbmjeaqyg/Build/Intermediates.noindex/GoogleMobileAds.build/Debug-iphonesimulator/GoogleMobileAdsTarget.build/DerivedSources -Xcc -DSWIFT_PACKAGE -Xcc -DDEBUG\=1 -emit-objc-header -emit-objc-header-path /Users/fukushimatakumi/Library/Developer/Xcode/DerivedData/SugarBeat-hgoxfxbbugxkfsbmqcjlbmjeaqyg/Build/Intermediates.noindex/GoogleMobileAds.build/Debug-iphonesimulator/GoogleMobileAdsTarget.build/Objects-normal/arm64/GoogleMobileAdsTarget-Swift.h -working-directory /Users/fukushimatakumi/develop/sugarbeat/sugarbeat-front -experimental-emit-module-separately -disable-cmo

SwiftDriver\ Compilation\ Requirements GTMAppAuth normal arm64 com.apple.xcode.tools.swift.compiler (in target 'GTMAppAuth' from project 'GTMAppAuth')
    cd /Users/fukushimatakumi/develop/sugarbeat/sugarbeat-front
    builtin-Swift-Compilation-Requirements -- /Applications/Xcode.app/Contents/Developer/Toolchains/XcodeDefault.xctoolchain/usr/bin/swiftc -module-name GTMAppAuth -Onone -enforce-exclusivity\=checked @/Users/fukushimatakumi/Library/Developer/Xcode/DerivedData/SugarBeat-hgoxfxbbugxkfsbmqcjlbmjeaqyg/Build/Intermediates.noindex/GTMAppAuth.build/Debug-iphonesimulator/GTMAppAuth.build/Objects-normal/arm64/GTMAppAuth.SwiftFileList -DSWIFT_PACKAGE -DDEBUG -Xcc -fmodule-map-file\=/Users/fukushimatakumi/Library/Developer/Xcode/DerivedData/SugarBeat-hgoxfxbbugxkfsbmqcjlbmjeaqyg/Build/Intermediates.noindex/GeneratedModuleMaps-iphonesimulator/GTMSessionFetcherCore.modulemap -Xcc -fmodule-map-file\=/Users/fukushimatakumi/Library/Developer/Xcode/DerivedData/SugarBeat-hgoxfxbbugxkfsbmqcjlbmjeaqyg/Build/Intermediates.noindex/GeneratedModuleMaps-iphonesimulator/AppAuthCore.modulemap -DXcode -plugin-path /Applications/Xcode.app/Contents/Developer/Toolchains/XcodeDefault.xctoolchain/usr/lib/swift/host/plugins/testing -enable-experimental-feature DebugDescriptionMacro -sdk /Applications/Xcode.app/Contents/Developer/Platforms/iPhoneSimulator.platform/Developer/SDKs/iPhoneSimulator18.4.sdk -target arm64-apple-ios12.0-simulator -g -module-cache-path /Users/fukushimatakumi/Library/Developer/Xcode/DerivedData/ModuleCache.noindex -Xfrontend -serialize-debugging-options -enable-testing -suppress-warnings -index-store-path /Users/fukushimatakumi/Library/Developer/Xcode/DerivedData/SugarBeat-hgoxfxbbugxkfsbmqcjlbmjeaqyg/Index.noindex/DataStore -swift-version 5 -I /Users/fukushimatakumi/Library/Developer/Xcode/DerivedData/SugarBeat-hgoxfxbbugxkfsbmqcjlbmjeaqyg/Build/Products/Debug-iphonesimulator -I /Applications/Xcode.app/Contents/Developer/Platforms/iPhoneSimulator.platform/Developer/usr/lib -F /Users/fukushimatakumi/Library/Developer/Xcode/DerivedData/SugarBeat-hgoxfxbbugxkfsbmqcjlbmjeaqyg/Build/Products/Debug-iphonesimulator/PackageFrameworks -F /Users/fukushimatakumi/Library/Developer/Xcode/DerivedData/SugarBeat-hgoxfxbbugxkfsbmqcjlbmjeaqyg/Build/Products/Debug-iphonesimulator/PackageFrameworks -F /Users/fukushimatakumi/Library/Developer/Xcode/DerivedData/SugarBeat-hgoxfxbbugxkfsbmqcjlbmjeaqyg/Build/Products/Debug-iphonesimulator -F /Applications/Xcode.app/Contents/Developer/Platforms/iPhoneSimulator.platform/Developer/Library/Frameworks -F /Applications/Xcode.app/Contents/Developer/Platforms/iPhoneSimulator.platform/Developer/SDKs/iPhoneSimulator18.4.sdk/Developer/Library/Frameworks -c -j10 -enable-batch-mode -incremental -Xcc -ivfsstatcache -Xcc /Users/fukushimatakumi/Library/Developer/Xcode/DerivedData/SDKStatCaches.noindex/iphonesimulator18.4-22E235-71825a6d136aa4733edcbe86ece5525b.sdkstatcache -output-file-map /Users/fukushimatakumi/Library/Developer/Xcode/DerivedData/SugarBeat-hgoxfxbbugxkfsbmqcjlbmjeaqyg/Build/Intermediates.noindex/GTMAppAuth.build/Debug-iphonesimulator/GTMAppAuth.build/Objects-normal/arm64/GTMAppAuth-OutputFileMap.json -use-frontend-parseable-output -save-temps -no-color-diagnostics -serialize-diagnostics -emit-dependencies -emit-module -emit-module-path /Users/fukushimatakumi/Library/Developer/Xcode/DerivedData/SugarBeat-hgoxfxbbugxkfsbmqcjlbmjeaqyg/Build/Intermediates.noindex/GTMAppAuth.build/Debug-iphonesimulator/GTMAppAuth.build/Objects-normal/arm64/GTMAppAuth.swiftmodule -validate-clang-modules-once -clang-build-session-file /Users/fukushimatakumi/Library/Developer/Xcode/DerivedData/ModuleCache.noindex/Session.modulevalidation -Xcc -I/Users/fukushimatakumi/Library/Developer/Xcode/DerivedData/SugarBeat-hgoxfxbbugxkfsbmqcjlbmjeaqyg/Build/Intermediates.noindex/GTMAppAuth.build/Debug-iphonesimulator/GTMAppAuth.build/swift-overrides.hmap -emit-const-values -Xfrontend -const-gather-protocols-file -Xfrontend /Users/fukushimatakumi/Library/Developer/Xcode/DerivedData/SugarBeat-hgoxfxbbugxkfsbmqcjlbmjeaqyg/Build/Intermediates.noindex/GTMAppAuth.build/Debug-iphonesimulator/GTMAppAuth.build/Objects-normal/arm64/GTMAppAuth_const_extract_protocols.json -Xcc -I/Users/fukushimatakumi/Library/Developer/Xcode/DerivedData/SugarBeat-hgoxfxbbugxkfsbmqcjlbmjeaqyg/SourcePackages/checkouts/gtm-session-fetcher/Sources/Core/Public -Xcc -I/Users/fukushimatakumi/Library/Developer/Xcode/DerivedData/SugarBeat-hgoxfxbbugxkfsbmqcjlbmjeaqyg/SourcePackages/checkouts/AppAuth-iOS/Sources/AppAuthCore -Xcc -I/Users/fukushimatakumi/Library/Developer/Xcode/DerivedData/SugarBeat-hgoxfxbbugxkfsbmqcjlbmjeaqyg/Build/Products/Debug-iphonesimulator/include -Xcc -I/Users/fukushimatakumi/Library/Developer/Xcode/DerivedData/SugarBeat-hgoxfxbbugxkfsbmqcjlbmjeaqyg/Build/Intermediates.noindex/GTMAppAuth.build/Debug-iphonesimulator/GTMAppAuth.build/DerivedSources-normal/arm64 -Xcc -I/Users/fukushimatakumi/Library/Developer/Xcode/DerivedData/SugarBeat-hgoxfxbbugxkfsbmqcjlbmjeaqyg/Build/Intermediates.noindex/GTMAppAuth.build/Debug-iphonesimulator/GTMAppAuth.build/DerivedSources/arm64 -Xcc -I/Users/fukushimatakumi/Library/Developer/Xcode/DerivedData/SugarBeat-hgoxfxbbugxkfsbmqcjlbmjeaqyg/Build/Intermediates.noindex/GTMAppAuth.build/Debug-iphonesimulator/GTMAppAuth.build/DerivedSources -Xcc -DSWIFT_PACKAGE -Xcc -DDEBUG\=1 -emit-objc-header -emit-objc-header-path /Users/fukushimatakumi/Library/Developer/Xcode/DerivedData/SugarBeat-hgoxfxbbugxkfsbmqcjlbmjeaqyg/Build/Intermediates.noindex/GTMAppAuth.build/Debug-iphonesimulator/GTMAppAuth.build/Objects-normal/arm64/GTMAppAuth-Swift.h -working-directory /Users/fukushimatakumi/develop/sugarbeat/sugarbeat-front -experimental-emit-module-separately -disable-cmo

CodeSign /Users/fukushimatakumi/Library/Developer/Xcode/DerivedData/SugarBeat-hgoxfxbbugxkfsbmqcjlbmjeaqyg/Build/Products/Debug-iphonesimulator/nanopb_nanopb.bundle (in target 'nanopb_nanopb' from project 'nanopb')
    cd /Users/fukushimatakumi/Library/Developer/Xcode/DerivedData/SugarBeat-hgoxfxbbugxkfsbmqcjlbmjeaqyg/SourcePackages/checkouts/nanopb
    
    Signing Identity:     "Sign to Run Locally"
    
    /usr/bin/codesign --force --sign - --timestamp\=none --generate-entitlement-der /Users/fukushimatakumi/Library/Developer/Xcode/DerivedData/SugarBeat-hgoxfxbbugxkfsbmqcjlbmjeaqyg/Build/Products/Debug-iphonesimulator/nanopb_nanopb.bundle

CodeSign /Users/fukushimatakumi/Library/Developer/Xcode/DerivedData/SugarBeat-hgoxfxbbugxkfsbmqcjlbmjeaqyg/Build/Products/Debug-iphonesimulator/leveldb_leveldb.bundle (in target 'leveldb_leveldb' from project 'leveldb')
    cd /Users/fukushimatakumi/Library/Developer/Xcode/DerivedData/SugarBeat-hgoxfxbbugxkfsbmqcjlbmjeaqyg/SourcePackages/checkouts/leveldb
    
    Signing Identity:     "Sign to Run Locally"
    
    /usr/bin/codesign --force --sign - --timestamp\=none --generate-entitlement-der /Users/fukushimatakumi/Library/Developer/Xcode/DerivedData/SugarBeat-hgoxfxbbugxkfsbmqcjlbmjeaqyg/Build/Products/Debug-iphonesimulator/leveldb_leveldb.bundle

SwiftEmitModule normal arm64 Emitting\ module\ for\ GoogleMobileAdsTarget (in target 'GoogleMobileAdsTarget' from project 'GoogleMobileAds')

SwiftCompile normal arm64 /Users/fukushimatakumi/Library/Developer/Xcode/DerivedData/SugarBeat-hgoxfxbbugxkfsbmqcjlbmjeaqyg/SourcePackages/checkouts/swift-package-manager-google-mobile-ads/GoogleMobileAdsTarget/placeholder.swift (in target 'GoogleMobileAdsTarget' from project 'GoogleMobileAds')
    cd /Users/fukushimatakumi/develop/sugarbeat/sugarbeat-front
    

SwiftDriverJobDiscovery normal arm64 Compiling GTMOAuth2Compatibility.swift (in target 'GTMAppAuth' from project 'GTMAppAuth')

SwiftMergeGeneratedHeaders /Users/fukushimatakumi/Library/Developer/Xcode/DerivedData/SugarBeat-hgoxfxbbugxkfsbmqcjlbmjeaqyg/Build/Intermediates.noindex/GeneratedModuleMaps-iphonesimulator/GTMAppAuth-Swift.h /Users/fukushimatakumi/Library/Developer/Xcode/DerivedData/SugarBeat-hgoxfxbbugxkfsbmqcjlbmjeaqyg/Build/Intermediates.noindex/GTMAppAuth.build/Debug-iphonesimulator/GTMAppAuth.build/Objects-normal/arm64/GTMAppAuth-Swift.h (in target 'GTMAppAuth' from project 'GTMAppAuth')
    cd /Users/fukushimatakumi/Library/Developer/Xcode/DerivedData/SugarBeat-hgoxfxbbugxkfsbmqcjlbmjeaqyg/SourcePackages/checkouts/GTMAppAuth
    builtin-swiftHeaderTool -arch arm64 /Users/fukushimatakumi/Library/Developer/Xcode/DerivedData/SugarBeat-hgoxfxbbugxkfsbmqcjlbmjeaqyg/Build/Intermediates.noindex/GTMAppAuth.build/Debug-iphonesimulator/GTMAppAuth.build/Objects-normal/arm64/GTMAppAuth-Swift.h -o /Users/fukushimatakumi/Library/Developer/Xcode/DerivedData/SugarBeat-hgoxfxbbugxkfsbmqcjlbmjeaqyg/Build/Intermediates.noindex/GeneratedModuleMaps-iphonesimulator/GTMAppAuth-Swift.h

Copy /Users/fukushimatakumi/Library/Developer/Xcode/DerivedData/SugarBeat-hgoxfxbbugxkfsbmqcjlbmjeaqyg/Build/Products/Debug-iphonesimulator/GTMAppAuth.swiftmodule/arm64-apple-ios-simulator.swiftmodule /Users/fukushimatakumi/Library/Developer/Xcode/DerivedData/SugarBeat-hgoxfxbbugxkfsbmqcjlbmjeaqyg/Build/Intermediates.noindex/GTMAppAuth.build/Debug-iphonesimulator/GTMAppAuth.build/Objects-normal/arm64/GTMAppAuth.swiftmodule (in target 'GTMAppAuth' from project 'GTMAppAuth')
    cd /Users/fukushimatakumi/Library/Developer/Xcode/DerivedData/SugarBeat-hgoxfxbbugxkfsbmqcjlbmjeaqyg/SourcePackages/checkouts/GTMAppAuth
    builtin-copy -exclude .DS_Store -exclude CVS -exclude .svn -exclude .git -exclude .hg -resolve-src-symlinks -rename /Users/fukushimatakumi/Library/Developer/Xcode/DerivedData/SugarBeat-hgoxfxbbugxkfsbmqcjlbmjeaqyg/Build/Intermediates.noindex/GTMAppAuth.build/Debug-iphonesimulator/GTMAppAuth.build/Objects-normal/arm64/GTMAppAuth.swiftmodule /Users/fukushimatakumi/Library/Developer/Xcode/DerivedData/SugarBeat-hgoxfxbbugxkfsbmqcjlbmjeaqyg/Build/Products/Debug-iphonesimulator/GTMAppAuth.swiftmodule/arm64-apple-ios-simulator.swiftmodule

Copy /Users/fukushimatakumi/Library/Developer/Xcode/DerivedData/SugarBeat-hgoxfxbbugxkfsbmqcjlbmjeaqyg/Build/Products/Debug-iphonesimulator/GTMAppAuth.swiftmodule/arm64-apple-ios-simulator.swiftdoc /Users/fukushimatakumi/Library/Developer/Xcode/DerivedData/SugarBeat-hgoxfxbbugxkfsbmqcjlbmjeaqyg/Build/Intermediates.noindex/GTMAppAuth.build/Debug-iphonesimulator/GTMAppAuth.build/Objects-normal/arm64/GTMAppAuth.swiftdoc (in target 'GTMAppAuth' from project 'GTMAppAuth')
    cd /Users/fukushimatakumi/Library/Developer/Xcode/DerivedData/SugarBeat-hgoxfxbbugxkfsbmqcjlbmjeaqyg/SourcePackages/checkouts/GTMAppAuth
    builtin-copy -exclude .DS_Store -exclude CVS -exclude .svn -exclude .git -exclude .hg -resolve-src-symlinks -rename /Users/fukushimatakumi/Library/Developer/Xcode/DerivedData/SugarBeat-hgoxfxbbugxkfsbmqcjlbmjeaqyg/Build/Intermediates.noindex/GTMAppAuth.build/Debug-iphonesimulator/GTMAppAuth.build/Objects-normal/arm64/GTMAppAuth.swiftdoc /Users/fukushimatakumi/Library/Developer/Xcode/DerivedData/SugarBeat-hgoxfxbbugxkfsbmqcjlbmjeaqyg/Build/Products/Debug-iphonesimulator/GTMAppAuth.swiftmodule/arm64-apple-ios-simulator.swiftdoc

Copy /Users/fukushimatakumi/Library/Developer/Xcode/DerivedData/SugarBeat-hgoxfxbbugxkfsbmqcjlbmjeaqyg/Build/Products/Debug-iphonesimulator/GTMAppAuth.swiftmodule/arm64-apple-ios-simulator.abi.json /Users/fukushimatakumi/Library/Developer/Xcode/DerivedData/SugarBeat-hgoxfxbbugxkfsbmqcjlbmjeaqyg/Build/Intermediates.noindex/GTMAppAuth.build/Debug-iphonesimulator/GTMAppAuth.build/Objects-normal/arm64/GTMAppAuth.abi.json (in target 'GTMAppAuth' from project 'GTMAppAuth')
    cd /Users/fukushimatakumi/Library/Developer/Xcode/DerivedData/SugarBeat-hgoxfxbbugxkfsbmqcjlbmjeaqyg/SourcePackages/checkouts/GTMAppAuth
    builtin-copy -exclude .DS_Store -exclude CVS -exclude .svn -exclude .git -exclude .hg -resolve-src-symlinks -rename /Users/fukushimatakumi/Library/Developer/Xcode/DerivedData/SugarBeat-hgoxfxbbugxkfsbmqcjlbmjeaqyg/Build/Intermediates.noindex/GTMAppAuth.build/Debug-iphonesimulator/GTMAppAuth.build/Objects-normal/arm64/GTMAppAuth.abi.json /Users/fukushimatakumi/Library/Developer/Xcode/DerivedData/SugarBeat-hgoxfxbbugxkfsbmqcjlbmjeaqyg/Build/Products/Debug-iphonesimulator/GTMAppAuth.swiftmodule/arm64-apple-ios-simulator.abi.json

SwiftDriverJobDiscovery normal arm64 Compiling KeychainHelper.swift (in target 'GTMAppAuth' from project 'GTMAppAuth')

Copy /Users/fukushimatakumi/Library/Developer/Xcode/DerivedData/SugarBeat-hgoxfxbbugxkfsbmqcjlbmjeaqyg/Build/Products/Debug-iphonesimulator/GTMAppAuth.swiftmodule/Project/arm64-apple-ios-simulator.swiftsourceinfo /Users/fukushimatakumi/Library/Developer/Xcode/DerivedData/SugarBeat-hgoxfxbbugxkfsbmqcjlbmjeaqyg/Build/Intermediates.noindex/GTMAppAuth.build/Debug-iphonesimulator/GTMAppAuth.build/Objects-normal/arm64/GTMAppAuth.swiftsourceinfo (in target 'GTMAppAuth' from project 'GTMAppAuth')
    cd /Users/fukushimatakumi/Library/Developer/Xcode/DerivedData/SugarBeat-hgoxfxbbugxkfsbmqcjlbmjeaqyg/SourcePackages/checkouts/GTMAppAuth
    builtin-copy -exclude .DS_Store -exclude CVS -exclude .svn -exclude .git -exclude .hg -resolve-src-symlinks -rename /Users/fukushimatakumi/Library/Developer/Xcode/DerivedData/SugarBeat-hgoxfxbbugxkfsbmqcjlbmjeaqyg/Build/Intermediates.noindex/GTMAppAuth.build/Debug-iphonesimulator/GTMAppAuth.build/Objects-normal/arm64/GTMAppAuth.swiftsourceinfo /Users/fukushimatakumi/Library/Developer/Xcode/DerivedData/SugarBeat-hgoxfxbbugxkfsbmqcjlbmjeaqyg/Build/Products/Debug-iphonesimulator/GTMAppAuth.swiftmodule/Project/arm64-apple-ios-simulator.swiftsourceinfo

CodeSign /Users/fukushimatakumi/Library/Developer/Xcode/DerivedData/SugarBeat-hgoxfxbbugxkfsbmqcjlbmjeaqyg/Build/Products/Debug-iphonesimulator/gRPC_opensslWrapper.bundle (in target 'gRPC_opensslWrapper' from project 'gRPC')
    cd /Users/fukushimatakumi/Library/Developer/Xcode/DerivedData/SugarBeat-hgoxfxbbugxkfsbmqcjlbmjeaqyg/SourcePackages/checkouts/grpc-binary
    
    Signing Identity:     "Sign to Run Locally"
    
    /usr/bin/codesign --force --sign - --timestamp\=none --generate-entitlement-der /Users/fukushimatakumi/Library/Developer/Xcode/DerivedData/SugarBeat-hgoxfxbbugxkfsbmqcjlbmjeaqyg/Build/Products/Debug-iphonesimulator/gRPC_opensslWrapper.bundle

CodeSign /Users/fukushimatakumi/Library/Developer/Xcode/DerivedData/SugarBeat-hgoxfxbbugxkfsbmqcjlbmjeaqyg/Build/Products/Debug-iphonesimulator/gRPC_grpcppWrapper.bundle (in target 'gRPC_grpcppWrapper' from project 'gRPC')
    cd /Users/fukushimatakumi/Library/Developer/Xcode/DerivedData/SugarBeat-hgoxfxbbugxkfsbmqcjlbmjeaqyg/SourcePackages/checkouts/grpc-binary
    
    Signing Identity:     "Sign to Run Locally"
    
    /usr/bin/codesign --force --sign - --timestamp\=none --generate-entitlement-der /Users/fukushimatakumi/Library/Developer/Xcode/DerivedData/SugarBeat-hgoxfxbbugxkfsbmqcjlbmjeaqyg/Build/Products/Debug-iphonesimulator/gRPC_grpcppWrapper.bundle

CodeSign /Users/fukushimatakumi/Library/Developer/Xcode/DerivedData/SugarBeat-hgoxfxbbugxkfsbmqcjlbmjeaqyg/Build/Products/Debug-iphonesimulator/gRPC_grpcWrapper.bundle (in target 'gRPC_grpcWrapper' from project 'gRPC')
    cd /Users/fukushimatakumi/Library/Developer/Xcode/DerivedData/SugarBeat-hgoxfxbbugxkfsbmqcjlbmjeaqyg/SourcePackages/checkouts/grpc-binary
    
    Signing Identity:     "Sign to Run Locally"
    
    /usr/bin/codesign --force --sign - --timestamp\=none --generate-entitlement-der /Users/fukushimatakumi/Library/Developer/Xcode/DerivedData/SugarBeat-hgoxfxbbugxkfsbmqcjlbmjeaqyg/Build/Products/Debug-iphonesimulator/gRPC_grpcWrapper.bundle

CodeSign /Users/fukushimatakumi/Library/Developer/Xcode/DerivedData/SugarBeat-hgoxfxbbugxkfsbmqcjlbmjeaqyg/Build/Products/Debug-iphonesimulator/abseil_abslWrapper.bundle (in target 'abseil_abslWrapper' from project 'abseil')
    cd /Users/fukushimatakumi/Library/Developer/Xcode/DerivedData/SugarBeat-hgoxfxbbugxkfsbmqcjlbmjeaqyg/SourcePackages/checkouts/abseil-cpp-binary
    
    Signing Identity:     "Sign to Run Locally"
    
    /usr/bin/codesign --force --sign - --timestamp\=none --generate-entitlement-der /Users/fukushimatakumi/Library/Developer/Xcode/DerivedData/SugarBeat-hgoxfxbbugxkfsbmqcjlbmjeaqyg/Build/Products/Debug-iphonesimulator/abseil_abslWrapper.bundle

CodeSign /Users/fukushimatakumi/Library/Developer/Xcode/DerivedData/SugarBeat-hgoxfxbbugxkfsbmqcjlbmjeaqyg/Build/Products/Debug-iphonesimulator/Promises_FBLPromises.bundle (in target 'Promises_FBLPromises' from project 'Promises')
    cd /Users/fukushimatakumi/Library/Developer/Xcode/DerivedData/SugarBeat-hgoxfxbbugxkfsbmqcjlbmjeaqyg/SourcePackages/checkouts/promises
    
    Signing Identity:     "Sign to Run Locally"
    
    /usr/bin/codesign --force --sign - --timestamp\=none --generate-entitlement-der /Users/fukushimatakumi/Library/Developer/Xcode/DerivedData/SugarBeat-hgoxfxbbugxkfsbmqcjlbmjeaqyg/Build/Products/Debug-iphonesimulator/Promises_FBLPromises.bundle

CodeSign /Users/fukushimatakumi/Library/Developer/Xcode/DerivedData/SugarBeat-hgoxfxbbugxkfsbmqcjlbmjeaqyg/Build/Products/Debug-iphonesimulator/GoogleUtilities_GoogleUtilities-UserDefaults.bundle (in target 'GoogleUtilities_GoogleUtilities-UserDefaults' from project 'GoogleUtilities')
    cd /Users/fukushimatakumi/Library/Developer/Xcode/DerivedData/SugarBeat-hgoxfxbbugxkfsbmqcjlbmjeaqyg/SourcePackages/checkouts/GoogleUtilities
    
    Signing Identity:     "Sign to Run Locally"
    
    /usr/bin/codesign --force --sign - --timestamp\=none --generate-entitlement-der /Users/fukushimatakumi/Library/Developer/Xcode/DerivedData/SugarBeat-hgoxfxbbugxkfsbmqcjlbmjeaqyg/Build/Products/Debug-iphonesimulator/GoogleUtilities_GoogleUtilities-UserDefaults.bundle

CodeSign /Users/fukushimatakumi/Library/Developer/Xcode/DerivedData/SugarBeat-hgoxfxbbugxkfsbmqcjlbmjeaqyg/Build/Products/Debug-iphonesimulator/GoogleUtilities_GoogleUtilities-Reachability.bundle (in target 'GoogleUtilities_GoogleUtilities-Reachability' from project 'GoogleUtilities')
    cd /Users/fukushimatakumi/Library/Developer/Xcode/DerivedData/SugarBeat-hgoxfxbbugxkfsbmqcjlbmjeaqyg/SourcePackages/checkouts/GoogleUtilities
    
    Signing Identity:     "Sign to Run Locally"
    
    /usr/bin/codesign --force --sign - --timestamp\=none --generate-entitlement-der /Users/fukushimatakumi/Library/Developer/Xcode/DerivedData/SugarBeat-hgoxfxbbugxkfsbmqcjlbmjeaqyg/Build/Products/Debug-iphonesimulator/GoogleUtilities_GoogleUtilities-Reachability.bundle

CodeSign /Users/fukushimatakumi/Library/Developer/Xcode/DerivedData/SugarBeat-hgoxfxbbugxkfsbmqcjlbmjeaqyg/Build/Products/Debug-iphonesimulator/GoogleUtilities_GoogleUtilities-Network.bundle (in target 'GoogleUtilities_GoogleUtilities-Network' from project 'GoogleUtilities')
    cd /Users/fukushimatakumi/Library/Developer/Xcode/DerivedData/SugarBeat-hgoxfxbbugxkfsbmqcjlbmjeaqyg/SourcePackages/checkouts/GoogleUtilities
    
    Signing Identity:     "Sign to Run Locally"
    
    /usr/bin/codesign --force --sign - --timestamp\=none --generate-entitlement-der /Users/fukushimatakumi/Library/Developer/Xcode/DerivedData/SugarBeat-hgoxfxbbugxkfsbmqcjlbmjeaqyg/Build/Products/Debug-iphonesimulator/GoogleUtilities_GoogleUtilities-Network.bundle

CodeSign /Users/fukushimatakumi/Library/Developer/Xcode/DerivedData/SugarBeat-hgoxfxbbugxkfsbmqcjlbmjeaqyg/Build/Products/Debug-iphonesimulator/GoogleUtilities_GoogleUtilities-NSData.bundle (in target 'GoogleUtilities_GoogleUtilities-NSData' from project 'GoogleUtilities')
    cd /Users/fukushimatakumi/Library/Developer/Xcode/DerivedData/SugarBeat-hgoxfxbbugxkfsbmqcjlbmjeaqyg/SourcePackages/checkouts/GoogleUtilities
    
    Signing Identity:     "Sign to Run Locally"
    
    /usr/bin/codesign --force --sign - --timestamp\=none --generate-entitlement-der /Users/fukushimatakumi/Library/Developer/Xcode/DerivedData/SugarBeat-hgoxfxbbugxkfsbmqcjlbmjeaqyg/Build/Products/Debug-iphonesimulator/GoogleUtilities_GoogleUtilities-NSData.bundle

ScanDependencies /Users/fukushimatakumi/Library/Developer/Xcode/DerivedData/SugarBeat-hgoxfxbbugxkfsbmqcjlbmjeaqyg/Build/Intermediates.noindex/GoogleUtilities.build/Debug-iphonesimulator/GoogleUtilities-AppDelegateSwizzler.build/Objects-normal/arm64/resource_bundle_accessor.o /Users/fukushimatakumi/Library/Developer/Xcode/DerivedData/SugarBeat-hgoxfxbbugxkfsbmqcjlbmjeaqyg/Build/Intermediates.noindex/GoogleUtilities.build/Debug-iphonesimulator/GoogleUtilities-AppDelegateSwizzler.build/DerivedSources/resource_bundle_accessor.m normal arm64 objective-c com.apple.compilers.llvm.clang.1_0.compiler (in target 'GoogleUtilities-AppDelegateSwizzler' from project 'GoogleUtilities')
    cd /Users/fukushimatakumi/develop/sugarbeat/sugarbeat-front
    
    Using response file: /Users/fukushimatakumi/Library/Developer/Xcode/DerivedData/SugarBeat-hgoxfxbbugxkfsbmqcjlbmjeaqyg/Build/Intermediates.noindex/GoogleUtilities.build/Debug-iphonesimulator/GoogleUtilities-AppDelegateSwizzler.build/Objects-normal/arm64/e6072d4f65d7061329687fe24e3d63a7-common-args.resp
    
    builtin-ScanDependencies -o /Users/fukushimatakumi/Library/Developer/Xcode/DerivedData/SugarBeat-hgoxfxbbugxkfsbmqcjlbmjeaqyg/Build/Intermediates.noindex/GoogleUtilities.build/Debug-iphonesimulator/GoogleUtilities-AppDelegateSwizzler.build/Objects-normal/arm64/resource_bundle_accessor.o.scan -- /Applications/Xcode.app/Contents/Developer/Toolchains/XcodeDefault.xctoolchain/usr/bin/clang -x objective-c -ivfsstatcache /Users/fukushimatakumi/Library/Developer/Xcode/DerivedData/SDKStatCaches.noindex/iphonesimulator18.4-22E235-71825a6d136aa4733edcbe86ece5525b.sdkstatcache -fmessage-length\=0 -fdiagnostics-show-note-include-stack -fmacro-backtrace-limit\=0 -fno-color-diagnostics -fmodules-prune-interval\=86400 -fmodules-prune-after\=345600 -fbuild-session-file\=/Users/fukushimatakumi/Library/Developer/Xcode/DerivedData/ModuleCache.noindex/Session.modulevalidation -fmodules-validate-once-per-build-session -Wnon-modular-include-in-framework-module -Werror\=non-modular-include-in-framework-module -Wno-trigraphs -Wno-missing-field-initializers -Wno-missing-prototypes -Wno-return-type -Wno-implicit-atomic-properties -Wno-objc-interface-ivars -Wno-arc-repeated-use-of-weak -Wno-missing-braces -Wparentheses -Wswitch -Wno-unused-function -Wno-unused-label -Wno-unused-parameter -Wno-unused-variable -Wunused-value -Wno-empty-body -Wno-uninitialized -Wno-unknown-pragmas -w -Wno-shadow -Wno-four-char-constants -Wno-conversion -Wno-constant-conversion -Wno-int-conversion -Wno-bool-conversion -Wno-enum-conversion -Wno-float-conversion -Wno-non-literal-null-conversion -Wno-objc-literal-conversion -Wshorten-64-to-32 -Wpointer-sign -Wno-newline-eof -Wno-selector -Wno-strict-selector-match -Wno-undeclared-selector -Wno-deprecated-implementations -Wno-implicit-fallthrough -fstrict-aliasing -Wprotocol -Wdeprecated-declarations -Wno-sign-conversion -Wno-infinite-recursion -Wno-comma -Wno-block-capture-autoreleasing -Wno-strict-prototypes -Wno-semicolon-before-method-body -index-store-path /Users/fukushimatakumi/Library/Developer/Xcode/DerivedData/SugarBeat-hgoxfxbbugxkfsbmqcjlbmjeaqyg/Index.noindex/DataStore @/Users/fukushimatakumi/Library/Developer/Xcode/DerivedData/SugarBeat-hgoxfxbbugxkfsbmqcjlbmjeaqyg/Build/Intermediates.noindex/GoogleUtilities.build/Debug-iphonesimulator/GoogleUtilities-AppDelegateSwizzler.build/Objects-normal/arm64/e6072d4f65d7061329687fe24e3d63a7-common-args.resp -include /Users/fukushimatakumi/Library/Developer/Xcode/DerivedData/SugarBeat-hgoxfxbbugxkfsbmqcjlbmjeaqyg/Build/Intermediates.noindex/GoogleUtilities.build/Debug-iphonesimulator/GoogleUtilities-AppDelegateSwizzler.build/DerivedSources/resource_bundle_accessor.h -MMD -MT dependencies -MF /Users/fukushimatakumi/Library/Developer/Xcode/DerivedData/SugarBeat-hgoxfxbbugxkfsbmqcjlbmjeaqyg/Build/Intermediates.noindex/GoogleUtilities.build/Debug-iphonesimulator/GoogleUtilities-AppDelegateSwizzler.build/Objects-normal/arm64/resource_bundle_accessor.d --serialize-diagnostics /Users/fukushimatakumi/Library/Developer/Xcode/DerivedData/SugarBeat-hgoxfxbbugxkfsbmqcjlbmjeaqyg/Build/Intermediates.noindex/GoogleUtilities.build/Debug-iphonesimulator/GoogleUtilities-AppDelegateSwizzler.build/Objects-normal/arm64/resource_bundle_accessor.dia -c /Users/fukushimatakumi/Library/Developer/Xcode/DerivedData/SugarBeat-hgoxfxbbugxkfsbmqcjlbmjeaqyg/Build/Intermediates.noindex/GoogleUtilities.build/Debug-iphonesimulator/GoogleUtilities-AppDelegateSwizzler.build/DerivedSources/resource_bundle_accessor.m -o /Users/fukushimatakumi/Library/Developer/Xcode/DerivedData/SugarBeat-hgoxfxbbugxkfsbmqcjlbmjeaqyg/Build/Intermediates.noindex/GoogleUtilities.build/Debug-iphonesimulator/GoogleUtilities-AppDelegateSwizzler.build/Objects-normal/arm64/resource_bundle_accessor.o -index-unit-output-path /GoogleUtilities.build/Debug-iphonesimulator/GoogleUtilities-AppDelegateSwizzler.build/Objects-normal/arm64/resource_bundle_accessor.o

ScanDependencies /Users/fukushimatakumi/Library/Developer/Xcode/DerivedData/SugarBeat-hgoxfxbbugxkfsbmqcjlbmjeaqyg/Build/Intermediates.noindex/GoogleUtilities.build/Debug-iphonesimulator/GoogleUtilities-AppDelegateSwizzler.build/Objects-normal/arm64/GULSceneDelegateSwizzler.o /Users/fukushimatakumi/Library/Developer/Xcode/DerivedData/SugarBeat-hgoxfxbbugxkfsbmqcjlbmjeaqyg/SourcePackages/checkouts/GoogleUtilities/GoogleUtilities/AppDelegateSwizzler/GULSceneDelegateSwizzler.m normal arm64 objective-c com.apple.compilers.llvm.clang.1_0.compiler (in target 'GoogleUtilities-AppDelegateSwizzler' from project 'GoogleUtilities')
    cd /Users/fukushimatakumi/develop/sugarbeat/sugarbeat-front
    
    Using response file: /Users/fukushimatakumi/Library/Developer/Xcode/DerivedData/SugarBeat-hgoxfxbbugxkfsbmqcjlbmjeaqyg/Build/Intermediates.noindex/GoogleUtilities.build/Debug-iphonesimulator/GoogleUtilities-AppDelegateSwizzler.build/Objects-normal/arm64/e6072d4f65d7061329687fe24e3d63a7-common-args.resp
    
    builtin-ScanDependencies -o /Users/fukushimatakumi/Library/Developer/Xcode/DerivedData/SugarBeat-hgoxfxbbugxkfsbmqcjlbmjeaqyg/Build/Intermediates.noindex/GoogleUtilities.build/Debug-iphonesimulator/GoogleUtilities-AppDelegateSwizzler.build/Objects-normal/arm64/GULSceneDelegateSwizzler.o.scan -- /Applications/Xcode.app/Contents/Developer/Toolchains/XcodeDefault.xctoolchain/usr/bin/clang -x objective-c -ivfsstatcache /Users/fukushimatakumi/Library/Developer/Xcode/DerivedData/SDKStatCaches.noindex/iphonesimulator18.4-22E235-71825a6d136aa4733edcbe86ece5525b.sdkstatcache -fmessage-length\=0 -fdiagnostics-show-note-include-stack -fmacro-backtrace-limit\=0 -fno-color-diagnostics -fmodules-prune-interval\=86400 -fmodules-prune-after\=345600 -fbuild-session-file\=/Users/fukushimatakumi/Library/Developer/Xcode/DerivedData/ModuleCache.noindex/Session.modulevalidation -fmodules-validate-once-per-build-session -Wnon-modular-include-in-framework-module -Werror\=non-modular-include-in-framework-module -Wno-trigraphs -Wno-missing-field-initializers -Wno-missing-prototypes -Wno-return-type -Wno-implicit-atomic-properties -Wno-objc-interface-ivars -Wno-arc-repeated-use-of-weak -Wno-missing-braces -Wparentheses -Wswitch -Wno-unused-function -Wno-unused-label -Wno-unused-parameter -Wno-unused-variable -Wunused-value -Wno-empty-body -Wno-uninitialized -Wno-unknown-pragmas -w -Wno-shadow -Wno-four-char-constants -Wno-conversion -Wno-constant-conversion -Wno-int-conversion -Wno-bool-conversion -Wno-enum-conversion -Wno-float-conversion -Wno-non-literal-null-conversion -Wno-objc-literal-conversion -Wshorten-64-to-32 -Wpointer-sign -Wno-newline-eof -Wno-selector -Wno-strict-selector-match -Wno-undeclared-selector -Wno-deprecated-implementations -Wno-implicit-fallthrough -fstrict-aliasing -Wprotocol -Wdeprecated-declarations -Wno-sign-conversion -Wno-infinite-recursion -Wno-comma -Wno-block-capture-autoreleasing -Wno-strict-prototypes -Wno-semicolon-before-method-body -index-store-path /Users/fukushimatakumi/Library/Developer/Xcode/DerivedData/SugarBeat-hgoxfxbbugxkfsbmqcjlbmjeaqyg/Index.noindex/DataStore @/Users/fukushimatakumi/Library/Developer/Xcode/DerivedData/SugarBeat-hgoxfxbbugxkfsbmqcjlbmjeaqyg/Build/Intermediates.noindex/GoogleUtilities.build/Debug-iphonesimulator/GoogleUtilities-AppDelegateSwizzler.build/Objects-normal/arm64/e6072d4f65d7061329687fe24e3d63a7-common-args.resp -include /Users/fukushimatakumi/Library/Developer/Xcode/DerivedData/SugarBeat-hgoxfxbbugxkfsbmqcjlbmjeaqyg/Build/Intermediates.noindex/GoogleUtilities.build/Debug-iphonesimulator/GoogleUtilities-AppDelegateSwizzler.build/DerivedSources/resource_bundle_accessor.h -MMD -MT dependencies -MF /Users/fukushimatakumi/Library/Developer/Xcode/DerivedData/SugarBeat-hgoxfxbbugxkfsbmqcjlbmjeaqyg/Build/Intermediates.noindex/GoogleUtilities.build/Debug-iphonesimulator/GoogleUtilities-AppDelegateSwizzler.build/Objects-normal/arm64/GULSceneDelegateSwizzler.d --serialize-diagnostics /Users/fukushimatakumi/Library/Developer/Xcode/DerivedData/SugarBeat-hgoxfxbbugxkfsbmqcjlbmjeaqyg/Build/Intermediates.noindex/GoogleUtilities.build/Debug-iphonesimulator/GoogleUtilities-AppDelegateSwizzler.build/Objects-normal/arm64/GULSceneDelegateSwizzler.dia -c /Users/fukushimatakumi/Library/Developer/Xcode/DerivedData/SugarBeat-hgoxfxbbugxkfsbmqcjlbmjeaqyg/SourcePackages/checkouts/GoogleUtilities/GoogleUtilities/AppDelegateSwizzler/GULSceneDelegateSwizzler.m -o /Users/fukushimatakumi/Library/Developer/Xcode/DerivedData/SugarBeat-hgoxfxbbugxkfsbmqcjlbmjeaqyg/Build/Intermediates.noindex/GoogleUtilities.build/Debug-iphonesimulator/GoogleUtilities-AppDelegateSwizzler.build/Objects-normal/arm64/GULSceneDelegateSwizzler.o -index-unit-output-path /GoogleUtilities.build/Debug-iphonesimulator/GoogleUtilities-AppDelegateSwizzler.build/Objects-normal/arm64/GULSceneDelegateSwizzler.o

ScanDependencies /Users/fukushimatakumi/Library/Developer/Xcode/DerivedData/SugarBeat-hgoxfxbbugxkfsbmqcjlbmjeaqyg/Build/Intermediates.noindex/GoogleUtilities.build/Debug-iphonesimulator/GoogleUtilities-AppDelegateSwizzler.build/Objects-normal/arm64/GULAppDelegateSwizzler.o /Users/fukushimatakumi/Library/Developer/Xcode/DerivedData/SugarBeat-hgoxfxbbugxkfsbmqcjlbmjeaqyg/SourcePackages/checkouts/GoogleUtilities/GoogleUtilities/AppDelegateSwizzler/GULAppDelegateSwizzler.m normal arm64 objective-c com.apple.compilers.llvm.clang.1_0.compiler (in target 'GoogleUtilities-AppDelegateSwizzler' from project 'GoogleUtilities')
    cd /Users/fukushimatakumi/develop/sugarbeat/sugarbeat-front
    
    Using response file: /Users/fukushimatakumi/Library/Developer/Xcode/DerivedData/SugarBeat-hgoxfxbbugxkfsbmqcjlbmjeaqyg/Build/Intermediates.noindex/GoogleUtilities.build/Debug-iphonesimulator/GoogleUtilities-AppDelegateSwizzler.build/Objects-normal/arm64/e6072d4f65d7061329687fe24e3d63a7-common-args.resp
    
    builtin-ScanDependencies -o /Users/fukushimatakumi/Library/Developer/Xcode/DerivedData/SugarBeat-hgoxfxbbugxkfsbmqcjlbmjeaqyg/Build/Intermediates.noindex/GoogleUtilities.build/Debug-iphonesimulator/GoogleUtilities-AppDelegateSwizzler.build/Objects-normal/arm64/GULAppDelegateSwizzler.o.scan -- /Applications/Xcode.app/Contents/Developer/Toolchains/XcodeDefault.xctoolchain/usr/bin/clang -x objective-c -ivfsstatcache /Users/fukushimatakumi/Library/Developer/Xcode/DerivedData/SDKStatCaches.noindex/iphonesimulator18.4-22E235-71825a6d136aa4733edcbe86ece5525b.sdkstatcache -fmessage-length\=0 -fdiagnostics-show-note-include-stack -fmacro-backtrace-limit\=0 -fno-color-diagnostics -fmodules-prune-interval\=86400 -fmodules-prune-after\=345600 -fbuild-session-file\=/Users/fukushimatakumi/Library/Developer/Xcode/DerivedData/ModuleCache.noindex/Session.modulevalidation -fmodules-validate-once-per-build-session -Wnon-modular-include-in-framework-module -Werror\=non-modular-include-in-framework-module -Wno-trigraphs -Wno-missing-field-initializers -Wno-missing-prototypes -Wno-return-type -Wno-implicit-atomic-properties -Wno-objc-interface-ivars -Wno-arc-repeated-use-of-weak -Wno-missing-braces -Wparentheses -Wswitch -Wno-unused-function -Wno-unused-label -Wno-unused-parameter -Wno-unused-variable -Wunused-value -Wno-empty-body -Wno-uninitialized -Wno-unknown-pragmas -w -Wno-shadow -Wno-four-char-constants -Wno-conversion -Wno-constant-conversion -Wno-int-conversion -Wno-bool-conversion -Wno-enum-conversion -Wno-float-conversion -Wno-non-literal-null-conversion -Wno-objc-literal-conversion -Wshorten-64-to-32 -Wpointer-sign -Wno-newline-eof -Wno-selector -Wno-strict-selector-match -Wno-undeclared-selector -Wno-deprecated-implementations -Wno-implicit-fallthrough -fstrict-aliasing -Wprotocol -Wdeprecated-declarations -Wno-sign-conversion -Wno-infinite-recursion -Wno-comma -Wno-block-capture-autoreleasing -Wno-strict-prototypes -Wno-semicolon-before-method-body -index-store-path /Users/fukushimatakumi/Library/Developer/Xcode/DerivedData/SugarBeat-hgoxfxbbugxkfsbmqcjlbmjeaqyg/Index.noindex/DataStore @/Users/fukushimatakumi/Library/Developer/Xcode/DerivedData/SugarBeat-hgoxfxbbugxkfsbmqcjlbmjeaqyg/Build/Intermediates.noindex/GoogleUtilities.build/Debug-iphonesimulator/GoogleUtilities-AppDelegateSwizzler.build/Objects-normal/arm64/e6072d4f65d7061329687fe24e3d63a7-common-args.resp -include /Users/fukushimatakumi/Library/Developer/Xcode/DerivedData/SugarBeat-hgoxfxbbugxkfsbmqcjlbmjeaqyg/Build/Intermediates.noindex/GoogleUtilities.build/Debug-iphonesimulator/GoogleUtilities-AppDelegateSwizzler.build/DerivedSources/resource_bundle_accessor.h -MMD -MT dependencies -MF /Users/fukushimatakumi/Library/Developer/Xcode/DerivedData/SugarBeat-hgoxfxbbugxkfsbmqcjlbmjeaqyg/Build/Intermediates.noindex/GoogleUtilities.build/Debug-iphonesimulator/GoogleUtilities-AppDelegateSwizzler.build/Objects-normal/arm64/GULAppDelegateSwizzler.d --serialize-diagnostics /Users/fukushimatakumi/Library/Developer/Xcode/DerivedData/SugarBeat-hgoxfxbbugxkfsbmqcjlbmjeaqyg/Build/Intermediates.noindex/GoogleUtilities.build/Debug-iphonesimulator/GoogleUtilities-AppDelegateSwizzler.build/Objects-normal/arm64/GULAppDelegateSwizzler.dia -c /Users/fukushimatakumi/Library/Developer/Xcode/DerivedData/SugarBeat-hgoxfxbbugxkfsbmqcjlbmjeaqyg/SourcePackages/checkouts/GoogleUtilities/GoogleUtilities/AppDelegateSwizzler/GULAppDelegateSwizzler.m -o /Users/fukushimatakumi/Library/Developer/Xcode/DerivedData/SugarBeat-hgoxfxbbugxkfsbmqcjlbmjeaqyg/Build/Intermediates.noindex/GoogleUtilities.build/Debug-iphonesimulator/GoogleUtilities-AppDelegateSwizzler.build/Objects-normal/arm64/GULAppDelegateSwizzler.o -index-unit-output-path /GoogleUtilities.build/Debug-iphonesimulator/GoogleUtilities-AppDelegateSwizzler.build/Objects-normal/arm64/GULAppDelegateSwizzler.o

SwiftCompile normal arm64 Compiling\ placeholder.swift /Users/fukushimatakumi/Library/Developer/Xcode/DerivedData/SugarBeat-hgoxfxbbugxkfsbmqcjlbmjeaqyg/SourcePackages/checkouts/swift-package-manager-google-mobile-ads/GoogleMobileAdsTarget/placeholder.swift (in target 'GoogleMobileAdsTarget' from project 'GoogleMobileAds')

SwiftCompile normal arm64 /Users/fukushimatakumi/Library/Developer/Xcode/DerivedData/SugarBeat-hgoxfxbbugxkfsbmqcjlbmjeaqyg/SourcePackages/checkouts/swift-package-manager-google-mobile-ads/GoogleMobileAdsTarget/placeholder.swift (in target 'GoogleMobileAdsTarget' from project 'GoogleMobileAds')
    cd /Users/fukushimatakumi/develop/sugarbeat/sugarbeat-front
    

SwiftDriverJobDiscovery normal arm64 Emitting module for GoogleMobileAdsTarget (in target 'GoogleMobileAdsTarget' from project 'GoogleMobileAds')

SwiftDriver\ Compilation\ Requirements GoogleMobileAdsTarget normal arm64 com.apple.xcode.tools.swift.compiler (in target 'GoogleMobileAdsTarget' from project 'GoogleMobileAds')
    cd /Users/fukushimatakumi/develop/sugarbeat/sugarbeat-front
    builtin-Swift-Compilation-Requirements -- /Applications/Xcode.app/Contents/Developer/Toolchains/XcodeDefault.xctoolchain/usr/bin/swiftc -module-name GoogleMobileAdsTarget -Onone -enforce-exclusivity\=checked @/Users/fukushimatakumi/Library/Developer/Xcode/DerivedData/SugarBeat-hgoxfxbbugxkfsbmqcjlbmjeaqyg/Build/Intermediates.noindex/GoogleMobileAds.build/Debug-iphonesimulator/GoogleMobileAdsTarget.build/Objects-normal/arm64/GoogleMobileAdsTarget.SwiftFileList -DSWIFT_PACKAGE -DDEBUG -Xcc -fmodule-map-file\=/Users/fukushimatakumi/Library/Developer/Xcode/DerivedData/SugarBeat-hgoxfxbbugxkfsbmqcjlbmjeaqyg/Build/Intermediates.noindex/GeneratedModuleMaps-iphonesimulator/UserMessagingPlatformTarget.modulemap -DXcode -plugin-path /Applications/Xcode.app/Contents/Developer/Toolchains/XcodeDefault.xctoolchain/usr/lib/swift/host/plugins/testing -enable-experimental-feature DebugDescriptionMacro -sdk /Applications/Xcode.app/Contents/Developer/Platforms/iPhoneSimulator.platform/Developer/SDKs/iPhoneSimulator18.4.sdk -target arm64-apple-ios12.0-simulator -g -module-cache-path /Users/fukushimatakumi/Library/Developer/Xcode/DerivedData/ModuleCache.noindex -Xfrontend -serialize-debugging-options -enable-testing -suppress-warnings -index-store-path /Users/fukushimatakumi/Library/Developer/Xcode/DerivedData/SugarBeat-hgoxfxbbugxkfsbmqcjlbmjeaqyg/Index.noindex/DataStore -swift-version 5 -I /Users/fukushimatakumi/Library/Developer/Xcode/DerivedData/SugarBeat-hgoxfxbbugxkfsbmqcjlbmjeaqyg/Build/Products/Debug-iphonesimulator -I /Applications/Xcode.app/Contents/Developer/Platforms/iPhoneSimulator.platform/Developer/usr/lib -F /Users/fukushimatakumi/Library/Developer/Xcode/DerivedData/SugarBeat-hgoxfxbbugxkfsbmqcjlbmjeaqyg/Build/Products/Debug-iphonesimulator/PackageFrameworks -F /Users/fukushimatakumi/Library/Developer/Xcode/DerivedData/SugarBeat-hgoxfxbbugxkfsbmqcjlbmjeaqyg/Build/Products/Debug-iphonesimulator -F /Applications/Xcode.app/Contents/Developer/Platforms/iPhoneSimulator.platform/Developer/Library/Frameworks -F /Applications/Xcode.app/Contents/Developer/Platforms/iPhoneSimulator.platform/Developer/SDKs/iPhoneSimulator18.4.sdk/Developer/Library/Frameworks -parse-as-library -c -j10 -enable-batch-mode -incremental -Xcc -ivfsstatcache -Xcc /Users/fukushimatakumi/Library/Developer/Xcode/DerivedData/SDKStatCaches.noindex/iphonesimulator18.4-22E235-71825a6d136aa4733edcbe86ece5525b.sdkstatcache -output-file-map /Users/fukushimatakumi/Library/Developer/Xcode/DerivedData/SugarBeat-hgoxfxbbugxkfsbmqcjlbmjeaqyg/Build/Intermediates.noindex/GoogleMobileAds.build/Debug-iphonesimulator/GoogleMobileAdsTarget.build/Objects-normal/arm64/GoogleMobileAdsTarget-OutputFileMap.json -use-frontend-parseable-output -save-temps -no-color-diagnostics -serialize-diagnostics -emit-dependencies -emit-module -emit-module-path /Users/fukushimatakumi/Library/Developer/Xcode/DerivedData/SugarBeat-hgoxfxbbugxkfsbmqcjlbmjeaqyg/Build/Intermediates.noindex/GoogleMobileAds.build/Debug-iphonesimulator/GoogleMobileAdsTarget.build/Objects-normal/arm64/GoogleMobileAdsTarget.swiftmodule -validate-clang-modules-once -clang-build-session-file /Users/fukushimatakumi/Library/Developer/Xcode/DerivedData/ModuleCache.noindex/Session.modulevalidation -Xcc -I/Users/fukushimatakumi/Library/Developer/Xcode/DerivedData/SugarBeat-hgoxfxbbugxkfsbmqcjlbmjeaqyg/Build/Intermediates.noindex/GoogleMobileAds.build/Debug-iphonesimulator/GoogleMobileAdsTarget.build/swift-overrides.hmap -emit-const-values -Xfrontend -const-gather-protocols-file -Xfrontend /Users/fukushimatakumi/Library/Developer/Xcode/DerivedData/SugarBeat-hgoxfxbbugxkfsbmqcjlbmjeaqyg/Build/Intermediates.noindex/GoogleMobileAds.build/Debug-iphonesimulator/GoogleMobileAdsTarget.build/Objects-normal/arm64/GoogleMobileAdsTarget_const_extract_protocols.json -Xcc -I/Users/fukushimatakumi/Library/Developer/Xcode/DerivedData/SugarBeat-hgoxfxbbugxkfsbmqcjlbmjeaqyg/SourcePackages/checkouts/swift-package-manager-google-user-messaging-platform/UserMessagingPlatformTarget/include -Xcc -I/Users/fukushimatakumi/Library/Developer/Xcode/DerivedData/SugarBeat-hgoxfxbbugxkfsbmqcjlbmjeaqyg/Build/Products/Debug-iphonesimulator/include -Xcc -I/Users/fukushimatakumi/Library/Developer/Xcode/DerivedData/SugarBeat-hgoxfxbbugxkfsbmqcjlbmjeaqyg/Build/Intermediates.noindex/GoogleMobileAds.build/Debug-iphonesimulator/GoogleMobileAdsTarget.build/DerivedSources-normal/arm64 -Xcc -I/Users/fukushimatakumi/Library/Developer/Xcode/DerivedData/SugarBeat-hgoxfxbbugxkfsbmqcjlbmjeaqyg/Build/Intermediates.noindex/GoogleMobileAds.build/Debug-iphonesimulator/GoogleMobileAdsTarget.build/DerivedSources/arm64 -Xcc -I/Users/fukushimatakumi/Library/Developer/Xcode/DerivedData/SugarBeat-hgoxfxbbugxkfsbmqcjlbmjeaqyg/Build/Intermediates.noindex/GoogleMobileAds.build/Debug-iphonesimulator/GoogleMobileAdsTarget.build/DerivedSources -Xcc -DSWIFT_PACKAGE -Xcc -DDEBUG\=1 -emit-objc-header -emit-objc-header-path /Users/fukushimatakumi/Library/Developer/Xcode/DerivedData/SugarBeat-hgoxfxbbugxkfsbmqcjlbmjeaqyg/Build/Intermediates.noindex/GoogleMobileAds.build/Debug-iphonesimulator/GoogleMobileAdsTarget.build/Objects-normal/arm64/GoogleMobileAdsTarget-Swift.h -working-directory /Users/fukushimatakumi/develop/sugarbeat/sugarbeat-front -experimental-emit-module-separately -disable-cmo

ScanDependencies /Users/fukushimatakumi/Library/Developer/Xcode/DerivedData/SugarBeat-hgoxfxbbugxkfsbmqcjlbmjeaqyg/Build/Intermediates.noindex/AppCheck.build/Debug-iphonesimulator/AppCheckCore.build/Objects-normal/arm64/NSURLSession+GACPromises.o /Users/fukushimatakumi/Library/Developer/Xcode/DerivedData/SugarBeat-hgoxfxbbugxkfsbmqcjlbmjeaqyg/SourcePackages/checkouts/app-check/AppCheckCore/Sources/Core/APIService/NSURLSession+GACPromises.m normal arm64 objective-c com.apple.compilers.llvm.clang.1_0.compiler (in target 'AppCheckCore' from project 'AppCheck')
    cd /Users/fukushimatakumi/develop/sugarbeat/sugarbeat-front
    
    Using response file: /Users/fukushimatakumi/Library/Developer/Xcode/DerivedData/SugarBeat-hgoxfxbbugxkfsbmqcjlbmjeaqyg/Build/Intermediates.noindex/AppCheck.build/Debug-iphonesimulator/AppCheckCore.build/Objects-normal/arm64/e6072d4f65d7061329687fe24e3d63a7-common-args.resp
    
    builtin-ScanDependencies -o /Users/fukushimatakumi/Library/Developer/Xcode/DerivedData/SugarBeat-hgoxfxbbugxkfsbmqcjlbmjeaqyg/Build/Intermediates.noindex/AppCheck.build/Debug-iphonesimulator/AppCheckCore.build/Objects-normal/arm64/NSURLSession+GACPromises.o.scan -- /Applications/Xcode.app/Contents/Developer/Toolchains/XcodeDefault.xctoolchain/usr/bin/clang -x objective-c -ivfsstatcache /Users/fukushimatakumi/Library/Developer/Xcode/DerivedData/SDKStatCaches.noindex/iphonesimulator18.4-22E235-71825a6d136aa4733edcbe86ece5525b.sdkstatcache -fmessage-length\=0 -fdiagnostics-show-note-include-stack -fmacro-backtrace-limit\=0 -fno-color-diagnostics -fmodules-prune-interval\=86400 -fmodules-prune-after\=345600 -fbuild-session-file\=/Users/fukushimatakumi/Library/Developer/Xcode/DerivedData/ModuleCache.noindex/Session.modulevalidation -fmodules-validate-once-per-build-session -Wnon-modular-include-in-framework-module -Werror\=non-modular-include-in-framework-module -Wno-trigraphs -Wno-missing-field-initializers -Wno-missing-prototypes -Wno-return-type -Wno-implicit-atomic-properties -Wno-objc-interface-ivars -Wno-arc-repeated-use-of-weak -Wno-missing-braces -Wparentheses -Wswitch -Wno-unused-function -Wno-unused-label -Wno-unused-parameter -Wno-unused-variable -Wunused-value -Wno-empty-body -Wno-uninitialized -Wno-unknown-pragmas -w -Wno-shadow -Wno-four-char-constants -Wno-conversion -Wno-constant-conversion -Wno-int-conversion -Wno-bool-conversion -Wno-enum-conversion -Wno-float-conversion -Wno-non-literal-null-conversion -Wno-objc-literal-conversion -Wshorten-64-to-32 -Wpointer-sign -Wno-newline-eof -Wno-selector -Wno-strict-selector-match -Wno-undeclared-selector -Wno-deprecated-implementations -Wno-implicit-fallthrough -fstrict-aliasing -Wprotocol -Wdeprecated-declarations -Wno-sign-conversion -Wno-infinite-recursion -Wno-comma -Wno-block-capture-autoreleasing -Wno-strict-prototypes -Wno-semicolon-before-method-body -index-store-path /Users/fukushimatakumi/Library/Developer/Xcode/DerivedData/SugarBeat-hgoxfxbbugxkfsbmqcjlbmjeaqyg/Index.noindex/DataStore @/Users/fukushimatakumi/Library/Developer/Xcode/DerivedData/SugarBeat-hgoxfxbbugxkfsbmqcjlbmjeaqyg/Build/Intermediates.noindex/AppCheck.build/Debug-iphonesimulator/AppCheckCore.build/Objects-normal/arm64/e6072d4f65d7061329687fe24e3d63a7-common-args.resp -MMD -MT dependencies -MF /Users/fukushimatakumi/Library/Developer/Xcode/DerivedData/SugarBeat-hgoxfxbbugxkfsbmqcjlbmjeaqyg/Build/Intermediates.noindex/AppCheck.build/Debug-iphonesimulator/AppCheckCore.build/Objects-normal/arm64/NSURLSession+GACPromises.d --serialize-diagnostics /Users/fukushimatakumi/Library/Developer/Xcode/DerivedData/SugarBeat-hgoxfxbbugxkfsbmqcjlbmjeaqyg/Build/Intermediates.noindex/AppCheck.build/Debug-iphonesimulator/AppCheckCore.build/Objects-normal/arm64/NSURLSession+GACPromises.dia -c /Users/fukushimatakumi/Library/Developer/Xcode/DerivedData/SugarBeat-hgoxfxbbugxkfsbmqcjlbmjeaqyg/SourcePackages/checkouts/app-check/AppCheckCore/Sources/Core/APIService/NSURLSession+GACPromises.m -o /Users/fukushimatakumi/Library/Developer/Xcode/DerivedData/SugarBeat-hgoxfxbbugxkfsbmqcjlbmjeaqyg/Build/Intermediates.noindex/AppCheck.build/Debug-iphonesimulator/AppCheckCore.build/Objects-normal/arm64/NSURLSession+GACPromises.o -index-unit-output-path /AppCheck.build/Debug-iphonesimulator/AppCheckCore.build/Objects-normal/arm64/NSURLSession+GACPromises.o

ScanDependencies /Users/fukushimatakumi/Library/Developer/Xcode/DerivedData/SugarBeat-hgoxfxbbugxkfsbmqcjlbmjeaqyg/Build/Intermediates.noindex/AppCheck.build/Debug-iphonesimulator/AppCheckCore.build/Objects-normal/arm64/GACURLSessionDataResponse.o /Users/fukushimatakumi/Library/Developer/Xcode/DerivedData/SugarBeat-hgoxfxbbugxkfsbmqcjlbmjeaqyg/SourcePackages/checkouts/app-check/AppCheckCore/Sources/Core/APIService/GACURLSessionDataResponse.m normal arm64 objective-c com.apple.compilers.llvm.clang.1_0.compiler (in target 'AppCheckCore' from project 'AppCheck')
    cd /Users/fukushimatakumi/develop/sugarbeat/sugarbeat-front
    
    Using response file: /Users/fukushimatakumi/Library/Developer/Xcode/DerivedData/SugarBeat-hgoxfxbbugxkfsbmqcjlbmjeaqyg/Build/Intermediates.noindex/AppCheck.build/Debug-iphonesimulator/AppCheckCore.build/Objects-normal/arm64/e6072d4f65d7061329687fe24e3d63a7-common-args.resp
    
    builtin-ScanDependencies -o /Users/fukushimatakumi/Library/Developer/Xcode/DerivedData/SugarBeat-hgoxfxbbugxkfsbmqcjlbmjeaqyg/Build/Intermediates.noindex/AppCheck.build/Debug-iphonesimulator/AppCheckCore.build/Objects-normal/arm64/GACURLSessionDataResponse.o.scan -- /Applications/Xcode.app/Contents/Developer/Toolchains/XcodeDefault.xctoolchain/usr/bin/clang -x objective-c -ivfsstatcache /Users/fukushimatakumi/Library/Developer/Xcode/DerivedData/SDKStatCaches.noindex/iphonesimulator18.4-22E235-71825a6d136aa4733edcbe86ece5525b.sdkstatcache -fmessage-length\=0 -fdiagnostics-show-note-include-stack -fmacro-backtrace-limit\=0 -fno-color-diagnostics -fmodules-prune-interval\=86400 -fmodules-prune-after\=345600 -fbuild-session-file\=/Users/fukushimatakumi/Library/Developer/Xcode/DerivedData/ModuleCache.noindex/Session.modulevalidation -fmodules-validate-once-per-build-session -Wnon-modular-include-in-framework-module -Werror\=non-modular-include-in-framework-module -Wno-trigraphs -Wno-missing-field-initializers -Wno-missing-prototypes -Wno-return-type -Wno-implicit-atomic-properties -Wno-objc-interface-ivars -Wno-arc-repeated-use-of-weak -Wno-missing-braces -Wparentheses -Wswitch -Wno-unused-function -Wno-unused-label -Wno-unused-parameter -Wno-unused-variable -Wunused-value -Wno-empty-body -Wno-uninitialized -Wno-unknown-pragmas -w -Wno-shadow -Wno-four-char-constants -Wno-conversion -Wno-constant-conversion -Wno-int-conversion -Wno-bool-conversion -Wno-enum-conversion -Wno-float-conversion -Wno-non-literal-null-conversion -Wno-objc-literal-conversion -Wshorten-64-to-32 -Wpointer-sign -Wno-newline-eof -Wno-selector -Wno-strict-selector-match -Wno-undeclared-selector -Wno-deprecated-implementations -Wno-implicit-fallthrough -fstrict-aliasing -Wprotocol -Wdeprecated-declarations -Wno-sign-conversion -Wno-infinite-recursion -Wno-comma -Wno-block-capture-autoreleasing -Wno-strict-prototypes -Wno-semicolon-before-method-body -index-store-path /Users/fukushimatakumi/Library/Developer/Xcode/DerivedData/SugarBeat-hgoxfxbbugxkfsbmqcjlbmjeaqyg/Index.noindex/DataStore @/Users/fukushimatakumi/Library/Developer/Xcode/DerivedData/SugarBeat-hgoxfxbbugxkfsbmqcjlbmjeaqyg/Build/Intermediates.noindex/AppCheck.build/Debug-iphonesimulator/AppCheckCore.build/Objects-normal/arm64/e6072d4f65d7061329687fe24e3d63a7-common-args.resp -MMD -MT dependencies -MF /Users/fukushimatakumi/Library/Developer/Xcode/DerivedData/SugarBeat-hgoxfxbbugxkfsbmqcjlbmjeaqyg/Build/Intermediates.noindex/AppCheck.build/Debug-iphonesimulator/AppCheckCore.build/Objects-normal/arm64/GACURLSessionDataResponse.d --serialize-diagnostics /Users/fukushimatakumi/Library/Developer/Xcode/DerivedData/SugarBeat-hgoxfxbbugxkfsbmqcjlbmjeaqyg/Build/Intermediates.noindex/AppCheck.build/Debug-iphonesimulator/AppCheckCore.build/Objects-normal/arm64/GACURLSessionDataResponse.dia -c /Users/fukushimatakumi/Library/Developer/Xcode/DerivedData/SugarBeat-hgoxfxbbugxkfsbmqcjlbmjeaqyg/SourcePackages/checkouts/app-check/AppCheckCore/Sources/Core/APIService/GACURLSessionDataResponse.m -o /Users/fukushimatakumi/Library/Developer/Xcode/DerivedData/SugarBeat-hgoxfxbbugxkfsbmqcjlbmjeaqyg/Build/Intermediates.noindex/AppCheck.build/Debug-iphonesimulator/AppCheckCore.build/Objects-normal/arm64/GACURLSessionDataResponse.o -index-unit-output-path /AppCheck.build/Debug-iphonesimulator/AppCheckCore.build/Objects-normal/arm64/GACURLSessionDataResponse.o

ScanDependencies /Users/fukushimatakumi/Library/Developer/Xcode/DerivedData/SugarBeat-hgoxfxbbugxkfsbmqcjlbmjeaqyg/Build/Intermediates.noindex/AppCheck.build/Debug-iphonesimulator/AppCheckCore.build/Objects-normal/arm64/GACDeviceCheckProvider.o /Users/fukushimatakumi/Library/Developer/Xcode/DerivedData/SugarBeat-hgoxfxbbugxkfsbmqcjlbmjeaqyg/SourcePackages/checkouts/app-check/AppCheckCore/Sources/DeviceCheckProvider/GACDeviceCheckProvider.m normal arm64 objective-c com.apple.compilers.llvm.clang.1_0.compiler (in target 'AppCheckCore' from project 'AppCheck')
    cd /Users/fukushimatakumi/develop/sugarbeat/sugarbeat-front
    
    Using response file: /Users/fukushimatakumi/Library/Developer/Xcode/DerivedData/SugarBeat-hgoxfxbbugxkfsbmqcjlbmjeaqyg/Build/Intermediates.noindex/AppCheck.build/Debug-iphonesimulator/AppCheckCore.build/Objects-normal/arm64/e6072d4f65d7061329687fe24e3d63a7-common-args.resp
    
    builtin-ScanDependencies -o /Users/fukushimatakumi/Library/Developer/Xcode/DerivedData/SugarBeat-hgoxfxbbugxkfsbmqcjlbmjeaqyg/Build/Intermediates.noindex/AppCheck.build/Debug-iphonesimulator/AppCheckCore.build/Objects-normal/arm64/GACDeviceCheckProvider.o.scan -- /Applications/Xcode.app/Contents/Developer/Toolchains/XcodeDefault.xctoolchain/usr/bin/clang -x objective-c -ivfsstatcache /Users/fukushimatakumi/Library/Developer/Xcode/DerivedData/SDKStatCaches.noindex/iphonesimulator18.4-22E235-71825a6d136aa4733edcbe86ece5525b.sdkstatcache -fmessage-length\=0 -fdiagnostics-show-note-include-stack -fmacro-backtrace-limit\=0 -fno-color-diagnostics -fmodules-prune-interval\=86400 -fmodules-prune-after\=345600 -fbuild-session-file\=/Users/fukushimatakumi/Library/Developer/Xcode/DerivedData/ModuleCache.noindex/Session.modulevalidation -fmodules-validate-once-per-build-session -Wnon-modular-include-in-framework-module -Werror\=non-modular-include-in-framework-module -Wno-trigraphs -Wno-missing-field-initializers -Wno-missing-prototypes -Wno-return-type -Wno-implicit-atomic-properties -Wno-objc-interface-ivars -Wno-arc-repeated-use-of-weak -Wno-missing-braces -Wparentheses -Wswitch -Wno-unused-function -Wno-unused-label -Wno-unused-parameter -Wno-unused-variable -Wunused-value -Wno-empty-body -Wno-uninitialized -Wno-unknown-pragmas -w -Wno-shadow -Wno-four-char-constants -Wno-conversion -Wno-constant-conversion -Wno-int-conversion -Wno-bool-conversion -Wno-enum-conversion -Wno-float-conversion -Wno-non-literal-null-conversion -Wno-objc-literal-conversion -Wshorten-64-to-32 -Wpointer-sign -Wno-newline-eof -Wno-selector -Wno-strict-selector-match -Wno-undeclared-selector -Wno-deprecated-implementations -Wno-implicit-fallthrough -fstrict-aliasing -Wprotocol -Wdeprecated-declarations -Wno-sign-conversion -Wno-infinite-recursion -Wno-comma -Wno-block-capture-autoreleasing -Wno-strict-prototypes -Wno-semicolon-before-method-body -index-store-path /Users/fukushimatakumi/Library/Developer/Xcode/DerivedData/SugarBeat-hgoxfxbbugxkfsbmqcjlbmjeaqyg/Index.noindex/DataStore @/Users/fukushimatakumi/Library/Developer/Xcode/DerivedData/SugarBeat-hgoxfxbbugxkfsbmqcjlbmjeaqyg/Build/Intermediates.noindex/AppCheck.build/Debug-iphonesimulator/AppCheckCore.build/Objects-normal/arm64/e6072d4f65d7061329687fe24e3d63a7-common-args.resp -MMD -MT dependencies -MF /Users/fukushimatakumi/Library/Developer/Xcode/DerivedData/SugarBeat-hgoxfxbbugxkfsbmqcjlbmjeaqyg/Build/Intermediates.noindex/AppCheck.build/Debug-iphonesimulator/AppCheckCore.build/Objects-normal/arm64/GACDeviceCheckProvider.d --serialize-diagnostics /Users/fukushimatakumi/Library/Developer/Xcode/DerivedData/SugarBeat-hgoxfxbbugxkfsbmqcjlbmjeaqyg/Build/Intermediates.noindex/AppCheck.build/Debug-iphonesimulator/AppCheckCore.build/Objects-normal/arm64/GACDeviceCheckProvider.dia -c /Users/fukushimatakumi/Library/Developer/Xcode/DerivedData/SugarBeat-hgoxfxbbugxkfsbmqcjlbmjeaqyg/SourcePackages/checkouts/app-check/AppCheckCore/Sources/DeviceCheckProvider/GACDeviceCheckProvider.m -o /Users/fukushimatakumi/Library/Developer/Xcode/DerivedData/SugarBeat-hgoxfxbbugxkfsbmqcjlbmjeaqyg/Build/Intermediates.noindex/AppCheck.build/Debug-iphonesimulator/AppCheckCore.build/Objects-normal/arm64/GACDeviceCheckProvider.o -index-unit-output-path /AppCheck.build/Debug-iphonesimulator/AppCheckCore.build/Objects-normal/arm64/GACDeviceCheckProvider.o

SwiftMergeGeneratedHeaders /Users/fukushimatakumi/Library/Developer/Xcode/DerivedData/SugarBeat-hgoxfxbbugxkfsbmqcjlbmjeaqyg/Build/Intermediates.noindex/GeneratedModuleMaps-iphonesimulator/GoogleMobileAdsTarget-Swift.h /Users/fukushimatakumi/Library/Developer/Xcode/DerivedData/SugarBeat-hgoxfxbbugxkfsbmqcjlbmjeaqyg/Build/Intermediates.noindex/GoogleMobileAds.build/Debug-iphonesimulator/GoogleMobileAdsTarget.build/Objects-normal/arm64/GoogleMobileAdsTarget-Swift.h (in target 'GoogleMobileAdsTarget' from project 'GoogleMobileAds')
    cd /Users/fukushimatakumi/Library/Developer/Xcode/DerivedData/SugarBeat-hgoxfxbbugxkfsbmqcjlbmjeaqyg/SourcePackages/checkouts/swift-package-manager-google-mobile-ads
    builtin-swiftHeaderTool -arch arm64 /Users/fukushimatakumi/Library/Developer/Xcode/DerivedData/SugarBeat-hgoxfxbbugxkfsbmqcjlbmjeaqyg/Build/Intermediates.noindex/GoogleMobileAds.build/Debug-iphonesimulator/GoogleMobileAdsTarget.build/Objects-normal/arm64/GoogleMobileAdsTarget-Swift.h -o /Users/fukushimatakumi/Library/Developer/Xcode/DerivedData/SugarBeat-hgoxfxbbugxkfsbmqcjlbmjeaqyg/Build/Intermediates.noindex/GeneratedModuleMaps-iphonesimulator/GoogleMobileAdsTarget-Swift.h

SwiftDriverJobDiscovery normal arm64 Compiling KeychainStore.swift (in target 'GTMAppAuth' from project 'GTMAppAuth')

Copy /Users/fukushimatakumi/Library/Developer/Xcode/DerivedData/SugarBeat-hgoxfxbbugxkfsbmqcjlbmjeaqyg/Build/Products/Debug-iphonesimulator/GoogleMobileAdsTarget.swiftmodule/arm64-apple-ios-simulator.swiftmodule /Users/fukushimatakumi/Library/Developer/Xcode/DerivedData/SugarBeat-hgoxfxbbugxkfsbmqcjlbmjeaqyg/Build/Intermediates.noindex/GoogleMobileAds.build/Debug-iphonesimulator/GoogleMobileAdsTarget.build/Objects-normal/arm64/GoogleMobileAdsTarget.swiftmodule (in target 'GoogleMobileAdsTarget' from project 'GoogleMobileAds')
    cd /Users/fukushimatakumi/Library/Developer/Xcode/DerivedData/SugarBeat-hgoxfxbbugxkfsbmqcjlbmjeaqyg/SourcePackages/checkouts/swift-package-manager-google-mobile-ads
    builtin-copy -exclude .DS_Store -exclude CVS -exclude .svn -exclude .git -exclude .hg -resolve-src-symlinks -rename /Users/fukushimatakumi/Library/Developer/Xcode/DerivedData/SugarBeat-hgoxfxbbugxkfsbmqcjlbmjeaqyg/Build/Intermediates.noindex/GoogleMobileAds.build/Debug-iphonesimulator/GoogleMobileAdsTarget.build/Objects-normal/arm64/GoogleMobileAdsTarget.swiftmodule /Users/fukushimatakumi/Library/Developer/Xcode/DerivedData/SugarBeat-hgoxfxbbugxkfsbmqcjlbmjeaqyg/Build/Products/Debug-iphonesimulator/GoogleMobileAdsTarget.swiftmodule/arm64-apple-ios-simulator.swiftmodule

Copy /Users/fukushimatakumi/Library/Developer/Xcode/DerivedData/SugarBeat-hgoxfxbbugxkfsbmqcjlbmjeaqyg/Build/Products/Debug-iphonesimulator/GoogleMobileAdsTarget.swiftmodule/arm64-apple-ios-simulator.swiftdoc /Users/fukushimatakumi/Library/Developer/Xcode/DerivedData/SugarBeat-hgoxfxbbugxkfsbmqcjlbmjeaqyg/Build/Intermediates.noindex/GoogleMobileAds.build/Debug-iphonesimulator/GoogleMobileAdsTarget.build/Objects-normal/arm64/GoogleMobileAdsTarget.swiftdoc (in target 'GoogleMobileAdsTarget' from project 'GoogleMobileAds')
    cd /Users/fukushimatakumi/Library/Developer/Xcode/DerivedData/SugarBeat-hgoxfxbbugxkfsbmqcjlbmjeaqyg/SourcePackages/checkouts/swift-package-manager-google-mobile-ads
    builtin-copy -exclude .DS_Store -exclude CVS -exclude .svn -exclude .git -exclude .hg -resolve-src-symlinks -rename /Users/fukushimatakumi/Library/Developer/Xcode/DerivedData/SugarBeat-hgoxfxbbugxkfsbmqcjlbmjeaqyg/Build/Intermediates.noindex/GoogleMobileAds.build/Debug-iphonesimulator/GoogleMobileAdsTarget.build/Objects-normal/arm64/GoogleMobileAdsTarget.swiftdoc /Users/fukushimatakumi/Library/Developer/Xcode/DerivedData/SugarBeat-hgoxfxbbugxkfsbmqcjlbmjeaqyg/Build/Products/Debug-iphonesimulator/GoogleMobileAdsTarget.swiftmodule/arm64-apple-ios-simulator.swiftdoc

Copy /Users/fukushimatakumi/Library/Developer/Xcode/DerivedData/SugarBeat-hgoxfxbbugxkfsbmqcjlbmjeaqyg/Build/Products/Debug-iphonesimulator/GoogleMobileAdsTarget.swiftmodule/arm64-apple-ios-simulator.abi.json /Users/fukushimatakumi/Library/Developer/Xcode/DerivedData/SugarBeat-hgoxfxbbugxkfsbmqcjlbmjeaqyg/Build/Intermediates.noindex/GoogleMobileAds.build/Debug-iphonesimulator/GoogleMobileAdsTarget.build/Objects-normal/arm64/GoogleMobileAdsTarget.abi.json (in target 'GoogleMobileAdsTarget' from project 'GoogleMobileAds')
    cd /Users/fukushimatakumi/Library/Developer/Xcode/DerivedData/SugarBeat-hgoxfxbbugxkfsbmqcjlbmjeaqyg/SourcePackages/checkouts/swift-package-manager-google-mobile-ads
    builtin-copy -exclude .DS_Store -exclude CVS -exclude .svn -exclude .git -exclude .hg -resolve-src-symlinks -rename /Users/fukushimatakumi/Library/Developer/Xcode/DerivedData/SugarBeat-hgoxfxbbugxkfsbmqcjlbmjeaqyg/Build/Intermediates.noindex/GoogleMobileAds.build/Debug-iphonesimulator/GoogleMobileAdsTarget.build/Objects-normal/arm64/GoogleMobileAdsTarget.abi.json /Users/fukushimatakumi/Library/Developer/Xcode/DerivedData/SugarBeat-hgoxfxbbugxkfsbmqcjlbmjeaqyg/Build/Products/Debug-iphonesimulator/GoogleMobileAdsTarget.swiftmodule/arm64-apple-ios-simulator.abi.json

Copy /Users/fukushimatakumi/Library/Developer/Xcode/DerivedData/SugarBeat-hgoxfxbbugxkfsbmqcjlbmjeaqyg/Build/Products/Debug-iphonesimulator/GoogleMobileAdsTarget.swiftmodule/Project/arm64-apple-ios-simulator.swiftsourceinfo /Users/fukushimatakumi/Library/Developer/Xcode/DerivedData/SugarBeat-hgoxfxbbugxkfsbmqcjlbmjeaqyg/Build/Intermediates.noindex/GoogleMobileAds.build/Debug-iphonesimulator/GoogleMobileAdsTarget.build/Objects-normal/arm64/GoogleMobileAdsTarget.swiftsourceinfo (in target 'GoogleMobileAdsTarget' from project 'GoogleMobileAds')
    cd /Users/fukushimatakumi/Library/Developer/Xcode/DerivedData/SugarBeat-hgoxfxbbugxkfsbmqcjlbmjeaqyg/SourcePackages/checkouts/swift-package-manager-google-mobile-ads
    builtin-copy -exclude .DS_Store -exclude CVS -exclude .svn -exclude .git -exclude .hg -resolve-src-symlinks -rename /Users/fukushimatakumi/Library/Developer/Xcode/DerivedData/SugarBeat-hgoxfxbbugxkfsbmqcjlbmjeaqyg/Build/Intermediates.noindex/GoogleMobileAds.build/Debug-iphonesimulator/GoogleMobileAdsTarget.build/Objects-normal/arm64/GoogleMobileAdsTarget.swiftsourceinfo /Users/fukushimatakumi/Library/Developer/Xcode/DerivedData/SugarBeat-hgoxfxbbugxkfsbmqcjlbmjeaqyg/Build/Products/Debug-iphonesimulator/GoogleMobileAdsTarget.swiftmodule/Project/arm64-apple-ios-simulator.swiftsourceinfo

ScanDependencies /Users/fukushimatakumi/Library/Developer/Xcode/DerivedData/SugarBeat-hgoxfxbbugxkfsbmqcjlbmjeaqyg/Build/Intermediates.noindex/AppCheck.build/Debug-iphonesimulator/AppCheckCore.build/Objects-normal/arm64/GACDeviceCheckAPIService.o /Users/fukushimatakumi/Library/Developer/Xcode/DerivedData/SugarBeat-hgoxfxbbugxkfsbmqcjlbmjeaqyg/SourcePackages/checkouts/app-check/AppCheckCore/Sources/DeviceCheckProvider/API/GACDeviceCheckAPIService.m normal arm64 objective-c com.apple.compilers.llvm.clang.1_0.compiler (in target 'AppCheckCore' from project 'AppCheck')
    cd /Users/fukushimatakumi/develop/sugarbeat/sugarbeat-front
    
    Using response file: /Users/fukushimatakumi/Library/Developer/Xcode/DerivedData/SugarBeat-hgoxfxbbugxkfsbmqcjlbmjeaqyg/Build/Intermediates.noindex/AppCheck.build/Debug-iphonesimulator/AppCheckCore.build/Objects-normal/arm64/e6072d4f65d7061329687fe24e3d63a7-common-args.resp
    
    builtin-ScanDependencies -o /Users/fukushimatakumi/Library/Developer/Xcode/DerivedData/SugarBeat-hgoxfxbbugxkfsbmqcjlbmjeaqyg/Build/Intermediates.noindex/AppCheck.build/Debug-iphonesimulator/AppCheckCore.build/Objects-normal/arm64/GACDeviceCheckAPIService.o.scan -- /Applications/Xcode.app/Contents/Developer/Toolchains/XcodeDefault.xctoolchain/usr/bin/clang -x objective-c -ivfsstatcache /Users/fukushimatakumi/Library/Developer/Xcode/DerivedData/SDKStatCaches.noindex/iphonesimulator18.4-22E235-71825a6d136aa4733edcbe86ece5525b.sdkstatcache -fmessage-length\=0 -fdiagnostics-show-note-include-stack -fmacro-backtrace-limit\=0 -fno-color-diagnostics -fmodules-prune-interval\=86400 -fmodules-prune-after\=345600 -fbuild-session-file\=/Users/fukushimatakumi/Library/Developer/Xcode/DerivedData/ModuleCache.noindex/Session.modulevalidation -fmodules-validate-once-per-build-session -Wnon-modular-include-in-framework-module -Werror\=non-modular-include-in-framework-module -Wno-trigraphs -Wno-missing-field-initializers -Wno-missing-prototypes -Wno-return-type -Wno-implicit-atomic-properties -Wno-objc-interface-ivars -Wno-arc-repeated-use-of-weak -Wno-missing-braces -Wparentheses -Wswitch -Wno-unused-function -Wno-unused-label -Wno-unused-parameter -Wno-unused-variable -Wunused-value -Wno-empty-body -Wno-uninitialized -Wno-unknown-pragmas -w -Wno-shadow -Wno-four-char-constants -Wno-conversion -Wno-constant-conversion -Wno-int-conversion -Wno-bool-conversion -Wno-enum-conversion -Wno-float-conversion -Wno-non-literal-null-conversion -Wno-objc-literal-conversion -Wshorten-64-to-32 -Wpointer-sign -Wno-newline-eof -Wno-selector -Wno-strict-selector-match -Wno-undeclared-selector -Wno-deprecated-implementations -Wno-implicit-fallthrough -fstrict-aliasing -Wprotocol -Wdeprecated-declarations -Wno-sign-conversion -Wno-infinite-recursion -Wno-comma -Wno-block-capture-autoreleasing -Wno-strict-prototypes -Wno-semicolon-before-method-body -index-store-path /Users/fukushimatakumi/Library/Developer/Xcode/DerivedData/SugarBeat-hgoxfxbbugxkfsbmqcjlbmjeaqyg/Index.noindex/DataStore @/Users/fukushimatakumi/Library/Developer/Xcode/DerivedData/SugarBeat-hgoxfxbbugxkfsbmqcjlbmjeaqyg/Build/Intermediates.noindex/AppCheck.build/Debug-iphonesimulator/AppCheckCore.build/Objects-normal/arm64/e6072d4f65d7061329687fe24e3d63a7-common-args.resp -MMD -MT dependencies -MF /Users/fukushimatakumi/Library/Developer/Xcode/DerivedData/SugarBeat-hgoxfxbbugxkfsbmqcjlbmjeaqyg/Build/Intermediates.noindex/AppCheck.build/Debug-iphonesimulator/AppCheckCore.build/Objects-normal/arm64/GACDeviceCheckAPIService.d --serialize-diagnostics /Users/fukushimatakumi/Library/Developer/Xcode/DerivedData/SugarBeat-hgoxfxbbugxkfsbmqcjlbmjeaqyg/Build/Intermediates.noindex/AppCheck.build/Debug-iphonesimulator/AppCheckCore.build/Objects-normal/arm64/GACDeviceCheckAPIService.dia -c /Users/fukushimatakumi/Library/Developer/Xcode/DerivedData/SugarBeat-hgoxfxbbugxkfsbmqcjlbmjeaqyg/SourcePackages/checkouts/app-check/AppCheckCore/Sources/DeviceCheckProvider/API/GACDeviceCheckAPIService.m -o /Users/fukushimatakumi/Library/Developer/Xcode/DerivedData/SugarBeat-hgoxfxbbugxkfsbmqcjlbmjeaqyg/Build/Intermediates.noindex/AppCheck.build/Debug-iphonesimulator/AppCheckCore.build/Objects-normal/arm64/GACDeviceCheckAPIService.o -index-unit-output-path /AppCheck.build/Debug-iphonesimulator/AppCheckCore.build/Objects-normal/arm64/GACDeviceCheckAPIService.o

ScanDependencies /Users/fukushimatakumi/Library/Developer/Xcode/DerivedData/SugarBeat-hgoxfxbbugxkfsbmqcjlbmjeaqyg/Build/Intermediates.noindex/AppCheck.build/Debug-iphonesimulator/AppCheckCore.build/Objects-normal/arm64/GACAppCheckTokenResult.o /Users/fukushimatakumi/Library/Developer/Xcode/DerivedData/SugarBeat-hgoxfxbbugxkfsbmqcjlbmjeaqyg/SourcePackages/checkouts/app-check/AppCheckCore/Sources/Core/GACAppCheckTokenResult.m normal arm64 objective-c com.apple.compilers.llvm.clang.1_0.compiler (in target 'AppCheckCore' from project 'AppCheck')
    cd /Users/fukushimatakumi/develop/sugarbeat/sugarbeat-front
    
    Using response file: /Users/fukushimatakumi/Library/Developer/Xcode/DerivedData/SugarBeat-hgoxfxbbugxkfsbmqcjlbmjeaqyg/Build/Intermediates.noindex/AppCheck.build/Debug-iphonesimulator/AppCheckCore.build/Objects-normal/arm64/e6072d4f65d7061329687fe24e3d63a7-common-args.resp
    
    builtin-ScanDependencies -o /Users/fukushimatakumi/Library/Developer/Xcode/DerivedData/SugarBeat-hgoxfxbbugxkfsbmqcjlbmjeaqyg/Build/Intermediates.noindex/AppCheck.build/Debug-iphonesimulator/AppCheckCore.build/Objects-normal/arm64/GACAppCheckTokenResult.o.scan -- /Applications/Xcode.app/Contents/Developer/Toolchains/XcodeDefault.xctoolchain/usr/bin/clang -x objective-c -ivfsstatcache /Users/fukushimatakumi/Library/Developer/Xcode/DerivedData/SDKStatCaches.noindex/iphonesimulator18.4-22E235-71825a6d136aa4733edcbe86ece5525b.sdkstatcache -fmessage-length\=0 -fdiagnostics-show-note-include-stack -fmacro-backtrace-limit\=0 -fno-color-diagnostics -fmodules-prune-interval\=86400 -fmodules-prune-after\=345600 -fbuild-session-file\=/Users/fukushimatakumi/Library/Developer/Xcode/DerivedData/ModuleCache.noindex/Session.modulevalidation -fmodules-validate-once-per-build-session -Wnon-modular-include-in-framework-module -Werror\=non-modular-include-in-framework-module -Wno-trigraphs -Wno-missing-field-initializers -Wno-missing-prototypes -Wno-return-type -Wno-implicit-atomic-properties -Wno-objc-interface-ivars -Wno-arc-repeated-use-of-weak -Wno-missing-braces -Wparentheses -Wswitch -Wno-unused-function -Wno-unused-label -Wno-unused-parameter -Wno-unused-variable -Wunused-value -Wno-empty-body -Wno-uninitialized -Wno-unknown-pragmas -w -Wno-shadow -Wno-four-char-constants -Wno-conversion -Wno-constant-conversion -Wno-int-conversion -Wno-bool-conversion -Wno-enum-conversion -Wno-float-conversion -Wno-non-literal-null-conversion -Wno-objc-literal-conversion -Wshorten-64-to-32 -Wpointer-sign -Wno-newline-eof -Wno-selector -Wno-strict-selector-match -Wno-undeclared-selector -Wno-deprecated-implementations -Wno-implicit-fallthrough -fstrict-aliasing -Wprotocol -Wdeprecated-declarations -Wno-sign-conversion -Wno-infinite-recursion -Wno-comma -Wno-block-capture-autoreleasing -Wno-strict-prototypes -Wno-semicolon-before-method-body -index-store-path /Users/fukushimatakumi/Library/Developer/Xcode/DerivedData/SugarBeat-hgoxfxbbugxkfsbmqcjlbmjeaqyg/Index.noindex/DataStore @/Users/fukushimatakumi/Library/Developer/Xcode/DerivedData/SugarBeat-hgoxfxbbugxkfsbmqcjlbmjeaqyg/Build/Intermediates.noindex/AppCheck.build/Debug-iphonesimulator/AppCheckCore.build/Objects-normal/arm64/e6072d4f65d7061329687fe24e3d63a7-common-args.resp -MMD -MT dependencies -MF /Users/fukushimatakumi/Library/Developer/Xcode/DerivedData/SugarBeat-hgoxfxbbugxkfsbmqcjlbmjeaqyg/Build/Intermediates.noindex/AppCheck.build/Debug-iphonesimulator/AppCheckCore.build/Objects-normal/arm64/GACAppCheckTokenResult.d --serialize-diagnostics /Users/fukushimatakumi/Library/Developer/Xcode/DerivedData/SugarBeat-hgoxfxbbugxkfsbmqcjlbmjeaqyg/Build/Intermediates.noindex/AppCheck.build/Debug-iphonesimulator/AppCheckCore.build/Objects-normal/arm64/GACAppCheckTokenResult.dia -c /Users/fukushimatakumi/Library/Developer/Xcode/DerivedData/SugarBeat-hgoxfxbbugxkfsbmqcjlbmjeaqyg/SourcePackages/checkouts/app-check/AppCheckCore/Sources/Core/GACAppCheckTokenResult.m -o /Users/fukushimatakumi/Library/Developer/Xcode/DerivedData/SugarBeat-hgoxfxbbugxkfsbmqcjlbmjeaqyg/Build/Intermediates.noindex/AppCheck.build/Debug-iphonesimulator/AppCheckCore.build/Objects-normal/arm64/GACAppCheckTokenResult.o -index-unit-output-path /AppCheck.build/Debug-iphonesimulator/AppCheckCore.build/Objects-normal/arm64/GACAppCheckTokenResult.o

SwiftDriverJobDiscovery normal arm64 Compiling placeholder.swift (in target 'GoogleMobileAdsTarget' from project 'GoogleMobileAds')

SwiftDriver\ Compilation GoogleMobileAdsTarget normal arm64 com.apple.xcode.tools.swift.compiler (in target 'GoogleMobileAdsTarget' from project 'GoogleMobileAds')
    cd /Users/fukushimatakumi/develop/sugarbeat/sugarbeat-front
    builtin-Swift-Compilation -- /Applications/Xcode.app/Contents/Developer/Toolchains/XcodeDefault.xctoolchain/usr/bin/swiftc -module-name GoogleMobileAdsTarget -Onone -enforce-exclusivity\=checked @/Users/fukushimatakumi/Library/Developer/Xcode/DerivedData/SugarBeat-hgoxfxbbugxkfsbmqcjlbmjeaqyg/Build/Intermediates.noindex/GoogleMobileAds.build/Debug-iphonesimulator/GoogleMobileAdsTarget.build/Objects-normal/arm64/GoogleMobileAdsTarget.SwiftFileList -DSWIFT_PACKAGE -DDEBUG -Xcc -fmodule-map-file\=/Users/fukushimatakumi/Library/Developer/Xcode/DerivedData/SugarBeat-hgoxfxbbugxkfsbmqcjlbmjeaqyg/Build/Intermediates.noindex/GeneratedModuleMaps-iphonesimulator/UserMessagingPlatformTarget.modulemap -DXcode -plugin-path /Applications/Xcode.app/Contents/Developer/Toolchains/XcodeDefault.xctoolchain/usr/lib/swift/host/plugins/testing -enable-experimental-feature DebugDescriptionMacro -sdk /Applications/Xcode.app/Contents/Developer/Platforms/iPhoneSimulator.platform/Developer/SDKs/iPhoneSimulator18.4.sdk -target arm64-apple-ios12.0-simulator -g -module-cache-path /Users/fukushimatakumi/Library/Developer/Xcode/DerivedData/ModuleCache.noindex -Xfrontend -serialize-debugging-options -enable-testing -suppress-warnings -index-store-path /Users/fukushimatakumi/Library/Developer/Xcode/DerivedData/SugarBeat-hgoxfxbbugxkfsbmqcjlbmjeaqyg/Index.noindex/DataStore -swift-version 5 -I /Users/fukushimatakumi/Library/Developer/Xcode/DerivedData/SugarBeat-hgoxfxbbugxkfsbmqcjlbmjeaqyg/Build/Products/Debug-iphonesimulator -I /Applications/Xcode.app/Contents/Developer/Platforms/iPhoneSimulator.platform/Developer/usr/lib -F /Users/fukushimatakumi/Library/Developer/Xcode/DerivedData/SugarBeat-hgoxfxbbugxkfsbmqcjlbmjeaqyg/Build/Products/Debug-iphonesimulator/PackageFrameworks -F /Users/fukushimatakumi/Library/Developer/Xcode/DerivedData/SugarBeat-hgoxfxbbugxkfsbmqcjlbmjeaqyg/Build/Products/Debug-iphonesimulator -F /Applications/Xcode.app/Contents/Developer/Platforms/iPhoneSimulator.platform/Developer/Library/Frameworks -F /Applications/Xcode.app/Contents/Developer/Platforms/iPhoneSimulator.platform/Developer/SDKs/iPhoneSimulator18.4.sdk/Developer/Library/Frameworks -parse-as-library -c -j10 -enable-batch-mode -incremental -Xcc -ivfsstatcache -Xcc /Users/fukushimatakumi/Library/Developer/Xcode/DerivedData/SDKStatCaches.noindex/iphonesimulator18.4-22E235-71825a6d136aa4733edcbe86ece5525b.sdkstatcache -output-file-map /Users/fukushimatakumi/Library/Developer/Xcode/DerivedData/SugarBeat-hgoxfxbbugxkfsbmqcjlbmjeaqyg/Build/Intermediates.noindex/GoogleMobileAds.build/Debug-iphonesimulator/GoogleMobileAdsTarget.build/Objects-normal/arm64/GoogleMobileAdsTarget-OutputFileMap.json -use-frontend-parseable-output -save-temps -no-color-diagnostics -serialize-diagnostics -emit-dependencies -emit-module -emit-module-path /Users/fukushimatakumi/Library/Developer/Xcode/DerivedData/SugarBeat-hgoxfxbbugxkfsbmqcjlbmjeaqyg/Build/Intermediates.noindex/GoogleMobileAds.build/Debug-iphonesimulator/GoogleMobileAdsTarget.build/Objects-normal/arm64/GoogleMobileAdsTarget.swiftmodule -validate-clang-modules-once -clang-build-session-file /Users/fukushimatakumi/Library/Developer/Xcode/DerivedData/ModuleCache.noindex/Session.modulevalidation -Xcc -I/Users/fukushimatakumi/Library/Developer/Xcode/DerivedData/SugarBeat-hgoxfxbbugxkfsbmqcjlbmjeaqyg/Build/Intermediates.noindex/GoogleMobileAds.build/Debug-iphonesimulator/GoogleMobileAdsTarget.build/swift-overrides.hmap -emit-const-values -Xfrontend -const-gather-protocols-file -Xfrontend /Users/fukushimatakumi/Library/Developer/Xcode/DerivedData/SugarBeat-hgoxfxbbugxkfsbmqcjlbmjeaqyg/Build/Intermediates.noindex/GoogleMobileAds.build/Debug-iphonesimulator/GoogleMobileAdsTarget.build/Objects-normal/arm64/GoogleMobileAdsTarget_const_extract_protocols.json -Xcc -I/Users/fukushimatakumi/Library/Developer/Xcode/DerivedData/SugarBeat-hgoxfxbbugxkfsbmqcjlbmjeaqyg/SourcePackages/checkouts/swift-package-manager-google-user-messaging-platform/UserMessagingPlatformTarget/include -Xcc -I/Users/fukushimatakumi/Library/Developer/Xcode/DerivedData/SugarBeat-hgoxfxbbugxkfsbmqcjlbmjeaqyg/Build/Products/Debug-iphonesimulator/include -Xcc -I/Users/fukushimatakumi/Library/Developer/Xcode/DerivedData/SugarBeat-hgoxfxbbugxkfsbmqcjlbmjeaqyg/Build/Intermediates.noindex/GoogleMobileAds.build/Debug-iphonesimulator/GoogleMobileAdsTarget.build/DerivedSources-normal/arm64 -Xcc -I/Users/fukushimatakumi/Library/Developer/Xcode/DerivedData/SugarBeat-hgoxfxbbugxkfsbmqcjlbmjeaqyg/Build/Intermediates.noindex/GoogleMobileAds.build/Debug-iphonesimulator/GoogleMobileAdsTarget.build/DerivedSources/arm64 -Xcc -I/Users/fukushimatakumi/Library/Developer/Xcode/DerivedData/SugarBeat-hgoxfxbbugxkfsbmqcjlbmjeaqyg/Build/Intermediates.noindex/GoogleMobileAds.build/Debug-iphonesimulator/GoogleMobileAdsTarget.build/DerivedSources -Xcc -DSWIFT_PACKAGE -Xcc -DDEBUG\=1 -emit-objc-header -emit-objc-header-path /Users/fukushimatakumi/Library/Developer/Xcode/DerivedData/SugarBeat-hgoxfxbbugxkfsbmqcjlbmjeaqyg/Build/Intermediates.noindex/GoogleMobileAds.build/Debug-iphonesimulator/GoogleMobileAdsTarget.build/Objects-normal/arm64/GoogleMobileAdsTarget-Swift.h -working-directory /Users/fukushimatakumi/develop/sugarbeat/sugarbeat-front -experimental-emit-module-separately -disable-cmo

CompileC /Users/fukushimatakumi/Library/Developer/Xcode/DerivedData/SugarBeat-hgoxfxbbugxkfsbmqcjlbmjeaqyg/Build/Intermediates.noindex/GoogleUtilities.build/Debug-iphonesimulator/GoogleUtilities-AppDelegateSwizzler.build/Objects-normal/arm64/resource_bundle_accessor.o /Users/fukushimatakumi/Library/Developer/Xcode/DerivedData/SugarBeat-hgoxfxbbugxkfsbmqcjlbmjeaqyg/Build/Intermediates.noindex/GoogleUtilities.build/Debug-iphonesimulator/GoogleUtilities-AppDelegateSwizzler.build/DerivedSources/resource_bundle_accessor.m normal arm64 objective-c com.apple.compilers.llvm.clang.1_0.compiler (in target 'GoogleUtilities-AppDelegateSwizzler' from project 'GoogleUtilities')
    cd /Users/fukushimatakumi/develop/sugarbeat/sugarbeat-front
    
    Using response file: /Users/fukushimatakumi/Library/Developer/Xcode/DerivedData/SugarBeat-hgoxfxbbugxkfsbmqcjlbmjeaqyg/Build/Intermediates.noindex/GoogleUtilities.build/Debug-iphonesimulator/GoogleUtilities-AppDelegateSwizzler.build/Objects-normal/arm64/e6072d4f65d7061329687fe24e3d63a7-common-args.resp
    
    /Applications/Xcode.app/Contents/Developer/Toolchains/XcodeDefault.xctoolchain/usr/bin/clang -x objective-c -ivfsstatcache /Users/fukushimatakumi/Library/Developer/Xcode/DerivedData/SDKStatCaches.noindex/iphonesimulator18.4-22E235-71825a6d136aa4733edcbe86ece5525b.sdkstatcache -fmessage-length\=0 -fdiagnostics-show-note-include-stack -fmacro-backtrace-limit\=0 -fno-color-diagnostics -fmodules-prune-interval\=86400 -fmodules-prune-after\=345600 -fbuild-session-file\=/Users/fukushimatakumi/Library/Developer/Xcode/DerivedData/ModuleCache.noindex/Session.modulevalidation -fmodules-validate-once-per-build-session -Wnon-modular-include-in-framework-module -Werror\=non-modular-include-in-framework-module -Wno-trigraphs -Wno-missing-field-initializers -Wno-missing-prototypes -Wno-return-type -Wno-implicit-atomic-properties -Wno-objc-interface-ivars -Wno-arc-repeated-use-of-weak -Wno-missing-braces -Wparentheses -Wswitch -Wno-unused-function -Wno-unused-label -Wno-unused-parameter -Wno-unused-variable -Wunused-value -Wno-empty-body -Wno-uninitialized -Wno-unknown-pragmas -w -Wno-shadow -Wno-four-char-constants -Wno-conversion -Wno-constant-conversion -Wno-int-conversion -Wno-bool-conversion -Wno-enum-conversion -Wno-float-conversion -Wno-non-literal-null-conversion -Wno-objc-literal-conversion -Wshorten-64-to-32 -Wpointer-sign -Wno-newline-eof -Wno-selector -Wno-strict-selector-match -Wno-undeclared-selector -Wno-deprecated-implementations -Wno-implicit-fallthrough -fstrict-aliasing -Wprotocol -Wdeprecated-declarations -Wno-sign-conversion -Wno-infinite-recursion -Wno-comma -Wno-block-capture-autoreleasing -Wno-strict-prototypes -Wno-semicolon-before-method-body -index-store-path /Users/fukushimatakumi/Library/Developer/Xcode/DerivedData/SugarBeat-hgoxfxbbugxkfsbmqcjlbmjeaqyg/Index.noindex/DataStore @/Users/fukushimatakumi/Library/Developer/Xcode/DerivedData/SugarBeat-hgoxfxbbugxkfsbmqcjlbmjeaqyg/Build/Intermediates.noindex/GoogleUtilities.build/Debug-iphonesimulator/GoogleUtilities-AppDelegateSwizzler.build/Objects-normal/arm64/e6072d4f65d7061329687fe24e3d63a7-common-args.resp -include /Users/fukushimatakumi/Library/Developer/Xcode/DerivedData/SugarBeat-hgoxfxbbugxkfsbmqcjlbmjeaqyg/Build/Intermediates.noindex/GoogleUtilities.build/Debug-iphonesimulator/GoogleUtilities-AppDelegateSwizzler.build/DerivedSources/resource_bundle_accessor.h -MMD -MT dependencies -MF /Users/fukushimatakumi/Library/Developer/Xcode/DerivedData/SugarBeat-hgoxfxbbugxkfsbmqcjlbmjeaqyg/Build/Intermediates.noindex/GoogleUtilities.build/Debug-iphonesimulator/GoogleUtilities-AppDelegateSwizzler.build/Objects-normal/arm64/resource_bundle_accessor.d --serialize-diagnostics /Users/fukushimatakumi/Library/Developer/Xcode/DerivedData/SugarBeat-hgoxfxbbugxkfsbmqcjlbmjeaqyg/Build/Intermediates.noindex/GoogleUtilities.build/Debug-iphonesimulator/GoogleUtilities-AppDelegateSwizzler.build/Objects-normal/arm64/resource_bundle_accessor.dia -c /Users/fukushimatakumi/Library/Developer/Xcode/DerivedData/SugarBeat-hgoxfxbbugxkfsbmqcjlbmjeaqyg/Build/Intermediates.noindex/GoogleUtilities.build/Debug-iphonesimulator/GoogleUtilities-AppDelegateSwizzler.build/DerivedSources/resource_bundle_accessor.m -o /Users/fukushimatakumi/Library/Developer/Xcode/DerivedData/SugarBeat-hgoxfxbbugxkfsbmqcjlbmjeaqyg/Build/Intermediates.noindex/GoogleUtilities.build/Debug-iphonesimulator/GoogleUtilities-AppDelegateSwizzler.build/Objects-normal/arm64/resource_bundle_accessor.o -index-unit-output-path /GoogleUtilities.build/Debug-iphonesimulator/GoogleUtilities-AppDelegateSwizzler.build/Objects-normal/arm64/resource_bundle_accessor.o

ScanDependencies /Users/fukushimatakumi/Library/Developer/Xcode/DerivedData/SugarBeat-hgoxfxbbugxkfsbmqcjlbmjeaqyg/Build/Intermediates.noindex/AppCheck.build/Debug-iphonesimulator/AppCheckCore.build/Objects-normal/arm64/GACAppCheckTokenRefresher.o /Users/fukushimatakumi/Library/Developer/Xcode/DerivedData/SugarBeat-hgoxfxbbugxkfsbmqcjlbmjeaqyg/SourcePackages/checkouts/app-check/AppCheckCore/Sources/Core/TokenRefresh/GACAppCheckTokenRefresher.m normal arm64 objective-c com.apple.compilers.llvm.clang.1_0.compiler (in target 'AppCheckCore' from project 'AppCheck')
    cd /Users/fukushimatakumi/develop/sugarbeat/sugarbeat-front
    
    Using response file: /Users/fukushimatakumi/Library/Developer/Xcode/DerivedData/SugarBeat-hgoxfxbbugxkfsbmqcjlbmjeaqyg/Build/Intermediates.noindex/AppCheck.build/Debug-iphonesimulator/AppCheckCore.build/Objects-normal/arm64/e6072d4f65d7061329687fe24e3d63a7-common-args.resp
    
    builtin-ScanDependencies -o /Users/fukushimatakumi/Library/Developer/Xcode/DerivedData/SugarBeat-hgoxfxbbugxkfsbmqcjlbmjeaqyg/Build/Intermediates.noindex/AppCheck.build/Debug-iphonesimulator/AppCheckCore.build/Objects-normal/arm64/GACAppCheckTokenRefresher.o.scan -- /Applications/Xcode.app/Contents/Developer/Toolchains/XcodeDefault.xctoolchain/usr/bin/clang -x objective-c -ivfsstatcache /Users/fukushimatakumi/Library/Developer/Xcode/DerivedData/SDKStatCaches.noindex/iphonesimulator18.4-22E235-71825a6d136aa4733edcbe86ece5525b.sdkstatcache -fmessage-length\=0 -fdiagnostics-show-note-include-stack -fmacro-backtrace-limit\=0 -fno-color-diagnostics -fmodules-prune-interval\=86400 -fmodules-prune-after\=345600 -fbuild-session-file\=/Users/fukushimatakumi/Library/Developer/Xcode/DerivedData/ModuleCache.noindex/Session.modulevalidation -fmodules-validate-once-per-build-session -Wnon-modular-include-in-framework-module -Werror\=non-modular-include-in-framework-module -Wno-trigraphs -Wno-missing-field-initializers -Wno-missing-prototypes -Wno-return-type -Wno-implicit-atomic-properties -Wno-objc-interface-ivars -Wno-arc-repeated-use-of-weak -Wno-missing-braces -Wparentheses -Wswitch -Wno-unused-function -Wno-unused-label -Wno-unused-parameter -Wno-unused-variable -Wunused-value -Wno-empty-body -Wno-uninitialized -Wno-unknown-pragmas -w -Wno-shadow -Wno-four-char-constants -Wno-conversion -Wno-constant-conversion -Wno-int-conversion -Wno-bool-conversion -Wno-enum-conversion -Wno-float-conversion -Wno-non-literal-null-conversion -Wno-objc-literal-conversion -Wshorten-64-to-32 -Wpointer-sign -Wno-newline-eof -Wno-selector -Wno-strict-selector-match -Wno-undeclared-selector -Wno-deprecated-implementations -Wno-implicit-fallthrough -fstrict-aliasing -Wprotocol -Wdeprecated-declarations -Wno-sign-conversion -Wno-infinite-recursion -Wno-comma -Wno-block-capture-autoreleasing -Wno-strict-prototypes -Wno-semicolon-before-method-body -index-store-path /Users/fukushimatakumi/Library/Developer/Xcode/DerivedData/SugarBeat-hgoxfxbbugxkfsbmqcjlbmjeaqyg/Index.noindex/DataStore @/Users/fukushimatakumi/Library/Developer/Xcode/DerivedData/SugarBeat-hgoxfxbbugxkfsbmqcjlbmjeaqyg/Build/Intermediates.noindex/AppCheck.build/Debug-iphonesimulator/AppCheckCore.build/Objects-normal/arm64/e6072d4f65d7061329687fe24e3d63a7-common-args.resp -MMD -MT dependencies -MF /Users/fukushimatakumi/Library/Developer/Xcode/DerivedData/SugarBeat-hgoxfxbbugxkfsbmqcjlbmjeaqyg/Build/Intermediates.noindex/AppCheck.build/Debug-iphonesimulator/AppCheckCore.build/Objects-normal/arm64/GACAppCheckTokenRefresher.d --serialize-diagnostics /Users/fukushimatakumi/Library/Developer/Xcode/DerivedData/SugarBeat-hgoxfxbbugxkfsbmqcjlbmjeaqyg/Build/Intermediates.noindex/AppCheck.build/Debug-iphonesimulator/AppCheckCore.build/Objects-normal/arm64/GACAppCheckTokenRefresher.dia -c /Users/fukushimatakumi/Library/Developer/Xcode/DerivedData/SugarBeat-hgoxfxbbugxkfsbmqcjlbmjeaqyg/SourcePackages/checkouts/app-check/AppCheckCore/Sources/Core/TokenRefresh/GACAppCheckTokenRefresher.m -o /Users/fukushimatakumi/Library/Developer/Xcode/DerivedData/SugarBeat-hgoxfxbbugxkfsbmqcjlbmjeaqyg/Build/Intermediates.noindex/AppCheck.build/Debug-iphonesimulator/AppCheckCore.build/Objects-normal/arm64/GACAppCheckTokenRefresher.o -index-unit-output-path /AppCheck.build/Debug-iphonesimulator/AppCheckCore.build/Objects-normal/arm64/GACAppCheckTokenRefresher.o

CompileC /Users/fukushimatakumi/Library/Developer/Xcode/DerivedData/SugarBeat-hgoxfxbbugxkfsbmqcjlbmjeaqyg/Build/Intermediates.noindex/AppCheck.build/Debug-iphonesimulator/AppCheckCore.build/Objects-normal/arm64/GACURLSessionDataResponse.o /Users/fukushimatakumi/Library/Developer/Xcode/DerivedData/SugarBeat-hgoxfxbbugxkfsbmqcjlbmjeaqyg/SourcePackages/checkouts/app-check/AppCheckCore/Sources/Core/APIService/GACURLSessionDataResponse.m normal arm64 objective-c com.apple.compilers.llvm.clang.1_0.compiler (in target 'AppCheckCore' from project 'AppCheck')
    cd /Users/fukushimatakumi/develop/sugarbeat/sugarbeat-front
    
    Using response file: /Users/fukushimatakumi/Library/Developer/Xcode/DerivedData/SugarBeat-hgoxfxbbugxkfsbmqcjlbmjeaqyg/Build/Intermediates.noindex/AppCheck.build/Debug-iphonesimulator/AppCheckCore.build/Objects-normal/arm64/e6072d4f65d7061329687fe24e3d63a7-common-args.resp
    
    /Applications/Xcode.app/Contents/Developer/Toolchains/XcodeDefault.xctoolchain/usr/bin/clang -x objective-c -ivfsstatcache /Users/fukushimatakumi/Library/Developer/Xcode/DerivedData/SDKStatCaches.noindex/iphonesimulator18.4-22E235-71825a6d136aa4733edcbe86ece5525b.sdkstatcache -fmessage-length\=0 -fdiagnostics-show-note-include-stack -fmacro-backtrace-limit\=0 -fno-color-diagnostics -fmodules-prune-interval\=86400 -fmodules-prune-after\=345600 -fbuild-session-file\=/Users/fukushimatakumi/Library/Developer/Xcode/DerivedData/ModuleCache.noindex/Session.modulevalidation -fmodules-validate-once-per-build-session -Wnon-modular-include-in-framework-module -Werror\=non-modular-include-in-framework-module -Wno-trigraphs -Wno-missing-field-initializers -Wno-missing-prototypes -Wno-return-type -Wno-implicit-atomic-properties -Wno-objc-interface-ivars -Wno-arc-repeated-use-of-weak -Wno-missing-braces -Wparentheses -Wswitch -Wno-unused-function -Wno-unused-label -Wno-unused-parameter -Wno-unused-variable -Wunused-value -Wno-empty-body -Wno-uninitialized -Wno-unknown-pragmas -w -Wno-shadow -Wno-four-char-constants -Wno-conversion -Wno-constant-conversion -Wno-int-conversion -Wno-bool-conversion -Wno-enum-conversion -Wno-float-conversion -Wno-non-literal-null-conversion -Wno-objc-literal-conversion -Wshorten-64-to-32 -Wpointer-sign -Wno-newline-eof -Wno-selector -Wno-strict-selector-match -Wno-undeclared-selector -Wno-deprecated-implementations -Wno-implicit-fallthrough -fstrict-aliasing -Wprotocol -Wdeprecated-declarations -Wno-sign-conversion -Wno-infinite-recursion -Wno-comma -Wno-block-capture-autoreleasing -Wno-strict-prototypes -Wno-semicolon-before-method-body -index-store-path /Users/fukushimatakumi/Library/Developer/Xcode/DerivedData/SugarBeat-hgoxfxbbugxkfsbmqcjlbmjeaqyg/Index.noindex/DataStore @/Users/fukushimatakumi/Library/Developer/Xcode/DerivedData/SugarBeat-hgoxfxbbugxkfsbmqcjlbmjeaqyg/Build/Intermediates.noindex/AppCheck.build/Debug-iphonesimulator/AppCheckCore.build/Objects-normal/arm64/e6072d4f65d7061329687fe24e3d63a7-common-args.resp -MMD -MT dependencies -MF /Users/fukushimatakumi/Library/Developer/Xcode/DerivedData/SugarBeat-hgoxfxbbugxkfsbmqcjlbmjeaqyg/Build/Intermediates.noindex/AppCheck.build/Debug-iphonesimulator/AppCheckCore.build/Objects-normal/arm64/GACURLSessionDataResponse.d --serialize-diagnostics /Users/fukushimatakumi/Library/Developer/Xcode/DerivedData/SugarBeat-hgoxfxbbugxkfsbmqcjlbmjeaqyg/Build/Intermediates.noindex/AppCheck.build/Debug-iphonesimulator/AppCheckCore.build/Objects-normal/arm64/GACURLSessionDataResponse.dia -c /Users/fukushimatakumi/Library/Developer/Xcode/DerivedData/SugarBeat-hgoxfxbbugxkfsbmqcjlbmjeaqyg/SourcePackages/checkouts/app-check/AppCheckCore/Sources/Core/APIService/GACURLSessionDataResponse.m -o /Users/fukushimatakumi/Library/Developer/Xcode/DerivedData/SugarBeat-hgoxfxbbugxkfsbmqcjlbmjeaqyg/Build/Intermediates.noindex/AppCheck.build/Debug-iphonesimulator/AppCheckCore.build/Objects-normal/arm64/GACURLSessionDataResponse.o -index-unit-output-path /AppCheck.build/Debug-iphonesimulator/AppCheckCore.build/Objects-normal/arm64/GACURLSessionDataResponse.o

PrecompileModule /Users/fukushimatakumi/Library/Developer/Xcode/DerivedData/SugarBeat-hgoxfxbbugxkfsbmqcjlbmjeaqyg/Build/Intermediates.noindex/ExplicitPrecompiledModules/FBLPromises-2V47WC9WFNBU8XP0SOGH8J7CV.scan
    cd /Users/fukushimatakumi/develop/sugarbeat/sugarbeat-front
    builtin-precompileModule /Users/fukushimatakumi/Library/Developer/Xcode/DerivedData/SugarBeat-hgoxfxbbugxkfsbmqcjlbmjeaqyg/Build/Intermediates.noindex/ExplicitPrecompiledModules/FBLPromises-2V47WC9WFNBU8XP0SOGH8J7CV.scan

CompileC /Users/fukushimatakumi/Library/Developer/Xcode/DerivedData/SugarBeat-hgoxfxbbugxkfsbmqcjlbmjeaqyg/Build/Intermediates.noindex/AppCheck.build/Debug-iphonesimulator/AppCheckCore.build/Objects-normal/arm64/GACAppCheckTokenResult.o /Users/fukushimatakumi/Library/Developer/Xcode/DerivedData/SugarBeat-hgoxfxbbugxkfsbmqcjlbmjeaqyg/SourcePackages/checkouts/app-check/AppCheckCore/Sources/Core/GACAppCheckTokenResult.m normal arm64 objective-c com.apple.compilers.llvm.clang.1_0.compiler (in target 'AppCheckCore' from project 'AppCheck')
    cd /Users/fukushimatakumi/develop/sugarbeat/sugarbeat-front
    
    Using response file: /Users/fukushimatakumi/Library/Developer/Xcode/DerivedData/SugarBeat-hgoxfxbbugxkfsbmqcjlbmjeaqyg/Build/Intermediates.noindex/AppCheck.build/Debug-iphonesimulator/AppCheckCore.build/Objects-normal/arm64/e6072d4f65d7061329687fe24e3d63a7-common-args.resp
    
    /Applications/Xcode.app/Contents/Developer/Toolchains/XcodeDefault.xctoolchain/usr/bin/clang -x objective-c -ivfsstatcache /Users/fukushimatakumi/Library/Developer/Xcode/DerivedData/SDKStatCaches.noindex/iphonesimulator18.4-22E235-71825a6d136aa4733edcbe86ece5525b.sdkstatcache -fmessage-length\=0 -fdiagnostics-show-note-include-stack -fmacro-backtrace-limit\=0 -fno-color-diagnostics -fmodules-prune-interval\=86400 -fmodules-prune-after\=345600 -fbuild-session-file\=/Users/fukushimatakumi/Library/Developer/Xcode/DerivedData/ModuleCache.noindex/Session.modulevalidation -fmodules-validate-once-per-build-session -Wnon-modular-include-in-framework-module -Werror\=non-modular-include-in-framework-module -Wno-trigraphs -Wno-missing-field-initializers -Wno-missing-prototypes -Wno-return-type -Wno-implicit-atomic-properties -Wno-objc-interface-ivars -Wno-arc-repeated-use-of-weak -Wno-missing-braces -Wparentheses -Wswitch -Wno-unused-function -Wno-unused-label -Wno-unused-parameter -Wno-unused-variable -Wunused-value -Wno-empty-body -Wno-uninitialized -Wno-unknown-pragmas -w -Wno-shadow -Wno-four-char-constants -Wno-conversion -Wno-constant-conversion -Wno-int-conversion -Wno-bool-conversion -Wno-enum-conversion -Wno-float-conversion -Wno-non-literal-null-conversion -Wno-objc-literal-conversion -Wshorten-64-to-32 -Wpointer-sign -Wno-newline-eof -Wno-selector -Wno-strict-selector-match -Wno-undeclared-selector -Wno-deprecated-implementations -Wno-implicit-fallthrough -fstrict-aliasing -Wprotocol -Wdeprecated-declarations -Wno-sign-conversion -Wno-infinite-recursion -Wno-comma -Wno-block-capture-autoreleasing -Wno-strict-prototypes -Wno-semicolon-before-method-body -index-store-path /Users/fukushimatakumi/Library/Developer/Xcode/DerivedData/SugarBeat-hgoxfxbbugxkfsbmqcjlbmjeaqyg/Index.noindex/DataStore @/Users/fukushimatakumi/Library/Developer/Xcode/DerivedData/SugarBeat-hgoxfxbbugxkfsbmqcjlbmjeaqyg/Build/Intermediates.noindex/AppCheck.build/Debug-iphonesimulator/AppCheckCore.build/Objects-normal/arm64/e6072d4f65d7061329687fe24e3d63a7-common-args.resp -MMD -MT dependencies -MF /Users/fukushimatakumi/Library/Developer/Xcode/DerivedData/SugarBeat-hgoxfxbbugxkfsbmqcjlbmjeaqyg/Build/Intermediates.noindex/AppCheck.build/Debug-iphonesimulator/AppCheckCore.build/Objects-normal/arm64/GACAppCheckTokenResult.d --serialize-diagnostics /Users/fukushimatakumi/Library/Developer/Xcode/DerivedData/SugarBeat-hgoxfxbbugxkfsbmqcjlbmjeaqyg/Build/Intermediates.noindex/AppCheck.build/Debug-iphonesimulator/AppCheckCore.build/Objects-normal/arm64/GACAppCheckTokenResult.dia -c /Users/fukushimatakumi/Library/Developer/Xcode/DerivedData/SugarBeat-hgoxfxbbugxkfsbmqcjlbmjeaqyg/SourcePackages/checkouts/app-check/AppCheckCore/Sources/Core/GACAppCheckTokenResult.m -o /Users/fukushimatakumi/Library/Developer/Xcode/DerivedData/SugarBeat-hgoxfxbbugxkfsbmqcjlbmjeaqyg/Build/Intermediates.noindex/AppCheck.build/Debug-iphonesimulator/AppCheckCore.build/Objects-normal/arm64/GACAppCheckTokenResult.o -index-unit-output-path /AppCheck.build/Debug-iphonesimulator/AppCheckCore.build/Objects-normal/arm64/GACAppCheckTokenResult.o

ScanDependencies /Users/fukushimatakumi/Library/Developer/Xcode/DerivedData/SugarBeat-hgoxfxbbugxkfsbmqcjlbmjeaqyg/Build/Intermediates.noindex/AppCheck.build/Debug-iphonesimulator/AppCheckCore.build/Objects-normal/arm64/GACAppCheckTokenRefreshResult.o /Users/fukushimatakumi/Library/Developer/Xcode/DerivedData/SugarBeat-hgoxfxbbugxkfsbmqcjlbmjeaqyg/SourcePackages/checkouts/app-check/AppCheckCore/Sources/Core/TokenRefresh/GACAppCheckTokenRefreshResult.m normal arm64 objective-c com.apple.compilers.llvm.clang.1_0.compiler (in target 'AppCheckCore' from project 'AppCheck')
    cd /Users/fukushimatakumi/develop/sugarbeat/sugarbeat-front
    
    Using response file: /Users/fukushimatakumi/Library/Developer/Xcode/DerivedData/SugarBeat-hgoxfxbbugxkfsbmqcjlbmjeaqyg/Build/Intermediates.noindex/AppCheck.build/Debug-iphonesimulator/AppCheckCore.build/Objects-normal/arm64/e6072d4f65d7061329687fe24e3d63a7-common-args.resp
    
    builtin-ScanDependencies -o /Users/fukushimatakumi/Library/Developer/Xcode/DerivedData/SugarBeat-hgoxfxbbugxkfsbmqcjlbmjeaqyg/Build/Intermediates.noindex/AppCheck.build/Debug-iphonesimulator/AppCheckCore.build/Objects-normal/arm64/GACAppCheckTokenRefreshResult.o.scan -- /Applications/Xcode.app/Contents/Developer/Toolchains/XcodeDefault.xctoolchain/usr/bin/clang -x objective-c -ivfsstatcache /Users/fukushimatakumi/Library/Developer/Xcode/DerivedData/SDKStatCaches.noindex/iphonesimulator18.4-22E235-71825a6d136aa4733edcbe86ece5525b.sdkstatcache -fmessage-length\=0 -fdiagnostics-show-note-include-stack -fmacro-backtrace-limit\=0 -fno-color-diagnostics -fmodules-prune-interval\=86400 -fmodules-prune-after\=345600 -fbuild-session-file\=/Users/fukushimatakumi/Library/Developer/Xcode/DerivedData/ModuleCache.noindex/Session.modulevalidation -fmodules-validate-once-per-build-session -Wnon-modular-include-in-framework-module -Werror\=non-modular-include-in-framework-module -Wno-trigraphs -Wno-missing-field-initializers -Wno-missing-prototypes -Wno-return-type -Wno-implicit-atomic-properties -Wno-objc-interface-ivars -Wno-arc-repeated-use-of-weak -Wno-missing-braces -Wparentheses -Wswitch -Wno-unused-function -Wno-unused-label -Wno-unused-parameter -Wno-unused-variable -Wunused-value -Wno-empty-body -Wno-uninitialized -Wno-unknown-pragmas -w -Wno-shadow -Wno-four-char-constants -Wno-conversion -Wno-constant-conversion -Wno-int-conversion -Wno-bool-conversion -Wno-enum-conversion -Wno-float-conversion -Wno-non-literal-null-conversion -Wno-objc-literal-conversion -Wshorten-64-to-32 -Wpointer-sign -Wno-newline-eof -Wno-selector -Wno-strict-selector-match -Wno-undeclared-selector -Wno-deprecated-implementations -Wno-implicit-fallthrough -fstrict-aliasing -Wprotocol -Wdeprecated-declarations -Wno-sign-conversion -Wno-infinite-recursion -Wno-comma -Wno-block-capture-autoreleasing -Wno-strict-prototypes -Wno-semicolon-before-method-body -index-store-path /Users/fukushimatakumi/Library/Developer/Xcode/DerivedData/SugarBeat-hgoxfxbbugxkfsbmqcjlbmjeaqyg/Index.noindex/DataStore @/Users/fukushimatakumi/Library/Developer/Xcode/DerivedData/SugarBeat-hgoxfxbbugxkfsbmqcjlbmjeaqyg/Build/Intermediates.noindex/AppCheck.build/Debug-iphonesimulator/AppCheckCore.build/Objects-normal/arm64/e6072d4f65d7061329687fe24e3d63a7-common-args.resp -MMD -MT dependencies -MF /Users/fukushimatakumi/Library/Developer/Xcode/DerivedData/SugarBeat-hgoxfxbbugxkfsbmqcjlbmjeaqyg/Build/Intermediates.noindex/AppCheck.build/Debug-iphonesimulator/AppCheckCore.build/Objects-normal/arm64/GACAppCheckTokenRefreshResult.d --serialize-diagnostics /Users/fukushimatakumi/Library/Developer/Xcode/DerivedData/SugarBeat-hgoxfxbbugxkfsbmqcjlbmjeaqyg/Build/Intermediates.noindex/AppCheck.build/Debug-iphonesimulator/AppCheckCore.build/Objects-normal/arm64/GACAppCheckTokenRefreshResult.dia -c /Users/fukushimatakumi/Library/Developer/Xcode/DerivedData/SugarBeat-hgoxfxbbugxkfsbmqcjlbmjeaqyg/SourcePackages/checkouts/app-check/AppCheckCore/Sources/Core/TokenRefresh/GACAppCheckTokenRefreshResult.m -o /Users/fukushimatakumi/Library/Developer/Xcode/DerivedData/SugarBeat-hgoxfxbbugxkfsbmqcjlbmjeaqyg/Build/Intermediates.noindex/AppCheck.build/Debug-iphonesimulator/AppCheckCore.build/Objects-normal/arm64/GACAppCheckTokenRefreshResult.o -index-unit-output-path /AppCheck.build/Debug-iphonesimulator/AppCheckCore.build/Objects-normal/arm64/GACAppCheckTokenRefreshResult.o

PrecompileModule /Users/fukushimatakumi/Library/Developer/Xcode/DerivedData/SugarBeat-hgoxfxbbugxkfsbmqcjlbmjeaqyg/Build/Intermediates.noindex/ExplicitPrecompiledModules/DeviceCheck-CU40K6KHQO8S5C8X8PDWGIX4X.scan
    cd /Users/fukushimatakumi/develop/sugarbeat/sugarbeat-front
    builtin-precompileModule /Users/fukushimatakumi/Library/Developer/Xcode/DerivedData/SugarBeat-hgoxfxbbugxkfsbmqcjlbmjeaqyg/Build/Intermediates.noindex/ExplicitPrecompiledModules/DeviceCheck-CU40K6KHQO8S5C8X8PDWGIX4X.scan

SwiftDriverJobDiscovery normal arm64 Compiling AuthSession.swift (in target 'GTMAppAuth' from project 'GTMAppAuth')

SwiftDriver\ Compilation GTMAppAuth normal arm64 com.apple.xcode.tools.swift.compiler (in target 'GTMAppAuth' from project 'GTMAppAuth')
    cd /Users/fukushimatakumi/develop/sugarbeat/sugarbeat-front
    builtin-Swift-Compilation -- /Applications/Xcode.app/Contents/Developer/Toolchains/XcodeDefault.xctoolchain/usr/bin/swiftc -module-name GTMAppAuth -Onone -enforce-exclusivity\=checked @/Users/fukushimatakumi/Library/Developer/Xcode/DerivedData/SugarBeat-hgoxfxbbugxkfsbmqcjlbmjeaqyg/Build/Intermediates.noindex/GTMAppAuth.build/Debug-iphonesimulator/GTMAppAuth.build/Objects-normal/arm64/GTMAppAuth.SwiftFileList -DSWIFT_PACKAGE -DDEBUG -Xcc -fmodule-map-file\=/Users/fukushimatakumi/Library/Developer/Xcode/DerivedData/SugarBeat-hgoxfxbbugxkfsbmqcjlbmjeaqyg/Build/Intermediates.noindex/GeneratedModuleMaps-iphonesimulator/GTMSessionFetcherCore.modulemap -Xcc -fmodule-map-file\=/Users/fukushimatakumi/Library/Developer/Xcode/DerivedData/SugarBeat-hgoxfxbbugxkfsbmqcjlbmjeaqyg/Build/Intermediates.noindex/GeneratedModuleMaps-iphonesimulator/AppAuthCore.modulemap -DXcode -plugin-path /Applications/Xcode.app/Contents/Developer/Toolchains/XcodeDefault.xctoolchain/usr/lib/swift/host/plugins/testing -enable-experimental-feature DebugDescriptionMacro -sdk /Applications/Xcode.app/Contents/Developer/Platforms/iPhoneSimulator.platform/Developer/SDKs/iPhoneSimulator18.4.sdk -target arm64-apple-ios12.0-simulator -g -module-cache-path /Users/fukushimatakumi/Library/Developer/Xcode/DerivedData/ModuleCache.noindex -Xfrontend -serialize-debugging-options -enable-testing -suppress-warnings -index-store-path /Users/fukushimatakumi/Library/Developer/Xcode/DerivedData/SugarBeat-hgoxfxbbugxkfsbmqcjlbmjeaqyg/Index.noindex/DataStore -swift-version 5 -I /Users/fukushimatakumi/Library/Developer/Xcode/DerivedData/SugarBeat-hgoxfxbbugxkfsbmqcjlbmjeaqyg/Build/Products/Debug-iphonesimulator -I /Applications/Xcode.app/Contents/Developer/Platforms/iPhoneSimulator.platform/Developer/usr/lib -F /Users/fukushimatakumi/Library/Developer/Xcode/DerivedData/SugarBeat-hgoxfxbbugxkfsbmqcjlbmjeaqyg/Build/Products/Debug-iphonesimulator/PackageFrameworks -F /Users/fukushimatakumi/Library/Developer/Xcode/DerivedData/SugarBeat-hgoxfxbbugxkfsbmqcjlbmjeaqyg/Build/Products/Debug-iphonesimulator/PackageFrameworks -F /Users/fukushimatakumi/Library/Developer/Xcode/DerivedData/SugarBeat-hgoxfxbbugxkfsbmqcjlbmjeaqyg/Build/Products/Debug-iphonesimulator -F /Applications/Xcode.app/Contents/Developer/Platforms/iPhoneSimulator.platform/Developer/Library/Frameworks -F /Applications/Xcode.app/Contents/Developer/Platforms/iPhoneSimulator.platform/Developer/SDKs/iPhoneSimulator18.4.sdk/Developer/Library/Frameworks -c -j10 -enable-batch-mode -incremental -Xcc -ivfsstatcache -Xcc /Users/fukushimatakumi/Library/Developer/Xcode/DerivedData/SDKStatCaches.noindex/iphonesimulator18.4-22E235-71825a6d136aa4733edcbe86ece5525b.sdkstatcache -output-file-map /Users/fukushimatakumi/Library/Developer/Xcode/DerivedData/SugarBeat-hgoxfxbbugxkfsbmqcjlbmjeaqyg/Build/Intermediates.noindex/GTMAppAuth.build/Debug-iphonesimulator/GTMAppAuth.build/Objects-normal/arm64/GTMAppAuth-OutputFileMap.json -use-frontend-parseable-output -save-temps -no-color-diagnostics -serialize-diagnostics -emit-dependencies -emit-module -emit-module-path /Users/fukushimatakumi/Library/Developer/Xcode/DerivedData/SugarBeat-hgoxfxbbugxkfsbmqcjlbmjeaqyg/Build/Intermediates.noindex/GTMAppAuth.build/Debug-iphonesimulator/GTMAppAuth.build/Objects-normal/arm64/GTMAppAuth.swiftmodule -validate-clang-modules-once -clang-build-session-file /Users/fukushimatakumi/Library/Developer/Xcode/DerivedData/ModuleCache.noindex/Session.modulevalidation -Xcc -I/Users/fukushimatakumi/Library/Developer/Xcode/DerivedData/SugarBeat-hgoxfxbbugxkfsbmqcjlbmjeaqyg/Build/Intermediates.noindex/GTMAppAuth.build/Debug-iphonesimulator/GTMAppAuth.build/swift-overrides.hmap -emit-const-values -Xfrontend -const-gather-protocols-file -Xfrontend /Users/fukushimatakumi/Library/Developer/Xcode/DerivedData/SugarBeat-hgoxfxbbugxkfsbmqcjlbmjeaqyg/Build/Intermediates.noindex/GTMAppAuth.build/Debug-iphonesimulator/GTMAppAuth.build/Objects-normal/arm64/GTMAppAuth_const_extract_protocols.json -Xcc -I/Users/fukushimatakumi/Library/Developer/Xcode/DerivedData/SugarBeat-hgoxfxbbugxkfsbmqcjlbmjeaqyg/SourcePackages/checkouts/gtm-session-fetcher/Sources/Core/Public -Xcc -I/Users/fukushimatakumi/Library/Developer/Xcode/DerivedData/SugarBeat-hgoxfxbbugxkfsbmqcjlbmjeaqyg/SourcePackages/checkouts/AppAuth-iOS/Sources/AppAuthCore -Xcc -I/Users/fukushimatakumi/Library/Developer/Xcode/DerivedData/SugarBeat-hgoxfxbbugxkfsbmqcjlbmjeaqyg/Build/Products/Debug-iphonesimulator/include -Xcc -I/Users/fukushimatakumi/Library/Developer/Xcode/DerivedData/SugarBeat-hgoxfxbbugxkfsbmqcjlbmjeaqyg/Build/Intermediates.noindex/GTMAppAuth.build/Debug-iphonesimulator/GTMAppAuth.build/DerivedSources-normal/arm64 -Xcc -I/Users/fukushimatakumi/Library/Developer/Xcode/DerivedData/SugarBeat-hgoxfxbbugxkfsbmqcjlbmjeaqyg/Build/Intermediates.noindex/GTMAppAuth.build/Debug-iphonesimulator/GTMAppAuth.build/DerivedSources/arm64 -Xcc -I/Users/fukushimatakumi/Library/Developer/Xcode/DerivedData/SugarBeat-hgoxfxbbugxkfsbmqcjlbmjeaqyg/Build/Intermediates.noindex/GTMAppAuth.build/Debug-iphonesimulator/GTMAppAuth.build/DerivedSources -Xcc -DSWIFT_PACKAGE -Xcc -DDEBUG\=1 -emit-objc-header -emit-objc-header-path /Users/fukushimatakumi/Library/Developer/Xcode/DerivedData/SugarBeat-hgoxfxbbugxkfsbmqcjlbmjeaqyg/Build/Intermediates.noindex/GTMAppAuth.build/Debug-iphonesimulator/GTMAppAuth.build/Objects-normal/arm64/GTMAppAuth-Swift.h -working-directory /Users/fukushimatakumi/develop/sugarbeat/sugarbeat-front -experimental-emit-module-separately -disable-cmo

ScanDependencies /Users/fukushimatakumi/Library/Developer/Xcode/DerivedData/SugarBeat-hgoxfxbbugxkfsbmqcjlbmjeaqyg/Build/Intermediates.noindex/AppCheck.build/Debug-iphonesimulator/AppCheckCore.build/Objects-normal/arm64/GACAppCheckToken.o /Users/fukushimatakumi/Library/Developer/Xcode/DerivedData/SugarBeat-hgoxfxbbugxkfsbmqcjlbmjeaqyg/SourcePackages/checkouts/app-check/AppCheckCore/Sources/Core/GACAppCheckToken.m normal arm64 objective-c com.apple.compilers.llvm.clang.1_0.compiler (in target 'AppCheckCore' from project 'AppCheck')
    cd /Users/fukushimatakumi/develop/sugarbeat/sugarbeat-front
    
    Using response file: /Users/fukushimatakumi/Library/Developer/Xcode/DerivedData/SugarBeat-hgoxfxbbugxkfsbmqcjlbmjeaqyg/Build/Intermediates.noindex/AppCheck.build/Debug-iphonesimulator/AppCheckCore.build/Objects-normal/arm64/e6072d4f65d7061329687fe24e3d63a7-common-args.resp
    
    builtin-ScanDependencies -o /Users/fukushimatakumi/Library/Developer/Xcode/DerivedData/SugarBeat-hgoxfxbbugxkfsbmqcjlbmjeaqyg/Build/Intermediates.noindex/AppCheck.build/Debug-iphonesimulator/AppCheckCore.build/Objects-normal/arm64/GACAppCheckToken.o.scan -- /Applications/Xcode.app/Contents/Developer/Toolchains/XcodeDefault.xctoolchain/usr/bin/clang -x objective-c -ivfsstatcache /Users/fukushimatakumi/Library/Developer/Xcode/DerivedData/SDKStatCaches.noindex/iphonesimulator18.4-22E235-71825a6d136aa4733edcbe86ece5525b.sdkstatcache -fmessage-length\=0 -fdiagnostics-show-note-include-stack -fmacro-backtrace-limit\=0 -fno-color-diagnostics -fmodules-prune-interval\=86400 -fmodules-prune-after\=345600 -fbuild-session-file\=/Users/fukushimatakumi/Library/Developer/Xcode/DerivedData/ModuleCache.noindex/Session.modulevalidation -fmodules-validate-once-per-build-session -Wnon-modular-include-in-framework-module -Werror\=non-modular-include-in-framework-module -Wno-trigraphs -Wno-missing-field-initializers -Wno-missing-prototypes -Wno-return-type -Wno-implicit-atomic-properties -Wno-objc-interface-ivars -Wno-arc-repeated-use-of-weak -Wno-missing-braces -Wparentheses -Wswitch -Wno-unused-function -Wno-unused-label -Wno-unused-parameter -Wno-unused-variable -Wunused-value -Wno-empty-body -Wno-uninitialized -Wno-unknown-pragmas -w -Wno-shadow -Wno-four-char-constants -Wno-conversion -Wno-constant-conversion -Wno-int-conversion -Wno-bool-conversion -Wno-enum-conversion -Wno-float-conversion -Wno-non-literal-null-conversion -Wno-objc-literal-conversion -Wshorten-64-to-32 -Wpointer-sign -Wno-newline-eof -Wno-selector -Wno-strict-selector-match -Wno-undeclared-selector -Wno-deprecated-implementations -Wno-implicit-fallthrough -fstrict-aliasing -Wprotocol -Wdeprecated-declarations -Wno-sign-conversion -Wno-infinite-recursion -Wno-comma -Wno-block-capture-autoreleasing -Wno-strict-prototypes -Wno-semicolon-before-method-body -index-store-path /Users/fukushimatakumi/Library/Developer/Xcode/DerivedData/SugarBeat-hgoxfxbbugxkfsbmqcjlbmjeaqyg/Index.noindex/DataStore @/Users/fukushimatakumi/Library/Developer/Xcode/DerivedData/SugarBeat-hgoxfxbbugxkfsbmqcjlbmjeaqyg/Build/Intermediates.noindex/AppCheck.build/Debug-iphonesimulator/AppCheckCore.build/Objects-normal/arm64/e6072d4f65d7061329687fe24e3d63a7-common-args.resp -MMD -MT dependencies -MF /Users/fukushimatakumi/Library/Developer/Xcode/DerivedData/SugarBeat-hgoxfxbbugxkfsbmqcjlbmjeaqyg/Build/Intermediates.noindex/AppCheck.build/Debug-iphonesimulator/AppCheckCore.build/Objects-normal/arm64/GACAppCheckToken.d --serialize-diagnostics /Users/fukushimatakumi/Library/Developer/Xcode/DerivedData/SugarBeat-hgoxfxbbugxkfsbmqcjlbmjeaqyg/Build/Intermediates.noindex/AppCheck.build/Debug-iphonesimulator/AppCheckCore.build/Objects-normal/arm64/GACAppCheckToken.dia -c /Users/fukushimatakumi/Library/Developer/Xcode/DerivedData/SugarBeat-hgoxfxbbugxkfsbmqcjlbmjeaqyg/SourcePackages/checkouts/app-check/AppCheckCore/Sources/Core/GACAppCheckToken.m -o /Users/fukushimatakumi/Library/Developer/Xcode/DerivedData/SugarBeat-hgoxfxbbugxkfsbmqcjlbmjeaqyg/Build/Intermediates.noindex/AppCheck.build/Debug-iphonesimulator/AppCheckCore.build/Objects-normal/arm64/GACAppCheckToken.o -index-unit-output-path /AppCheck.build/Debug-iphonesimulator/AppCheckCore.build/Objects-normal/arm64/GACAppCheckToken.o

ScanDependencies /Users/fukushimatakumi/Library/Developer/Xcode/DerivedData/SugarBeat-hgoxfxbbugxkfsbmqcjlbmjeaqyg/Build/Intermediates.noindex/AppCheck.build/Debug-iphonesimulator/AppCheckCore.build/Objects-normal/arm64/GACAppCheckToken+APIResponse.o /Users/fukushimatakumi/Library/Developer/Xcode/DerivedData/SugarBeat-hgoxfxbbugxkfsbmqcjlbmjeaqyg/SourcePackages/checkouts/app-check/AppCheckCore/Sources/Core/APIService/GACAppCheckToken+APIResponse.m normal arm64 objective-c com.apple.compilers.llvm.clang.1_0.compiler (in target 'AppCheckCore' from project 'AppCheck')
    cd /Users/fukushimatakumi/develop/sugarbeat/sugarbeat-front
    
    Using response file: /Users/fukushimatakumi/Library/Developer/Xcode/DerivedData/SugarBeat-hgoxfxbbugxkfsbmqcjlbmjeaqyg/Build/Intermediates.noindex/AppCheck.build/Debug-iphonesimulator/AppCheckCore.build/Objects-normal/arm64/e6072d4f65d7061329687fe24e3d63a7-common-args.resp
    
    builtin-ScanDependencies -o /Users/fukushimatakumi/Library/Developer/Xcode/DerivedData/SugarBeat-hgoxfxbbugxkfsbmqcjlbmjeaqyg/Build/Intermediates.noindex/AppCheck.build/Debug-iphonesimulator/AppCheckCore.build/Objects-normal/arm64/GACAppCheckToken+APIResponse.o.scan -- /Applications/Xcode.app/Contents/Developer/Toolchains/XcodeDefault.xctoolchain/usr/bin/clang -x objective-c -ivfsstatcache /Users/fukushimatakumi/Library/Developer/Xcode/DerivedData/SDKStatCaches.noindex/iphonesimulator18.4-22E235-71825a6d136aa4733edcbe86ece5525b.sdkstatcache -fmessage-length\=0 -fdiagnostics-show-note-include-stack -fmacro-backtrace-limit\=0 -fno-color-diagnostics -fmodules-prune-interval\=86400 -fmodules-prune-after\=345600 -fbuild-session-file\=/Users/fukushimatakumi/Library/Developer/Xcode/DerivedData/ModuleCache.noindex/Session.modulevalidation -fmodules-validate-once-per-build-session -Wnon-modular-include-in-framework-module -Werror\=non-modular-include-in-framework-module -Wno-trigraphs -Wno-missing-field-initializers -Wno-missing-prototypes -Wno-return-type -Wno-implicit-atomic-properties -Wno-objc-interface-ivars -Wno-arc-repeated-use-of-weak -Wno-missing-braces -Wparentheses -Wswitch -Wno-unused-function -Wno-unused-label -Wno-unused-parameter -Wno-unused-variable -Wunused-value -Wno-empty-body -Wno-uninitialized -Wno-unknown-pragmas -w -Wno-shadow -Wno-four-char-constants -Wno-conversion -Wno-constant-conversion -Wno-int-conversion -Wno-bool-conversion -Wno-enum-conversion -Wno-float-conversion -Wno-non-literal-null-conversion -Wno-objc-literal-conversion -Wshorten-64-to-32 -Wpointer-sign -Wno-newline-eof -Wno-selector -Wno-strict-selector-match -Wno-undeclared-selector -Wno-deprecated-implementations -Wno-implicit-fallthrough -fstrict-aliasing -Wprotocol -Wdeprecated-declarations -Wno-sign-conversion -Wno-infinite-recursion -Wno-comma -Wno-block-capture-autoreleasing -Wno-strict-prototypes -Wno-semicolon-before-method-body -index-store-path /Users/fukushimatakumi/Library/Developer/Xcode/DerivedData/SugarBeat-hgoxfxbbugxkfsbmqcjlbmjeaqyg/Index.noindex/DataStore @/Users/fukushimatakumi/Library/Developer/Xcode/DerivedData/SugarBeat-hgoxfxbbugxkfsbmqcjlbmjeaqyg/Build/Intermediates.noindex/AppCheck.build/Debug-iphonesimulator/AppCheckCore.build/Objects-normal/arm64/e6072d4f65d7061329687fe24e3d63a7-common-args.resp -MMD -MT dependencies -MF /Users/fukushimatakumi/Library/Developer/Xcode/DerivedData/SugarBeat-hgoxfxbbugxkfsbmqcjlbmjeaqyg/Build/Intermediates.noindex/AppCheck.build/Debug-iphonesimulator/AppCheckCore.build/Objects-normal/arm64/GACAppCheckToken+APIResponse.d --serialize-diagnostics /Users/fukushimatakumi/Library/Developer/Xcode/DerivedData/SugarBeat-hgoxfxbbugxkfsbmqcjlbmjeaqyg/Build/Intermediates.noindex/AppCheck.build/Debug-iphonesimulator/AppCheckCore.build/Objects-normal/arm64/GACAppCheckToken+APIResponse.dia -c /Users/fukushimatakumi/Library/Developer/Xcode/DerivedData/SugarBeat-hgoxfxbbugxkfsbmqcjlbmjeaqyg/SourcePackages/checkouts/app-check/AppCheckCore/Sources/Core/APIService/GACAppCheckToken+APIResponse.m -o /Users/fukushimatakumi/Library/Developer/Xcode/DerivedData/SugarBeat-hgoxfxbbugxkfsbmqcjlbmjeaqyg/Build/Intermediates.noindex/AppCheck.build/Debug-iphonesimulator/AppCheckCore.build/Objects-normal/arm64/GACAppCheckToken+APIResponse.o -index-unit-output-path /AppCheck.build/Debug-iphonesimulator/AppCheckCore.build/Objects-normal/arm64/GACAppCheckToken+APIResponse.o

ScanDependencies /Users/fukushimatakumi/Library/Developer/Xcode/DerivedData/SugarBeat-hgoxfxbbugxkfsbmqcjlbmjeaqyg/Build/Intermediates.noindex/AppCheck.build/Debug-iphonesimulator/AppCheckCore.build/Objects-normal/arm64/GACAppCheckTimer.o /Users/fukushimatakumi/Library/Developer/Xcode/DerivedData/SugarBeat-hgoxfxbbugxkfsbmqcjlbmjeaqyg/SourcePackages/checkouts/app-check/AppCheckCore/Sources/Core/TokenRefresh/GACAppCheckTimer.m normal arm64 objective-c com.apple.compilers.llvm.clang.1_0.compiler (in target 'AppCheckCore' from project 'AppCheck')
    cd /Users/fukushimatakumi/develop/sugarbeat/sugarbeat-front
    
    Using response file: /Users/fukushimatakumi/Library/Developer/Xcode/DerivedData/SugarBeat-hgoxfxbbugxkfsbmqcjlbmjeaqyg/Build/Intermediates.noindex/AppCheck.build/Debug-iphonesimulator/AppCheckCore.build/Objects-normal/arm64/e6072d4f65d7061329687fe24e3d63a7-common-args.resp
    
    builtin-ScanDependencies -o /Users/fukushimatakumi/Library/Developer/Xcode/DerivedData/SugarBeat-hgoxfxbbugxkfsbmqcjlbmjeaqyg/Build/Intermediates.noindex/AppCheck.build/Debug-iphonesimulator/AppCheckCore.build/Objects-normal/arm64/GACAppCheckTimer.o.scan -- /Applications/Xcode.app/Contents/Developer/Toolchains/XcodeDefault.xctoolchain/usr/bin/clang -x objective-c -ivfsstatcache /Users/fukushimatakumi/Library/Developer/Xcode/DerivedData/SDKStatCaches.noindex/iphonesimulator18.4-22E235-71825a6d136aa4733edcbe86ece5525b.sdkstatcache -fmessage-length\=0 -fdiagnostics-show-note-include-stack -fmacro-backtrace-limit\=0 -fno-color-diagnostics -fmodules-prune-interval\=86400 -fmodules-prune-after\=345600 -fbuild-session-file\=/Users/fukushimatakumi/Library/Developer/Xcode/DerivedData/ModuleCache.noindex/Session.modulevalidation -fmodules-validate-once-per-build-session -Wnon-modular-include-in-framework-module -Werror\=non-modular-include-in-framework-module -Wno-trigraphs -Wno-missing-field-initializers -Wno-missing-prototypes -Wno-return-type -Wno-implicit-atomic-properties -Wno-objc-interface-ivars -Wno-arc-repeated-use-of-weak -Wno-missing-braces -Wparentheses -Wswitch -Wno-unused-function -Wno-unused-label -Wno-unused-parameter -Wno-unused-variable -Wunused-value -Wno-empty-body -Wno-uninitialized -Wno-unknown-pragmas -w -Wno-shadow -Wno-four-char-constants -Wno-conversion -Wno-constant-conversion -Wno-int-conversion -Wno-bool-conversion -Wno-enum-conversion -Wno-float-conversion -Wno-non-literal-null-conversion -Wno-objc-literal-conversion -Wshorten-64-to-32 -Wpointer-sign -Wno-newline-eof -Wno-selector -Wno-strict-selector-match -Wno-undeclared-selector -Wno-deprecated-implementations -Wno-implicit-fallthrough -fstrict-aliasing -Wprotocol -Wdeprecated-declarations -Wno-sign-conversion -Wno-infinite-recursion -Wno-comma -Wno-block-capture-autoreleasing -Wno-strict-prototypes -Wno-semicolon-before-method-body -index-store-path /Users/fukushimatakumi/Library/Developer/Xcode/DerivedData/SugarBeat-hgoxfxbbugxkfsbmqcjlbmjeaqyg/Index.noindex/DataStore @/Users/fukushimatakumi/Library/Developer/Xcode/DerivedData/SugarBeat-hgoxfxbbugxkfsbmqcjlbmjeaqyg/Build/Intermediates.noindex/AppCheck.build/Debug-iphonesimulator/AppCheckCore.build/Objects-normal/arm64/e6072d4f65d7061329687fe24e3d63a7-common-args.resp -MMD -MT dependencies -MF /Users/fukushimatakumi/Library/Developer/Xcode/DerivedData/SugarBeat-hgoxfxbbugxkfsbmqcjlbmjeaqyg/Build/Intermediates.noindex/AppCheck.build/Debug-iphonesimulator/AppCheckCore.build/Objects-normal/arm64/GACAppCheckTimer.d --serialize-diagnostics /Users/fukushimatakumi/Library/Developer/Xcode/DerivedData/SugarBeat-hgoxfxbbugxkfsbmqcjlbmjeaqyg/Build/Intermediates.noindex/AppCheck.build/Debug-iphonesimulator/AppCheckCore.build/Objects-normal/arm64/GACAppCheckTimer.dia -c /Users/fukushimatakumi/Library/Developer/Xcode/DerivedData/SugarBeat-hgoxfxbbugxkfsbmqcjlbmjeaqyg/SourcePackages/checkouts/app-check/AppCheckCore/Sources/Core/TokenRefresh/GACAppCheckTimer.m -o /Users/fukushimatakumi/Library/Developer/Xcode/DerivedData/SugarBeat-hgoxfxbbugxkfsbmqcjlbmjeaqyg/Build/Intermediates.noindex/AppCheck.build/Debug-iphonesimulator/AppCheckCore.build/Objects-normal/arm64/GACAppCheckTimer.o -index-unit-output-path /AppCheck.build/Debug-iphonesimulator/AppCheckCore.build/Objects-normal/arm64/GACAppCheckTimer.o

ScanDependencies /Users/fukushimatakumi/Library/Developer/Xcode/DerivedData/SugarBeat-hgoxfxbbugxkfsbmqcjlbmjeaqyg/Build/Intermediates.noindex/AppCheck.build/Debug-iphonesimulator/AppCheckCore.build/Objects-normal/arm64/GACAppCheckStoredToken.o /Users/fukushimatakumi/Library/Developer/Xcode/DerivedData/SugarBeat-hgoxfxbbugxkfsbmqcjlbmjeaqyg/SourcePackages/checkouts/app-check/AppCheckCore/Sources/Core/Storage/GACAppCheckStoredToken.m normal arm64 objective-c com.apple.compilers.llvm.clang.1_0.compiler (in target 'AppCheckCore' from project 'AppCheck')
    cd /Users/fukushimatakumi/develop/sugarbeat/sugarbeat-front
    
    Using response file: /Users/fukushimatakumi/Library/Developer/Xcode/DerivedData/SugarBeat-hgoxfxbbugxkfsbmqcjlbmjeaqyg/Build/Intermediates.noindex/AppCheck.build/Debug-iphonesimulator/AppCheckCore.build/Objects-normal/arm64/e6072d4f65d7061329687fe24e3d63a7-common-args.resp
    
    builtin-ScanDependencies -o /Users/fukushimatakumi/Library/Developer/Xcode/DerivedData/SugarBeat-hgoxfxbbugxkfsbmqcjlbmjeaqyg/Build/Intermediates.noindex/AppCheck.build/Debug-iphonesimulator/AppCheckCore.build/Objects-normal/arm64/GACAppCheckStoredToken.o.scan -- /Applications/Xcode.app/Contents/Developer/Toolchains/XcodeDefault.xctoolchain/usr/bin/clang -x objective-c -ivfsstatcache /Users/fukushimatakumi/Library/Developer/Xcode/DerivedData/SDKStatCaches.noindex/iphonesimulator18.4-22E235-71825a6d136aa4733edcbe86ece5525b.sdkstatcache -fmessage-length\=0 -fdiagnostics-show-note-include-stack -fmacro-backtrace-limit\=0 -fno-color-diagnostics -fmodules-prune-interval\=86400 -fmodules-prune-after\=345600 -fbuild-session-file\=/Users/fukushimatakumi/Library/Developer/Xcode/DerivedData/ModuleCache.noindex/Session.modulevalidation -fmodules-validate-once-per-build-session -Wnon-modular-include-in-framework-module -Werror\=non-modular-include-in-framework-module -Wno-trigraphs -Wno-missing-field-initializers -Wno-missing-prototypes -Wno-return-type -Wno-implicit-atomic-properties -Wno-objc-interface-ivars -Wno-arc-repeated-use-of-weak -Wno-missing-braces -Wparentheses -Wswitch -Wno-unused-function -Wno-unused-label -Wno-unused-parameter -Wno-unused-variable -Wunused-value -Wno-empty-body -Wno-uninitialized -Wno-unknown-pragmas -w -Wno-shadow -Wno-four-char-constants -Wno-conversion -Wno-constant-conversion -Wno-int-conversion -Wno-bool-conversion -Wno-enum-conversion -Wno-float-conversion -Wno-non-literal-null-conversion -Wno-objc-literal-conversion -Wshorten-64-to-32 -Wpointer-sign -Wno-newline-eof -Wno-selector -Wno-strict-selector-match -Wno-undeclared-selector -Wno-deprecated-implementations -Wno-implicit-fallthrough -fstrict-aliasing -Wprotocol -Wdeprecated-declarations -Wno-sign-conversion -Wno-infinite-recursion -Wno-comma -Wno-block-capture-autoreleasing -Wno-strict-prototypes -Wno-semicolon-before-method-body -index-store-path /Users/fukushimatakumi/Library/Developer/Xcode/DerivedData/SugarBeat-hgoxfxbbugxkfsbmqcjlbmjeaqyg/Index.noindex/DataStore @/Users/fukushimatakumi/Library/Developer/Xcode/DerivedData/SugarBeat-hgoxfxbbugxkfsbmqcjlbmjeaqyg/Build/Intermediates.noindex/AppCheck.build/Debug-iphonesimulator/AppCheckCore.build/Objects-normal/arm64/e6072d4f65d7061329687fe24e3d63a7-common-args.resp -MMD -MT dependencies -MF /Users/fukushimatakumi/Library/Developer/Xcode/DerivedData/SugarBeat-hgoxfxbbugxkfsbmqcjlbmjeaqyg/Build/Intermediates.noindex/AppCheck.build/Debug-iphonesimulator/AppCheckCore.build/Objects-normal/arm64/GACAppCheckStoredToken.d --serialize-diagnostics /Users/fukushimatakumi/Library/Developer/Xcode/DerivedData/SugarBeat-hgoxfxbbugxkfsbmqcjlbmjeaqyg/Build/Intermediates.noindex/AppCheck.build/Debug-iphonesimulator/AppCheckCore.build/Objects-normal/arm64/GACAppCheckStoredToken.dia -c /Users/fukushimatakumi/Library/Developer/Xcode/DerivedData/SugarBeat-hgoxfxbbugxkfsbmqcjlbmjeaqyg/SourcePackages/checkouts/app-check/AppCheckCore/Sources/Core/Storage/GACAppCheckStoredToken.m -o /Users/fukushimatakumi/Library/Developer/Xcode/DerivedData/SugarBeat-hgoxfxbbugxkfsbmqcjlbmjeaqyg/Build/Intermediates.noindex/AppCheck.build/Debug-iphonesimulator/AppCheckCore.build/Objects-normal/arm64/GACAppCheckStoredToken.o -index-unit-output-path /AppCheck.build/Debug-iphonesimulator/AppCheckCore.build/Objects-normal/arm64/GACAppCheckStoredToken.o

ScanDependencies /Users/fukushimatakumi/Library/Developer/Xcode/DerivedData/SugarBeat-hgoxfxbbugxkfsbmqcjlbmjeaqyg/Build/Intermediates.noindex/AppCheck.build/Debug-iphonesimulator/AppCheckCore.build/Objects-normal/arm64/GACAppCheckStoredToken+GACAppCheckToken.o /Users/fukushimatakumi/Library/Developer/Xcode/DerivedData/SugarBeat-hgoxfxbbugxkfsbmqcjlbmjeaqyg/SourcePackages/checkouts/app-check/AppCheckCore/Sources/Core/Storage/GACAppCheckStoredToken+GACAppCheckToken.m normal arm64 objective-c com.apple.compilers.llvm.clang.1_0.compiler (in target 'AppCheckCore' from project 'AppCheck')
    cd /Users/fukushimatakumi/develop/sugarbeat/sugarbeat-front
    
    Using response file: /Users/fukushimatakumi/Library/Developer/Xcode/DerivedData/SugarBeat-hgoxfxbbugxkfsbmqcjlbmjeaqyg/Build/Intermediates.noindex/AppCheck.build/Debug-iphonesimulator/AppCheckCore.build/Objects-normal/arm64/e6072d4f65d7061329687fe24e3d63a7-common-args.resp
    
    builtin-ScanDependencies -o /Users/fukushimatakumi/Library/Developer/Xcode/DerivedData/SugarBeat-hgoxfxbbugxkfsbmqcjlbmjeaqyg/Build/Intermediates.noindex/AppCheck.build/Debug-iphonesimulator/AppCheckCore.build/Objects-normal/arm64/GACAppCheckStoredToken+GACAppCheckToken.o.scan -- /Applications/Xcode.app/Contents/Developer/Toolchains/XcodeDefault.xctoolchain/usr/bin/clang -x objective-c -ivfsstatcache /Users/fukushimatakumi/Library/Developer/Xcode/DerivedData/SDKStatCaches.noindex/iphonesimulator18.4-22E235-71825a6d136aa4733edcbe86ece5525b.sdkstatcache -fmessage-length\=0 -fdiagnostics-show-note-include-stack -fmacro-backtrace-limit\=0 -fno-color-diagnostics -fmodules-prune-interval\=86400 -fmodules-prune-after\=345600 -fbuild-session-file\=/Users/fukushimatakumi/Library/Developer/Xcode/DerivedData/ModuleCache.noindex/Session.modulevalidation -fmodules-validate-once-per-build-session -Wnon-modular-include-in-framework-module -Werror\=non-modular-include-in-framework-module -Wno-trigraphs -Wno-missing-field-initializers -Wno-missing-prototypes -Wno-return-type -Wno-implicit-atomic-properties -Wno-objc-interface-ivars -Wno-arc-repeated-use-of-weak -Wno-missing-braces -Wparentheses -Wswitch -Wno-unused-function -Wno-unused-label -Wno-unused-parameter -Wno-unused-variable -Wunused-value -Wno-empty-body -Wno-uninitialized -Wno-unknown-pragmas -w -Wno-shadow -Wno-four-char-constants -Wno-conversion -Wno-constant-conversion -Wno-int-conversion -Wno-bool-conversion -Wno-enum-conversion -Wno-float-conversion -Wno-non-literal-null-conversion -Wno-objc-literal-conversion -Wshorten-64-to-32 -Wpointer-sign -Wno-newline-eof -Wno-selector -Wno-strict-selector-match -Wno-undeclared-selector -Wno-deprecated-implementations -Wno-implicit-fallthrough -fstrict-aliasing -Wprotocol -Wdeprecated-declarations -Wno-sign-conversion -Wno-infinite-recursion -Wno-comma -Wno-block-capture-autoreleasing -Wno-strict-prototypes -Wno-semicolon-before-method-body -index-store-path /Users/fukushimatakumi/Library/Developer/Xcode/DerivedData/SugarBeat-hgoxfxbbugxkfsbmqcjlbmjeaqyg/Index.noindex/DataStore @/Users/fukushimatakumi/Library/Developer/Xcode/DerivedData/SugarBeat-hgoxfxbbugxkfsbmqcjlbmjeaqyg/Build/Intermediates.noindex/AppCheck.build/Debug-iphonesimulator/AppCheckCore.build/Objects-normal/arm64/e6072d4f65d7061329687fe24e3d63a7-common-args.resp -MMD -MT dependencies -MF /Users/fukushimatakumi/Library/Developer/Xcode/DerivedData/SugarBeat-hgoxfxbbugxkfsbmqcjlbmjeaqyg/Build/Intermediates.noindex/AppCheck.build/Debug-iphonesimulator/AppCheckCore.build/Objects-normal/arm64/GACAppCheckStoredToken+GACAppCheckToken.d --serialize-diagnostics /Users/fukushimatakumi/Library/Developer/Xcode/DerivedData/SugarBeat-hgoxfxbbugxkfsbmqcjlbmjeaqyg/Build/Intermediates.noindex/AppCheck.build/Debug-iphonesimulator/AppCheckCore.build/Objects-normal/arm64/GACAppCheckStoredToken+GACAppCheckToken.dia -c /Users/fukushimatakumi/Library/Developer/Xcode/DerivedData/SugarBeat-hgoxfxbbugxkfsbmqcjlbmjeaqyg/SourcePackages/checkouts/app-check/AppCheckCore/Sources/Core/Storage/GACAppCheckStoredToken+GACAppCheckToken.m -o /Users/fukushimatakumi/Library/Developer/Xcode/DerivedData/SugarBeat-hgoxfxbbugxkfsbmqcjlbmjeaqyg/Build/Intermediates.noindex/AppCheck.build/Debug-iphonesimulator/AppCheckCore.build/Objects-normal/arm64/GACAppCheckStoredToken+GACAppCheckToken.o -index-unit-output-path /AppCheck.build/Debug-iphonesimulator/AppCheckCore.build/Objects-normal/arm64/GACAppCheckStoredToken+GACAppCheckToken.o

ScanDependencies /Users/fukushimatakumi/Library/Developer/Xcode/DerivedData/SugarBeat-hgoxfxbbugxkfsbmqcjlbmjeaqyg/Build/Intermediates.noindex/AppCheck.build/Debug-iphonesimulator/AppCheckCore.build/Objects-normal/arm64/GACAppCheckStorage.o /Users/fukushimatakumi/Library/Developer/Xcode/DerivedData/SugarBeat-hgoxfxbbugxkfsbmqcjlbmjeaqyg/SourcePackages/checkouts/app-check/AppCheckCore/Sources/Core/Storage/GACAppCheckStorage.m normal arm64 objective-c com.apple.compilers.llvm.clang.1_0.compiler (in target 'AppCheckCore' from project 'AppCheck')
    cd /Users/fukushimatakumi/develop/sugarbeat/sugarbeat-front
    
    Using response file: /Users/fukushimatakumi/Library/Developer/Xcode/DerivedData/SugarBeat-hgoxfxbbugxkfsbmqcjlbmjeaqyg/Build/Intermediates.noindex/AppCheck.build/Debug-iphonesimulator/AppCheckCore.build/Objects-normal/arm64/e6072d4f65d7061329687fe24e3d63a7-common-args.resp
    
    builtin-ScanDependencies -o /Users/fukushimatakumi/Library/Developer/Xcode/DerivedData/SugarBeat-hgoxfxbbugxkfsbmqcjlbmjeaqyg/Build/Intermediates.noindex/AppCheck.build/Debug-iphonesimulator/AppCheckCore.build/Objects-normal/arm64/GACAppCheckStorage.o.scan -- /Applications/Xcode.app/Contents/Developer/Toolchains/XcodeDefault.xctoolchain/usr/bin/clang -x objective-c -ivfsstatcache /Users/fukushimatakumi/Library/Developer/Xcode/DerivedData/SDKStatCaches.noindex/iphonesimulator18.4-22E235-71825a6d136aa4733edcbe86ece5525b.sdkstatcache -fmessage-length\=0 -fdiagnostics-show-note-include-stack -fmacro-backtrace-limit\=0 -fno-color-diagnostics -fmodules-prune-interval\=86400 -fmodules-prune-after\=345600 -fbuild-session-file\=/Users/fukushimatakumi/Library/Developer/Xcode/DerivedData/ModuleCache.noindex/Session.modulevalidation -fmodules-validate-once-per-build-session -Wnon-modular-include-in-framework-module -Werror\=non-modular-include-in-framework-module -Wno-trigraphs -Wno-missing-field-initializers -Wno-missing-prototypes -Wno-return-type -Wno-implicit-atomic-properties -Wno-objc-interface-ivars -Wno-arc-repeated-use-of-weak -Wno-missing-braces -Wparentheses -Wswitch -Wno-unused-function -Wno-unused-label -Wno-unused-parameter -Wno-unused-variable -Wunused-value -Wno-empty-body -Wno-uninitialized -Wno-unknown-pragmas -w -Wno-shadow -Wno-four-char-constants -Wno-conversion -Wno-constant-conversion -Wno-int-conversion -Wno-bool-conversion -Wno-enum-conversion -Wno-float-conversion -Wno-non-literal-null-conversion -Wno-objc-literal-conversion -Wshorten-64-to-32 -Wpointer-sign -Wno-newline-eof -Wno-selector -Wno-strict-selector-match -Wno-undeclared-selector -Wno-deprecated-implementations -Wno-implicit-fallthrough -fstrict-aliasing -Wprotocol -Wdeprecated-declarations -Wno-sign-conversion -Wno-infinite-recursion -Wno-comma -Wno-block-capture-autoreleasing -Wno-strict-prototypes -Wno-semicolon-before-method-body -index-store-path /Users/fukushimatakumi/Library/Developer/Xcode/DerivedData/SugarBeat-hgoxfxbbugxkfsbmqcjlbmjeaqyg/Index.noindex/DataStore @/Users/fukushimatakumi/Library/Developer/Xcode/DerivedData/SugarBeat-hgoxfxbbugxkfsbmqcjlbmjeaqyg/Build/Intermediates.noindex/AppCheck.build/Debug-iphonesimulator/AppCheckCore.build/Objects-normal/arm64/e6072d4f65d7061329687fe24e3d63a7-common-args.resp -MMD -MT dependencies -MF /Users/fukushimatakumi/Library/Developer/Xcode/DerivedData/SugarBeat-hgoxfxbbugxkfsbmqcjlbmjeaqyg/Build/Intermediates.noindex/AppCheck.build/Debug-iphonesimulator/AppCheckCore.build/Objects-normal/arm64/GACAppCheckStorage.d --serialize-diagnostics /Users/fukushimatakumi/Library/Developer/Xcode/DerivedData/SugarBeat-hgoxfxbbugxkfsbmqcjlbmjeaqyg/Build/Intermediates.noindex/AppCheck.build/Debug-iphonesimulator/AppCheckCore.build/Objects-normal/arm64/GACAppCheckStorage.dia -c /Users/fukushimatakumi/Library/Developer/Xcode/DerivedData/SugarBeat-hgoxfxbbugxkfsbmqcjlbmjeaqyg/SourcePackages/checkouts/app-check/AppCheckCore/Sources/Core/Storage/GACAppCheckStorage.m -o /Users/fukushimatakumi/Library/Developer/Xcode/DerivedData/SugarBeat-hgoxfxbbugxkfsbmqcjlbmjeaqyg/Build/Intermediates.noindex/AppCheck.build/Debug-iphonesimulator/AppCheckCore.build/Objects-normal/arm64/GACAppCheckStorage.o -index-unit-output-path /AppCheck.build/Debug-iphonesimulator/AppCheckCore.build/Objects-normal/arm64/GACAppCheckStorage.o

ScanDependencies /Users/fukushimatakumi/Library/Developer/Xcode/DerivedData/SugarBeat-hgoxfxbbugxkfsbmqcjlbmjeaqyg/Build/Intermediates.noindex/AppCheck.build/Debug-iphonesimulator/AppCheckCore.build/Objects-normal/arm64/GACAppCheckSettings.o /Users/fukushimatakumi/Library/Developer/Xcode/DerivedData/SugarBeat-hgoxfxbbugxkfsbmqcjlbmjeaqyg/SourcePackages/checkouts/app-check/AppCheckCore/Sources/Core/GACAppCheckSettings.m normal arm64 objective-c com.apple.compilers.llvm.clang.1_0.compiler (in target 'AppCheckCore' from project 'AppCheck')
    cd /Users/fukushimatakumi/develop/sugarbeat/sugarbeat-front
    
    Using response file: /Users/fukushimatakumi/Library/Developer/Xcode/DerivedData/SugarBeat-hgoxfxbbugxkfsbmqcjlbmjeaqyg/Build/Intermediates.noindex/AppCheck.build/Debug-iphonesimulator/AppCheckCore.build/Objects-normal/arm64/e6072d4f65d7061329687fe24e3d63a7-common-args.resp
    
    builtin-ScanDependencies -o /Users/fukushimatakumi/Library/Developer/Xcode/DerivedData/SugarBeat-hgoxfxbbugxkfsbmqcjlbmjeaqyg/Build/Intermediates.noindex/AppCheck.build/Debug-iphonesimulator/AppCheckCore.build/Objects-normal/arm64/GACAppCheckSettings.o.scan -- /Applications/Xcode.app/Contents/Developer/Toolchains/XcodeDefault.xctoolchain/usr/bin/clang -x objective-c -ivfsstatcache /Users/fukushimatakumi/Library/Developer/Xcode/DerivedData/SDKStatCaches.noindex/iphonesimulator18.4-22E235-71825a6d136aa4733edcbe86ece5525b.sdkstatcache -fmessage-length\=0 -fdiagnostics-show-note-include-stack -fmacro-backtrace-limit\=0 -fno-color-diagnostics -fmodules-prune-interval\=86400 -fmodules-prune-after\=345600 -fbuild-session-file\=/Users/fukushimatakumi/Library/Developer/Xcode/DerivedData/ModuleCache.noindex/Session.modulevalidation -fmodules-validate-once-per-build-session -Wnon-modular-include-in-framework-module -Werror\=non-modular-include-in-framework-module -Wno-trigraphs -Wno-missing-field-initializers -Wno-missing-prototypes -Wno-return-type -Wno-implicit-atomic-properties -Wno-objc-interface-ivars -Wno-arc-repeated-use-of-weak -Wno-missing-braces -Wparentheses -Wswitch -Wno-unused-function -Wno-unused-label -Wno-unused-parameter -Wno-unused-variable -Wunused-value -Wno-empty-body -Wno-uninitialized -Wno-unknown-pragmas -w -Wno-shadow -Wno-four-char-constants -Wno-conversion -Wno-constant-conversion -Wno-int-conversion -Wno-bool-conversion -Wno-enum-conversion -Wno-float-conversion -Wno-non-literal-null-conversion -Wno-objc-literal-conversion -Wshorten-64-to-32 -Wpointer-sign -Wno-newline-eof -Wno-selector -Wno-strict-selector-match -Wno-undeclared-selector -Wno-deprecated-implementations -Wno-implicit-fallthrough -fstrict-aliasing -Wprotocol -Wdeprecated-declarations -Wno-sign-conversion -Wno-infinite-recursion -Wno-comma -Wno-block-capture-autoreleasing -Wno-strict-prototypes -Wno-semicolon-before-method-body -index-store-path /Users/fukushimatakumi/Library/Developer/Xcode/DerivedData/SugarBeat-hgoxfxbbugxkfsbmqcjlbmjeaqyg/Index.noindex/DataStore @/Users/fukushimatakumi/Library/Developer/Xcode/DerivedData/SugarBeat-hgoxfxbbugxkfsbmqcjlbmjeaqyg/Build/Intermediates.noindex/AppCheck.build/Debug-iphonesimulator/AppCheckCore.build/Objects-normal/arm64/e6072d4f65d7061329687fe24e3d63a7-common-args.resp -MMD -MT dependencies -MF /Users/fukushimatakumi/Library/Developer/Xcode/DerivedData/SugarBeat-hgoxfxbbugxkfsbmqcjlbmjeaqyg/Build/Intermediates.noindex/AppCheck.build/Debug-iphonesimulator/AppCheckCore.build/Objects-normal/arm64/GACAppCheckSettings.d --serialize-diagnostics /Users/fukushimatakumi/Library/Developer/Xcode/DerivedData/SugarBeat-hgoxfxbbugxkfsbmqcjlbmjeaqyg/Build/Intermediates.noindex/AppCheck.build/Debug-iphonesimulator/AppCheckCore.build/Objects-normal/arm64/GACAppCheckSettings.dia -c /Users/fukushimatakumi/Library/Developer/Xcode/DerivedData/SugarBeat-hgoxfxbbugxkfsbmqcjlbmjeaqyg/SourcePackages/checkouts/app-check/AppCheckCore/Sources/Core/GACAppCheckSettings.m -o /Users/fukushimatakumi/Library/Developer/Xcode/DerivedData/SugarBeat-hgoxfxbbugxkfsbmqcjlbmjeaqyg/Build/Intermediates.noindex/AppCheck.build/Debug-iphonesimulator/AppCheckCore.build/Objects-normal/arm64/GACAppCheckSettings.o -index-unit-output-path /AppCheck.build/Debug-iphonesimulator/AppCheckCore.build/Objects-normal/arm64/GACAppCheckSettings.o

ScanDependencies /Users/fukushimatakumi/Library/Developer/Xcode/DerivedData/SugarBeat-hgoxfxbbugxkfsbmqcjlbmjeaqyg/Build/Intermediates.noindex/AppCheck.build/Debug-iphonesimulator/AppCheckCore.build/Objects-normal/arm64/GACAppCheckLogger.o /Users/fukushimatakumi/Library/Developer/Xcode/DerivedData/SugarBeat-hgoxfxbbugxkfsbmqcjlbmjeaqyg/SourcePackages/checkouts/app-check/AppCheckCore/Sources/Core/GACAppCheckLogger.m normal arm64 objective-c com.apple.compilers.llvm.clang.1_0.compiler (in target 'AppCheckCore' from project 'AppCheck')
    cd /Users/fukushimatakumi/develop/sugarbeat/sugarbeat-front
    
    Using response file: /Users/fukushimatakumi/Library/Developer/Xcode/DerivedData/SugarBeat-hgoxfxbbugxkfsbmqcjlbmjeaqyg/Build/Intermediates.noindex/AppCheck.build/Debug-iphonesimulator/AppCheckCore.build/Objects-normal/arm64/e6072d4f65d7061329687fe24e3d63a7-common-args.resp
    
    builtin-ScanDependencies -o /Users/fukushimatakumi/Library/Developer/Xcode/DerivedData/SugarBeat-hgoxfxbbugxkfsbmqcjlbmjeaqyg/Build/Intermediates.noindex/AppCheck.build/Debug-iphonesimulator/AppCheckCore.build/Objects-normal/arm64/GACAppCheckLogger.o.scan -- /Applications/Xcode.app/Contents/Developer/Toolchains/XcodeDefault.xctoolchain/usr/bin/clang -x objective-c -ivfsstatcache /Users/fukushimatakumi/Library/Developer/Xcode/DerivedData/SDKStatCaches.noindex/iphonesimulator18.4-22E235-71825a6d136aa4733edcbe86ece5525b.sdkstatcache -fmessage-length\=0 -fdiagnostics-show-note-include-stack -fmacro-backtrace-limit\=0 -fno-color-diagnostics -fmodules-prune-interval\=86400 -fmodules-prune-after\=345600 -fbuild-session-file\=/Users/fukushimatakumi/Library/Developer/Xcode/DerivedData/ModuleCache.noindex/Session.modulevalidation -fmodules-validate-once-per-build-session -Wnon-modular-include-in-framework-module -Werror\=non-modular-include-in-framework-module -Wno-trigraphs -Wno-missing-field-initializers -Wno-missing-prototypes -Wno-return-type -Wno-implicit-atomic-properties -Wno-objc-interface-ivars -Wno-arc-repeated-use-of-weak -Wno-missing-braces -Wparentheses -Wswitch -Wno-unused-function -Wno-unused-label -Wno-unused-parameter -Wno-unused-variable -Wunused-value -Wno-empty-body -Wno-uninitialized -Wno-unknown-pragmas -w -Wno-shadow -Wno-four-char-constants -Wno-conversion -Wno-constant-conversion -Wno-int-conversion -Wno-bool-conversion -Wno-enum-conversion -Wno-float-conversion -Wno-non-literal-null-conversion -Wno-objc-literal-conversion -Wshorten-64-to-32 -Wpointer-sign -Wno-newline-eof -Wno-selector -Wno-strict-selector-match -Wno-undeclared-selector -Wno-deprecated-implementations -Wno-implicit-fallthrough -fstrict-aliasing -Wprotocol -Wdeprecated-declarations -Wno-sign-conversion -Wno-infinite-recursion -Wno-comma -Wno-block-capture-autoreleasing -Wno-strict-prototypes -Wno-semicolon-before-method-body -index-store-path /Users/fukushimatakumi/Library/Developer/Xcode/DerivedData/SugarBeat-hgoxfxbbugxkfsbmqcjlbmjeaqyg/Index.noindex/DataStore @/Users/fukushimatakumi/Library/Developer/Xcode/DerivedData/SugarBeat-hgoxfxbbugxkfsbmqcjlbmjeaqyg/Build/Intermediates.noindex/AppCheck.build/Debug-iphonesimulator/AppCheckCore.build/Objects-normal/arm64/e6072d4f65d7061329687fe24e3d63a7-common-args.resp -MMD -MT dependencies -MF /Users/fukushimatakumi/Library/Developer/Xcode/DerivedData/SugarBeat-hgoxfxbbugxkfsbmqcjlbmjeaqyg/Build/Intermediates.noindex/AppCheck.build/Debug-iphonesimulator/AppCheckCore.build/Objects-normal/arm64/GACAppCheckLogger.d --serialize-diagnostics /Users/fukushimatakumi/Library/Developer/Xcode/DerivedData/SugarBeat-hgoxfxbbugxkfsbmqcjlbmjeaqyg/Build/Intermediates.noindex/AppCheck.build/Debug-iphonesimulator/AppCheckCore.build/Objects-normal/arm64/GACAppCheckLogger.dia -c /Users/fukushimatakumi/Library/Developer/Xcode/DerivedData/SugarBeat-hgoxfxbbugxkfsbmqcjlbmjeaqyg/SourcePackages/checkouts/app-check/AppCheckCore/Sources/Core/GACAppCheckLogger.m -o /Users/fukushimatakumi/Library/Developer/Xcode/DerivedData/SugarBeat-hgoxfxbbugxkfsbmqcjlbmjeaqyg/Build/Intermediates.noindex/AppCheck.build/Debug-iphonesimulator/AppCheckCore.build/Objects-normal/arm64/GACAppCheckLogger.o -index-unit-output-path /AppCheck.build/Debug-iphonesimulator/AppCheckCore.build/Objects-normal/arm64/GACAppCheckLogger.o

ScanDependencies /Users/fukushimatakumi/Library/Developer/Xcode/DerivedData/SugarBeat-hgoxfxbbugxkfsbmqcjlbmjeaqyg/Build/Intermediates.noindex/AppCheck.build/Debug-iphonesimulator/AppCheckCore.build/Objects-normal/arm64/GACAppCheckHTTPError.o /Users/fukushimatakumi/Library/Developer/Xcode/DerivedData/SugarBeat-hgoxfxbbugxkfsbmqcjlbmjeaqyg/SourcePackages/checkouts/app-check/AppCheckCore/Sources/Core/Errors/GACAppCheckHTTPError.m normal arm64 objective-c com.apple.compilers.llvm.clang.1_0.compiler (in target 'AppCheckCore' from project 'AppCheck')
    cd /Users/fukushimatakumi/develop/sugarbeat/sugarbeat-front
    
    Using response file: /Users/fukushimatakumi/Library/Developer/Xcode/DerivedData/SugarBeat-hgoxfxbbugxkfsbmqcjlbmjeaqyg/Build/Intermediates.noindex/AppCheck.build/Debug-iphonesimulator/AppCheckCore.build/Objects-normal/arm64/e6072d4f65d7061329687fe24e3d63a7-common-args.resp
    
    builtin-ScanDependencies -o /Users/fukushimatakumi/Library/Developer/Xcode/DerivedData/SugarBeat-hgoxfxbbugxkfsbmqcjlbmjeaqyg/Build/Intermediates.noindex/AppCheck.build/Debug-iphonesimulator/AppCheckCore.build/Objects-normal/arm64/GACAppCheckHTTPError.o.scan -- /Applications/Xcode.app/Contents/Developer/Toolchains/XcodeDefault.xctoolchain/usr/bin/clang -x objective-c -ivfsstatcache /Users/fukushimatakumi/Library/Developer/Xcode/DerivedData/SDKStatCaches.noindex/iphonesimulator18.4-22E235-71825a6d136aa4733edcbe86ece5525b.sdkstatcache -fmessage-length\=0 -fdiagnostics-show-note-include-stack -fmacro-backtrace-limit\=0 -fno-color-diagnostics -fmodules-prune-interval\=86400 -fmodules-prune-after\=345600 -fbuild-session-file\=/Users/fukushimatakumi/Library/Developer/Xcode/DerivedData/ModuleCache.noindex/Session.modulevalidation -fmodules-validate-once-per-build-session -Wnon-modular-include-in-framework-module -Werror\=non-modular-include-in-framework-module -Wno-trigraphs -Wno-missing-field-initializers -Wno-missing-prototypes -Wno-return-type -Wno-implicit-atomic-properties -Wno-objc-interface-ivars -Wno-arc-repeated-use-of-weak -Wno-missing-braces -Wparentheses -Wswitch -Wno-unused-function -Wno-unused-label -Wno-unused-parameter -Wno-unused-variable -Wunused-value -Wno-empty-body -Wno-uninitialized -Wno-unknown-pragmas -w -Wno-shadow -Wno-four-char-constants -Wno-conversion -Wno-constant-conversion -Wno-int-conversion -Wno-bool-conversion -Wno-enum-conversion -Wno-float-conversion -Wno-non-literal-null-conversion -Wno-objc-literal-conversion -Wshorten-64-to-32 -Wpointer-sign -Wno-newline-eof -Wno-selector -Wno-strict-selector-match -Wno-undeclared-selector -Wno-deprecated-implementations -Wno-implicit-fallthrough -fstrict-aliasing -Wprotocol -Wdeprecated-declarations -Wno-sign-conversion -Wno-infinite-recursion -Wno-comma -Wno-block-capture-autoreleasing -Wno-strict-prototypes -Wno-semicolon-before-method-body -index-store-path /Users/fukushimatakumi/Library/Developer/Xcode/DerivedData/SugarBeat-hgoxfxbbugxkfsbmqcjlbmjeaqyg/Index.noindex/DataStore @/Users/fukushimatakumi/Library/Developer/Xcode/DerivedData/SugarBeat-hgoxfxbbugxkfsbmqcjlbmjeaqyg/Build/Intermediates.noindex/AppCheck.build/Debug-iphonesimulator/AppCheckCore.build/Objects-normal/arm64/e6072d4f65d7061329687fe24e3d63a7-common-args.resp -MMD -MT dependencies -MF /Users/fukushimatakumi/Library/Developer/Xcode/DerivedData/SugarBeat-hgoxfxbbugxkfsbmqcjlbmjeaqyg/Build/Intermediates.noindex/AppCheck.build/Debug-iphonesimulator/AppCheckCore.build/Objects-normal/arm64/GACAppCheckHTTPError.d --serialize-diagnostics /Users/fukushimatakumi/Library/Developer/Xcode/DerivedData/SugarBeat-hgoxfxbbugxkfsbmqcjlbmjeaqyg/Build/Intermediates.noindex/AppCheck.build/Debug-iphonesimulator/AppCheckCore.build/Objects-normal/arm64/GACAppCheckHTTPError.dia -c /Users/fukushimatakumi/Library/Developer/Xcode/DerivedData/SugarBeat-hgoxfxbbugxkfsbmqcjlbmjeaqyg/SourcePackages/checkouts/app-check/AppCheckCore/Sources/Core/Errors/GACAppCheckHTTPError.m -o /Users/fukushimatakumi/Library/Developer/Xcode/DerivedData/SugarBeat-hgoxfxbbugxkfsbmqcjlbmjeaqyg/Build/Intermediates.noindex/AppCheck.build/Debug-iphonesimulator/AppCheckCore.build/Objects-normal/arm64/GACAppCheckHTTPError.o -index-unit-output-path /AppCheck.build/Debug-iphonesimulator/AppCheckCore.build/Objects-normal/arm64/GACAppCheckHTTPError.o

ScanDependencies /Users/fukushimatakumi/Library/Developer/Xcode/DerivedData/SugarBeat-hgoxfxbbugxkfsbmqcjlbmjeaqyg/Build/Intermediates.noindex/AppCheck.build/Debug-iphonesimulator/AppCheckCore.build/Objects-normal/arm64/GACAppCheckErrors.o /Users/fukushimatakumi/Library/Developer/Xcode/DerivedData/SugarBeat-hgoxfxbbugxkfsbmqcjlbmjeaqyg/SourcePackages/checkouts/app-check/AppCheckCore/Sources/Core/Errors/GACAppCheckErrors.m normal arm64 objective-c com.apple.compilers.llvm.clang.1_0.compiler (in target 'AppCheckCore' from project 'AppCheck')
    cd /Users/fukushimatakumi/develop/sugarbeat/sugarbeat-front
    
    Using response file: /Users/fukushimatakumi/Library/Developer/Xcode/DerivedData/SugarBeat-hgoxfxbbugxkfsbmqcjlbmjeaqyg/Build/Intermediates.noindex/AppCheck.build/Debug-iphonesimulator/AppCheckCore.build/Objects-normal/arm64/e6072d4f65d7061329687fe24e3d63a7-common-args.resp
    
    builtin-ScanDependencies -o /Users/fukushimatakumi/Library/Developer/Xcode/DerivedData/SugarBeat-hgoxfxbbugxkfsbmqcjlbmjeaqyg/Build/Intermediates.noindex/AppCheck.build/Debug-iphonesimulator/AppCheckCore.build/Objects-normal/arm64/GACAppCheckErrors.o.scan -- /Applications/Xcode.app/Contents/Developer/Toolchains/XcodeDefault.xctoolchain/usr/bin/clang -x objective-c -ivfsstatcache /Users/fukushimatakumi/Library/Developer/Xcode/DerivedData/SDKStatCaches.noindex/iphonesimulator18.4-22E235-71825a6d136aa4733edcbe86ece5525b.sdkstatcache -fmessage-length\=0 -fdiagnostics-show-note-include-stack -fmacro-backtrace-limit\=0 -fno-color-diagnostics -fmodules-prune-interval\=86400 -fmodules-prune-after\=345600 -fbuild-session-file\=/Users/fukushimatakumi/Library/Developer/Xcode/DerivedData/ModuleCache.noindex/Session.modulevalidation -fmodules-validate-once-per-build-session -Wnon-modular-include-in-framework-module -Werror\=non-modular-include-in-framework-module -Wno-trigraphs -Wno-missing-field-initializers -Wno-missing-prototypes -Wno-return-type -Wno-implicit-atomic-properties -Wno-objc-interface-ivars -Wno-arc-repeated-use-of-weak -Wno-missing-braces -Wparentheses -Wswitch -Wno-unused-function -Wno-unused-label -Wno-unused-parameter -Wno-unused-variable -Wunused-value -Wno-empty-body -Wno-uninitialized -Wno-unknown-pragmas -w -Wno-shadow -Wno-four-char-constants -Wno-conversion -Wno-constant-conversion -Wno-int-conversion -Wno-bool-conversion -Wno-enum-conversion -Wno-float-conversion -Wno-non-literal-null-conversion -Wno-objc-literal-conversion -Wshorten-64-to-32 -Wpointer-sign -Wno-newline-eof -Wno-selector -Wno-strict-selector-match -Wno-undeclared-selector -Wno-deprecated-implementations -Wno-implicit-fallthrough -fstrict-aliasing -Wprotocol -Wdeprecated-declarations -Wno-sign-conversion -Wno-infinite-recursion -Wno-comma -Wno-block-capture-autoreleasing -Wno-strict-prototypes -Wno-semicolon-before-method-body -index-store-path /Users/fukushimatakumi/Library/Developer/Xcode/DerivedData/SugarBeat-hgoxfxbbugxkfsbmqcjlbmjeaqyg/Index.noindex/DataStore @/Users/fukushimatakumi/Library/Developer/Xcode/DerivedData/SugarBeat-hgoxfxbbugxkfsbmqcjlbmjeaqyg/Build/Intermediates.noindex/AppCheck.build/Debug-iphonesimulator/AppCheckCore.build/Objects-normal/arm64/e6072d4f65d7061329687fe24e3d63a7-common-args.resp -MMD -MT dependencies -MF /Users/fukushimatakumi/Library/Developer/Xcode/DerivedData/SugarBeat-hgoxfxbbugxkfsbmqcjlbmjeaqyg/Build/Intermediates.noindex/AppCheck.build/Debug-iphonesimulator/AppCheckCore.build/Objects-normal/arm64/GACAppCheckErrors.d --serialize-diagnostics /Users/fukushimatakumi/Library/Developer/Xcode/DerivedData/SugarBeat-hgoxfxbbugxkfsbmqcjlbmjeaqyg/Build/Intermediates.noindex/AppCheck.build/Debug-iphonesimulator/AppCheckCore.build/Objects-normal/arm64/GACAppCheckErrors.dia -c /Users/fukushimatakumi/Library/Developer/Xcode/DerivedData/SugarBeat-hgoxfxbbugxkfsbmqcjlbmjeaqyg/SourcePackages/checkouts/app-check/AppCheckCore/Sources/Core/Errors/GACAppCheckErrors.m -o /Users/fukushimatakumi/Library/Developer/Xcode/DerivedData/SugarBeat-hgoxfxbbugxkfsbmqcjlbmjeaqyg/Build/Intermediates.noindex/AppCheck.build/Debug-iphonesimulator/AppCheckCore.build/Objects-normal/arm64/GACAppCheckErrors.o -index-unit-output-path /AppCheck.build/Debug-iphonesimulator/AppCheckCore.build/Objects-normal/arm64/GACAppCheckErrors.o

ScanDependencies /Users/fukushimatakumi/Library/Developer/Xcode/DerivedData/SugarBeat-hgoxfxbbugxkfsbmqcjlbmjeaqyg/Build/Intermediates.noindex/AppCheck.build/Debug-iphonesimulator/AppCheckCore.build/Objects-normal/arm64/GACAppCheckErrorUtil.o /Users/fukushimatakumi/Library/Developer/Xcode/DerivedData/SugarBeat-hgoxfxbbugxkfsbmqcjlbmjeaqyg/SourcePackages/checkouts/app-check/AppCheckCore/Sources/Core/Errors/GACAppCheckErrorUtil.m normal arm64 objective-c com.apple.compilers.llvm.clang.1_0.compiler (in target 'AppCheckCore' from project 'AppCheck')
    cd /Users/fukushimatakumi/develop/sugarbeat/sugarbeat-front
    
    Using response file: /Users/fukushimatakumi/Library/Developer/Xcode/DerivedData/SugarBeat-hgoxfxbbugxkfsbmqcjlbmjeaqyg/Build/Intermediates.noindex/AppCheck.build/Debug-iphonesimulator/AppCheckCore.build/Objects-normal/arm64/e6072d4f65d7061329687fe24e3d63a7-common-args.resp
    
    builtin-ScanDependencies -o /Users/fukushimatakumi/Library/Developer/Xcode/DerivedData/SugarBeat-hgoxfxbbugxkfsbmqcjlbmjeaqyg/Build/Intermediates.noindex/AppCheck.build/Debug-iphonesimulator/AppCheckCore.build/Objects-normal/arm64/GACAppCheckErrorUtil.o.scan -- /Applications/Xcode.app/Contents/Developer/Toolchains/XcodeDefault.xctoolchain/usr/bin/clang -x objective-c -ivfsstatcache /Users/fukushimatakumi/Library/Developer/Xcode/DerivedData/SDKStatCaches.noindex/iphonesimulator18.4-22E235-71825a6d136aa4733edcbe86ece5525b.sdkstatcache -fmessage-length\=0 -fdiagnostics-show-note-include-stack -fmacro-backtrace-limit\=0 -fno-color-diagnostics -fmodules-prune-interval\=86400 -fmodules-prune-after\=345600 -fbuild-session-file\=/Users/fukushimatakumi/Library/Developer/Xcode/DerivedData/ModuleCache.noindex/Session.modulevalidation -fmodules-validate-once-per-build-session -Wnon-modular-include-in-framework-module -Werror\=non-modular-include-in-framework-module -Wno-trigraphs -Wno-missing-field-initializers -Wno-missing-prototypes -Wno-return-type -Wno-implicit-atomic-properties -Wno-objc-interface-ivars -Wno-arc-repeated-use-of-weak -Wno-missing-braces -Wparentheses -Wswitch -Wno-unused-function -Wno-unused-label -Wno-unused-parameter -Wno-unused-variable -Wunused-value -Wno-empty-body -Wno-uninitialized -Wno-unknown-pragmas -w -Wno-shadow -Wno-four-char-constants -Wno-conversion -Wno-constant-conversion -Wno-int-conversion -Wno-bool-conversion -Wno-enum-conversion -Wno-float-conversion -Wno-non-literal-null-conversion -Wno-objc-literal-conversion -Wshorten-64-to-32 -Wpointer-sign -Wno-newline-eof -Wno-selector -Wno-strict-selector-match -Wno-undeclared-selector -Wno-deprecated-implementations -Wno-implicit-fallthrough -fstrict-aliasing -Wprotocol -Wdeprecated-declarations -Wno-sign-conversion -Wno-infinite-recursion -Wno-comma -Wno-block-capture-autoreleasing -Wno-strict-prototypes -Wno-semicolon-before-method-body -index-store-path /Users/fukushimatakumi/Library/Developer/Xcode/DerivedData/SugarBeat-hgoxfxbbugxkfsbmqcjlbmjeaqyg/Index.noindex/DataStore @/Users/fukushimatakumi/Library/Developer/Xcode/DerivedData/SugarBeat-hgoxfxbbugxkfsbmqcjlbmjeaqyg/Build/Intermediates.noindex/AppCheck.build/Debug-iphonesimulator/AppCheckCore.build/Objects-normal/arm64/e6072d4f65d7061329687fe24e3d63a7-common-args.resp -MMD -MT dependencies -MF /Users/fukushimatakumi/Library/Developer/Xcode/DerivedData/SugarBeat-hgoxfxbbugxkfsbmqcjlbmjeaqyg/Build/Intermediates.noindex/AppCheck.build/Debug-iphonesimulator/AppCheckCore.build/Objects-normal/arm64/GACAppCheckErrorUtil.d --serialize-diagnostics /Users/fukushimatakumi/Library/Developer/Xcode/DerivedData/SugarBeat-hgoxfxbbugxkfsbmqcjlbmjeaqyg/Build/Intermediates.noindex/AppCheck.build/Debug-iphonesimulator/AppCheckCore.build/Objects-normal/arm64/GACAppCheckErrorUtil.dia -c /Users/fukushimatakumi/Library/Developer/Xcode/DerivedData/SugarBeat-hgoxfxbbugxkfsbmqcjlbmjeaqyg/SourcePackages/checkouts/app-check/AppCheckCore/Sources/Core/Errors/GACAppCheckErrorUtil.m -o /Users/fukushimatakumi/Library/Developer/Xcode/DerivedData/SugarBeat-hgoxfxbbugxkfsbmqcjlbmjeaqyg/Build/Intermediates.noindex/AppCheck.build/Debug-iphonesimulator/AppCheckCore.build/Objects-normal/arm64/GACAppCheckErrorUtil.o -index-unit-output-path /AppCheck.build/Debug-iphonesimulator/AppCheckCore.build/Objects-normal/arm64/GACAppCheckErrorUtil.o

ScanDependencies /Users/fukushimatakumi/Library/Developer/Xcode/DerivedData/SugarBeat-hgoxfxbbugxkfsbmqcjlbmjeaqyg/Build/Intermediates.noindex/AppCheck.build/Debug-iphonesimulator/AppCheckCore.build/Objects-normal/arm64/GACAppCheckDebugProviderAPIService.o /Users/fukushimatakumi/Library/Developer/Xcode/DerivedData/SugarBeat-hgoxfxbbugxkfsbmqcjlbmjeaqyg/SourcePackages/checkouts/app-check/AppCheckCore/Sources/DebugProvider/API/GACAppCheckDebugProviderAPIService.m normal arm64 objective-c com.apple.compilers.llvm.clang.1_0.compiler (in target 'AppCheckCore' from project 'AppCheck')
    cd /Users/fukushimatakumi/develop/sugarbeat/sugarbeat-front
    
    Using response file: /Users/fukushimatakumi/Library/Developer/Xcode/DerivedData/SugarBeat-hgoxfxbbugxkfsbmqcjlbmjeaqyg/Build/Intermediates.noindex/AppCheck.build/Debug-iphonesimulator/AppCheckCore.build/Objects-normal/arm64/e6072d4f65d7061329687fe24e3d63a7-common-args.resp
    
    builtin-ScanDependencies -o /Users/fukushimatakumi/Library/Developer/Xcode/DerivedData/SugarBeat-hgoxfxbbugxkfsbmqcjlbmjeaqyg/Build/Intermediates.noindex/AppCheck.build/Debug-iphonesimulator/AppCheckCore.build/Objects-normal/arm64/GACAppCheckDebugProviderAPIService.o.scan -- /Applications/Xcode.app/Contents/Developer/Toolchains/XcodeDefault.xctoolchain/usr/bin/clang -x objective-c -ivfsstatcache /Users/fukushimatakumi/Library/Developer/Xcode/DerivedData/SDKStatCaches.noindex/iphonesimulator18.4-22E235-71825a6d136aa4733edcbe86ece5525b.sdkstatcache -fmessage-length\=0 -fdiagnostics-show-note-include-stack -fmacro-backtrace-limit\=0 -fno-color-diagnostics -fmodules-prune-interval\=86400 -fmodules-prune-after\=345600 -fbuild-session-file\=/Users/fukushimatakumi/Library/Developer/Xcode/DerivedData/ModuleCache.noindex/Session.modulevalidation -fmodules-validate-once-per-build-session -Wnon-modular-include-in-framework-module -Werror\=non-modular-include-in-framework-module -Wno-trigraphs -Wno-missing-field-initializers -Wno-missing-prototypes -Wno-return-type -Wno-implicit-atomic-properties -Wno-objc-interface-ivars -Wno-arc-repeated-use-of-weak -Wno-missing-braces -Wparentheses -Wswitch -Wno-unused-function -Wno-unused-label -Wno-unused-parameter -Wno-unused-variable -Wunused-value -Wno-empty-body -Wno-uninitialized -Wno-unknown-pragmas -w -Wno-shadow -Wno-four-char-constants -Wno-conversion -Wno-constant-conversion -Wno-int-conversion -Wno-bool-conversion -Wno-enum-conversion -Wno-float-conversion -Wno-non-literal-null-conversion -Wno-objc-literal-conversion -Wshorten-64-to-32 -Wpointer-sign -Wno-newline-eof -Wno-selector -Wno-strict-selector-match -Wno-undeclared-selector -Wno-deprecated-implementations -Wno-implicit-fallthrough -fstrict-aliasing -Wprotocol -Wdeprecated-declarations -Wno-sign-conversion -Wno-infinite-recursion -Wno-comma -Wno-block-capture-autoreleasing -Wno-strict-prototypes -Wno-semicolon-before-method-body -index-store-path /Users/fukushimatakumi/Library/Developer/Xcode/DerivedData/SugarBeat-hgoxfxbbugxkfsbmqcjlbmjeaqyg/Index.noindex/DataStore @/Users/fukushimatakumi/Library/Developer/Xcode/DerivedData/SugarBeat-hgoxfxbbugxkfsbmqcjlbmjeaqyg/Build/Intermediates.noindex/AppCheck.build/Debug-iphonesimulator/AppCheckCore.build/Objects-normal/arm64/e6072d4f65d7061329687fe24e3d63a7-common-args.resp -MMD -MT dependencies -MF /Users/fukushimatakumi/Library/Developer/Xcode/DerivedData/SugarBeat-hgoxfxbbugxkfsbmqcjlbmjeaqyg/Build/Intermediates.noindex/AppCheck.build/Debug-iphonesimulator/AppCheckCore.build/Objects-normal/arm64/GACAppCheckDebugProviderAPIService.d --serialize-diagnostics /Users/fukushimatakumi/Library/Developer/Xcode/DerivedData/SugarBeat-hgoxfxbbugxkfsbmqcjlbmjeaqyg/Build/Intermediates.noindex/AppCheck.build/Debug-iphonesimulator/AppCheckCore.build/Objects-normal/arm64/GACAppCheckDebugProviderAPIService.dia -c /Users/fukushimatakumi/Library/Developer/Xcode/DerivedData/SugarBeat-hgoxfxbbugxkfsbmqcjlbmjeaqyg/SourcePackages/checkouts/app-check/AppCheckCore/Sources/DebugProvider/API/GACAppCheckDebugProviderAPIService.m -o /Users/fukushimatakumi/Library/Developer/Xcode/DerivedData/SugarBeat-hgoxfxbbugxkfsbmqcjlbmjeaqyg/Build/Intermediates.noindex/AppCheck.build/Debug-iphonesimulator/AppCheckCore.build/Objects-normal/arm64/GACAppCheckDebugProviderAPIService.o -index-unit-output-path /AppCheck.build/Debug-iphonesimulator/AppCheckCore.build/Objects-normal/arm64/GACAppCheckDebugProviderAPIService.o

ScanDependencies /Users/fukushimatakumi/Library/Developer/Xcode/DerivedData/SugarBeat-hgoxfxbbugxkfsbmqcjlbmjeaqyg/Build/Intermediates.noindex/AppCheck.build/Debug-iphonesimulator/AppCheckCore.build/Objects-normal/arm64/GACAppCheckDebugProvider.o /Users/fukushimatakumi/Library/Developer/Xcode/DerivedData/SugarBeat-hgoxfxbbugxkfsbmqcjlbmjeaqyg/SourcePackages/checkouts/app-check/AppCheckCore/Sources/DebugProvider/GACAppCheckDebugProvider.m normal arm64 objective-c com.apple.compilers.llvm.clang.1_0.compiler (in target 'AppCheckCore' from project 'AppCheck')
    cd /Users/fukushimatakumi/develop/sugarbeat/sugarbeat-front
    
    Using response file: /Users/fukushimatakumi/Library/Developer/Xcode/DerivedData/SugarBeat-hgoxfxbbugxkfsbmqcjlbmjeaqyg/Build/Intermediates.noindex/AppCheck.build/Debug-iphonesimulator/AppCheckCore.build/Objects-normal/arm64/e6072d4f65d7061329687fe24e3d63a7-common-args.resp
    
    builtin-ScanDependencies -o /Users/fukushimatakumi/Library/Developer/Xcode/DerivedData/SugarBeat-hgoxfxbbugxkfsbmqcjlbmjeaqyg/Build/Intermediates.noindex/AppCheck.build/Debug-iphonesimulator/AppCheckCore.build/Objects-normal/arm64/GACAppCheckDebugProvider.o.scan -- /Applications/Xcode.app/Contents/Developer/Toolchains/XcodeDefault.xctoolchain/usr/bin/clang -x objective-c -ivfsstatcache /Users/fukushimatakumi/Library/Developer/Xcode/DerivedData/SDKStatCaches.noindex/iphonesimulator18.4-22E235-71825a6d136aa4733edcbe86ece5525b.sdkstatcache -fmessage-length\=0 -fdiagnostics-show-note-include-stack -fmacro-backtrace-limit\=0 -fno-color-diagnostics -fmodules-prune-interval\=86400 -fmodules-prune-after\=345600 -fbuild-session-file\=/Users/fukushimatakumi/Library/Developer/Xcode/DerivedData/ModuleCache.noindex/Session.modulevalidation -fmodules-validate-once-per-build-session -Wnon-modular-include-in-framework-module -Werror\=non-modular-include-in-framework-module -Wno-trigraphs -Wno-missing-field-initializers -Wno-missing-prototypes -Wno-return-type -Wno-implicit-atomic-properties -Wno-objc-interface-ivars -Wno-arc-repeated-use-of-weak -Wno-missing-braces -Wparentheses -Wswitch -Wno-unused-function -Wno-unused-label -Wno-unused-parameter -Wno-unused-variable -Wunused-value -Wno-empty-body -Wno-uninitialized -Wno-unknown-pragmas -w -Wno-shadow -Wno-four-char-constants -Wno-conversion -Wno-constant-conversion -Wno-int-conversion -Wno-bool-conversion -Wno-enum-conversion -Wno-float-conversion -Wno-non-literal-null-conversion -Wno-objc-literal-conversion -Wshorten-64-to-32 -Wpointer-sign -Wno-newline-eof -Wno-selector -Wno-strict-selector-match -Wno-undeclared-selector -Wno-deprecated-implementations -Wno-implicit-fallthrough -fstrict-aliasing -Wprotocol -Wdeprecated-declarations -Wno-sign-conversion -Wno-infinite-recursion -Wno-comma -Wno-block-capture-autoreleasing -Wno-strict-prototypes -Wno-semicolon-before-method-body -index-store-path /Users/fukushimatakumi/Library/Developer/Xcode/DerivedData/SugarBeat-hgoxfxbbugxkfsbmqcjlbmjeaqyg/Index.noindex/DataStore @/Users/fukushimatakumi/Library/Developer/Xcode/DerivedData/SugarBeat-hgoxfxbbugxkfsbmqcjlbmjeaqyg/Build/Intermediates.noindex/AppCheck.build/Debug-iphonesimulator/AppCheckCore.build/Objects-normal/arm64/e6072d4f65d7061329687fe24e3d63a7-common-args.resp -MMD -MT dependencies -MF /Users/fukushimatakumi/Library/Developer/Xcode/DerivedData/SugarBeat-hgoxfxbbugxkfsbmqcjlbmjeaqyg/Build/Intermediates.noindex/AppCheck.build/Debug-iphonesimulator/AppCheckCore.build/Objects-normal/arm64/GACAppCheckDebugProvider.d --serialize-diagnostics /Users/fukushimatakumi/Library/Developer/Xcode/DerivedData/SugarBeat-hgoxfxbbugxkfsbmqcjlbmjeaqyg/Build/Intermediates.noindex/AppCheck.build/Debug-iphonesimulator/AppCheckCore.build/Objects-normal/arm64/GACAppCheckDebugProvider.dia -c /Users/fukushimatakumi/Library/Developer/Xcode/DerivedData/SugarBeat-hgoxfxbbugxkfsbmqcjlbmjeaqyg/SourcePackages/checkouts/app-check/AppCheckCore/Sources/DebugProvider/GACAppCheckDebugProvider.m -o /Users/fukushimatakumi/Library/Developer/Xcode/DerivedData/SugarBeat-hgoxfxbbugxkfsbmqcjlbmjeaqyg/Build/Intermediates.noindex/AppCheck.build/Debug-iphonesimulator/AppCheckCore.build/Objects-normal/arm64/GACAppCheckDebugProvider.o -index-unit-output-path /AppCheck.build/Debug-iphonesimulator/AppCheckCore.build/Objects-normal/arm64/GACAppCheckDebugProvider.o

ScanDependencies /Users/fukushimatakumi/Library/Developer/Xcode/DerivedData/SugarBeat-hgoxfxbbugxkfsbmqcjlbmjeaqyg/Build/Intermediates.noindex/AppCheck.build/Debug-iphonesimulator/AppCheckCore.build/Objects-normal/arm64/GACAppCheckCryptoUtils.o /Users/fukushimatakumi/Library/Developer/Xcode/DerivedData/SugarBeat-hgoxfxbbugxkfsbmqcjlbmjeaqyg/SourcePackages/checkouts/app-check/AppCheckCore/Sources/Core/Utils/GACAppCheckCryptoUtils.m normal arm64 objective-c com.apple.compilers.llvm.clang.1_0.compiler (in target 'AppCheckCore' from project 'AppCheck')
    cd /Users/fukushimatakumi/develop/sugarbeat/sugarbeat-front
    
    Using response file: /Users/fukushimatakumi/Library/Developer/Xcode/DerivedData/SugarBeat-hgoxfxbbugxkfsbmqcjlbmjeaqyg/Build/Intermediates.noindex/AppCheck.build/Debug-iphonesimulator/AppCheckCore.build/Objects-normal/arm64/e6072d4f65d7061329687fe24e3d63a7-common-args.resp
    
    builtin-ScanDependencies -o /Users/fukushimatakumi/Library/Developer/Xcode/DerivedData/SugarBeat-hgoxfxbbugxkfsbmqcjlbmjeaqyg/Build/Intermediates.noindex/AppCheck.build/Debug-iphonesimulator/AppCheckCore.build/Objects-normal/arm64/GACAppCheckCryptoUtils.o.scan -- /Applications/Xcode.app/Contents/Developer/Toolchains/XcodeDefault.xctoolchain/usr/bin/clang -x objective-c -ivfsstatcache /Users/fukushimatakumi/Library/Developer/Xcode/DerivedData/SDKStatCaches.noindex/iphonesimulator18.4-22E235-71825a6d136aa4733edcbe86ece5525b.sdkstatcache -fmessage-length\=0 -fdiagnostics-show-note-include-stack -fmacro-backtrace-limit\=0 -fno-color-diagnostics -fmodules-prune-interval\=86400 -fmodules-prune-after\=345600 -fbuild-session-file\=/Users/fukushimatakumi/Library/Developer/Xcode/DerivedData/ModuleCache.noindex/Session.modulevalidation -fmodules-validate-once-per-build-session -Wnon-modular-include-in-framework-module -Werror\=non-modular-include-in-framework-module -Wno-trigraphs -Wno-missing-field-initializers -Wno-missing-prototypes -Wno-return-type -Wno-implicit-atomic-properties -Wno-objc-interface-ivars -Wno-arc-repeated-use-of-weak -Wno-missing-braces -Wparentheses -Wswitch -Wno-unused-function -Wno-unused-label -Wno-unused-parameter -Wno-unused-variable -Wunused-value -Wno-empty-body -Wno-uninitialized -Wno-unknown-pragmas -w -Wno-shadow -Wno-four-char-constants -Wno-conversion -Wno-constant-conversion -Wno-int-conversion -Wno-bool-conversion -Wno-enum-conversion -Wno-float-conversion -Wno-non-literal-null-conversion -Wno-objc-literal-conversion -Wshorten-64-to-32 -Wpointer-sign -Wno-newline-eof -Wno-selector -Wno-strict-selector-match -Wno-undeclared-selector -Wno-deprecated-implementations -Wno-implicit-fallthrough -fstrict-aliasing -Wprotocol -Wdeprecated-declarations -Wno-sign-conversion -Wno-infinite-recursion -Wno-comma -Wno-block-capture-autoreleasing -Wno-strict-prototypes -Wno-semicolon-before-method-body -index-store-path /Users/fukushimatakumi/Library/Developer/Xcode/DerivedData/SugarBeat-hgoxfxbbugxkfsbmqcjlbmjeaqyg/Index.noindex/DataStore @/Users/fukushimatakumi/Library/Developer/Xcode/DerivedData/SugarBeat-hgoxfxbbugxkfsbmqcjlbmjeaqyg/Build/Intermediates.noindex/AppCheck.build/Debug-iphonesimulator/AppCheckCore.build/Objects-normal/arm64/e6072d4f65d7061329687fe24e3d63a7-common-args.resp -MMD -MT dependencies -MF /Users/fukushimatakumi/Library/Developer/Xcode/DerivedData/SugarBeat-hgoxfxbbugxkfsbmqcjlbmjeaqyg/Build/Intermediates.noindex/AppCheck.build/Debug-iphonesimulator/AppCheckCore.build/Objects-normal/arm64/GACAppCheckCryptoUtils.d --serialize-diagnostics /Users/fukushimatakumi/Library/Developer/Xcode/DerivedData/SugarBeat-hgoxfxbbugxkfsbmqcjlbmjeaqyg/Build/Intermediates.noindex/AppCheck.build/Debug-iphonesimulator/AppCheckCore.build/Objects-normal/arm64/GACAppCheckCryptoUtils.dia -c /Users/fukushimatakumi/Library/Developer/Xcode/DerivedData/SugarBeat-hgoxfxbbugxkfsbmqcjlbmjeaqyg/SourcePackages/checkouts/app-check/AppCheckCore/Sources/Core/Utils/GACAppCheckCryptoUtils.m -o /Users/fukushimatakumi/Library/Developer/Xcode/DerivedData/SugarBeat-hgoxfxbbugxkfsbmqcjlbmjeaqyg/Build/Intermediates.noindex/AppCheck.build/Debug-iphonesimulator/AppCheckCore.build/Objects-normal/arm64/GACAppCheckCryptoUtils.o -index-unit-output-path /AppCheck.build/Debug-iphonesimulator/AppCheckCore.build/Objects-normal/arm64/GACAppCheckCryptoUtils.o

ScanDependencies /Users/fukushimatakumi/Library/Developer/Xcode/DerivedData/SugarBeat-hgoxfxbbugxkfsbmqcjlbmjeaqyg/Build/Intermediates.noindex/AppCheck.build/Debug-iphonesimulator/AppCheckCore.build/Objects-normal/arm64/GACAppCheckBackoffWrapper.o /Users/fukushimatakumi/Library/Developer/Xcode/DerivedData/SugarBeat-hgoxfxbbugxkfsbmqcjlbmjeaqyg/SourcePackages/checkouts/app-check/AppCheckCore/Sources/Core/Backoff/GACAppCheckBackoffWrapper.m normal arm64 objective-c com.apple.compilers.llvm.clang.1_0.compiler (in target 'AppCheckCore' from project 'AppCheck')
    cd /Users/fukushimatakumi/develop/sugarbeat/sugarbeat-front
    
    Using response file: /Users/fukushimatakumi/Library/Developer/Xcode/DerivedData/SugarBeat-hgoxfxbbugxkfsbmqcjlbmjeaqyg/Build/Intermediates.noindex/AppCheck.build/Debug-iphonesimulator/AppCheckCore.build/Objects-normal/arm64/e6072d4f65d7061329687fe24e3d63a7-common-args.resp
    
    builtin-ScanDependencies -o /Users/fukushimatakumi/Library/Developer/Xcode/DerivedData/SugarBeat-hgoxfxbbugxkfsbmqcjlbmjeaqyg/Build/Intermediates.noindex/AppCheck.build/Debug-iphonesimulator/AppCheckCore.build/Objects-normal/arm64/GACAppCheckBackoffWrapper.o.scan -- /Applications/Xcode.app/Contents/Developer/Toolchains/XcodeDefault.xctoolchain/usr/bin/clang -x objective-c -ivfsstatcache /Users/fukushimatakumi/Library/Developer/Xcode/DerivedData/SDKStatCaches.noindex/iphonesimulator18.4-22E235-71825a6d136aa4733edcbe86ece5525b.sdkstatcache -fmessage-length\=0 -fdiagnostics-show-note-include-stack -fmacro-backtrace-limit\=0 -fno-color-diagnostics -fmodules-prune-interval\=86400 -fmodules-prune-after\=345600 -fbuild-session-file\=/Users/fukushimatakumi/Library/Developer/Xcode/DerivedData/ModuleCache.noindex/Session.modulevalidation -fmodules-validate-once-per-build-session -Wnon-modular-include-in-framework-module -Werror\=non-modular-include-in-framework-module -Wno-trigraphs -Wno-missing-field-initializers -Wno-missing-prototypes -Wno-return-type -Wno-implicit-atomic-properties -Wno-objc-interface-ivars -Wno-arc-repeated-use-of-weak -Wno-missing-braces -Wparentheses -Wswitch -Wno-unused-function -Wno-unused-label -Wno-unused-parameter -Wno-unused-variable -Wunused-value -Wno-empty-body -Wno-uninitialized -Wno-unknown-pragmas -w -Wno-shadow -Wno-four-char-constants -Wno-conversion -Wno-constant-conversion -Wno-int-conversion -Wno-bool-conversion -Wno-enum-conversion -Wno-float-conversion -Wno-non-literal-null-conversion -Wno-objc-literal-conversion -Wshorten-64-to-32 -Wpointer-sign -Wno-newline-eof -Wno-selector -Wno-strict-selector-match -Wno-undeclared-selector -Wno-deprecated-implementations -Wno-implicit-fallthrough -fstrict-aliasing -Wprotocol -Wdeprecated-declarations -Wno-sign-conversion -Wno-infinite-recursion -Wno-comma -Wno-block-capture-autoreleasing -Wno-strict-prototypes -Wno-semicolon-before-method-body -index-store-path /Users/fukushimatakumi/Library/Developer/Xcode/DerivedData/SugarBeat-hgoxfxbbugxkfsbmqcjlbmjeaqyg/Index.noindex/DataStore @/Users/fukushimatakumi/Library/Developer/Xcode/DerivedData/SugarBeat-hgoxfxbbugxkfsbmqcjlbmjeaqyg/Build/Intermediates.noindex/AppCheck.build/Debug-iphonesimulator/AppCheckCore.build/Objects-normal/arm64/e6072d4f65d7061329687fe24e3d63a7-common-args.resp -MMD -MT dependencies -MF /Users/fukushimatakumi/Library/Developer/Xcode/DerivedData/SugarBeat-hgoxfxbbugxkfsbmqcjlbmjeaqyg/Build/Intermediates.noindex/AppCheck.build/Debug-iphonesimulator/AppCheckCore.build/Objects-normal/arm64/GACAppCheckBackoffWrapper.d --serialize-diagnostics /Users/fukushimatakumi/Library/Developer/Xcode/DerivedData/SugarBeat-hgoxfxbbugxkfsbmqcjlbmjeaqyg/Build/Intermediates.noindex/AppCheck.build/Debug-iphonesimulator/AppCheckCore.build/Objects-normal/arm64/GACAppCheckBackoffWrapper.dia -c /Users/fukushimatakumi/Library/Developer/Xcode/DerivedData/SugarBeat-hgoxfxbbugxkfsbmqcjlbmjeaqyg/SourcePackages/checkouts/app-check/AppCheckCore/Sources/Core/Backoff/GACAppCheckBackoffWrapper.m -o /Users/fukushimatakumi/Library/Developer/Xcode/DerivedData/SugarBeat-hgoxfxbbugxkfsbmqcjlbmjeaqyg/Build/Intermediates.noindex/AppCheck.build/Debug-iphonesimulator/AppCheckCore.build/Objects-normal/arm64/GACAppCheckBackoffWrapper.o -index-unit-output-path /AppCheck.build/Debug-iphonesimulator/AppCheckCore.build/Objects-normal/arm64/GACAppCheckBackoffWrapper.o

ScanDependencies /Users/fukushimatakumi/Library/Developer/Xcode/DerivedData/SugarBeat-hgoxfxbbugxkfsbmqcjlbmjeaqyg/Build/Intermediates.noindex/AppCheck.build/Debug-iphonesimulator/AppCheckCore.build/Objects-normal/arm64/GACAppCheckAPIService.o /Users/fukushimatakumi/Library/Developer/Xcode/DerivedData/SugarBeat-hgoxfxbbugxkfsbmqcjlbmjeaqyg/SourcePackages/checkouts/app-check/AppCheckCore/Sources/Core/APIService/GACAppCheckAPIService.m normal arm64 objective-c com.apple.compilers.llvm.clang.1_0.compiler (in target 'AppCheckCore' from project 'AppCheck')
    cd /Users/fukushimatakumi/develop/sugarbeat/sugarbeat-front
    
    Using response file: /Users/fukushimatakumi/Library/Developer/Xcode/DerivedData/SugarBeat-hgoxfxbbugxkfsbmqcjlbmjeaqyg/Build/Intermediates.noindex/AppCheck.build/Debug-iphonesimulator/AppCheckCore.build/Objects-normal/arm64/e6072d4f65d7061329687fe24e3d63a7-common-args.resp
    
    builtin-ScanDependencies -o /Users/fukushimatakumi/Library/Developer/Xcode/DerivedData/SugarBeat-hgoxfxbbugxkfsbmqcjlbmjeaqyg/Build/Intermediates.noindex/AppCheck.build/Debug-iphonesimulator/AppCheckCore.build/Objects-normal/arm64/GACAppCheckAPIService.o.scan -- /Applications/Xcode.app/Contents/Developer/Toolchains/XcodeDefault.xctoolchain/usr/bin/clang -x objective-c -ivfsstatcache /Users/fukushimatakumi/Library/Developer/Xcode/DerivedData/SDKStatCaches.noindex/iphonesimulator18.4-22E235-71825a6d136aa4733edcbe86ece5525b.sdkstatcache -fmessage-length\=0 -fdiagnostics-show-note-include-stack -fmacro-backtrace-limit\=0 -fno-color-diagnostics -fmodules-prune-interval\=86400 -fmodules-prune-after\=345600 -fbuild-session-file\=/Users/fukushimatakumi/Library/Developer/Xcode/DerivedData/ModuleCache.noindex/Session.modulevalidation -fmodules-validate-once-per-build-session -Wnon-modular-include-in-framework-module -Werror\=non-modular-include-in-framework-module -Wno-trigraphs -Wno-missing-field-initializers -Wno-missing-prototypes -Wno-return-type -Wno-implicit-atomic-properties -Wno-objc-interface-ivars -Wno-arc-repeated-use-of-weak -Wno-missing-braces -Wparentheses -Wswitch -Wno-unused-function -Wno-unused-label -Wno-unused-parameter -Wno-unused-variable -Wunused-value -Wno-empty-body -Wno-uninitialized -Wno-unknown-pragmas -w -Wno-shadow -Wno-four-char-constants -Wno-conversion -Wno-constant-conversion -Wno-int-conversion -Wno-bool-conversion -Wno-enum-conversion -Wno-float-conversion -Wno-non-literal-null-conversion -Wno-objc-literal-conversion -Wshorten-64-to-32 -Wpointer-sign -Wno-newline-eof -Wno-selector -Wno-strict-selector-match -Wno-undeclared-selector -Wno-deprecated-implementations -Wno-implicit-fallthrough -fstrict-aliasing -Wprotocol -Wdeprecated-declarations -Wno-sign-conversion -Wno-infinite-recursion -Wno-comma -Wno-block-capture-autoreleasing -Wno-strict-prototypes -Wno-semicolon-before-method-body -index-store-path /Users/fukushimatakumi/Library/Developer/Xcode/DerivedData/SugarBeat-hgoxfxbbugxkfsbmqcjlbmjeaqyg/Index.noindex/DataStore @/Users/fukushimatakumi/Library/Developer/Xcode/DerivedData/SugarBeat-hgoxfxbbugxkfsbmqcjlbmjeaqyg/Build/Intermediates.noindex/AppCheck.build/Debug-iphonesimulator/AppCheckCore.build/Objects-normal/arm64/e6072d4f65d7061329687fe24e3d63a7-common-args.resp -MMD -MT dependencies -MF /Users/fukushimatakumi/Library/Developer/Xcode/DerivedData/SugarBeat-hgoxfxbbugxkfsbmqcjlbmjeaqyg/Build/Intermediates.noindex/AppCheck.build/Debug-iphonesimulator/AppCheckCore.build/Objects-normal/arm64/GACAppCheckAPIService.d --serialize-diagnostics /Users/fukushimatakumi/Library/Developer/Xcode/DerivedData/SugarBeat-hgoxfxbbugxkfsbmqcjlbmjeaqyg/Build/Intermediates.noindex/AppCheck.build/Debug-iphonesimulator/AppCheckCore.build/Objects-normal/arm64/GACAppCheckAPIService.dia -c /Users/fukushimatakumi/Library/Developer/Xcode/DerivedData/SugarBeat-hgoxfxbbugxkfsbmqcjlbmjeaqyg/SourcePackages/checkouts/app-check/AppCheckCore/Sources/Core/APIService/GACAppCheckAPIService.m -o /Users/fukushimatakumi/Library/Developer/Xcode/DerivedData/SugarBeat-hgoxfxbbugxkfsbmqcjlbmjeaqyg/Build/Intermediates.noindex/AppCheck.build/Debug-iphonesimulator/AppCheckCore.build/Objects-normal/arm64/GACAppCheckAPIService.o -index-unit-output-path /AppCheck.build/Debug-iphonesimulator/AppCheckCore.build/Objects-normal/arm64/GACAppCheckAPIService.o

ScanDependencies /Users/fukushimatakumi/Library/Developer/Xcode/DerivedData/SugarBeat-hgoxfxbbugxkfsbmqcjlbmjeaqyg/Build/Intermediates.noindex/AppCheck.build/Debug-iphonesimulator/AppCheckCore.build/Objects-normal/arm64/GACAppCheck.o /Users/fukushimatakumi/Library/Developer/Xcode/DerivedData/SugarBeat-hgoxfxbbugxkfsbmqcjlbmjeaqyg/SourcePackages/checkouts/app-check/AppCheckCore/Sources/Core/GACAppCheck.m normal arm64 objective-c com.apple.compilers.llvm.clang.1_0.compiler (in target 'AppCheckCore' from project 'AppCheck')
    cd /Users/fukushimatakumi/develop/sugarbeat/sugarbeat-front
    
    Using response file: /Users/fukushimatakumi/Library/Developer/Xcode/DerivedData/SugarBeat-hgoxfxbbugxkfsbmqcjlbmjeaqyg/Build/Intermediates.noindex/AppCheck.build/Debug-iphonesimulator/AppCheckCore.build/Objects-normal/arm64/e6072d4f65d7061329687fe24e3d63a7-common-args.resp
    
    builtin-ScanDependencies -o /Users/fukushimatakumi/Library/Developer/Xcode/DerivedData/SugarBeat-hgoxfxbbugxkfsbmqcjlbmjeaqyg/Build/Intermediates.noindex/AppCheck.build/Debug-iphonesimulator/AppCheckCore.build/Objects-normal/arm64/GACAppCheck.o.scan -- /Applications/Xcode.app/Contents/Developer/Toolchains/XcodeDefault.xctoolchain/usr/bin/clang -x objective-c -ivfsstatcache /Users/fukushimatakumi/Library/Developer/Xcode/DerivedData/SDKStatCaches.noindex/iphonesimulator18.4-22E235-71825a6d136aa4733edcbe86ece5525b.sdkstatcache -fmessage-length\=0 -fdiagnostics-show-note-include-stack -fmacro-backtrace-limit\=0 -fno-color-diagnostics -fmodules-prune-interval\=86400 -fmodules-prune-after\=345600 -fbuild-session-file\=/Users/fukushimatakumi/Library/Developer/Xcode/DerivedData/ModuleCache.noindex/Session.modulevalidation -fmodules-validate-once-per-build-session -Wnon-modular-include-in-framework-module -Werror\=non-modular-include-in-framework-module -Wno-trigraphs -Wno-missing-field-initializers -Wno-missing-prototypes -Wno-return-type -Wno-implicit-atomic-properties -Wno-objc-interface-ivars -Wno-arc-repeated-use-of-weak -Wno-missing-braces -Wparentheses -Wswitch -Wno-unused-function -Wno-unused-label -Wno-unused-parameter -Wno-unused-variable -Wunused-value -Wno-empty-body -Wno-uninitialized -Wno-unknown-pragmas -w -Wno-shadow -Wno-four-char-constants -Wno-conversion -Wno-constant-conversion -Wno-int-conversion -Wno-bool-conversion -Wno-enum-conversion -Wno-float-conversion -Wno-non-literal-null-conversion -Wno-objc-literal-conversion -Wshorten-64-to-32 -Wpointer-sign -Wno-newline-eof -Wno-selector -Wno-strict-selector-match -Wno-undeclared-selector -Wno-deprecated-implementations -Wno-implicit-fallthrough -fstrict-aliasing -Wprotocol -Wdeprecated-declarations -Wno-sign-conversion -Wno-infinite-recursion -Wno-comma -Wno-block-capture-autoreleasing -Wno-strict-prototypes -Wno-semicolon-before-method-body -index-store-path /Users/fukushimatakumi/Library/Developer/Xcode/DerivedData/SugarBeat-hgoxfxbbugxkfsbmqcjlbmjeaqyg/Index.noindex/DataStore @/Users/fukushimatakumi/Library/Developer/Xcode/DerivedData/SugarBeat-hgoxfxbbugxkfsbmqcjlbmjeaqyg/Build/Intermediates.noindex/AppCheck.build/Debug-iphonesimulator/AppCheckCore.build/Objects-normal/arm64/e6072d4f65d7061329687fe24e3d63a7-common-args.resp -MMD -MT dependencies -MF /Users/fukushimatakumi/Library/Developer/Xcode/DerivedData/SugarBeat-hgoxfxbbugxkfsbmqcjlbmjeaqyg/Build/Intermediates.noindex/AppCheck.build/Debug-iphonesimulator/AppCheckCore.build/Objects-normal/arm64/GACAppCheck.d --serialize-diagnostics /Users/fukushimatakumi/Library/Developer/Xcode/DerivedData/SugarBeat-hgoxfxbbugxkfsbmqcjlbmjeaqyg/Build/Intermediates.noindex/AppCheck.build/Debug-iphonesimulator/AppCheckCore.build/Objects-normal/arm64/GACAppCheck.dia -c /Users/fukushimatakumi/Library/Developer/Xcode/DerivedData/SugarBeat-hgoxfxbbugxkfsbmqcjlbmjeaqyg/SourcePackages/checkouts/app-check/AppCheckCore/Sources/Core/GACAppCheck.m -o /Users/fukushimatakumi/Library/Developer/Xcode/DerivedData/SugarBeat-hgoxfxbbugxkfsbmqcjlbmjeaqyg/Build/Intermediates.noindex/AppCheck.build/Debug-iphonesimulator/AppCheckCore.build/Objects-normal/arm64/GACAppCheck.o -index-unit-output-path /AppCheck.build/Debug-iphonesimulator/AppCheckCore.build/Objects-normal/arm64/GACAppCheck.o

ScanDependencies /Users/fukushimatakumi/Library/Developer/Xcode/DerivedData/SugarBeat-hgoxfxbbugxkfsbmqcjlbmjeaqyg/Build/Intermediates.noindex/AppCheck.build/Debug-iphonesimulator/AppCheckCore.build/Objects-normal/arm64/GACAppAttestStoredArtifact.o /Users/fukushimatakumi/Library/Developer/Xcode/DerivedData/SugarBeat-hgoxfxbbugxkfsbmqcjlbmjeaqyg/SourcePackages/checkouts/app-check/AppCheckCore/Sources/AppAttestProvider/Storage/GACAppAttestStoredArtifact.m normal arm64 objective-c com.apple.compilers.llvm.clang.1_0.compiler (in target 'AppCheckCore' from project 'AppCheck')
    cd /Users/fukushimatakumi/develop/sugarbeat/sugarbeat-front
    
    Using response file: /Users/fukushimatakumi/Library/Developer/Xcode/DerivedData/SugarBeat-hgoxfxbbugxkfsbmqcjlbmjeaqyg/Build/Intermediates.noindex/AppCheck.build/Debug-iphonesimulator/AppCheckCore.build/Objects-normal/arm64/e6072d4f65d7061329687fe24e3d63a7-common-args.resp
    
    builtin-ScanDependencies -o /Users/fukushimatakumi/Library/Developer/Xcode/DerivedData/SugarBeat-hgoxfxbbugxkfsbmqcjlbmjeaqyg/Build/Intermediates.noindex/AppCheck.build/Debug-iphonesimulator/AppCheckCore.build/Objects-normal/arm64/GACAppAttestStoredArtifact.o.scan -- /Applications/Xcode.app/Contents/Developer/Toolchains/XcodeDefault.xctoolchain/usr/bin/clang -x objective-c -ivfsstatcache /Users/fukushimatakumi/Library/Developer/Xcode/DerivedData/SDKStatCaches.noindex/iphonesimulator18.4-22E235-71825a6d136aa4733edcbe86ece5525b.sdkstatcache -fmessage-length\=0 -fdiagnostics-show-note-include-stack -fmacro-backtrace-limit\=0 -fno-color-diagnostics -fmodules-prune-interval\=86400 -fmodules-prune-after\=345600 -fbuild-session-file\=/Users/fukushimatakumi/Library/Developer/Xcode/DerivedData/ModuleCache.noindex/Session.modulevalidation -fmodules-validate-once-per-build-session -Wnon-modular-include-in-framework-module -Werror\=non-modular-include-in-framework-module -Wno-trigraphs -Wno-missing-field-initializers -Wno-missing-prototypes -Wno-return-type -Wno-implicit-atomic-properties -Wno-objc-interface-ivars -Wno-arc-repeated-use-of-weak -Wno-missing-braces -Wparentheses -Wswitch -Wno-unused-function -Wno-unused-label -Wno-unused-parameter -Wno-unused-variable -Wunused-value -Wno-empty-body -Wno-uninitialized -Wno-unknown-pragmas -w -Wno-shadow -Wno-four-char-constants -Wno-conversion -Wno-constant-conversion -Wno-int-conversion -Wno-bool-conversion -Wno-enum-conversion -Wno-float-conversion -Wno-non-literal-null-conversion -Wno-objc-literal-conversion -Wshorten-64-to-32 -Wpointer-sign -Wno-newline-eof -Wno-selector -Wno-strict-selector-match -Wno-undeclared-selector -Wno-deprecated-implementations -Wno-implicit-fallthrough -fstrict-aliasing -Wprotocol -Wdeprecated-declarations -Wno-sign-conversion -Wno-infinite-recursion -Wno-comma -Wno-block-capture-autoreleasing -Wno-strict-prototypes -Wno-semicolon-before-method-body -index-store-path /Users/fukushimatakumi/Library/Developer/Xcode/DerivedData/SugarBeat-hgoxfxbbugxkfsbmqcjlbmjeaqyg/Index.noindex/DataStore @/Users/fukushimatakumi/Library/Developer/Xcode/DerivedData/SugarBeat-hgoxfxbbugxkfsbmqcjlbmjeaqyg/Build/Intermediates.noindex/AppCheck.build/Debug-iphonesimulator/AppCheckCore.build/Objects-normal/arm64/e6072d4f65d7061329687fe24e3d63a7-common-args.resp -MMD -MT dependencies -MF /Users/fukushimatakumi/Library/Developer/Xcode/DerivedData/SugarBeat-hgoxfxbbugxkfsbmqcjlbmjeaqyg/Build/Intermediates.noindex/AppCheck.build/Debug-iphonesimulator/AppCheckCore.build/Objects-normal/arm64/GACAppAttestStoredArtifact.d --serialize-diagnostics /Users/fukushimatakumi/Library/Developer/Xcode/DerivedData/SugarBeat-hgoxfxbbugxkfsbmqcjlbmjeaqyg/Build/Intermediates.noindex/AppCheck.build/Debug-iphonesimulator/AppCheckCore.build/Objects-normal/arm64/GACAppAttestStoredArtifact.dia -c /Users/fukushimatakumi/Library/Developer/Xcode/DerivedData/SugarBeat-hgoxfxbbugxkfsbmqcjlbmjeaqyg/SourcePackages/checkouts/app-check/AppCheckCore/Sources/AppAttestProvider/Storage/GACAppAttestStoredArtifact.m -o /Users/fukushimatakumi/Library/Developer/Xcode/DerivedData/SugarBeat-hgoxfxbbugxkfsbmqcjlbmjeaqyg/Build/Intermediates.noindex/AppCheck.build/Debug-iphonesimulator/AppCheckCore.build/Objects-normal/arm64/GACAppAttestStoredArtifact.o -index-unit-output-path /AppCheck.build/Debug-iphonesimulator/AppCheckCore.build/Objects-normal/arm64/GACAppAttestStoredArtifact.o

ScanDependencies /Users/fukushimatakumi/Library/Developer/Xcode/DerivedData/SugarBeat-hgoxfxbbugxkfsbmqcjlbmjeaqyg/Build/Intermediates.noindex/AppCheck.build/Debug-iphonesimulator/AppCheckCore.build/Objects-normal/arm64/GACAppAttestRejectionError.o /Users/fukushimatakumi/Library/Developer/Xcode/DerivedData/SugarBeat-hgoxfxbbugxkfsbmqcjlbmjeaqyg/SourcePackages/checkouts/app-check/AppCheckCore/Sources/AppAttestProvider/Errors/GACAppAttestRejectionError.m normal arm64 objective-c com.apple.compilers.llvm.clang.1_0.compiler (in target 'AppCheckCore' from project 'AppCheck')
    cd /Users/fukushimatakumi/develop/sugarbeat/sugarbeat-front
    
    Using response file: /Users/fukushimatakumi/Library/Developer/Xcode/DerivedData/SugarBeat-hgoxfxbbugxkfsbmqcjlbmjeaqyg/Build/Intermediates.noindex/AppCheck.build/Debug-iphonesimulator/AppCheckCore.build/Objects-normal/arm64/e6072d4f65d7061329687fe24e3d63a7-common-args.resp
    
    builtin-ScanDependencies -o /Users/fukushimatakumi/Library/Developer/Xcode/DerivedData/SugarBeat-hgoxfxbbugxkfsbmqcjlbmjeaqyg/Build/Intermediates.noindex/AppCheck.build/Debug-iphonesimulator/AppCheckCore.build/Objects-normal/arm64/GACAppAttestRejectionError.o.scan -- /Applications/Xcode.app/Contents/Developer/Toolchains/XcodeDefault.xctoolchain/usr/bin/clang -x objective-c -ivfsstatcache /Users/fukushimatakumi/Library/Developer/Xcode/DerivedData/SDKStatCaches.noindex/iphonesimulator18.4-22E235-71825a6d136aa4733edcbe86ece5525b.sdkstatcache -fmessage-length\=0 -fdiagnostics-show-note-include-stack -fmacro-backtrace-limit\=0 -fno-color-diagnostics -fmodules-prune-interval\=86400 -fmodules-prune-after\=345600 -fbuild-session-file\=/Users/fukushimatakumi/Library/Developer/Xcode/DerivedData/ModuleCache.noindex/Session.modulevalidation -fmodules-validate-once-per-build-session -Wnon-modular-include-in-framework-module -Werror\=non-modular-include-in-framework-module -Wno-trigraphs -Wno-missing-field-initializers -Wno-missing-prototypes -Wno-return-type -Wno-implicit-atomic-properties -Wno-objc-interface-ivars -Wno-arc-repeated-use-of-weak -Wno-missing-braces -Wparentheses -Wswitch -Wno-unused-function -Wno-unused-label -Wno-unused-parameter -Wno-unused-variable -Wunused-value -Wno-empty-body -Wno-uninitialized -Wno-unknown-pragmas -w -Wno-shadow -Wno-four-char-constants -Wno-conversion -Wno-constant-conversion -Wno-int-conversion -Wno-bool-conversion -Wno-enum-conversion -Wno-float-conversion -Wno-non-literal-null-conversion -Wno-objc-literal-conversion -Wshorten-64-to-32 -Wpointer-sign -Wno-newline-eof -Wno-selector -Wno-strict-selector-match -Wno-undeclared-selector -Wno-deprecated-implementations -Wno-implicit-fallthrough -fstrict-aliasing -Wprotocol -Wdeprecated-declarations -Wno-sign-conversion -Wno-infinite-recursion -Wno-comma -Wno-block-capture-autoreleasing -Wno-strict-prototypes -Wno-semicolon-before-method-body -index-store-path /Users/fukushimatakumi/Library/Developer/Xcode/DerivedData/SugarBeat-hgoxfxbbugxkfsbmqcjlbmjeaqyg/Index.noindex/DataStore @/Users/fukushimatakumi/Library/Developer/Xcode/DerivedData/SugarBeat-hgoxfxbbugxkfsbmqcjlbmjeaqyg/Build/Intermediates.noindex/AppCheck.build/Debug-iphonesimulator/AppCheckCore.build/Objects-normal/arm64/e6072d4f65d7061329687fe24e3d63a7-common-args.resp -MMD -MT dependencies -MF /Users/fukushimatakumi/Library/Developer/Xcode/DerivedData/SugarBeat-hgoxfxbbugxkfsbmqcjlbmjeaqyg/Build/Intermediates.noindex/AppCheck.build/Debug-iphonesimulator/AppCheckCore.build/Objects-normal/arm64/GACAppAttestRejectionError.d --serialize-diagnostics /Users/fukushimatakumi/Library/Developer/Xcode/DerivedData/SugarBeat-hgoxfxbbugxkfsbmqcjlbmjeaqyg/Build/Intermediates.noindex/AppCheck.build/Debug-iphonesimulator/AppCheckCore.build/Objects-normal/arm64/GACAppAttestRejectionError.dia -c /Users/fukushimatakumi/Library/Developer/Xcode/DerivedData/SugarBeat-hgoxfxbbugxkfsbmqcjlbmjeaqyg/SourcePackages/checkouts/app-check/AppCheckCore/Sources/AppAttestProvider/Errors/GACAppAttestRejectionError.m -o /Users/fukushimatakumi/Library/Developer/Xcode/DerivedData/SugarBeat-hgoxfxbbugxkfsbmqcjlbmjeaqyg/Build/Intermediates.noindex/AppCheck.build/Debug-iphonesimulator/AppCheckCore.build/Objects-normal/arm64/GACAppAttestRejectionError.o -index-unit-output-path /AppCheck.build/Debug-iphonesimulator/AppCheckCore.build/Objects-normal/arm64/GACAppAttestRejectionError.o

ScanDependencies /Users/fukushimatakumi/Library/Developer/Xcode/DerivedData/SugarBeat-hgoxfxbbugxkfsbmqcjlbmjeaqyg/Build/Intermediates.noindex/AppCheck.build/Debug-iphonesimulator/AppCheckCore.build/Objects-normal/arm64/GACAppAttestProviderState.o /Users/fukushimatakumi/Library/Developer/Xcode/DerivedData/SugarBeat-hgoxfxbbugxkfsbmqcjlbmjeaqyg/SourcePackages/checkouts/app-check/AppCheckCore/Sources/AppAttestProvider/GACAppAttestProviderState.m normal arm64 objective-c com.apple.compilers.llvm.clang.1_0.compiler (in target 'AppCheckCore' from project 'AppCheck')
    cd /Users/fukushimatakumi/develop/sugarbeat/sugarbeat-front
    
    Using response file: /Users/fukushimatakumi/Library/Developer/Xcode/DerivedData/SugarBeat-hgoxfxbbugxkfsbmqcjlbmjeaqyg/Build/Intermediates.noindex/AppCheck.build/Debug-iphonesimulator/AppCheckCore.build/Objects-normal/arm64/e6072d4f65d7061329687fe24e3d63a7-common-args.resp
    
    builtin-ScanDependencies -o /Users/fukushimatakumi/Library/Developer/Xcode/DerivedData/SugarBeat-hgoxfxbbugxkfsbmqcjlbmjeaqyg/Build/Intermediates.noindex/AppCheck.build/Debug-iphonesimulator/AppCheckCore.build/Objects-normal/arm64/GACAppAttestProviderState.o.scan -- /Applications/Xcode.app/Contents/Developer/Toolchains/XcodeDefault.xctoolchain/usr/bin/clang -x objective-c -ivfsstatcache /Users/fukushimatakumi/Library/Developer/Xcode/DerivedData/SDKStatCaches.noindex/iphonesimulator18.4-22E235-71825a6d136aa4733edcbe86ece5525b.sdkstatcache -fmessage-length\=0 -fdiagnostics-show-note-include-stack -fmacro-backtrace-limit\=0 -fno-color-diagnostics -fmodules-prune-interval\=86400 -fmodules-prune-after\=345600 -fbuild-session-file\=/Users/fukushimatakumi/Library/Developer/Xcode/DerivedData/ModuleCache.noindex/Session.modulevalidation -fmodules-validate-once-per-build-session -Wnon-modular-include-in-framework-module -Werror\=non-modular-include-in-framework-module -Wno-trigraphs -Wno-missing-field-initializers -Wno-missing-prototypes -Wno-return-type -Wno-implicit-atomic-properties -Wno-objc-interface-ivars -Wno-arc-repeated-use-of-weak -Wno-missing-braces -Wparentheses -Wswitch -Wno-unused-function -Wno-unused-label -Wno-unused-parameter -Wno-unused-variable -Wunused-value -Wno-empty-body -Wno-uninitialized -Wno-unknown-pragmas -w -Wno-shadow -Wno-four-char-constants -Wno-conversion -Wno-constant-conversion -Wno-int-conversion -Wno-bool-conversion -Wno-enum-conversion -Wno-float-conversion -Wno-non-literal-null-conversion -Wno-objc-literal-conversion -Wshorten-64-to-32 -Wpointer-sign -Wno-newline-eof -Wno-selector -Wno-strict-selector-match -Wno-undeclared-selector -Wno-deprecated-implementations -Wno-implicit-fallthrough -fstrict-aliasing -Wprotocol -Wdeprecated-declarations -Wno-sign-conversion -Wno-infinite-recursion -Wno-comma -Wno-block-capture-autoreleasing -Wno-strict-prototypes -Wno-semicolon-before-method-body -index-store-path /Users/fukushimatakumi/Library/Developer/Xcode/DerivedData/SugarBeat-hgoxfxbbugxkfsbmqcjlbmjeaqyg/Index.noindex/DataStore @/Users/fukushimatakumi/Library/Developer/Xcode/DerivedData/SugarBeat-hgoxfxbbugxkfsbmqcjlbmjeaqyg/Build/Intermediates.noindex/AppCheck.build/Debug-iphonesimulator/AppCheckCore.build/Objects-normal/arm64/e6072d4f65d7061329687fe24e3d63a7-common-args.resp -MMD -MT dependencies -MF /Users/fukushimatakumi/Library/Developer/Xcode/DerivedData/SugarBeat-hgoxfxbbugxkfsbmqcjlbmjeaqyg/Build/Intermediates.noindex/AppCheck.build/Debug-iphonesimulator/AppCheckCore.build/Objects-normal/arm64/GACAppAttestProviderState.d --serialize-diagnostics /Users/fukushimatakumi/Library/Developer/Xcode/DerivedData/SugarBeat-hgoxfxbbugxkfsbmqcjlbmjeaqyg/Build/Intermediates.noindex/AppCheck.build/Debug-iphonesimulator/AppCheckCore.build/Objects-normal/arm64/GACAppAttestProviderState.dia -c /Users/fukushimatakumi/Library/Developer/Xcode/DerivedData/SugarBeat-hgoxfxbbugxkfsbmqcjlbmjeaqyg/SourcePackages/checkouts/app-check/AppCheckCore/Sources/AppAttestProvider/GACAppAttestProviderState.m -o /Users/fukushimatakumi/Library/Developer/Xcode/DerivedData/SugarBeat-hgoxfxbbugxkfsbmqcjlbmjeaqyg/Build/Intermediates.noindex/AppCheck.build/Debug-iphonesimulator/AppCheckCore.build/Objects-normal/arm64/GACAppAttestProviderState.o -index-unit-output-path /AppCheck.build/Debug-iphonesimulator/AppCheckCore.build/Objects-normal/arm64/GACAppAttestProviderState.o

ScanDependencies /Users/fukushimatakumi/Library/Developer/Xcode/DerivedData/SugarBeat-hgoxfxbbugxkfsbmqcjlbmjeaqyg/Build/Intermediates.noindex/AppCheck.build/Debug-iphonesimulator/AppCheckCore.build/Objects-normal/arm64/GACAppAttestProvider.o /Users/fukushimatakumi/Library/Developer/Xcode/DerivedData/SugarBeat-hgoxfxbbugxkfsbmqcjlbmjeaqyg/SourcePackages/checkouts/app-check/AppCheckCore/Sources/AppAttestProvider/GACAppAttestProvider.m normal arm64 objective-c com.apple.compilers.llvm.clang.1_0.compiler (in target 'AppCheckCore' from project 'AppCheck')
    cd /Users/fukushimatakumi/develop/sugarbeat/sugarbeat-front
    
    Using response file: /Users/fukushimatakumi/Library/Developer/Xcode/DerivedData/SugarBeat-hgoxfxbbugxkfsbmqcjlbmjeaqyg/Build/Intermediates.noindex/AppCheck.build/Debug-iphonesimulator/AppCheckCore.build/Objects-normal/arm64/e6072d4f65d7061329687fe24e3d63a7-common-args.resp
    
    builtin-ScanDependencies -o /Users/fukushimatakumi/Library/Developer/Xcode/DerivedData/SugarBeat-hgoxfxbbugxkfsbmqcjlbmjeaqyg/Build/Intermediates.noindex/AppCheck.build/Debug-iphonesimulator/AppCheckCore.build/Objects-normal/arm64/GACAppAttestProvider.o.scan -- /Applications/Xcode.app/Contents/Developer/Toolchains/XcodeDefault.xctoolchain/usr/bin/clang -x objective-c -ivfsstatcache /Users/fukushimatakumi/Library/Developer/Xcode/DerivedData/SDKStatCaches.noindex/iphonesimulator18.4-22E235-71825a6d136aa4733edcbe86ece5525b.sdkstatcache -fmessage-length\=0 -fdiagnostics-show-note-include-stack -fmacro-backtrace-limit\=0 -fno-color-diagnostics -fmodules-prune-interval\=86400 -fmodules-prune-after\=345600 -fbuild-session-file\=/Users/fukushimatakumi/Library/Developer/Xcode/DerivedData/ModuleCache.noindex/Session.modulevalidation -fmodules-validate-once-per-build-session -Wnon-modular-include-in-framework-module -Werror\=non-modular-include-in-framework-module -Wno-trigraphs -Wno-missing-field-initializers -Wno-missing-prototypes -Wno-return-type -Wno-implicit-atomic-properties -Wno-objc-interface-ivars -Wno-arc-repeated-use-of-weak -Wno-missing-braces -Wparentheses -Wswitch -Wno-unused-function -Wno-unused-label -Wno-unused-parameter -Wno-unused-variable -Wunused-value -Wno-empty-body -Wno-uninitialized -Wno-unknown-pragmas -w -Wno-shadow -Wno-four-char-constants -Wno-conversion -Wno-constant-conversion -Wno-int-conversion -Wno-bool-conversion -Wno-enum-conversion -Wno-float-conversion -Wno-non-literal-null-conversion -Wno-objc-literal-conversion -Wshorten-64-to-32 -Wpointer-sign -Wno-newline-eof -Wno-selector -Wno-strict-selector-match -Wno-undeclared-selector -Wno-deprecated-implementations -Wno-implicit-fallthrough -fstrict-aliasing -Wprotocol -Wdeprecated-declarations -Wno-sign-conversion -Wno-infinite-recursion -Wno-comma -Wno-block-capture-autoreleasing -Wno-strict-prototypes -Wno-semicolon-before-method-body -index-store-path /Users/fukushimatakumi/Library/Developer/Xcode/DerivedData/SugarBeat-hgoxfxbbugxkfsbmqcjlbmjeaqyg/Index.noindex/DataStore @/Users/fukushimatakumi/Library/Developer/Xcode/DerivedData/SugarBeat-hgoxfxbbugxkfsbmqcjlbmjeaqyg/Build/Intermediates.noindex/AppCheck.build/Debug-iphonesimulator/AppCheckCore.build/Objects-normal/arm64/e6072d4f65d7061329687fe24e3d63a7-common-args.resp -MMD -MT dependencies -MF /Users/fukushimatakumi/Library/Developer/Xcode/DerivedData/SugarBeat-hgoxfxbbugxkfsbmqcjlbmjeaqyg/Build/Intermediates.noindex/AppCheck.build/Debug-iphonesimulator/AppCheckCore.build/Objects-normal/arm64/GACAppAttestProvider.d --serialize-diagnostics /Users/fukushimatakumi/Library/Developer/Xcode/DerivedData/SugarBeat-hgoxfxbbugxkfsbmqcjlbmjeaqyg/Build/Intermediates.noindex/AppCheck.build/Debug-iphonesimulator/AppCheckCore.build/Objects-normal/arm64/GACAppAttestProvider.dia -c /Users/fukushimatakumi/Library/Developer/Xcode/DerivedData/SugarBeat-hgoxfxbbugxkfsbmqcjlbmjeaqyg/SourcePackages/checkouts/app-check/AppCheckCore/Sources/AppAttestProvider/GACAppAttestProvider.m -o /Users/fukushimatakumi/Library/Developer/Xcode/DerivedData/SugarBeat-hgoxfxbbugxkfsbmqcjlbmjeaqyg/Build/Intermediates.noindex/AppCheck.build/Debug-iphonesimulator/AppCheckCore.build/Objects-normal/arm64/GACAppAttestProvider.o -index-unit-output-path /AppCheck.build/Debug-iphonesimulator/AppCheckCore.build/Objects-normal/arm64/GACAppAttestProvider.o

ScanDependencies /Users/fukushimatakumi/Library/Developer/Xcode/DerivedData/SugarBeat-hgoxfxbbugxkfsbmqcjlbmjeaqyg/Build/Intermediates.noindex/AppCheck.build/Debug-iphonesimulator/AppCheckCore.build/Objects-normal/arm64/GACAppAttestKeyIDStorage.o /Users/fukushimatakumi/Library/Developer/Xcode/DerivedData/SugarBeat-hgoxfxbbugxkfsbmqcjlbmjeaqyg/SourcePackages/checkouts/app-check/AppCheckCore/Sources/AppAttestProvider/Storage/GACAppAttestKeyIDStorage.m normal arm64 objective-c com.apple.compilers.llvm.clang.1_0.compiler (in target 'AppCheckCore' from project 'AppCheck')
    cd /Users/fukushimatakumi/develop/sugarbeat/sugarbeat-front
    
    Using response file: /Users/fukushimatakumi/Library/Developer/Xcode/DerivedData/SugarBeat-hgoxfxbbugxkfsbmqcjlbmjeaqyg/Build/Intermediates.noindex/AppCheck.build/Debug-iphonesimulator/AppCheckCore.build/Objects-normal/arm64/e6072d4f65d7061329687fe24e3d63a7-common-args.resp
    
    builtin-ScanDependencies -o /Users/fukushimatakumi/Library/Developer/Xcode/DerivedData/SugarBeat-hgoxfxbbugxkfsbmqcjlbmjeaqyg/Build/Intermediates.noindex/AppCheck.build/Debug-iphonesimulator/AppCheckCore.build/Objects-normal/arm64/GACAppAttestKeyIDStorage.o.scan -- /Applications/Xcode.app/Contents/Developer/Toolchains/XcodeDefault.xctoolchain/usr/bin/clang -x objective-c -ivfsstatcache /Users/fukushimatakumi/Library/Developer/Xcode/DerivedData/SDKStatCaches.noindex/iphonesimulator18.4-22E235-71825a6d136aa4733edcbe86ece5525b.sdkstatcache -fmessage-length\=0 -fdiagnostics-show-note-include-stack -fmacro-backtrace-limit\=0 -fno-color-diagnostics -fmodules-prune-interval\=86400 -fmodules-prune-after\=345600 -fbuild-session-file\=/Users/fukushimatakumi/Library/Developer/Xcode/DerivedData/ModuleCache.noindex/Session.modulevalidation -fmodules-validate-once-per-build-session -Wnon-modular-include-in-framework-module -Werror\=non-modular-include-in-framework-module -Wno-trigraphs -Wno-missing-field-initializers -Wno-missing-prototypes -Wno-return-type -Wno-implicit-atomic-properties -Wno-objc-interface-ivars -Wno-arc-repeated-use-of-weak -Wno-missing-braces -Wparentheses -Wswitch -Wno-unused-function -Wno-unused-label -Wno-unused-parameter -Wno-unused-variable -Wunused-value -Wno-empty-body -Wno-uninitialized -Wno-unknown-pragmas -w -Wno-shadow -Wno-four-char-constants -Wno-conversion -Wno-constant-conversion -Wno-int-conversion -Wno-bool-conversion -Wno-enum-conversion -Wno-float-conversion -Wno-non-literal-null-conversion -Wno-objc-literal-conversion -Wshorten-64-to-32 -Wpointer-sign -Wno-newline-eof -Wno-selector -Wno-strict-selector-match -Wno-undeclared-selector -Wno-deprecated-implementations -Wno-implicit-fallthrough -fstrict-aliasing -Wprotocol -Wdeprecated-declarations -Wno-sign-conversion -Wno-infinite-recursion -Wno-comma -Wno-block-capture-autoreleasing -Wno-strict-prototypes -Wno-semicolon-before-method-body -index-store-path /Users/fukushimatakumi/Library/Developer/Xcode/DerivedData/SugarBeat-hgoxfxbbugxkfsbmqcjlbmjeaqyg/Index.noindex/DataStore @/Users/fukushimatakumi/Library/Developer/Xcode/DerivedData/SugarBeat-hgoxfxbbugxkfsbmqcjlbmjeaqyg/Build/Intermediates.noindex/AppCheck.build/Debug-iphonesimulator/AppCheckCore.build/Objects-normal/arm64/e6072d4f65d7061329687fe24e3d63a7-common-args.resp -MMD -MT dependencies -MF /Users/fukushimatakumi/Library/Developer/Xcode/DerivedData/SugarBeat-hgoxfxbbugxkfsbmqcjlbmjeaqyg/Build/Intermediates.noindex/AppCheck.build/Debug-iphonesimulator/AppCheckCore.build/Objects-normal/arm64/GACAppAttestKeyIDStorage.d --serialize-diagnostics /Users/fukushimatakumi/Library/Developer/Xcode/DerivedData/SugarBeat-hgoxfxbbugxkfsbmqcjlbmjeaqyg/Build/Intermediates.noindex/AppCheck.build/Debug-iphonesimulator/AppCheckCore.build/Objects-normal/arm64/GACAppAttestKeyIDStorage.dia -c /Users/fukushimatakumi/Library/Developer/Xcode/DerivedData/SugarBeat-hgoxfxbbugxkfsbmqcjlbmjeaqyg/SourcePackages/checkouts/app-check/AppCheckCore/Sources/AppAttestProvider/Storage/GACAppAttestKeyIDStorage.m -o /Users/fukushimatakumi/Library/Developer/Xcode/DerivedData/SugarBeat-hgoxfxbbugxkfsbmqcjlbmjeaqyg/Build/Intermediates.noindex/AppCheck.build/Debug-iphonesimulator/AppCheckCore.build/Objects-normal/arm64/GACAppAttestKeyIDStorage.o -index-unit-output-path /AppCheck.build/Debug-iphonesimulator/AppCheckCore.build/Objects-normal/arm64/GACAppAttestKeyIDStorage.o

ScanDependencies /Users/fukushimatakumi/Library/Developer/Xcode/DerivedData/SugarBeat-hgoxfxbbugxkfsbmqcjlbmjeaqyg/Build/Intermediates.noindex/AppCheck.build/Debug-iphonesimulator/AppCheckCore.build/Objects-normal/arm64/GACAppAttestAttestationResponse.o /Users/fukushimatakumi/Library/Developer/Xcode/DerivedData/SugarBeat-hgoxfxbbugxkfsbmqcjlbmjeaqyg/SourcePackages/checkouts/app-check/AppCheckCore/Sources/AppAttestProvider/API/GACAppAttestAttestationResponse.m normal arm64 objective-c com.apple.compilers.llvm.clang.1_0.compiler (in target 'AppCheckCore' from project 'AppCheck')
    cd /Users/fukushimatakumi/develop/sugarbeat/sugarbeat-front
    
    Using response file: /Users/fukushimatakumi/Library/Developer/Xcode/DerivedData/SugarBeat-hgoxfxbbugxkfsbmqcjlbmjeaqyg/Build/Intermediates.noindex/AppCheck.build/Debug-iphonesimulator/AppCheckCore.build/Objects-normal/arm64/e6072d4f65d7061329687fe24e3d63a7-common-args.resp
    
    builtin-ScanDependencies -o /Users/fukushimatakumi/Library/Developer/Xcode/DerivedData/SugarBeat-hgoxfxbbugxkfsbmqcjlbmjeaqyg/Build/Intermediates.noindex/AppCheck.build/Debug-iphonesimulator/AppCheckCore.build/Objects-normal/arm64/GACAppAttestAttestationResponse.o.scan -- /Applications/Xcode.app/Contents/Developer/Toolchains/XcodeDefault.xctoolchain/usr/bin/clang -x objective-c -ivfsstatcache /Users/fukushimatakumi/Library/Developer/Xcode/DerivedData/SDKStatCaches.noindex/iphonesimulator18.4-22E235-71825a6d136aa4733edcbe86ece5525b.sdkstatcache -fmessage-length\=0 -fdiagnostics-show-note-include-stack -fmacro-backtrace-limit\=0 -fno-color-diagnostics -fmodules-prune-interval\=86400 -fmodules-prune-after\=345600 -fbuild-session-file\=/Users/fukushimatakumi/Library/Developer/Xcode/DerivedData/ModuleCache.noindex/Session.modulevalidation -fmodules-validate-once-per-build-session -Wnon-modular-include-in-framework-module -Werror\=non-modular-include-in-framework-module -Wno-trigraphs -Wno-missing-field-initializers -Wno-missing-prototypes -Wno-return-type -Wno-implicit-atomic-properties -Wno-objc-interface-ivars -Wno-arc-repeated-use-of-weak -Wno-missing-braces -Wparentheses -Wswitch -Wno-unused-function -Wno-unused-label -Wno-unused-parameter -Wno-unused-variable -Wunused-value -Wno-empty-body -Wno-uninitialized -Wno-unknown-pragmas -w -Wno-shadow -Wno-four-char-constants -Wno-conversion -Wno-constant-conversion -Wno-int-conversion -Wno-bool-conversion -Wno-enum-conversion -Wno-float-conversion -Wno-non-literal-null-conversion -Wno-objc-literal-conversion -Wshorten-64-to-32 -Wpointer-sign -Wno-newline-eof -Wno-selector -Wno-strict-selector-match -Wno-undeclared-selector -Wno-deprecated-implementations -Wno-implicit-fallthrough -fstrict-aliasing -Wprotocol -Wdeprecated-declarations -Wno-sign-conversion -Wno-infinite-recursion -Wno-comma -Wno-block-capture-autoreleasing -Wno-strict-prototypes -Wno-semicolon-before-method-body -index-store-path /Users/fukushimatakumi/Library/Developer/Xcode/DerivedData/SugarBeat-hgoxfxbbugxkfsbmqcjlbmjeaqyg/Index.noindex/DataStore @/Users/fukushimatakumi/Library/Developer/Xcode/DerivedData/SugarBeat-hgoxfxbbugxkfsbmqcjlbmjeaqyg/Build/Intermediates.noindex/AppCheck.build/Debug-iphonesimulator/AppCheckCore.build/Objects-normal/arm64/e6072d4f65d7061329687fe24e3d63a7-common-args.resp -MMD -MT dependencies -MF /Users/fukushimatakumi/Library/Developer/Xcode/DerivedData/SugarBeat-hgoxfxbbugxkfsbmqcjlbmjeaqyg/Build/Intermediates.noindex/AppCheck.build/Debug-iphonesimulator/AppCheckCore.build/Objects-normal/arm64/GACAppAttestAttestationResponse.d --serialize-diagnostics /Users/fukushimatakumi/Library/Developer/Xcode/DerivedData/SugarBeat-hgoxfxbbugxkfsbmqcjlbmjeaqyg/Build/Intermediates.noindex/AppCheck.build/Debug-iphonesimulator/AppCheckCore.build/Objects-normal/arm64/GACAppAttestAttestationResponse.dia -c /Users/fukushimatakumi/Library/Developer/Xcode/DerivedData/SugarBeat-hgoxfxbbugxkfsbmqcjlbmjeaqyg/SourcePackages/checkouts/app-check/AppCheckCore/Sources/AppAttestProvider/API/GACAppAttestAttestationResponse.m -o /Users/fukushimatakumi/Library/Developer/Xcode/DerivedData/SugarBeat-hgoxfxbbugxkfsbmqcjlbmjeaqyg/Build/Intermediates.noindex/AppCheck.build/Debug-iphonesimulator/AppCheckCore.build/Objects-normal/arm64/GACAppAttestAttestationResponse.o -index-unit-output-path /AppCheck.build/Debug-iphonesimulator/AppCheckCore.build/Objects-normal/arm64/GACAppAttestAttestationResponse.o

ScanDependencies /Users/fukushimatakumi/Library/Developer/Xcode/DerivedData/SugarBeat-hgoxfxbbugxkfsbmqcjlbmjeaqyg/Build/Intermediates.noindex/AppCheck.build/Debug-iphonesimulator/AppCheckCore.build/Objects-normal/arm64/GACAppAttestArtifactStorage.o /Users/fukushimatakumi/Library/Developer/Xcode/DerivedData/SugarBeat-hgoxfxbbugxkfsbmqcjlbmjeaqyg/SourcePackages/checkouts/app-check/AppCheckCore/Sources/AppAttestProvider/Storage/GACAppAttestArtifactStorage.m normal arm64 objective-c com.apple.compilers.llvm.clang.1_0.compiler (in target 'AppCheckCore' from project 'AppCheck')
    cd /Users/fukushimatakumi/develop/sugarbeat/sugarbeat-front
    
    Using response file: /Users/fukushimatakumi/Library/Developer/Xcode/DerivedData/SugarBeat-hgoxfxbbugxkfsbmqcjlbmjeaqyg/Build/Intermediates.noindex/AppCheck.build/Debug-iphonesimulator/AppCheckCore.build/Objects-normal/arm64/e6072d4f65d7061329687fe24e3d63a7-common-args.resp
    
    builtin-ScanDependencies -o /Users/fukushimatakumi/Library/Developer/Xcode/DerivedData/SugarBeat-hgoxfxbbugxkfsbmqcjlbmjeaqyg/Build/Intermediates.noindex/AppCheck.build/Debug-iphonesimulator/AppCheckCore.build/Objects-normal/arm64/GACAppAttestArtifactStorage.o.scan -- /Applications/Xcode.app/Contents/Developer/Toolchains/XcodeDefault.xctoolchain/usr/bin/clang -x objective-c -ivfsstatcache /Users/fukushimatakumi/Library/Developer/Xcode/DerivedData/SDKStatCaches.noindex/iphonesimulator18.4-22E235-71825a6d136aa4733edcbe86ece5525b.sdkstatcache -fmessage-length\=0 -fdiagnostics-show-note-include-stack -fmacro-backtrace-limit\=0 -fno-color-diagnostics -fmodules-prune-interval\=86400 -fmodules-prune-after\=345600 -fbuild-session-file\=/Users/fukushimatakumi/Library/Developer/Xcode/DerivedData/ModuleCache.noindex/Session.modulevalidation -fmodules-validate-once-per-build-session -Wnon-modular-include-in-framework-module -Werror\=non-modular-include-in-framework-module -Wno-trigraphs -Wno-missing-field-initializers -Wno-missing-prototypes -Wno-return-type -Wno-implicit-atomic-properties -Wno-objc-interface-ivars -Wno-arc-repeated-use-of-weak -Wno-missing-braces -Wparentheses -Wswitch -Wno-unused-function -Wno-unused-label -Wno-unused-parameter -Wno-unused-variable -Wunused-value -Wno-empty-body -Wno-uninitialized -Wno-unknown-pragmas -w -Wno-shadow -Wno-four-char-constants -Wno-conversion -Wno-constant-conversion -Wno-int-conversion -Wno-bool-conversion -Wno-enum-conversion -Wno-float-conversion -Wno-non-literal-null-conversion -Wno-objc-literal-conversion -Wshorten-64-to-32 -Wpointer-sign -Wno-newline-eof -Wno-selector -Wno-strict-selector-match -Wno-undeclared-selector -Wno-deprecated-implementations -Wno-implicit-fallthrough -fstrict-aliasing -Wprotocol -Wdeprecated-declarations -Wno-sign-conversion -Wno-infinite-recursion -Wno-comma -Wno-block-capture-autoreleasing -Wno-strict-prototypes -Wno-semicolon-before-method-body -index-store-path /Users/fukushimatakumi/Library/Developer/Xcode/DerivedData/SugarBeat-hgoxfxbbugxkfsbmqcjlbmjeaqyg/Index.noindex/DataStore @/Users/fukushimatakumi/Library/Developer/Xcode/DerivedData/SugarBeat-hgoxfxbbugxkfsbmqcjlbmjeaqyg/Build/Intermediates.noindex/AppCheck.build/Debug-iphonesimulator/AppCheckCore.build/Objects-normal/arm64/e6072d4f65d7061329687fe24e3d63a7-common-args.resp -MMD -MT dependencies -MF /Users/fukushimatakumi/Library/Developer/Xcode/DerivedData/SugarBeat-hgoxfxbbugxkfsbmqcjlbmjeaqyg/Build/Intermediates.noindex/AppCheck.build/Debug-iphonesimulator/AppCheckCore.build/Objects-normal/arm64/GACAppAttestArtifactStorage.d --serialize-diagnostics /Users/fukushimatakumi/Library/Developer/Xcode/DerivedData/SugarBeat-hgoxfxbbugxkfsbmqcjlbmjeaqyg/Build/Intermediates.noindex/AppCheck.build/Debug-iphonesimulator/AppCheckCore.build/Objects-normal/arm64/GACAppAttestArtifactStorage.dia -c /Users/fukushimatakumi/Library/Developer/Xcode/DerivedData/SugarBeat-hgoxfxbbugxkfsbmqcjlbmjeaqyg/SourcePackages/checkouts/app-check/AppCheckCore/Sources/AppAttestProvider/Storage/GACAppAttestArtifactStorage.m -o /Users/fukushimatakumi/Library/Developer/Xcode/DerivedData/SugarBeat-hgoxfxbbugxkfsbmqcjlbmjeaqyg/Build/Intermediates.noindex/AppCheck.build/Debug-iphonesimulator/AppCheckCore.build/Objects-normal/arm64/GACAppAttestArtifactStorage.o -index-unit-output-path /AppCheck.build/Debug-iphonesimulator/AppCheckCore.build/Objects-normal/arm64/GACAppAttestArtifactStorage.o

ScanDependencies /Users/fukushimatakumi/Library/Developer/Xcode/DerivedData/SugarBeat-hgoxfxbbugxkfsbmqcjlbmjeaqyg/Build/Intermediates.noindex/AppCheck.build/Debug-iphonesimulator/AppCheckCore.build/Objects-normal/arm64/GACAppAttestAPIService.o /Users/fukushimatakumi/Library/Developer/Xcode/DerivedData/SugarBeat-hgoxfxbbugxkfsbmqcjlbmjeaqyg/SourcePackages/checkouts/app-check/AppCheckCore/Sources/AppAttestProvider/API/GACAppAttestAPIService.m normal arm64 objective-c com.apple.compilers.llvm.clang.1_0.compiler (in target 'AppCheckCore' from project 'AppCheck')
    cd /Users/fukushimatakumi/develop/sugarbeat/sugarbeat-front
    
    Using response file: /Users/fukushimatakumi/Library/Developer/Xcode/DerivedData/SugarBeat-hgoxfxbbugxkfsbmqcjlbmjeaqyg/Build/Intermediates.noindex/AppCheck.build/Debug-iphonesimulator/AppCheckCore.build/Objects-normal/arm64/e6072d4f65d7061329687fe24e3d63a7-common-args.resp
    
    builtin-ScanDependencies -o /Users/fukushimatakumi/Library/Developer/Xcode/DerivedData/SugarBeat-hgoxfxbbugxkfsbmqcjlbmjeaqyg/Build/Intermediates.noindex/AppCheck.build/Debug-iphonesimulator/AppCheckCore.build/Objects-normal/arm64/GACAppAttestAPIService.o.scan -- /Applications/Xcode.app/Contents/Developer/Toolchains/XcodeDefault.xctoolchain/usr/bin/clang -x objective-c -ivfsstatcache /Users/fukushimatakumi/Library/Developer/Xcode/DerivedData/SDKStatCaches.noindex/iphonesimulator18.4-22E235-71825a6d136aa4733edcbe86ece5525b.sdkstatcache -fmessage-length\=0 -fdiagnostics-show-note-include-stack -fmacro-backtrace-limit\=0 -fno-color-diagnostics -fmodules-prune-interval\=86400 -fmodules-prune-after\=345600 -fbuild-session-file\=/Users/fukushimatakumi/Library/Developer/Xcode/DerivedData/ModuleCache.noindex/Session.modulevalidation -fmodules-validate-once-per-build-session -Wnon-modular-include-in-framework-module -Werror\=non-modular-include-in-framework-module -Wno-trigraphs -Wno-missing-field-initializers -Wno-missing-prototypes -Wno-return-type -Wno-implicit-atomic-properties -Wno-objc-interface-ivars -Wno-arc-repeated-use-of-weak -Wno-missing-braces -Wparentheses -Wswitch -Wno-unused-function -Wno-unused-label -Wno-unused-parameter -Wno-unused-variable -Wunused-value -Wno-empty-body -Wno-uninitialized -Wno-unknown-pragmas -w -Wno-shadow -Wno-four-char-constants -Wno-conversion -Wno-constant-conversion -Wno-int-conversion -Wno-bool-conversion -Wno-enum-conversion -Wno-float-conversion -Wno-non-literal-null-conversion -Wno-objc-literal-conversion -Wshorten-64-to-32 -Wpointer-sign -Wno-newline-eof -Wno-selector -Wno-strict-selector-match -Wno-undeclared-selector -Wno-deprecated-implementations -Wno-implicit-fallthrough -fstrict-aliasing -Wprotocol -Wdeprecated-declarations -Wno-sign-conversion -Wno-infinite-recursion -Wno-comma -Wno-block-capture-autoreleasing -Wno-strict-prototypes -Wno-semicolon-before-method-body -index-store-path /Users/fukushimatakumi/Library/Developer/Xcode/DerivedData/SugarBeat-hgoxfxbbugxkfsbmqcjlbmjeaqyg/Index.noindex/DataStore @/Users/fukushimatakumi/Library/Developer/Xcode/DerivedData/SugarBeat-hgoxfxbbugxkfsbmqcjlbmjeaqyg/Build/Intermediates.noindex/AppCheck.build/Debug-iphonesimulator/AppCheckCore.build/Objects-normal/arm64/e6072d4f65d7061329687fe24e3d63a7-common-args.resp -MMD -MT dependencies -MF /Users/fukushimatakumi/Library/Developer/Xcode/DerivedData/SugarBeat-hgoxfxbbugxkfsbmqcjlbmjeaqyg/Build/Intermediates.noindex/AppCheck.build/Debug-iphonesimulator/AppCheckCore.build/Objects-normal/arm64/GACAppAttestAPIService.d --serialize-diagnostics /Users/fukushimatakumi/Library/Developer/Xcode/DerivedData/SugarBeat-hgoxfxbbugxkfsbmqcjlbmjeaqyg/Build/Intermediates.noindex/AppCheck.build/Debug-iphonesimulator/AppCheckCore.build/Objects-normal/arm64/GACAppAttestAPIService.dia -c /Users/fukushimatakumi/Library/Developer/Xcode/DerivedData/SugarBeat-hgoxfxbbugxkfsbmqcjlbmjeaqyg/SourcePackages/checkouts/app-check/AppCheckCore/Sources/AppAttestProvider/API/GACAppAttestAPIService.m -o /Users/fukushimatakumi/Library/Developer/Xcode/DerivedData/SugarBeat-hgoxfxbbugxkfsbmqcjlbmjeaqyg/Build/Intermediates.noindex/AppCheck.build/Debug-iphonesimulator/AppCheckCore.build/Objects-normal/arm64/GACAppAttestAPIService.o -index-unit-output-path /AppCheck.build/Debug-iphonesimulator/AppCheckCore.build/Objects-normal/arm64/GACAppAttestAPIService.o

ScanDependencies /Users/fukushimatakumi/Library/Developer/Xcode/DerivedData/SugarBeat-hgoxfxbbugxkfsbmqcjlbmjeaqyg/Build/Intermediates.noindex/AppCheck.build/Debug-iphonesimulator/AppCheckCore.build/Objects-normal/arm64/DCDevice+GACDeviceCheckTokenGenerator.o /Users/fukushimatakumi/Library/Developer/Xcode/DerivedData/SugarBeat-hgoxfxbbugxkfsbmqcjlbmjeaqyg/SourcePackages/checkouts/app-check/AppCheckCore/Sources/DeviceCheckProvider/DCDevice+GACDeviceCheckTokenGenerator.m normal arm64 objective-c com.apple.compilers.llvm.clang.1_0.compiler (in target 'AppCheckCore' from project 'AppCheck')
    cd /Users/fukushimatakumi/develop/sugarbeat/sugarbeat-front
    
    Using response file: /Users/fukushimatakumi/Library/Developer/Xcode/DerivedData/SugarBeat-hgoxfxbbugxkfsbmqcjlbmjeaqyg/Build/Intermediates.noindex/AppCheck.build/Debug-iphonesimulator/AppCheckCore.build/Objects-normal/arm64/e6072d4f65d7061329687fe24e3d63a7-common-args.resp
    
    builtin-ScanDependencies -o /Users/fukushimatakumi/Library/Developer/Xcode/DerivedData/SugarBeat-hgoxfxbbugxkfsbmqcjlbmjeaqyg/Build/Intermediates.noindex/AppCheck.build/Debug-iphonesimulator/AppCheckCore.build/Objects-normal/arm64/DCDevice+GACDeviceCheckTokenGenerator.o.scan -- /Applications/Xcode.app/Contents/Developer/Toolchains/XcodeDefault.xctoolchain/usr/bin/clang -x objective-c -ivfsstatcache /Users/fukushimatakumi/Library/Developer/Xcode/DerivedData/SDKStatCaches.noindex/iphonesimulator18.4-22E235-71825a6d136aa4733edcbe86ece5525b.sdkstatcache -fmessage-length\=0 -fdiagnostics-show-note-include-stack -fmacro-backtrace-limit\=0 -fno-color-diagnostics -fmodules-prune-interval\=86400 -fmodules-prune-after\=345600 -fbuild-session-file\=/Users/fukushimatakumi/Library/Developer/Xcode/DerivedData/ModuleCache.noindex/Session.modulevalidation -fmodules-validate-once-per-build-session -Wnon-modular-include-in-framework-module -Werror\=non-modular-include-in-framework-module -Wno-trigraphs -Wno-missing-field-initializers -Wno-missing-prototypes -Wno-return-type -Wno-implicit-atomic-properties -Wno-objc-interface-ivars -Wno-arc-repeated-use-of-weak -Wno-missing-braces -Wparentheses -Wswitch -Wno-unused-function -Wno-unused-label -Wno-unused-parameter -Wno-unused-variable -Wunused-value -Wno-empty-body -Wno-uninitialized -Wno-unknown-pragmas -w -Wno-shadow -Wno-four-char-constants -Wno-conversion -Wno-constant-conversion -Wno-int-conversion -Wno-bool-conversion -Wno-enum-conversion -Wno-float-conversion -Wno-non-literal-null-conversion -Wno-objc-literal-conversion -Wshorten-64-to-32 -Wpointer-sign -Wno-newline-eof -Wno-selector -Wno-strict-selector-match -Wno-undeclared-selector -Wno-deprecated-implementations -Wno-implicit-fallthrough -fstrict-aliasing -Wprotocol -Wdeprecated-declarations -Wno-sign-conversion -Wno-infinite-recursion -Wno-comma -Wno-block-capture-autoreleasing -Wno-strict-prototypes -Wno-semicolon-before-method-body -index-store-path /Users/fukushimatakumi/Library/Developer/Xcode/DerivedData/SugarBeat-hgoxfxbbugxkfsbmqcjlbmjeaqyg/Index.noindex/DataStore @/Users/fukushimatakumi/Library/Developer/Xcode/DerivedData/SugarBeat-hgoxfxbbugxkfsbmqcjlbmjeaqyg/Build/Intermediates.noindex/AppCheck.build/Debug-iphonesimulator/AppCheckCore.build/Objects-normal/arm64/e6072d4f65d7061329687fe24e3d63a7-common-args.resp -MMD -MT dependencies -MF /Users/fukushimatakumi/Library/Developer/Xcode/DerivedData/SugarBeat-hgoxfxbbugxkfsbmqcjlbmjeaqyg/Build/Intermediates.noindex/AppCheck.build/Debug-iphonesimulator/AppCheckCore.build/Objects-normal/arm64/DCDevice+GACDeviceCheckTokenGenerator.d --serialize-diagnostics /Users/fukushimatakumi/Library/Developer/Xcode/DerivedData/SugarBeat-hgoxfxbbugxkfsbmqcjlbmjeaqyg/Build/Intermediates.noindex/AppCheck.build/Debug-iphonesimulator/AppCheckCore.build/Objects-normal/arm64/DCDevice+GACDeviceCheckTokenGenerator.dia -c /Users/fukushimatakumi/Library/Developer/Xcode/DerivedData/SugarBeat-hgoxfxbbugxkfsbmqcjlbmjeaqyg/SourcePackages/checkouts/app-check/AppCheckCore/Sources/DeviceCheckProvider/DCDevice+GACDeviceCheckTokenGenerator.m -o /Users/fukushimatakumi/Library/Developer/Xcode/DerivedData/SugarBeat-hgoxfxbbugxkfsbmqcjlbmjeaqyg/Build/Intermediates.noindex/AppCheck.build/Debug-iphonesimulator/AppCheckCore.build/Objects-normal/arm64/DCDevice+GACDeviceCheckTokenGenerator.o -index-unit-output-path /AppCheck.build/Debug-iphonesimulator/AppCheckCore.build/Objects-normal/arm64/DCDevice+GACDeviceCheckTokenGenerator.o

ScanDependencies /Users/fukushimatakumi/Library/Developer/Xcode/DerivedData/SugarBeat-hgoxfxbbugxkfsbmqcjlbmjeaqyg/Build/Intermediates.noindex/AppCheck.build/Debug-iphonesimulator/AppCheckCore.build/Objects-normal/arm64/DCAppAttestService+GACAppAttestService.o /Users/fukushimatakumi/Library/Developer/Xcode/DerivedData/SugarBeat-hgoxfxbbugxkfsbmqcjlbmjeaqyg/SourcePackages/checkouts/app-check/AppCheckCore/Sources/AppAttestProvider/DCAppAttestService+GACAppAttestService.m normal arm64 objective-c com.apple.compilers.llvm.clang.1_0.compiler (in target 'AppCheckCore' from project 'AppCheck')
    cd /Users/fukushimatakumi/develop/sugarbeat/sugarbeat-front
    
    Using response file: /Users/fukushimatakumi/Library/Developer/Xcode/DerivedData/SugarBeat-hgoxfxbbugxkfsbmqcjlbmjeaqyg/Build/Intermediates.noindex/AppCheck.build/Debug-iphonesimulator/AppCheckCore.build/Objects-normal/arm64/e6072d4f65d7061329687fe24e3d63a7-common-args.resp
    
    builtin-ScanDependencies -o /Users/fukushimatakumi/Library/Developer/Xcode/DerivedData/SugarBeat-hgoxfxbbugxkfsbmqcjlbmjeaqyg/Build/Intermediates.noindex/AppCheck.build/Debug-iphonesimulator/AppCheckCore.build/Objects-normal/arm64/DCAppAttestService+GACAppAttestService.o.scan -- /Applications/Xcode.app/Contents/Developer/Toolchains/XcodeDefault.xctoolchain/usr/bin/clang -x objective-c -ivfsstatcache /Users/fukushimatakumi/Library/Developer/Xcode/DerivedData/SDKStatCaches.noindex/iphonesimulator18.4-22E235-71825a6d136aa4733edcbe86ece5525b.sdkstatcache -fmessage-length\=0 -fdiagnostics-show-note-include-stack -fmacro-backtrace-limit\=0 -fno-color-diagnostics -fmodules-prune-interval\=86400 -fmodules-prune-after\=345600 -fbuild-session-file\=/Users/fukushimatakumi/Library/Developer/Xcode/DerivedData/ModuleCache.noindex/Session.modulevalidation -fmodules-validate-once-per-build-session -Wnon-modular-include-in-framework-module -Werror\=non-modular-include-in-framework-module -Wno-trigraphs -Wno-missing-field-initializers -Wno-missing-prototypes -Wno-return-type -Wno-implicit-atomic-properties -Wno-objc-interface-ivars -Wno-arc-repeated-use-of-weak -Wno-missing-braces -Wparentheses -Wswitch -Wno-unused-function -Wno-unused-label -Wno-unused-parameter -Wno-unused-variable -Wunused-value -Wno-empty-body -Wno-uninitialized -Wno-unknown-pragmas -w -Wno-shadow -Wno-four-char-constants -Wno-conversion -Wno-constant-conversion -Wno-int-conversion -Wno-bool-conversion -Wno-enum-conversion -Wno-float-conversion -Wno-non-literal-null-conversion -Wno-objc-literal-conversion -Wshorten-64-to-32 -Wpointer-sign -Wno-newline-eof -Wno-selector -Wno-strict-selector-match -Wno-undeclared-selector -Wno-deprecated-implementations -Wno-implicit-fallthrough -fstrict-aliasing -Wprotocol -Wdeprecated-declarations -Wno-sign-conversion -Wno-infinite-recursion -Wno-comma -Wno-block-capture-autoreleasing -Wno-strict-prototypes -Wno-semicolon-before-method-body -index-store-path /Users/fukushimatakumi/Library/Developer/Xcode/DerivedData/SugarBeat-hgoxfxbbugxkfsbmqcjlbmjeaqyg/Index.noindex/DataStore @/Users/fukushimatakumi/Library/Developer/Xcode/DerivedData/SugarBeat-hgoxfxbbugxkfsbmqcjlbmjeaqyg/Build/Intermediates.noindex/AppCheck.build/Debug-iphonesimulator/AppCheckCore.build/Objects-normal/arm64/e6072d4f65d7061329687fe24e3d63a7-common-args.resp -MMD -MT dependencies -MF /Users/fukushimatakumi/Library/Developer/Xcode/DerivedData/SugarBeat-hgoxfxbbugxkfsbmqcjlbmjeaqyg/Build/Intermediates.noindex/AppCheck.build/Debug-iphonesimulator/AppCheckCore.build/Objects-normal/arm64/DCAppAttestService+GACAppAttestService.d --serialize-diagnostics /Users/fukushimatakumi/Library/Developer/Xcode/DerivedData/SugarBeat-hgoxfxbbugxkfsbmqcjlbmjeaqyg/Build/Intermediates.noindex/AppCheck.build/Debug-iphonesimulator/AppCheckCore.build/Objects-normal/arm64/DCAppAttestService+GACAppAttestService.dia -c /Users/fukushimatakumi/Library/Developer/Xcode/DerivedData/SugarBeat-hgoxfxbbugxkfsbmqcjlbmjeaqyg/SourcePackages/checkouts/app-check/AppCheckCore/Sources/AppAttestProvider/DCAppAttestService+GACAppAttestService.m -o /Users/fukushimatakumi/Library/Developer/Xcode/DerivedData/SugarBeat-hgoxfxbbugxkfsbmqcjlbmjeaqyg/Build/Intermediates.noindex/AppCheck.build/Debug-iphonesimulator/AppCheckCore.build/Objects-normal/arm64/DCAppAttestService+GACAppAttestService.o -index-unit-output-path /AppCheck.build/Debug-iphonesimulator/AppCheckCore.build/Objects-normal/arm64/DCAppAttestService+GACAppAttestService.o

CompileC /Users/fukushimatakumi/Library/Developer/Xcode/DerivedData/SugarBeat-hgoxfxbbugxkfsbmqcjlbmjeaqyg/Build/Intermediates.noindex/AppCheck.build/Debug-iphonesimulator/AppCheckCore.build/Objects-normal/arm64/NSURLSession+GACPromises.o /Users/fukushimatakumi/Library/Developer/Xcode/DerivedData/SugarBeat-hgoxfxbbugxkfsbmqcjlbmjeaqyg/SourcePackages/checkouts/app-check/AppCheckCore/Sources/Core/APIService/NSURLSession+GACPromises.m normal arm64 objective-c com.apple.compilers.llvm.clang.1_0.compiler (in target 'AppCheckCore' from project 'AppCheck')
    cd /Users/fukushimatakumi/develop/sugarbeat/sugarbeat-front
    
    Using response file: /Users/fukushimatakumi/Library/Developer/Xcode/DerivedData/SugarBeat-hgoxfxbbugxkfsbmqcjlbmjeaqyg/Build/Intermediates.noindex/AppCheck.build/Debug-iphonesimulator/AppCheckCore.build/Objects-normal/arm64/e6072d4f65d7061329687fe24e3d63a7-common-args.resp
    
    /Applications/Xcode.app/Contents/Developer/Toolchains/XcodeDefault.xctoolchain/usr/bin/clang -x objective-c -ivfsstatcache /Users/fukushimatakumi/Library/Developer/Xcode/DerivedData/SDKStatCaches.noindex/iphonesimulator18.4-22E235-71825a6d136aa4733edcbe86ece5525b.sdkstatcache -fmessage-length\=0 -fdiagnostics-show-note-include-stack -fmacro-backtrace-limit\=0 -fno-color-diagnostics -fmodules-prune-interval\=86400 -fmodules-prune-after\=345600 -fbuild-session-file\=/Users/fukushimatakumi/Library/Developer/Xcode/DerivedData/ModuleCache.noindex/Session.modulevalidation -fmodules-validate-once-per-build-session -Wnon-modular-include-in-framework-module -Werror\=non-modular-include-in-framework-module -Wno-trigraphs -Wno-missing-field-initializers -Wno-missing-prototypes -Wno-return-type -Wno-implicit-atomic-properties -Wno-objc-interface-ivars -Wno-arc-repeated-use-of-weak -Wno-missing-braces -Wparentheses -Wswitch -Wno-unused-function -Wno-unused-label -Wno-unused-parameter -Wno-unused-variable -Wunused-value -Wno-empty-body -Wno-uninitialized -Wno-unknown-pragmas -w -Wno-shadow -Wno-four-char-constants -Wno-conversion -Wno-constant-conversion -Wno-int-conversion -Wno-bool-conversion -Wno-enum-conversion -Wno-float-conversion -Wno-non-literal-null-conversion -Wno-objc-literal-conversion -Wshorten-64-to-32 -Wpointer-sign -Wno-newline-eof -Wno-selector -Wno-strict-selector-match -Wno-undeclared-selector -Wno-deprecated-implementations -Wno-implicit-fallthrough -fstrict-aliasing -Wprotocol -Wdeprecated-declarations -Wno-sign-conversion -Wno-infinite-recursion -Wno-comma -Wno-block-capture-autoreleasing -Wno-strict-prototypes -Wno-semicolon-before-method-body -index-store-path /Users/fukushimatakumi/Library/Developer/Xcode/DerivedData/SugarBeat-hgoxfxbbugxkfsbmqcjlbmjeaqyg/Index.noindex/DataStore @/Users/fukushimatakumi/Library/Developer/Xcode/DerivedData/SugarBeat-hgoxfxbbugxkfsbmqcjlbmjeaqyg/Build/Intermediates.noindex/AppCheck.build/Debug-iphonesimulator/AppCheckCore.build/Objects-normal/arm64/e6072d4f65d7061329687fe24e3d63a7-common-args.resp -MMD -MT dependencies -MF /Users/fukushimatakumi/Library/Developer/Xcode/DerivedData/SugarBeat-hgoxfxbbugxkfsbmqcjlbmjeaqyg/Build/Intermediates.noindex/AppCheck.build/Debug-iphonesimulator/AppCheckCore.build/Objects-normal/arm64/NSURLSession+GACPromises.d --serialize-diagnostics /Users/fukushimatakumi/Library/Developer/Xcode/DerivedData/SugarBeat-hgoxfxbbugxkfsbmqcjlbmjeaqyg/Build/Intermediates.noindex/AppCheck.build/Debug-iphonesimulator/AppCheckCore.build/Objects-normal/arm64/NSURLSession+GACPromises.dia -c /Users/fukushimatakumi/Library/Developer/Xcode/DerivedData/SugarBeat-hgoxfxbbugxkfsbmqcjlbmjeaqyg/SourcePackages/checkouts/app-check/AppCheckCore/Sources/Core/APIService/NSURLSession+GACPromises.m -o /Users/fukushimatakumi/Library/Developer/Xcode/DerivedData/SugarBeat-hgoxfxbbugxkfsbmqcjlbmjeaqyg/Build/Intermediates.noindex/AppCheck.build/Debug-iphonesimulator/AppCheckCore.build/Objects-normal/arm64/NSURLSession+GACPromises.o -index-unit-output-path /AppCheck.build/Debug-iphonesimulator/AppCheckCore.build/Objects-normal/arm64/NSURLSession+GACPromises.o

CompileC /Users/fukushimatakumi/Library/Developer/Xcode/DerivedData/SugarBeat-hgoxfxbbugxkfsbmqcjlbmjeaqyg/Build/Intermediates.noindex/AppCheck.build/Debug-iphonesimulator/AppCheckCore.build/Objects-normal/arm64/GACDeviceCheckProvider.o /Users/fukushimatakumi/Library/Developer/Xcode/DerivedData/SugarBeat-hgoxfxbbugxkfsbmqcjlbmjeaqyg/SourcePackages/checkouts/app-check/AppCheckCore/Sources/DeviceCheckProvider/GACDeviceCheckProvider.m normal arm64 objective-c com.apple.compilers.llvm.clang.1_0.compiler (in target 'AppCheckCore' from project 'AppCheck')
    cd /Users/fukushimatakumi/develop/sugarbeat/sugarbeat-front
    
    Using response file: /Users/fukushimatakumi/Library/Developer/Xcode/DerivedData/SugarBeat-hgoxfxbbugxkfsbmqcjlbmjeaqyg/Build/Intermediates.noindex/AppCheck.build/Debug-iphonesimulator/AppCheckCore.build/Objects-normal/arm64/e6072d4f65d7061329687fe24e3d63a7-common-args.resp
    
    /Applications/Xcode.app/Contents/Developer/Toolchains/XcodeDefault.xctoolchain/usr/bin/clang -x objective-c -ivfsstatcache /Users/fukushimatakumi/Library/Developer/Xcode/DerivedData/SDKStatCaches.noindex/iphonesimulator18.4-22E235-71825a6d136aa4733edcbe86ece5525b.sdkstatcache -fmessage-length\=0 -fdiagnostics-show-note-include-stack -fmacro-backtrace-limit\=0 -fno-color-diagnostics -fmodules-prune-interval\=86400 -fmodules-prune-after\=345600 -fbuild-session-file\=/Users/fukushimatakumi/Library/Developer/Xcode/DerivedData/ModuleCache.noindex/Session.modulevalidation -fmodules-validate-once-per-build-session -Wnon-modular-include-in-framework-module -Werror\=non-modular-include-in-framework-module -Wno-trigraphs -Wno-missing-field-initializers -Wno-missing-prototypes -Wno-return-type -Wno-implicit-atomic-properties -Wno-objc-interface-ivars -Wno-arc-repeated-use-of-weak -Wno-missing-braces -Wparentheses -Wswitch -Wno-unused-function -Wno-unused-label -Wno-unused-parameter -Wno-unused-variable -Wunused-value -Wno-empty-body -Wno-uninitialized -Wno-unknown-pragmas -w -Wno-shadow -Wno-four-char-constants -Wno-conversion -Wno-constant-conversion -Wno-int-conversion -Wno-bool-conversion -Wno-enum-conversion -Wno-float-conversion -Wno-non-literal-null-conversion -Wno-objc-literal-conversion -Wshorten-64-to-32 -Wpointer-sign -Wno-newline-eof -Wno-selector -Wno-strict-selector-match -Wno-undeclared-selector -Wno-deprecated-implementations -Wno-implicit-fallthrough -fstrict-aliasing -Wprotocol -Wdeprecated-declarations -Wno-sign-conversion -Wno-infinite-recursion -Wno-comma -Wno-block-capture-autoreleasing -Wno-strict-prototypes -Wno-semicolon-before-method-body -index-store-path /Users/fukushimatakumi/Library/Developer/Xcode/DerivedData/SugarBeat-hgoxfxbbugxkfsbmqcjlbmjeaqyg/Index.noindex/DataStore @/Users/fukushimatakumi/Library/Developer/Xcode/DerivedData/SugarBeat-hgoxfxbbugxkfsbmqcjlbmjeaqyg/Build/Intermediates.noindex/AppCheck.build/Debug-iphonesimulator/AppCheckCore.build/Objects-normal/arm64/e6072d4f65d7061329687fe24e3d63a7-common-args.resp -MMD -MT dependencies -MF /Users/fukushimatakumi/Library/Developer/Xcode/DerivedData/SugarBeat-hgoxfxbbugxkfsbmqcjlbmjeaqyg/Build/Intermediates.noindex/AppCheck.build/Debug-iphonesimulator/AppCheckCore.build/Objects-normal/arm64/GACDeviceCheckProvider.d --serialize-diagnostics /Users/fukushimatakumi/Library/Developer/Xcode/DerivedData/SugarBeat-hgoxfxbbugxkfsbmqcjlbmjeaqyg/Build/Intermediates.noindex/AppCheck.build/Debug-iphonesimulator/AppCheckCore.build/Objects-normal/arm64/GACDeviceCheckProvider.dia -c /Users/fukushimatakumi/Library/Developer/Xcode/DerivedData/SugarBeat-hgoxfxbbugxkfsbmqcjlbmjeaqyg/SourcePackages/checkouts/app-check/AppCheckCore/Sources/DeviceCheckProvider/GACDeviceCheckProvider.m -o /Users/fukushimatakumi/Library/Developer/Xcode/DerivedData/SugarBeat-hgoxfxbbugxkfsbmqcjlbmjeaqyg/Build/Intermediates.noindex/AppCheck.build/Debug-iphonesimulator/AppCheckCore.build/Objects-normal/arm64/GACDeviceCheckProvider.o -index-unit-output-path /AppCheck.build/Debug-iphonesimulator/AppCheckCore.build/Objects-normal/arm64/GACDeviceCheckProvider.o

CompileC /Users/fukushimatakumi/Library/Developer/Xcode/DerivedData/SugarBeat-hgoxfxbbugxkfsbmqcjlbmjeaqyg/Build/Intermediates.noindex/AppCheck.build/Debug-iphonesimulator/AppCheckCore.build/Objects-normal/arm64/GACDeviceCheckAPIService.o /Users/fukushimatakumi/Library/Developer/Xcode/DerivedData/SugarBeat-hgoxfxbbugxkfsbmqcjlbmjeaqyg/SourcePackages/checkouts/app-check/AppCheckCore/Sources/DeviceCheckProvider/API/GACDeviceCheckAPIService.m normal arm64 objective-c com.apple.compilers.llvm.clang.1_0.compiler (in target 'AppCheckCore' from project 'AppCheck')
    cd /Users/fukushimatakumi/develop/sugarbeat/sugarbeat-front
    
    Using response file: /Users/fukushimatakumi/Library/Developer/Xcode/DerivedData/SugarBeat-hgoxfxbbugxkfsbmqcjlbmjeaqyg/Build/Intermediates.noindex/AppCheck.build/Debug-iphonesimulator/AppCheckCore.build/Objects-normal/arm64/e6072d4f65d7061329687fe24e3d63a7-common-args.resp
    
    /Applications/Xcode.app/Contents/Developer/Toolchains/XcodeDefault.xctoolchain/usr/bin/clang -x objective-c -ivfsstatcache /Users/fukushimatakumi/Library/Developer/Xcode/DerivedData/SDKStatCaches.noindex/iphonesimulator18.4-22E235-71825a6d136aa4733edcbe86ece5525b.sdkstatcache -fmessage-length\=0 -fdiagnostics-show-note-include-stack -fmacro-backtrace-limit\=0 -fno-color-diagnostics -fmodules-prune-interval\=86400 -fmodules-prune-after\=345600 -fbuild-session-file\=/Users/fukushimatakumi/Library/Developer/Xcode/DerivedData/ModuleCache.noindex/Session.modulevalidation -fmodules-validate-once-per-build-session -Wnon-modular-include-in-framework-module -Werror\=non-modular-include-in-framework-module -Wno-trigraphs -Wno-missing-field-initializers -Wno-missing-prototypes -Wno-return-type -Wno-implicit-atomic-properties -Wno-objc-interface-ivars -Wno-arc-repeated-use-of-weak -Wno-missing-braces -Wparentheses -Wswitch -Wno-unused-function -Wno-unused-label -Wno-unused-parameter -Wno-unused-variable -Wunused-value -Wno-empty-body -Wno-uninitialized -Wno-unknown-pragmas -w -Wno-shadow -Wno-four-char-constants -Wno-conversion -Wno-constant-conversion -Wno-int-conversion -Wno-bool-conversion -Wno-enum-conversion -Wno-float-conversion -Wno-non-literal-null-conversion -Wno-objc-literal-conversion -Wshorten-64-to-32 -Wpointer-sign -Wno-newline-eof -Wno-selector -Wno-strict-selector-match -Wno-undeclared-selector -Wno-deprecated-implementations -Wno-implicit-fallthrough -fstrict-aliasing -Wprotocol -Wdeprecated-declarations -Wno-sign-conversion -Wno-infinite-recursion -Wno-comma -Wno-block-capture-autoreleasing -Wno-strict-prototypes -Wno-semicolon-before-method-body -index-store-path /Users/fukushimatakumi/Library/Developer/Xcode/DerivedData/SugarBeat-hgoxfxbbugxkfsbmqcjlbmjeaqyg/Index.noindex/DataStore @/Users/fukushimatakumi/Library/Developer/Xcode/DerivedData/SugarBeat-hgoxfxbbugxkfsbmqcjlbmjeaqyg/Build/Intermediates.noindex/AppCheck.build/Debug-iphonesimulator/AppCheckCore.build/Objects-normal/arm64/e6072d4f65d7061329687fe24e3d63a7-common-args.resp -MMD -MT dependencies -MF /Users/fukushimatakumi/Library/Developer/Xcode/DerivedData/SugarBeat-hgoxfxbbugxkfsbmqcjlbmjeaqyg/Build/Intermediates.noindex/AppCheck.build/Debug-iphonesimulator/AppCheckCore.build/Objects-normal/arm64/GACDeviceCheckAPIService.d --serialize-diagnostics /Users/fukushimatakumi/Library/Developer/Xcode/DerivedData/SugarBeat-hgoxfxbbugxkfsbmqcjlbmjeaqyg/Build/Intermediates.noindex/AppCheck.build/Debug-iphonesimulator/AppCheckCore.build/Objects-normal/arm64/GACDeviceCheckAPIService.dia -c /Users/fukushimatakumi/Library/Developer/Xcode/DerivedData/SugarBeat-hgoxfxbbugxkfsbmqcjlbmjeaqyg/SourcePackages/checkouts/app-check/AppCheckCore/Sources/DeviceCheckProvider/API/GACDeviceCheckAPIService.m -o /Users/fukushimatakumi/Library/Developer/Xcode/DerivedData/SugarBeat-hgoxfxbbugxkfsbmqcjlbmjeaqyg/Build/Intermediates.noindex/AppCheck.build/Debug-iphonesimulator/AppCheckCore.build/Objects-normal/arm64/GACDeviceCheckAPIService.o -index-unit-output-path /AppCheck.build/Debug-iphonesimulator/AppCheckCore.build/Objects-normal/arm64/GACDeviceCheckAPIService.o

RegisterExecutionPolicyException /Users/fukushimatakumi/Library/Developer/Xcode/DerivedData/SugarBeat-hgoxfxbbugxkfsbmqcjlbmjeaqyg/Build/Products/Debug-iphonesimulator/nanopb_nanopb.bundle (in target 'nanopb_nanopb' from project 'nanopb')
    cd /Users/fukushimatakumi/Library/Developer/Xcode/DerivedData/SugarBeat-hgoxfxbbugxkfsbmqcjlbmjeaqyg/SourcePackages/checkouts/nanopb
    builtin-RegisterExecutionPolicyException /Users/fukushimatakumi/Library/Developer/Xcode/DerivedData/SugarBeat-hgoxfxbbugxkfsbmqcjlbmjeaqyg/Build/Products/Debug-iphonesimulator/nanopb_nanopb.bundle

RegisterExecutionPolicyException /Users/fukushimatakumi/Library/Developer/Xcode/DerivedData/SugarBeat-hgoxfxbbugxkfsbmqcjlbmjeaqyg/Build/Products/Debug-iphonesimulator/gRPC_opensslWrapper.bundle (in target 'gRPC_opensslWrapper' from project 'gRPC')
    cd /Users/fukushimatakumi/Library/Developer/Xcode/DerivedData/SugarBeat-hgoxfxbbugxkfsbmqcjlbmjeaqyg/SourcePackages/checkouts/grpc-binary
    builtin-RegisterExecutionPolicyException /Users/fukushimatakumi/Library/Developer/Xcode/DerivedData/SugarBeat-hgoxfxbbugxkfsbmqcjlbmjeaqyg/Build/Products/Debug-iphonesimulator/gRPC_opensslWrapper.bundle

RegisterExecutionPolicyException /Users/fukushimatakumi/Library/Developer/Xcode/DerivedData/SugarBeat-hgoxfxbbugxkfsbmqcjlbmjeaqyg/Build/Products/Debug-iphonesimulator/leveldb_leveldb.bundle (in target 'leveldb_leveldb' from project 'leveldb')
    cd /Users/fukushimatakumi/Library/Developer/Xcode/DerivedData/SugarBeat-hgoxfxbbugxkfsbmqcjlbmjeaqyg/SourcePackages/checkouts/leveldb
    builtin-RegisterExecutionPolicyException /Users/fukushimatakumi/Library/Developer/Xcode/DerivedData/SugarBeat-hgoxfxbbugxkfsbmqcjlbmjeaqyg/Build/Products/Debug-iphonesimulator/leveldb_leveldb.bundle

RegisterExecutionPolicyException /Users/fukushimatakumi/Library/Developer/Xcode/DerivedData/SugarBeat-hgoxfxbbugxkfsbmqcjlbmjeaqyg/Build/Products/Debug-iphonesimulator/third-party-IsAppEncrypted.o (in target 'third-party-IsAppEncrypted' from project 'GoogleUtilities')
    cd /Users/fukushimatakumi/Library/Developer/Xcode/DerivedData/SugarBeat-hgoxfxbbugxkfsbmqcjlbmjeaqyg/SourcePackages/checkouts/GoogleUtilities
    builtin-RegisterExecutionPolicyException /Users/fukushimatakumi/Library/Developer/Xcode/DerivedData/SugarBeat-hgoxfxbbugxkfsbmqcjlbmjeaqyg/Build/Products/Debug-iphonesimulator/third-party-IsAppEncrypted.o

RegisterExecutionPolicyException /Users/fukushimatakumi/Library/Developer/Xcode/DerivedData/SugarBeat-hgoxfxbbugxkfsbmqcjlbmjeaqyg/Build/Products/Debug-iphonesimulator/gRPC_grpcppWrapper.bundle (in target 'gRPC_grpcppWrapper' from project 'gRPC')
    cd /Users/fukushimatakumi/Library/Developer/Xcode/DerivedData/SugarBeat-hgoxfxbbugxkfsbmqcjlbmjeaqyg/SourcePackages/checkouts/grpc-binary
    builtin-RegisterExecutionPolicyException /Users/fukushimatakumi/Library/Developer/Xcode/DerivedData/SugarBeat-hgoxfxbbugxkfsbmqcjlbmjeaqyg/Build/Products/Debug-iphonesimulator/gRPC_grpcppWrapper.bundle

RegisterExecutionPolicyException /Users/fukushimatakumi/Library/Developer/Xcode/DerivedData/SugarBeat-hgoxfxbbugxkfsbmqcjlbmjeaqyg/Build/Products/Debug-iphonesimulator/gRPC_grpcWrapper.bundle (in target 'gRPC_grpcWrapper' from project 'gRPC')
    cd /Users/fukushimatakumi/Library/Developer/Xcode/DerivedData/SugarBeat-hgoxfxbbugxkfsbmqcjlbmjeaqyg/SourcePackages/checkouts/grpc-binary
    builtin-RegisterExecutionPolicyException /Users/fukushimatakumi/Library/Developer/Xcode/DerivedData/SugarBeat-hgoxfxbbugxkfsbmqcjlbmjeaqyg/Build/Products/Debug-iphonesimulator/gRPC_grpcWrapper.bundle

RegisterExecutionPolicyException /Users/fukushimatakumi/Library/Developer/Xcode/DerivedData/SugarBeat-hgoxfxbbugxkfsbmqcjlbmjeaqyg/Build/Products/Debug-iphonesimulator/abseil_abslWrapper.bundle (in target 'abseil_abslWrapper' from project 'abseil')
    cd /Users/fukushimatakumi/Library/Developer/Xcode/DerivedData/SugarBeat-hgoxfxbbugxkfsbmqcjlbmjeaqyg/SourcePackages/checkouts/abseil-cpp-binary
    builtin-RegisterExecutionPolicyException /Users/fukushimatakumi/Library/Developer/Xcode/DerivedData/SugarBeat-hgoxfxbbugxkfsbmqcjlbmjeaqyg/Build/Products/Debug-iphonesimulator/abseil_abslWrapper.bundle

WriteAuxiliaryFile /Users/fukushimatakumi/Library/Developer/Xcode/DerivedData/SugarBeat-hgoxfxbbugxkfsbmqcjlbmjeaqyg/Build/Intermediates.noindex/gRPC.build/Debug-iphonesimulator/grpcppWrapper.build/grpcppWrapper.modulemap (in target 'grpcppWrapper' from project 'gRPC')
    cd /Users/fukushimatakumi/Library/Developer/Xcode/DerivedData/SugarBeat-hgoxfxbbugxkfsbmqcjlbmjeaqyg/SourcePackages/checkouts/grpc-binary
    write-file /Users/fukushimatakumi/Library/Developer/Xcode/DerivedData/SugarBeat-hgoxfxbbugxkfsbmqcjlbmjeaqyg/Build/Intermediates.noindex/gRPC.build/Debug-iphonesimulator/grpcppWrapper.build/grpcppWrapper.modulemap

WriteAuxiliaryFile /Users/fukushimatakumi/Library/Developer/Xcode/DerivedData/SugarBeat-hgoxfxbbugxkfsbmqcjlbmjeaqyg/Build/Intermediates.noindex/gRPC.build/Debug-iphonesimulator/grpcppWrapper.build/grpcppWrapper.DependencyStaticMetadataFileList (in target 'grpcppWrapper' from project 'gRPC')
    cd /Users/fukushimatakumi/Library/Developer/Xcode/DerivedData/SugarBeat-hgoxfxbbugxkfsbmqcjlbmjeaqyg/SourcePackages/checkouts/grpc-binary
    write-file /Users/fukushimatakumi/Library/Developer/Xcode/DerivedData/SugarBeat-hgoxfxbbugxkfsbmqcjlbmjeaqyg/Build/Intermediates.noindex/gRPC.build/Debug-iphonesimulator/grpcppWrapper.build/grpcppWrapper.DependencyStaticMetadataFileList

WriteAuxiliaryFile /Users/fukushimatakumi/Library/Developer/Xcode/DerivedData/SugarBeat-hgoxfxbbugxkfsbmqcjlbmjeaqyg/Build/Intermediates.noindex/gRPC.build/Debug-iphonesimulator/grpcppWrapper.build/grpcppWrapper.DependencyMetadataFileList (in target 'grpcppWrapper' from project 'gRPC')
    cd /Users/fukushimatakumi/Library/Developer/Xcode/DerivedData/SugarBeat-hgoxfxbbugxkfsbmqcjlbmjeaqyg/SourcePackages/checkouts/grpc-binary
    write-file /Users/fukushimatakumi/Library/Developer/Xcode/DerivedData/SugarBeat-hgoxfxbbugxkfsbmqcjlbmjeaqyg/Build/Intermediates.noindex/gRPC.build/Debug-iphonesimulator/grpcppWrapper.build/grpcppWrapper.DependencyMetadataFileList

WriteAuxiliaryFile /Users/fukushimatakumi/Library/Developer/Xcode/DerivedData/SugarBeat-hgoxfxbbugxkfsbmqcjlbmjeaqyg/Build/Intermediates.noindex/gRPC.build/Debug-iphonesimulator/grpcppWrapper.build/Objects-normal/arm64/grpcppWrapper.LinkFileList (in target 'grpcppWrapper' from project 'gRPC')
    cd /Users/fukushimatakumi/Library/Developer/Xcode/DerivedData/SugarBeat-hgoxfxbbugxkfsbmqcjlbmjeaqyg/SourcePackages/checkouts/grpc-binary
    write-file /Users/fukushimatakumi/Library/Developer/Xcode/DerivedData/SugarBeat-hgoxfxbbugxkfsbmqcjlbmjeaqyg/Build/Intermediates.noindex/gRPC.build/Debug-iphonesimulator/grpcppWrapper.build/Objects-normal/arm64/grpcppWrapper.LinkFileList

WriteAuxiliaryFile /Users/fukushimatakumi/Library/Developer/Xcode/DerivedData/SugarBeat-hgoxfxbbugxkfsbmqcjlbmjeaqyg/Build/Intermediates.noindex/gRPC.build/Debug-iphonesimulator/grpcppWrapper.build/Objects-normal/arm64/e6072d4f65d7061329687fe24e3d63a7-common-args.resp (in target 'grpcppWrapper' from project 'gRPC')
    cd /Users/fukushimatakumi/Library/Developer/Xcode/DerivedData/SugarBeat-hgoxfxbbugxkfsbmqcjlbmjeaqyg/SourcePackages/checkouts/grpc-binary
    write-file /Users/fukushimatakumi/Library/Developer/Xcode/DerivedData/SugarBeat-hgoxfxbbugxkfsbmqcjlbmjeaqyg/Build/Intermediates.noindex/gRPC.build/Debug-iphonesimulator/grpcppWrapper.build/Objects-normal/arm64/e6072d4f65d7061329687fe24e3d63a7-common-args.resp
-target arm64-apple-ios12.0-simulator -fobjc-arc -fmodules -gmodules '-fmodules-cache-path=/Users/fukushimatakumi/Library/Developer/Xcode/DerivedData/ModuleCache.noindex' '-fmodule-name=grpcppWrapper' -fpascal-strings -O0 -DSWIFT_PACKAGE '-DDEBUG=1' '-DOBJC_OLD_DISPATCH_PROTOTYPES=1' -isysroot /Applications/Xcode.app/Contents/Developer/Platforms/iPhoneSimulator.platform/Developer/SDKs/iPhoneSimulator18.4.sdk -g '-fobjc-abi-version=2' -fobjc-legacy-dispatch -I/Users/fukushimatakumi/Library/Developer/Xcode/DerivedData/SugarBeat-hgoxfxbbugxkfsbmqcjlbmjeaqyg/SourcePackages/checkouts/abseil-cpp-binary/absl-Wrapper/include -I/Users/fukushimatakumi/Library/Developer/Xcode/DerivedData/SugarBeat-hgoxfxbbugxkfsbmqcjlbmjeaqyg/SourcePackages/checkouts/grpc-binary/openssl-grpc-Wrapper/include -I/Users/fukushimatakumi/Library/Developer/Xcode/DerivedData/SugarBeat-hgoxfxbbugxkfsbmqcjlbmjeaqyg/SourcePackages/checkouts/grpc-binary/grpc-Wrapper/include -I/Users/fukushimatakumi/Library/Developer/Xcode/DerivedData/SugarBeat-hgoxfxbbugxkfsbmqcjlbmjeaqyg/Build/Products/Debug-iphonesimulator/include -I/Users/fukushimatakumi/Library/Developer/Xcode/DerivedData/SugarBeat-hgoxfxbbugxkfsbmqcjlbmjeaqyg/SourcePackages/checkouts/grpc-binary/grpcpp-Wrapper/include -I/Users/fukushimatakumi/Library/Developer/Xcode/DerivedData/SugarBeat-hgoxfxbbugxkfsbmqcjlbmjeaqyg/Build/Intermediates.noindex/gRPC.build/Debug-iphonesimulator/grpcppWrapper.build/DerivedSources-normal/arm64 -I/Users/fukushimatakumi/Library/Developer/Xcode/DerivedData/SugarBeat-hgoxfxbbugxkfsbmqcjlbmjeaqyg/Build/Intermediates.noindex/gRPC.build/Debug-iphonesimulator/grpcppWrapper.build/DerivedSources/arm64 -I/Users/fukushimatakumi/Library/Developer/Xcode/DerivedData/SugarBeat-hgoxfxbbugxkfsbmqcjlbmjeaqyg/Build/Intermediates.noindex/gRPC.build/Debug-iphonesimulator/grpcppWrapper.build/DerivedSources -F/Users/fukushimatakumi/Library/Developer/Xcode/DerivedData/SugarBeat-hgoxfxbbugxkfsbmqcjlbmjeaqyg/Build/Products/Debug-iphonesimulator/PackageFrameworks -F/Users/fukushimatakumi/Library/Developer/Xcode/DerivedData/SugarBeat-hgoxfxbbugxkfsbmqcjlbmjeaqyg/Build/Products/Debug-iphonesimulator/PackageFrameworks -F/Users/fukushimatakumi/Library/Developer/Xcode/DerivedData/SugarBeat-hgoxfxbbugxkfsbmqcjlbmjeaqyg/Build/Products/Debug-iphonesimulator/PackageFrameworks -F/Users/fukushimatakumi/Library/Developer/Xcode/DerivedData/SugarBeat-hgoxfxbbugxkfsbmqcjlbmjeaqyg/Build/Products/Debug-iphonesimulator -iframework /Applications/Xcode.app/Contents/Developer/Platforms/iPhoneSimulator.platform/Developer/Library/Frameworks -iframework /Applications/Xcode.app/Contents/Developer/Platforms/iPhoneSimulator.platform/Developer/SDKs/iPhoneSimulator18.4.sdk/Developer/Library/Frameworks '-fmodule-map-file=/Users/fukushimatakumi/Library/Developer/Xcode/DerivedData/SugarBeat-hgoxfxbbugxkfsbmqcjlbmjeaqyg/Build/Intermediates.noindex/GeneratedModuleMaps-iphonesimulator/abslWrapper.modulemap' '-fmodule-map-file=/Users/fukushimatakumi/Library/Developer/Xcode/DerivedData/SugarBeat-hgoxfxbbugxkfsbmqcjlbmjeaqyg/Build/Intermediates.noindex/GeneratedModuleMaps-iphonesimulator/opensslWrapper.modulemap' '-fmodule-map-file=/Users/fukushimatakumi/Library/Developer/Xcode/DerivedData/SugarBeat-hgoxfxbbugxkfsbmqcjlbmjeaqyg/Build/Intermediates.noindex/GeneratedModuleMaps-iphonesimulator/grpcWrapper.modulemap' -DXcode

WriteAuxiliaryFile /Users/fukushimatakumi/Library/Developer/Xcode/DerivedData/SugarBeat-hgoxfxbbugxkfsbmqcjlbmjeaqyg/Build/Intermediates.noindex/gRPC.build/Debug-iphonesimulator/grpcppWrapper.build/DerivedSources/resource_bundle_accessor.h (in target 'grpcppWrapper' from project 'gRPC')
    cd /Users/fukushimatakumi/Library/Developer/Xcode/DerivedData/SugarBeat-hgoxfxbbugxkfsbmqcjlbmjeaqyg/SourcePackages/checkouts/grpc-binary
    write-file /Users/fukushimatakumi/Library/Developer/Xcode/DerivedData/SugarBeat-hgoxfxbbugxkfsbmqcjlbmjeaqyg/Build/Intermediates.noindex/gRPC.build/Debug-iphonesimulator/grpcppWrapper.build/DerivedSources/resource_bundle_accessor.h

WriteAuxiliaryFile /Users/fukushimatakumi/Library/Developer/Xcode/DerivedData/SugarBeat-hgoxfxbbugxkfsbmqcjlbmjeaqyg/Build/Intermediates.noindex/gRPC.build/Debug-iphonesimulator/grpcppWrapper.build/DerivedSources/resource_bundle_accessor.m (in target 'grpcppWrapper' from project 'gRPC')
    cd /Users/fukushimatakumi/Library/Developer/Xcode/DerivedData/SugarBeat-hgoxfxbbugxkfsbmqcjlbmjeaqyg/SourcePackages/checkouts/grpc-binary
    write-file /Users/fukushimatakumi/Library/Developer/Xcode/DerivedData/SugarBeat-hgoxfxbbugxkfsbmqcjlbmjeaqyg/Build/Intermediates.noindex/gRPC.build/Debug-iphonesimulator/grpcppWrapper.build/DerivedSources/resource_bundle_accessor.m

Copy /Users/fukushimatakumi/Library/Developer/Xcode/DerivedData/SugarBeat-hgoxfxbbugxkfsbmqcjlbmjeaqyg/Build/Intermediates.noindex/GeneratedModuleMaps-iphonesimulator/grpcppWrapper.modulemap /Users/fukushimatakumi/Library/Developer/Xcode/DerivedData/SugarBeat-hgoxfxbbugxkfsbmqcjlbmjeaqyg/Build/Intermediates.noindex/gRPC.build/Debug-iphonesimulator/grpcppWrapper.build/grpcppWrapper.modulemap (in target 'grpcppWrapper' from project 'gRPC')
    cd /Users/fukushimatakumi/Library/Developer/Xcode/DerivedData/SugarBeat-hgoxfxbbugxkfsbmqcjlbmjeaqyg/SourcePackages/checkouts/grpc-binary
    builtin-copy -exclude .DS_Store -exclude CVS -exclude .svn -exclude .git -exclude .hg -resolve-src-symlinks /Users/fukushimatakumi/Library/Developer/Xcode/DerivedData/SugarBeat-hgoxfxbbugxkfsbmqcjlbmjeaqyg/Build/Intermediates.noindex/gRPC.build/Debug-iphonesimulator/grpcppWrapper.build/grpcppWrapper.modulemap /Users/fukushimatakumi/Library/Developer/Xcode/DerivedData/SugarBeat-hgoxfxbbugxkfsbmqcjlbmjeaqyg/Build/Intermediates.noindex/GeneratedModuleMaps-iphonesimulator

WriteAuxiliaryFile /Users/fukushimatakumi/Library/Developer/Xcode/DerivedData/SugarBeat-hgoxfxbbugxkfsbmqcjlbmjeaqyg/Build/Intermediates.noindex/SugarBeat.build/Debug-iphonesimulator/SugarBeat.build/SugarBeat.hmap (in target 'SugarBeat' from project 'SugarBeat')
    cd /Users/fukushimatakumi/develop/sugarbeat/sugarbeat-front
    write-file /Users/fukushimatakumi/Library/Developer/Xcode/DerivedData/SugarBeat-hgoxfxbbugxkfsbmqcjlbmjeaqyg/Build/Intermediates.noindex/SugarBeat.build/Debug-iphonesimulator/SugarBeat.build/SugarBeat.hmap

WriteAuxiliaryFile /Users/fukushimatakumi/Library/Developer/Xcode/DerivedData/SugarBeat-hgoxfxbbugxkfsbmqcjlbmjeaqyg/Build/Intermediates.noindex/SugarBeat.build/Debug-iphonesimulator/SugarBeat.build/SugarBeat.DependencyStaticMetadataFileList (in target 'SugarBeat' from project 'SugarBeat')
    cd /Users/fukushimatakumi/develop/sugarbeat/sugarbeat-front
    write-file /Users/fukushimatakumi/Library/Developer/Xcode/DerivedData/SugarBeat-hgoxfxbbugxkfsbmqcjlbmjeaqyg/Build/Intermediates.noindex/SugarBeat.build/Debug-iphonesimulator/SugarBeat.build/SugarBeat.DependencyStaticMetadataFileList

WriteAuxiliaryFile /Users/fukushimatakumi/Library/Developer/Xcode/DerivedData/SugarBeat-hgoxfxbbugxkfsbmqcjlbmjeaqyg/Build/Intermediates.noindex/SugarBeat.build/Debug-iphonesimulator/SugarBeat.build/SugarBeat.DependencyMetadataFileList (in target 'SugarBeat' from project 'SugarBeat')
    cd /Users/fukushimatakumi/develop/sugarbeat/sugarbeat-front
    write-file /Users/fukushimatakumi/Library/Developer/Xcode/DerivedData/SugarBeat-hgoxfxbbugxkfsbmqcjlbmjeaqyg/Build/Intermediates.noindex/SugarBeat.build/Debug-iphonesimulator/SugarBeat.build/SugarBeat.DependencyMetadataFileList

WriteAuxiliaryFile /Users/fukushimatakumi/Library/Developer/Xcode/DerivedData/SugarBeat-hgoxfxbbugxkfsbmqcjlbmjeaqyg/Build/Intermediates.noindex/SugarBeat.build/Debug-iphonesimulator/SugarBeat.build/SugarBeat-project-headers.hmap (in target 'SugarBeat' from project 'SugarBeat')
    cd /Users/fukushimatakumi/develop/sugarbeat/sugarbeat-front
    write-file /Users/fukushimatakumi/Library/Developer/Xcode/DerivedData/SugarBeat-hgoxfxbbugxkfsbmqcjlbmjeaqyg/Build/Intermediates.noindex/SugarBeat.build/Debug-iphonesimulator/SugarBeat.build/SugarBeat-project-headers.hmap

WriteAuxiliaryFile /Users/fukushimatakumi/Library/Developer/Xcode/DerivedData/SugarBeat-hgoxfxbbugxkfsbmqcjlbmjeaqyg/Build/Intermediates.noindex/SugarBeat.build/Debug-iphonesimulator/SugarBeat.build/SugarBeat-own-target-headers.hmap (in target 'SugarBeat' from project 'SugarBeat')
    cd /Users/fukushimatakumi/develop/sugarbeat/sugarbeat-front
    write-file /Users/fukushimatakumi/Library/Developer/Xcode/DerivedData/SugarBeat-hgoxfxbbugxkfsbmqcjlbmjeaqyg/Build/Intermediates.noindex/SugarBeat.build/Debug-iphonesimulator/SugarBeat.build/SugarBeat-own-target-headers.hmap

WriteAuxiliaryFile /Users/fukushimatakumi/Library/Developer/Xcode/DerivedData/SugarBeat-hgoxfxbbugxkfsbmqcjlbmjeaqyg/Build/Intermediates.noindex/SugarBeat.build/Debug-iphonesimulator/SugarBeat.build/SugarBeat-generated-files.hmap (in target 'SugarBeat' from project 'SugarBeat')
    cd /Users/fukushimatakumi/develop/sugarbeat/sugarbeat-front
    write-file /Users/fukushimatakumi/Library/Developer/Xcode/DerivedData/SugarBeat-hgoxfxbbugxkfsbmqcjlbmjeaqyg/Build/Intermediates.noindex/SugarBeat.build/Debug-iphonesimulator/SugarBeat.build/SugarBeat-generated-files.hmap

WriteAuxiliaryFile /Users/fukushimatakumi/Library/Developer/Xcode/DerivedData/SugarBeat-hgoxfxbbugxkfsbmqcjlbmjeaqyg/Build/Intermediates.noindex/SugarBeat.build/Debug-iphonesimulator/SugarBeat.build/SugarBeat-all-target-headers.hmap (in target 'SugarBeat' from project 'SugarBeat')
    cd /Users/fukushimatakumi/develop/sugarbeat/sugarbeat-front
    write-file /Users/fukushimatakumi/Library/Developer/Xcode/DerivedData/SugarBeat-hgoxfxbbugxkfsbmqcjlbmjeaqyg/Build/Intermediates.noindex/SugarBeat.build/Debug-iphonesimulator/SugarBeat.build/SugarBeat-all-target-headers.hmap

WriteAuxiliaryFile /Users/fukushimatakumi/Library/Developer/Xcode/DerivedData/SugarBeat-hgoxfxbbugxkfsbmqcjlbmjeaqyg/Build/Intermediates.noindex/SugarBeat.build/Debug-iphonesimulator/SugarBeat.build/SugarBeat-all-non-framework-target-headers.hmap (in target 'SugarBeat' from project 'SugarBeat')
    cd /Users/fukushimatakumi/develop/sugarbeat/sugarbeat-front
    write-file /Users/fukushimatakumi/Library/Developer/Xcode/DerivedData/SugarBeat-hgoxfxbbugxkfsbmqcjlbmjeaqyg/Build/Intermediates.noindex/SugarBeat.build/Debug-iphonesimulator/SugarBeat.build/SugarBeat-all-non-framework-target-headers.hmap

WriteAuxiliaryFile /Users/fukushimatakumi/Library/Developer/Xcode/DerivedData/SugarBeat-hgoxfxbbugxkfsbmqcjlbmjeaqyg/Build/Intermediates.noindex/SugarBeat.build/Debug-iphonesimulator/SugarBeat.build/SugarBeat-DebugDylibPath-normal-arm64.txt (in target 'SugarBeat' from project 'SugarBeat')
    cd /Users/fukushimatakumi/develop/sugarbeat/sugarbeat-front
    write-file /Users/fukushimatakumi/Library/Developer/Xcode/DerivedData/SugarBeat-hgoxfxbbugxkfsbmqcjlbmjeaqyg/Build/Intermediates.noindex/SugarBeat.build/Debug-iphonesimulator/SugarBeat.build/SugarBeat-DebugDylibPath-normal-arm64.txt

WriteAuxiliaryFile /Users/fukushimatakumi/Library/Developer/Xcode/DerivedData/SugarBeat-hgoxfxbbugxkfsbmqcjlbmjeaqyg/Build/Intermediates.noindex/SugarBeat.build/Debug-iphonesimulator/SugarBeat.build/SugarBeat-DebugDylibInstallName-normal-arm64.txt (in target 'SugarBeat' from project 'SugarBeat')
    cd /Users/fukushimatakumi/develop/sugarbeat/sugarbeat-front
    write-file /Users/fukushimatakumi/Library/Developer/Xcode/DerivedData/SugarBeat-hgoxfxbbugxkfsbmqcjlbmjeaqyg/Build/Intermediates.noindex/SugarBeat.build/Debug-iphonesimulator/SugarBeat.build/SugarBeat-DebugDylibInstallName-normal-arm64.txt

WriteAuxiliaryFile /Users/fukushimatakumi/Library/Developer/Xcode/DerivedData/SugarBeat-hgoxfxbbugxkfsbmqcjlbmjeaqyg/Build/Intermediates.noindex/SugarBeat.build/Debug-iphonesimulator/SugarBeat.build/Objects-normal/arm64/SugarBeat_const_extract_protocols.json (in target 'SugarBeat' from project 'SugarBeat')
    cd /Users/fukushimatakumi/develop/sugarbeat/sugarbeat-front
    write-file /Users/fukushimatakumi/Library/Developer/Xcode/DerivedData/SugarBeat-hgoxfxbbugxkfsbmqcjlbmjeaqyg/Build/Intermediates.noindex/SugarBeat.build/Debug-iphonesimulator/SugarBeat.build/Objects-normal/arm64/SugarBeat_const_extract_protocols.json

WriteAuxiliaryFile /Users/fukushimatakumi/Library/Developer/Xcode/DerivedData/SugarBeat-hgoxfxbbugxkfsbmqcjlbmjeaqyg/Build/Intermediates.noindex/SugarBeat.build/Debug-iphonesimulator/SugarBeat.build/Objects-normal/arm64/SugarBeat.SwiftFileList (in target 'SugarBeat' from project 'SugarBeat')
    cd /Users/fukushimatakumi/develop/sugarbeat/sugarbeat-front
    write-file /Users/fukushimatakumi/Library/Developer/Xcode/DerivedData/SugarBeat-hgoxfxbbugxkfsbmqcjlbmjeaqyg/Build/Intermediates.noindex/SugarBeat.build/Debug-iphonesimulator/SugarBeat.build/Objects-normal/arm64/SugarBeat.SwiftFileList

WriteAuxiliaryFile /Users/fukushimatakumi/Library/Developer/Xcode/DerivedData/SugarBeat-hgoxfxbbugxkfsbmqcjlbmjeaqyg/Build/Intermediates.noindex/SugarBeat.build/Debug-iphonesimulator/SugarBeat.build/Objects-normal/arm64/SugarBeat.SwiftConstValuesFileList (in target 'SugarBeat' from project 'SugarBeat')
    cd /Users/fukushimatakumi/develop/sugarbeat/sugarbeat-front
    write-file /Users/fukushimatakumi/Library/Developer/Xcode/DerivedData/SugarBeat-hgoxfxbbugxkfsbmqcjlbmjeaqyg/Build/Intermediates.noindex/SugarBeat.build/Debug-iphonesimulator/SugarBeat.build/Objects-normal/arm64/SugarBeat.SwiftConstValuesFileList

WriteAuxiliaryFile /Users/fukushimatakumi/Library/Developer/Xcode/DerivedData/SugarBeat-hgoxfxbbugxkfsbmqcjlbmjeaqyg/Build/Intermediates.noindex/SugarBeat.build/Debug-iphonesimulator/SugarBeat.build/Objects-normal/arm64/SugarBeat.LinkFileList (in target 'SugarBeat' from project 'SugarBeat')
    cd /Users/fukushimatakumi/develop/sugarbeat/sugarbeat-front
    write-file /Users/fukushimatakumi/Library/Developer/Xcode/DerivedData/SugarBeat-hgoxfxbbugxkfsbmqcjlbmjeaqyg/Build/Intermediates.noindex/SugarBeat.build/Debug-iphonesimulator/SugarBeat.build/Objects-normal/arm64/SugarBeat.LinkFileList

WriteAuxiliaryFile /Users/fukushimatakumi/Library/Developer/Xcode/DerivedData/SugarBeat-hgoxfxbbugxkfsbmqcjlbmjeaqyg/Build/Intermediates.noindex/SugarBeat.build/Debug-iphonesimulator/SugarBeat.build/Objects-normal/arm64/SugarBeat-OutputFileMap.json (in target 'SugarBeat' from project 'SugarBeat')
    cd /Users/fukushimatakumi/develop/sugarbeat/sugarbeat-front
    write-file /Users/fukushimatakumi/Library/Developer/Xcode/DerivedData/SugarBeat-hgoxfxbbugxkfsbmqcjlbmjeaqyg/Build/Intermediates.noindex/SugarBeat.build/Debug-iphonesimulator/SugarBeat.build/Objects-normal/arm64/SugarBeat-OutputFileMap.json

CompileC /Users/fukushimatakumi/Library/Developer/Xcode/DerivedData/SugarBeat-hgoxfxbbugxkfsbmqcjlbmjeaqyg/Build/Intermediates.noindex/AppCheck.build/Debug-iphonesimulator/AppCheckCore.build/Objects-normal/arm64/GACAppCheckTokenRefresher.o /Users/fukushimatakumi/Library/Developer/Xcode/DerivedData/SugarBeat-hgoxfxbbugxkfsbmqcjlbmjeaqyg/SourcePackages/checkouts/app-check/AppCheckCore/Sources/Core/TokenRefresh/GACAppCheckTokenRefresher.m normal arm64 objective-c com.apple.compilers.llvm.clang.1_0.compiler (in target 'AppCheckCore' from project 'AppCheck')
    cd /Users/fukushimatakumi/develop/sugarbeat/sugarbeat-front
    
    Using response file: /Users/fukushimatakumi/Library/Developer/Xcode/DerivedData/SugarBeat-hgoxfxbbugxkfsbmqcjlbmjeaqyg/Build/Intermediates.noindex/AppCheck.build/Debug-iphonesimulator/AppCheckCore.build/Objects-normal/arm64/e6072d4f65d7061329687fe24e3d63a7-common-args.resp
    
    /Applications/Xcode.app/Contents/Developer/Toolchains/XcodeDefault.xctoolchain/usr/bin/clang -x objective-c -ivfsstatcache /Users/fukushimatakumi/Library/Developer/Xcode/DerivedData/SDKStatCaches.noindex/iphonesimulator18.4-22E235-71825a6d136aa4733edcbe86ece5525b.sdkstatcache -fmessage-length\=0 -fdiagnostics-show-note-include-stack -fmacro-backtrace-limit\=0 -fno-color-diagnostics -fmodules-prune-interval\=86400 -fmodules-prune-after\=345600 -fbuild-session-file\=/Users/fukushimatakumi/Library/Developer/Xcode/DerivedData/ModuleCache.noindex/Session.modulevalidation -fmodules-validate-once-per-build-session -Wnon-modular-include-in-framework-module -Werror\=non-modular-include-in-framework-module -Wno-trigraphs -Wno-missing-field-initializers -Wno-missing-prototypes -Wno-return-type -Wno-implicit-atomic-properties -Wno-objc-interface-ivars -Wno-arc-repeated-use-of-weak -Wno-missing-braces -Wparentheses -Wswitch -Wno-unused-function -Wno-unused-label -Wno-unused-parameter -Wno-unused-variable -Wunused-value -Wno-empty-body -Wno-uninitialized -Wno-unknown-pragmas -w -Wno-shadow -Wno-four-char-constants -Wno-conversion -Wno-constant-conversion -Wno-int-conversion -Wno-bool-conversion -Wno-enum-conversion -Wno-float-conversion -Wno-non-literal-null-conversion -Wno-objc-literal-conversion -Wshorten-64-to-32 -Wpointer-sign -Wno-newline-eof -Wno-selector -Wno-strict-selector-match -Wno-undeclared-selector -Wno-deprecated-implementations -Wno-implicit-fallthrough -fstrict-aliasing -Wprotocol -Wdeprecated-declarations -Wno-sign-conversion -Wno-infinite-recursion -Wno-comma -Wno-block-capture-autoreleasing -Wno-strict-prototypes -Wno-semicolon-before-method-body -index-store-path /Users/fukushimatakumi/Library/Developer/Xcode/DerivedData/SugarBeat-hgoxfxbbugxkfsbmqcjlbmjeaqyg/Index.noindex/DataStore @/Users/fukushimatakumi/Library/Developer/Xcode/DerivedData/SugarBeat-hgoxfxbbugxkfsbmqcjlbmjeaqyg/Build/Intermediates.noindex/AppCheck.build/Debug-iphonesimulator/AppCheckCore.build/Objects-normal/arm64/e6072d4f65d7061329687fe24e3d63a7-common-args.resp -MMD -MT dependencies -MF /Users/fukushimatakumi/Library/Developer/Xcode/DerivedData/SugarBeat-hgoxfxbbugxkfsbmqcjlbmjeaqyg/Build/Intermediates.noindex/AppCheck.build/Debug-iphonesimulator/AppCheckCore.build/Objects-normal/arm64/GACAppCheckTokenRefresher.d --serialize-diagnostics /Users/fukushimatakumi/Library/Developer/Xcode/DerivedData/SugarBeat-hgoxfxbbugxkfsbmqcjlbmjeaqyg/Build/Intermediates.noindex/AppCheck.build/Debug-iphonesimulator/AppCheckCore.build/Objects-normal/arm64/GACAppCheckTokenRefresher.dia -c /Users/fukushimatakumi/Library/Developer/Xcode/DerivedData/SugarBeat-hgoxfxbbugxkfsbmqcjlbmjeaqyg/SourcePackages/checkouts/app-check/AppCheckCore/Sources/Core/TokenRefresh/GACAppCheckTokenRefresher.m -o /Users/fukushimatakumi/Library/Developer/Xcode/DerivedData/SugarBeat-hgoxfxbbugxkfsbmqcjlbmjeaqyg/Build/Intermediates.noindex/AppCheck.build/Debug-iphonesimulator/AppCheckCore.build/Objects-normal/arm64/GACAppCheckTokenRefresher.o -index-unit-output-path /AppCheck.build/Debug-iphonesimulator/AppCheckCore.build/Objects-normal/arm64/GACAppCheckTokenRefresher.o

WriteAuxiliaryFile /Users/fukushimatakumi/Library/Developer/Xcode/DerivedData/SugarBeat-hgoxfxbbugxkfsbmqcjlbmjeaqyg/Build/Intermediates.noindex/SugarBeat.build/Debug-iphonesimulator/SugarBeat.build/DerivedSources/Entitlements-Simulated.plist (in target 'SugarBeat' from project 'SugarBeat')
    cd /Users/fukushimatakumi/develop/sugarbeat/sugarbeat-front
    write-file /Users/fukushimatakumi/Library/Developer/Xcode/DerivedData/SugarBeat-hgoxfxbbugxkfsbmqcjlbmjeaqyg/Build/Intermediates.noindex/SugarBeat.build/Debug-iphonesimulator/SugarBeat.build/DerivedSources/Entitlements-Simulated.plist

CompileC /Users/fukushimatakumi/Library/Developer/Xcode/DerivedData/SugarBeat-hgoxfxbbugxkfsbmqcjlbmjeaqyg/Build/Intermediates.noindex/AppCheck.build/Debug-iphonesimulator/AppCheckCore.build/Objects-normal/arm64/GACAppCheckTokenRefreshResult.o /Users/fukushimatakumi/Library/Developer/Xcode/DerivedData/SugarBeat-hgoxfxbbugxkfsbmqcjlbmjeaqyg/SourcePackages/checkouts/app-check/AppCheckCore/Sources/Core/TokenRefresh/GACAppCheckTokenRefreshResult.m normal arm64 objective-c com.apple.compilers.llvm.clang.1_0.compiler (in target 'AppCheckCore' from project 'AppCheck')
    cd /Users/fukushimatakumi/develop/sugarbeat/sugarbeat-front
    
    Using response file: /Users/fukushimatakumi/Library/Developer/Xcode/DerivedData/SugarBeat-hgoxfxbbugxkfsbmqcjlbmjeaqyg/Build/Intermediates.noindex/AppCheck.build/Debug-iphonesimulator/AppCheckCore.build/Objects-normal/arm64/e6072d4f65d7061329687fe24e3d63a7-common-args.resp
    
    /Applications/Xcode.app/Contents/Developer/Toolchains/XcodeDefault.xctoolchain/usr/bin/clang -x objective-c -ivfsstatcache /Users/fukushimatakumi/Library/Developer/Xcode/DerivedData/SDKStatCaches.noindex/iphonesimulator18.4-22E235-71825a6d136aa4733edcbe86ece5525b.sdkstatcache -fmessage-length\=0 -fdiagnostics-show-note-include-stack -fmacro-backtrace-limit\=0 -fno-color-diagnostics -fmodules-prune-interval\=86400 -fmodules-prune-after\=345600 -fbuild-session-file\=/Users/fukushimatakumi/Library/Developer/Xcode/DerivedData/ModuleCache.noindex/Session.modulevalidation -fmodules-validate-once-per-build-session -Wnon-modular-include-in-framework-module -Werror\=non-modular-include-in-framework-module -Wno-trigraphs -Wno-missing-field-initializers -Wno-missing-prototypes -Wno-return-type -Wno-implicit-atomic-properties -Wno-objc-interface-ivars -Wno-arc-repeated-use-of-weak -Wno-missing-braces -Wparentheses -Wswitch -Wno-unused-function -Wno-unused-label -Wno-unused-parameter -Wno-unused-variable -Wunused-value -Wno-empty-body -Wno-uninitialized -Wno-unknown-pragmas -w -Wno-shadow -Wno-four-char-constants -Wno-conversion -Wno-constant-conversion -Wno-int-conversion -Wno-bool-conversion -Wno-enum-conversion -Wno-float-conversion -Wno-non-literal-null-conversion -Wno-objc-literal-conversion -Wshorten-64-to-32 -Wpointer-sign -Wno-newline-eof -Wno-selector -Wno-strict-selector-match -Wno-undeclared-selector -Wno-deprecated-implementations -Wno-implicit-fallthrough -fstrict-aliasing -Wprotocol -Wdeprecated-declarations -Wno-sign-conversion -Wno-infinite-recursion -Wno-comma -Wno-block-capture-autoreleasing -Wno-strict-prototypes -Wno-semicolon-before-method-body -index-store-path /Users/fukushimatakumi/Library/Developer/Xcode/DerivedData/SugarBeat-hgoxfxbbugxkfsbmqcjlbmjeaqyg/Index.noindex/DataStore @/Users/fukushimatakumi/Library/Developer/Xcode/DerivedData/SugarBeat-hgoxfxbbugxkfsbmqcjlbmjeaqyg/Build/Intermediates.noindex/AppCheck.build/Debug-iphonesimulator/AppCheckCore.build/Objects-normal/arm64/e6072d4f65d7061329687fe24e3d63a7-common-args.resp -MMD -MT dependencies -MF /Users/fukushimatakumi/Library/Developer/Xcode/DerivedData/SugarBeat-hgoxfxbbugxkfsbmqcjlbmjeaqyg/Build/Intermediates.noindex/AppCheck.build/Debug-iphonesimulator/AppCheckCore.build/Objects-normal/arm64/GACAppCheckTokenRefreshResult.d --serialize-diagnostics /Users/fukushimatakumi/Library/Developer/Xcode/DerivedData/SugarBeat-hgoxfxbbugxkfsbmqcjlbmjeaqyg/Build/Intermediates.noindex/AppCheck.build/Debug-iphonesimulator/AppCheckCore.build/Objects-normal/arm64/GACAppCheckTokenRefreshResult.dia -c /Users/fukushimatakumi/Library/Developer/Xcode/DerivedData/SugarBeat-hgoxfxbbugxkfsbmqcjlbmjeaqyg/SourcePackages/checkouts/app-check/AppCheckCore/Sources/Core/TokenRefresh/GACAppCheckTokenRefreshResult.m -o /Users/fukushimatakumi/Library/Developer/Xcode/DerivedData/SugarBeat-hgoxfxbbugxkfsbmqcjlbmjeaqyg/Build/Intermediates.noindex/AppCheck.build/Debug-iphonesimulator/AppCheckCore.build/Objects-normal/arm64/GACAppCheckTokenRefreshResult.o -index-unit-output-path /AppCheck.build/Debug-iphonesimulator/AppCheckCore.build/Objects-normal/arm64/GACAppCheckTokenRefreshResult.o

CompileC /Users/fukushimatakumi/Library/Developer/Xcode/DerivedData/SugarBeat-hgoxfxbbugxkfsbmqcjlbmjeaqyg/Build/Intermediates.noindex/AppCheck.build/Debug-iphonesimulator/AppCheckCore.build/Objects-normal/arm64/GACAppCheckToken.o /Users/fukushimatakumi/Library/Developer/Xcode/DerivedData/SugarBeat-hgoxfxbbugxkfsbmqcjlbmjeaqyg/SourcePackages/checkouts/app-check/AppCheckCore/Sources/Core/GACAppCheckToken.m normal arm64 objective-c com.apple.compilers.llvm.clang.1_0.compiler (in target 'AppCheckCore' from project 'AppCheck')
    cd /Users/fukushimatakumi/develop/sugarbeat/sugarbeat-front
    
    Using response file: /Users/fukushimatakumi/Library/Developer/Xcode/DerivedData/SugarBeat-hgoxfxbbugxkfsbmqcjlbmjeaqyg/Build/Intermediates.noindex/AppCheck.build/Debug-iphonesimulator/AppCheckCore.build/Objects-normal/arm64/e6072d4f65d7061329687fe24e3d63a7-common-args.resp
    
    /Applications/Xcode.app/Contents/Developer/Toolchains/XcodeDefault.xctoolchain/usr/bin/clang -x objective-c -ivfsstatcache /Users/fukushimatakumi/Library/Developer/Xcode/DerivedData/SDKStatCaches.noindex/iphonesimulator18.4-22E235-71825a6d136aa4733edcbe86ece5525b.sdkstatcache -fmessage-length\=0 -fdiagnostics-show-note-include-stack -fmacro-backtrace-limit\=0 -fno-color-diagnostics -fmodules-prune-interval\=86400 -fmodules-prune-after\=345600 -fbuild-session-file\=/Users/fukushimatakumi/Library/Developer/Xcode/DerivedData/ModuleCache.noindex/Session.modulevalidation -fmodules-validate-once-per-build-session -Wnon-modular-include-in-framework-module -Werror\=non-modular-include-in-framework-module -Wno-trigraphs -Wno-missing-field-initializers -Wno-missing-prototypes -Wno-return-type -Wno-implicit-atomic-properties -Wno-objc-interface-ivars -Wno-arc-repeated-use-of-weak -Wno-missing-braces -Wparentheses -Wswitch -Wno-unused-function -Wno-unused-label -Wno-unused-parameter -Wno-unused-variable -Wunused-value -Wno-empty-body -Wno-uninitialized -Wno-unknown-pragmas -w -Wno-shadow -Wno-four-char-constants -Wno-conversion -Wno-constant-conversion -Wno-int-conversion -Wno-bool-conversion -Wno-enum-conversion -Wno-float-conversion -Wno-non-literal-null-conversion -Wno-objc-literal-conversion -Wshorten-64-to-32 -Wpointer-sign -Wno-newline-eof -Wno-selector -Wno-strict-selector-match -Wno-undeclared-selector -Wno-deprecated-implementations -Wno-implicit-fallthrough -fstrict-aliasing -Wprotocol -Wdeprecated-declarations -Wno-sign-conversion -Wno-infinite-recursion -Wno-comma -Wno-block-capture-autoreleasing -Wno-strict-prototypes -Wno-semicolon-before-method-body -index-store-path /Users/fukushimatakumi/Library/Developer/Xcode/DerivedData/SugarBeat-hgoxfxbbugxkfsbmqcjlbmjeaqyg/Index.noindex/DataStore @/Users/fukushimatakumi/Library/Developer/Xcode/DerivedData/SugarBeat-hgoxfxbbugxkfsbmqcjlbmjeaqyg/Build/Intermediates.noindex/AppCheck.build/Debug-iphonesimulator/AppCheckCore.build/Objects-normal/arm64/e6072d4f65d7061329687fe24e3d63a7-common-args.resp -MMD -MT dependencies -MF /Users/fukushimatakumi/Library/Developer/Xcode/DerivedData/SugarBeat-hgoxfxbbugxkfsbmqcjlbmjeaqyg/Build/Intermediates.noindex/AppCheck.build/Debug-iphonesimulator/AppCheckCore.build/Objects-normal/arm64/GACAppCheckToken.d --serialize-diagnostics /Users/fukushimatakumi/Library/Developer/Xcode/DerivedData/SugarBeat-hgoxfxbbugxkfsbmqcjlbmjeaqyg/Build/Intermediates.noindex/AppCheck.build/Debug-iphonesimulator/AppCheckCore.build/Objects-normal/arm64/GACAppCheckToken.dia -c /Users/fukushimatakumi/Library/Developer/Xcode/DerivedData/SugarBeat-hgoxfxbbugxkfsbmqcjlbmjeaqyg/SourcePackages/checkouts/app-check/AppCheckCore/Sources/Core/GACAppCheckToken.m -o /Users/fukushimatakumi/Library/Developer/Xcode/DerivedData/SugarBeat-hgoxfxbbugxkfsbmqcjlbmjeaqyg/Build/Intermediates.noindex/AppCheck.build/Debug-iphonesimulator/AppCheckCore.build/Objects-normal/arm64/GACAppCheckToken.o -index-unit-output-path /AppCheck.build/Debug-iphonesimulator/AppCheckCore.build/Objects-normal/arm64/GACAppCheckToken.o

CompileC /Users/fukushimatakumi/Library/Developer/Xcode/DerivedData/SugarBeat-hgoxfxbbugxkfsbmqcjlbmjeaqyg/Build/Intermediates.noindex/AppCheck.build/Debug-iphonesimulator/AppCheckCore.build/Objects-normal/arm64/GACAppCheckToken+APIResponse.o /Users/fukushimatakumi/Library/Developer/Xcode/DerivedData/SugarBeat-hgoxfxbbugxkfsbmqcjlbmjeaqyg/SourcePackages/checkouts/app-check/AppCheckCore/Sources/Core/APIService/GACAppCheckToken+APIResponse.m normal arm64 objective-c com.apple.compilers.llvm.clang.1_0.compiler (in target 'AppCheckCore' from project 'AppCheck')
    cd /Users/fukushimatakumi/develop/sugarbeat/sugarbeat-front
    
    Using response file: /Users/fukushimatakumi/Library/Developer/Xcode/DerivedData/SugarBeat-hgoxfxbbugxkfsbmqcjlbmjeaqyg/Build/Intermediates.noindex/AppCheck.build/Debug-iphonesimulator/AppCheckCore.build/Objects-normal/arm64/e6072d4f65d7061329687fe24e3d63a7-common-args.resp
    
    /Applications/Xcode.app/Contents/Developer/Toolchains/XcodeDefault.xctoolchain/usr/bin/clang -x objective-c -ivfsstatcache /Users/fukushimatakumi/Library/Developer/Xcode/DerivedData/SDKStatCaches.noindex/iphonesimulator18.4-22E235-71825a6d136aa4733edcbe86ece5525b.sdkstatcache -fmessage-length\=0 -fdiagnostics-show-note-include-stack -fmacro-backtrace-limit\=0 -fno-color-diagnostics -fmodules-prune-interval\=86400 -fmodules-prune-after\=345600 -fbuild-session-file\=/Users/fukushimatakumi/Library/Developer/Xcode/DerivedData/ModuleCache.noindex/Session.modulevalidation -fmodules-validate-once-per-build-session -Wnon-modular-include-in-framework-module -Werror\=non-modular-include-in-framework-module -Wno-trigraphs -Wno-missing-field-initializers -Wno-missing-prototypes -Wno-return-type -Wno-implicit-atomic-properties -Wno-objc-interface-ivars -Wno-arc-repeated-use-of-weak -Wno-missing-braces -Wparentheses -Wswitch -Wno-unused-function -Wno-unused-label -Wno-unused-parameter -Wno-unused-variable -Wunused-value -Wno-empty-body -Wno-uninitialized -Wno-unknown-pragmas -w -Wno-shadow -Wno-four-char-constants -Wno-conversion -Wno-constant-conversion -Wno-int-conversion -Wno-bool-conversion -Wno-enum-conversion -Wno-float-conversion -Wno-non-literal-null-conversion -Wno-objc-literal-conversion -Wshorten-64-to-32 -Wpointer-sign -Wno-newline-eof -Wno-selector -Wno-strict-selector-match -Wno-undeclared-selector -Wno-deprecated-implementations -Wno-implicit-fallthrough -fstrict-aliasing -Wprotocol -Wdeprecated-declarations -Wno-sign-conversion -Wno-infinite-recursion -Wno-comma -Wno-block-capture-autoreleasing -Wno-strict-prototypes -Wno-semicolon-before-method-body -index-store-path /Users/fukushimatakumi/Library/Developer/Xcode/DerivedData/SugarBeat-hgoxfxbbugxkfsbmqcjlbmjeaqyg/Index.noindex/DataStore @/Users/fukushimatakumi/Library/Developer/Xcode/DerivedData/SugarBeat-hgoxfxbbugxkfsbmqcjlbmjeaqyg/Build/Intermediates.noindex/AppCheck.build/Debug-iphonesimulator/AppCheckCore.build/Objects-normal/arm64/e6072d4f65d7061329687fe24e3d63a7-common-args.resp -MMD -MT dependencies -MF /Users/fukushimatakumi/Library/Developer/Xcode/DerivedData/SugarBeat-hgoxfxbbugxkfsbmqcjlbmjeaqyg/Build/Intermediates.noindex/AppCheck.build/Debug-iphonesimulator/AppCheckCore.build/Objects-normal/arm64/GACAppCheckToken+APIResponse.d --serialize-diagnostics /Users/fukushimatakumi/Library/Developer/Xcode/DerivedData/SugarBeat-hgoxfxbbugxkfsbmqcjlbmjeaqyg/Build/Intermediates.noindex/AppCheck.build/Debug-iphonesimulator/AppCheckCore.build/Objects-normal/arm64/GACAppCheckToken+APIResponse.dia -c /Users/fukushimatakumi/Library/Developer/Xcode/DerivedData/SugarBeat-hgoxfxbbugxkfsbmqcjlbmjeaqyg/SourcePackages/checkouts/app-check/AppCheckCore/Sources/Core/APIService/GACAppCheckToken+APIResponse.m -o /Users/fukushimatakumi/Library/Developer/Xcode/DerivedData/SugarBeat-hgoxfxbbugxkfsbmqcjlbmjeaqyg/Build/Intermediates.noindex/AppCheck.build/Debug-iphonesimulator/AppCheckCore.build/Objects-normal/arm64/GACAppCheckToken+APIResponse.o -index-unit-output-path /AppCheck.build/Debug-iphonesimulator/AppCheckCore.build/Objects-normal/arm64/GACAppCheckToken+APIResponse.o

CompileC /Users/fukushimatakumi/Library/Developer/Xcode/DerivedData/SugarBeat-hgoxfxbbugxkfsbmqcjlbmjeaqyg/Build/Intermediates.noindex/AppCheck.build/Debug-iphonesimulator/AppCheckCore.build/Objects-normal/arm64/GACAppCheckTimer.o /Users/fukushimatakumi/Library/Developer/Xcode/DerivedData/SugarBeat-hgoxfxbbugxkfsbmqcjlbmjeaqyg/SourcePackages/checkouts/app-check/AppCheckCore/Sources/Core/TokenRefresh/GACAppCheckTimer.m normal arm64 objective-c com.apple.compilers.llvm.clang.1_0.compiler (in target 'AppCheckCore' from project 'AppCheck')
    cd /Users/fukushimatakumi/develop/sugarbeat/sugarbeat-front
    
    Using response file: /Users/fukushimatakumi/Library/Developer/Xcode/DerivedData/SugarBeat-hgoxfxbbugxkfsbmqcjlbmjeaqyg/Build/Intermediates.noindex/AppCheck.build/Debug-iphonesimulator/AppCheckCore.build/Objects-normal/arm64/e6072d4f65d7061329687fe24e3d63a7-common-args.resp
    
    /Applications/Xcode.app/Contents/Developer/Toolchains/XcodeDefault.xctoolchain/usr/bin/clang -x objective-c -ivfsstatcache /Users/fukushimatakumi/Library/Developer/Xcode/DerivedData/SDKStatCaches.noindex/iphonesimulator18.4-22E235-71825a6d136aa4733edcbe86ece5525b.sdkstatcache -fmessage-length\=0 -fdiagnostics-show-note-include-stack -fmacro-backtrace-limit\=0 -fno-color-diagnostics -fmodules-prune-interval\=86400 -fmodules-prune-after\=345600 -fbuild-session-file\=/Users/fukushimatakumi/Library/Developer/Xcode/DerivedData/ModuleCache.noindex/Session.modulevalidation -fmodules-validate-once-per-build-session -Wnon-modular-include-in-framework-module -Werror\=non-modular-include-in-framework-module -Wno-trigraphs -Wno-missing-field-initializers -Wno-missing-prototypes -Wno-return-type -Wno-implicit-atomic-properties -Wno-objc-interface-ivars -Wno-arc-repeated-use-of-weak -Wno-missing-braces -Wparentheses -Wswitch -Wno-unused-function -Wno-unused-label -Wno-unused-parameter -Wno-unused-variable -Wunused-value -Wno-empty-body -Wno-uninitialized -Wno-unknown-pragmas -w -Wno-shadow -Wno-four-char-constants -Wno-conversion -Wno-constant-conversion -Wno-int-conversion -Wno-bool-conversion -Wno-enum-conversion -Wno-float-conversion -Wno-non-literal-null-conversion -Wno-objc-literal-conversion -Wshorten-64-to-32 -Wpointer-sign -Wno-newline-eof -Wno-selector -Wno-strict-selector-match -Wno-undeclared-selector -Wno-deprecated-implementations -Wno-implicit-fallthrough -fstrict-aliasing -Wprotocol -Wdeprecated-declarations -Wno-sign-conversion -Wno-infinite-recursion -Wno-comma -Wno-block-capture-autoreleasing -Wno-strict-prototypes -Wno-semicolon-before-method-body -index-store-path /Users/fukushimatakumi/Library/Developer/Xcode/DerivedData/SugarBeat-hgoxfxbbugxkfsbmqcjlbmjeaqyg/Index.noindex/DataStore @/Users/fukushimatakumi/Library/Developer/Xcode/DerivedData/SugarBeat-hgoxfxbbugxkfsbmqcjlbmjeaqyg/Build/Intermediates.noindex/AppCheck.build/Debug-iphonesimulator/AppCheckCore.build/Objects-normal/arm64/e6072d4f65d7061329687fe24e3d63a7-common-args.resp -MMD -MT dependencies -MF /Users/fukushimatakumi/Library/Developer/Xcode/DerivedData/SugarBeat-hgoxfxbbugxkfsbmqcjlbmjeaqyg/Build/Intermediates.noindex/AppCheck.build/Debug-iphonesimulator/AppCheckCore.build/Objects-normal/arm64/GACAppCheckTimer.d --serialize-diagnostics /Users/fukushimatakumi/Library/Developer/Xcode/DerivedData/SugarBeat-hgoxfxbbugxkfsbmqcjlbmjeaqyg/Build/Intermediates.noindex/AppCheck.build/Debug-iphonesimulator/AppCheckCore.build/Objects-normal/arm64/GACAppCheckTimer.dia -c /Users/fukushimatakumi/Library/Developer/Xcode/DerivedData/SugarBeat-hgoxfxbbugxkfsbmqcjlbmjeaqyg/SourcePackages/checkouts/app-check/AppCheckCore/Sources/Core/TokenRefresh/GACAppCheckTimer.m -o /Users/fukushimatakumi/Library/Developer/Xcode/DerivedData/SugarBeat-hgoxfxbbugxkfsbmqcjlbmjeaqyg/Build/Intermediates.noindex/AppCheck.build/Debug-iphonesimulator/AppCheckCore.build/Objects-normal/arm64/GACAppCheckTimer.o -index-unit-output-path /AppCheck.build/Debug-iphonesimulator/AppCheckCore.build/Objects-normal/arm64/GACAppCheckTimer.o

CompileC /Users/fukushimatakumi/Library/Developer/Xcode/DerivedData/SugarBeat-hgoxfxbbugxkfsbmqcjlbmjeaqyg/Build/Intermediates.noindex/AppCheck.build/Debug-iphonesimulator/AppCheckCore.build/Objects-normal/arm64/GACAppCheckStoredToken.o /Users/fukushimatakumi/Library/Developer/Xcode/DerivedData/SugarBeat-hgoxfxbbugxkfsbmqcjlbmjeaqyg/SourcePackages/checkouts/app-check/AppCheckCore/Sources/Core/Storage/GACAppCheckStoredToken.m normal arm64 objective-c com.apple.compilers.llvm.clang.1_0.compiler (in target 'AppCheckCore' from project 'AppCheck')
    cd /Users/fukushimatakumi/develop/sugarbeat/sugarbeat-front
    
    Using response file: /Users/fukushimatakumi/Library/Developer/Xcode/DerivedData/SugarBeat-hgoxfxbbugxkfsbmqcjlbmjeaqyg/Build/Intermediates.noindex/AppCheck.build/Debug-iphonesimulator/AppCheckCore.build/Objects-normal/arm64/e6072d4f65d7061329687fe24e3d63a7-common-args.resp
    
    /Applications/Xcode.app/Contents/Developer/Toolchains/XcodeDefault.xctoolchain/usr/bin/clang -x objective-c -ivfsstatcache /Users/fukushimatakumi/Library/Developer/Xcode/DerivedData/SDKStatCaches.noindex/iphonesimulator18.4-22E235-71825a6d136aa4733edcbe86ece5525b.sdkstatcache -fmessage-length\=0 -fdiagnostics-show-note-include-stack -fmacro-backtrace-limit\=0 -fno-color-diagnostics -fmodules-prune-interval\=86400 -fmodules-prune-after\=345600 -fbuild-session-file\=/Users/fukushimatakumi/Library/Developer/Xcode/DerivedData/ModuleCache.noindex/Session.modulevalidation -fmodules-validate-once-per-build-session -Wnon-modular-include-in-framework-module -Werror\=non-modular-include-in-framework-module -Wno-trigraphs -Wno-missing-field-initializers -Wno-missing-prototypes -Wno-return-type -Wno-implicit-atomic-properties -Wno-objc-interface-ivars -Wno-arc-repeated-use-of-weak -Wno-missing-braces -Wparentheses -Wswitch -Wno-unused-function -Wno-unused-label -Wno-unused-parameter -Wno-unused-variable -Wunused-value -Wno-empty-body -Wno-uninitialized -Wno-unknown-pragmas -w -Wno-shadow -Wno-four-char-constants -Wno-conversion -Wno-constant-conversion -Wno-int-conversion -Wno-bool-conversion -Wno-enum-conversion -Wno-float-conversion -Wno-non-literal-null-conversion -Wno-objc-literal-conversion -Wshorten-64-to-32 -Wpointer-sign -Wno-newline-eof -Wno-selector -Wno-strict-selector-match -Wno-undeclared-selector -Wno-deprecated-implementations -Wno-implicit-fallthrough -fstrict-aliasing -Wprotocol -Wdeprecated-declarations -Wno-sign-conversion -Wno-infinite-recursion -Wno-comma -Wno-block-capture-autoreleasing -Wno-strict-prototypes -Wno-semicolon-before-method-body -index-store-path /Users/fukushimatakumi/Library/Developer/Xcode/DerivedData/SugarBeat-hgoxfxbbugxkfsbmqcjlbmjeaqyg/Index.noindex/DataStore @/Users/fukushimatakumi/Library/Developer/Xcode/DerivedData/SugarBeat-hgoxfxbbugxkfsbmqcjlbmjeaqyg/Build/Intermediates.noindex/AppCheck.build/Debug-iphonesimulator/AppCheckCore.build/Objects-normal/arm64/e6072d4f65d7061329687fe24e3d63a7-common-args.resp -MMD -MT dependencies -MF /Users/fukushimatakumi/Library/Developer/Xcode/DerivedData/SugarBeat-hgoxfxbbugxkfsbmqcjlbmjeaqyg/Build/Intermediates.noindex/AppCheck.build/Debug-iphonesimulator/AppCheckCore.build/Objects-normal/arm64/GACAppCheckStoredToken.d --serialize-diagnostics /Users/fukushimatakumi/Library/Developer/Xcode/DerivedData/SugarBeat-hgoxfxbbugxkfsbmqcjlbmjeaqyg/Build/Intermediates.noindex/AppCheck.build/Debug-iphonesimulator/AppCheckCore.build/Objects-normal/arm64/GACAppCheckStoredToken.dia -c /Users/fukushimatakumi/Library/Developer/Xcode/DerivedData/SugarBeat-hgoxfxbbugxkfsbmqcjlbmjeaqyg/SourcePackages/checkouts/app-check/AppCheckCore/Sources/Core/Storage/GACAppCheckStoredToken.m -o /Users/fukushimatakumi/Library/Developer/Xcode/DerivedData/SugarBeat-hgoxfxbbugxkfsbmqcjlbmjeaqyg/Build/Intermediates.noindex/AppCheck.build/Debug-iphonesimulator/AppCheckCore.build/Objects-normal/arm64/GACAppCheckStoredToken.o -index-unit-output-path /AppCheck.build/Debug-iphonesimulator/AppCheckCore.build/Objects-normal/arm64/GACAppCheckStoredToken.o

CompileC /Users/fukushimatakumi/Library/Developer/Xcode/DerivedData/SugarBeat-hgoxfxbbugxkfsbmqcjlbmjeaqyg/Build/Intermediates.noindex/AppCheck.build/Debug-iphonesimulator/AppCheckCore.build/Objects-normal/arm64/GACAppCheckStoredToken+GACAppCheckToken.o /Users/fukushimatakumi/Library/Developer/Xcode/DerivedData/SugarBeat-hgoxfxbbugxkfsbmqcjlbmjeaqyg/SourcePackages/checkouts/app-check/AppCheckCore/Sources/Core/Storage/GACAppCheckStoredToken+GACAppCheckToken.m normal arm64 objective-c com.apple.compilers.llvm.clang.1_0.compiler (in target 'AppCheckCore' from project 'AppCheck')
    cd /Users/fukushimatakumi/develop/sugarbeat/sugarbeat-front
    
    Using response file: /Users/fukushimatakumi/Library/Developer/Xcode/DerivedData/SugarBeat-hgoxfxbbugxkfsbmqcjlbmjeaqyg/Build/Intermediates.noindex/AppCheck.build/Debug-iphonesimulator/AppCheckCore.build/Objects-normal/arm64/e6072d4f65d7061329687fe24e3d63a7-common-args.resp
    
    /Applications/Xcode.app/Contents/Developer/Toolchains/XcodeDefault.xctoolchain/usr/bin/clang -x objective-c -ivfsstatcache /Users/fukushimatakumi/Library/Developer/Xcode/DerivedData/SDKStatCaches.noindex/iphonesimulator18.4-22E235-71825a6d136aa4733edcbe86ece5525b.sdkstatcache -fmessage-length\=0 -fdiagnostics-show-note-include-stack -fmacro-backtrace-limit\=0 -fno-color-diagnostics -fmodules-prune-interval\=86400 -fmodules-prune-after\=345600 -fbuild-session-file\=/Users/fukushimatakumi/Library/Developer/Xcode/DerivedData/ModuleCache.noindex/Session.modulevalidation -fmodules-validate-once-per-build-session -Wnon-modular-include-in-framework-module -Werror\=non-modular-include-in-framework-module -Wno-trigraphs -Wno-missing-field-initializers -Wno-missing-prototypes -Wno-return-type -Wno-implicit-atomic-properties -Wno-objc-interface-ivars -Wno-arc-repeated-use-of-weak -Wno-missing-braces -Wparentheses -Wswitch -Wno-unused-function -Wno-unused-label -Wno-unused-parameter -Wno-unused-variable -Wunused-value -Wno-empty-body -Wno-uninitialized -Wno-unknown-pragmas -w -Wno-shadow -Wno-four-char-constants -Wno-conversion -Wno-constant-conversion -Wno-int-conversion -Wno-bool-conversion -Wno-enum-conversion -Wno-float-conversion -Wno-non-literal-null-conversion -Wno-objc-literal-conversion -Wshorten-64-to-32 -Wpointer-sign -Wno-newline-eof -Wno-selector -Wno-strict-selector-match -Wno-undeclared-selector -Wno-deprecated-implementations -Wno-implicit-fallthrough -fstrict-aliasing -Wprotocol -Wdeprecated-declarations -Wno-sign-conversion -Wno-infinite-recursion -Wno-comma -Wno-block-capture-autoreleasing -Wno-strict-prototypes -Wno-semicolon-before-method-body -index-store-path /Users/fukushimatakumi/Library/Developer/Xcode/DerivedData/SugarBeat-hgoxfxbbugxkfsbmqcjlbmjeaqyg/Index.noindex/DataStore @/Users/fukushimatakumi/Library/Developer/Xcode/DerivedData/SugarBeat-hgoxfxbbugxkfsbmqcjlbmjeaqyg/Build/Intermediates.noindex/AppCheck.build/Debug-iphonesimulator/AppCheckCore.build/Objects-normal/arm64/e6072d4f65d7061329687fe24e3d63a7-common-args.resp -MMD -MT dependencies -MF /Users/fukushimatakumi/Library/Developer/Xcode/DerivedData/SugarBeat-hgoxfxbbugxkfsbmqcjlbmjeaqyg/Build/Intermediates.noindex/AppCheck.build/Debug-iphonesimulator/AppCheckCore.build/Objects-normal/arm64/GACAppCheckStoredToken+GACAppCheckToken.d --serialize-diagnostics /Users/fukushimatakumi/Library/Developer/Xcode/DerivedData/SugarBeat-hgoxfxbbugxkfsbmqcjlbmjeaqyg/Build/Intermediates.noindex/AppCheck.build/Debug-iphonesimulator/AppCheckCore.build/Objects-normal/arm64/GACAppCheckStoredToken+GACAppCheckToken.dia -c /Users/fukushimatakumi/Library/Developer/Xcode/DerivedData/SugarBeat-hgoxfxbbugxkfsbmqcjlbmjeaqyg/SourcePackages/checkouts/app-check/AppCheckCore/Sources/Core/Storage/GACAppCheckStoredToken+GACAppCheckToken.m -o /Users/fukushimatakumi/Library/Developer/Xcode/DerivedData/SugarBeat-hgoxfxbbugxkfsbmqcjlbmjeaqyg/Build/Intermediates.noindex/AppCheck.build/Debug-iphonesimulator/AppCheckCore.build/Objects-normal/arm64/GACAppCheckStoredToken+GACAppCheckToken.o -index-unit-output-path /AppCheck.build/Debug-iphonesimulator/AppCheckCore.build/Objects-normal/arm64/GACAppCheckStoredToken+GACAppCheckToken.o

CompileC /Users/fukushimatakumi/Library/Developer/Xcode/DerivedData/SugarBeat-hgoxfxbbugxkfsbmqcjlbmjeaqyg/Build/Intermediates.noindex/AppCheck.build/Debug-iphonesimulator/AppCheckCore.build/Objects-normal/arm64/GACAppCheckSettings.o /Users/fukushimatakumi/Library/Developer/Xcode/DerivedData/SugarBeat-hgoxfxbbugxkfsbmqcjlbmjeaqyg/SourcePackages/checkouts/app-check/AppCheckCore/Sources/Core/GACAppCheckSettings.m normal arm64 objective-c com.apple.compilers.llvm.clang.1_0.compiler (in target 'AppCheckCore' from project 'AppCheck')
    cd /Users/fukushimatakumi/develop/sugarbeat/sugarbeat-front
    
    Using response file: /Users/fukushimatakumi/Library/Developer/Xcode/DerivedData/SugarBeat-hgoxfxbbugxkfsbmqcjlbmjeaqyg/Build/Intermediates.noindex/AppCheck.build/Debug-iphonesimulator/AppCheckCore.build/Objects-normal/arm64/e6072d4f65d7061329687fe24e3d63a7-common-args.resp
    
    /Applications/Xcode.app/Contents/Developer/Toolchains/XcodeDefault.xctoolchain/usr/bin/clang -x objective-c -ivfsstatcache /Users/fukushimatakumi/Library/Developer/Xcode/DerivedData/SDKStatCaches.noindex/iphonesimulator18.4-22E235-71825a6d136aa4733edcbe86ece5525b.sdkstatcache -fmessage-length\=0 -fdiagnostics-show-note-include-stack -fmacro-backtrace-limit\=0 -fno-color-diagnostics -fmodules-prune-interval\=86400 -fmodules-prune-after\=345600 -fbuild-session-file\=/Users/fukushimatakumi/Library/Developer/Xcode/DerivedData/ModuleCache.noindex/Session.modulevalidation -fmodules-validate-once-per-build-session -Wnon-modular-include-in-framework-module -Werror\=non-modular-include-in-framework-module -Wno-trigraphs -Wno-missing-field-initializers -Wno-missing-prototypes -Wno-return-type -Wno-implicit-atomic-properties -Wno-objc-interface-ivars -Wno-arc-repeated-use-of-weak -Wno-missing-braces -Wparentheses -Wswitch -Wno-unused-function -Wno-unused-label -Wno-unused-parameter -Wno-unused-variable -Wunused-value -Wno-empty-body -Wno-uninitialized -Wno-unknown-pragmas -w -Wno-shadow -Wno-four-char-constants -Wno-conversion -Wno-constant-conversion -Wno-int-conversion -Wno-bool-conversion -Wno-enum-conversion -Wno-float-conversion -Wno-non-literal-null-conversion -Wno-objc-literal-conversion -Wshorten-64-to-32 -Wpointer-sign -Wno-newline-eof -Wno-selector -Wno-strict-selector-match -Wno-undeclared-selector -Wno-deprecated-implementations -Wno-implicit-fallthrough -fstrict-aliasing -Wprotocol -Wdeprecated-declarations -Wno-sign-conversion -Wno-infinite-recursion -Wno-comma -Wno-block-capture-autoreleasing -Wno-strict-prototypes -Wno-semicolon-before-method-body -index-store-path /Users/fukushimatakumi/Library/Developer/Xcode/DerivedData/SugarBeat-hgoxfxbbugxkfsbmqcjlbmjeaqyg/Index.noindex/DataStore @/Users/fukushimatakumi/Library/Developer/Xcode/DerivedData/SugarBeat-hgoxfxbbugxkfsbmqcjlbmjeaqyg/Build/Intermediates.noindex/AppCheck.build/Debug-iphonesimulator/AppCheckCore.build/Objects-normal/arm64/e6072d4f65d7061329687fe24e3d63a7-common-args.resp -MMD -MT dependencies -MF /Users/fukushimatakumi/Library/Developer/Xcode/DerivedData/SugarBeat-hgoxfxbbugxkfsbmqcjlbmjeaqyg/Build/Intermediates.noindex/AppCheck.build/Debug-iphonesimulator/AppCheckCore.build/Objects-normal/arm64/GACAppCheckSettings.d --serialize-diagnostics /Users/fukushimatakumi/Library/Developer/Xcode/DerivedData/SugarBeat-hgoxfxbbugxkfsbmqcjlbmjeaqyg/Build/Intermediates.noindex/AppCheck.build/Debug-iphonesimulator/AppCheckCore.build/Objects-normal/arm64/GACAppCheckSettings.dia -c /Users/fukushimatakumi/Library/Developer/Xcode/DerivedData/SugarBeat-hgoxfxbbugxkfsbmqcjlbmjeaqyg/SourcePackages/checkouts/app-check/AppCheckCore/Sources/Core/GACAppCheckSettings.m -o /Users/fukushimatakumi/Library/Developer/Xcode/DerivedData/SugarBeat-hgoxfxbbugxkfsbmqcjlbmjeaqyg/Build/Intermediates.noindex/AppCheck.build/Debug-iphonesimulator/AppCheckCore.build/Objects-normal/arm64/GACAppCheckSettings.o -index-unit-output-path /AppCheck.build/Debug-iphonesimulator/AppCheckCore.build/Objects-normal/arm64/GACAppCheckSettings.o

CompileC /Users/fukushimatakumi/Library/Developer/Xcode/DerivedData/SugarBeat-hgoxfxbbugxkfsbmqcjlbmjeaqyg/Build/Intermediates.noindex/AppCheck.build/Debug-iphonesimulator/AppCheckCore.build/Objects-normal/arm64/GACAppCheckLogger.o /Users/fukushimatakumi/Library/Developer/Xcode/DerivedData/SugarBeat-hgoxfxbbugxkfsbmqcjlbmjeaqyg/SourcePackages/checkouts/app-check/AppCheckCore/Sources/Core/GACAppCheckLogger.m normal arm64 objective-c com.apple.compilers.llvm.clang.1_0.compiler (in target 'AppCheckCore' from project 'AppCheck')
    cd /Users/fukushimatakumi/develop/sugarbeat/sugarbeat-front
    
    Using response file: /Users/fukushimatakumi/Library/Developer/Xcode/DerivedData/SugarBeat-hgoxfxbbugxkfsbmqcjlbmjeaqyg/Build/Intermediates.noindex/AppCheck.build/Debug-iphonesimulator/AppCheckCore.build/Objects-normal/arm64/e6072d4f65d7061329687fe24e3d63a7-common-args.resp
    
    /Applications/Xcode.app/Contents/Developer/Toolchains/XcodeDefault.xctoolchain/usr/bin/clang -x objective-c -ivfsstatcache /Users/fukushimatakumi/Library/Developer/Xcode/DerivedData/SDKStatCaches.noindex/iphonesimulator18.4-22E235-71825a6d136aa4733edcbe86ece5525b.sdkstatcache -fmessage-length\=0 -fdiagnostics-show-note-include-stack -fmacro-backtrace-limit\=0 -fno-color-diagnostics -fmodules-prune-interval\=86400 -fmodules-prune-after\=345600 -fbuild-session-file\=/Users/fukushimatakumi/Library/Developer/Xcode/DerivedData/ModuleCache.noindex/Session.modulevalidation -fmodules-validate-once-per-build-session -Wnon-modular-include-in-framework-module -Werror\=non-modular-include-in-framework-module -Wno-trigraphs -Wno-missing-field-initializers -Wno-missing-prototypes -Wno-return-type -Wno-implicit-atomic-properties -Wno-objc-interface-ivars -Wno-arc-repeated-use-of-weak -Wno-missing-braces -Wparentheses -Wswitch -Wno-unused-function -Wno-unused-label -Wno-unused-parameter -Wno-unused-variable -Wunused-value -Wno-empty-body -Wno-uninitialized -Wno-unknown-pragmas -w -Wno-shadow -Wno-four-char-constants -Wno-conversion -Wno-constant-conversion -Wno-int-conversion -Wno-bool-conversion -Wno-enum-conversion -Wno-float-conversion -Wno-non-literal-null-conversion -Wno-objc-literal-conversion -Wshorten-64-to-32 -Wpointer-sign -Wno-newline-eof -Wno-selector -Wno-strict-selector-match -Wno-undeclared-selector -Wno-deprecated-implementations -Wno-implicit-fallthrough -fstrict-aliasing -Wprotocol -Wdeprecated-declarations -Wno-sign-conversion -Wno-infinite-recursion -Wno-comma -Wno-block-capture-autoreleasing -Wno-strict-prototypes -Wno-semicolon-before-method-body -index-store-path /Users/fukushimatakumi/Library/Developer/Xcode/DerivedData/SugarBeat-hgoxfxbbugxkfsbmqcjlbmjeaqyg/Index.noindex/DataStore @/Users/fukushimatakumi/Library/Developer/Xcode/DerivedData/SugarBeat-hgoxfxbbugxkfsbmqcjlbmjeaqyg/Build/Intermediates.noindex/AppCheck.build/Debug-iphonesimulator/AppCheckCore.build/Objects-normal/arm64/e6072d4f65d7061329687fe24e3d63a7-common-args.resp -MMD -MT dependencies -MF /Users/fukushimatakumi/Library/Developer/Xcode/DerivedData/SugarBeat-hgoxfxbbugxkfsbmqcjlbmjeaqyg/Build/Intermediates.noindex/AppCheck.build/Debug-iphonesimulator/AppCheckCore.build/Objects-normal/arm64/GACAppCheckLogger.d --serialize-diagnostics /Users/fukushimatakumi/Library/Developer/Xcode/DerivedData/SugarBeat-hgoxfxbbugxkfsbmqcjlbmjeaqyg/Build/Intermediates.noindex/AppCheck.build/Debug-iphonesimulator/AppCheckCore.build/Objects-normal/arm64/GACAppCheckLogger.dia -c /Users/fukushimatakumi/Library/Developer/Xcode/DerivedData/SugarBeat-hgoxfxbbugxkfsbmqcjlbmjeaqyg/SourcePackages/checkouts/app-check/AppCheckCore/Sources/Core/GACAppCheckLogger.m -o /Users/fukushimatakumi/Library/Developer/Xcode/DerivedData/SugarBeat-hgoxfxbbugxkfsbmqcjlbmjeaqyg/Build/Intermediates.noindex/AppCheck.build/Debug-iphonesimulator/AppCheckCore.build/Objects-normal/arm64/GACAppCheckLogger.o -index-unit-output-path /AppCheck.build/Debug-iphonesimulator/AppCheckCore.build/Objects-normal/arm64/GACAppCheckLogger.o

CompileC /Users/fukushimatakumi/Library/Developer/Xcode/DerivedData/SugarBeat-hgoxfxbbugxkfsbmqcjlbmjeaqyg/Build/Intermediates.noindex/AppCheck.build/Debug-iphonesimulator/AppCheckCore.build/Objects-normal/arm64/GACAppCheckHTTPError.o /Users/fukushimatakumi/Library/Developer/Xcode/DerivedData/SugarBeat-hgoxfxbbugxkfsbmqcjlbmjeaqyg/SourcePackages/checkouts/app-check/AppCheckCore/Sources/Core/Errors/GACAppCheckHTTPError.m normal arm64 objective-c com.apple.compilers.llvm.clang.1_0.compiler (in target 'AppCheckCore' from project 'AppCheck')
    cd /Users/fukushimatakumi/develop/sugarbeat/sugarbeat-front
    
    Using response file: /Users/fukushimatakumi/Library/Developer/Xcode/DerivedData/SugarBeat-hgoxfxbbugxkfsbmqcjlbmjeaqyg/Build/Intermediates.noindex/AppCheck.build/Debug-iphonesimulator/AppCheckCore.build/Objects-normal/arm64/e6072d4f65d7061329687fe24e3d63a7-common-args.resp
    
    /Applications/Xcode.app/Contents/Developer/Toolchains/XcodeDefault.xctoolchain/usr/bin/clang -x objective-c -ivfsstatcache /Users/fukushimatakumi/Library/Developer/Xcode/DerivedData/SDKStatCaches.noindex/iphonesimulator18.4-22E235-71825a6d136aa4733edcbe86ece5525b.sdkstatcache -fmessage-length\=0 -fdiagnostics-show-note-include-stack -fmacro-backtrace-limit\=0 -fno-color-diagnostics -fmodules-prune-interval\=86400 -fmodules-prune-after\=345600 -fbuild-session-file\=/Users/fukushimatakumi/Library/Developer/Xcode/DerivedData/ModuleCache.noindex/Session.modulevalidation -fmodules-validate-once-per-build-session -Wnon-modular-include-in-framework-module -Werror\=non-modular-include-in-framework-module -Wno-trigraphs -Wno-missing-field-initializers -Wno-missing-prototypes -Wno-return-type -Wno-implicit-atomic-properties -Wno-objc-interface-ivars -Wno-arc-repeated-use-of-weak -Wno-missing-braces -Wparentheses -Wswitch -Wno-unused-function -Wno-unused-label -Wno-unused-parameter -Wno-unused-variable -Wunused-value -Wno-empty-body -Wno-uninitialized -Wno-unknown-pragmas -w -Wno-shadow -Wno-four-char-constants -Wno-conversion -Wno-constant-conversion -Wno-int-conversion -Wno-bool-conversion -Wno-enum-conversion -Wno-float-conversion -Wno-non-literal-null-conversion -Wno-objc-literal-conversion -Wshorten-64-to-32 -Wpointer-sign -Wno-newline-eof -Wno-selector -Wno-strict-selector-match -Wno-undeclared-selector -Wno-deprecated-implementations -Wno-implicit-fallthrough -fstrict-aliasing -Wprotocol -Wdeprecated-declarations -Wno-sign-conversion -Wno-infinite-recursion -Wno-comma -Wno-block-capture-autoreleasing -Wno-strict-prototypes -Wno-semicolon-before-method-body -index-store-path /Users/fukushimatakumi/Library/Developer/Xcode/DerivedData/SugarBeat-hgoxfxbbugxkfsbmqcjlbmjeaqyg/Index.noindex/DataStore @/Users/fukushimatakumi/Library/Developer/Xcode/DerivedData/SugarBeat-hgoxfxbbugxkfsbmqcjlbmjeaqyg/Build/Intermediates.noindex/AppCheck.build/Debug-iphonesimulator/AppCheckCore.build/Objects-normal/arm64/e6072d4f65d7061329687fe24e3d63a7-common-args.resp -MMD -MT dependencies -MF /Users/fukushimatakumi/Library/Developer/Xcode/DerivedData/SugarBeat-hgoxfxbbugxkfsbmqcjlbmjeaqyg/Build/Intermediates.noindex/AppCheck.build/Debug-iphonesimulator/AppCheckCore.build/Objects-normal/arm64/GACAppCheckHTTPError.d --serialize-diagnostics /Users/fukushimatakumi/Library/Developer/Xcode/DerivedData/SugarBeat-hgoxfxbbugxkfsbmqcjlbmjeaqyg/Build/Intermediates.noindex/AppCheck.build/Debug-iphonesimulator/AppCheckCore.build/Objects-normal/arm64/GACAppCheckHTTPError.dia -c /Users/fukushimatakumi/Library/Developer/Xcode/DerivedData/SugarBeat-hgoxfxbbugxkfsbmqcjlbmjeaqyg/SourcePackages/checkouts/app-check/AppCheckCore/Sources/Core/Errors/GACAppCheckHTTPError.m -o /Users/fukushimatakumi/Library/Developer/Xcode/DerivedData/SugarBeat-hgoxfxbbugxkfsbmqcjlbmjeaqyg/Build/Intermediates.noindex/AppCheck.build/Debug-iphonesimulator/AppCheckCore.build/Objects-normal/arm64/GACAppCheckHTTPError.o -index-unit-output-path /AppCheck.build/Debug-iphonesimulator/AppCheckCore.build/Objects-normal/arm64/GACAppCheckHTTPError.o

CompileC /Users/fukushimatakumi/Library/Developer/Xcode/DerivedData/SugarBeat-hgoxfxbbugxkfsbmqcjlbmjeaqyg/Build/Intermediates.noindex/AppCheck.build/Debug-iphonesimulator/AppCheckCore.build/Objects-normal/arm64/GACAppCheckErrors.o /Users/fukushimatakumi/Library/Developer/Xcode/DerivedData/SugarBeat-hgoxfxbbugxkfsbmqcjlbmjeaqyg/SourcePackages/checkouts/app-check/AppCheckCore/Sources/Core/Errors/GACAppCheckErrors.m normal arm64 objective-c com.apple.compilers.llvm.clang.1_0.compiler (in target 'AppCheckCore' from project 'AppCheck')
    cd /Users/fukushimatakumi/develop/sugarbeat/sugarbeat-front
    
    Using response file: /Users/fukushimatakumi/Library/Developer/Xcode/DerivedData/SugarBeat-hgoxfxbbugxkfsbmqcjlbmjeaqyg/Build/Intermediates.noindex/AppCheck.build/Debug-iphonesimulator/AppCheckCore.build/Objects-normal/arm64/e6072d4f65d7061329687fe24e3d63a7-common-args.resp
    
    /Applications/Xcode.app/Contents/Developer/Toolchains/XcodeDefault.xctoolchain/usr/bin/clang -x objective-c -ivfsstatcache /Users/fukushimatakumi/Library/Developer/Xcode/DerivedData/SDKStatCaches.noindex/iphonesimulator18.4-22E235-71825a6d136aa4733edcbe86ece5525b.sdkstatcache -fmessage-length\=0 -fdiagnostics-show-note-include-stack -fmacro-backtrace-limit\=0 -fno-color-diagnostics -fmodules-prune-interval\=86400 -fmodules-prune-after\=345600 -fbuild-session-file\=/Users/fukushimatakumi/Library/Developer/Xcode/DerivedData/ModuleCache.noindex/Session.modulevalidation -fmodules-validate-once-per-build-session -Wnon-modular-include-in-framework-module -Werror\=non-modular-include-in-framework-module -Wno-trigraphs -Wno-missing-field-initializers -Wno-missing-prototypes -Wno-return-type -Wno-implicit-atomic-properties -Wno-objc-interface-ivars -Wno-arc-repeated-use-of-weak -Wno-missing-braces -Wparentheses -Wswitch -Wno-unused-function -Wno-unused-label -Wno-unused-parameter -Wno-unused-variable -Wunused-value -Wno-empty-body -Wno-uninitialized -Wno-unknown-pragmas -w -Wno-shadow -Wno-four-char-constants -Wno-conversion -Wno-constant-conversion -Wno-int-conversion -Wno-bool-conversion -Wno-enum-conversion -Wno-float-conversion -Wno-non-literal-null-conversion -Wno-objc-literal-conversion -Wshorten-64-to-32 -Wpointer-sign -Wno-newline-eof -Wno-selector -Wno-strict-selector-match -Wno-undeclared-selector -Wno-deprecated-implementations -Wno-implicit-fallthrough -fstrict-aliasing -Wprotocol -Wdeprecated-declarations -Wno-sign-conversion -Wno-infinite-recursion -Wno-comma -Wno-block-capture-autoreleasing -Wno-strict-prototypes -Wno-semicolon-before-method-body -index-store-path /Users/fukushimatakumi/Library/Developer/Xcode/DerivedData/SugarBeat-hgoxfxbbugxkfsbmqcjlbmjeaqyg/Index.noindex/DataStore @/Users/fukushimatakumi/Library/Developer/Xcode/DerivedData/SugarBeat-hgoxfxbbugxkfsbmqcjlbmjeaqyg/Build/Intermediates.noindex/AppCheck.build/Debug-iphonesimulator/AppCheckCore.build/Objects-normal/arm64/e6072d4f65d7061329687fe24e3d63a7-common-args.resp -MMD -MT dependencies -MF /Users/fukushimatakumi/Library/Developer/Xcode/DerivedData/SugarBeat-hgoxfxbbugxkfsbmqcjlbmjeaqyg/Build/Intermediates.noindex/AppCheck.build/Debug-iphonesimulator/AppCheckCore.build/Objects-normal/arm64/GACAppCheckErrors.d --serialize-diagnostics /Users/fukushimatakumi/Library/Developer/Xcode/DerivedData/SugarBeat-hgoxfxbbugxkfsbmqcjlbmjeaqyg/Build/Intermediates.noindex/AppCheck.build/Debug-iphonesimulator/AppCheckCore.build/Objects-normal/arm64/GACAppCheckErrors.dia -c /Users/fukushimatakumi/Library/Developer/Xcode/DerivedData/SugarBeat-hgoxfxbbugxkfsbmqcjlbmjeaqyg/SourcePackages/checkouts/app-check/AppCheckCore/Sources/Core/Errors/GACAppCheckErrors.m -o /Users/fukushimatakumi/Library/Developer/Xcode/DerivedData/SugarBeat-hgoxfxbbugxkfsbmqcjlbmjeaqyg/Build/Intermediates.noindex/AppCheck.build/Debug-iphonesimulator/AppCheckCore.build/Objects-normal/arm64/GACAppCheckErrors.o -index-unit-output-path /AppCheck.build/Debug-iphonesimulator/AppCheckCore.build/Objects-normal/arm64/GACAppCheckErrors.o

CompileC /Users/fukushimatakumi/Library/Developer/Xcode/DerivedData/SugarBeat-hgoxfxbbugxkfsbmqcjlbmjeaqyg/Build/Intermediates.noindex/AppCheck.build/Debug-iphonesimulator/AppCheckCore.build/Objects-normal/arm64/GACAppCheckDebugProviderAPIService.o /Users/fukushimatakumi/Library/Developer/Xcode/DerivedData/SugarBeat-hgoxfxbbugxkfsbmqcjlbmjeaqyg/SourcePackages/checkouts/app-check/AppCheckCore/Sources/DebugProvider/API/GACAppCheckDebugProviderAPIService.m normal arm64 objective-c com.apple.compilers.llvm.clang.1_0.compiler (in target 'AppCheckCore' from project 'AppCheck')
    cd /Users/fukushimatakumi/develop/sugarbeat/sugarbeat-front
    
    Using response file: /Users/fukushimatakumi/Library/Developer/Xcode/DerivedData/SugarBeat-hgoxfxbbugxkfsbmqcjlbmjeaqyg/Build/Intermediates.noindex/AppCheck.build/Debug-iphonesimulator/AppCheckCore.build/Objects-normal/arm64/e6072d4f65d7061329687fe24e3d63a7-common-args.resp
    
    /Applications/Xcode.app/Contents/Developer/Toolchains/XcodeDefault.xctoolchain/usr/bin/clang -x objective-c -ivfsstatcache /Users/fukushimatakumi/Library/Developer/Xcode/DerivedData/SDKStatCaches.noindex/iphonesimulator18.4-22E235-71825a6d136aa4733edcbe86ece5525b.sdkstatcache -fmessage-length\=0 -fdiagnostics-show-note-include-stack -fmacro-backtrace-limit\=0 -fno-color-diagnostics -fmodules-prune-interval\=86400 -fmodules-prune-after\=345600 -fbuild-session-file\=/Users/fukushimatakumi/Library/Developer/Xcode/DerivedData/ModuleCache.noindex/Session.modulevalidation -fmodules-validate-once-per-build-session -Wnon-modular-include-in-framework-module -Werror\=non-modular-include-in-framework-module -Wno-trigraphs -Wno-missing-field-initializers -Wno-missing-prototypes -Wno-return-type -Wno-implicit-atomic-properties -Wno-objc-interface-ivars -Wno-arc-repeated-use-of-weak -Wno-missing-braces -Wparentheses -Wswitch -Wno-unused-function -Wno-unused-label -Wno-unused-parameter -Wno-unused-variable -Wunused-value -Wno-empty-body -Wno-uninitialized -Wno-unknown-pragmas -w -Wno-shadow -Wno-four-char-constants -Wno-conversion -Wno-constant-conversion -Wno-int-conversion -Wno-bool-conversion -Wno-enum-conversion -Wno-float-conversion -Wno-non-literal-null-conversion -Wno-objc-literal-conversion -Wshorten-64-to-32 -Wpointer-sign -Wno-newline-eof -Wno-selector -Wno-strict-selector-match -Wno-undeclared-selector -Wno-deprecated-implementations -Wno-implicit-fallthrough -fstrict-aliasing -Wprotocol -Wdeprecated-declarations -Wno-sign-conversion -Wno-infinite-recursion -Wno-comma -Wno-block-capture-autoreleasing -Wno-strict-prototypes -Wno-semicolon-before-method-body -index-store-path /Users/fukushimatakumi/Library/Developer/Xcode/DerivedData/SugarBeat-hgoxfxbbugxkfsbmqcjlbmjeaqyg/Index.noindex/DataStore @/Users/fukushimatakumi/Library/Developer/Xcode/DerivedData/SugarBeat-hgoxfxbbugxkfsbmqcjlbmjeaqyg/Build/Intermediates.noindex/AppCheck.build/Debug-iphonesimulator/AppCheckCore.build/Objects-normal/arm64/e6072d4f65d7061329687fe24e3d63a7-common-args.resp -MMD -MT dependencies -MF /Users/fukushimatakumi/Library/Developer/Xcode/DerivedData/SugarBeat-hgoxfxbbugxkfsbmqcjlbmjeaqyg/Build/Intermediates.noindex/AppCheck.build/Debug-iphonesimulator/AppCheckCore.build/Objects-normal/arm64/GACAppCheckDebugProviderAPIService.d --serialize-diagnostics /Users/fukushimatakumi/Library/Developer/Xcode/DerivedData/SugarBeat-hgoxfxbbugxkfsbmqcjlbmjeaqyg/Build/Intermediates.noindex/AppCheck.build/Debug-iphonesimulator/AppCheckCore.build/Objects-normal/arm64/GACAppCheckDebugProviderAPIService.dia -c /Users/fukushimatakumi/Library/Developer/Xcode/DerivedData/SugarBeat-hgoxfxbbugxkfsbmqcjlbmjeaqyg/SourcePackages/checkouts/app-check/AppCheckCore/Sources/DebugProvider/API/GACAppCheckDebugProviderAPIService.m -o /Users/fukushimatakumi/Library/Developer/Xcode/DerivedData/SugarBeat-hgoxfxbbugxkfsbmqcjlbmjeaqyg/Build/Intermediates.noindex/AppCheck.build/Debug-iphonesimulator/AppCheckCore.build/Objects-normal/arm64/GACAppCheckDebugProviderAPIService.o -index-unit-output-path /AppCheck.build/Debug-iphonesimulator/AppCheckCore.build/Objects-normal/arm64/GACAppCheckDebugProviderAPIService.o

CompileC /Users/fukushimatakumi/Library/Developer/Xcode/DerivedData/SugarBeat-hgoxfxbbugxkfsbmqcjlbmjeaqyg/Build/Intermediates.noindex/AppCheck.build/Debug-iphonesimulator/AppCheckCore.build/Objects-normal/arm64/GACAppCheckCryptoUtils.o /Users/fukushimatakumi/Library/Developer/Xcode/DerivedData/SugarBeat-hgoxfxbbugxkfsbmqcjlbmjeaqyg/SourcePackages/checkouts/app-check/AppCheckCore/Sources/Core/Utils/GACAppCheckCryptoUtils.m normal arm64 objective-c com.apple.compilers.llvm.clang.1_0.compiler (in target 'AppCheckCore' from project 'AppCheck')
    cd /Users/fukushimatakumi/develop/sugarbeat/sugarbeat-front
    
    Using response file: /Users/fukushimatakumi/Library/Developer/Xcode/DerivedData/SugarBeat-hgoxfxbbugxkfsbmqcjlbmjeaqyg/Build/Intermediates.noindex/AppCheck.build/Debug-iphonesimulator/AppCheckCore.build/Objects-normal/arm64/e6072d4f65d7061329687fe24e3d63a7-common-args.resp
    
    /Applications/Xcode.app/Contents/Developer/Toolchains/XcodeDefault.xctoolchain/usr/bin/clang -x objective-c -ivfsstatcache /Users/fukushimatakumi/Library/Developer/Xcode/DerivedData/SDKStatCaches.noindex/iphonesimulator18.4-22E235-71825a6d136aa4733edcbe86ece5525b.sdkstatcache -fmessage-length\=0 -fdiagnostics-show-note-include-stack -fmacro-backtrace-limit\=0 -fno-color-diagnostics -fmodules-prune-interval\=86400 -fmodules-prune-after\=345600 -fbuild-session-file\=/Users/fukushimatakumi/Library/Developer/Xcode/DerivedData/ModuleCache.noindex/Session.modulevalidation -fmodules-validate-once-per-build-session -Wnon-modular-include-in-framework-module -Werror\=non-modular-include-in-framework-module -Wno-trigraphs -Wno-missing-field-initializers -Wno-missing-prototypes -Wno-return-type -Wno-implicit-atomic-properties -Wno-objc-interface-ivars -Wno-arc-repeated-use-of-weak -Wno-missing-braces -Wparentheses -Wswitch -Wno-unused-function -Wno-unused-label -Wno-unused-parameter -Wno-unused-variable -Wunused-value -Wno-empty-body -Wno-uninitialized -Wno-unknown-pragmas -w -Wno-shadow -Wno-four-char-constants -Wno-conversion -Wno-constant-conversion -Wno-int-conversion -Wno-bool-conversion -Wno-enum-conversion -Wno-float-conversion -Wno-non-literal-null-conversion -Wno-objc-literal-conversion -Wshorten-64-to-32 -Wpointer-sign -Wno-newline-eof -Wno-selector -Wno-strict-selector-match -Wno-undeclared-selector -Wno-deprecated-implementations -Wno-implicit-fallthrough -fstrict-aliasing -Wprotocol -Wdeprecated-declarations -Wno-sign-conversion -Wno-infinite-recursion -Wno-comma -Wno-block-capture-autoreleasing -Wno-strict-prototypes -Wno-semicolon-before-method-body -index-store-path /Users/fukushimatakumi/Library/Developer/Xcode/DerivedData/SugarBeat-hgoxfxbbugxkfsbmqcjlbmjeaqyg/Index.noindex/DataStore @/Users/fukushimatakumi/Library/Developer/Xcode/DerivedData/SugarBeat-hgoxfxbbugxkfsbmqcjlbmjeaqyg/Build/Intermediates.noindex/AppCheck.build/Debug-iphonesimulator/AppCheckCore.build/Objects-normal/arm64/e6072d4f65d7061329687fe24e3d63a7-common-args.resp -MMD -MT dependencies -MF /Users/fukushimatakumi/Library/Developer/Xcode/DerivedData/SugarBeat-hgoxfxbbugxkfsbmqcjlbmjeaqyg/Build/Intermediates.noindex/AppCheck.build/Debug-iphonesimulator/AppCheckCore.build/Objects-normal/arm64/GACAppCheckCryptoUtils.d --serialize-diagnostics /Users/fukushimatakumi/Library/Developer/Xcode/DerivedData/SugarBeat-hgoxfxbbugxkfsbmqcjlbmjeaqyg/Build/Intermediates.noindex/AppCheck.build/Debug-iphonesimulator/AppCheckCore.build/Objects-normal/arm64/GACAppCheckCryptoUtils.dia -c /Users/fukushimatakumi/Library/Developer/Xcode/DerivedData/SugarBeat-hgoxfxbbugxkfsbmqcjlbmjeaqyg/SourcePackages/checkouts/app-check/AppCheckCore/Sources/Core/Utils/GACAppCheckCryptoUtils.m -o /Users/fukushimatakumi/Library/Developer/Xcode/DerivedData/SugarBeat-hgoxfxbbugxkfsbmqcjlbmjeaqyg/Build/Intermediates.noindex/AppCheck.build/Debug-iphonesimulator/AppCheckCore.build/Objects-normal/arm64/GACAppCheckCryptoUtils.o -index-unit-output-path /AppCheck.build/Debug-iphonesimulator/AppCheckCore.build/Objects-normal/arm64/GACAppCheckCryptoUtils.o

CompileC /Users/fukushimatakumi/Library/Developer/Xcode/DerivedData/SugarBeat-hgoxfxbbugxkfsbmqcjlbmjeaqyg/Build/Intermediates.noindex/AppCheck.build/Debug-iphonesimulator/AppCheckCore.build/Objects-normal/arm64/GACAppCheckBackoffWrapper.o /Users/fukushimatakumi/Library/Developer/Xcode/DerivedData/SugarBeat-hgoxfxbbugxkfsbmqcjlbmjeaqyg/SourcePackages/checkouts/app-check/AppCheckCore/Sources/Core/Backoff/GACAppCheckBackoffWrapper.m normal arm64 objective-c com.apple.compilers.llvm.clang.1_0.compiler (in target 'AppCheckCore' from project 'AppCheck')
    cd /Users/fukushimatakumi/develop/sugarbeat/sugarbeat-front
    
    Using response file: /Users/fukushimatakumi/Library/Developer/Xcode/DerivedData/SugarBeat-hgoxfxbbugxkfsbmqcjlbmjeaqyg/Build/Intermediates.noindex/AppCheck.build/Debug-iphonesimulator/AppCheckCore.build/Objects-normal/arm64/e6072d4f65d7061329687fe24e3d63a7-common-args.resp
    
    /Applications/Xcode.app/Contents/Developer/Toolchains/XcodeDefault.xctoolchain/usr/bin/clang -x objective-c -ivfsstatcache /Users/fukushimatakumi/Library/Developer/Xcode/DerivedData/SDKStatCaches.noindex/iphonesimulator18.4-22E235-71825a6d136aa4733edcbe86ece5525b.sdkstatcache -fmessage-length\=0 -fdiagnostics-show-note-include-stack -fmacro-backtrace-limit\=0 -fno-color-diagnostics -fmodules-prune-interval\=86400 -fmodules-prune-after\=345600 -fbuild-session-file\=/Users/fukushimatakumi/Library/Developer/Xcode/DerivedData/ModuleCache.noindex/Session.modulevalidation -fmodules-validate-once-per-build-session -Wnon-modular-include-in-framework-module -Werror\=non-modular-include-in-framework-module -Wno-trigraphs -Wno-missing-field-initializers -Wno-missing-prototypes -Wno-return-type -Wno-implicit-atomic-properties -Wno-objc-interface-ivars -Wno-arc-repeated-use-of-weak -Wno-missing-braces -Wparentheses -Wswitch -Wno-unused-function -Wno-unused-label -Wno-unused-parameter -Wno-unused-variable -Wunused-value -Wno-empty-body -Wno-uninitialized -Wno-unknown-pragmas -w -Wno-shadow -Wno-four-char-constants -Wno-conversion -Wno-constant-conversion -Wno-int-conversion -Wno-bool-conversion -Wno-enum-conversion -Wno-float-conversion -Wno-non-literal-null-conversion -Wno-objc-literal-conversion -Wshorten-64-to-32 -Wpointer-sign -Wno-newline-eof -Wno-selector -Wno-strict-selector-match -Wno-undeclared-selector -Wno-deprecated-implementations -Wno-implicit-fallthrough -fstrict-aliasing -Wprotocol -Wdeprecated-declarations -Wno-sign-conversion -Wno-infinite-recursion -Wno-comma -Wno-block-capture-autoreleasing -Wno-strict-prototypes -Wno-semicolon-before-method-body -index-store-path /Users/fukushimatakumi/Library/Developer/Xcode/DerivedData/SugarBeat-hgoxfxbbugxkfsbmqcjlbmjeaqyg/Index.noindex/DataStore @/Users/fukushimatakumi/Library/Developer/Xcode/DerivedData/SugarBeat-hgoxfxbbugxkfsbmqcjlbmjeaqyg/Build/Intermediates.noindex/AppCheck.build/Debug-iphonesimulator/AppCheckCore.build/Objects-normal/arm64/e6072d4f65d7061329687fe24e3d63a7-common-args.resp -MMD -MT dependencies -MF /Users/fukushimatakumi/Library/Developer/Xcode/DerivedData/SugarBeat-hgoxfxbbugxkfsbmqcjlbmjeaqyg/Build/Intermediates.noindex/AppCheck.build/Debug-iphonesimulator/AppCheckCore.build/Objects-normal/arm64/GACAppCheckBackoffWrapper.d --serialize-diagnostics /Users/fukushimatakumi/Library/Developer/Xcode/DerivedData/SugarBeat-hgoxfxbbugxkfsbmqcjlbmjeaqyg/Build/Intermediates.noindex/AppCheck.build/Debug-iphonesimulator/AppCheckCore.build/Objects-normal/arm64/GACAppCheckBackoffWrapper.dia -c /Users/fukushimatakumi/Library/Developer/Xcode/DerivedData/SugarBeat-hgoxfxbbugxkfsbmqcjlbmjeaqyg/SourcePackages/checkouts/app-check/AppCheckCore/Sources/Core/Backoff/GACAppCheckBackoffWrapper.m -o /Users/fukushimatakumi/Library/Developer/Xcode/DerivedData/SugarBeat-hgoxfxbbugxkfsbmqcjlbmjeaqyg/Build/Intermediates.noindex/AppCheck.build/Debug-iphonesimulator/AppCheckCore.build/Objects-normal/arm64/GACAppCheckBackoffWrapper.o -index-unit-output-path /AppCheck.build/Debug-iphonesimulator/AppCheckCore.build/Objects-normal/arm64/GACAppCheckBackoffWrapper.o

CompileC /Users/fukushimatakumi/Library/Developer/Xcode/DerivedData/SugarBeat-hgoxfxbbugxkfsbmqcjlbmjeaqyg/Build/Intermediates.noindex/AppCheck.build/Debug-iphonesimulator/AppCheckCore.build/Objects-normal/arm64/GACAppCheckAPIService.o /Users/fukushimatakumi/Library/Developer/Xcode/DerivedData/SugarBeat-hgoxfxbbugxkfsbmqcjlbmjeaqyg/SourcePackages/checkouts/app-check/AppCheckCore/Sources/Core/APIService/GACAppCheckAPIService.m normal arm64 objective-c com.apple.compilers.llvm.clang.1_0.compiler (in target 'AppCheckCore' from project 'AppCheck')
    cd /Users/fukushimatakumi/develop/sugarbeat/sugarbeat-front
    
    Using response file: /Users/fukushimatakumi/Library/Developer/Xcode/DerivedData/SugarBeat-hgoxfxbbugxkfsbmqcjlbmjeaqyg/Build/Intermediates.noindex/AppCheck.build/Debug-iphonesimulator/AppCheckCore.build/Objects-normal/arm64/e6072d4f65d7061329687fe24e3d63a7-common-args.resp
    
    /Applications/Xcode.app/Contents/Developer/Toolchains/XcodeDefault.xctoolchain/usr/bin/clang -x objective-c -ivfsstatcache /Users/fukushimatakumi/Library/Developer/Xcode/DerivedData/SDKStatCaches.noindex/iphonesimulator18.4-22E235-71825a6d136aa4733edcbe86ece5525b.sdkstatcache -fmessage-length\=0 -fdiagnostics-show-note-include-stack -fmacro-backtrace-limit\=0 -fno-color-diagnostics -fmodules-prune-interval\=86400 -fmodules-prune-after\=345600 -fbuild-session-file\=/Users/fukushimatakumi/Library/Developer/Xcode/DerivedData/ModuleCache.noindex/Session.modulevalidation -fmodules-validate-once-per-build-session -Wnon-modular-include-in-framework-module -Werror\=non-modular-include-in-framework-module -Wno-trigraphs -Wno-missing-field-initializers -Wno-missing-prototypes -Wno-return-type -Wno-implicit-atomic-properties -Wno-objc-interface-ivars -Wno-arc-repeated-use-of-weak -Wno-missing-braces -Wparentheses -Wswitch -Wno-unused-function -Wno-unused-label -Wno-unused-parameter -Wno-unused-variable -Wunused-value -Wno-empty-body -Wno-uninitialized -Wno-unknown-pragmas -w -Wno-shadow -Wno-four-char-constants -Wno-conversion -Wno-constant-conversion -Wno-int-conversion -Wno-bool-conversion -Wno-enum-conversion -Wno-float-conversion -Wno-non-literal-null-conversion -Wno-objc-literal-conversion -Wshorten-64-to-32 -Wpointer-sign -Wno-newline-eof -Wno-selector -Wno-strict-selector-match -Wno-undeclared-selector -Wno-deprecated-implementations -Wno-implicit-fallthrough -fstrict-aliasing -Wprotocol -Wdeprecated-declarations -Wno-sign-conversion -Wno-infinite-recursion -Wno-comma -Wno-block-capture-autoreleasing -Wno-strict-prototypes -Wno-semicolon-before-method-body -index-store-path /Users/fukushimatakumi/Library/Developer/Xcode/DerivedData/SugarBeat-hgoxfxbbugxkfsbmqcjlbmjeaqyg/Index.noindex/DataStore @/Users/fukushimatakumi/Library/Developer/Xcode/DerivedData/SugarBeat-hgoxfxbbugxkfsbmqcjlbmjeaqyg/Build/Intermediates.noindex/AppCheck.build/Debug-iphonesimulator/AppCheckCore.build/Objects-normal/arm64/e6072d4f65d7061329687fe24e3d63a7-common-args.resp -MMD -MT dependencies -MF /Users/fukushimatakumi/Library/Developer/Xcode/DerivedData/SugarBeat-hgoxfxbbugxkfsbmqcjlbmjeaqyg/Build/Intermediates.noindex/AppCheck.build/Debug-iphonesimulator/AppCheckCore.build/Objects-normal/arm64/GACAppCheckAPIService.d --serialize-diagnostics /Users/fukushimatakumi/Library/Developer/Xcode/DerivedData/SugarBeat-hgoxfxbbugxkfsbmqcjlbmjeaqyg/Build/Intermediates.noindex/AppCheck.build/Debug-iphonesimulator/AppCheckCore.build/Objects-normal/arm64/GACAppCheckAPIService.dia -c /Users/fukushimatakumi/Library/Developer/Xcode/DerivedData/SugarBeat-hgoxfxbbugxkfsbmqcjlbmjeaqyg/SourcePackages/checkouts/app-check/AppCheckCore/Sources/Core/APIService/GACAppCheckAPIService.m -o /Users/fukushimatakumi/Library/Developer/Xcode/DerivedData/SugarBeat-hgoxfxbbugxkfsbmqcjlbmjeaqyg/Build/Intermediates.noindex/AppCheck.build/Debug-iphonesimulator/AppCheckCore.build/Objects-normal/arm64/GACAppCheckAPIService.o -index-unit-output-path /AppCheck.build/Debug-iphonesimulator/AppCheckCore.build/Objects-normal/arm64/GACAppCheckAPIService.o

CompileC /Users/fukushimatakumi/Library/Developer/Xcode/DerivedData/SugarBeat-hgoxfxbbugxkfsbmqcjlbmjeaqyg/Build/Intermediates.noindex/AppCheck.build/Debug-iphonesimulator/AppCheckCore.build/Objects-normal/arm64/GACAppCheck.o /Users/fukushimatakumi/Library/Developer/Xcode/DerivedData/SugarBeat-hgoxfxbbugxkfsbmqcjlbmjeaqyg/SourcePackages/checkouts/app-check/AppCheckCore/Sources/Core/GACAppCheck.m normal arm64 objective-c com.apple.compilers.llvm.clang.1_0.compiler (in target 'AppCheckCore' from project 'AppCheck')
    cd /Users/fukushimatakumi/develop/sugarbeat/sugarbeat-front
    
    Using response file: /Users/fukushimatakumi/Library/Developer/Xcode/DerivedData/SugarBeat-hgoxfxbbugxkfsbmqcjlbmjeaqyg/Build/Intermediates.noindex/AppCheck.build/Debug-iphonesimulator/AppCheckCore.build/Objects-normal/arm64/e6072d4f65d7061329687fe24e3d63a7-common-args.resp
    
    /Applications/Xcode.app/Contents/Developer/Toolchains/XcodeDefault.xctoolchain/usr/bin/clang -x objective-c -ivfsstatcache /Users/fukushimatakumi/Library/Developer/Xcode/DerivedData/SDKStatCaches.noindex/iphonesimulator18.4-22E235-71825a6d136aa4733edcbe86ece5525b.sdkstatcache -fmessage-length\=0 -fdiagnostics-show-note-include-stack -fmacro-backtrace-limit\=0 -fno-color-diagnostics -fmodules-prune-interval\=86400 -fmodules-prune-after\=345600 -fbuild-session-file\=/Users/fukushimatakumi/Library/Developer/Xcode/DerivedData/ModuleCache.noindex/Session.modulevalidation -fmodules-validate-once-per-build-session -Wnon-modular-include-in-framework-module -Werror\=non-modular-include-in-framework-module -Wno-trigraphs -Wno-missing-field-initializers -Wno-missing-prototypes -Wno-return-type -Wno-implicit-atomic-properties -Wno-objc-interface-ivars -Wno-arc-repeated-use-of-weak -Wno-missing-braces -Wparentheses -Wswitch -Wno-unused-function -Wno-unused-label -Wno-unused-parameter -Wno-unused-variable -Wunused-value -Wno-empty-body -Wno-uninitialized -Wno-unknown-pragmas -w -Wno-shadow -Wno-four-char-constants -Wno-conversion -Wno-constant-conversion -Wno-int-conversion -Wno-bool-conversion -Wno-enum-conversion -Wno-float-conversion -Wno-non-literal-null-conversion -Wno-objc-literal-conversion -Wshorten-64-to-32 -Wpointer-sign -Wno-newline-eof -Wno-selector -Wno-strict-selector-match -Wno-undeclared-selector -Wno-deprecated-implementations -Wno-implicit-fallthrough -fstrict-aliasing -Wprotocol -Wdeprecated-declarations -Wno-sign-conversion -Wno-infinite-recursion -Wno-comma -Wno-block-capture-autoreleasing -Wno-strict-prototypes -Wno-semicolon-before-method-body -index-store-path /Users/fukushimatakumi/Library/Developer/Xcode/DerivedData/SugarBeat-hgoxfxbbugxkfsbmqcjlbmjeaqyg/Index.noindex/DataStore @/Users/fukushimatakumi/Library/Developer/Xcode/DerivedData/SugarBeat-hgoxfxbbugxkfsbmqcjlbmjeaqyg/Build/Intermediates.noindex/AppCheck.build/Debug-iphonesimulator/AppCheckCore.build/Objects-normal/arm64/e6072d4f65d7061329687fe24e3d63a7-common-args.resp -MMD -MT dependencies -MF /Users/fukushimatakumi/Library/Developer/Xcode/DerivedData/SugarBeat-hgoxfxbbugxkfsbmqcjlbmjeaqyg/Build/Intermediates.noindex/AppCheck.build/Debug-iphonesimulator/AppCheckCore.build/Objects-normal/arm64/GACAppCheck.d --serialize-diagnostics /Users/fukushimatakumi/Library/Developer/Xcode/DerivedData/SugarBeat-hgoxfxbbugxkfsbmqcjlbmjeaqyg/Build/Intermediates.noindex/AppCheck.build/Debug-iphonesimulator/AppCheckCore.build/Objects-normal/arm64/GACAppCheck.dia -c /Users/fukushimatakumi/Library/Developer/Xcode/DerivedData/SugarBeat-hgoxfxbbugxkfsbmqcjlbmjeaqyg/SourcePackages/checkouts/app-check/AppCheckCore/Sources/Core/GACAppCheck.m -o /Users/fukushimatakumi/Library/Developer/Xcode/DerivedData/SugarBeat-hgoxfxbbugxkfsbmqcjlbmjeaqyg/Build/Intermediates.noindex/AppCheck.build/Debug-iphonesimulator/AppCheckCore.build/Objects-normal/arm64/GACAppCheck.o -index-unit-output-path /AppCheck.build/Debug-iphonesimulator/AppCheckCore.build/Objects-normal/arm64/GACAppCheck.o

CompileC /Users/fukushimatakumi/Library/Developer/Xcode/DerivedData/SugarBeat-hgoxfxbbugxkfsbmqcjlbmjeaqyg/Build/Intermediates.noindex/AppCheck.build/Debug-iphonesimulator/AppCheckCore.build/Objects-normal/arm64/GACAppAttestStoredArtifact.o /Users/fukushimatakumi/Library/Developer/Xcode/DerivedData/SugarBeat-hgoxfxbbugxkfsbmqcjlbmjeaqyg/SourcePackages/checkouts/app-check/AppCheckCore/Sources/AppAttestProvider/Storage/GACAppAttestStoredArtifact.m normal arm64 objective-c com.apple.compilers.llvm.clang.1_0.compiler (in target 'AppCheckCore' from project 'AppCheck')
    cd /Users/fukushimatakumi/develop/sugarbeat/sugarbeat-front
    
    Using response file: /Users/fukushimatakumi/Library/Developer/Xcode/DerivedData/SugarBeat-hgoxfxbbugxkfsbmqcjlbmjeaqyg/Build/Intermediates.noindex/AppCheck.build/Debug-iphonesimulator/AppCheckCore.build/Objects-normal/arm64/e6072d4f65d7061329687fe24e3d63a7-common-args.resp
    
    /Applications/Xcode.app/Contents/Developer/Toolchains/XcodeDefault.xctoolchain/usr/bin/clang -x objective-c -ivfsstatcache /Users/fukushimatakumi/Library/Developer/Xcode/DerivedData/SDKStatCaches.noindex/iphonesimulator18.4-22E235-71825a6d136aa4733edcbe86ece5525b.sdkstatcache -fmessage-length\=0 -fdiagnostics-show-note-include-stack -fmacro-backtrace-limit\=0 -fno-color-diagnostics -fmodules-prune-interval\=86400 -fmodules-prune-after\=345600 -fbuild-session-file\=/Users/fukushimatakumi/Library/Developer/Xcode/DerivedData/ModuleCache.noindex/Session.modulevalidation -fmodules-validate-once-per-build-session -Wnon-modular-include-in-framework-module -Werror\=non-modular-include-in-framework-module -Wno-trigraphs -Wno-missing-field-initializers -Wno-missing-prototypes -Wno-return-type -Wno-implicit-atomic-properties -Wno-objc-interface-ivars -Wno-arc-repeated-use-of-weak -Wno-missing-braces -Wparentheses -Wswitch -Wno-unused-function -Wno-unused-label -Wno-unused-parameter -Wno-unused-variable -Wunused-value -Wno-empty-body -Wno-uninitialized -Wno-unknown-pragmas -w -Wno-shadow -Wno-four-char-constants -Wno-conversion -Wno-constant-conversion -Wno-int-conversion -Wno-bool-conversion -Wno-enum-conversion -Wno-float-conversion -Wno-non-literal-null-conversion -Wno-objc-literal-conversion -Wshorten-64-to-32 -Wpointer-sign -Wno-newline-eof -Wno-selector -Wno-strict-selector-match -Wno-undeclared-selector -Wno-deprecated-implementations -Wno-implicit-fallthrough -fstrict-aliasing -Wprotocol -Wdeprecated-declarations -Wno-sign-conversion -Wno-infinite-recursion -Wno-comma -Wno-block-capture-autoreleasing -Wno-strict-prototypes -Wno-semicolon-before-method-body -index-store-path /Users/fukushimatakumi/Library/Developer/Xcode/DerivedData/SugarBeat-hgoxfxbbugxkfsbmqcjlbmjeaqyg/Index.noindex/DataStore @/Users/fukushimatakumi/Library/Developer/Xcode/DerivedData/SugarBeat-hgoxfxbbugxkfsbmqcjlbmjeaqyg/Build/Intermediates.noindex/AppCheck.build/Debug-iphonesimulator/AppCheckCore.build/Objects-normal/arm64/e6072d4f65d7061329687fe24e3d63a7-common-args.resp -MMD -MT dependencies -MF /Users/fukushimatakumi/Library/Developer/Xcode/DerivedData/SugarBeat-hgoxfxbbugxkfsbmqcjlbmjeaqyg/Build/Intermediates.noindex/AppCheck.build/Debug-iphonesimulator/AppCheckCore.build/Objects-normal/arm64/GACAppAttestStoredArtifact.d --serialize-diagnostics /Users/fukushimatakumi/Library/Developer/Xcode/DerivedData/SugarBeat-hgoxfxbbugxkfsbmqcjlbmjeaqyg/Build/Intermediates.noindex/AppCheck.build/Debug-iphonesimulator/AppCheckCore.build/Objects-normal/arm64/GACAppAttestStoredArtifact.dia -c /Users/fukushimatakumi/Library/Developer/Xcode/DerivedData/SugarBeat-hgoxfxbbugxkfsbmqcjlbmjeaqyg/SourcePackages/checkouts/app-check/AppCheckCore/Sources/AppAttestProvider/Storage/GACAppAttestStoredArtifact.m -o /Users/fukushimatakumi/Library/Developer/Xcode/DerivedData/SugarBeat-hgoxfxbbugxkfsbmqcjlbmjeaqyg/Build/Intermediates.noindex/AppCheck.build/Debug-iphonesimulator/AppCheckCore.build/Objects-normal/arm64/GACAppAttestStoredArtifact.o -index-unit-output-path /AppCheck.build/Debug-iphonesimulator/AppCheckCore.build/Objects-normal/arm64/GACAppAttestStoredArtifact.o

CompileC /Users/fukushimatakumi/Library/Developer/Xcode/DerivedData/SugarBeat-hgoxfxbbugxkfsbmqcjlbmjeaqyg/Build/Intermediates.noindex/AppCheck.build/Debug-iphonesimulator/AppCheckCore.build/Objects-normal/arm64/GACAppAttestRejectionError.o /Users/fukushimatakumi/Library/Developer/Xcode/DerivedData/SugarBeat-hgoxfxbbugxkfsbmqcjlbmjeaqyg/SourcePackages/checkouts/app-check/AppCheckCore/Sources/AppAttestProvider/Errors/GACAppAttestRejectionError.m normal arm64 objective-c com.apple.compilers.llvm.clang.1_0.compiler (in target 'AppCheckCore' from project 'AppCheck')
    cd /Users/fukushimatakumi/develop/sugarbeat/sugarbeat-front
    
    Using response file: /Users/fukushimatakumi/Library/Developer/Xcode/DerivedData/SugarBeat-hgoxfxbbugxkfsbmqcjlbmjeaqyg/Build/Intermediates.noindex/AppCheck.build/Debug-iphonesimulator/AppCheckCore.build/Objects-normal/arm64/e6072d4f65d7061329687fe24e3d63a7-common-args.resp
    
    /Applications/Xcode.app/Contents/Developer/Toolchains/XcodeDefault.xctoolchain/usr/bin/clang -x objective-c -ivfsstatcache /Users/fukushimatakumi/Library/Developer/Xcode/DerivedData/SDKStatCaches.noindex/iphonesimulator18.4-22E235-71825a6d136aa4733edcbe86ece5525b.sdkstatcache -fmessage-length\=0 -fdiagnostics-show-note-include-stack -fmacro-backtrace-limit\=0 -fno-color-diagnostics -fmodules-prune-interval\=86400 -fmodules-prune-after\=345600 -fbuild-session-file\=/Users/fukushimatakumi/Library/Developer/Xcode/DerivedData/ModuleCache.noindex/Session.modulevalidation -fmodules-validate-once-per-build-session -Wnon-modular-include-in-framework-module -Werror\=non-modular-include-in-framework-module -Wno-trigraphs -Wno-missing-field-initializers -Wno-missing-prototypes -Wno-return-type -Wno-implicit-atomic-properties -Wno-objc-interface-ivars -Wno-arc-repeated-use-of-weak -Wno-missing-braces -Wparentheses -Wswitch -Wno-unused-function -Wno-unused-label -Wno-unused-parameter -Wno-unused-variable -Wunused-value -Wno-empty-body -Wno-uninitialized -Wno-unknown-pragmas -w -Wno-shadow -Wno-four-char-constants -Wno-conversion -Wno-constant-conversion -Wno-int-conversion -Wno-bool-conversion -Wno-enum-conversion -Wno-float-conversion -Wno-non-literal-null-conversion -Wno-objc-literal-conversion -Wshorten-64-to-32 -Wpointer-sign -Wno-newline-eof -Wno-selector -Wno-strict-selector-match -Wno-undeclared-selector -Wno-deprecated-implementations -Wno-implicit-fallthrough -fstrict-aliasing -Wprotocol -Wdeprecated-declarations -Wno-sign-conversion -Wno-infinite-recursion -Wno-comma -Wno-block-capture-autoreleasing -Wno-strict-prototypes -Wno-semicolon-before-method-body -index-store-path /Users/fukushimatakumi/Library/Developer/Xcode/DerivedData/SugarBeat-hgoxfxbbugxkfsbmqcjlbmjeaqyg/Index.noindex/DataStore @/Users/fukushimatakumi/Library/Developer/Xcode/DerivedData/SugarBeat-hgoxfxbbugxkfsbmqcjlbmjeaqyg/Build/Intermediates.noindex/AppCheck.build/Debug-iphonesimulator/AppCheckCore.build/Objects-normal/arm64/e6072d4f65d7061329687fe24e3d63a7-common-args.resp -MMD -MT dependencies -MF /Users/fukushimatakumi/Library/Developer/Xcode/DerivedData/SugarBeat-hgoxfxbbugxkfsbmqcjlbmjeaqyg/Build/Intermediates.noindex/AppCheck.build/Debug-iphonesimulator/AppCheckCore.build/Objects-normal/arm64/GACAppAttestRejectionError.d --serialize-diagnostics /Users/fukushimatakumi/Library/Developer/Xcode/DerivedData/SugarBeat-hgoxfxbbugxkfsbmqcjlbmjeaqyg/Build/Intermediates.noindex/AppCheck.build/Debug-iphonesimulator/AppCheckCore.build/Objects-normal/arm64/GACAppAttestRejectionError.dia -c /Users/fukushimatakumi/Library/Developer/Xcode/DerivedData/SugarBeat-hgoxfxbbugxkfsbmqcjlbmjeaqyg/SourcePackages/checkouts/app-check/AppCheckCore/Sources/AppAttestProvider/Errors/GACAppAttestRejectionError.m -o /Users/fukushimatakumi/Library/Developer/Xcode/DerivedData/SugarBeat-hgoxfxbbugxkfsbmqcjlbmjeaqyg/Build/Intermediates.noindex/AppCheck.build/Debug-iphonesimulator/AppCheckCore.build/Objects-normal/arm64/GACAppAttestRejectionError.o -index-unit-output-path /AppCheck.build/Debug-iphonesimulator/AppCheckCore.build/Objects-normal/arm64/GACAppAttestRejectionError.o

CompileC /Users/fukushimatakumi/Library/Developer/Xcode/DerivedData/SugarBeat-hgoxfxbbugxkfsbmqcjlbmjeaqyg/Build/Intermediates.noindex/AppCheck.build/Debug-iphonesimulator/AppCheckCore.build/Objects-normal/arm64/GACAppAttestProvider.o /Users/fukushimatakumi/Library/Developer/Xcode/DerivedData/SugarBeat-hgoxfxbbugxkfsbmqcjlbmjeaqyg/SourcePackages/checkouts/app-check/AppCheckCore/Sources/AppAttestProvider/GACAppAttestProvider.m normal arm64 objective-c com.apple.compilers.llvm.clang.1_0.compiler (in target 'AppCheckCore' from project 'AppCheck')
    cd /Users/fukushimatakumi/develop/sugarbeat/sugarbeat-front
    
    Using response file: /Users/fukushimatakumi/Library/Developer/Xcode/DerivedData/SugarBeat-hgoxfxbbugxkfsbmqcjlbmjeaqyg/Build/Intermediates.noindex/AppCheck.build/Debug-iphonesimulator/AppCheckCore.build/Objects-normal/arm64/e6072d4f65d7061329687fe24e3d63a7-common-args.resp
    
    /Applications/Xcode.app/Contents/Developer/Toolchains/XcodeDefault.xctoolchain/usr/bin/clang -x objective-c -ivfsstatcache /Users/fukushimatakumi/Library/Developer/Xcode/DerivedData/SDKStatCaches.noindex/iphonesimulator18.4-22E235-71825a6d136aa4733edcbe86ece5525b.sdkstatcache -fmessage-length\=0 -fdiagnostics-show-note-include-stack -fmacro-backtrace-limit\=0 -fno-color-diagnostics -fmodules-prune-interval\=86400 -fmodules-prune-after\=345600 -fbuild-session-file\=/Users/fukushimatakumi/Library/Developer/Xcode/DerivedData/ModuleCache.noindex/Session.modulevalidation -fmodules-validate-once-per-build-session -Wnon-modular-include-in-framework-module -Werror\=non-modular-include-in-framework-module -Wno-trigraphs -Wno-missing-field-initializers -Wno-missing-prototypes -Wno-return-type -Wno-implicit-atomic-properties -Wno-objc-interface-ivars -Wno-arc-repeated-use-of-weak -Wno-missing-braces -Wparentheses -Wswitch -Wno-unused-function -Wno-unused-label -Wno-unused-parameter -Wno-unused-variable -Wunused-value -Wno-empty-body -Wno-uninitialized -Wno-unknown-pragmas -w -Wno-shadow -Wno-four-char-constants -Wno-conversion -Wno-constant-conversion -Wno-int-conversion -Wno-bool-conversion -Wno-enum-conversion -Wno-float-conversion -Wno-non-literal-null-conversion -Wno-objc-literal-conversion -Wshorten-64-to-32 -Wpointer-sign -Wno-newline-eof -Wno-selector -Wno-strict-selector-match -Wno-undeclared-selector -Wno-deprecated-implementations -Wno-implicit-fallthrough -fstrict-aliasing -Wprotocol -Wdeprecated-declarations -Wno-sign-conversion -Wno-infinite-recursion -Wno-comma -Wno-block-capture-autoreleasing -Wno-strict-prototypes -Wno-semicolon-before-method-body -index-store-path /Users/fukushimatakumi/Library/Developer/Xcode/DerivedData/SugarBeat-hgoxfxbbugxkfsbmqcjlbmjeaqyg/Index.noindex/DataStore @/Users/fukushimatakumi/Library/Developer/Xcode/DerivedData/SugarBeat-hgoxfxbbugxkfsbmqcjlbmjeaqyg/Build/Intermediates.noindex/AppCheck.build/Debug-iphonesimulator/AppCheckCore.build/Objects-normal/arm64/e6072d4f65d7061329687fe24e3d63a7-common-args.resp -MMD -MT dependencies -MF /Users/fukushimatakumi/Library/Developer/Xcode/DerivedData/SugarBeat-hgoxfxbbugxkfsbmqcjlbmjeaqyg/Build/Intermediates.noindex/AppCheck.build/Debug-iphonesimulator/AppCheckCore.build/Objects-normal/arm64/GACAppAttestProvider.d --serialize-diagnostics /Users/fukushimatakumi/Library/Developer/Xcode/DerivedData/SugarBeat-hgoxfxbbugxkfsbmqcjlbmjeaqyg/Build/Intermediates.noindex/AppCheck.build/Debug-iphonesimulator/AppCheckCore.build/Objects-normal/arm64/GACAppAttestProvider.dia -c /Users/fukushimatakumi/Library/Developer/Xcode/DerivedData/SugarBeat-hgoxfxbbugxkfsbmqcjlbmjeaqyg/SourcePackages/checkouts/app-check/AppCheckCore/Sources/AppAttestProvider/GACAppAttestProvider.m -o /Users/fukushimatakumi/Library/Developer/Xcode/DerivedData/SugarBeat-hgoxfxbbugxkfsbmqcjlbmjeaqyg/Build/Intermediates.noindex/AppCheck.build/Debug-iphonesimulator/AppCheckCore.build/Objects-normal/arm64/GACAppAttestProvider.o -index-unit-output-path /AppCheck.build/Debug-iphonesimulator/AppCheckCore.build/Objects-normal/arm64/GACAppAttestProvider.o

CompileC /Users/fukushimatakumi/Library/Developer/Xcode/DerivedData/SugarBeat-hgoxfxbbugxkfsbmqcjlbmjeaqyg/Build/Intermediates.noindex/AppCheck.build/Debug-iphonesimulator/AppCheckCore.build/Objects-normal/arm64/GACAppAttestProviderState.o /Users/fukushimatakumi/Library/Developer/Xcode/DerivedData/SugarBeat-hgoxfxbbugxkfsbmqcjlbmjeaqyg/SourcePackages/checkouts/app-check/AppCheckCore/Sources/AppAttestProvider/GACAppAttestProviderState.m normal arm64 objective-c com.apple.compilers.llvm.clang.1_0.compiler (in target 'AppCheckCore' from project 'AppCheck')
    cd /Users/fukushimatakumi/develop/sugarbeat/sugarbeat-front
    
    Using response file: /Users/fukushimatakumi/Library/Developer/Xcode/DerivedData/SugarBeat-hgoxfxbbugxkfsbmqcjlbmjeaqyg/Build/Intermediates.noindex/AppCheck.build/Debug-iphonesimulator/AppCheckCore.build/Objects-normal/arm64/e6072d4f65d7061329687fe24e3d63a7-common-args.resp
    
    /Applications/Xcode.app/Contents/Developer/Toolchains/XcodeDefault.xctoolchain/usr/bin/clang -x objective-c -ivfsstatcache /Users/fukushimatakumi/Library/Developer/Xcode/DerivedData/SDKStatCaches.noindex/iphonesimulator18.4-22E235-71825a6d136aa4733edcbe86ece5525b.sdkstatcache -fmessage-length\=0 -fdiagnostics-show-note-include-stack -fmacro-backtrace-limit\=0 -fno-color-diagnostics -fmodules-prune-interval\=86400 -fmodules-prune-after\=345600 -fbuild-session-file\=/Users/fukushimatakumi/Library/Developer/Xcode/DerivedData/ModuleCache.noindex/Session.modulevalidation -fmodules-validate-once-per-build-session -Wnon-modular-include-in-framework-module -Werror\=non-modular-include-in-framework-module -Wno-trigraphs -Wno-missing-field-initializers -Wno-missing-prototypes -Wno-return-type -Wno-implicit-atomic-properties -Wno-objc-interface-ivars -Wno-arc-repeated-use-of-weak -Wno-missing-braces -Wparentheses -Wswitch -Wno-unused-function -Wno-unused-label -Wno-unused-parameter -Wno-unused-variable -Wunused-value -Wno-empty-body -Wno-uninitialized -Wno-unknown-pragmas -w -Wno-shadow -Wno-four-char-constants -Wno-conversion -Wno-constant-conversion -Wno-int-conversion -Wno-bool-conversion -Wno-enum-conversion -Wno-float-conversion -Wno-non-literal-null-conversion -Wno-objc-literal-conversion -Wshorten-64-to-32 -Wpointer-sign -Wno-newline-eof -Wno-selector -Wno-strict-selector-match -Wno-undeclared-selector -Wno-deprecated-implementations -Wno-implicit-fallthrough -fstrict-aliasing -Wprotocol -Wdeprecated-declarations -Wno-sign-conversion -Wno-infinite-recursion -Wno-comma -Wno-block-capture-autoreleasing -Wno-strict-prototypes -Wno-semicolon-before-method-body -index-store-path /Users/fukushimatakumi/Library/Developer/Xcode/DerivedData/SugarBeat-hgoxfxbbugxkfsbmqcjlbmjeaqyg/Index.noindex/DataStore @/Users/fukushimatakumi/Library/Developer/Xcode/DerivedData/SugarBeat-hgoxfxbbugxkfsbmqcjlbmjeaqyg/Build/Intermediates.noindex/AppCheck.build/Debug-iphonesimulator/AppCheckCore.build/Objects-normal/arm64/e6072d4f65d7061329687fe24e3d63a7-common-args.resp -MMD -MT dependencies -MF /Users/fukushimatakumi/Library/Developer/Xcode/DerivedData/SugarBeat-hgoxfxbbugxkfsbmqcjlbmjeaqyg/Build/Intermediates.noindex/AppCheck.build/Debug-iphonesimulator/AppCheckCore.build/Objects-normal/arm64/GACAppAttestProviderState.d --serialize-diagnostics /Users/fukushimatakumi/Library/Developer/Xcode/DerivedData/SugarBeat-hgoxfxbbugxkfsbmqcjlbmjeaqyg/Build/Intermediates.noindex/AppCheck.build/Debug-iphonesimulator/AppCheckCore.build/Objects-normal/arm64/GACAppAttestProviderState.dia -c /Users/fukushimatakumi/Library/Developer/Xcode/DerivedData/SugarBeat-hgoxfxbbugxkfsbmqcjlbmjeaqyg/SourcePackages/checkouts/app-check/AppCheckCore/Sources/AppAttestProvider/GACAppAttestProviderState.m -o /Users/fukushimatakumi/Library/Developer/Xcode/DerivedData/SugarBeat-hgoxfxbbugxkfsbmqcjlbmjeaqyg/Build/Intermediates.noindex/AppCheck.build/Debug-iphonesimulator/AppCheckCore.build/Objects-normal/arm64/GACAppAttestProviderState.o -index-unit-output-path /AppCheck.build/Debug-iphonesimulator/AppCheckCore.build/Objects-normal/arm64/GACAppAttestProviderState.o

CompileC /Users/fukushimatakumi/Library/Developer/Xcode/DerivedData/SugarBeat-hgoxfxbbugxkfsbmqcjlbmjeaqyg/Build/Intermediates.noindex/AppCheck.build/Debug-iphonesimulator/AppCheckCore.build/Objects-normal/arm64/GACAppAttestAttestationResponse.o /Users/fukushimatakumi/Library/Developer/Xcode/DerivedData/SugarBeat-hgoxfxbbugxkfsbmqcjlbmjeaqyg/SourcePackages/checkouts/app-check/AppCheckCore/Sources/AppAttestProvider/API/GACAppAttestAttestationResponse.m normal arm64 objective-c com.apple.compilers.llvm.clang.1_0.compiler (in target 'AppCheckCore' from project 'AppCheck')
    cd /Users/fukushimatakumi/develop/sugarbeat/sugarbeat-front
    
    Using response file: /Users/fukushimatakumi/Library/Developer/Xcode/DerivedData/SugarBeat-hgoxfxbbugxkfsbmqcjlbmjeaqyg/Build/Intermediates.noindex/AppCheck.build/Debug-iphonesimulator/AppCheckCore.build/Objects-normal/arm64/e6072d4f65d7061329687fe24e3d63a7-common-args.resp
    
    /Applications/Xcode.app/Contents/Developer/Toolchains/XcodeDefault.xctoolchain/usr/bin/clang -x objective-c -ivfsstatcache /Users/fukushimatakumi/Library/Developer/Xcode/DerivedData/SDKStatCaches.noindex/iphonesimulator18.4-22E235-71825a6d136aa4733edcbe86ece5525b.sdkstatcache -fmessage-length\=0 -fdiagnostics-show-note-include-stack -fmacro-backtrace-limit\=0 -fno-color-diagnostics -fmodules-prune-interval\=86400 -fmodules-prune-after\=345600 -fbuild-session-file\=/Users/fukushimatakumi/Library/Developer/Xcode/DerivedData/ModuleCache.noindex/Session.modulevalidation -fmodules-validate-once-per-build-session -Wnon-modular-include-in-framework-module -Werror\=non-modular-include-in-framework-module -Wno-trigraphs -Wno-missing-field-initializers -Wno-missing-prototypes -Wno-return-type -Wno-implicit-atomic-properties -Wno-objc-interface-ivars -Wno-arc-repeated-use-of-weak -Wno-missing-braces -Wparentheses -Wswitch -Wno-unused-function -Wno-unused-label -Wno-unused-parameter -Wno-unused-variable -Wunused-value -Wno-empty-body -Wno-uninitialized -Wno-unknown-pragmas -w -Wno-shadow -Wno-four-char-constants -Wno-conversion -Wno-constant-conversion -Wno-int-conversion -Wno-bool-conversion -Wno-enum-conversion -Wno-float-conversion -Wno-non-literal-null-conversion -Wno-objc-literal-conversion -Wshorten-64-to-32 -Wpointer-sign -Wno-newline-eof -Wno-selector -Wno-strict-selector-match -Wno-undeclared-selector -Wno-deprecated-implementations -Wno-implicit-fallthrough -fstrict-aliasing -Wprotocol -Wdeprecated-declarations -Wno-sign-conversion -Wno-infinite-recursion -Wno-comma -Wno-block-capture-autoreleasing -Wno-strict-prototypes -Wno-semicolon-before-method-body -index-store-path /Users/fukushimatakumi/Library/Developer/Xcode/DerivedData/SugarBeat-hgoxfxbbugxkfsbmqcjlbmjeaqyg/Index.noindex/DataStore @/Users/fukushimatakumi/Library/Developer/Xcode/DerivedData/SugarBeat-hgoxfxbbugxkfsbmqcjlbmjeaqyg/Build/Intermediates.noindex/AppCheck.build/Debug-iphonesimulator/AppCheckCore.build/Objects-normal/arm64/e6072d4f65d7061329687fe24e3d63a7-common-args.resp -MMD -MT dependencies -MF /Users/fukushimatakumi/Library/Developer/Xcode/DerivedData/SugarBeat-hgoxfxbbugxkfsbmqcjlbmjeaqyg/Build/Intermediates.noindex/AppCheck.build/Debug-iphonesimulator/AppCheckCore.build/Objects-normal/arm64/GACAppAttestAttestationResponse.d --serialize-diagnostics /Users/fukushimatakumi/Library/Developer/Xcode/DerivedData/SugarBeat-hgoxfxbbugxkfsbmqcjlbmjeaqyg/Build/Intermediates.noindex/AppCheck.build/Debug-iphonesimulator/AppCheckCore.build/Objects-normal/arm64/GACAppAttestAttestationResponse.dia -c /Users/fukushimatakumi/Library/Developer/Xcode/DerivedData/SugarBeat-hgoxfxbbugxkfsbmqcjlbmjeaqyg/SourcePackages/checkouts/app-check/AppCheckCore/Sources/AppAttestProvider/API/GACAppAttestAttestationResponse.m -o /Users/fukushimatakumi/Library/Developer/Xcode/DerivedData/SugarBeat-hgoxfxbbugxkfsbmqcjlbmjeaqyg/Build/Intermediates.noindex/AppCheck.build/Debug-iphonesimulator/AppCheckCore.build/Objects-normal/arm64/GACAppAttestAttestationResponse.o -index-unit-output-path /AppCheck.build/Debug-iphonesimulator/AppCheckCore.build/Objects-normal/arm64/GACAppAttestAttestationResponse.o

CompileC /Users/fukushimatakumi/Library/Developer/Xcode/DerivedData/SugarBeat-hgoxfxbbugxkfsbmqcjlbmjeaqyg/Build/Intermediates.noindex/AppCheck.build/Debug-iphonesimulator/AppCheckCore.build/Objects-normal/arm64/GACAppAttestAPIService.o /Users/fukushimatakumi/Library/Developer/Xcode/DerivedData/SugarBeat-hgoxfxbbugxkfsbmqcjlbmjeaqyg/SourcePackages/checkouts/app-check/AppCheckCore/Sources/AppAttestProvider/API/GACAppAttestAPIService.m normal arm64 objective-c com.apple.compilers.llvm.clang.1_0.compiler (in target 'AppCheckCore' from project 'AppCheck')
    cd /Users/fukushimatakumi/develop/sugarbeat/sugarbeat-front
    
    Using response file: /Users/fukushimatakumi/Library/Developer/Xcode/DerivedData/SugarBeat-hgoxfxbbugxkfsbmqcjlbmjeaqyg/Build/Intermediates.noindex/AppCheck.build/Debug-iphonesimulator/AppCheckCore.build/Objects-normal/arm64/e6072d4f65d7061329687fe24e3d63a7-common-args.resp
    
    /Applications/Xcode.app/Contents/Developer/Toolchains/XcodeDefault.xctoolchain/usr/bin/clang -x objective-c -ivfsstatcache /Users/fukushimatakumi/Library/Developer/Xcode/DerivedData/SDKStatCaches.noindex/iphonesimulator18.4-22E235-71825a6d136aa4733edcbe86ece5525b.sdkstatcache -fmessage-length\=0 -fdiagnostics-show-note-include-stack -fmacro-backtrace-limit\=0 -fno-color-diagnostics -fmodules-prune-interval\=86400 -fmodules-prune-after\=345600 -fbuild-session-file\=/Users/fukushimatakumi/Library/Developer/Xcode/DerivedData/ModuleCache.noindex/Session.modulevalidation -fmodules-validate-once-per-build-session -Wnon-modular-include-in-framework-module -Werror\=non-modular-include-in-framework-module -Wno-trigraphs -Wno-missing-field-initializers -Wno-missing-prototypes -Wno-return-type -Wno-implicit-atomic-properties -Wno-objc-interface-ivars -Wno-arc-repeated-use-of-weak -Wno-missing-braces -Wparentheses -Wswitch -Wno-unused-function -Wno-unused-label -Wno-unused-parameter -Wno-unused-variable -Wunused-value -Wno-empty-body -Wno-uninitialized -Wno-unknown-pragmas -w -Wno-shadow -Wno-four-char-constants -Wno-conversion -Wno-constant-conversion -Wno-int-conversion -Wno-bool-conversion -Wno-enum-conversion -Wno-float-conversion -Wno-non-literal-null-conversion -Wno-objc-literal-conversion -Wshorten-64-to-32 -Wpointer-sign -Wno-newline-eof -Wno-selector -Wno-strict-selector-match -Wno-undeclared-selector -Wno-deprecated-implementations -Wno-implicit-fallthrough -fstrict-aliasing -Wprotocol -Wdeprecated-declarations -Wno-sign-conversion -Wno-infinite-recursion -Wno-comma -Wno-block-capture-autoreleasing -Wno-strict-prototypes -Wno-semicolon-before-method-body -index-store-path /Users/fukushimatakumi/Library/Developer/Xcode/DerivedData/SugarBeat-hgoxfxbbugxkfsbmqcjlbmjeaqyg/Index.noindex/DataStore @/Users/fukushimatakumi/Library/Developer/Xcode/DerivedData/SugarBeat-hgoxfxbbugxkfsbmqcjlbmjeaqyg/Build/Intermediates.noindex/AppCheck.build/Debug-iphonesimulator/AppCheckCore.build/Objects-normal/arm64/e6072d4f65d7061329687fe24e3d63a7-common-args.resp -MMD -MT dependencies -MF /Users/fukushimatakumi/Library/Developer/Xcode/DerivedData/SugarBeat-hgoxfxbbugxkfsbmqcjlbmjeaqyg/Build/Intermediates.noindex/AppCheck.build/Debug-iphonesimulator/AppCheckCore.build/Objects-normal/arm64/GACAppAttestAPIService.d --serialize-diagnostics /Users/fukushimatakumi/Library/Developer/Xcode/DerivedData/SugarBeat-hgoxfxbbugxkfsbmqcjlbmjeaqyg/Build/Intermediates.noindex/AppCheck.build/Debug-iphonesimulator/AppCheckCore.build/Objects-normal/arm64/GACAppAttestAPIService.dia -c /Users/fukushimatakumi/Library/Developer/Xcode/DerivedData/SugarBeat-hgoxfxbbugxkfsbmqcjlbmjeaqyg/SourcePackages/checkouts/app-check/AppCheckCore/Sources/AppAttestProvider/API/GACAppAttestAPIService.m -o /Users/fukushimatakumi/Library/Developer/Xcode/DerivedData/SugarBeat-hgoxfxbbugxkfsbmqcjlbmjeaqyg/Build/Intermediates.noindex/AppCheck.build/Debug-iphonesimulator/AppCheckCore.build/Objects-normal/arm64/GACAppAttestAPIService.o -index-unit-output-path /AppCheck.build/Debug-iphonesimulator/AppCheckCore.build/Objects-normal/arm64/GACAppAttestAPIService.o

CompileC /Users/fukushimatakumi/Library/Developer/Xcode/DerivedData/SugarBeat-hgoxfxbbugxkfsbmqcjlbmjeaqyg/Build/Intermediates.noindex/AppCheck.build/Debug-iphonesimulator/AppCheckCore.build/Objects-normal/arm64/DCDevice+GACDeviceCheckTokenGenerator.o /Users/fukushimatakumi/Library/Developer/Xcode/DerivedData/SugarBeat-hgoxfxbbugxkfsbmqcjlbmjeaqyg/SourcePackages/checkouts/app-check/AppCheckCore/Sources/DeviceCheckProvider/DCDevice+GACDeviceCheckTokenGenerator.m normal arm64 objective-c com.apple.compilers.llvm.clang.1_0.compiler (in target 'AppCheckCore' from project 'AppCheck')
    cd /Users/fukushimatakumi/develop/sugarbeat/sugarbeat-front
    
    Using response file: /Users/fukushimatakumi/Library/Developer/Xcode/DerivedData/SugarBeat-hgoxfxbbugxkfsbmqcjlbmjeaqyg/Build/Intermediates.noindex/AppCheck.build/Debug-iphonesimulator/AppCheckCore.build/Objects-normal/arm64/e6072d4f65d7061329687fe24e3d63a7-common-args.resp
    
    /Applications/Xcode.app/Contents/Developer/Toolchains/XcodeDefault.xctoolchain/usr/bin/clang -x objective-c -ivfsstatcache /Users/fukushimatakumi/Library/Developer/Xcode/DerivedData/SDKStatCaches.noindex/iphonesimulator18.4-22E235-71825a6d136aa4733edcbe86ece5525b.sdkstatcache -fmessage-length\=0 -fdiagnostics-show-note-include-stack -fmacro-backtrace-limit\=0 -fno-color-diagnostics -fmodules-prune-interval\=86400 -fmodules-prune-after\=345600 -fbuild-session-file\=/Users/fukushimatakumi/Library/Developer/Xcode/DerivedData/ModuleCache.noindex/Session.modulevalidation -fmodules-validate-once-per-build-session -Wnon-modular-include-in-framework-module -Werror\=non-modular-include-in-framework-module -Wno-trigraphs -Wno-missing-field-initializers -Wno-missing-prototypes -Wno-return-type -Wno-implicit-atomic-properties -Wno-objc-interface-ivars -Wno-arc-repeated-use-of-weak -Wno-missing-braces -Wparentheses -Wswitch -Wno-unused-function -Wno-unused-label -Wno-unused-parameter -Wno-unused-variable -Wunused-value -Wno-empty-body -Wno-uninitialized -Wno-unknown-pragmas -w -Wno-shadow -Wno-four-char-constants -Wno-conversion -Wno-constant-conversion -Wno-int-conversion -Wno-bool-conversion -Wno-enum-conversion -Wno-float-conversion -Wno-non-literal-null-conversion -Wno-objc-literal-conversion -Wshorten-64-to-32 -Wpointer-sign -Wno-newline-eof -Wno-selector -Wno-strict-selector-match -Wno-undeclared-selector -Wno-deprecated-implementations -Wno-implicit-fallthrough -fstrict-aliasing -Wprotocol -Wdeprecated-declarations -Wno-sign-conversion -Wno-infinite-recursion -Wno-comma -Wno-block-capture-autoreleasing -Wno-strict-prototypes -Wno-semicolon-before-method-body -index-store-path /Users/fukushimatakumi/Library/Developer/Xcode/DerivedData/SugarBeat-hgoxfxbbugxkfsbmqcjlbmjeaqyg/Index.noindex/DataStore @/Users/fukushimatakumi/Library/Developer/Xcode/DerivedData/SugarBeat-hgoxfxbbugxkfsbmqcjlbmjeaqyg/Build/Intermediates.noindex/AppCheck.build/Debug-iphonesimulator/AppCheckCore.build/Objects-normal/arm64/e6072d4f65d7061329687fe24e3d63a7-common-args.resp -MMD -MT dependencies -MF /Users/fukushimatakumi/Library/Developer/Xcode/DerivedData/SugarBeat-hgoxfxbbugxkfsbmqcjlbmjeaqyg/Build/Intermediates.noindex/AppCheck.build/Debug-iphonesimulator/AppCheckCore.build/Objects-normal/arm64/DCDevice+GACDeviceCheckTokenGenerator.d --serialize-diagnostics /Users/fukushimatakumi/Library/Developer/Xcode/DerivedData/SugarBeat-hgoxfxbbugxkfsbmqcjlbmjeaqyg/Build/Intermediates.noindex/AppCheck.build/Debug-iphonesimulator/AppCheckCore.build/Objects-normal/arm64/DCDevice+GACDeviceCheckTokenGenerator.dia -c /Users/fukushimatakumi/Library/Developer/Xcode/DerivedData/SugarBeat-hgoxfxbbugxkfsbmqcjlbmjeaqyg/SourcePackages/checkouts/app-check/AppCheckCore/Sources/DeviceCheckProvider/DCDevice+GACDeviceCheckTokenGenerator.m -o /Users/fukushimatakumi/Library/Developer/Xcode/DerivedData/SugarBeat-hgoxfxbbugxkfsbmqcjlbmjeaqyg/Build/Intermediates.noindex/AppCheck.build/Debug-iphonesimulator/AppCheckCore.build/Objects-normal/arm64/DCDevice+GACDeviceCheckTokenGenerator.o -index-unit-output-path /AppCheck.build/Debug-iphonesimulator/AppCheckCore.build/Objects-normal/arm64/DCDevice+GACDeviceCheckTokenGenerator.o

CompileC /Users/fukushimatakumi/Library/Developer/Xcode/DerivedData/SugarBeat-hgoxfxbbugxkfsbmqcjlbmjeaqyg/Build/Intermediates.noindex/AppCheck.build/Debug-iphonesimulator/AppCheckCore.build/Objects-normal/arm64/DCAppAttestService+GACAppAttestService.o /Users/fukushimatakumi/Library/Developer/Xcode/DerivedData/SugarBeat-hgoxfxbbugxkfsbmqcjlbmjeaqyg/SourcePackages/checkouts/app-check/AppCheckCore/Sources/AppAttestProvider/DCAppAttestService+GACAppAttestService.m normal arm64 objective-c com.apple.compilers.llvm.clang.1_0.compiler (in target 'AppCheckCore' from project 'AppCheck')
    cd /Users/fukushimatakumi/develop/sugarbeat/sugarbeat-front
    
    Using response file: /Users/fukushimatakumi/Library/Developer/Xcode/DerivedData/SugarBeat-hgoxfxbbugxkfsbmqcjlbmjeaqyg/Build/Intermediates.noindex/AppCheck.build/Debug-iphonesimulator/AppCheckCore.build/Objects-normal/arm64/e6072d4f65d7061329687fe24e3d63a7-common-args.resp
    
    /Applications/Xcode.app/Contents/Developer/Toolchains/XcodeDefault.xctoolchain/usr/bin/clang -x objective-c -ivfsstatcache /Users/fukushimatakumi/Library/Developer/Xcode/DerivedData/SDKStatCaches.noindex/iphonesimulator18.4-22E235-71825a6d136aa4733edcbe86ece5525b.sdkstatcache -fmessage-length\=0 -fdiagnostics-show-note-include-stack -fmacro-backtrace-limit\=0 -fno-color-diagnostics -fmodules-prune-interval\=86400 -fmodules-prune-after\=345600 -fbuild-session-file\=/Users/fukushimatakumi/Library/Developer/Xcode/DerivedData/ModuleCache.noindex/Session.modulevalidation -fmodules-validate-once-per-build-session -Wnon-modular-include-in-framework-module -Werror\=non-modular-include-in-framework-module -Wno-trigraphs -Wno-missing-field-initializers -Wno-missing-prototypes -Wno-return-type -Wno-implicit-atomic-properties -Wno-objc-interface-ivars -Wno-arc-repeated-use-of-weak -Wno-missing-braces -Wparentheses -Wswitch -Wno-unused-function -Wno-unused-label -Wno-unused-parameter -Wno-unused-variable -Wunused-value -Wno-empty-body -Wno-uninitialized -Wno-unknown-pragmas -w -Wno-shadow -Wno-four-char-constants -Wno-conversion -Wno-constant-conversion -Wno-int-conversion -Wno-bool-conversion -Wno-enum-conversion -Wno-float-conversion -Wno-non-literal-null-conversion -Wno-objc-literal-conversion -Wshorten-64-to-32 -Wpointer-sign -Wno-newline-eof -Wno-selector -Wno-strict-selector-match -Wno-undeclared-selector -Wno-deprecated-implementations -Wno-implicit-fallthrough -fstrict-aliasing -Wprotocol -Wdeprecated-declarations -Wno-sign-conversion -Wno-infinite-recursion -Wno-comma -Wno-block-capture-autoreleasing -Wno-strict-prototypes -Wno-semicolon-before-method-body -index-store-path /Users/fukushimatakumi/Library/Developer/Xcode/DerivedData/SugarBeat-hgoxfxbbugxkfsbmqcjlbmjeaqyg/Index.noindex/DataStore @/Users/fukushimatakumi/Library/Developer/Xcode/DerivedData/SugarBeat-hgoxfxbbugxkfsbmqcjlbmjeaqyg/Build/Intermediates.noindex/AppCheck.build/Debug-iphonesimulator/AppCheckCore.build/Objects-normal/arm64/e6072d4f65d7061329687fe24e3d63a7-common-args.resp -MMD -MT dependencies -MF /Users/fukushimatakumi/Library/Developer/Xcode/DerivedData/SugarBeat-hgoxfxbbugxkfsbmqcjlbmjeaqyg/Build/Intermediates.noindex/AppCheck.build/Debug-iphonesimulator/AppCheckCore.build/Objects-normal/arm64/DCAppAttestService+GACAppAttestService.d --serialize-diagnostics /Users/fukushimatakumi/Library/Developer/Xcode/DerivedData/SugarBeat-hgoxfxbbugxkfsbmqcjlbmjeaqyg/Build/Intermediates.noindex/AppCheck.build/Debug-iphonesimulator/AppCheckCore.build/Objects-normal/arm64/DCAppAttestService+GACAppAttestService.dia -c /Users/fukushimatakumi/Library/Developer/Xcode/DerivedData/SugarBeat-hgoxfxbbugxkfsbmqcjlbmjeaqyg/SourcePackages/checkouts/app-check/AppCheckCore/Sources/AppAttestProvider/DCAppAttestService+GACAppAttestService.m -o /Users/fukushimatakumi/Library/Developer/Xcode/DerivedData/SugarBeat-hgoxfxbbugxkfsbmqcjlbmjeaqyg/Build/Intermediates.noindex/AppCheck.build/Debug-iphonesimulator/AppCheckCore.build/Objects-normal/arm64/DCAppAttestService+GACAppAttestService.o -index-unit-output-path /AppCheck.build/Debug-iphonesimulator/AppCheckCore.build/Objects-normal/arm64/DCAppAttestService+GACAppAttestService.o

PrecompileModule /Users/fukushimatakumi/Library/Developer/Xcode/DerivedData/SugarBeat-hgoxfxbbugxkfsbmqcjlbmjeaqyg/Build/Intermediates.noindex/ExplicitPrecompiledModules/GoogleUtilities_Network-7B5ULYANRI2J980QQ8CA9TGVI.scan
    cd /Users/fukushimatakumi/develop/sugarbeat/sugarbeat-front
    builtin-precompileModule /Users/fukushimatakumi/Library/Developer/Xcode/DerivedData/SugarBeat-hgoxfxbbugxkfsbmqcjlbmjeaqyg/Build/Intermediates.noindex/ExplicitPrecompiledModules/GoogleUtilities_Network-7B5ULYANRI2J980QQ8CA9TGVI.scan

PrecompileModule /Users/fukushimatakumi/Library/Developer/Xcode/DerivedData/SugarBeat-hgoxfxbbugxkfsbmqcjlbmjeaqyg/Build/Intermediates.noindex/ExplicitPrecompiledModules/GoogleUtilities_UserDefaults-E03SMUD3HVAKQVR64Q78PD43G.scan
    cd /Users/fukushimatakumi/develop/sugarbeat/sugarbeat-front
    builtin-precompileModule /Users/fukushimatakumi/Library/Developer/Xcode/DerivedData/SugarBeat-hgoxfxbbugxkfsbmqcjlbmjeaqyg/Build/Intermediates.noindex/ExplicitPrecompiledModules/GoogleUtilities_UserDefaults-E03SMUD3HVAKQVR64Q78PD43G.scan

PrecompileModule /Users/fukushimatakumi/Library/Developer/Xcode/DerivedData/SugarBeat-hgoxfxbbugxkfsbmqcjlbmjeaqyg/Build/Intermediates.noindex/ExplicitPrecompiledModules/GoogleUtilities_Environment-NZFCTUGDKLQZA8KCC6HAW9OY.scan
    cd /Users/fukushimatakumi/develop/sugarbeat/sugarbeat-front
    builtin-precompileModule /Users/fukushimatakumi/Library/Developer/Xcode/DerivedData/SugarBeat-hgoxfxbbugxkfsbmqcjlbmjeaqyg/Build/Intermediates.noindex/ExplicitPrecompiledModules/GoogleUtilities_Environment-NZFCTUGDKLQZA8KCC6HAW9OY.scan

MkDir /Users/fukushimatakumi/Library/Developer/Xcode/DerivedData/SugarBeat-hgoxfxbbugxkfsbmqcjlbmjeaqyg/Build/Products/Debug-iphonesimulator/SugarBeat.app/Frameworks (in target 'SugarBeat' from project 'SugarBeat')
    cd /Users/fukushimatakumi/develop/sugarbeat/sugarbeat-front
    /bin/mkdir -p /Users/fukushimatakumi/Library/Developer/Xcode/DerivedData/SugarBeat-hgoxfxbbugxkfsbmqcjlbmjeaqyg/Build/Products/Debug-iphonesimulator/SugarBeat.app/Frameworks

MkDir /Users/fukushimatakumi/Library/Developer/Xcode/DerivedData/SugarBeat-hgoxfxbbugxkfsbmqcjlbmjeaqyg/Build/Products/Debug-iphonesimulator/SugarBeat.app (in target 'SugarBeat' from project 'SugarBeat')
    cd /Users/fukushimatakumi/develop/sugarbeat/sugarbeat-front
    /bin/mkdir -p /Users/fukushimatakumi/Library/Developer/Xcode/DerivedData/SugarBeat-hgoxfxbbugxkfsbmqcjlbmjeaqyg/Build/Products/Debug-iphonesimulator/SugarBeat.app

RegisterExecutionPolicyException /Users/fukushimatakumi/Library/Developer/Xcode/DerivedData/SugarBeat-hgoxfxbbugxkfsbmqcjlbmjeaqyg/Build/Products/Debug-iphonesimulator/Promises_FBLPromises.bundle (in target 'Promises_FBLPromises' from project 'Promises')
    cd /Users/fukushimatakumi/Library/Developer/Xcode/DerivedData/SugarBeat-hgoxfxbbugxkfsbmqcjlbmjeaqyg/SourcePackages/checkouts/promises
    builtin-RegisterExecutionPolicyException /Users/fukushimatakumi/Library/Developer/Xcode/DerivedData/SugarBeat-hgoxfxbbugxkfsbmqcjlbmjeaqyg/Build/Products/Debug-iphonesimulator/Promises_FBLPromises.bundle

RegisterExecutionPolicyException /Users/fukushimatakumi/Library/Developer/Xcode/DerivedData/SugarBeat-hgoxfxbbugxkfsbmqcjlbmjeaqyg/Build/Products/Debug-iphonesimulator/GoogleUtilities_GoogleUtilities-UserDefaults.bundle (in target 'GoogleUtilities_GoogleUtilities-UserDefaults' from project 'GoogleUtilities')
    cd /Users/fukushimatakumi/Library/Developer/Xcode/DerivedData/SugarBeat-hgoxfxbbugxkfsbmqcjlbmjeaqyg/SourcePackages/checkouts/GoogleUtilities
    builtin-RegisterExecutionPolicyException /Users/fukushimatakumi/Library/Developer/Xcode/DerivedData/SugarBeat-hgoxfxbbugxkfsbmqcjlbmjeaqyg/Build/Products/Debug-iphonesimulator/GoogleUtilities_GoogleUtilities-UserDefaults.bundle

RegisterExecutionPolicyException /Users/fukushimatakumi/Library/Developer/Xcode/DerivedData/SugarBeat-hgoxfxbbugxkfsbmqcjlbmjeaqyg/Build/Products/Debug-iphonesimulator/GoogleUtilities_GoogleUtilities-Reachability.bundle (in target 'GoogleUtilities_GoogleUtilities-Reachability' from project 'GoogleUtilities')
    cd /Users/fukushimatakumi/Library/Developer/Xcode/DerivedData/SugarBeat-hgoxfxbbugxkfsbmqcjlbmjeaqyg/SourcePackages/checkouts/GoogleUtilities
    builtin-RegisterExecutionPolicyException /Users/fukushimatakumi/Library/Developer/Xcode/DerivedData/SugarBeat-hgoxfxbbugxkfsbmqcjlbmjeaqyg/Build/Products/Debug-iphonesimulator/GoogleUtilities_GoogleUtilities-Reachability.bundle

RegisterExecutionPolicyException /Users/fukushimatakumi/Library/Developer/Xcode/DerivedData/SugarBeat-hgoxfxbbugxkfsbmqcjlbmjeaqyg/Build/Products/Debug-iphonesimulator/GoogleUtilities_GoogleUtilities-Network.bundle (in target 'GoogleUtilities_GoogleUtilities-Network' from project 'GoogleUtilities')
    cd /Users/fukushimatakumi/Library/Developer/Xcode/DerivedData/SugarBeat-hgoxfxbbugxkfsbmqcjlbmjeaqyg/SourcePackages/checkouts/GoogleUtilities
    builtin-RegisterExecutionPolicyException /Users/fukushimatakumi/Library/Developer/Xcode/DerivedData/SugarBeat-hgoxfxbbugxkfsbmqcjlbmjeaqyg/Build/Products/Debug-iphonesimulator/GoogleUtilities_GoogleUtilities-Network.bundle

RegisterExecutionPolicyException /Users/fukushimatakumi/Library/Developer/Xcode/DerivedData/SugarBeat-hgoxfxbbugxkfsbmqcjlbmjeaqyg/Build/Products/Debug-iphonesimulator/GoogleUtilities_GoogleUtilities-NSData.bundle (in target 'GoogleUtilities_GoogleUtilities-NSData' from project 'GoogleUtilities')
    cd /Users/fukushimatakumi/Library/Developer/Xcode/DerivedData/SugarBeat-hgoxfxbbugxkfsbmqcjlbmjeaqyg/SourcePackages/checkouts/GoogleUtilities
    builtin-RegisterExecutionPolicyException /Users/fukushimatakumi/Library/Developer/Xcode/DerivedData/SugarBeat-hgoxfxbbugxkfsbmqcjlbmjeaqyg/Build/Products/Debug-iphonesimulator/GoogleUtilities_GoogleUtilities-NSData.bundle

CodeSign /Users/fukushimatakumi/Library/Developer/Xcode/DerivedData/SugarBeat-hgoxfxbbugxkfsbmqcjlbmjeaqyg/Build/Products/Debug-iphonesimulator/GoogleUtilities_GoogleUtilities-Logger.bundle (in target 'GoogleUtilities_GoogleUtilities-Logger' from project 'GoogleUtilities')
    cd /Users/fukushimatakumi/Library/Developer/Xcode/DerivedData/SugarBeat-hgoxfxbbugxkfsbmqcjlbmjeaqyg/SourcePackages/checkouts/GoogleUtilities
    
    Signing Identity:     "Sign to Run Locally"
    
    /usr/bin/codesign --force --sign - --timestamp\=none --generate-entitlement-der /Users/fukushimatakumi/Library/Developer/Xcode/DerivedData/SugarBeat-hgoxfxbbugxkfsbmqcjlbmjeaqyg/Build/Products/Debug-iphonesimulator/GoogleUtilities_GoogleUtilities-Logger.bundle

CodeSign /Users/fukushimatakumi/Library/Developer/Xcode/DerivedData/SugarBeat-hgoxfxbbugxkfsbmqcjlbmjeaqyg/Build/Products/Debug-iphonesimulator/GoogleUtilities_GoogleUtilities-Environment.bundle (in target 'GoogleUtilities_GoogleUtilities-Environment' from project 'GoogleUtilities')
    cd /Users/fukushimatakumi/Library/Developer/Xcode/DerivedData/SugarBeat-hgoxfxbbugxkfsbmqcjlbmjeaqyg/SourcePackages/checkouts/GoogleUtilities
    
    Signing Identity:     "Sign to Run Locally"
    
    /usr/bin/codesign --force --sign - --timestamp\=none --generate-entitlement-der /Users/fukushimatakumi/Library/Developer/Xcode/DerivedData/SugarBeat-hgoxfxbbugxkfsbmqcjlbmjeaqyg/Build/Products/Debug-iphonesimulator/GoogleUtilities_GoogleUtilities-Environment.bundle

CodeSign /Users/fukushimatakumi/Library/Developer/Xcode/DerivedData/SugarBeat-hgoxfxbbugxkfsbmqcjlbmjeaqyg/Build/Products/Debug-iphonesimulator/GoogleUtilities_GoogleUtilities-AppDelegateSwizzler.bundle (in target 'GoogleUtilities_GoogleUtilities-AppDelegateSwizzler' from project 'GoogleUtilities')
    cd /Users/fukushimatakumi/Library/Developer/Xcode/DerivedData/SugarBeat-hgoxfxbbugxkfsbmqcjlbmjeaqyg/SourcePackages/checkouts/GoogleUtilities
    
    Signing Identity:     "Sign to Run Locally"
    
    /usr/bin/codesign --force --sign - --timestamp\=none --generate-entitlement-der /Users/fukushimatakumi/Library/Developer/Xcode/DerivedData/SugarBeat-hgoxfxbbugxkfsbmqcjlbmjeaqyg/Build/Products/Debug-iphonesimulator/GoogleUtilities_GoogleUtilities-AppDelegateSwizzler.bundle

CompileC /Users/fukushimatakumi/Library/Developer/Xcode/DerivedData/SugarBeat-hgoxfxbbugxkfsbmqcjlbmjeaqyg/Build/Intermediates.noindex/GoogleUtilities.build/Debug-iphonesimulator/GoogleUtilities-AppDelegateSwizzler.build/Objects-normal/arm64/GULSceneDelegateSwizzler.o /Users/fukushimatakumi/Library/Developer/Xcode/DerivedData/SugarBeat-hgoxfxbbugxkfsbmqcjlbmjeaqyg/SourcePackages/checkouts/GoogleUtilities/GoogleUtilities/AppDelegateSwizzler/GULSceneDelegateSwizzler.m normal arm64 objective-c com.apple.compilers.llvm.clang.1_0.compiler (in target 'GoogleUtilities-AppDelegateSwizzler' from project 'GoogleUtilities')
    cd /Users/fukushimatakumi/develop/sugarbeat/sugarbeat-front
    
    Using response file: /Users/fukushimatakumi/Library/Developer/Xcode/DerivedData/SugarBeat-hgoxfxbbugxkfsbmqcjlbmjeaqyg/Build/Intermediates.noindex/GoogleUtilities.build/Debug-iphonesimulator/GoogleUtilities-AppDelegateSwizzler.build/Objects-normal/arm64/e6072d4f65d7061329687fe24e3d63a7-common-args.resp
    
    /Applications/Xcode.app/Contents/Developer/Toolchains/XcodeDefault.xctoolchain/usr/bin/clang -x objective-c -ivfsstatcache /Users/fukushimatakumi/Library/Developer/Xcode/DerivedData/SDKStatCaches.noindex/iphonesimulator18.4-22E235-71825a6d136aa4733edcbe86ece5525b.sdkstatcache -fmessage-length\=0 -fdiagnostics-show-note-include-stack -fmacro-backtrace-limit\=0 -fno-color-diagnostics -fmodules-prune-interval\=86400 -fmodules-prune-after\=345600 -fbuild-session-file\=/Users/fukushimatakumi/Library/Developer/Xcode/DerivedData/ModuleCache.noindex/Session.modulevalidation -fmodules-validate-once-per-build-session -Wnon-modular-include-in-framework-module -Werror\=non-modular-include-in-framework-module -Wno-trigraphs -Wno-missing-field-initializers -Wno-missing-prototypes -Wno-return-type -Wno-implicit-atomic-properties -Wno-objc-interface-ivars -Wno-arc-repeated-use-of-weak -Wno-missing-braces -Wparentheses -Wswitch -Wno-unused-function -Wno-unused-label -Wno-unused-parameter -Wno-unused-variable -Wunused-value -Wno-empty-body -Wno-uninitialized -Wno-unknown-pragmas -w -Wno-shadow -Wno-four-char-constants -Wno-conversion -Wno-constant-conversion -Wno-int-conversion -Wno-bool-conversion -Wno-enum-conversion -Wno-float-conversion -Wno-non-literal-null-conversion -Wno-objc-literal-conversion -Wshorten-64-to-32 -Wpointer-sign -Wno-newline-eof -Wno-selector -Wno-strict-selector-match -Wno-undeclared-selector -Wno-deprecated-implementations -Wno-implicit-fallthrough -fstrict-aliasing -Wprotocol -Wdeprecated-declarations -Wno-sign-conversion -Wno-infinite-recursion -Wno-comma -Wno-block-capture-autoreleasing -Wno-strict-prototypes -Wno-semicolon-before-method-body -index-store-path /Users/fukushimatakumi/Library/Developer/Xcode/DerivedData/SugarBeat-hgoxfxbbugxkfsbmqcjlbmjeaqyg/Index.noindex/DataStore @/Users/fukushimatakumi/Library/Developer/Xcode/DerivedData/SugarBeat-hgoxfxbbugxkfsbmqcjlbmjeaqyg/Build/Intermediates.noindex/GoogleUtilities.build/Debug-iphonesimulator/GoogleUtilities-AppDelegateSwizzler.build/Objects-normal/arm64/e6072d4f65d7061329687fe24e3d63a7-common-args.resp -include /Users/fukushimatakumi/Library/Developer/Xcode/DerivedData/SugarBeat-hgoxfxbbugxkfsbmqcjlbmjeaqyg/Build/Intermediates.noindex/GoogleUtilities.build/Debug-iphonesimulator/GoogleUtilities-AppDelegateSwizzler.build/DerivedSources/resource_bundle_accessor.h -MMD -MT dependencies -MF /Users/fukushimatakumi/Library/Developer/Xcode/DerivedData/SugarBeat-hgoxfxbbugxkfsbmqcjlbmjeaqyg/Build/Intermediates.noindex/GoogleUtilities.build/Debug-iphonesimulator/GoogleUtilities-AppDelegateSwizzler.build/Objects-normal/arm64/GULSceneDelegateSwizzler.d --serialize-diagnostics /Users/fukushimatakumi/Library/Developer/Xcode/DerivedData/SugarBeat-hgoxfxbbugxkfsbmqcjlbmjeaqyg/Build/Intermediates.noindex/GoogleUtilities.build/Debug-iphonesimulator/GoogleUtilities-AppDelegateSwizzler.build/Objects-normal/arm64/GULSceneDelegateSwizzler.dia -c /Users/fukushimatakumi/Library/Developer/Xcode/DerivedData/SugarBeat-hgoxfxbbugxkfsbmqcjlbmjeaqyg/SourcePackages/checkouts/GoogleUtilities/GoogleUtilities/AppDelegateSwizzler/GULSceneDelegateSwizzler.m -o /Users/fukushimatakumi/Library/Developer/Xcode/DerivedData/SugarBeat-hgoxfxbbugxkfsbmqcjlbmjeaqyg/Build/Intermediates.noindex/GoogleUtilities.build/Debug-iphonesimulator/GoogleUtilities-AppDelegateSwizzler.build/Objects-normal/arm64/GULSceneDelegateSwizzler.o -index-unit-output-path /GoogleUtilities.build/Debug-iphonesimulator/GoogleUtilities-AppDelegateSwizzler.build/Objects-normal/arm64/GULSceneDelegateSwizzler.o

CompileC /Users/fukushimatakumi/Library/Developer/Xcode/DerivedData/SugarBeat-hgoxfxbbugxkfsbmqcjlbmjeaqyg/Build/Intermediates.noindex/GoogleUtilities.build/Debug-iphonesimulator/GoogleUtilities-AppDelegateSwizzler.build/Objects-normal/arm64/GULAppDelegateSwizzler.o /Users/fukushimatakumi/Library/Developer/Xcode/DerivedData/SugarBeat-hgoxfxbbugxkfsbmqcjlbmjeaqyg/SourcePackages/checkouts/GoogleUtilities/GoogleUtilities/AppDelegateSwizzler/GULAppDelegateSwizzler.m normal arm64 objective-c com.apple.compilers.llvm.clang.1_0.compiler (in target 'GoogleUtilities-AppDelegateSwizzler' from project 'GoogleUtilities')
    cd /Users/fukushimatakumi/develop/sugarbeat/sugarbeat-front
    
    Using response file: /Users/fukushimatakumi/Library/Developer/Xcode/DerivedData/SugarBeat-hgoxfxbbugxkfsbmqcjlbmjeaqyg/Build/Intermediates.noindex/GoogleUtilities.build/Debug-iphonesimulator/GoogleUtilities-AppDelegateSwizzler.build/Objects-normal/arm64/e6072d4f65d7061329687fe24e3d63a7-common-args.resp
    
    /Applications/Xcode.app/Contents/Developer/Toolchains/XcodeDefault.xctoolchain/usr/bin/clang -x objective-c -ivfsstatcache /Users/fukushimatakumi/Library/Developer/Xcode/DerivedData/SDKStatCaches.noindex/iphonesimulator18.4-22E235-71825a6d136aa4733edcbe86ece5525b.sdkstatcache -fmessage-length\=0 -fdiagnostics-show-note-include-stack -fmacro-backtrace-limit\=0 -fno-color-diagnostics -fmodules-prune-interval\=86400 -fmodules-prune-after\=345600 -fbuild-session-file\=/Users/fukushimatakumi/Library/Developer/Xcode/DerivedData/ModuleCache.noindex/Session.modulevalidation -fmodules-validate-once-per-build-session -Wnon-modular-include-in-framework-module -Werror\=non-modular-include-in-framework-module -Wno-trigraphs -Wno-missing-field-initializers -Wno-missing-prototypes -Wno-return-type -Wno-implicit-atomic-properties -Wno-objc-interface-ivars -Wno-arc-repeated-use-of-weak -Wno-missing-braces -Wparentheses -Wswitch -Wno-unused-function -Wno-unused-label -Wno-unused-parameter -Wno-unused-variable -Wunused-value -Wno-empty-body -Wno-uninitialized -Wno-unknown-pragmas -w -Wno-shadow -Wno-four-char-constants -Wno-conversion -Wno-constant-conversion -Wno-int-conversion -Wno-bool-conversion -Wno-enum-conversion -Wno-float-conversion -Wno-non-literal-null-conversion -Wno-objc-literal-conversion -Wshorten-64-to-32 -Wpointer-sign -Wno-newline-eof -Wno-selector -Wno-strict-selector-match -Wno-undeclared-selector -Wno-deprecated-implementations -Wno-implicit-fallthrough -fstrict-aliasing -Wprotocol -Wdeprecated-declarations -Wno-sign-conversion -Wno-infinite-recursion -Wno-comma -Wno-block-capture-autoreleasing -Wno-strict-prototypes -Wno-semicolon-before-method-body -index-store-path /Users/fukushimatakumi/Library/Developer/Xcode/DerivedData/SugarBeat-hgoxfxbbugxkfsbmqcjlbmjeaqyg/Index.noindex/DataStore @/Users/fukushimatakumi/Library/Developer/Xcode/DerivedData/SugarBeat-hgoxfxbbugxkfsbmqcjlbmjeaqyg/Build/Intermediates.noindex/GoogleUtilities.build/Debug-iphonesimulator/GoogleUtilities-AppDelegateSwizzler.build/Objects-normal/arm64/e6072d4f65d7061329687fe24e3d63a7-common-args.resp -include /Users/fukushimatakumi/Library/Developer/Xcode/DerivedData/SugarBeat-hgoxfxbbugxkfsbmqcjlbmjeaqyg/Build/Intermediates.noindex/GoogleUtilities.build/Debug-iphonesimulator/GoogleUtilities-AppDelegateSwizzler.build/DerivedSources/resource_bundle_accessor.h -MMD -MT dependencies -MF /Users/fukushimatakumi/Library/Developer/Xcode/DerivedData/SugarBeat-hgoxfxbbugxkfsbmqcjlbmjeaqyg/Build/Intermediates.noindex/GoogleUtilities.build/Debug-iphonesimulator/GoogleUtilities-AppDelegateSwizzler.build/Objects-normal/arm64/GULAppDelegateSwizzler.d --serialize-diagnostics /Users/fukushimatakumi/Library/Developer/Xcode/DerivedData/SugarBeat-hgoxfxbbugxkfsbmqcjlbmjeaqyg/Build/Intermediates.noindex/GoogleUtilities.build/Debug-iphonesimulator/GoogleUtilities-AppDelegateSwizzler.build/Objects-normal/arm64/GULAppDelegateSwizzler.dia -c /Users/fukushimatakumi/Library/Developer/Xcode/DerivedData/SugarBeat-hgoxfxbbugxkfsbmqcjlbmjeaqyg/SourcePackages/checkouts/GoogleUtilities/GoogleUtilities/AppDelegateSwizzler/GULAppDelegateSwizzler.m -o /Users/fukushimatakumi/Library/Developer/Xcode/DerivedData/SugarBeat-hgoxfxbbugxkfsbmqcjlbmjeaqyg/Build/Intermediates.noindex/GoogleUtilities.build/Debug-iphonesimulator/GoogleUtilities-AppDelegateSwizzler.build/Objects-normal/arm64/GULAppDelegateSwizzler.o -index-unit-output-path /GoogleUtilities.build/Debug-iphonesimulator/GoogleUtilities-AppDelegateSwizzler.build/Objects-normal/arm64/GULAppDelegateSwizzler.o

CompileC /Users/fukushimatakumi/Library/Developer/Xcode/DerivedData/SugarBeat-hgoxfxbbugxkfsbmqcjlbmjeaqyg/Build/Intermediates.noindex/AppCheck.build/Debug-iphonesimulator/AppCheckCore.build/Objects-normal/arm64/GACAppCheckDebugProvider.o /Users/fukushimatakumi/Library/Developer/Xcode/DerivedData/SugarBeat-hgoxfxbbugxkfsbmqcjlbmjeaqyg/SourcePackages/checkouts/app-check/AppCheckCore/Sources/DebugProvider/GACAppCheckDebugProvider.m normal arm64 objective-c com.apple.compilers.llvm.clang.1_0.compiler (in target 'AppCheckCore' from project 'AppCheck')
    cd /Users/fukushimatakumi/develop/sugarbeat/sugarbeat-front
    
    Using response file: /Users/fukushimatakumi/Library/Developer/Xcode/DerivedData/SugarBeat-hgoxfxbbugxkfsbmqcjlbmjeaqyg/Build/Intermediates.noindex/AppCheck.build/Debug-iphonesimulator/AppCheckCore.build/Objects-normal/arm64/e6072d4f65d7061329687fe24e3d63a7-common-args.resp
    
    /Applications/Xcode.app/Contents/Developer/Toolchains/XcodeDefault.xctoolchain/usr/bin/clang -x objective-c -ivfsstatcache /Users/fukushimatakumi/Library/Developer/Xcode/DerivedData/SDKStatCaches.noindex/iphonesimulator18.4-22E235-71825a6d136aa4733edcbe86ece5525b.sdkstatcache -fmessage-length\=0 -fdiagnostics-show-note-include-stack -fmacro-backtrace-limit\=0 -fno-color-diagnostics -fmodules-prune-interval\=86400 -fmodules-prune-after\=345600 -fbuild-session-file\=/Users/fukushimatakumi/Library/Developer/Xcode/DerivedData/ModuleCache.noindex/Session.modulevalidation -fmodules-validate-once-per-build-session -Wnon-modular-include-in-framework-module -Werror\=non-modular-include-in-framework-module -Wno-trigraphs -Wno-missing-field-initializers -Wno-missing-prototypes -Wno-return-type -Wno-implicit-atomic-properties -Wno-objc-interface-ivars -Wno-arc-repeated-use-of-weak -Wno-missing-braces -Wparentheses -Wswitch -Wno-unused-function -Wno-unused-label -Wno-unused-parameter -Wno-unused-variable -Wunused-value -Wno-empty-body -Wno-uninitialized -Wno-unknown-pragmas -w -Wno-shadow -Wno-four-char-constants -Wno-conversion -Wno-constant-conversion -Wno-int-conversion -Wno-bool-conversion -Wno-enum-conversion -Wno-float-conversion -Wno-non-literal-null-conversion -Wno-objc-literal-conversion -Wshorten-64-to-32 -Wpointer-sign -Wno-newline-eof -Wno-selector -Wno-strict-selector-match -Wno-undeclared-selector -Wno-deprecated-implementations -Wno-implicit-fallthrough -fstrict-aliasing -Wprotocol -Wdeprecated-declarations -Wno-sign-conversion -Wno-infinite-recursion -Wno-comma -Wno-block-capture-autoreleasing -Wno-strict-prototypes -Wno-semicolon-before-method-body -index-store-path /Users/fukushimatakumi/Library/Developer/Xcode/DerivedData/SugarBeat-hgoxfxbbugxkfsbmqcjlbmjeaqyg/Index.noindex/DataStore @/Users/fukushimatakumi/Library/Developer/Xcode/DerivedData/SugarBeat-hgoxfxbbugxkfsbmqcjlbmjeaqyg/Build/Intermediates.noindex/AppCheck.build/Debug-iphonesimulator/AppCheckCore.build/Objects-normal/arm64/e6072d4f65d7061329687fe24e3d63a7-common-args.resp -MMD -MT dependencies -MF /Users/fukushimatakumi/Library/Developer/Xcode/DerivedData/SugarBeat-hgoxfxbbugxkfsbmqcjlbmjeaqyg/Build/Intermediates.noindex/AppCheck.build/Debug-iphonesimulator/AppCheckCore.build/Objects-normal/arm64/GACAppCheckDebugProvider.d --serialize-diagnostics /Users/fukushimatakumi/Library/Developer/Xcode/DerivedData/SugarBeat-hgoxfxbbugxkfsbmqcjlbmjeaqyg/Build/Intermediates.noindex/AppCheck.build/Debug-iphonesimulator/AppCheckCore.build/Objects-normal/arm64/GACAppCheckDebugProvider.dia -c /Users/fukushimatakumi/Library/Developer/Xcode/DerivedData/SugarBeat-hgoxfxbbugxkfsbmqcjlbmjeaqyg/SourcePackages/checkouts/app-check/AppCheckCore/Sources/DebugProvider/GACAppCheckDebugProvider.m -o /Users/fukushimatakumi/Library/Developer/Xcode/DerivedData/SugarBeat-hgoxfxbbugxkfsbmqcjlbmjeaqyg/Build/Intermediates.noindex/AppCheck.build/Debug-iphonesimulator/AppCheckCore.build/Objects-normal/arm64/GACAppCheckDebugProvider.o -index-unit-output-path /AppCheck.build/Debug-iphonesimulator/AppCheckCore.build/Objects-normal/arm64/GACAppCheckDebugProvider.o

CompileC /Users/fukushimatakumi/Library/Developer/Xcode/DerivedData/SugarBeat-hgoxfxbbugxkfsbmqcjlbmjeaqyg/Build/Intermediates.noindex/AppCheck.build/Debug-iphonesimulator/AppCheckCore.build/Objects-normal/arm64/GACAppCheckStorage.o /Users/fukushimatakumi/Library/Developer/Xcode/DerivedData/SugarBeat-hgoxfxbbugxkfsbmqcjlbmjeaqyg/SourcePackages/checkouts/app-check/AppCheckCore/Sources/Core/Storage/GACAppCheckStorage.m normal arm64 objective-c com.apple.compilers.llvm.clang.1_0.compiler (in target 'AppCheckCore' from project 'AppCheck')
    cd /Users/fukushimatakumi/develop/sugarbeat/sugarbeat-front
    
    Using response file: /Users/fukushimatakumi/Library/Developer/Xcode/DerivedData/SugarBeat-hgoxfxbbugxkfsbmqcjlbmjeaqyg/Build/Intermediates.noindex/AppCheck.build/Debug-iphonesimulator/AppCheckCore.build/Objects-normal/arm64/e6072d4f65d7061329687fe24e3d63a7-common-args.resp
    
    /Applications/Xcode.app/Contents/Developer/Toolchains/XcodeDefault.xctoolchain/usr/bin/clang -x objective-c -ivfsstatcache /Users/fukushimatakumi/Library/Developer/Xcode/DerivedData/SDKStatCaches.noindex/iphonesimulator18.4-22E235-71825a6d136aa4733edcbe86ece5525b.sdkstatcache -fmessage-length\=0 -fdiagnostics-show-note-include-stack -fmacro-backtrace-limit\=0 -fno-color-diagnostics -fmodules-prune-interval\=86400 -fmodules-prune-after\=345600 -fbuild-session-file\=/Users/fukushimatakumi/Library/Developer/Xcode/DerivedData/ModuleCache.noindex/Session.modulevalidation -fmodules-validate-once-per-build-session -Wnon-modular-include-in-framework-module -Werror\=non-modular-include-in-framework-module -Wno-trigraphs -Wno-missing-field-initializers -Wno-missing-prototypes -Wno-return-type -Wno-implicit-atomic-properties -Wno-objc-interface-ivars -Wno-arc-repeated-use-of-weak -Wno-missing-braces -Wparentheses -Wswitch -Wno-unused-function -Wno-unused-label -Wno-unused-parameter -Wno-unused-variable -Wunused-value -Wno-empty-body -Wno-uninitialized -Wno-unknown-pragmas -w -Wno-shadow -Wno-four-char-constants -Wno-conversion -Wno-constant-conversion -Wno-int-conversion -Wno-bool-conversion -Wno-enum-conversion -Wno-float-conversion -Wno-non-literal-null-conversion -Wno-objc-literal-conversion -Wshorten-64-to-32 -Wpointer-sign -Wno-newline-eof -Wno-selector -Wno-strict-selector-match -Wno-undeclared-selector -Wno-deprecated-implementations -Wno-implicit-fallthrough -fstrict-aliasing -Wprotocol -Wdeprecated-declarations -Wno-sign-conversion -Wno-infinite-recursion -Wno-comma -Wno-block-capture-autoreleasing -Wno-strict-prototypes -Wno-semicolon-before-method-body -index-store-path /Users/fukushimatakumi/Library/Developer/Xcode/DerivedData/SugarBeat-hgoxfxbbugxkfsbmqcjlbmjeaqyg/Index.noindex/DataStore @/Users/fukushimatakumi/Library/Developer/Xcode/DerivedData/SugarBeat-hgoxfxbbugxkfsbmqcjlbmjeaqyg/Build/Intermediates.noindex/AppCheck.build/Debug-iphonesimulator/AppCheckCore.build/Objects-normal/arm64/e6072d4f65d7061329687fe24e3d63a7-common-args.resp -MMD -MT dependencies -MF /Users/fukushimatakumi/Library/Developer/Xcode/DerivedData/SugarBeat-hgoxfxbbugxkfsbmqcjlbmjeaqyg/Build/Intermediates.noindex/AppCheck.build/Debug-iphonesimulator/AppCheckCore.build/Objects-normal/arm64/GACAppCheckStorage.d --serialize-diagnostics /Users/fukushimatakumi/Library/Developer/Xcode/DerivedData/SugarBeat-hgoxfxbbugxkfsbmqcjlbmjeaqyg/Build/Intermediates.noindex/AppCheck.build/Debug-iphonesimulator/AppCheckCore.build/Objects-normal/arm64/GACAppCheckStorage.dia -c /Users/fukushimatakumi/Library/Developer/Xcode/DerivedData/SugarBeat-hgoxfxbbugxkfsbmqcjlbmjeaqyg/SourcePackages/checkouts/app-check/AppCheckCore/Sources/Core/Storage/GACAppCheckStorage.m -o /Users/fukushimatakumi/Library/Developer/Xcode/DerivedData/SugarBeat-hgoxfxbbugxkfsbmqcjlbmjeaqyg/Build/Intermediates.noindex/AppCheck.build/Debug-iphonesimulator/AppCheckCore.build/Objects-normal/arm64/GACAppCheckStorage.o -index-unit-output-path /AppCheck.build/Debug-iphonesimulator/AppCheckCore.build/Objects-normal/arm64/GACAppCheckStorage.o

CompileC /Users/fukushimatakumi/Library/Developer/Xcode/DerivedData/SugarBeat-hgoxfxbbugxkfsbmqcjlbmjeaqyg/Build/Intermediates.noindex/AppCheck.build/Debug-iphonesimulator/AppCheckCore.build/Objects-normal/arm64/GACAppCheckErrorUtil.o /Users/fukushimatakumi/Library/Developer/Xcode/DerivedData/SugarBeat-hgoxfxbbugxkfsbmqcjlbmjeaqyg/SourcePackages/checkouts/app-check/AppCheckCore/Sources/Core/Errors/GACAppCheckErrorUtil.m normal arm64 objective-c com.apple.compilers.llvm.clang.1_0.compiler (in target 'AppCheckCore' from project 'AppCheck')
    cd /Users/fukushimatakumi/develop/sugarbeat/sugarbeat-front
    
    Using response file: /Users/fukushimatakumi/Library/Developer/Xcode/DerivedData/SugarBeat-hgoxfxbbugxkfsbmqcjlbmjeaqyg/Build/Intermediates.noindex/AppCheck.build/Debug-iphonesimulator/AppCheckCore.build/Objects-normal/arm64/e6072d4f65d7061329687fe24e3d63a7-common-args.resp
    
    /Applications/Xcode.app/Contents/Developer/Toolchains/XcodeDefault.xctoolchain/usr/bin/clang -x objective-c -ivfsstatcache /Users/fukushimatakumi/Library/Developer/Xcode/DerivedData/SDKStatCaches.noindex/iphonesimulator18.4-22E235-71825a6d136aa4733edcbe86ece5525b.sdkstatcache -fmessage-length\=0 -fdiagnostics-show-note-include-stack -fmacro-backtrace-limit\=0 -fno-color-diagnostics -fmodules-prune-interval\=86400 -fmodules-prune-after\=345600 -fbuild-session-file\=/Users/fukushimatakumi/Library/Developer/Xcode/DerivedData/ModuleCache.noindex/Session.modulevalidation -fmodules-validate-once-per-build-session -Wnon-modular-include-in-framework-module -Werror\=non-modular-include-in-framework-module -Wno-trigraphs -Wno-missing-field-initializers -Wno-missing-prototypes -Wno-return-type -Wno-implicit-atomic-properties -Wno-objc-interface-ivars -Wno-arc-repeated-use-of-weak -Wno-missing-braces -Wparentheses -Wswitch -Wno-unused-function -Wno-unused-label -Wno-unused-parameter -Wno-unused-variable -Wunused-value -Wno-empty-body -Wno-uninitialized -Wno-unknown-pragmas -w -Wno-shadow -Wno-four-char-constants -Wno-conversion -Wno-constant-conversion -Wno-int-conversion -Wno-bool-conversion -Wno-enum-conversion -Wno-float-conversion -Wno-non-literal-null-conversion -Wno-objc-literal-conversion -Wshorten-64-to-32 -Wpointer-sign -Wno-newline-eof -Wno-selector -Wno-strict-selector-match -Wno-undeclared-selector -Wno-deprecated-implementations -Wno-implicit-fallthrough -fstrict-aliasing -Wprotocol -Wdeprecated-declarations -Wno-sign-conversion -Wno-infinite-recursion -Wno-comma -Wno-block-capture-autoreleasing -Wno-strict-prototypes -Wno-semicolon-before-method-body -index-store-path /Users/fukushimatakumi/Library/Developer/Xcode/DerivedData/SugarBeat-hgoxfxbbugxkfsbmqcjlbmjeaqyg/Index.noindex/DataStore @/Users/fukushimatakumi/Library/Developer/Xcode/DerivedData/SugarBeat-hgoxfxbbugxkfsbmqcjlbmjeaqyg/Build/Intermediates.noindex/AppCheck.build/Debug-iphonesimulator/AppCheckCore.build/Objects-normal/arm64/e6072d4f65d7061329687fe24e3d63a7-common-args.resp -MMD -MT dependencies -MF /Users/fukushimatakumi/Library/Developer/Xcode/DerivedData/SugarBeat-hgoxfxbbugxkfsbmqcjlbmjeaqyg/Build/Intermediates.noindex/AppCheck.build/Debug-iphonesimulator/AppCheckCore.build/Objects-normal/arm64/GACAppCheckErrorUtil.d --serialize-diagnostics /Users/fukushimatakumi/Library/Developer/Xcode/DerivedData/SugarBeat-hgoxfxbbugxkfsbmqcjlbmjeaqyg/Build/Intermediates.noindex/AppCheck.build/Debug-iphonesimulator/AppCheckCore.build/Objects-normal/arm64/GACAppCheckErrorUtil.dia -c /Users/fukushimatakumi/Library/Developer/Xcode/DerivedData/SugarBeat-hgoxfxbbugxkfsbmqcjlbmjeaqyg/SourcePackages/checkouts/app-check/AppCheckCore/Sources/Core/Errors/GACAppCheckErrorUtil.m -o /Users/fukushimatakumi/Library/Developer/Xcode/DerivedData/SugarBeat-hgoxfxbbugxkfsbmqcjlbmjeaqyg/Build/Intermediates.noindex/AppCheck.build/Debug-iphonesimulator/AppCheckCore.build/Objects-normal/arm64/GACAppCheckErrorUtil.o -index-unit-output-path /AppCheck.build/Debug-iphonesimulator/AppCheckCore.build/Objects-normal/arm64/GACAppCheckErrorUtil.o

CompileC /Users/fukushimatakumi/Library/Developer/Xcode/DerivedData/SugarBeat-hgoxfxbbugxkfsbmqcjlbmjeaqyg/Build/Intermediates.noindex/AppCheck.build/Debug-iphonesimulator/AppCheckCore.build/Objects-normal/arm64/GACAppAttestKeyIDStorage.o /Users/fukushimatakumi/Library/Developer/Xcode/DerivedData/SugarBeat-hgoxfxbbugxkfsbmqcjlbmjeaqyg/SourcePackages/checkouts/app-check/AppCheckCore/Sources/AppAttestProvider/Storage/GACAppAttestKeyIDStorage.m normal arm64 objective-c com.apple.compilers.llvm.clang.1_0.compiler (in target 'AppCheckCore' from project 'AppCheck')
    cd /Users/fukushimatakumi/develop/sugarbeat/sugarbeat-front
    
    Using response file: /Users/fukushimatakumi/Library/Developer/Xcode/DerivedData/SugarBeat-hgoxfxbbugxkfsbmqcjlbmjeaqyg/Build/Intermediates.noindex/AppCheck.build/Debug-iphonesimulator/AppCheckCore.build/Objects-normal/arm64/e6072d4f65d7061329687fe24e3d63a7-common-args.resp
    
    /Applications/Xcode.app/Contents/Developer/Toolchains/XcodeDefault.xctoolchain/usr/bin/clang -x objective-c -ivfsstatcache /Users/fukushimatakumi/Library/Developer/Xcode/DerivedData/SDKStatCaches.noindex/iphonesimulator18.4-22E235-71825a6d136aa4733edcbe86ece5525b.sdkstatcache -fmessage-length\=0 -fdiagnostics-show-note-include-stack -fmacro-backtrace-limit\=0 -fno-color-diagnostics -fmodules-prune-interval\=86400 -fmodules-prune-after\=345600 -fbuild-session-file\=/Users/fukushimatakumi/Library/Developer/Xcode/DerivedData/ModuleCache.noindex/Session.modulevalidation -fmodules-validate-once-per-build-session -Wnon-modular-include-in-framework-module -Werror\=non-modular-include-in-framework-module -Wno-trigraphs -Wno-missing-field-initializers -Wno-missing-prototypes -Wno-return-type -Wno-implicit-atomic-properties -Wno-objc-interface-ivars -Wno-arc-repeated-use-of-weak -Wno-missing-braces -Wparentheses -Wswitch -Wno-unused-function -Wno-unused-label -Wno-unused-parameter -Wno-unused-variable -Wunused-value -Wno-empty-body -Wno-uninitialized -Wno-unknown-pragmas -w -Wno-shadow -Wno-four-char-constants -Wno-conversion -Wno-constant-conversion -Wno-int-conversion -Wno-bool-conversion -Wno-enum-conversion -Wno-float-conversion -Wno-non-literal-null-conversion -Wno-objc-literal-conversion -Wshorten-64-to-32 -Wpointer-sign -Wno-newline-eof -Wno-selector -Wno-strict-selector-match -Wno-undeclared-selector -Wno-deprecated-implementations -Wno-implicit-fallthrough -fstrict-aliasing -Wprotocol -Wdeprecated-declarations -Wno-sign-conversion -Wno-infinite-recursion -Wno-comma -Wno-block-capture-autoreleasing -Wno-strict-prototypes -Wno-semicolon-before-method-body -index-store-path /Users/fukushimatakumi/Library/Developer/Xcode/DerivedData/SugarBeat-hgoxfxbbugxkfsbmqcjlbmjeaqyg/Index.noindex/DataStore @/Users/fukushimatakumi/Library/Developer/Xcode/DerivedData/SugarBeat-hgoxfxbbugxkfsbmqcjlbmjeaqyg/Build/Intermediates.noindex/AppCheck.build/Debug-iphonesimulator/AppCheckCore.build/Objects-normal/arm64/e6072d4f65d7061329687fe24e3d63a7-common-args.resp -MMD -MT dependencies -MF /Users/fukushimatakumi/Library/Developer/Xcode/DerivedData/SugarBeat-hgoxfxbbugxkfsbmqcjlbmjeaqyg/Build/Intermediates.noindex/AppCheck.build/Debug-iphonesimulator/AppCheckCore.build/Objects-normal/arm64/GACAppAttestKeyIDStorage.d --serialize-diagnostics /Users/fukushimatakumi/Library/Developer/Xcode/DerivedData/SugarBeat-hgoxfxbbugxkfsbmqcjlbmjeaqyg/Build/Intermediates.noindex/AppCheck.build/Debug-iphonesimulator/AppCheckCore.build/Objects-normal/arm64/GACAppAttestKeyIDStorage.dia -c /Users/fukushimatakumi/Library/Developer/Xcode/DerivedData/SugarBeat-hgoxfxbbugxkfsbmqcjlbmjeaqyg/SourcePackages/checkouts/app-check/AppCheckCore/Sources/AppAttestProvider/Storage/GACAppAttestKeyIDStorage.m -o /Users/fukushimatakumi/Library/Developer/Xcode/DerivedData/SugarBeat-hgoxfxbbugxkfsbmqcjlbmjeaqyg/Build/Intermediates.noindex/AppCheck.build/Debug-iphonesimulator/AppCheckCore.build/Objects-normal/arm64/GACAppAttestKeyIDStorage.o -index-unit-output-path /AppCheck.build/Debug-iphonesimulator/AppCheckCore.build/Objects-normal/arm64/GACAppAttestKeyIDStorage.o

CompileC /Users/fukushimatakumi/Library/Developer/Xcode/DerivedData/SugarBeat-hgoxfxbbugxkfsbmqcjlbmjeaqyg/Build/Intermediates.noindex/AppCheck.build/Debug-iphonesimulator/AppCheckCore.build/Objects-normal/arm64/GACAppAttestArtifactStorage.o /Users/fukushimatakumi/Library/Developer/Xcode/DerivedData/SugarBeat-hgoxfxbbugxkfsbmqcjlbmjeaqyg/SourcePackages/checkouts/app-check/AppCheckCore/Sources/AppAttestProvider/Storage/GACAppAttestArtifactStorage.m normal arm64 objective-c com.apple.compilers.llvm.clang.1_0.compiler (in target 'AppCheckCore' from project 'AppCheck')
    cd /Users/fukushimatakumi/develop/sugarbeat/sugarbeat-front
    
    Using response file: /Users/fukushimatakumi/Library/Developer/Xcode/DerivedData/SugarBeat-hgoxfxbbugxkfsbmqcjlbmjeaqyg/Build/Intermediates.noindex/AppCheck.build/Debug-iphonesimulator/AppCheckCore.build/Objects-normal/arm64/e6072d4f65d7061329687fe24e3d63a7-common-args.resp
    
    /Applications/Xcode.app/Contents/Developer/Toolchains/XcodeDefault.xctoolchain/usr/bin/clang -x objective-c -ivfsstatcache /Users/fukushimatakumi/Library/Developer/Xcode/DerivedData/SDKStatCaches.noindex/iphonesimulator18.4-22E235-71825a6d136aa4733edcbe86ece5525b.sdkstatcache -fmessage-length\=0 -fdiagnostics-show-note-include-stack -fmacro-backtrace-limit\=0 -fno-color-diagnostics -fmodules-prune-interval\=86400 -fmodules-prune-after\=345600 -fbuild-session-file\=/Users/fukushimatakumi/Library/Developer/Xcode/DerivedData/ModuleCache.noindex/Session.modulevalidation -fmodules-validate-once-per-build-session -Wnon-modular-include-in-framework-module -Werror\=non-modular-include-in-framework-module -Wno-trigraphs -Wno-missing-field-initializers -Wno-missing-prototypes -Wno-return-type -Wno-implicit-atomic-properties -Wno-objc-interface-ivars -Wno-arc-repeated-use-of-weak -Wno-missing-braces -Wparentheses -Wswitch -Wno-unused-function -Wno-unused-label -Wno-unused-parameter -Wno-unused-variable -Wunused-value -Wno-empty-body -Wno-uninitialized -Wno-unknown-pragmas -w -Wno-shadow -Wno-four-char-constants -Wno-conversion -Wno-constant-conversion -Wno-int-conversion -Wno-bool-conversion -Wno-enum-conversion -Wno-float-conversion -Wno-non-literal-null-conversion -Wno-objc-literal-conversion -Wshorten-64-to-32 -Wpointer-sign -Wno-newline-eof -Wno-selector -Wno-strict-selector-match -Wno-undeclared-selector -Wno-deprecated-implementations -Wno-implicit-fallthrough -fstrict-aliasing -Wprotocol -Wdeprecated-declarations -Wno-sign-conversion -Wno-infinite-recursion -Wno-comma -Wno-block-capture-autoreleasing -Wno-strict-prototypes -Wno-semicolon-before-method-body -index-store-path /Users/fukushimatakumi/Library/Developer/Xcode/DerivedData/SugarBeat-hgoxfxbbugxkfsbmqcjlbmjeaqyg/Index.noindex/DataStore @/Users/fukushimatakumi/Library/Developer/Xcode/DerivedData/SugarBeat-hgoxfxbbugxkfsbmqcjlbmjeaqyg/Build/Intermediates.noindex/AppCheck.build/Debug-iphonesimulator/AppCheckCore.build/Objects-normal/arm64/e6072d4f65d7061329687fe24e3d63a7-common-args.resp -MMD -MT dependencies -MF /Users/fukushimatakumi/Library/Developer/Xcode/DerivedData/SugarBeat-hgoxfxbbugxkfsbmqcjlbmjeaqyg/Build/Intermediates.noindex/AppCheck.build/Debug-iphonesimulator/AppCheckCore.build/Objects-normal/arm64/GACAppAttestArtifactStorage.d --serialize-diagnostics /Users/fukushimatakumi/Library/Developer/Xcode/DerivedData/SugarBeat-hgoxfxbbugxkfsbmqcjlbmjeaqyg/Build/Intermediates.noindex/AppCheck.build/Debug-iphonesimulator/AppCheckCore.build/Objects-normal/arm64/GACAppAttestArtifactStorage.dia -c /Users/fukushimatakumi/Library/Developer/Xcode/DerivedData/SugarBeat-hgoxfxbbugxkfsbmqcjlbmjeaqyg/SourcePackages/checkouts/app-check/AppCheckCore/Sources/AppAttestProvider/Storage/GACAppAttestArtifactStorage.m -o /Users/fukushimatakumi/Library/Developer/Xcode/DerivedData/SugarBeat-hgoxfxbbugxkfsbmqcjlbmjeaqyg/Build/Intermediates.noindex/AppCheck.build/Debug-iphonesimulator/AppCheckCore.build/Objects-normal/arm64/GACAppAttestArtifactStorage.o -index-unit-output-path /AppCheck.build/Debug-iphonesimulator/AppCheckCore.build/Objects-normal/arm64/GACAppAttestArtifactStorage.o

CodeSign /Users/fukushimatakumi/Library/Developer/Xcode/DerivedData/SugarBeat-hgoxfxbbugxkfsbmqcjlbmjeaqyg/Build/Products/Debug-iphonesimulator/GoogleSignIn_GoogleSignInSwift.bundle (in target 'GoogleSignIn_GoogleSignInSwift' from project 'GoogleSignIn')
    cd /Users/fukushimatakumi/Library/Developer/Xcode/DerivedData/SugarBeat-hgoxfxbbugxkfsbmqcjlbmjeaqyg/SourcePackages/checkouts/GoogleSignIn-iOS
    
    Signing Identity:     "Sign to Run Locally"
    
    /usr/bin/codesign --force --sign - --timestamp\=none --generate-entitlement-der /Users/fukushimatakumi/Library/Developer/Xcode/DerivedData/SugarBeat-hgoxfxbbugxkfsbmqcjlbmjeaqyg/Build/Products/Debug-iphonesimulator/GoogleSignIn_GoogleSignInSwift.bundle

ExtractAppIntentsMetadata (in target 'FirebaseSharedSwift' from project 'Firebase')
    cd /Users/fukushimatakumi/Library/Developer/Xcode/DerivedData/SugarBeat-hgoxfxbbugxkfsbmqcjlbmjeaqyg/SourcePackages/checkouts/firebase-ios-sdk
    /Applications/Xcode.app/Contents/Developer/Toolchains/XcodeDefault.xctoolchain/usr/bin/appintentsmetadataprocessor --toolchain-dir /Applications/Xcode.app/Contents/Developer/Toolchains/XcodeDefault.xctoolchain --module-name FirebaseSharedSwift --sdk-root /Applications/Xcode.app/Contents/Developer/Platforms/iPhoneSimulator.platform/Developer/SDKs/iPhoneSimulator18.4.sdk --xcode-version 16E140 --platform-family iOS --deployment-target 15.0 --bundle-identifier firebase-ios-sdk.FirebaseSharedSwift --output /Users/fukushimatakumi/Library/Developer/Xcode/DerivedData/SugarBeat-hgoxfxbbugxkfsbmqcjlbmjeaqyg/Build/Products/Debug-iphonesimulator/FirebaseSharedSwift.appintents --target-triple arm64-apple-ios15.0-simulator --binary-file /Users/fukushimatakumi/Library/Developer/Xcode/DerivedData/SugarBeat-hgoxfxbbugxkfsbmqcjlbmjeaqyg/Build/Products/Debug-iphonesimulator/FirebaseSharedSwift.o --dependency-file /Users/fukushimatakumi/Library/Developer/Xcode/DerivedData/SugarBeat-hgoxfxbbugxkfsbmqcjlbmjeaqyg/Build/Intermediates.noindex/Firebase.build/Debug-iphonesimulator/FirebaseSharedSwift.build/Objects-normal/arm64/FirebaseSharedSwift_dependency_info.dat --stringsdata-file /Users/fukushimatakumi/Library/Developer/Xcode/DerivedData/SugarBeat-hgoxfxbbugxkfsbmqcjlbmjeaqyg/Build/Intermediates.noindex/Firebase.build/Debug-iphonesimulator/FirebaseSharedSwift.build/Objects-normal/arm64/ExtractedAppShortcutsMetadata.stringsdata --source-file-list /Users/fukushimatakumi/Library/Developer/Xcode/DerivedData/SugarBeat-hgoxfxbbugxkfsbmqcjlbmjeaqyg/Build/Intermediates.noindex/Firebase.build/Debug-iphonesimulator/FirebaseSharedSwift.build/Objects-normal/arm64/FirebaseSharedSwift.SwiftFileList --metadata-file-list /Users/fukushimatakumi/Library/Developer/Xcode/DerivedData/SugarBeat-hgoxfxbbugxkfsbmqcjlbmjeaqyg/Build/Intermediates.noindex/Firebase.build/Debug-iphonesimulator/FirebaseSharedSwift.build/FirebaseSharedSwift.DependencyMetadataFileList --static-metadata-file-list /Users/fukushimatakumi/Library/Developer/Xcode/DerivedData/SugarBeat-hgoxfxbbugxkfsbmqcjlbmjeaqyg/Build/Intermediates.noindex/Firebase.build/Debug-iphonesimulator/FirebaseSharedSwift.build/FirebaseSharedSwift.DependencyStaticMetadataFileList --swift-const-vals-list /Users/fukushimatakumi/Library/Developer/Xcode/DerivedData/SugarBeat-hgoxfxbbugxkfsbmqcjlbmjeaqyg/Build/Intermediates.noindex/Firebase.build/Debug-iphonesimulator/FirebaseSharedSwift.build/Objects-normal/arm64/FirebaseSharedSwift.SwiftConstValuesFileList --force --compile-time-extraction --deployment-aware-processing --validate-assistant-intents --no-app-shortcuts-localization
2026-01-13 23:18:10.570 appintentsmetadataprocessor[15787:13987304] Starting appintentsmetadataprocessor export
2026-01-13 23:18:10.633 appintentsmetadataprocessor[15787:13987304] Extracted no relevant App Intents symbols, skipping writing output

ScanDependencies /Users/fukushimatakumi/Library/Developer/Xcode/DerivedData/SugarBeat-hgoxfxbbugxkfsbmqcjlbmjeaqyg/Build/Intermediates.noindex/gRPC.build/Debug-iphonesimulator/opensslWrapper.build/Objects-normal/arm64/resource_bundle_accessor.o /Users/fukushimatakumi/Library/Developer/Xcode/DerivedData/SugarBeat-hgoxfxbbugxkfsbmqcjlbmjeaqyg/Build/Intermediates.noindex/gRPC.build/Debug-iphonesimulator/opensslWrapper.build/DerivedSources/resource_bundle_accessor.m normal arm64 objective-c com.apple.compilers.llvm.clang.1_0.compiler (in target 'opensslWrapper' from project 'gRPC')
    cd /Users/fukushimatakumi/develop/sugarbeat/sugarbeat-front
    
    Using response file: /Users/fukushimatakumi/Library/Developer/Xcode/DerivedData/SugarBeat-hgoxfxbbugxkfsbmqcjlbmjeaqyg/Build/Intermediates.noindex/gRPC.build/Debug-iphonesimulator/opensslWrapper.build/Objects-normal/arm64/e6072d4f65d7061329687fe24e3d63a7-common-args.resp
    
    builtin-ScanDependencies -o /Users/fukushimatakumi/Library/Developer/Xcode/DerivedData/SugarBeat-hgoxfxbbugxkfsbmqcjlbmjeaqyg/Build/Intermediates.noindex/gRPC.build/Debug-iphonesimulator/opensslWrapper.build/Objects-normal/arm64/resource_bundle_accessor.o.scan -- /Applications/Xcode.app/Contents/Developer/Toolchains/XcodeDefault.xctoolchain/usr/bin/clang -x objective-c -ivfsstatcache /Users/fukushimatakumi/Library/Developer/Xcode/DerivedData/SDKStatCaches.noindex/iphonesimulator18.4-22E235-71825a6d136aa4733edcbe86ece5525b.sdkstatcache -fmessage-length\=0 -fdiagnostics-show-note-include-stack -fmacro-backtrace-limit\=0 -fno-color-diagnostics -fmodules-prune-interval\=86400 -fmodules-prune-after\=345600 -fbuild-session-file\=/Users/fukushimatakumi/Library/Developer/Xcode/DerivedData/ModuleCache.noindex/Session.modulevalidation -fmodules-validate-once-per-build-session -Wnon-modular-include-in-framework-module -Werror\=non-modular-include-in-framework-module -Wno-trigraphs -Wno-missing-field-initializers -Wno-missing-prototypes -Wno-return-type -Wno-implicit-atomic-properties -Wno-objc-interface-ivars -Wno-arc-repeated-use-of-weak -Wno-missing-braces -Wparentheses -Wswitch -Wno-unused-function -Wno-unused-label -Wno-unused-parameter -Wno-unused-variable -Wunused-value -Wno-empty-body -Wno-uninitialized -Wno-unknown-pragmas -w -Wno-shadow -Wno-four-char-constants -Wno-conversion -Wno-constant-conversion -Wno-int-conversion -Wno-bool-conversion -Wno-enum-conversion -Wno-float-conversion -Wno-non-literal-null-conversion -Wno-objc-literal-conversion -Wshorten-64-to-32 -Wpointer-sign -Wno-newline-eof -Wno-selector -Wno-strict-selector-match -Wno-undeclared-selector -Wno-deprecated-implementations -Wno-implicit-fallthrough -fstrict-aliasing -Wprotocol -Wdeprecated-declarations -Wno-sign-conversion -Wno-infinite-recursion -Wno-comma -Wno-block-capture-autoreleasing -Wno-strict-prototypes -Wno-semicolon-before-method-body -index-store-path /Users/fukushimatakumi/Library/Developer/Xcode/DerivedData/SugarBeat-hgoxfxbbugxkfsbmqcjlbmjeaqyg/Index.noindex/DataStore @/Users/fukushimatakumi/Library/Developer/Xcode/DerivedData/SugarBeat-hgoxfxbbugxkfsbmqcjlbmjeaqyg/Build/Intermediates.noindex/gRPC.build/Debug-iphonesimulator/opensslWrapper.build/Objects-normal/arm64/e6072d4f65d7061329687fe24e3d63a7-common-args.resp -include /Users/fukushimatakumi/Library/Developer/Xcode/DerivedData/SugarBeat-hgoxfxbbugxkfsbmqcjlbmjeaqyg/Build/Intermediates.noindex/gRPC.build/Debug-iphonesimulator/opensslWrapper.build/DerivedSources/resource_bundle_accessor.h -MMD -MT dependencies -MF /Users/fukushimatakumi/Library/Developer/Xcode/DerivedData/SugarBeat-hgoxfxbbugxkfsbmqcjlbmjeaqyg/Build/Intermediates.noindex/gRPC.build/Debug-iphonesimulator/opensslWrapper.build/Objects-normal/arm64/resource_bundle_accessor.d --serialize-diagnostics /Users/fukushimatakumi/Library/Developer/Xcode/DerivedData/SugarBeat-hgoxfxbbugxkfsbmqcjlbmjeaqyg/Build/Intermediates.noindex/gRPC.build/Debug-iphonesimulator/opensslWrapper.build/Objects-normal/arm64/resource_bundle_accessor.dia -c /Users/fukushimatakumi/Library/Developer/Xcode/DerivedData/SugarBeat-hgoxfxbbugxkfsbmqcjlbmjeaqyg/Build/Intermediates.noindex/gRPC.build/Debug-iphonesimulator/opensslWrapper.build/DerivedSources/resource_bundle_accessor.m -o /Users/fukushimatakumi/Library/Developer/Xcode/DerivedData/SugarBeat-hgoxfxbbugxkfsbmqcjlbmjeaqyg/Build/Intermediates.noindex/gRPC.build/Debug-iphonesimulator/opensslWrapper.build/Objects-normal/arm64/resource_bundle_accessor.o -index-unit-output-path /gRPC.build/Debug-iphonesimulator/opensslWrapper.build/Objects-normal/arm64/resource_bundle_accessor.o

RegisterExecutionPolicyException /Users/fukushimatakumi/Library/Developer/Xcode/DerivedData/SugarBeat-hgoxfxbbugxkfsbmqcjlbmjeaqyg/Build/Products/Debug-iphonesimulator/RecaptchaInterop.o (in target 'RecaptchaInterop' from project 'InteropForGoogle')
    cd /Users/fukushimatakumi/Library/Developer/Xcode/DerivedData/SugarBeat-hgoxfxbbugxkfsbmqcjlbmjeaqyg/SourcePackages/checkouts/interop-ios-for-google-sdks
    builtin-RegisterExecutionPolicyException /Users/fukushimatakumi/Library/Developer/Xcode/DerivedData/SugarBeat-hgoxfxbbugxkfsbmqcjlbmjeaqyg/Build/Products/Debug-iphonesimulator/RecaptchaInterop.o

ScanDependencies /Users/fukushimatakumi/Library/Developer/Xcode/DerivedData/SugarBeat-hgoxfxbbugxkfsbmqcjlbmjeaqyg/Build/Intermediates.noindex/gRPC.build/Debug-iphonesimulator/opensslWrapper.build/Objects-normal/arm64/empty.o /Users/fukushimatakumi/Library/Developer/Xcode/DerivedData/SugarBeat-hgoxfxbbugxkfsbmqcjlbmjeaqyg/SourcePackages/checkouts/grpc-binary/openssl-grpc-Wrapper/empty.m normal arm64 objective-c com.apple.compilers.llvm.clang.1_0.compiler (in target 'opensslWrapper' from project 'gRPC')
    cd /Users/fukushimatakumi/develop/sugarbeat/sugarbeat-front
    
    Using response file: /Users/fukushimatakumi/Library/Developer/Xcode/DerivedData/SugarBeat-hgoxfxbbugxkfsbmqcjlbmjeaqyg/Build/Intermediates.noindex/gRPC.build/Debug-iphonesimulator/opensslWrapper.build/Objects-normal/arm64/e6072d4f65d7061329687fe24e3d63a7-common-args.resp
    
    builtin-ScanDependencies -o /Users/fukushimatakumi/Library/Developer/Xcode/DerivedData/SugarBeat-hgoxfxbbugxkfsbmqcjlbmjeaqyg/Build/Intermediates.noindex/gRPC.build/Debug-iphonesimulator/opensslWrapper.build/Objects-normal/arm64/empty.o.scan -- /Applications/Xcode.app/Contents/Developer/Toolchains/XcodeDefault.xctoolchain/usr/bin/clang -x objective-c -ivfsstatcache /Users/fukushimatakumi/Library/Developer/Xcode/DerivedData/SDKStatCaches.noindex/iphonesimulator18.4-22E235-71825a6d136aa4733edcbe86ece5525b.sdkstatcache -fmessage-length\=0 -fdiagnostics-show-note-include-stack -fmacro-backtrace-limit\=0 -fno-color-diagnostics -fmodules-prune-interval\=86400 -fmodules-prune-after\=345600 -fbuild-session-file\=/Users/fukushimatakumi/Library/Developer/Xcode/DerivedData/ModuleCache.noindex/Session.modulevalidation -fmodules-validate-once-per-build-session -Wnon-modular-include-in-framework-module -Werror\=non-modular-include-in-framework-module -Wno-trigraphs -Wno-missing-field-initializers -Wno-missing-prototypes -Wno-return-type -Wno-implicit-atomic-properties -Wno-objc-interface-ivars -Wno-arc-repeated-use-of-weak -Wno-missing-braces -Wparentheses -Wswitch -Wno-unused-function -Wno-unused-label -Wno-unused-parameter -Wno-unused-variable -Wunused-value -Wno-empty-body -Wno-uninitialized -Wno-unknown-pragmas -w -Wno-shadow -Wno-four-char-constants -Wno-conversion -Wno-constant-conversion -Wno-int-conversion -Wno-bool-conversion -Wno-enum-conversion -Wno-float-conversion -Wno-non-literal-null-conversion -Wno-objc-literal-conversion -Wshorten-64-to-32 -Wpointer-sign -Wno-newline-eof -Wno-selector -Wno-strict-selector-match -Wno-undeclared-selector -Wno-deprecated-implementations -Wno-implicit-fallthrough -fstrict-aliasing -Wprotocol -Wdeprecated-declarations -Wno-sign-conversion -Wno-infinite-recursion -Wno-comma -Wno-block-capture-autoreleasing -Wno-strict-prototypes -Wno-semicolon-before-method-body -index-store-path /Users/fukushimatakumi/Library/Developer/Xcode/DerivedData/SugarBeat-hgoxfxbbugxkfsbmqcjlbmjeaqyg/Index.noindex/DataStore @/Users/fukushimatakumi/Library/Developer/Xcode/DerivedData/SugarBeat-hgoxfxbbugxkfsbmqcjlbmjeaqyg/Build/Intermediates.noindex/gRPC.build/Debug-iphonesimulator/opensslWrapper.build/Objects-normal/arm64/e6072d4f65d7061329687fe24e3d63a7-common-args.resp -include /Users/fukushimatakumi/Library/Developer/Xcode/DerivedData/SugarBeat-hgoxfxbbugxkfsbmqcjlbmjeaqyg/Build/Intermediates.noindex/gRPC.build/Debug-iphonesimulator/opensslWrapper.build/DerivedSources/resource_bundle_accessor.h -MMD -MT dependencies -MF /Users/fukushimatakumi/Library/Developer/Xcode/DerivedData/SugarBeat-hgoxfxbbugxkfsbmqcjlbmjeaqyg/Build/Intermediates.noindex/gRPC.build/Debug-iphonesimulator/opensslWrapper.build/Objects-normal/arm64/empty.d --serialize-diagnostics /Users/fukushimatakumi/Library/Developer/Xcode/DerivedData/SugarBeat-hgoxfxbbugxkfsbmqcjlbmjeaqyg/Build/Intermediates.noindex/gRPC.build/Debug-iphonesimulator/opensslWrapper.build/Objects-normal/arm64/empty.dia -c /Users/fukushimatakumi/Library/Developer/Xcode/DerivedData/SugarBeat-hgoxfxbbugxkfsbmqcjlbmjeaqyg/SourcePackages/checkouts/grpc-binary/openssl-grpc-Wrapper/empty.m -o /Users/fukushimatakumi/Library/Developer/Xcode/DerivedData/SugarBeat-hgoxfxbbugxkfsbmqcjlbmjeaqyg/Build/Intermediates.noindex/gRPC.build/Debug-iphonesimulator/opensslWrapper.build/Objects-normal/arm64/empty.o -index-unit-output-path /gRPC.build/Debug-iphonesimulator/opensslWrapper.build/Objects-normal/arm64/empty.o

RegisterExecutionPolicyException /Users/fukushimatakumi/Library/Developer/Xcode/DerivedData/SugarBeat-hgoxfxbbugxkfsbmqcjlbmjeaqyg/Build/Products/Debug-iphonesimulator/GoogleUtilities_GoogleUtilities-Logger.bundle (in target 'GoogleUtilities_GoogleUtilities-Logger' from project 'GoogleUtilities')
    cd /Users/fukushimatakumi/Library/Developer/Xcode/DerivedData/SugarBeat-hgoxfxbbugxkfsbmqcjlbmjeaqyg/SourcePackages/checkouts/GoogleUtilities
    builtin-RegisterExecutionPolicyException /Users/fukushimatakumi/Library/Developer/Xcode/DerivedData/SugarBeat-hgoxfxbbugxkfsbmqcjlbmjeaqyg/Build/Products/Debug-iphonesimulator/GoogleUtilities_GoogleUtilities-Logger.bundle

RegisterExecutionPolicyException /Users/fukushimatakumi/Library/Developer/Xcode/DerivedData/SugarBeat-hgoxfxbbugxkfsbmqcjlbmjeaqyg/Build/Products/Debug-iphonesimulator/GoogleUtilities_GoogleUtilities-Environment.bundle (in target 'GoogleUtilities_GoogleUtilities-Environment' from project 'GoogleUtilities')
    cd /Users/fukushimatakumi/Library/Developer/Xcode/DerivedData/SugarBeat-hgoxfxbbugxkfsbmqcjlbmjeaqyg/SourcePackages/checkouts/GoogleUtilities
    builtin-RegisterExecutionPolicyException /Users/fukushimatakumi/Library/Developer/Xcode/DerivedData/SugarBeat-hgoxfxbbugxkfsbmqcjlbmjeaqyg/Build/Products/Debug-iphonesimulator/GoogleUtilities_GoogleUtilities-Environment.bundle

CodeSign /Users/fukushimatakumi/Library/Developer/Xcode/DerivedData/SugarBeat-hgoxfxbbugxkfsbmqcjlbmjeaqyg/Build/Products/Debug-iphonesimulator/GoogleSignIn_GoogleSignIn.bundle (in target 'GoogleSignIn_GoogleSignIn' from project 'GoogleSignIn')
    cd /Users/fukushimatakumi/Library/Developer/Xcode/DerivedData/SugarBeat-hgoxfxbbugxkfsbmqcjlbmjeaqyg/SourcePackages/checkouts/GoogleSignIn-iOS
    
    Signing Identity:     "Sign to Run Locally"
    
    /usr/bin/codesign --force --sign - --timestamp\=none --generate-entitlement-der /Users/fukushimatakumi/Library/Developer/Xcode/DerivedData/SugarBeat-hgoxfxbbugxkfsbmqcjlbmjeaqyg/Build/Products/Debug-iphonesimulator/GoogleSignIn_GoogleSignIn.bundle

CodeSign /Users/fukushimatakumi/Library/Developer/Xcode/DerivedData/SugarBeat-hgoxfxbbugxkfsbmqcjlbmjeaqyg/Build/Products/Debug-iphonesimulator/GTMSessionFetcher_GTMSessionFetcherCore.bundle (in target 'GTMSessionFetcher_GTMSessionFetcherCore' from project 'GTMSessionFetcher')
    cd /Users/fukushimatakumi/Library/Developer/Xcode/DerivedData/SugarBeat-hgoxfxbbugxkfsbmqcjlbmjeaqyg/SourcePackages/checkouts/gtm-session-fetcher
    
    Signing Identity:     "Sign to Run Locally"
    
    /usr/bin/codesign --force --sign - --timestamp\=none --generate-entitlement-der /Users/fukushimatakumi/Library/Developer/Xcode/DerivedData/SugarBeat-hgoxfxbbugxkfsbmqcjlbmjeaqyg/Build/Products/Debug-iphonesimulator/GTMSessionFetcher_GTMSessionFetcherCore.bundle

CodeSign /Users/fukushimatakumi/Library/Developer/Xcode/DerivedData/SugarBeat-hgoxfxbbugxkfsbmqcjlbmjeaqyg/Build/Products/Debug-iphonesimulator/GTMAppAuth_GTMAppAuth.bundle (in target 'GTMAppAuth_GTMAppAuth' from project 'GTMAppAuth')
    cd /Users/fukushimatakumi/Library/Developer/Xcode/DerivedData/SugarBeat-hgoxfxbbugxkfsbmqcjlbmjeaqyg/SourcePackages/checkouts/GTMAppAuth
    
    Signing Identity:     "Sign to Run Locally"
    
    /usr/bin/codesign --force --sign - --timestamp\=none --generate-entitlement-der /Users/fukushimatakumi/Library/Developer/Xcode/DerivedData/SugarBeat-hgoxfxbbugxkfsbmqcjlbmjeaqyg/Build/Products/Debug-iphonesimulator/GTMAppAuth_GTMAppAuth.bundle

CodeSign /Users/fukushimatakumi/Library/Developer/Xcode/DerivedData/SugarBeat-hgoxfxbbugxkfsbmqcjlbmjeaqyg/Build/Products/Debug-iphonesimulator/Firebase_FirebaseFirestore.bundle (in target 'Firebase_FirebaseFirestore' from project 'Firebase')
    cd /Users/fukushimatakumi/Library/Developer/Xcode/DerivedData/SugarBeat-hgoxfxbbugxkfsbmqcjlbmjeaqyg/SourcePackages/checkouts/firebase-ios-sdk
    
    Signing Identity:     "Sign to Run Locally"
    
    /usr/bin/codesign --force --sign - --timestamp\=none --generate-entitlement-der /Users/fukushimatakumi/Library/Developer/Xcode/DerivedData/SugarBeat-hgoxfxbbugxkfsbmqcjlbmjeaqyg/Build/Products/Debug-iphonesimulator/Firebase_FirebaseFirestore.bundle

CodeSign /Users/fukushimatakumi/Library/Developer/Xcode/DerivedData/SugarBeat-hgoxfxbbugxkfsbmqcjlbmjeaqyg/Build/Products/Debug-iphonesimulator/Firebase_FirebaseCoreInternal.bundle (in target 'Firebase_FirebaseCoreInternal' from project 'Firebase')
    cd /Users/fukushimatakumi/Library/Developer/Xcode/DerivedData/SugarBeat-hgoxfxbbugxkfsbmqcjlbmjeaqyg/SourcePackages/checkouts/firebase-ios-sdk
    
    Signing Identity:     "Sign to Run Locally"
    
    /usr/bin/codesign --force --sign - --timestamp\=none --generate-entitlement-der /Users/fukushimatakumi/Library/Developer/Xcode/DerivedData/SugarBeat-hgoxfxbbugxkfsbmqcjlbmjeaqyg/Build/Products/Debug-iphonesimulator/Firebase_FirebaseCoreInternal.bundle

CodeSign /Users/fukushimatakumi/Library/Developer/Xcode/DerivedData/SugarBeat-hgoxfxbbugxkfsbmqcjlbmjeaqyg/Build/Products/Debug-iphonesimulator/Firebase_FirebaseCoreExtension.bundle (in target 'Firebase_FirebaseCoreExtension' from project 'Firebase')
    cd /Users/fukushimatakumi/Library/Developer/Xcode/DerivedData/SugarBeat-hgoxfxbbugxkfsbmqcjlbmjeaqyg/SourcePackages/checkouts/firebase-ios-sdk
    
    Signing Identity:     "Sign to Run Locally"
    
    /usr/bin/codesign --force --sign - --timestamp\=none --generate-entitlement-der /Users/fukushimatakumi/Library/Developer/Xcode/DerivedData/SugarBeat-hgoxfxbbugxkfsbmqcjlbmjeaqyg/Build/Products/Debug-iphonesimulator/Firebase_FirebaseCoreExtension.bundle

CodeSign /Users/fukushimatakumi/Library/Developer/Xcode/DerivedData/SugarBeat-hgoxfxbbugxkfsbmqcjlbmjeaqyg/Build/Products/Debug-iphonesimulator/Firebase_FirebaseCore.bundle (in target 'Firebase_FirebaseCore' from project 'Firebase')
    cd /Users/fukushimatakumi/Library/Developer/Xcode/DerivedData/SugarBeat-hgoxfxbbugxkfsbmqcjlbmjeaqyg/SourcePackages/checkouts/firebase-ios-sdk
    
    Signing Identity:     "Sign to Run Locally"
    
    /usr/bin/codesign --force --sign - --timestamp\=none --generate-entitlement-der /Users/fukushimatakumi/Library/Developer/Xcode/DerivedData/SugarBeat-hgoxfxbbugxkfsbmqcjlbmjeaqyg/Build/Products/Debug-iphonesimulator/Firebase_FirebaseCore.bundle

CodeSign /Users/fukushimatakumi/Library/Developer/Xcode/DerivedData/SugarBeat-hgoxfxbbugxkfsbmqcjlbmjeaqyg/Build/Products/Debug-iphonesimulator/Firebase_FirebaseAuth.bundle (in target 'Firebase_FirebaseAuth' from project 'Firebase')
    cd /Users/fukushimatakumi/Library/Developer/Xcode/DerivedData/SugarBeat-hgoxfxbbugxkfsbmqcjlbmjeaqyg/SourcePackages/checkouts/firebase-ios-sdk
    
    Signing Identity:     "Sign to Run Locally"
    
    /usr/bin/codesign --force --sign - --timestamp\=none --generate-entitlement-der /Users/fukushimatakumi/Library/Developer/Xcode/DerivedData/SugarBeat-hgoxfxbbugxkfsbmqcjlbmjeaqyg/Build/Products/Debug-iphonesimulator/Firebase_FirebaseAuth.bundle

CodeSign /Users/fukushimatakumi/Library/Developer/Xcode/DerivedData/SugarBeat-hgoxfxbbugxkfsbmqcjlbmjeaqyg/Build/Products/Debug-iphonesimulator/AppAuth_AppAuthCore.bundle (in target 'AppAuth_AppAuthCore' from project 'AppAuth')
    cd /Users/fukushimatakumi/Library/Developer/Xcode/DerivedData/SugarBeat-hgoxfxbbugxkfsbmqcjlbmjeaqyg/SourcePackages/checkouts/AppAuth-iOS
    
    Signing Identity:     "Sign to Run Locally"
    
    /usr/bin/codesign --force --sign - --timestamp\=none --generate-entitlement-der /Users/fukushimatakumi/Library/Developer/Xcode/DerivedData/SugarBeat-hgoxfxbbugxkfsbmqcjlbmjeaqyg/Build/Products/Debug-iphonesimulator/AppAuth_AppAuthCore.bundle

CodeSign /Users/fukushimatakumi/Library/Developer/Xcode/DerivedData/SugarBeat-hgoxfxbbugxkfsbmqcjlbmjeaqyg/Build/Products/Debug-iphonesimulator/AppAuth_AppAuth.bundle (in target 'AppAuth_AppAuth' from project 'AppAuth')
    cd /Users/fukushimatakumi/Library/Developer/Xcode/DerivedData/SugarBeat-hgoxfxbbugxkfsbmqcjlbmjeaqyg/SourcePackages/checkouts/AppAuth-iOS
    
    Signing Identity:     "Sign to Run Locally"
    
    /usr/bin/codesign --force --sign - --timestamp\=none --generate-entitlement-der /Users/fukushimatakumi/Library/Developer/Xcode/DerivedData/SugarBeat-hgoxfxbbugxkfsbmqcjlbmjeaqyg/Build/Products/Debug-iphonesimulator/AppAuth_AppAuth.bundle

Touch /Users/fukushimatakumi/Library/Developer/Xcode/DerivedData/SugarBeat-hgoxfxbbugxkfsbmqcjlbmjeaqyg/Build/Products/Debug-iphonesimulator/nanopb_nanopb.bundle (in target 'nanopb_nanopb' from project 'nanopb')
    cd /Users/fukushimatakumi/Library/Developer/Xcode/DerivedData/SugarBeat-hgoxfxbbugxkfsbmqcjlbmjeaqyg/SourcePackages/checkouts/nanopb
    /usr/bin/touch -c /Users/fukushimatakumi/Library/Developer/Xcode/DerivedData/SugarBeat-hgoxfxbbugxkfsbmqcjlbmjeaqyg/Build/Products/Debug-iphonesimulator/nanopb_nanopb.bundle

Touch /Users/fukushimatakumi/Library/Developer/Xcode/DerivedData/SugarBeat-hgoxfxbbugxkfsbmqcjlbmjeaqyg/Build/Products/Debug-iphonesimulator/leveldb_leveldb.bundle (in target 'leveldb_leveldb' from project 'leveldb')
    cd /Users/fukushimatakumi/Library/Developer/Xcode/DerivedData/SugarBeat-hgoxfxbbugxkfsbmqcjlbmjeaqyg/SourcePackages/checkouts/leveldb
    /usr/bin/touch -c /Users/fukushimatakumi/Library/Developer/Xcode/DerivedData/SugarBeat-hgoxfxbbugxkfsbmqcjlbmjeaqyg/Build/Products/Debug-iphonesimulator/leveldb_leveldb.bundle

CompileC /Users/fukushimatakumi/Library/Developer/Xcode/DerivedData/SugarBeat-hgoxfxbbugxkfsbmqcjlbmjeaqyg/Build/Intermediates.noindex/gRPC.build/Debug-iphonesimulator/opensslWrapper.build/Objects-normal/arm64/resource_bundle_accessor.o /Users/fukushimatakumi/Library/Developer/Xcode/DerivedData/SugarBeat-hgoxfxbbugxkfsbmqcjlbmjeaqyg/Build/Intermediates.noindex/gRPC.build/Debug-iphonesimulator/opensslWrapper.build/DerivedSources/resource_bundle_accessor.m normal arm64 objective-c com.apple.compilers.llvm.clang.1_0.compiler (in target 'opensslWrapper' from project 'gRPC')
    cd /Users/fukushimatakumi/develop/sugarbeat/sugarbeat-front
    
    Using response file: /Users/fukushimatakumi/Library/Developer/Xcode/DerivedData/SugarBeat-hgoxfxbbugxkfsbmqcjlbmjeaqyg/Build/Intermediates.noindex/gRPC.build/Debug-iphonesimulator/opensslWrapper.build/Objects-normal/arm64/e6072d4f65d7061329687fe24e3d63a7-common-args.resp
    
    /Applications/Xcode.app/Contents/Developer/Toolchains/XcodeDefault.xctoolchain/usr/bin/clang -x objective-c -ivfsstatcache /Users/fukushimatakumi/Library/Developer/Xcode/DerivedData/SDKStatCaches.noindex/iphonesimulator18.4-22E235-71825a6d136aa4733edcbe86ece5525b.sdkstatcache -fmessage-length\=0 -fdiagnostics-show-note-include-stack -fmacro-backtrace-limit\=0 -fno-color-diagnostics -fmodules-prune-interval\=86400 -fmodules-prune-after\=345600 -fbuild-session-file\=/Users/fukushimatakumi/Library/Developer/Xcode/DerivedData/ModuleCache.noindex/Session.modulevalidation -fmodules-validate-once-per-build-session -Wnon-modular-include-in-framework-module -Werror\=non-modular-include-in-framework-module -Wno-trigraphs -Wno-missing-field-initializers -Wno-missing-prototypes -Wno-return-type -Wno-implicit-atomic-properties -Wno-objc-interface-ivars -Wno-arc-repeated-use-of-weak -Wno-missing-braces -Wparentheses -Wswitch -Wno-unused-function -Wno-unused-label -Wno-unused-parameter -Wno-unused-variable -Wunused-value -Wno-empty-body -Wno-uninitialized -Wno-unknown-pragmas -w -Wno-shadow -Wno-four-char-constants -Wno-conversion -Wno-constant-conversion -Wno-int-conversion -Wno-bool-conversion -Wno-enum-conversion -Wno-float-conversion -Wno-non-literal-null-conversion -Wno-objc-literal-conversion -Wshorten-64-to-32 -Wpointer-sign -Wno-newline-eof -Wno-selector -Wno-strict-selector-match -Wno-undeclared-selector -Wno-deprecated-implementations -Wno-implicit-fallthrough -fstrict-aliasing -Wprotocol -Wdeprecated-declarations -Wno-sign-conversion -Wno-infinite-recursion -Wno-comma -Wno-block-capture-autoreleasing -Wno-strict-prototypes -Wno-semicolon-before-method-body -index-store-path /Users/fukushimatakumi/Library/Developer/Xcode/DerivedData/SugarBeat-hgoxfxbbugxkfsbmqcjlbmjeaqyg/Index.noindex/DataStore @/Users/fukushimatakumi/Library/Developer/Xcode/DerivedData/SugarBeat-hgoxfxbbugxkfsbmqcjlbmjeaqyg/Build/Intermediates.noindex/gRPC.build/Debug-iphonesimulator/opensslWrapper.build/Objects-normal/arm64/e6072d4f65d7061329687fe24e3d63a7-common-args.resp -include /Users/fukushimatakumi/Library/Developer/Xcode/DerivedData/SugarBeat-hgoxfxbbugxkfsbmqcjlbmjeaqyg/Build/Intermediates.noindex/gRPC.build/Debug-iphonesimulator/opensslWrapper.build/DerivedSources/resource_bundle_accessor.h -MMD -MT dependencies -MF /Users/fukushimatakumi/Library/Developer/Xcode/DerivedData/SugarBeat-hgoxfxbbugxkfsbmqcjlbmjeaqyg/Build/Intermediates.noindex/gRPC.build/Debug-iphonesimulator/opensslWrapper.build/Objects-normal/arm64/resource_bundle_accessor.d --serialize-diagnostics /Users/fukushimatakumi/Library/Developer/Xcode/DerivedData/SugarBeat-hgoxfxbbugxkfsbmqcjlbmjeaqyg/Build/Intermediates.noindex/gRPC.build/Debug-iphonesimulator/opensslWrapper.build/Objects-normal/arm64/resource_bundle_accessor.dia -c /Users/fukushimatakumi/Library/Developer/Xcode/DerivedData/SugarBeat-hgoxfxbbugxkfsbmqcjlbmjeaqyg/Build/Intermediates.noindex/gRPC.build/Debug-iphonesimulator/opensslWrapper.build/DerivedSources/resource_bundle_accessor.m -o /Users/fukushimatakumi/Library/Developer/Xcode/DerivedData/SugarBeat-hgoxfxbbugxkfsbmqcjlbmjeaqyg/Build/Intermediates.noindex/gRPC.build/Debug-iphonesimulator/opensslWrapper.build/Objects-normal/arm64/resource_bundle_accessor.o -index-unit-output-path /gRPC.build/Debug-iphonesimulator/opensslWrapper.build/Objects-normal/arm64/resource_bundle_accessor.o

CompileC /Users/fukushimatakumi/Library/Developer/Xcode/DerivedData/SugarBeat-hgoxfxbbugxkfsbmqcjlbmjeaqyg/Build/Intermediates.noindex/gRPC.build/Debug-iphonesimulator/opensslWrapper.build/Objects-normal/arm64/empty.o /Users/fukushimatakumi/Library/Developer/Xcode/DerivedData/SugarBeat-hgoxfxbbugxkfsbmqcjlbmjeaqyg/SourcePackages/checkouts/grpc-binary/openssl-grpc-Wrapper/empty.m normal arm64 objective-c com.apple.compilers.llvm.clang.1_0.compiler (in target 'opensslWrapper' from project 'gRPC')
    cd /Users/fukushimatakumi/develop/sugarbeat/sugarbeat-front
    
    Using response file: /Users/fukushimatakumi/Library/Developer/Xcode/DerivedData/SugarBeat-hgoxfxbbugxkfsbmqcjlbmjeaqyg/Build/Intermediates.noindex/gRPC.build/Debug-iphonesimulator/opensslWrapper.build/Objects-normal/arm64/e6072d4f65d7061329687fe24e3d63a7-common-args.resp
    
    /Applications/Xcode.app/Contents/Developer/Toolchains/XcodeDefault.xctoolchain/usr/bin/clang -x objective-c -ivfsstatcache /Users/fukushimatakumi/Library/Developer/Xcode/DerivedData/SDKStatCaches.noindex/iphonesimulator18.4-22E235-71825a6d136aa4733edcbe86ece5525b.sdkstatcache -fmessage-length\=0 -fdiagnostics-show-note-include-stack -fmacro-backtrace-limit\=0 -fno-color-diagnostics -fmodules-prune-interval\=86400 -fmodules-prune-after\=345600 -fbuild-session-file\=/Users/fukushimatakumi/Library/Developer/Xcode/DerivedData/ModuleCache.noindex/Session.modulevalidation -fmodules-validate-once-per-build-session -Wnon-modular-include-in-framework-module -Werror\=non-modular-include-in-framework-module -Wno-trigraphs -Wno-missing-field-initializers -Wno-missing-prototypes -Wno-return-type -Wno-implicit-atomic-properties -Wno-objc-interface-ivars -Wno-arc-repeated-use-of-weak -Wno-missing-braces -Wparentheses -Wswitch -Wno-unused-function -Wno-unused-label -Wno-unused-parameter -Wno-unused-variable -Wunused-value -Wno-empty-body -Wno-uninitialized -Wno-unknown-pragmas -w -Wno-shadow -Wno-four-char-constants -Wno-conversion -Wno-constant-conversion -Wno-int-conversion -Wno-bool-conversion -Wno-enum-conversion -Wno-float-conversion -Wno-non-literal-null-conversion -Wno-objc-literal-conversion -Wshorten-64-to-32 -Wpointer-sign -Wno-newline-eof -Wno-selector -Wno-strict-selector-match -Wno-undeclared-selector -Wno-deprecated-implementations -Wno-implicit-fallthrough -fstrict-aliasing -Wprotocol -Wdeprecated-declarations -Wno-sign-conversion -Wno-infinite-recursion -Wno-comma -Wno-block-capture-autoreleasing -Wno-strict-prototypes -Wno-semicolon-before-method-body -index-store-path /Users/fukushimatakumi/Library/Developer/Xcode/DerivedData/SugarBeat-hgoxfxbbugxkfsbmqcjlbmjeaqyg/Index.noindex/DataStore @/Users/fukushimatakumi/Library/Developer/Xcode/DerivedData/SugarBeat-hgoxfxbbugxkfsbmqcjlbmjeaqyg/Build/Intermediates.noindex/gRPC.build/Debug-iphonesimulator/opensslWrapper.build/Objects-normal/arm64/e6072d4f65d7061329687fe24e3d63a7-common-args.resp -include /Users/fukushimatakumi/Library/Developer/Xcode/DerivedData/SugarBeat-hgoxfxbbugxkfsbmqcjlbmjeaqyg/Build/Intermediates.noindex/gRPC.build/Debug-iphonesimulator/opensslWrapper.build/DerivedSources/resource_bundle_accessor.h -MMD -MT dependencies -MF /Users/fukushimatakumi/Library/Developer/Xcode/DerivedData/SugarBeat-hgoxfxbbugxkfsbmqcjlbmjeaqyg/Build/Intermediates.noindex/gRPC.build/Debug-iphonesimulator/opensslWrapper.build/Objects-normal/arm64/empty.d --serialize-diagnostics /Users/fukushimatakumi/Library/Developer/Xcode/DerivedData/SugarBeat-hgoxfxbbugxkfsbmqcjlbmjeaqyg/Build/Intermediates.noindex/gRPC.build/Debug-iphonesimulator/opensslWrapper.build/Objects-normal/arm64/empty.dia -c /Users/fukushimatakumi/Library/Developer/Xcode/DerivedData/SugarBeat-hgoxfxbbugxkfsbmqcjlbmjeaqyg/SourcePackages/checkouts/grpc-binary/openssl-grpc-Wrapper/empty.m -o /Users/fukushimatakumi/Library/Developer/Xcode/DerivedData/SugarBeat-hgoxfxbbugxkfsbmqcjlbmjeaqyg/Build/Intermediates.noindex/gRPC.build/Debug-iphonesimulator/opensslWrapper.build/Objects-normal/arm64/empty.o -index-unit-output-path /gRPC.build/Debug-iphonesimulator/opensslWrapper.build/Objects-normal/arm64/empty.o

Touch /Users/fukushimatakumi/Library/Developer/Xcode/DerivedData/SugarBeat-hgoxfxbbugxkfsbmqcjlbmjeaqyg/Build/Products/Debug-iphonesimulator/gRPC_opensslWrapper.bundle (in target 'gRPC_opensslWrapper' from project 'gRPC')
    cd /Users/fukushimatakumi/Library/Developer/Xcode/DerivedData/SugarBeat-hgoxfxbbugxkfsbmqcjlbmjeaqyg/SourcePackages/checkouts/grpc-binary
    /usr/bin/touch -c /Users/fukushimatakumi/Library/Developer/Xcode/DerivedData/SugarBeat-hgoxfxbbugxkfsbmqcjlbmjeaqyg/Build/Products/Debug-iphonesimulator/gRPC_opensslWrapper.bundle

Touch /Users/fukushimatakumi/Library/Developer/Xcode/DerivedData/SugarBeat-hgoxfxbbugxkfsbmqcjlbmjeaqyg/Build/Products/Debug-iphonesimulator/gRPC_grpcppWrapper.bundle (in target 'gRPC_grpcppWrapper' from project 'gRPC')
    cd /Users/fukushimatakumi/Library/Developer/Xcode/DerivedData/SugarBeat-hgoxfxbbugxkfsbmqcjlbmjeaqyg/SourcePackages/checkouts/grpc-binary
    /usr/bin/touch -c /Users/fukushimatakumi/Library/Developer/Xcode/DerivedData/SugarBeat-hgoxfxbbugxkfsbmqcjlbmjeaqyg/Build/Products/Debug-iphonesimulator/gRPC_grpcppWrapper.bundle

Touch /Users/fukushimatakumi/Library/Developer/Xcode/DerivedData/SugarBeat-hgoxfxbbugxkfsbmqcjlbmjeaqyg/Build/Products/Debug-iphonesimulator/gRPC_grpcWrapper.bundle (in target 'gRPC_grpcWrapper' from project 'gRPC')
    cd /Users/fukushimatakumi/Library/Developer/Xcode/DerivedData/SugarBeat-hgoxfxbbugxkfsbmqcjlbmjeaqyg/SourcePackages/checkouts/grpc-binary
    /usr/bin/touch -c /Users/fukushimatakumi/Library/Developer/Xcode/DerivedData/SugarBeat-hgoxfxbbugxkfsbmqcjlbmjeaqyg/Build/Products/Debug-iphonesimulator/gRPC_grpcWrapper.bundle

ScanDependencies /Users/fukushimatakumi/Library/Developer/Xcode/DerivedData/SugarBeat-hgoxfxbbugxkfsbmqcjlbmjeaqyg/Build/Intermediates.noindex/abseil.build/Debug-iphonesimulator/abslWrapper.build/Objects-normal/arm64/resource_bundle_accessor.o /Users/fukushimatakumi/Library/Developer/Xcode/DerivedData/SugarBeat-hgoxfxbbugxkfsbmqcjlbmjeaqyg/Build/Intermediates.noindex/abseil.build/Debug-iphonesimulator/abslWrapper.build/DerivedSources/resource_bundle_accessor.m normal arm64 objective-c com.apple.compilers.llvm.clang.1_0.compiler (in target 'abslWrapper' from project 'abseil')
    cd /Users/fukushimatakumi/develop/sugarbeat/sugarbeat-front
    
    Using response file: /Users/fukushimatakumi/Library/Developer/Xcode/DerivedData/SugarBeat-hgoxfxbbugxkfsbmqcjlbmjeaqyg/Build/Intermediates.noindex/abseil.build/Debug-iphonesimulator/abslWrapper.build/Objects-normal/arm64/e6072d4f65d7061329687fe24e3d63a7-common-args.resp
    
    builtin-ScanDependencies -o /Users/fukushimatakumi/Library/Developer/Xcode/DerivedData/SugarBeat-hgoxfxbbugxkfsbmqcjlbmjeaqyg/Build/Intermediates.noindex/abseil.build/Debug-iphonesimulator/abslWrapper.build/Objects-normal/arm64/resource_bundle_accessor.o.scan -- /Applications/Xcode.app/Contents/Developer/Toolchains/XcodeDefault.xctoolchain/usr/bin/clang -x objective-c -ivfsstatcache /Users/fukushimatakumi/Library/Developer/Xcode/DerivedData/SDKStatCaches.noindex/iphonesimulator18.4-22E235-71825a6d136aa4733edcbe86ece5525b.sdkstatcache -fmessage-length\=0 -fdiagnostics-show-note-include-stack -fmacro-backtrace-limit\=0 -fno-color-diagnostics -fmodules-prune-interval\=86400 -fmodules-prune-after\=345600 -fbuild-session-file\=/Users/fukushimatakumi/Library/Developer/Xcode/DerivedData/ModuleCache.noindex/Session.modulevalidation -fmodules-validate-once-per-build-session -Wnon-modular-include-in-framework-module -Werror\=non-modular-include-in-framework-module -Wno-trigraphs -Wno-missing-field-initializers -Wno-missing-prototypes -Wno-return-type -Wno-implicit-atomic-properties -Wno-objc-interface-ivars -Wno-arc-repeated-use-of-weak -Wno-missing-braces -Wparentheses -Wswitch -Wno-unused-function -Wno-unused-label -Wno-unused-parameter -Wno-unused-variable -Wunused-value -Wno-empty-body -Wno-uninitialized -Wno-unknown-pragmas -w -Wno-shadow -Wno-four-char-constants -Wno-conversion -Wno-constant-conversion -Wno-int-conversion -Wno-bool-conversion -Wno-enum-conversion -Wno-float-conversion -Wno-non-literal-null-conversion -Wno-objc-literal-conversion -Wshorten-64-to-32 -Wpointer-sign -Wno-newline-eof -Wno-selector -Wno-strict-selector-match -Wno-undeclared-selector -Wno-deprecated-implementations -Wno-implicit-fallthrough -fstrict-aliasing -Wprotocol -Wdeprecated-declarations -Wno-sign-conversion -Wno-infinite-recursion -Wno-comma -Wno-block-capture-autoreleasing -Wno-strict-prototypes -Wno-semicolon-before-method-body -index-store-path /Users/fukushimatakumi/Library/Developer/Xcode/DerivedData/SugarBeat-hgoxfxbbugxkfsbmqcjlbmjeaqyg/Index.noindex/DataStore @/Users/fukushimatakumi/Library/Developer/Xcode/DerivedData/SugarBeat-hgoxfxbbugxkfsbmqcjlbmjeaqyg/Build/Intermediates.noindex/abseil.build/Debug-iphonesimulator/abslWrapper.build/Objects-normal/arm64/e6072d4f65d7061329687fe24e3d63a7-common-args.resp -include /Users/fukushimatakumi/Library/Developer/Xcode/DerivedData/SugarBeat-hgoxfxbbugxkfsbmqcjlbmjeaqyg/Build/Intermediates.noindex/abseil.build/Debug-iphonesimulator/abslWrapper.build/DerivedSources/resource_bundle_accessor.h -MMD -MT dependencies -MF /Users/fukushimatakumi/Library/Developer/Xcode/DerivedData/SugarBeat-hgoxfxbbugxkfsbmqcjlbmjeaqyg/Build/Intermediates.noindex/abseil.build/Debug-iphonesimulator/abslWrapper.build/Objects-normal/arm64/resource_bundle_accessor.d --serialize-diagnostics /Users/fukushimatakumi/Library/Developer/Xcode/DerivedData/SugarBeat-hgoxfxbbugxkfsbmqcjlbmjeaqyg/Build/Intermediates.noindex/abseil.build/Debug-iphonesimulator/abslWrapper.build/Objects-normal/arm64/resource_bundle_accessor.dia -c /Users/fukushimatakumi/Library/Developer/Xcode/DerivedData/SugarBeat-hgoxfxbbugxkfsbmqcjlbmjeaqyg/Build/Intermediates.noindex/abseil.build/Debug-iphonesimulator/abslWrapper.build/DerivedSources/resource_bundle_accessor.m -o /Users/fukushimatakumi/Library/Developer/Xcode/DerivedData/SugarBeat-hgoxfxbbugxkfsbmqcjlbmjeaqyg/Build/Intermediates.noindex/abseil.build/Debug-iphonesimulator/abslWrapper.build/Objects-normal/arm64/resource_bundle_accessor.o -index-unit-output-path /abseil.build/Debug-iphonesimulator/abslWrapper.build/Objects-normal/arm64/resource_bundle_accessor.o

ScanDependencies /Users/fukushimatakumi/Library/Developer/Xcode/DerivedData/SugarBeat-hgoxfxbbugxkfsbmqcjlbmjeaqyg/Build/Intermediates.noindex/abseil.build/Debug-iphonesimulator/abslWrapper.build/Objects-normal/arm64/empty.o /Users/fukushimatakumi/Library/Developer/Xcode/DerivedData/SugarBeat-hgoxfxbbugxkfsbmqcjlbmjeaqyg/SourcePackages/checkouts/abseil-cpp-binary/absl-Wrapper/empty.m normal arm64 objective-c com.apple.compilers.llvm.clang.1_0.compiler (in target 'abslWrapper' from project 'abseil')
    cd /Users/fukushimatakumi/develop/sugarbeat/sugarbeat-front
    
    Using response file: /Users/fukushimatakumi/Library/Developer/Xcode/DerivedData/SugarBeat-hgoxfxbbugxkfsbmqcjlbmjeaqyg/Build/Intermediates.noindex/abseil.build/Debug-iphonesimulator/abslWrapper.build/Objects-normal/arm64/e6072d4f65d7061329687fe24e3d63a7-common-args.resp
    
    builtin-ScanDependencies -o /Users/fukushimatakumi/Library/Developer/Xcode/DerivedData/SugarBeat-hgoxfxbbugxkfsbmqcjlbmjeaqyg/Build/Intermediates.noindex/abseil.build/Debug-iphonesimulator/abslWrapper.build/Objects-normal/arm64/empty.o.scan -- /Applications/Xcode.app/Contents/Developer/Toolchains/XcodeDefault.xctoolchain/usr/bin/clang -x objective-c -ivfsstatcache /Users/fukushimatakumi/Library/Developer/Xcode/DerivedData/SDKStatCaches.noindex/iphonesimulator18.4-22E235-71825a6d136aa4733edcbe86ece5525b.sdkstatcache -fmessage-length\=0 -fdiagnostics-show-note-include-stack -fmacro-backtrace-limit\=0 -fno-color-diagnostics -fmodules-prune-interval\=86400 -fmodules-prune-after\=345600 -fbuild-session-file\=/Users/fukushimatakumi/Library/Developer/Xcode/DerivedData/ModuleCache.noindex/Session.modulevalidation -fmodules-validate-once-per-build-session -Wnon-modular-include-in-framework-module -Werror\=non-modular-include-in-framework-module -Wno-trigraphs -Wno-missing-field-initializers -Wno-missing-prototypes -Wno-return-type -Wno-implicit-atomic-properties -Wno-objc-interface-ivars -Wno-arc-repeated-use-of-weak -Wno-missing-braces -Wparentheses -Wswitch -Wno-unused-function -Wno-unused-label -Wno-unused-parameter -Wno-unused-variable -Wunused-value -Wno-empty-body -Wno-uninitialized -Wno-unknown-pragmas -w -Wno-shadow -Wno-four-char-constants -Wno-conversion -Wno-constant-conversion -Wno-int-conversion -Wno-bool-conversion -Wno-enum-conversion -Wno-float-conversion -Wno-non-literal-null-conversion -Wno-objc-literal-conversion -Wshorten-64-to-32 -Wpointer-sign -Wno-newline-eof -Wno-selector -Wno-strict-selector-match -Wno-undeclared-selector -Wno-deprecated-implementations -Wno-implicit-fallthrough -fstrict-aliasing -Wprotocol -Wdeprecated-declarations -Wno-sign-conversion -Wno-infinite-recursion -Wno-comma -Wno-block-capture-autoreleasing -Wno-strict-prototypes -Wno-semicolon-before-method-body -index-store-path /Users/fukushimatakumi/Library/Developer/Xcode/DerivedData/SugarBeat-hgoxfxbbugxkfsbmqcjlbmjeaqyg/Index.noindex/DataStore @/Users/fukushimatakumi/Library/Developer/Xcode/DerivedData/SugarBeat-hgoxfxbbugxkfsbmqcjlbmjeaqyg/Build/Intermediates.noindex/abseil.build/Debug-iphonesimulator/abslWrapper.build/Objects-normal/arm64/e6072d4f65d7061329687fe24e3d63a7-common-args.resp -include /Users/fukushimatakumi/Library/Developer/Xcode/DerivedData/SugarBeat-hgoxfxbbugxkfsbmqcjlbmjeaqyg/Build/Intermediates.noindex/abseil.build/Debug-iphonesimulator/abslWrapper.build/DerivedSources/resource_bundle_accessor.h -MMD -MT dependencies -MF /Users/fukushimatakumi/Library/Developer/Xcode/DerivedData/SugarBeat-hgoxfxbbugxkfsbmqcjlbmjeaqyg/Build/Intermediates.noindex/abseil.build/Debug-iphonesimulator/abslWrapper.build/Objects-normal/arm64/empty.d --serialize-diagnostics /Users/fukushimatakumi/Library/Developer/Xcode/DerivedData/SugarBeat-hgoxfxbbugxkfsbmqcjlbmjeaqyg/Build/Intermediates.noindex/abseil.build/Debug-iphonesimulator/abslWrapper.build/Objects-normal/arm64/empty.dia -c /Users/fukushimatakumi/Library/Developer/Xcode/DerivedData/SugarBeat-hgoxfxbbugxkfsbmqcjlbmjeaqyg/SourcePackages/checkouts/abseil-cpp-binary/absl-Wrapper/empty.m -o /Users/fukushimatakumi/Library/Developer/Xcode/DerivedData/SugarBeat-hgoxfxbbugxkfsbmqcjlbmjeaqyg/Build/Intermediates.noindex/abseil.build/Debug-iphonesimulator/abslWrapper.build/Objects-normal/arm64/empty.o -index-unit-output-path /abseil.build/Debug-iphonesimulator/abslWrapper.build/Objects-normal/arm64/empty.o

Touch /Users/fukushimatakumi/Library/Developer/Xcode/DerivedData/SugarBeat-hgoxfxbbugxkfsbmqcjlbmjeaqyg/Build/Products/Debug-iphonesimulator/abseil_abslWrapper.bundle (in target 'abseil_abslWrapper' from project 'abseil')
    cd /Users/fukushimatakumi/Library/Developer/Xcode/DerivedData/SugarBeat-hgoxfxbbugxkfsbmqcjlbmjeaqyg/SourcePackages/checkouts/abseil-cpp-binary
    /usr/bin/touch -c /Users/fukushimatakumi/Library/Developer/Xcode/DerivedData/SugarBeat-hgoxfxbbugxkfsbmqcjlbmjeaqyg/Build/Products/Debug-iphonesimulator/abseil_abslWrapper.bundle

Touch /Users/fukushimatakumi/Library/Developer/Xcode/DerivedData/SugarBeat-hgoxfxbbugxkfsbmqcjlbmjeaqyg/Build/Products/Debug-iphonesimulator/Promises_FBLPromises.bundle (in target 'Promises_FBLPromises' from project 'Promises')
    cd /Users/fukushimatakumi/Library/Developer/Xcode/DerivedData/SugarBeat-hgoxfxbbugxkfsbmqcjlbmjeaqyg/SourcePackages/checkouts/promises
    /usr/bin/touch -c /Users/fukushimatakumi/Library/Developer/Xcode/DerivedData/SugarBeat-hgoxfxbbugxkfsbmqcjlbmjeaqyg/Build/Products/Debug-iphonesimulator/Promises_FBLPromises.bundle

Touch /Users/fukushimatakumi/Library/Developer/Xcode/DerivedData/SugarBeat-hgoxfxbbugxkfsbmqcjlbmjeaqyg/Build/Products/Debug-iphonesimulator/GoogleUtilities_GoogleUtilities-UserDefaults.bundle (in target 'GoogleUtilities_GoogleUtilities-UserDefaults' from project 'GoogleUtilities')
    cd /Users/fukushimatakumi/Library/Developer/Xcode/DerivedData/SugarBeat-hgoxfxbbugxkfsbmqcjlbmjeaqyg/SourcePackages/checkouts/GoogleUtilities
    /usr/bin/touch -c /Users/fukushimatakumi/Library/Developer/Xcode/DerivedData/SugarBeat-hgoxfxbbugxkfsbmqcjlbmjeaqyg/Build/Products/Debug-iphonesimulator/GoogleUtilities_GoogleUtilities-UserDefaults.bundle

Touch /Users/fukushimatakumi/Library/Developer/Xcode/DerivedData/SugarBeat-hgoxfxbbugxkfsbmqcjlbmjeaqyg/Build/Products/Debug-iphonesimulator/GoogleUtilities_GoogleUtilities-Reachability.bundle (in target 'GoogleUtilities_GoogleUtilities-Reachability' from project 'GoogleUtilities')
    cd /Users/fukushimatakumi/Library/Developer/Xcode/DerivedData/SugarBeat-hgoxfxbbugxkfsbmqcjlbmjeaqyg/SourcePackages/checkouts/GoogleUtilities
    /usr/bin/touch -c /Users/fukushimatakumi/Library/Developer/Xcode/DerivedData/SugarBeat-hgoxfxbbugxkfsbmqcjlbmjeaqyg/Build/Products/Debug-iphonesimulator/GoogleUtilities_GoogleUtilities-Reachability.bundle

Touch /Users/fukushimatakumi/Library/Developer/Xcode/DerivedData/SugarBeat-hgoxfxbbugxkfsbmqcjlbmjeaqyg/Build/Products/Debug-iphonesimulator/GoogleUtilities_GoogleUtilities-Network.bundle (in target 'GoogleUtilities_GoogleUtilities-Network' from project 'GoogleUtilities')
    cd /Users/fukushimatakumi/Library/Developer/Xcode/DerivedData/SugarBeat-hgoxfxbbugxkfsbmqcjlbmjeaqyg/SourcePackages/checkouts/GoogleUtilities
    /usr/bin/touch -c /Users/fukushimatakumi/Library/Developer/Xcode/DerivedData/SugarBeat-hgoxfxbbugxkfsbmqcjlbmjeaqyg/Build/Products/Debug-iphonesimulator/GoogleUtilities_GoogleUtilities-Network.bundle

Touch /Users/fukushimatakumi/Library/Developer/Xcode/DerivedData/SugarBeat-hgoxfxbbugxkfsbmqcjlbmjeaqyg/Build/Products/Debug-iphonesimulator/GoogleUtilities_GoogleUtilities-NSData.bundle (in target 'GoogleUtilities_GoogleUtilities-NSData' from project 'GoogleUtilities')
    cd /Users/fukushimatakumi/Library/Developer/Xcode/DerivedData/SugarBeat-hgoxfxbbugxkfsbmqcjlbmjeaqyg/SourcePackages/checkouts/GoogleUtilities
    /usr/bin/touch -c /Users/fukushimatakumi/Library/Developer/Xcode/DerivedData/SugarBeat-hgoxfxbbugxkfsbmqcjlbmjeaqyg/Build/Products/Debug-iphonesimulator/GoogleUtilities_GoogleUtilities-NSData.bundle

RegisterExecutionPolicyException /Users/fukushimatakumi/Library/Developer/Xcode/DerivedData/SugarBeat-hgoxfxbbugxkfsbmqcjlbmjeaqyg/Build/Products/Debug-iphonesimulator/GoogleUtilities_GoogleUtilities-AppDelegateSwizzler.bundle (in target 'GoogleUtilities_GoogleUtilities-AppDelegateSwizzler' from project 'GoogleUtilities')
    cd /Users/fukushimatakumi/Library/Developer/Xcode/DerivedData/SugarBeat-hgoxfxbbugxkfsbmqcjlbmjeaqyg/SourcePackages/checkouts/GoogleUtilities
    builtin-RegisterExecutionPolicyException /Users/fukushimatakumi/Library/Developer/Xcode/DerivedData/SugarBeat-hgoxfxbbugxkfsbmqcjlbmjeaqyg/Build/Products/Debug-iphonesimulator/GoogleUtilities_GoogleUtilities-AppDelegateSwizzler.bundle

RegisterExecutionPolicyException /Users/fukushimatakumi/Library/Developer/Xcode/DerivedData/SugarBeat-hgoxfxbbugxkfsbmqcjlbmjeaqyg/Build/Products/Debug-iphonesimulator/GoogleSignIn_GoogleSignInSwift.bundle (in target 'GoogleSignIn_GoogleSignInSwift' from project 'GoogleSignIn')
    cd /Users/fukushimatakumi/Library/Developer/Xcode/DerivedData/SugarBeat-hgoxfxbbugxkfsbmqcjlbmjeaqyg/SourcePackages/checkouts/GoogleSignIn-iOS
    builtin-RegisterExecutionPolicyException /Users/fukushimatakumi/Library/Developer/Xcode/DerivedData/SugarBeat-hgoxfxbbugxkfsbmqcjlbmjeaqyg/Build/Products/Debug-iphonesimulator/GoogleSignIn_GoogleSignInSwift.bundle

ScanDependencies /Users/fukushimatakumi/Library/Developer/Xcode/DerivedData/SugarBeat-hgoxfxbbugxkfsbmqcjlbmjeaqyg/Build/Intermediates.noindex/Firebase.build/Debug-iphonesimulator/FirebaseFirestoreInternalWrapper.build/Objects-normal/arm64/dummy.o /Users/fukushimatakumi/Library/Developer/Xcode/DerivedData/SugarBeat-hgoxfxbbugxkfsbmqcjlbmjeaqyg/SourcePackages/checkouts/firebase-ios-sdk/FirebaseFirestoreInternal/dummy.m normal arm64 objective-c com.apple.compilers.llvm.clang.1_0.compiler (in target 'FirebaseFirestoreInternalWrapper' from project 'Firebase')
    cd /Users/fukushimatakumi/develop/sugarbeat/sugarbeat-front
    
    Using response file: /Users/fukushimatakumi/Library/Developer/Xcode/DerivedData/SugarBeat-hgoxfxbbugxkfsbmqcjlbmjeaqyg/Build/Intermediates.noindex/Firebase.build/Debug-iphonesimulator/FirebaseFirestoreInternalWrapper.build/Objects-normal/arm64/e6072d4f65d7061329687fe24e3d63a7-common-args.resp
    
    builtin-ScanDependencies -o /Users/fukushimatakumi/Library/Developer/Xcode/DerivedData/SugarBeat-hgoxfxbbugxkfsbmqcjlbmjeaqyg/Build/Intermediates.noindex/Firebase.build/Debug-iphonesimulator/FirebaseFirestoreInternalWrapper.build/Objects-normal/arm64/dummy.o.scan -- /Applications/Xcode.app/Contents/Developer/Toolchains/XcodeDefault.xctoolchain/usr/bin/clang -x objective-c -ivfsstatcache /Users/fukushimatakumi/Library/Developer/Xcode/DerivedData/SDKStatCaches.noindex/iphonesimulator18.4-22E235-71825a6d136aa4733edcbe86ece5525b.sdkstatcache -fmessage-length\=0 -fdiagnostics-show-note-include-stack -fmacro-backtrace-limit\=0 -fno-color-diagnostics -fmodules-prune-interval\=86400 -fmodules-prune-after\=345600 -fbuild-session-file\=/Users/fukushimatakumi/Library/Developer/Xcode/DerivedData/ModuleCache.noindex/Session.modulevalidation -fmodules-validate-once-per-build-session -Wnon-modular-include-in-framework-module -Werror\=non-modular-include-in-framework-module -Wno-trigraphs -Wno-missing-field-initializers -Wno-missing-prototypes -Wno-return-type -Wno-implicit-atomic-properties -Wno-objc-interface-ivars -Wno-arc-repeated-use-of-weak -Wno-missing-braces -Wparentheses -Wswitch -Wno-unused-function -Wno-unused-label -Wno-unused-parameter -Wno-unused-variable -Wunused-value -Wno-empty-body -Wno-uninitialized -Wno-unknown-pragmas -w -Wno-shadow -Wno-four-char-constants -Wno-conversion -Wno-constant-conversion -Wno-int-conversion -Wno-bool-conversion -Wno-enum-conversion -Wno-float-conversion -Wno-non-literal-null-conversion -Wno-objc-literal-conversion -Wshorten-64-to-32 -Wpointer-sign -Wno-newline-eof -Wno-selector -Wno-strict-selector-match -Wno-undeclared-selector -Wno-deprecated-implementations -Wno-implicit-fallthrough -fstrict-aliasing -Wprotocol -Wdeprecated-declarations -Wno-sign-conversion -Wno-infinite-recursion -Wno-comma -Wno-block-capture-autoreleasing -Wno-strict-prototypes -Wno-semicolon-before-method-body -index-store-path /Users/fukushimatakumi/Library/Developer/Xcode/DerivedData/SugarBeat-hgoxfxbbugxkfsbmqcjlbmjeaqyg/Index.noindex/DataStore @/Users/fukushimatakumi/Library/Developer/Xcode/DerivedData/SugarBeat-hgoxfxbbugxkfsbmqcjlbmjeaqyg/Build/Intermediates.noindex/Firebase.build/Debug-iphonesimulator/FirebaseFirestoreInternalWrapper.build/Objects-normal/arm64/e6072d4f65d7061329687fe24e3d63a7-common-args.resp -MMD -MT dependencies -MF /Users/fukushimatakumi/Library/Developer/Xcode/DerivedData/SugarBeat-hgoxfxbbugxkfsbmqcjlbmjeaqyg/Build/Intermediates.noindex/Firebase.build/Debug-iphonesimulator/FirebaseFirestoreInternalWrapper.build/Objects-normal/arm64/dummy.d --serialize-diagnostics /Users/fukushimatakumi/Library/Developer/Xcode/DerivedData/SugarBeat-hgoxfxbbugxkfsbmqcjlbmjeaqyg/Build/Intermediates.noindex/Firebase.build/Debug-iphonesimulator/FirebaseFirestoreInternalWrapper.build/Objects-normal/arm64/dummy.dia -c /Users/fukushimatakumi/Library/Developer/Xcode/DerivedData/SugarBeat-hgoxfxbbugxkfsbmqcjlbmjeaqyg/SourcePackages/checkouts/firebase-ios-sdk/FirebaseFirestoreInternal/dummy.m -o /Users/fukushimatakumi/Library/Developer/Xcode/DerivedData/SugarBeat-hgoxfxbbugxkfsbmqcjlbmjeaqyg/Build/Intermediates.noindex/Firebase.build/Debug-iphonesimulator/FirebaseFirestoreInternalWrapper.build/Objects-normal/arm64/dummy.o -index-unit-output-path /Firebase.build/Debug-iphonesimulator/FirebaseFirestoreInternalWrapper.build/Objects-normal/arm64/dummy.o

RegisterExecutionPolicyException /Users/fukushimatakumi/Library/Developer/Xcode/DerivedData/SugarBeat-hgoxfxbbugxkfsbmqcjlbmjeaqyg/Build/Products/Debug-iphonesimulator/FirebaseAuthInterop.o (in target 'FirebaseAuthInterop' from project 'Firebase')
    cd /Users/fukushimatakumi/Library/Developer/Xcode/DerivedData/SugarBeat-hgoxfxbbugxkfsbmqcjlbmjeaqyg/SourcePackages/checkouts/firebase-ios-sdk
    builtin-RegisterExecutionPolicyException /Users/fukushimatakumi/Library/Developer/Xcode/DerivedData/SugarBeat-hgoxfxbbugxkfsbmqcjlbmjeaqyg/Build/Products/Debug-iphonesimulator/FirebaseAuthInterop.o

RegisterExecutionPolicyException /Users/fukushimatakumi/Library/Developer/Xcode/DerivedData/SugarBeat-hgoxfxbbugxkfsbmqcjlbmjeaqyg/Build/Products/Debug-iphonesimulator/FirebaseAppCheckInterop.o (in target 'FirebaseAppCheckInterop' from project 'Firebase')
    cd /Users/fukushimatakumi/Library/Developer/Xcode/DerivedData/SugarBeat-hgoxfxbbugxkfsbmqcjlbmjeaqyg/SourcePackages/checkouts/firebase-ios-sdk
    builtin-RegisterExecutionPolicyException /Users/fukushimatakumi/Library/Developer/Xcode/DerivedData/SugarBeat-hgoxfxbbugxkfsbmqcjlbmjeaqyg/Build/Products/Debug-iphonesimulator/FirebaseAppCheckInterop.o

CompileC /Users/fukushimatakumi/Library/Developer/Xcode/DerivedData/SugarBeat-hgoxfxbbugxkfsbmqcjlbmjeaqyg/Build/Intermediates.noindex/Firebase.build/Debug-iphonesimulator/FirebaseFirestoreInternalWrapper.build/Objects-normal/arm64/dummy.o /Users/fukushimatakumi/Library/Developer/Xcode/DerivedData/SugarBeat-hgoxfxbbugxkfsbmqcjlbmjeaqyg/SourcePackages/checkouts/firebase-ios-sdk/FirebaseFirestoreInternal/dummy.m normal arm64 objective-c com.apple.compilers.llvm.clang.1_0.compiler (in target 'FirebaseFirestoreInternalWrapper' from project 'Firebase')
    cd /Users/fukushimatakumi/develop/sugarbeat/sugarbeat-front
    
    Using response file: /Users/fukushimatakumi/Library/Developer/Xcode/DerivedData/SugarBeat-hgoxfxbbugxkfsbmqcjlbmjeaqyg/Build/Intermediates.noindex/Firebase.build/Debug-iphonesimulator/FirebaseFirestoreInternalWrapper.build/Objects-normal/arm64/e6072d4f65d7061329687fe24e3d63a7-common-args.resp
    
    /Applications/Xcode.app/Contents/Developer/Toolchains/XcodeDefault.xctoolchain/usr/bin/clang -x objective-c -ivfsstatcache /Users/fukushimatakumi/Library/Developer/Xcode/DerivedData/SDKStatCaches.noindex/iphonesimulator18.4-22E235-71825a6d136aa4733edcbe86ece5525b.sdkstatcache -fmessage-length\=0 -fdiagnostics-show-note-include-stack -fmacro-backtrace-limit\=0 -fno-color-diagnostics -fmodules-prune-interval\=86400 -fmodules-prune-after\=345600 -fbuild-session-file\=/Users/fukushimatakumi/Library/Developer/Xcode/DerivedData/ModuleCache.noindex/Session.modulevalidation -fmodules-validate-once-per-build-session -Wnon-modular-include-in-framework-module -Werror\=non-modular-include-in-framework-module -Wno-trigraphs -Wno-missing-field-initializers -Wno-missing-prototypes -Wno-return-type -Wno-implicit-atomic-properties -Wno-objc-interface-ivars -Wno-arc-repeated-use-of-weak -Wno-missing-braces -Wparentheses -Wswitch -Wno-unused-function -Wno-unused-label -Wno-unused-parameter -Wno-unused-variable -Wunused-value -Wno-empty-body -Wno-uninitialized -Wno-unknown-pragmas -w -Wno-shadow -Wno-four-char-constants -Wno-conversion -Wno-constant-conversion -Wno-int-conversion -Wno-bool-conversion -Wno-enum-conversion -Wno-float-conversion -Wno-non-literal-null-conversion -Wno-objc-literal-conversion -Wshorten-64-to-32 -Wpointer-sign -Wno-newline-eof -Wno-selector -Wno-strict-selector-match -Wno-undeclared-selector -Wno-deprecated-implementations -Wno-implicit-fallthrough -fstrict-aliasing -Wprotocol -Wdeprecated-declarations -Wno-sign-conversion -Wno-infinite-recursion -Wno-comma -Wno-block-capture-autoreleasing -Wno-strict-prototypes -Wno-semicolon-before-method-body -index-store-path /Users/fukushimatakumi/Library/Developer/Xcode/DerivedData/SugarBeat-hgoxfxbbugxkfsbmqcjlbmjeaqyg/Index.noindex/DataStore @/Users/fukushimatakumi/Library/Developer/Xcode/DerivedData/SugarBeat-hgoxfxbbugxkfsbmqcjlbmjeaqyg/Build/Intermediates.noindex/Firebase.build/Debug-iphonesimulator/FirebaseFirestoreInternalWrapper.build/Objects-normal/arm64/e6072d4f65d7061329687fe24e3d63a7-common-args.resp -MMD -MT dependencies -MF /Users/fukushimatakumi/Library/Developer/Xcode/DerivedData/SugarBeat-hgoxfxbbugxkfsbmqcjlbmjeaqyg/Build/Intermediates.noindex/Firebase.build/Debug-iphonesimulator/FirebaseFirestoreInternalWrapper.build/Objects-normal/arm64/dummy.d --serialize-diagnostics /Users/fukushimatakumi/Library/Developer/Xcode/DerivedData/SugarBeat-hgoxfxbbugxkfsbmqcjlbmjeaqyg/Build/Intermediates.noindex/Firebase.build/Debug-iphonesimulator/FirebaseFirestoreInternalWrapper.build/Objects-normal/arm64/dummy.dia -c /Users/fukushimatakumi/Library/Developer/Xcode/DerivedData/SugarBeat-hgoxfxbbugxkfsbmqcjlbmjeaqyg/SourcePackages/checkouts/firebase-ios-sdk/FirebaseFirestoreInternal/dummy.m -o /Users/fukushimatakumi/Library/Developer/Xcode/DerivedData/SugarBeat-hgoxfxbbugxkfsbmqcjlbmjeaqyg/Build/Intermediates.noindex/Firebase.build/Debug-iphonesimulator/FirebaseFirestoreInternalWrapper.build/Objects-normal/arm64/dummy.o -index-unit-output-path /Firebase.build/Debug-iphonesimulator/FirebaseFirestoreInternalWrapper.build/Objects-normal/arm64/dummy.o

RegisterExecutionPolicyException /Users/fukushimatakumi/Library/Developer/Xcode/DerivedData/SugarBeat-hgoxfxbbugxkfsbmqcjlbmjeaqyg/Build/Products/Debug-iphonesimulator/Firebase.o (in target 'Firebase' from project 'Firebase')
    cd /Users/fukushimatakumi/Library/Developer/Xcode/DerivedData/SugarBeat-hgoxfxbbugxkfsbmqcjlbmjeaqyg/SourcePackages/checkouts/firebase-ios-sdk
    builtin-RegisterExecutionPolicyException /Users/fukushimatakumi/Library/Developer/Xcode/DerivedData/SugarBeat-hgoxfxbbugxkfsbmqcjlbmjeaqyg/Build/Products/Debug-iphonesimulator/Firebase.o

SwiftDriver FirebaseStorage normal arm64 com.apple.xcode.tools.swift.compiler (in target 'FirebaseStorage' from project 'Firebase')
    cd /Users/fukushimatakumi/develop/sugarbeat/sugarbeat-front
    builtin-SwiftDriver -- /Applications/Xcode.app/Contents/Developer/Toolchains/XcodeDefault.xctoolchain/usr/bin/swiftc -module-name FirebaseStorage -Onone -enforce-exclusivity\=checked @/Users/fukushimatakumi/Library/Developer/Xcode/DerivedData/SugarBeat-hgoxfxbbugxkfsbmqcjlbmjeaqyg/Build/Intermediates.noindex/Firebase.build/Debug-iphonesimulator/FirebaseStorage.build/Objects-normal/arm64/FirebaseStorage.SwiftFileList -DSWIFT_PACKAGE -DDEBUG -Xcc -fmodule-map-file\=/Users/fukushimatakumi/Library/Developer/Xcode/DerivedData/SugarBeat-hgoxfxbbugxkfsbmqcjlbmjeaqyg/Build/Intermediates.noindex/GeneratedModuleMaps-iphonesimulator/GoogleUtilities-NSData.modulemap -Xcc -fmodule-map-file\=/Users/fukushimatakumi/Library/Developer/Xcode/DerivedData/SugarBeat-hgoxfxbbugxkfsbmqcjlbmjeaqyg/Build/Intermediates.noindex/GeneratedModuleMaps-iphonesimulator/GoogleUtilities-Environment.modulemap -Xcc -fmodule-map-file\=/Users/fukushimatakumi/Library/Developer/Xcode/DerivedData/SugarBeat-hgoxfxbbugxkfsbmqcjlbmjeaqyg/Build/Intermediates.noindex/GeneratedModuleMaps-iphonesimulator/third-party-IsAppEncrypted.modulemap -Xcc -fmodule-map-file\=/Users/fukushimatakumi/Library/Developer/Xcode/DerivedData/SugarBeat-hgoxfxbbugxkfsbmqcjlbmjeaqyg/Build/Intermediates.noindex/GeneratedModuleMaps-iphonesimulator/GoogleUtilities-Logger.modulemap -Xcc -fmodule-map-file\=/Users/fukushimatakumi/Library/Developer/Xcode/DerivedData/SugarBeat-hgoxfxbbugxkfsbmqcjlbmjeaqyg/Build/Intermediates.noindex/GeneratedModuleMaps-iphonesimulator/GTMSessionFetcherCore.modulemap -Xcc -fmodule-map-file\=/Users/fukushimatakumi/Library/Developer/Xcode/DerivedData/SugarBeat-hgoxfxbbugxkfsbmqcjlbmjeaqyg/Build/Intermediates.noindex/GeneratedModuleMaps-iphonesimulator/FirebaseCoreExtension.modulemap -Xcc -fmodule-map-file\=/Users/fukushimatakumi/Library/Developer/Xcode/DerivedData/SugarBeat-hgoxfxbbugxkfsbmqcjlbmjeaqyg/Build/Intermediates.noindex/GeneratedModuleMaps-iphonesimulator/FirebaseCore.modulemap -Xcc -fmodule-map-file\=/Users/fukushimatakumi/Library/Developer/Xcode/DerivedData/SugarBeat-hgoxfxbbugxkfsbmqcjlbmjeaqyg/Build/Intermediates.noindex/GeneratedModuleMaps-iphonesimulator/FirebaseAuthInterop.modulemap -Xcc -fmodule-map-file\=/Users/fukushimatakumi/Library/Developer/Xcode/DerivedData/SugarBeat-hgoxfxbbugxkfsbmqcjlbmjeaqyg/Build/Intermediates.noindex/GeneratedModuleMaps-iphonesimulator/FirebaseAppCheckInterop.modulemap -DXcode -plugin-path /Applications/Xcode.app/Contents/Developer/Toolchains/XcodeDefault.xctoolchain/usr/lib/swift/host/plugins/testing -enable-experimental-feature DebugDescriptionMacro -sdk /Applications/Xcode.app/Contents/Developer/Platforms/iPhoneSimulator.platform/Developer/SDKs/iPhoneSimulator18.4.sdk -target arm64-apple-ios15.0-simulator -g -module-cache-path /Users/fukushimatakumi/Library/Developer/Xcode/DerivedData/ModuleCache.noindex -Xfrontend -serialize-debugging-options -enable-testing -suppress-warnings -index-store-path /Users/fukushimatakumi/Library/Developer/Xcode/DerivedData/SugarBeat-hgoxfxbbugxkfsbmqcjlbmjeaqyg/Index.noindex/DataStore -swift-version 5 -I /Users/fukushimatakumi/Library/Developer/Xcode/DerivedData/SugarBeat-hgoxfxbbugxkfsbmqcjlbmjeaqyg/Build/Products/Debug-iphonesimulator -I /Applications/Xcode.app/Contents/Developer/Platforms/iPhoneSimulator.platform/Developer/usr/lib -F /Users/fukushimatakumi/Library/Developer/Xcode/DerivedData/SugarBeat-hgoxfxbbugxkfsbmqcjlbmjeaqyg/Build/Products/Debug-iphonesimulator/PackageFrameworks -F /Users/fukushimatakumi/Library/Developer/Xcode/DerivedData/SugarBeat-hgoxfxbbugxkfsbmqcjlbmjeaqyg/Build/Products/Debug-iphonesimulator/PackageFrameworks -F /Users/fukushimatakumi/Library/Developer/Xcode/DerivedData/SugarBeat-hgoxfxbbugxkfsbmqcjlbmjeaqyg/Build/Products/Debug-iphonesimulator/PackageFrameworks -F /Users/fukushimatakumi/Library/Developer/Xcode/DerivedData/SugarBeat-hgoxfxbbugxkfsbmqcjlbmjeaqyg/Build/Products/Debug-iphonesimulator/PackageFrameworks -F /Users/fukushimatakumi/Library/Developer/Xcode/DerivedData/SugarBeat-hgoxfxbbugxkfsbmqcjlbmjeaqyg/Build/Products/Debug-iphonesimulator/PackageFrameworks -F /Users/fukushimatakumi/Library/Developer/Xcode/DerivedData/SugarBeat-hgoxfxbbugxkfsbmqcjlbmjeaqyg/Build/Products/Debug-iphonesimulator/PackageFrameworks -F /Users/fukushimatakumi/Library/Developer/Xcode/DerivedData/SugarBeat-hgoxfxbbugxkfsbmqcjlbmjeaqyg/Build/Products/Debug-iphonesimulator/PackageFrameworks -F /Users/fukushimatakumi/Library/Developer/Xcode/DerivedData/SugarBeat-hgoxfxbbugxkfsbmqcjlbmjeaqyg/Build/Products/Debug-iphonesimulator/PackageFrameworks -F /Users/fukushimatakumi/Library/Developer/Xcode/DerivedData/SugarBeat-hgoxfxbbugxkfsbmqcjlbmjeaqyg/Build/Products/Debug-iphonesimulator/PackageFrameworks -F /Users/fukushimatakumi/Library/Developer/Xcode/DerivedData/SugarBeat-hgoxfxbbugxkfsbmqcjlbmjeaqyg/Build/Products/Debug-iphonesimulator/PackageFrameworks -F /Users/fukushimatakumi/Library/Developer/Xcode/DerivedData/SugarBeat-hgoxfxbbugxkfsbmqcjlbmjeaqyg/Build/Products/Debug-iphonesimulator/PackageFrameworks -F /Users/fukushimatakumi/Library/Developer/Xcode/DerivedData/SugarBeat-hgoxfxbbugxkfsbmqcjlbmjeaqyg/Build/Products/Debug-iphonesimulator -F /Applications/Xcode.app/Contents/Developer/Platforms/iPhoneSimulator.platform/Developer/Library/Frameworks -F /Applications/Xcode.app/Contents/Developer/Platforms/iPhoneSimulator.platform/Developer/SDKs/iPhoneSimulator18.4.sdk/Developer/Library/Frameworks -c -j10 -enable-batch-mode -incremental -Xcc -ivfsstatcache -Xcc /Users/fukushimatakumi/Library/Developer/Xcode/DerivedData/SDKStatCaches.noindex/iphonesimulator18.4-22E235-71825a6d136aa4733edcbe86ece5525b.sdkstatcache -output-file-map /Users/fukushimatakumi/Library/Developer/Xcode/DerivedData/SugarBeat-hgoxfxbbugxkfsbmqcjlbmjeaqyg/Build/Intermediates.noindex/Firebase.build/Debug-iphonesimulator/FirebaseStorage.build/Objects-normal/arm64/FirebaseStorage-OutputFileMap.json -use-frontend-parseable-output -save-temps -no-color-diagnostics -serialize-diagnostics -emit-dependencies -emit-module -emit-module-path /Users/fukushimatakumi/Library/Developer/Xcode/DerivedData/SugarBeat-hgoxfxbbugxkfsbmqcjlbmjeaqyg/Build/Intermediates.noindex/Firebase.build/Debug-iphonesimulator/FirebaseStorage.build/Objects-normal/arm64/FirebaseStorage.swiftmodule -user-module-version 12.7.0 -validate-clang-modules-once -clang-build-session-file /Users/fukushimatakumi/Library/Developer/Xcode/DerivedData/ModuleCache.noindex/Session.modulevalidation -package-name firebase_ios_sdk -Xcc -I/Users/fukushimatakumi/Library/Developer/Xcode/DerivedData/SugarBeat-hgoxfxbbugxkfsbmqcjlbmjeaqyg/Build/Intermediates.noindex/Firebase.build/Debug-iphonesimulator/FirebaseStorage.build/swift-overrides.hmap -emit-const-values -Xfrontend -const-gather-protocols-file -Xfrontend /Users/fukushimatakumi/Library/Developer/Xcode/DerivedData/SugarBeat-hgoxfxbbugxkfsbmqcjlbmjeaqyg/Build/Intermediates.noindex/Firebase.build/Debug-iphonesimulator/FirebaseStorage.build/Objects-normal/arm64/FirebaseStorage_const_extract_protocols.json -Xcc -I/Users/fukushimatakumi/Library/Developer/Xcode/DerivedData/SugarBeat-hgoxfxbbugxkfsbmqcjlbmjeaqyg/SourcePackages/checkouts/GoogleUtilities/GoogleUtilities/NSData+zlib/Public -Xcc -I/Users/fukushimatakumi/Library/Developer/Xcode/DerivedData/SugarBeat-hgoxfxbbugxkfsbmqcjlbmjeaqyg/SourcePackages/checkouts/GoogleUtilities/GoogleUtilities/Environment/Public -Xcc -I/Users/fukushimatakumi/Library/Developer/Xcode/DerivedData/SugarBeat-hgoxfxbbugxkfsbmqcjlbmjeaqyg/SourcePackages/checkouts/GoogleUtilities/third_party/IsAppEncrypted/Public -Xcc -I/Users/fukushimatakumi/Library/Developer/Xcode/DerivedData/SugarBeat-hgoxfxbbugxkfsbmqcjlbmjeaqyg/SourcePackages/checkouts/GoogleUtilities/GoogleUtilities/Logger/Public -Xcc -I/Users/fukushimatakumi/Library/Developer/Xcode/DerivedData/SugarBeat-hgoxfxbbugxkfsbmqcjlbmjeaqyg/SourcePackages/checkouts/gtm-session-fetcher/Sources/Core/Public -Xcc -I/Users/fukushimatakumi/Library/Developer/Xcode/DerivedData/SugarBeat-hgoxfxbbugxkfsbmqcjlbmjeaqyg/SourcePackages/checkouts/firebase-ios-sdk/FirebaseCore/Extension -Xcc -I/Users/fukushimatakumi/Library/Developer/Xcode/DerivedData/SugarBeat-hgoxfxbbugxkfsbmqcjlbmjeaqyg/SourcePackages/checkouts/firebase-ios-sdk/FirebaseCore/Sources/Public -Xcc -I/Users/fukushimatakumi/Library/Developer/Xcode/DerivedData/SugarBeat-hgoxfxbbugxkfsbmqcjlbmjeaqyg/SourcePackages/checkouts/firebase-ios-sdk/CoreOnly/Sources -Xcc -I/Users/fukushimatakumi/Library/Developer/Xcode/DerivedData/SugarBeat-hgoxfxbbugxkfsbmqcjlbmjeaqyg/SourcePackages/checkouts/firebase-ios-sdk/FirebaseAuth/Interop/Public -Xcc -I/Users/fukushimatakumi/Library/Developer/Xcode/DerivedData/SugarBeat-hgoxfxbbugxkfsbmqcjlbmjeaqyg/SourcePackages/checkouts/firebase-ios-sdk/FirebaseAppCheck/Interop/Public -Xcc -I/Users/fukushimatakumi/Library/Developer/Xcode/DerivedData/SugarBeat-hgoxfxbbugxkfsbmqcjlbmjeaqyg/Build/Products/Debug-iphonesimulator/include -Xcc -I/Users/fukushimatakumi/Library/Developer/Xcode/DerivedData/SugarBeat-hgoxfxbbugxkfsbmqcjlbmjeaqyg/Build/Intermediates.noindex/Firebase.build/Debug-iphonesimulator/FirebaseStorage.build/DerivedSources-normal/arm64 -Xcc -I/Users/fukushimatakumi/Library/Developer/Xcode/DerivedData/SugarBeat-hgoxfxbbugxkfsbmqcjlbmjeaqyg/Build/Intermediates.noindex/Firebase.build/Debug-iphonesimulator/FirebaseStorage.build/DerivedSources/arm64 -Xcc -I/Users/fukushimatakumi/Library/Developer/Xcode/DerivedData/SugarBeat-hgoxfxbbugxkfsbmqcjlbmjeaqyg/Build/Intermediates.noindex/Firebase.build/Debug-iphonesimulator/FirebaseStorage.build/DerivedSources -Xcc -DSWIFT_PACKAGE -Xcc -DDEBUG\=1 -emit-objc-header -emit-objc-header-path /Users/fukushimatakumi/Library/Developer/Xcode/DerivedData/SugarBeat-hgoxfxbbugxkfsbmqcjlbmjeaqyg/Build/Intermediates.noindex/Firebase.build/Debug-iphonesimulator/FirebaseStorage.build/Objects-normal/arm64/FirebaseStorage-Swift.h -working-directory /Users/fukushimatakumi/develop/sugarbeat/sugarbeat-front -experimental-emit-module-separately -disable-cmo

SwiftDriver FirebaseAuth normal arm64 com.apple.xcode.tools.swift.compiler (in target 'FirebaseAuth' from project 'Firebase')
    cd /Users/fukushimatakumi/develop/sugarbeat/sugarbeat-front
    builtin-SwiftDriver -- /Applications/Xcode.app/Contents/Developer/Toolchains/XcodeDefault.xctoolchain/usr/bin/swiftc -module-name FirebaseAuth -Onone -enforce-exclusivity\=checked @/Users/fukushimatakumi/Library/Developer/Xcode/DerivedData/SugarBeat-hgoxfxbbugxkfsbmqcjlbmjeaqyg/Build/Intermediates.noindex/Firebase.build/Debug-iphonesimulator/FirebaseAuth.build/Objects-normal/arm64/FirebaseAuth.SwiftFileList -DSWIFT_PACKAGE -DDEBUG -Xcc -fmodule-map-file\=/Users/fukushimatakumi/Library/Developer/Xcode/DerivedData/SugarBeat-hgoxfxbbugxkfsbmqcjlbmjeaqyg/Build/Intermediates.noindex/GeneratedModuleMaps-iphonesimulator/RecaptchaInterop.modulemap -Xcc -fmodule-map-file\=/Users/fukushimatakumi/Library/Developer/Xcode/DerivedData/SugarBeat-hgoxfxbbugxkfsbmqcjlbmjeaqyg/Build/Intermediates.noindex/GeneratedModuleMaps-iphonesimulator/GoogleUtilities-Network.modulemap -Xcc -fmodule-map-file\=/Users/fukushimatakumi/Library/Developer/Xcode/DerivedData/SugarBeat-hgoxfxbbugxkfsbmqcjlbmjeaqyg/Build/Intermediates.noindex/GeneratedModuleMaps-iphonesimulator/GoogleUtilities-Reachability.modulemap -Xcc -fmodule-map-file\=/Users/fukushimatakumi/Library/Developer/Xcode/DerivedData/SugarBeat-hgoxfxbbugxkfsbmqcjlbmjeaqyg/Build/Intermediates.noindex/GeneratedModuleMaps-iphonesimulator/GoogleUtilities-NSData.modulemap -Xcc -fmodule-map-file\=/Users/fukushimatakumi/Library/Developer/Xcode/DerivedData/SugarBeat-hgoxfxbbugxkfsbmqcjlbmjeaqyg/Build/Intermediates.noindex/GeneratedModuleMaps-iphonesimulator/GoogleUtilities-Logger.modulemap -Xcc -fmodule-map-file\=/Users/fukushimatakumi/Library/Developer/Xcode/DerivedData/SugarBeat-hgoxfxbbugxkfsbmqcjlbmjeaqyg/Build/Intermediates.noindex/GeneratedModuleMaps-iphonesimulator/GoogleUtilities-Environment.modulemap -Xcc -fmodule-map-file\=/Users/fukushimatakumi/Library/Developer/Xcode/DerivedData/SugarBeat-hgoxfxbbugxkfsbmqcjlbmjeaqyg/Build/Intermediates.noindex/GeneratedModuleMaps-iphonesimulator/third-party-IsAppEncrypted.modulemap -Xcc -fmodule-map-file\=/Users/fukushimatakumi/Library/Developer/Xcode/DerivedData/SugarBeat-hgoxfxbbugxkfsbmqcjlbmjeaqyg/Build/Intermediates.noindex/GeneratedModuleMaps-iphonesimulator/GoogleUtilities-AppDelegateSwizzler.modulemap -Xcc -fmodule-map-file\=/Users/fukushimatakumi/Library/Developer/Xcode/DerivedData/SugarBeat-hgoxfxbbugxkfsbmqcjlbmjeaqyg/Build/Intermediates.noindex/GeneratedModuleMaps-iphonesimulator/GTMSessionFetcherCore.modulemap -Xcc -fmodule-map-file\=/Users/fukushimatakumi/Library/Developer/Xcode/DerivedData/SugarBeat-hgoxfxbbugxkfsbmqcjlbmjeaqyg/Build/Intermediates.noindex/GeneratedModuleMaps-iphonesimulator/FirebaseCoreExtension.modulemap -Xcc -fmodule-map-file\=/Users/fukushimatakumi/Library/Developer/Xcode/DerivedData/SugarBeat-hgoxfxbbugxkfsbmqcjlbmjeaqyg/Build/Intermediates.noindex/GeneratedModuleMaps-iphonesimulator/FirebaseCore.modulemap -Xcc -fmodule-map-file\=/Users/fukushimatakumi/Library/Developer/Xcode/DerivedData/SugarBeat-hgoxfxbbugxkfsbmqcjlbmjeaqyg/Build/Intermediates.noindex/GeneratedModuleMaps-iphonesimulator/FirebaseAuthInternal.modulemap -Xcc -fmodule-map-file\=/Users/fukushimatakumi/Library/Developer/Xcode/DerivedData/SugarBeat-hgoxfxbbugxkfsbmqcjlbmjeaqyg/Build/Intermediates.noindex/GeneratedModuleMaps-iphonesimulator/FirebaseAuthInterop.modulemap -Xcc -fmodule-map-file\=/Users/fukushimatakumi/Library/Developer/Xcode/DerivedData/SugarBeat-hgoxfxbbugxkfsbmqcjlbmjeaqyg/Build/Intermediates.noindex/GeneratedModuleMaps-iphonesimulator/FirebaseAppCheckInterop.modulemap -DXcode -plugin-path /Applications/Xcode.app/Contents/Developer/Toolchains/XcodeDefault.xctoolchain/usr/lib/swift/host/plugins/testing -enable-experimental-feature DebugDescriptionMacro -sdk /Applications/Xcode.app/Contents/Developer/Platforms/iPhoneSimulator.platform/Developer/SDKs/iPhoneSimulator18.4.sdk -target arm64-apple-ios15.0-simulator -g -module-cache-path /Users/fukushimatakumi/Library/Developer/Xcode/DerivedData/ModuleCache.noindex -Xfrontend -serialize-debugging-options -enable-testing -suppress-warnings -index-store-path /Users/fukushimatakumi/Library/Developer/Xcode/DerivedData/SugarBeat-hgoxfxbbugxkfsbmqcjlbmjeaqyg/Index.noindex/DataStore -swift-version 5 -I /Users/fukushimatakumi/Library/Developer/Xcode/DerivedData/SugarBeat-hgoxfxbbugxkfsbmqcjlbmjeaqyg/Build/Products/Debug-iphonesimulator -I /Applications/Xcode.app/Contents/Developer/Platforms/iPhoneSimulator.platform/Developer/usr/lib -F /Users/fukushimatakumi/Library/Developer/Xcode/DerivedData/SugarBeat-hgoxfxbbugxkfsbmqcjlbmjeaqyg/Build/Products/Debug-iphonesimulator/PackageFrameworks -F /Users/fukushimatakumi/Library/Developer/Xcode/DerivedData/SugarBeat-hgoxfxbbugxkfsbmqcjlbmjeaqyg/Build/Products/Debug-iphonesimulator/PackageFrameworks -F /Users/fukushimatakumi/Library/Developer/Xcode/DerivedData/SugarBeat-hgoxfxbbugxkfsbmqcjlbmjeaqyg/Build/Products/Debug-iphonesimulator/PackageFrameworks -F /Users/fukushimatakumi/Library/Developer/Xcode/DerivedData/SugarBeat-hgoxfxbbugxkfsbmqcjlbmjeaqyg/Build/Products/Debug-iphonesimulator/PackageFrameworks -F /Users/fukushimatakumi/Library/Developer/Xcode/DerivedData/SugarBeat-hgoxfxbbugxkfsbmqcjlbmjeaqyg/Build/Products/Debug-iphonesimulator/PackageFrameworks -F /Users/fukushimatakumi/Library/Developer/Xcode/DerivedData/SugarBeat-hgoxfxbbugxkfsbmqcjlbmjeaqyg/Build/Products/Debug-iphonesimulator/PackageFrameworks -F /Users/fukushimatakumi/Library/Developer/Xcode/DerivedData/SugarBeat-hgoxfxbbugxkfsbmqcjlbmjeaqyg/Build/Products/Debug-iphonesimulator/PackageFrameworks -F /Users/fukushimatakumi/Library/Developer/Xcode/DerivedData/SugarBeat-hgoxfxbbugxkfsbmqcjlbmjeaqyg/Build/Products/Debug-iphonesimulator/PackageFrameworks -F /Users/fukushimatakumi/Library/Developer/Xcode/DerivedData/SugarBeat-hgoxfxbbugxkfsbmqcjlbmjeaqyg/Build/Products/Debug-iphonesimulator/PackageFrameworks -F /Users/fukushimatakumi/Library/Developer/Xcode/DerivedData/SugarBeat-hgoxfxbbugxkfsbmqcjlbmjeaqyg/Build/Products/Debug-iphonesimulator/PackageFrameworks -F /Users/fukushimatakumi/Library/Developer/Xcode/DerivedData/SugarBeat-hgoxfxbbugxkfsbmqcjlbmjeaqyg/Build/Products/Debug-iphonesimulator/PackageFrameworks -F /Users/fukushimatakumi/Library/Developer/Xcode/DerivedData/SugarBeat-hgoxfxbbugxkfsbmqcjlbmjeaqyg/Build/Products/Debug-iphonesimulator/PackageFrameworks -F /Users/fukushimatakumi/Library/Developer/Xcode/DerivedData/SugarBeat-hgoxfxbbugxkfsbmqcjlbmjeaqyg/Build/Products/Debug-iphonesimulator/PackageFrameworks -F /Users/fukushimatakumi/Library/Developer/Xcode/DerivedData/SugarBeat-hgoxfxbbugxkfsbmqcjlbmjeaqyg/Build/Products/Debug-iphonesimulator/PackageFrameworks -F /Users/fukushimatakumi/Library/Developer/Xcode/DerivedData/SugarBeat-hgoxfxbbugxkfsbmqcjlbmjeaqyg/Build/Products/Debug-iphonesimulator/PackageFrameworks -F /Users/fukushimatakumi/Library/Developer/Xcode/DerivedData/SugarBeat-hgoxfxbbugxkfsbmqcjlbmjeaqyg/Build/Products/Debug-iphonesimulator/PackageFrameworks -F /Users/fukushimatakumi/Library/Developer/Xcode/DerivedData/SugarBeat-hgoxfxbbugxkfsbmqcjlbmjeaqyg/Build/Products/Debug-iphonesimulator -F /Applications/Xcode.app/Contents/Developer/Platforms/iPhoneSimulator.platform/Developer/Library/Frameworks -F /Applications/Xcode.app/Contents/Developer/Platforms/iPhoneSimulator.platform/Developer/SDKs/iPhoneSimulator18.4.sdk/Developer/Library/Frameworks -c -j10 -enable-batch-mode -incremental -Xcc -ivfsstatcache -Xcc /Users/fukushimatakumi/Library/Developer/Xcode/DerivedData/SDKStatCaches.noindex/iphonesimulator18.4-22E235-71825a6d136aa4733edcbe86ece5525b.sdkstatcache -output-file-map /Users/fukushimatakumi/Library/Developer/Xcode/DerivedData/SugarBeat-hgoxfxbbugxkfsbmqcjlbmjeaqyg/Build/Intermediates.noindex/Firebase.build/Debug-iphonesimulator/FirebaseAuth.build/Objects-normal/arm64/FirebaseAuth-OutputFileMap.json -use-frontend-parseable-output -save-temps -no-color-diagnostics -serialize-diagnostics -emit-dependencies -emit-module -emit-module-path /Users/fukushimatakumi/Library/Developer/Xcode/DerivedData/SugarBeat-hgoxfxbbugxkfsbmqcjlbmjeaqyg/Build/Intermediates.noindex/Firebase.build/Debug-iphonesimulator/FirebaseAuth.build/Objects-normal/arm64/FirebaseAuth.swiftmodule -user-module-version 12.7.0 -validate-clang-modules-once -clang-build-session-file /Users/fukushimatakumi/Library/Developer/Xcode/DerivedData/ModuleCache.noindex/Session.modulevalidation -package-name firebase_ios_sdk -Xcc -I/Users/fukushimatakumi/Library/Developer/Xcode/DerivedData/SugarBeat-hgoxfxbbugxkfsbmqcjlbmjeaqyg/Build/Intermediates.noindex/Firebase.build/Debug-iphonesimulator/FirebaseAuth.build/swift-overrides.hmap -emit-const-values -Xfrontend -const-gather-protocols-file -Xfrontend /Users/fukushimatakumi/Library/Developer/Xcode/DerivedData/SugarBeat-hgoxfxbbugxkfsbmqcjlbmjeaqyg/Build/Intermediates.noindex/Firebase.build/Debug-iphonesimulator/FirebaseAuth.build/Objects-normal/arm64/FirebaseAuth_const_extract_protocols.json -Xcc -I/Users/fukushimatakumi/Library/Developer/Xcode/DerivedData/SugarBeat-hgoxfxbbugxkfsbmqcjlbmjeaqyg/SourcePackages/checkouts/interop-ios-for-google-sdks/RecaptchaEnterprise/RecaptchaInterop/Public -Xcc -I/Users/fukushimatakumi/Library/Developer/Xcode/DerivedData/SugarBeat-hgoxfxbbugxkfsbmqcjlbmjeaqyg/SourcePackages/checkouts/GoogleUtilities/GoogleUtilities/Network/Public -Xcc -I/Users/fukushimatakumi/Library/Developer/Xcode/DerivedData/SugarBeat-hgoxfxbbugxkfsbmqcjlbmjeaqyg/SourcePackages/checkouts/GoogleUtilities/GoogleUtilities/Reachability/Public -Xcc -I/Users/fukushimatakumi/Library/Developer/Xcode/DerivedData/SugarBeat-hgoxfxbbugxkfsbmqcjlbmjeaqyg/SourcePackages/checkouts/GoogleUtilities/GoogleUtilities/NSData+zlib/Public -Xcc -I/Users/fukushimatakumi/Library/Developer/Xcode/DerivedData/SugarBeat-hgoxfxbbugxkfsbmqcjlbmjeaqyg/SourcePackages/checkouts/GoogleUtilities/GoogleUtilities/Logger/Public -Xcc -I/Users/fukushimatakumi/Library/Developer/Xcode/DerivedData/SugarBeat-hgoxfxbbugxkfsbmqcjlbmjeaqyg/SourcePackages/checkouts/GoogleUtilities/GoogleUtilities/Environment/Public -Xcc -I/Users/fukushimatakumi/Library/Developer/Xcode/DerivedData/SugarBeat-hgoxfxbbugxkfsbmqcjlbmjeaqyg/SourcePackages/checkouts/GoogleUtilities/third_party/IsAppEncrypted/Public -Xcc -I/Users/fukushimatakumi/Library/Developer/Xcode/DerivedData/SugarBeat-hgoxfxbbugxkfsbmqcjlbmjeaqyg/SourcePackages/checkouts/GoogleUtilities/GoogleUtilities/AppDelegateSwizzler/Public -Xcc -I/Users/fukushimatakumi/Library/Developer/Xcode/DerivedData/SugarBeat-hgoxfxbbugxkfsbmqcjlbmjeaqyg/SourcePackages/checkouts/gtm-session-fetcher/Sources/Core/Public -Xcc -I/Users/fukushimatakumi/Library/Developer/Xcode/DerivedData/SugarBeat-hgoxfxbbugxkfsbmqcjlbmjeaqyg/SourcePackages/checkouts/firebase-ios-sdk/FirebaseCore/Extension -Xcc -I/Users/fukushimatakumi/Library/Developer/Xcode/DerivedData/SugarBeat-hgoxfxbbugxkfsbmqcjlbmjeaqyg/SourcePackages/checkouts/firebase-ios-sdk/FirebaseCore/Sources/Public -Xcc -I/Users/fukushimatakumi/Library/Developer/Xcode/DerivedData/SugarBeat-hgoxfxbbugxkfsbmqcjlbmjeaqyg/SourcePackages/checkouts/firebase-ios-sdk/CoreOnly/Sources -Xcc -I/Users/fukushimatakumi/Library/Developer/Xcode/DerivedData/SugarBeat-hgoxfxbbugxkfsbmqcjlbmjeaqyg/SourcePackages/checkouts/firebase-ios-sdk/FirebaseAuth/Sources/Public -Xcc -I/Users/fukushimatakumi/Library/Developer/Xcode/DerivedData/SugarBeat-hgoxfxbbugxkfsbmqcjlbmjeaqyg/SourcePackages/checkouts/firebase-ios-sdk/FirebaseAuth/Interop/Public -Xcc -I/Users/fukushimatakumi/Library/Developer/Xcode/DerivedData/SugarBeat-hgoxfxbbugxkfsbmqcjlbmjeaqyg/SourcePackages/checkouts/firebase-ios-sdk/FirebaseAppCheck/Interop/Public -Xcc -I/Users/fukushimatakumi/Library/Developer/Xcode/DerivedData/SugarBeat-hgoxfxbbugxkfsbmqcjlbmjeaqyg/Build/Products/Debug-iphonesimulator/include -Xcc -I/Users/fukushimatakumi/Library/Developer/Xcode/DerivedData/SugarBeat-hgoxfxbbugxkfsbmqcjlbmjeaqyg/Build/Intermediates.noindex/Firebase.build/Debug-iphonesimulator/FirebaseAuth.build/DerivedSources-normal/arm64 -Xcc -I/Users/fukushimatakumi/Library/Developer/Xcode/DerivedData/SugarBeat-hgoxfxbbugxkfsbmqcjlbmjeaqyg/Build/Intermediates.noindex/Firebase.build/Debug-iphonesimulator/FirebaseAuth.build/DerivedSources/arm64 -Xcc -I/Users/fukushimatakumi/Library/Developer/Xcode/DerivedData/SugarBeat-hgoxfxbbugxkfsbmqcjlbmjeaqyg/Build/Intermediates.noindex/Firebase.build/Debug-iphonesimulator/FirebaseAuth.build/DerivedSources -Xcc -DSWIFT_PACKAGE -Xcc -DDEBUG\=1 -emit-objc-header -emit-objc-header-path /Users/fukushimatakumi/Library/Developer/Xcode/DerivedData/SugarBeat-hgoxfxbbugxkfsbmqcjlbmjeaqyg/Build/Intermediates.noindex/Firebase.build/Debug-iphonesimulator/FirebaseAuth.build/Objects-normal/arm64/FirebaseAuth-Swift.h -working-directory /Users/fukushimatakumi/develop/sugarbeat/sugarbeat-front -experimental-emit-module-separately -disable-cmo

Touch /Users/fukushimatakumi/Library/Developer/Xcode/DerivedData/SugarBeat-hgoxfxbbugxkfsbmqcjlbmjeaqyg/Build/Products/Debug-iphonesimulator/GoogleUtilities_GoogleUtilities-Logger.bundle (in target 'GoogleUtilities_GoogleUtilities-Logger' from project 'GoogleUtilities')
    cd /Users/fukushimatakumi/Library/Developer/Xcode/DerivedData/SugarBeat-hgoxfxbbugxkfsbmqcjlbmjeaqyg/SourcePackages/checkouts/GoogleUtilities
    /usr/bin/touch -c /Users/fukushimatakumi/Library/Developer/Xcode/DerivedData/SugarBeat-hgoxfxbbugxkfsbmqcjlbmjeaqyg/Build/Products/Debug-iphonesimulator/GoogleUtilities_GoogleUtilities-Logger.bundle

RegisterExecutionPolicyException /Users/fukushimatakumi/Library/Developer/Xcode/DerivedData/SugarBeat-hgoxfxbbugxkfsbmqcjlbmjeaqyg/Build/Products/Debug-iphonesimulator/GoogleSignIn_GoogleSignIn.bundle (in target 'GoogleSignIn_GoogleSignIn' from project 'GoogleSignIn')
    cd /Users/fukushimatakumi/Library/Developer/Xcode/DerivedData/SugarBeat-hgoxfxbbugxkfsbmqcjlbmjeaqyg/SourcePackages/checkouts/GoogleSignIn-iOS
    builtin-RegisterExecutionPolicyException /Users/fukushimatakumi/Library/Developer/Xcode/DerivedData/SugarBeat-hgoxfxbbugxkfsbmqcjlbmjeaqyg/Build/Products/Debug-iphonesimulator/GoogleSignIn_GoogleSignIn.bundle

RegisterExecutionPolicyException /Users/fukushimatakumi/Library/Developer/Xcode/DerivedData/SugarBeat-hgoxfxbbugxkfsbmqcjlbmjeaqyg/Build/Products/Debug-iphonesimulator/GTMSessionFetcher_GTMSessionFetcherCore.bundle (in target 'GTMSessionFetcher_GTMSessionFetcherCore' from project 'GTMSessionFetcher')
    cd /Users/fukushimatakumi/Library/Developer/Xcode/DerivedData/SugarBeat-hgoxfxbbugxkfsbmqcjlbmjeaqyg/SourcePackages/checkouts/gtm-session-fetcher
    builtin-RegisterExecutionPolicyException /Users/fukushimatakumi/Library/Developer/Xcode/DerivedData/SugarBeat-hgoxfxbbugxkfsbmqcjlbmjeaqyg/Build/Products/Debug-iphonesimulator/GTMSessionFetcher_GTMSessionFetcherCore.bundle

Ld /Users/fukushimatakumi/Library/Developer/Xcode/DerivedData/SugarBeat-hgoxfxbbugxkfsbmqcjlbmjeaqyg/Build/Products/Debug-iphonesimulator/opensslWrapper.o normal (in target 'opensslWrapper' from project 'gRPC')
    cd /Users/fukushimatakumi/Library/Developer/Xcode/DerivedData/SugarBeat-hgoxfxbbugxkfsbmqcjlbmjeaqyg/SourcePackages/checkouts/grpc-binary
    /Applications/Xcode.app/Contents/Developer/Toolchains/XcodeDefault.xctoolchain/usr/bin/clang -Xlinker -reproducible -target arm64-apple-ios12.0-simulator -r -isysroot /Applications/Xcode.app/Contents/Developer/Platforms/iPhoneSimulator.platform/Developer/SDKs/iPhoneSimulator18.4.sdk -O0 -w -L/Users/fukushimatakumi/Library/Developer/Xcode/DerivedData/SugarBeat-hgoxfxbbugxkfsbmqcjlbmjeaqyg/Build/Intermediates.noindex/EagerLinkingTBDs/Debug-iphonesimulator -L/Users/fukushimatakumi/Library/Developer/Xcode/DerivedData/SugarBeat-hgoxfxbbugxkfsbmqcjlbmjeaqyg/Build/Products/Debug-iphonesimulator -L/Applications/Xcode.app/Contents/Developer/Platforms/iPhoneSimulator.platform/Developer/usr/lib -F/Users/fukushimatakumi/Library/Developer/Xcode/DerivedData/SugarBeat-hgoxfxbbugxkfsbmqcjlbmjeaqyg/Build/Intermediates.noindex/EagerLinkingTBDs/Debug-iphonesimulator -F/Users/fukushimatakumi/Library/Developer/Xcode/DerivedData/SugarBeat-hgoxfxbbugxkfsbmqcjlbmjeaqyg/Build/Products/Debug-iphonesimulator -iframework /Applications/Xcode.app/Contents/Developer/Platforms/iPhoneSimulator.platform/Developer/Library/Frameworks -iframework /Applications/Xcode.app/Contents/Developer/Platforms/iPhoneSimulator.platform/Developer/SDKs/iPhoneSimulator18.4.sdk/Developer/Library/Frameworks -filelist /Users/fukushimatakumi/Library/Developer/Xcode/DerivedData/SugarBeat-hgoxfxbbugxkfsbmqcjlbmjeaqyg/Build/Intermediates.noindex/gRPC.build/Debug-iphonesimulator/opensslWrapper.build/Objects-normal/arm64/opensslWrapper.LinkFileList -nostdlib -Xlinker -object_path_lto -Xlinker /Users/fukushimatakumi/Library/Developer/Xcode/DerivedData/SugarBeat-hgoxfxbbugxkfsbmqcjlbmjeaqyg/Build/Intermediates.noindex/gRPC.build/Debug-iphonesimulator/opensslWrapper.build/Objects-normal/arm64/opensslWrapper_lto.o -rdynamic -Xlinker -no_deduplicate -Xlinker -objc_abi_version -Xlinker 2 -Xlinker -dependency_info -Xlinker /Users/fukushimatakumi/Library/Developer/Xcode/DerivedData/SugarBeat-hgoxfxbbugxkfsbmqcjlbmjeaqyg/Build/Intermediates.noindex/gRPC.build/Debug-iphonesimulator/opensslWrapper.build/Objects-normal/arm64/opensslWrapper_dependency_info.dat -fobjc-arc -fobjc-link-runtime -o /Users/fukushimatakumi/Library/Developer/Xcode/DerivedData/SugarBeat-hgoxfxbbugxkfsbmqcjlbmjeaqyg/Build/Products/Debug-iphonesimulator/opensslWrapper.o

Ld /Users/fukushimatakumi/Library/Developer/Xcode/DerivedData/SugarBeat-hgoxfxbbugxkfsbmqcjlbmjeaqyg/Build/Products/Debug-iphonesimulator/nanopb.o normal (in target 'nanopb' from project 'nanopb')
    cd /Users/fukushimatakumi/Library/Developer/Xcode/DerivedData/SugarBeat-hgoxfxbbugxkfsbmqcjlbmjeaqyg/SourcePackages/checkouts/nanopb
    /Applications/Xcode.app/Contents/Developer/Toolchains/XcodeDefault.xctoolchain/usr/bin/clang -Xlinker -reproducible -target arm64-apple-ios12.0-simulator -r -isysroot /Applications/Xcode.app/Contents/Developer/Platforms/iPhoneSimulator.platform/Developer/SDKs/iPhoneSimulator18.4.sdk -O0 -w -L/Users/fukushimatakumi/Library/Developer/Xcode/DerivedData/SugarBeat-hgoxfxbbugxkfsbmqcjlbmjeaqyg/Build/Intermediates.noindex/EagerLinkingTBDs/Debug-iphonesimulator -L/Users/fukushimatakumi/Library/Developer/Xcode/DerivedData/SugarBeat-hgoxfxbbugxkfsbmqcjlbmjeaqyg/Build/Products/Debug-iphonesimulator -L/Applications/Xcode.app/Contents/Developer/Platforms/iPhoneSimulator.platform/Developer/usr/lib -F/Users/fukushimatakumi/Library/Developer/Xcode/DerivedData/SugarBeat-hgoxfxbbugxkfsbmqcjlbmjeaqyg/Build/Intermediates.noindex/EagerLinkingTBDs/Debug-iphonesimulator -F/Users/fukushimatakumi/Library/Developer/Xcode/DerivedData/SugarBeat-hgoxfxbbugxkfsbmqcjlbmjeaqyg/Build/Products/Debug-iphonesimulator -iframework /Applications/Xcode.app/Contents/Developer/Platforms/iPhoneSimulator.platform/Developer/Library/Frameworks -iframework /Applications/Xcode.app/Contents/Developer/Platforms/iPhoneSimulator.platform/Developer/SDKs/iPhoneSimulator18.4.sdk/Developer/Library/Frameworks -filelist /Users/fukushimatakumi/Library/Developer/Xcode/DerivedData/SugarBeat-hgoxfxbbugxkfsbmqcjlbmjeaqyg/Build/Intermediates.noindex/nanopb.build/Debug-iphonesimulator/nanopb.build/Objects-normal/arm64/nanopb.LinkFileList -nostdlib -Xlinker -object_path_lto -Xlinker /Users/fukushimatakumi/Library/Developer/Xcode/DerivedData/SugarBeat-hgoxfxbbugxkfsbmqcjlbmjeaqyg/Build/Intermediates.noindex/nanopb.build/Debug-iphonesimulator/nanopb.build/Objects-normal/arm64/nanopb_lto.o -rdynamic -Xlinker -no_deduplicate -Xlinker -objc_abi_version -Xlinker 2 -Xlinker -dependency_info -Xlinker /Users/fukushimatakumi/Library/Developer/Xcode/DerivedData/SugarBeat-hgoxfxbbugxkfsbmqcjlbmjeaqyg/Build/Intermediates.noindex/nanopb.build/Debug-iphonesimulator/nanopb.build/Objects-normal/arm64/nanopb_dependency_info.dat -fobjc-arc -fobjc-link-runtime -o /Users/fukushimatakumi/Library/Developer/Xcode/DerivedData/SugarBeat-hgoxfxbbugxkfsbmqcjlbmjeaqyg/Build/Products/Debug-iphonesimulator/nanopb.o

Ld /Users/fukushimatakumi/Library/Developer/Xcode/DerivedData/SugarBeat-hgoxfxbbugxkfsbmqcjlbmjeaqyg/Build/Products/Debug-iphonesimulator/leveldb.o normal (in target 'leveldb' from project 'leveldb')
    cd /Users/fukushimatakumi/Library/Developer/Xcode/DerivedData/SugarBeat-hgoxfxbbugxkfsbmqcjlbmjeaqyg/SourcePackages/checkouts/leveldb
    /Applications/Xcode.app/Contents/Developer/Toolchains/XcodeDefault.xctoolchain/usr/bin/clang++ -Xlinker -reproducible -target arm64-apple-ios12.0-simulator -r -isysroot /Applications/Xcode.app/Contents/Developer/Platforms/iPhoneSimulator.platform/Developer/SDKs/iPhoneSimulator18.4.sdk -O0 -w -L/Users/fukushimatakumi/Library/Developer/Xcode/DerivedData/SugarBeat-hgoxfxbbugxkfsbmqcjlbmjeaqyg/Build/Intermediates.noindex/EagerLinkingTBDs/Debug-iphonesimulator -L/Users/fukushimatakumi/Library/Developer/Xcode/DerivedData/SugarBeat-hgoxfxbbugxkfsbmqcjlbmjeaqyg/Build/Products/Debug-iphonesimulator -L/Applications/Xcode.app/Contents/Developer/Platforms/iPhoneSimulator.platform/Developer/usr/lib -F/Users/fukushimatakumi/Library/Developer/Xcode/DerivedData/SugarBeat-hgoxfxbbugxkfsbmqcjlbmjeaqyg/Build/Intermediates.noindex/EagerLinkingTBDs/Debug-iphonesimulator -F/Users/fukushimatakumi/Library/Developer/Xcode/DerivedData/SugarBeat-hgoxfxbbugxkfsbmqcjlbmjeaqyg/Build/Products/Debug-iphonesimulator -iframework /Applications/Xcode.app/Contents/Developer/Platforms/iPhoneSimulator.platform/Developer/Library/Frameworks -iframework /Applications/Xcode.app/Contents/Developer/Platforms/iPhoneSimulator.platform/Developer/SDKs/iPhoneSimulator18.4.sdk/Developer/Library/Frameworks -filelist /Users/fukushimatakumi/Library/Developer/Xcode/DerivedData/SugarBeat-hgoxfxbbugxkfsbmqcjlbmjeaqyg/Build/Intermediates.noindex/leveldb.build/Debug-iphonesimulator/leveldb.build/Objects-normal/arm64/leveldb.LinkFileList -nostdlib -Xlinker -object_path_lto -Xlinker /Users/fukushimatakumi/Library/Developer/Xcode/DerivedData/SugarBeat-hgoxfxbbugxkfsbmqcjlbmjeaqyg/Build/Intermediates.noindex/leveldb.build/Debug-iphonesimulator/leveldb.build/Objects-normal/arm64/leveldb_lto.o -rdynamic -Xlinker -no_deduplicate -Xlinker -objc_abi_version -Xlinker 2 -Xlinker -dependency_info -Xlinker /Users/fukushimatakumi/Library/Developer/Xcode/DerivedData/SugarBeat-hgoxfxbbugxkfsbmqcjlbmjeaqyg/Build/Intermediates.noindex/leveldb.build/Debug-iphonesimulator/leveldb.build/Objects-normal/arm64/leveldb_dependency_info.dat -fobjc-arc -fobjc-link-runtime -o /Users/fukushimatakumi/Library/Developer/Xcode/DerivedData/SugarBeat-hgoxfxbbugxkfsbmqcjlbmjeaqyg/Build/Products/Debug-iphonesimulator/leveldb.o

Ld /Users/fukushimatakumi/Library/Developer/Xcode/DerivedData/SugarBeat-hgoxfxbbugxkfsbmqcjlbmjeaqyg/Build/Products/Debug-iphonesimulator/GoogleUtilities-NSData.o normal (in target 'GoogleUtilities-NSData' from project 'GoogleUtilities')
    cd /Users/fukushimatakumi/Library/Developer/Xcode/DerivedData/SugarBeat-hgoxfxbbugxkfsbmqcjlbmjeaqyg/SourcePackages/checkouts/GoogleUtilities
    /Applications/Xcode.app/Contents/Developer/Toolchains/XcodeDefault.xctoolchain/usr/bin/clang -Xlinker -reproducible -target arm64-apple-ios12.0-simulator -r -isysroot /Applications/Xcode.app/Contents/Developer/Platforms/iPhoneSimulator.platform/Developer/SDKs/iPhoneSimulator18.4.sdk -O0 -w -L/Users/fukushimatakumi/Library/Developer/Xcode/DerivedData/SugarBeat-hgoxfxbbugxkfsbmqcjlbmjeaqyg/Build/Intermediates.noindex/EagerLinkingTBDs/Debug-iphonesimulator -L/Users/fukushimatakumi/Library/Developer/Xcode/DerivedData/SugarBeat-hgoxfxbbugxkfsbmqcjlbmjeaqyg/Build/Products/Debug-iphonesimulator -L/Applications/Xcode.app/Contents/Developer/Platforms/iPhoneSimulator.platform/Developer/usr/lib -F/Users/fukushimatakumi/Library/Developer/Xcode/DerivedData/SugarBeat-hgoxfxbbugxkfsbmqcjlbmjeaqyg/Build/Intermediates.noindex/EagerLinkingTBDs/Debug-iphonesimulator -F/Users/fukushimatakumi/Library/Developer/Xcode/DerivedData/SugarBeat-hgoxfxbbugxkfsbmqcjlbmjeaqyg/Build/Products/Debug-iphonesimulator -iframework /Applications/Xcode.app/Contents/Developer/Platforms/iPhoneSimulator.platform/Developer/Library/Frameworks -iframework /Applications/Xcode.app/Contents/Developer/Platforms/iPhoneSimulator.platform/Developer/SDKs/iPhoneSimulator18.4.sdk/Developer/Library/Frameworks -filelist /Users/fukushimatakumi/Library/Developer/Xcode/DerivedData/SugarBeat-hgoxfxbbugxkfsbmqcjlbmjeaqyg/Build/Intermediates.noindex/GoogleUtilities.build/Debug-iphonesimulator/GoogleUtilities-NSData.build/Objects-normal/arm64/GoogleUtilities-NSData.LinkFileList -nostdlib -Xlinker -object_path_lto -Xlinker /Users/fukushimatakumi/Library/Developer/Xcode/DerivedData/SugarBeat-hgoxfxbbugxkfsbmqcjlbmjeaqyg/Build/Intermediates.noindex/GoogleUtilities.build/Debug-iphonesimulator/GoogleUtilities-NSData.build/Objects-normal/arm64/GoogleUtilities-NSData_lto.o -rdynamic -Xlinker -no_deduplicate -Xlinker -objc_abi_version -Xlinker 2 -Xlinker -dependency_info -Xlinker /Users/fukushimatakumi/Library/Developer/Xcode/DerivedData/SugarBeat-hgoxfxbbugxkfsbmqcjlbmjeaqyg/Build/Intermediates.noindex/GoogleUtilities.build/Debug-iphonesimulator/GoogleUtilities-NSData.build/Objects-normal/arm64/GoogleUtilities-NSData_dependency_info.dat -fobjc-arc -fobjc-link-runtime -o /Users/fukushimatakumi/Library/Developer/Xcode/DerivedData/SugarBeat-hgoxfxbbugxkfsbmqcjlbmjeaqyg/Build/Products/Debug-iphonesimulator/GoogleUtilities-NSData.o

Ld /Users/fukushimatakumi/Library/Developer/Xcode/DerivedData/SugarBeat-hgoxfxbbugxkfsbmqcjlbmjeaqyg/Build/Products/Debug-iphonesimulator/FirebaseFirestoreInternalWrapper.o normal (in target 'FirebaseFirestoreInternalWrapper' from project 'Firebase')
    cd /Users/fukushimatakumi/Library/Developer/Xcode/DerivedData/SugarBeat-hgoxfxbbugxkfsbmqcjlbmjeaqyg/SourcePackages/checkouts/firebase-ios-sdk
    /Applications/Xcode.app/Contents/Developer/Toolchains/XcodeDefault.xctoolchain/usr/bin/clang -Xlinker -reproducible -target arm64-apple-ios15.0-simulator -r -isysroot /Applications/Xcode.app/Contents/Developer/Platforms/iPhoneSimulator.platform/Developer/SDKs/iPhoneSimulator18.4.sdk -O0 -w -L/Users/fukushimatakumi/Library/Developer/Xcode/DerivedData/SugarBeat-hgoxfxbbugxkfsbmqcjlbmjeaqyg/Build/Intermediates.noindex/EagerLinkingTBDs/Debug-iphonesimulator -L/Users/fukushimatakumi/Library/Developer/Xcode/DerivedData/SugarBeat-hgoxfxbbugxkfsbmqcjlbmjeaqyg/Build/Products/Debug-iphonesimulator -L/Applications/Xcode.app/Contents/Developer/Platforms/iPhoneSimulator.platform/Developer/usr/lib -F/Users/fukushimatakumi/Library/Developer/Xcode/DerivedData/SugarBeat-hgoxfxbbugxkfsbmqcjlbmjeaqyg/Build/Intermediates.noindex/EagerLinkingTBDs/Debug-iphonesimulator -F/Users/fukushimatakumi/Library/Developer/Xcode/DerivedData/SugarBeat-hgoxfxbbugxkfsbmqcjlbmjeaqyg/Build/Products/Debug-iphonesimulator -iframework /Applications/Xcode.app/Contents/Developer/Platforms/iPhoneSimulator.platform/Developer/Library/Frameworks -iframework /Applications/Xcode.app/Contents/Developer/Platforms/iPhoneSimulator.platform/Developer/SDKs/iPhoneSimulator18.4.sdk/Developer/Library/Frameworks -filelist /Users/fukushimatakumi/Library/Developer/Xcode/DerivedData/SugarBeat-hgoxfxbbugxkfsbmqcjlbmjeaqyg/Build/Intermediates.noindex/Firebase.build/Debug-iphonesimulator/FirebaseFirestoreInternalWrapper.build/Objects-normal/arm64/FirebaseFirestoreInternalWrapper.LinkFileList -nostdlib -Xlinker -object_path_lto -Xlinker /Users/fukushimatakumi/Library/Developer/Xcode/DerivedData/SugarBeat-hgoxfxbbugxkfsbmqcjlbmjeaqyg/Build/Intermediates.noindex/Firebase.build/Debug-iphonesimulator/FirebaseFirestoreInternalWrapper.build/Objects-normal/arm64/FirebaseFirestoreInternalWrapper_lto.o -rdynamic -Xlinker -no_deduplicate -Xlinker -objc_abi_version -Xlinker 2 -Xlinker -dependency_info -Xlinker /Users/fukushimatakumi/Library/Developer/Xcode/DerivedData/SugarBeat-hgoxfxbbugxkfsbmqcjlbmjeaqyg/Build/Intermediates.noindex/Firebase.build/Debug-iphonesimulator/FirebaseFirestoreInternalWrapper.build/Objects-normal/arm64/FirebaseFirestoreInternalWrapper_dependency_info.dat -fobjc-arc -fobjc-link-runtime -o /Users/fukushimatakumi/Library/Developer/Xcode/DerivedData/SugarBeat-hgoxfxbbugxkfsbmqcjlbmjeaqyg/Build/Products/Debug-iphonesimulator/FirebaseFirestoreInternalWrapper.o

CompileC /Users/fukushimatakumi/Library/Developer/Xcode/DerivedData/SugarBeat-hgoxfxbbugxkfsbmqcjlbmjeaqyg/Build/Intermediates.noindex/abseil.build/Debug-iphonesimulator/abslWrapper.build/Objects-normal/arm64/empty.o /Users/fukushimatakumi/Library/Developer/Xcode/DerivedData/SugarBeat-hgoxfxbbugxkfsbmqcjlbmjeaqyg/SourcePackages/checkouts/abseil-cpp-binary/absl-Wrapper/empty.m normal arm64 objective-c com.apple.compilers.llvm.clang.1_0.compiler (in target 'abslWrapper' from project 'abseil')
    cd /Users/fukushimatakumi/develop/sugarbeat/sugarbeat-front
    
    Using response file: /Users/fukushimatakumi/Library/Developer/Xcode/DerivedData/SugarBeat-hgoxfxbbugxkfsbmqcjlbmjeaqyg/Build/Intermediates.noindex/abseil.build/Debug-iphonesimulator/abslWrapper.build/Objects-normal/arm64/e6072d4f65d7061329687fe24e3d63a7-common-args.resp
    
    /Applications/Xcode.app/Contents/Developer/Toolchains/XcodeDefault.xctoolchain/usr/bin/clang -x objective-c -ivfsstatcache /Users/fukushimatakumi/Library/Developer/Xcode/DerivedData/SDKStatCaches.noindex/iphonesimulator18.4-22E235-71825a6d136aa4733edcbe86ece5525b.sdkstatcache -fmessage-length\=0 -fdiagnostics-show-note-include-stack -fmacro-backtrace-limit\=0 -fno-color-diagnostics -fmodules-prune-interval\=86400 -fmodules-prune-after\=345600 -fbuild-session-file\=/Users/fukushimatakumi/Library/Developer/Xcode/DerivedData/ModuleCache.noindex/Session.modulevalidation -fmodules-validate-once-per-build-session -Wnon-modular-include-in-framework-module -Werror\=non-modular-include-in-framework-module -Wno-trigraphs -Wno-missing-field-initializers -Wno-missing-prototypes -Wno-return-type -Wno-implicit-atomic-properties -Wno-objc-interface-ivars -Wno-arc-repeated-use-of-weak -Wno-missing-braces -Wparentheses -Wswitch -Wno-unused-function -Wno-unused-label -Wno-unused-parameter -Wno-unused-variable -Wunused-value -Wno-empty-body -Wno-uninitialized -Wno-unknown-pragmas -w -Wno-shadow -Wno-four-char-constants -Wno-conversion -Wno-constant-conversion -Wno-int-conversion -Wno-bool-conversion -Wno-enum-conversion -Wno-float-conversion -Wno-non-literal-null-conversion -Wno-objc-literal-conversion -Wshorten-64-to-32 -Wpointer-sign -Wno-newline-eof -Wno-selector -Wno-strict-selector-match -Wno-undeclared-selector -Wno-deprecated-implementations -Wno-implicit-fallthrough -fstrict-aliasing -Wprotocol -Wdeprecated-declarations -Wno-sign-conversion -Wno-infinite-recursion -Wno-comma -Wno-block-capture-autoreleasing -Wno-strict-prototypes -Wno-semicolon-before-method-body -index-store-path /Users/fukushimatakumi/Library/Developer/Xcode/DerivedData/SugarBeat-hgoxfxbbugxkfsbmqcjlbmjeaqyg/Index.noindex/DataStore @/Users/fukushimatakumi/Library/Developer/Xcode/DerivedData/SugarBeat-hgoxfxbbugxkfsbmqcjlbmjeaqyg/Build/Intermediates.noindex/abseil.build/Debug-iphonesimulator/abslWrapper.build/Objects-normal/arm64/e6072d4f65d7061329687fe24e3d63a7-common-args.resp -include /Users/fukushimatakumi/Library/Developer/Xcode/DerivedData/SugarBeat-hgoxfxbbugxkfsbmqcjlbmjeaqyg/Build/Intermediates.noindex/abseil.build/Debug-iphonesimulator/abslWrapper.build/DerivedSources/resource_bundle_accessor.h -MMD -MT dependencies -MF /Users/fukushimatakumi/Library/Developer/Xcode/DerivedData/SugarBeat-hgoxfxbbugxkfsbmqcjlbmjeaqyg/Build/Intermediates.noindex/abseil.build/Debug-iphonesimulator/abslWrapper.build/Objects-normal/arm64/empty.d --serialize-diagnostics /Users/fukushimatakumi/Library/Developer/Xcode/DerivedData/SugarBeat-hgoxfxbbugxkfsbmqcjlbmjeaqyg/Build/Intermediates.noindex/abseil.build/Debug-iphonesimulator/abslWrapper.build/Objects-normal/arm64/empty.dia -c /Users/fukushimatakumi/Library/Developer/Xcode/DerivedData/SugarBeat-hgoxfxbbugxkfsbmqcjlbmjeaqyg/SourcePackages/checkouts/abseil-cpp-binary/absl-Wrapper/empty.m -o /Users/fukushimatakumi/Library/Developer/Xcode/DerivedData/SugarBeat-hgoxfxbbugxkfsbmqcjlbmjeaqyg/Build/Intermediates.noindex/abseil.build/Debug-iphonesimulator/abslWrapper.build/Objects-normal/arm64/empty.o -index-unit-output-path /abseil.build/Debug-iphonesimulator/abslWrapper.build/Objects-normal/arm64/empty.o

CompileC /Users/fukushimatakumi/Library/Developer/Xcode/DerivedData/SugarBeat-hgoxfxbbugxkfsbmqcjlbmjeaqyg/Build/Intermediates.noindex/abseil.build/Debug-iphonesimulator/abslWrapper.build/Objects-normal/arm64/resource_bundle_accessor.o /Users/fukushimatakumi/Library/Developer/Xcode/DerivedData/SugarBeat-hgoxfxbbugxkfsbmqcjlbmjeaqyg/Build/Intermediates.noindex/abseil.build/Debug-iphonesimulator/abslWrapper.build/DerivedSources/resource_bundle_accessor.m normal arm64 objective-c com.apple.compilers.llvm.clang.1_0.compiler (in target 'abslWrapper' from project 'abseil')
    cd /Users/fukushimatakumi/develop/sugarbeat/sugarbeat-front
    
    Using response file: /Users/fukushimatakumi/Library/Developer/Xcode/DerivedData/SugarBeat-hgoxfxbbugxkfsbmqcjlbmjeaqyg/Build/Intermediates.noindex/abseil.build/Debug-iphonesimulator/abslWrapper.build/Objects-normal/arm64/e6072d4f65d7061329687fe24e3d63a7-common-args.resp
    
    /Applications/Xcode.app/Contents/Developer/Toolchains/XcodeDefault.xctoolchain/usr/bin/clang -x objective-c -ivfsstatcache /Users/fukushimatakumi/Library/Developer/Xcode/DerivedData/SDKStatCaches.noindex/iphonesimulator18.4-22E235-71825a6d136aa4733edcbe86ece5525b.sdkstatcache -fmessage-length\=0 -fdiagnostics-show-note-include-stack -fmacro-backtrace-limit\=0 -fno-color-diagnostics -fmodules-prune-interval\=86400 -fmodules-prune-after\=345600 -fbuild-session-file\=/Users/fukushimatakumi/Library/Developer/Xcode/DerivedData/ModuleCache.noindex/Session.modulevalidation -fmodules-validate-once-per-build-session -Wnon-modular-include-in-framework-module -Werror\=non-modular-include-in-framework-module -Wno-trigraphs -Wno-missing-field-initializers -Wno-missing-prototypes -Wno-return-type -Wno-implicit-atomic-properties -Wno-objc-interface-ivars -Wno-arc-repeated-use-of-weak -Wno-missing-braces -Wparentheses -Wswitch -Wno-unused-function -Wno-unused-label -Wno-unused-parameter -Wno-unused-variable -Wunused-value -Wno-empty-body -Wno-uninitialized -Wno-unknown-pragmas -w -Wno-shadow -Wno-four-char-constants -Wno-conversion -Wno-constant-conversion -Wno-int-conversion -Wno-bool-conversion -Wno-enum-conversion -Wno-float-conversion -Wno-non-literal-null-conversion -Wno-objc-literal-conversion -Wshorten-64-to-32 -Wpointer-sign -Wno-newline-eof -Wno-selector -Wno-strict-selector-match -Wno-undeclared-selector -Wno-deprecated-implementations -Wno-implicit-fallthrough -fstrict-aliasing -Wprotocol -Wdeprecated-declarations -Wno-sign-conversion -Wno-infinite-recursion -Wno-comma -Wno-block-capture-autoreleasing -Wno-strict-prototypes -Wno-semicolon-before-method-body -index-store-path /Users/fukushimatakumi/Library/Developer/Xcode/DerivedData/SugarBeat-hgoxfxbbugxkfsbmqcjlbmjeaqyg/Index.noindex/DataStore @/Users/fukushimatakumi/Library/Developer/Xcode/DerivedData/SugarBeat-hgoxfxbbugxkfsbmqcjlbmjeaqyg/Build/Intermediates.noindex/abseil.build/Debug-iphonesimulator/abslWrapper.build/Objects-normal/arm64/e6072d4f65d7061329687fe24e3d63a7-common-args.resp -include /Users/fukushimatakumi/Library/Developer/Xcode/DerivedData/SugarBeat-hgoxfxbbugxkfsbmqcjlbmjeaqyg/Build/Intermediates.noindex/abseil.build/Debug-iphonesimulator/abslWrapper.build/DerivedSources/resource_bundle_accessor.h -MMD -MT dependencies -MF /Users/fukushimatakumi/Library/Developer/Xcode/DerivedData/SugarBeat-hgoxfxbbugxkfsbmqcjlbmjeaqyg/Build/Intermediates.noindex/abseil.build/Debug-iphonesimulator/abslWrapper.build/Objects-normal/arm64/resource_bundle_accessor.d --serialize-diagnostics /Users/fukushimatakumi/Library/Developer/Xcode/DerivedData/SugarBeat-hgoxfxbbugxkfsbmqcjlbmjeaqyg/Build/Intermediates.noindex/abseil.build/Debug-iphonesimulator/abslWrapper.build/Objects-normal/arm64/resource_bundle_accessor.dia -c /Users/fukushimatakumi/Library/Developer/Xcode/DerivedData/SugarBeat-hgoxfxbbugxkfsbmqcjlbmjeaqyg/Build/Intermediates.noindex/abseil.build/Debug-iphonesimulator/abslWrapper.build/DerivedSources/resource_bundle_accessor.m -o /Users/fukushimatakumi/Library/Developer/Xcode/DerivedData/SugarBeat-hgoxfxbbugxkfsbmqcjlbmjeaqyg/Build/Intermediates.noindex/abseil.build/Debug-iphonesimulator/abslWrapper.build/Objects-normal/arm64/resource_bundle_accessor.o -index-unit-output-path /abseil.build/Debug-iphonesimulator/abslWrapper.build/Objects-normal/arm64/resource_bundle_accessor.o

RegisterExecutionPolicyException /Users/fukushimatakumi/Library/Developer/Xcode/DerivedData/SugarBeat-hgoxfxbbugxkfsbmqcjlbmjeaqyg/Build/Products/Debug-iphonesimulator/GTMAppAuth_GTMAppAuth.bundle (in target 'GTMAppAuth_GTMAppAuth' from project 'GTMAppAuth')
    cd /Users/fukushimatakumi/Library/Developer/Xcode/DerivedData/SugarBeat-hgoxfxbbugxkfsbmqcjlbmjeaqyg/SourcePackages/checkouts/GTMAppAuth
    builtin-RegisterExecutionPolicyException /Users/fukushimatakumi/Library/Developer/Xcode/DerivedData/SugarBeat-hgoxfxbbugxkfsbmqcjlbmjeaqyg/Build/Products/Debug-iphonesimulator/GTMAppAuth_GTMAppAuth.bundle

RegisterExecutionPolicyException /Users/fukushimatakumi/Library/Developer/Xcode/DerivedData/SugarBeat-hgoxfxbbugxkfsbmqcjlbmjeaqyg/Build/Products/Debug-iphonesimulator/Firebase_FirebaseFirestore.bundle (in target 'Firebase_FirebaseFirestore' from project 'Firebase')
    cd /Users/fukushimatakumi/Library/Developer/Xcode/DerivedData/SugarBeat-hgoxfxbbugxkfsbmqcjlbmjeaqyg/SourcePackages/checkouts/firebase-ios-sdk
    builtin-RegisterExecutionPolicyException /Users/fukushimatakumi/Library/Developer/Xcode/DerivedData/SugarBeat-hgoxfxbbugxkfsbmqcjlbmjeaqyg/Build/Products/Debug-iphonesimulator/Firebase_FirebaseFirestore.bundle

RegisterExecutionPolicyException /Users/fukushimatakumi/Library/Developer/Xcode/DerivedData/SugarBeat-hgoxfxbbugxkfsbmqcjlbmjeaqyg/Build/Products/Debug-iphonesimulator/Firebase_FirebaseCoreInternal.bundle (in target 'Firebase_FirebaseCoreInternal' from project 'Firebase')
    cd /Users/fukushimatakumi/Library/Developer/Xcode/DerivedData/SugarBeat-hgoxfxbbugxkfsbmqcjlbmjeaqyg/SourcePackages/checkouts/firebase-ios-sdk
    builtin-RegisterExecutionPolicyException /Users/fukushimatakumi/Library/Developer/Xcode/DerivedData/SugarBeat-hgoxfxbbugxkfsbmqcjlbmjeaqyg/Build/Products/Debug-iphonesimulator/Firebase_FirebaseCoreInternal.bundle

RegisterExecutionPolicyException /Users/fukushimatakumi/Library/Developer/Xcode/DerivedData/SugarBeat-hgoxfxbbugxkfsbmqcjlbmjeaqyg/Build/Products/Debug-iphonesimulator/Firebase_FirebaseCoreExtension.bundle (in target 'Firebase_FirebaseCoreExtension' from project 'Firebase')
    cd /Users/fukushimatakumi/Library/Developer/Xcode/DerivedData/SugarBeat-hgoxfxbbugxkfsbmqcjlbmjeaqyg/SourcePackages/checkouts/firebase-ios-sdk
    builtin-RegisterExecutionPolicyException /Users/fukushimatakumi/Library/Developer/Xcode/DerivedData/SugarBeat-hgoxfxbbugxkfsbmqcjlbmjeaqyg/Build/Products/Debug-iphonesimulator/Firebase_FirebaseCoreExtension.bundle

RegisterExecutionPolicyException /Users/fukushimatakumi/Library/Developer/Xcode/DerivedData/SugarBeat-hgoxfxbbugxkfsbmqcjlbmjeaqyg/Build/Products/Debug-iphonesimulator/Firebase_FirebaseCore.bundle (in target 'Firebase_FirebaseCore' from project 'Firebase')
    cd /Users/fukushimatakumi/Library/Developer/Xcode/DerivedData/SugarBeat-hgoxfxbbugxkfsbmqcjlbmjeaqyg/SourcePackages/checkouts/firebase-ios-sdk
    builtin-RegisterExecutionPolicyException /Users/fukushimatakumi/Library/Developer/Xcode/DerivedData/SugarBeat-hgoxfxbbugxkfsbmqcjlbmjeaqyg/Build/Products/Debug-iphonesimulator/Firebase_FirebaseCore.bundle

RegisterExecutionPolicyException /Users/fukushimatakumi/Library/Developer/Xcode/DerivedData/SugarBeat-hgoxfxbbugxkfsbmqcjlbmjeaqyg/Build/Products/Debug-iphonesimulator/Firebase_FirebaseAuth.bundle (in target 'Firebase_FirebaseAuth' from project 'Firebase')
    cd /Users/fukushimatakumi/Library/Developer/Xcode/DerivedData/SugarBeat-hgoxfxbbugxkfsbmqcjlbmjeaqyg/SourcePackages/checkouts/firebase-ios-sdk
    builtin-RegisterExecutionPolicyException /Users/fukushimatakumi/Library/Developer/Xcode/DerivedData/SugarBeat-hgoxfxbbugxkfsbmqcjlbmjeaqyg/Build/Products/Debug-iphonesimulator/Firebase_FirebaseAuth.bundle

ScanDependencies /Users/fukushimatakumi/Library/Developer/Xcode/DerivedData/SugarBeat-hgoxfxbbugxkfsbmqcjlbmjeaqyg/Build/Intermediates.noindex/Firebase.build/Debug-iphonesimulator/FirebaseCore.build/Objects-normal/arm64/resource_bundle_accessor.o /Users/fukushimatakumi/Library/Developer/Xcode/DerivedData/SugarBeat-hgoxfxbbugxkfsbmqcjlbmjeaqyg/Build/Intermediates.noindex/Firebase.build/Debug-iphonesimulator/FirebaseCore.build/DerivedSources/resource_bundle_accessor.m normal arm64 objective-c com.apple.compilers.llvm.clang.1_0.compiler (in target 'FirebaseCore' from project 'Firebase')
    cd /Users/fukushimatakumi/develop/sugarbeat/sugarbeat-front
    
    Using response file: /Users/fukushimatakumi/Library/Developer/Xcode/DerivedData/SugarBeat-hgoxfxbbugxkfsbmqcjlbmjeaqyg/Build/Intermediates.noindex/Firebase.build/Debug-iphonesimulator/FirebaseCore.build/Objects-normal/arm64/e6072d4f65d7061329687fe24e3d63a7-common-args.resp
    
    builtin-ScanDependencies -o /Users/fukushimatakumi/Library/Developer/Xcode/DerivedData/SugarBeat-hgoxfxbbugxkfsbmqcjlbmjeaqyg/Build/Intermediates.noindex/Firebase.build/Debug-iphonesimulator/FirebaseCore.build/Objects-normal/arm64/resource_bundle_accessor.o.scan -- /Applications/Xcode.app/Contents/Developer/Toolchains/XcodeDefault.xctoolchain/usr/bin/clang -x objective-c -ivfsstatcache /Users/fukushimatakumi/Library/Developer/Xcode/DerivedData/SDKStatCaches.noindex/iphonesimulator18.4-22E235-71825a6d136aa4733edcbe86ece5525b.sdkstatcache -fmessage-length\=0 -fdiagnostics-show-note-include-stack -fmacro-backtrace-limit\=0 -fno-color-diagnostics -fmodules-prune-interval\=86400 -fmodules-prune-after\=345600 -fbuild-session-file\=/Users/fukushimatakumi/Library/Developer/Xcode/DerivedData/ModuleCache.noindex/Session.modulevalidation -fmodules-validate-once-per-build-session -Wnon-modular-include-in-framework-module -Werror\=non-modular-include-in-framework-module -Wno-trigraphs -Wno-missing-field-initializers -Wno-missing-prototypes -Wno-return-type -Wno-implicit-atomic-properties -Wno-objc-interface-ivars -Wno-arc-repeated-use-of-weak -Wno-missing-braces -Wparentheses -Wswitch -Wno-unused-function -Wno-unused-label -Wno-unused-parameter -Wno-unused-variable -Wunused-value -Wno-empty-body -Wno-uninitialized -Wno-unknown-pragmas -w -Wno-shadow -Wno-four-char-constants -Wno-conversion -Wno-constant-conversion -Wno-int-conversion -Wno-bool-conversion -Wno-enum-conversion -Wno-float-conversion -Wno-non-literal-null-conversion -Wno-objc-literal-conversion -Wshorten-64-to-32 -Wpointer-sign -Wno-newline-eof -Wno-selector -Wno-strict-selector-match -Wno-undeclared-selector -Wno-deprecated-implementations -Wno-implicit-fallthrough -fstrict-aliasing -Wprotocol -Wdeprecated-declarations -Wno-sign-conversion -Wno-infinite-recursion -Wno-comma -Wno-block-capture-autoreleasing -Wno-strict-prototypes -Wno-semicolon-before-method-body -index-store-path /Users/fukushimatakumi/Library/Developer/Xcode/DerivedData/SugarBeat-hgoxfxbbugxkfsbmqcjlbmjeaqyg/Index.noindex/DataStore @/Users/fukushimatakumi/Library/Developer/Xcode/DerivedData/SugarBeat-hgoxfxbbugxkfsbmqcjlbmjeaqyg/Build/Intermediates.noindex/Firebase.build/Debug-iphonesimulator/FirebaseCore.build/Objects-normal/arm64/e6072d4f65d7061329687fe24e3d63a7-common-args.resp -include /Users/fukushimatakumi/Library/Developer/Xcode/DerivedData/SugarBeat-hgoxfxbbugxkfsbmqcjlbmjeaqyg/Build/Intermediates.noindex/Firebase.build/Debug-iphonesimulator/FirebaseCore.build/DerivedSources/resource_bundle_accessor.h -MMD -MT dependencies -MF /Users/fukushimatakumi/Library/Developer/Xcode/DerivedData/SugarBeat-hgoxfxbbugxkfsbmqcjlbmjeaqyg/Build/Intermediates.noindex/Firebase.build/Debug-iphonesimulator/FirebaseCore.build/Objects-normal/arm64/resource_bundle_accessor.d --serialize-diagnostics /Users/fukushimatakumi/Library/Developer/Xcode/DerivedData/SugarBeat-hgoxfxbbugxkfsbmqcjlbmjeaqyg/Build/Intermediates.noindex/Firebase.build/Debug-iphonesimulator/FirebaseCore.build/Objects-normal/arm64/resource_bundle_accessor.dia -c /Users/fukushimatakumi/Library/Developer/Xcode/DerivedData/SugarBeat-hgoxfxbbugxkfsbmqcjlbmjeaqyg/Build/Intermediates.noindex/Firebase.build/Debug-iphonesimulator/FirebaseCore.build/DerivedSources/resource_bundle_accessor.m -o /Users/fukushimatakumi/Library/Developer/Xcode/DerivedData/SugarBeat-hgoxfxbbugxkfsbmqcjlbmjeaqyg/Build/Intermediates.noindex/Firebase.build/Debug-iphonesimulator/FirebaseCore.build/Objects-normal/arm64/resource_bundle_accessor.o -index-unit-output-path /Firebase.build/Debug-iphonesimulator/FirebaseCore.build/Objects-normal/arm64/resource_bundle_accessor.o

ScanDependencies /Users/fukushimatakumi/Library/Developer/Xcode/DerivedData/SugarBeat-hgoxfxbbugxkfsbmqcjlbmjeaqyg/Build/Intermediates.noindex/Firebase.build/Debug-iphonesimulator/FirebaseCore.build/Objects-normal/arm64/FIRVersion.o /Users/fukushimatakumi/Library/Developer/Xcode/DerivedData/SugarBeat-hgoxfxbbugxkfsbmqcjlbmjeaqyg/SourcePackages/checkouts/firebase-ios-sdk/FirebaseCore/Sources/FIRVersion.m normal arm64 objective-c com.apple.compilers.llvm.clang.1_0.compiler (in target 'FirebaseCore' from project 'Firebase')
    cd /Users/fukushimatakumi/develop/sugarbeat/sugarbeat-front
    
    Using response file: /Users/fukushimatakumi/Library/Developer/Xcode/DerivedData/SugarBeat-hgoxfxbbugxkfsbmqcjlbmjeaqyg/Build/Intermediates.noindex/Firebase.build/Debug-iphonesimulator/FirebaseCore.build/Objects-normal/arm64/e6072d4f65d7061329687fe24e3d63a7-common-args.resp
    
    builtin-ScanDependencies -o /Users/fukushimatakumi/Library/Developer/Xcode/DerivedData/SugarBeat-hgoxfxbbugxkfsbmqcjlbmjeaqyg/Build/Intermediates.noindex/Firebase.build/Debug-iphonesimulator/FirebaseCore.build/Objects-normal/arm64/FIRVersion.o.scan -- /Applications/Xcode.app/Contents/Developer/Toolchains/XcodeDefault.xctoolchain/usr/bin/clang -x objective-c -ivfsstatcache /Users/fukushimatakumi/Library/Developer/Xcode/DerivedData/SDKStatCaches.noindex/iphonesimulator18.4-22E235-71825a6d136aa4733edcbe86ece5525b.sdkstatcache -fmessage-length\=0 -fdiagnostics-show-note-include-stack -fmacro-backtrace-limit\=0 -fno-color-diagnostics -fmodules-prune-interval\=86400 -fmodules-prune-after\=345600 -fbuild-session-file\=/Users/fukushimatakumi/Library/Developer/Xcode/DerivedData/ModuleCache.noindex/Session.modulevalidation -fmodules-validate-once-per-build-session -Wnon-modular-include-in-framework-module -Werror\=non-modular-include-in-framework-module -Wno-trigraphs -Wno-missing-field-initializers -Wno-missing-prototypes -Wno-return-type -Wno-implicit-atomic-properties -Wno-objc-interface-ivars -Wno-arc-repeated-use-of-weak -Wno-missing-braces -Wparentheses -Wswitch -Wno-unused-function -Wno-unused-label -Wno-unused-parameter -Wno-unused-variable -Wunused-value -Wno-empty-body -Wno-uninitialized -Wno-unknown-pragmas -w -Wno-shadow -Wno-four-char-constants -Wno-conversion -Wno-constant-conversion -Wno-int-conversion -Wno-bool-conversion -Wno-enum-conversion -Wno-float-conversion -Wno-non-literal-null-conversion -Wno-objc-literal-conversion -Wshorten-64-to-32 -Wpointer-sign -Wno-newline-eof -Wno-selector -Wno-strict-selector-match -Wno-undeclared-selector -Wno-deprecated-implementations -Wno-implicit-fallthrough -fstrict-aliasing -Wprotocol -Wdeprecated-declarations -Wno-sign-conversion -Wno-infinite-recursion -Wno-comma -Wno-block-capture-autoreleasing -Wno-strict-prototypes -Wno-semicolon-before-method-body -index-store-path /Users/fukushimatakumi/Library/Developer/Xcode/DerivedData/SugarBeat-hgoxfxbbugxkfsbmqcjlbmjeaqyg/Index.noindex/DataStore @/Users/fukushimatakumi/Library/Developer/Xcode/DerivedData/SugarBeat-hgoxfxbbugxkfsbmqcjlbmjeaqyg/Build/Intermediates.noindex/Firebase.build/Debug-iphonesimulator/FirebaseCore.build/Objects-normal/arm64/e6072d4f65d7061329687fe24e3d63a7-common-args.resp -include /Users/fukushimatakumi/Library/Developer/Xcode/DerivedData/SugarBeat-hgoxfxbbugxkfsbmqcjlbmjeaqyg/Build/Intermediates.noindex/Firebase.build/Debug-iphonesimulator/FirebaseCore.build/DerivedSources/resource_bundle_accessor.h -MMD -MT dependencies -MF /Users/fukushimatakumi/Library/Developer/Xcode/DerivedData/SugarBeat-hgoxfxbbugxkfsbmqcjlbmjeaqyg/Build/Intermediates.noindex/Firebase.build/Debug-iphonesimulator/FirebaseCore.build/Objects-normal/arm64/FIRVersion.d --serialize-diagnostics /Users/fukushimatakumi/Library/Developer/Xcode/DerivedData/SugarBeat-hgoxfxbbugxkfsbmqcjlbmjeaqyg/Build/Intermediates.noindex/Firebase.build/Debug-iphonesimulator/FirebaseCore.build/Objects-normal/arm64/FIRVersion.dia -c /Users/fukushimatakumi/Library/Developer/Xcode/DerivedData/SugarBeat-hgoxfxbbugxkfsbmqcjlbmjeaqyg/SourcePackages/checkouts/firebase-ios-sdk/FirebaseCore/Sources/FIRVersion.m -o /Users/fukushimatakumi/Library/Developer/Xcode/DerivedData/SugarBeat-hgoxfxbbugxkfsbmqcjlbmjeaqyg/Build/Intermediates.noindex/Firebase.build/Debug-iphonesimulator/FirebaseCore.build/Objects-normal/arm64/FIRVersion.o -index-unit-output-path /Firebase.build/Debug-iphonesimulator/FirebaseCore.build/Objects-normal/arm64/FIRVersion.o

ScanDependencies /Users/fukushimatakumi/Library/Developer/Xcode/DerivedData/SugarBeat-hgoxfxbbugxkfsbmqcjlbmjeaqyg/Build/Intermediates.noindex/Firebase.build/Debug-iphonesimulator/FirebaseCore.build/Objects-normal/arm64/FIRTimestamp.o /Users/fukushimatakumi/Library/Developer/Xcode/DerivedData/SugarBeat-hgoxfxbbugxkfsbmqcjlbmjeaqyg/SourcePackages/checkouts/firebase-ios-sdk/FirebaseCore/Sources/FIRTimestamp.m normal arm64 objective-c com.apple.compilers.llvm.clang.1_0.compiler (in target 'FirebaseCore' from project 'Firebase')
    cd /Users/fukushimatakumi/develop/sugarbeat/sugarbeat-front
    
    Using response file: /Users/fukushimatakumi/Library/Developer/Xcode/DerivedData/SugarBeat-hgoxfxbbugxkfsbmqcjlbmjeaqyg/Build/Intermediates.noindex/Firebase.build/Debug-iphonesimulator/FirebaseCore.build/Objects-normal/arm64/e6072d4f65d7061329687fe24e3d63a7-common-args.resp
    
    builtin-ScanDependencies -o /Users/fukushimatakumi/Library/Developer/Xcode/DerivedData/SugarBeat-hgoxfxbbugxkfsbmqcjlbmjeaqyg/Build/Intermediates.noindex/Firebase.build/Debug-iphonesimulator/FirebaseCore.build/Objects-normal/arm64/FIRTimestamp.o.scan -- /Applications/Xcode.app/Contents/Developer/Toolchains/XcodeDefault.xctoolchain/usr/bin/clang -x objective-c -ivfsstatcache /Users/fukushimatakumi/Library/Developer/Xcode/DerivedData/SDKStatCaches.noindex/iphonesimulator18.4-22E235-71825a6d136aa4733edcbe86ece5525b.sdkstatcache -fmessage-length\=0 -fdiagnostics-show-note-include-stack -fmacro-backtrace-limit\=0 -fno-color-diagnostics -fmodules-prune-interval\=86400 -fmodules-prune-after\=345600 -fbuild-session-file\=/Users/fukushimatakumi/Library/Developer/Xcode/DerivedData/ModuleCache.noindex/Session.modulevalidation -fmodules-validate-once-per-build-session -Wnon-modular-include-in-framework-module -Werror\=non-modular-include-in-framework-module -Wno-trigraphs -Wno-missing-field-initializers -Wno-missing-prototypes -Wno-return-type -Wno-implicit-atomic-properties -Wno-objc-interface-ivars -Wno-arc-repeated-use-of-weak -Wno-missing-braces -Wparentheses -Wswitch -Wno-unused-function -Wno-unused-label -Wno-unused-parameter -Wno-unused-variable -Wunused-value -Wno-empty-body -Wno-uninitialized -Wno-unknown-pragmas -w -Wno-shadow -Wno-four-char-constants -Wno-conversion -Wno-constant-conversion -Wno-int-conversion -Wno-bool-conversion -Wno-enum-conversion -Wno-float-conversion -Wno-non-literal-null-conversion -Wno-objc-literal-conversion -Wshorten-64-to-32 -Wpointer-sign -Wno-newline-eof -Wno-selector -Wno-strict-selector-match -Wno-undeclared-selector -Wno-deprecated-implementations -Wno-implicit-fallthrough -fstrict-aliasing -Wprotocol -Wdeprecated-declarations -Wno-sign-conversion -Wno-infinite-recursion -Wno-comma -Wno-block-capture-autoreleasing -Wno-strict-prototypes -Wno-semicolon-before-method-body -index-store-path /Users/fukushimatakumi/Library/Developer/Xcode/DerivedData/SugarBeat-hgoxfxbbugxkfsbmqcjlbmjeaqyg/Index.noindex/DataStore @/Users/fukushimatakumi/Library/Developer/Xcode/DerivedData/SugarBeat-hgoxfxbbugxkfsbmqcjlbmjeaqyg/Build/Intermediates.noindex/Firebase.build/Debug-iphonesimulator/FirebaseCore.build/Objects-normal/arm64/e6072d4f65d7061329687fe24e3d63a7-common-args.resp -include /Users/fukushimatakumi/Library/Developer/Xcode/DerivedData/SugarBeat-hgoxfxbbugxkfsbmqcjlbmjeaqyg/Build/Intermediates.noindex/Firebase.build/Debug-iphonesimulator/FirebaseCore.build/DerivedSources/resource_bundle_accessor.h -MMD -MT dependencies -MF /Users/fukushimatakumi/Library/Developer/Xcode/DerivedData/SugarBeat-hgoxfxbbugxkfsbmqcjlbmjeaqyg/Build/Intermediates.noindex/Firebase.build/Debug-iphonesimulator/FirebaseCore.build/Objects-normal/arm64/FIRTimestamp.d --serialize-diagnostics /Users/fukushimatakumi/Library/Developer/Xcode/DerivedData/SugarBeat-hgoxfxbbugxkfsbmqcjlbmjeaqyg/Build/Intermediates.noindex/Firebase.build/Debug-iphonesimulator/FirebaseCore.build/Objects-normal/arm64/FIRTimestamp.dia -c /Users/fukushimatakumi/Library/Developer/Xcode/DerivedData/SugarBeat-hgoxfxbbugxkfsbmqcjlbmjeaqyg/SourcePackages/checkouts/firebase-ios-sdk/FirebaseCore/Sources/FIRTimestamp.m -o /Users/fukushimatakumi/Library/Developer/Xcode/DerivedData/SugarBeat-hgoxfxbbugxkfsbmqcjlbmjeaqyg/Build/Intermediates.noindex/Firebase.build/Debug-iphonesimulator/FirebaseCore.build/Objects-normal/arm64/FIRTimestamp.o -index-unit-output-path /Firebase.build/Debug-iphonesimulator/FirebaseCore.build/Objects-normal/arm64/FIRTimestamp.o

ScanDependencies /Users/fukushimatakumi/Library/Developer/Xcode/DerivedData/SugarBeat-hgoxfxbbugxkfsbmqcjlbmjeaqyg/Build/Intermediates.noindex/Firebase.build/Debug-iphonesimulator/FirebaseCore.build/Objects-normal/arm64/FIROptions.o /Users/fukushimatakumi/Library/Developer/Xcode/DerivedData/SugarBeat-hgoxfxbbugxkfsbmqcjlbmjeaqyg/SourcePackages/checkouts/firebase-ios-sdk/FirebaseCore/Sources/FIROptions.m normal arm64 objective-c com.apple.compilers.llvm.clang.1_0.compiler (in target 'FirebaseCore' from project 'Firebase')
    cd /Users/fukushimatakumi/develop/sugarbeat/sugarbeat-front
    
    Using response file: /Users/fukushimatakumi/Library/Developer/Xcode/DerivedData/SugarBeat-hgoxfxbbugxkfsbmqcjlbmjeaqyg/Build/Intermediates.noindex/Firebase.build/Debug-iphonesimulator/FirebaseCore.build/Objects-normal/arm64/e6072d4f65d7061329687fe24e3d63a7-common-args.resp
    
    builtin-ScanDependencies -o /Users/fukushimatakumi/Library/Developer/Xcode/DerivedData/SugarBeat-hgoxfxbbugxkfsbmqcjlbmjeaqyg/Build/Intermediates.noindex/Firebase.build/Debug-iphonesimulator/FirebaseCore.build/Objects-normal/arm64/FIROptions.o.scan -- /Applications/Xcode.app/Contents/Developer/Toolchains/XcodeDefault.xctoolchain/usr/bin/clang -x objective-c -ivfsstatcache /Users/fukushimatakumi/Library/Developer/Xcode/DerivedData/SDKStatCaches.noindex/iphonesimulator18.4-22E235-71825a6d136aa4733edcbe86ece5525b.sdkstatcache -fmessage-length\=0 -fdiagnostics-show-note-include-stack -fmacro-backtrace-limit\=0 -fno-color-diagnostics -fmodules-prune-interval\=86400 -fmodules-prune-after\=345600 -fbuild-session-file\=/Users/fukushimatakumi/Library/Developer/Xcode/DerivedData/ModuleCache.noindex/Session.modulevalidation -fmodules-validate-once-per-build-session -Wnon-modular-include-in-framework-module -Werror\=non-modular-include-in-framework-module -Wno-trigraphs -Wno-missing-field-initializers -Wno-missing-prototypes -Wno-return-type -Wno-implicit-atomic-properties -Wno-objc-interface-ivars -Wno-arc-repeated-use-of-weak -Wno-missing-braces -Wparentheses -Wswitch -Wno-unused-function -Wno-unused-label -Wno-unused-parameter -Wno-unused-variable -Wunused-value -Wno-empty-body -Wno-uninitialized -Wno-unknown-pragmas -w -Wno-shadow -Wno-four-char-constants -Wno-conversion -Wno-constant-conversion -Wno-int-conversion -Wno-bool-conversion -Wno-enum-conversion -Wno-float-conversion -Wno-non-literal-null-conversion -Wno-objc-literal-conversion -Wshorten-64-to-32 -Wpointer-sign -Wno-newline-eof -Wno-selector -Wno-strict-selector-match -Wno-undeclared-selector -Wno-deprecated-implementations -Wno-implicit-fallthrough -fstrict-aliasing -Wprotocol -Wdeprecated-declarations -Wno-sign-conversion -Wno-infinite-recursion -Wno-comma -Wno-block-capture-autoreleasing -Wno-strict-prototypes -Wno-semicolon-before-method-body -index-store-path /Users/fukushimatakumi/Library/Developer/Xcode/DerivedData/SugarBeat-hgoxfxbbugxkfsbmqcjlbmjeaqyg/Index.noindex/DataStore @/Users/fukushimatakumi/Library/Developer/Xcode/DerivedData/SugarBeat-hgoxfxbbugxkfsbmqcjlbmjeaqyg/Build/Intermediates.noindex/Firebase.build/Debug-iphonesimulator/FirebaseCore.build/Objects-normal/arm64/e6072d4f65d7061329687fe24e3d63a7-common-args.resp -include /Users/fukushimatakumi/Library/Developer/Xcode/DerivedData/SugarBeat-hgoxfxbbugxkfsbmqcjlbmjeaqyg/Build/Intermediates.noindex/Firebase.build/Debug-iphonesimulator/FirebaseCore.build/DerivedSources/resource_bundle_accessor.h -MMD -MT dependencies -MF /Users/fukushimatakumi/Library/Developer/Xcode/DerivedData/SugarBeat-hgoxfxbbugxkfsbmqcjlbmjeaqyg/Build/Intermediates.noindex/Firebase.build/Debug-iphonesimulator/FirebaseCore.build/Objects-normal/arm64/FIROptions.d --serialize-diagnostics /Users/fukushimatakumi/Library/Developer/Xcode/DerivedData/SugarBeat-hgoxfxbbugxkfsbmqcjlbmjeaqyg/Build/Intermediates.noindex/Firebase.build/Debug-iphonesimulator/FirebaseCore.build/Objects-normal/arm64/FIROptions.dia -c /Users/fukushimatakumi/Library/Developer/Xcode/DerivedData/SugarBeat-hgoxfxbbugxkfsbmqcjlbmjeaqyg/SourcePackages/checkouts/firebase-ios-sdk/FirebaseCore/Sources/FIROptions.m -o /Users/fukushimatakumi/Library/Developer/Xcode/DerivedData/SugarBeat-hgoxfxbbugxkfsbmqcjlbmjeaqyg/Build/Intermediates.noindex/Firebase.build/Debug-iphonesimulator/FirebaseCore.build/Objects-normal/arm64/FIROptions.o -index-unit-output-path /Firebase.build/Debug-iphonesimulator/FirebaseCore.build/Objects-normal/arm64/FIROptions.o

ScanDependencies /Users/fukushimatakumi/Library/Developer/Xcode/DerivedData/SugarBeat-hgoxfxbbugxkfsbmqcjlbmjeaqyg/Build/Intermediates.noindex/Firebase.build/Debug-iphonesimulator/FirebaseCore.build/Objects-normal/arm64/FIRLogger.o /Users/fukushimatakumi/Library/Developer/Xcode/DerivedData/SugarBeat-hgoxfxbbugxkfsbmqcjlbmjeaqyg/SourcePackages/checkouts/firebase-ios-sdk/FirebaseCore/Sources/FIRLogger.m normal arm64 objective-c com.apple.compilers.llvm.clang.1_0.compiler (in target 'FirebaseCore' from project 'Firebase')
    cd /Users/fukushimatakumi/develop/sugarbeat/sugarbeat-front
    
    Using response file: /Users/fukushimatakumi/Library/Developer/Xcode/DerivedData/SugarBeat-hgoxfxbbugxkfsbmqcjlbmjeaqyg/Build/Intermediates.noindex/Firebase.build/Debug-iphonesimulator/FirebaseCore.build/Objects-normal/arm64/e6072d4f65d7061329687fe24e3d63a7-common-args.resp
    
    builtin-ScanDependencies -o /Users/fukushimatakumi/Library/Developer/Xcode/DerivedData/SugarBeat-hgoxfxbbugxkfsbmqcjlbmjeaqyg/Build/Intermediates.noindex/Firebase.build/Debug-iphonesimulator/FirebaseCore.build/Objects-normal/arm64/FIRLogger.o.scan -- /Applications/Xcode.app/Contents/Developer/Toolchains/XcodeDefault.xctoolchain/usr/bin/clang -x objective-c -ivfsstatcache /Users/fukushimatakumi/Library/Developer/Xcode/DerivedData/SDKStatCaches.noindex/iphonesimulator18.4-22E235-71825a6d136aa4733edcbe86ece5525b.sdkstatcache -fmessage-length\=0 -fdiagnostics-show-note-include-stack -fmacro-backtrace-limit\=0 -fno-color-diagnostics -fmodules-prune-interval\=86400 -fmodules-prune-after\=345600 -fbuild-session-file\=/Users/fukushimatakumi/Library/Developer/Xcode/DerivedData/ModuleCache.noindex/Session.modulevalidation -fmodules-validate-once-per-build-session -Wnon-modular-include-in-framework-module -Werror\=non-modular-include-in-framework-module -Wno-trigraphs -Wno-missing-field-initializers -Wno-missing-prototypes -Wno-return-type -Wno-implicit-atomic-properties -Wno-objc-interface-ivars -Wno-arc-repeated-use-of-weak -Wno-missing-braces -Wparentheses -Wswitch -Wno-unused-function -Wno-unused-label -Wno-unused-parameter -Wno-unused-variable -Wunused-value -Wno-empty-body -Wno-uninitialized -Wno-unknown-pragmas -w -Wno-shadow -Wno-four-char-constants -Wno-conversion -Wno-constant-conversion -Wno-int-conversion -Wno-bool-conversion -Wno-enum-conversion -Wno-float-conversion -Wno-non-literal-null-conversion -Wno-objc-literal-conversion -Wshorten-64-to-32 -Wpointer-sign -Wno-newline-eof -Wno-selector -Wno-strict-selector-match -Wno-undeclared-selector -Wno-deprecated-implementations -Wno-implicit-fallthrough -fstrict-aliasing -Wprotocol -Wdeprecated-declarations -Wno-sign-conversion -Wno-infinite-recursion -Wno-comma -Wno-block-capture-autoreleasing -Wno-strict-prototypes -Wno-semicolon-before-method-body -index-store-path /Users/fukushimatakumi/Library/Developer/Xcode/DerivedData/SugarBeat-hgoxfxbbugxkfsbmqcjlbmjeaqyg/Index.noindex/DataStore @/Users/fukushimatakumi/Library/Developer/Xcode/DerivedData/SugarBeat-hgoxfxbbugxkfsbmqcjlbmjeaqyg/Build/Intermediates.noindex/Firebase.build/Debug-iphonesimulator/FirebaseCore.build/Objects-normal/arm64/e6072d4f65d7061329687fe24e3d63a7-common-args.resp -include /Users/fukushimatakumi/Library/Developer/Xcode/DerivedData/SugarBeat-hgoxfxbbugxkfsbmqcjlbmjeaqyg/Build/Intermediates.noindex/Firebase.build/Debug-iphonesimulator/FirebaseCore.build/DerivedSources/resource_bundle_accessor.h -MMD -MT dependencies -MF /Users/fukushimatakumi/Library/Developer/Xcode/DerivedData/SugarBeat-hgoxfxbbugxkfsbmqcjlbmjeaqyg/Build/Intermediates.noindex/Firebase.build/Debug-iphonesimulator/FirebaseCore.build/Objects-normal/arm64/FIRLogger.d --serialize-diagnostics /Users/fukushimatakumi/Library/Developer/Xcode/DerivedData/SugarBeat-hgoxfxbbugxkfsbmqcjlbmjeaqyg/Build/Intermediates.noindex/Firebase.build/Debug-iphonesimulator/FirebaseCore.build/Objects-normal/arm64/FIRLogger.dia -c /Users/fukushimatakumi/Library/Developer/Xcode/DerivedData/SugarBeat-hgoxfxbbugxkfsbmqcjlbmjeaqyg/SourcePackages/checkouts/firebase-ios-sdk/FirebaseCore/Sources/FIRLogger.m -o /Users/fukushimatakumi/Library/Developer/Xcode/DerivedData/SugarBeat-hgoxfxbbugxkfsbmqcjlbmjeaqyg/Build/Intermediates.noindex/Firebase.build/Debug-iphonesimulator/FirebaseCore.build/Objects-normal/arm64/FIRLogger.o -index-unit-output-path /Firebase.build/Debug-iphonesimulator/FirebaseCore.build/Objects-normal/arm64/FIRLogger.o

Ld /Users/fukushimatakumi/Library/Developer/Xcode/DerivedData/SugarBeat-hgoxfxbbugxkfsbmqcjlbmjeaqyg/Build/Products/Debug-iphonesimulator/abslWrapper.o normal (in target 'abslWrapper' from project 'abseil')
    cd /Users/fukushimatakumi/Library/Developer/Xcode/DerivedData/SugarBeat-hgoxfxbbugxkfsbmqcjlbmjeaqyg/SourcePackages/checkouts/abseil-cpp-binary
    /Applications/Xcode.app/Contents/Developer/Toolchains/XcodeDefault.xctoolchain/usr/bin/clang -Xlinker -reproducible -target arm64-apple-ios12.0-simulator -r -isysroot /Applications/Xcode.app/Contents/Developer/Platforms/iPhoneSimulator.platform/Developer/SDKs/iPhoneSimulator18.4.sdk -O0 -w -L/Users/fukushimatakumi/Library/Developer/Xcode/DerivedData/SugarBeat-hgoxfxbbugxkfsbmqcjlbmjeaqyg/Build/Intermediates.noindex/EagerLinkingTBDs/Debug-iphonesimulator -L/Users/fukushimatakumi/Library/Developer/Xcode/DerivedData/SugarBeat-hgoxfxbbugxkfsbmqcjlbmjeaqyg/Build/Products/Debug-iphonesimulator -L/Applications/Xcode.app/Contents/Developer/Platforms/iPhoneSimulator.platform/Developer/usr/lib -F/Users/fukushimatakumi/Library/Developer/Xcode/DerivedData/SugarBeat-hgoxfxbbugxkfsbmqcjlbmjeaqyg/Build/Intermediates.noindex/EagerLinkingTBDs/Debug-iphonesimulator -F/Users/fukushimatakumi/Library/Developer/Xcode/DerivedData/SugarBeat-hgoxfxbbugxkfsbmqcjlbmjeaqyg/Build/Products/Debug-iphonesimulator -iframework /Applications/Xcode.app/Contents/Developer/Platforms/iPhoneSimulator.platform/Developer/Library/Frameworks -iframework /Applications/Xcode.app/Contents/Developer/Platforms/iPhoneSimulator.platform/Developer/SDKs/iPhoneSimulator18.4.sdk/Developer/Library/Frameworks -filelist /Users/fukushimatakumi/Library/Developer/Xcode/DerivedData/SugarBeat-hgoxfxbbugxkfsbmqcjlbmjeaqyg/Build/Intermediates.noindex/abseil.build/Debug-iphonesimulator/abslWrapper.build/Objects-normal/arm64/abslWrapper.LinkFileList -nostdlib -Xlinker -object_path_lto -Xlinker /Users/fukushimatakumi/Library/Developer/Xcode/DerivedData/SugarBeat-hgoxfxbbugxkfsbmqcjlbmjeaqyg/Build/Intermediates.noindex/abseil.build/Debug-iphonesimulator/abslWrapper.build/Objects-normal/arm64/abslWrapper_lto.o -rdynamic -Xlinker -no_deduplicate -Xlinker -objc_abi_version -Xlinker 2 -Xlinker -dependency_info -Xlinker /Users/fukushimatakumi/Library/Developer/Xcode/DerivedData/SugarBeat-hgoxfxbbugxkfsbmqcjlbmjeaqyg/Build/Intermediates.noindex/abseil.build/Debug-iphonesimulator/abslWrapper.build/Objects-normal/arm64/abslWrapper_dependency_info.dat -fobjc-arc -fobjc-link-runtime -o /Users/fukushimatakumi/Library/Developer/Xcode/DerivedData/SugarBeat-hgoxfxbbugxkfsbmqcjlbmjeaqyg/Build/Products/Debug-iphonesimulator/abslWrapper.o

SwiftEmitModule normal arm64 Emitting\ module\ for\ FirebaseStorage (in target 'FirebaseStorage' from project 'Firebase')
EmitSwiftModule normal arm64 (in target 'FirebaseStorage' from project 'Firebase')
    cd /Users/fukushimatakumi/develop/sugarbeat/sugarbeat-front
    

SwiftCompile normal arm64 Compiling\ StorageGetDownloadURLTask.swift,\ StorageGetMetadataTask.swift,\ StorageInternalTask.swift /Users/fukushimatakumi/Library/Developer/Xcode/DerivedData/SugarBeat-hgoxfxbbugxkfsbmqcjlbmjeaqyg/SourcePackages/checkouts/firebase-ios-sdk/FirebaseStorage/Sources/Internal/StorageGetDownloadURLTask.swift /Users/fukushimatakumi/Library/Developer/Xcode/DerivedData/SugarBeat-hgoxfxbbugxkfsbmqcjlbmjeaqyg/SourcePackages/checkouts/firebase-ios-sdk/FirebaseStorage/Sources/Internal/StorageGetMetadataTask.swift /Users/fukushimatakumi/Library/Developer/Xcode/DerivedData/SugarBeat-hgoxfxbbugxkfsbmqcjlbmjeaqyg/SourcePackages/checkouts/firebase-ios-sdk/FirebaseStorage/Sources/Internal/StorageInternalTask.swift (in target 'FirebaseStorage' from project 'Firebase')
SwiftCompile normal arm64 /Users/fukushimatakumi/Library/Developer/Xcode/DerivedData/SugarBeat-hgoxfxbbugxkfsbmqcjlbmjeaqyg/SourcePackages/checkouts/firebase-ios-sdk/FirebaseStorage/Sources/Internal/StorageGetDownloadURLTask.swift (in target 'FirebaseStorage' from project 'Firebase')
    cd /Users/fukushimatakumi/develop/sugarbeat/sugarbeat-front
    

SwiftCompile normal arm64 /Users/fukushimatakumi/Library/Developer/Xcode/DerivedData/SugarBeat-hgoxfxbbugxkfsbmqcjlbmjeaqyg/SourcePackages/checkouts/firebase-ios-sdk/FirebaseStorage/Sources/Internal/StorageGetMetadataTask.swift (in target 'FirebaseStorage' from project 'Firebase')
    cd /Users/fukushimatakumi/develop/sugarbeat/sugarbeat-front
    

SwiftCompile normal arm64 /Users/fukushimatakumi/Library/Developer/Xcode/DerivedData/SugarBeat-hgoxfxbbugxkfsbmqcjlbmjeaqyg/SourcePackages/checkouts/firebase-ios-sdk/FirebaseStorage/Sources/Internal/StorageInternalTask.swift (in target 'FirebaseStorage' from project 'Firebase')
    cd /Users/fukushimatakumi/develop/sugarbeat/sugarbeat-front
    

SwiftCompile normal arm64 Compiling\ StorageReference.swift,\ StorageTask.swift /Users/fukushimatakumi/Library/Developer/Xcode/DerivedData/SugarBeat-hgoxfxbbugxkfsbmqcjlbmjeaqyg/SourcePackages/checkouts/firebase-ios-sdk/FirebaseStorage/Sources/StorageReference.swift /Users/fukushimatakumi/Library/Developer/Xcode/DerivedData/SugarBeat-hgoxfxbbugxkfsbmqcjlbmjeaqyg/SourcePackages/checkouts/firebase-ios-sdk/FirebaseStorage/Sources/StorageTask.swift (in target 'FirebaseStorage' from project 'Firebase')

SwiftCompile normal arm64 /Users/fukushimatakumi/Library/Developer/Xcode/DerivedData/SugarBeat-hgoxfxbbugxkfsbmqcjlbmjeaqyg/SourcePackages/checkouts/firebase-ios-sdk/FirebaseStorage/Sources/StorageReference.swift (in target 'FirebaseStorage' from project 'Firebase')
    cd /Users/fukushimatakumi/develop/sugarbeat/sugarbeat-front
    

SwiftCompile normal arm64 /Users/fukushimatakumi/Library/Developer/Xcode/DerivedData/SugarBeat-hgoxfxbbugxkfsbmqcjlbmjeaqyg/SourcePackages/checkouts/firebase-ios-sdk/FirebaseStorage/Sources/StorageTask.swift (in target 'FirebaseStorage' from project 'Firebase')
    cd /Users/fukushimatakumi/develop/sugarbeat/sugarbeat-front
    

SwiftCompile normal arm64 Compiling\ StorageTokenAuthorizer.swift,\ StorageUpdateMetadataTask.swift,\ StorageUtils.swift /Users/fukushimatakumi/Library/Developer/Xcode/DerivedData/SugarBeat-hgoxfxbbugxkfsbmqcjlbmjeaqyg/SourcePackages/checkouts/firebase-ios-sdk/FirebaseStorage/Sources/Internal/StorageTokenAuthorizer.swift /Users/fukushimatakumi/Library/Developer/Xcode/DerivedData/SugarBeat-hgoxfxbbugxkfsbmqcjlbmjeaqyg/SourcePackages/checkouts/firebase-ios-sdk/FirebaseStorage/Sources/Internal/StorageUpdateMetadataTask.swift /Users/fukushimatakumi/Library/Developer/Xcode/DerivedData/SugarBeat-hgoxfxbbugxkfsbmqcjlbmjeaqyg/SourcePackages/checkouts/firebase-ios-sdk/FirebaseStorage/Sources/Internal/StorageUtils.swift (in target 'FirebaseStorage' from project 'Firebase')

SwiftCompile normal arm64 /Users/fukushimatakumi/Library/Developer/Xcode/DerivedData/SugarBeat-hgoxfxbbugxkfsbmqcjlbmjeaqyg/SourcePackages/checkouts/firebase-ios-sdk/FirebaseStorage/Sources/Internal/StorageTokenAuthorizer.swift (in target 'FirebaseStorage' from project 'Firebase')
    cd /Users/fukushimatakumi/develop/sugarbeat/sugarbeat-front
    

SwiftCompile normal arm64 /Users/fukushimatakumi/Library/Developer/Xcode/DerivedData/SugarBeat-hgoxfxbbugxkfsbmqcjlbmjeaqyg/SourcePackages/checkouts/firebase-ios-sdk/FirebaseStorage/Sources/Internal/StorageUpdateMetadataTask.swift (in target 'FirebaseStorage' from project 'Firebase')
    cd /Users/fukushimatakumi/develop/sugarbeat/sugarbeat-front
    

SwiftCompile normal arm64 /Users/fukushimatakumi/Library/Developer/Xcode/DerivedData/SugarBeat-hgoxfxbbugxkfsbmqcjlbmjeaqyg/SourcePackages/checkouts/firebase-ios-sdk/FirebaseStorage/Sources/Internal/StorageUtils.swift (in target 'FirebaseStorage' from project 'Firebase')
    cd /Users/fukushimatakumi/develop/sugarbeat/sugarbeat-front
    

SwiftCompile normal arm64 Compiling\ StorageListTask.swift,\ StoragePath.swift,\ StorageTaskState.swift /Users/fukushimatakumi/Library/Developer/Xcode/DerivedData/SugarBeat-hgoxfxbbugxkfsbmqcjlbmjeaqyg/SourcePackages/checkouts/firebase-ios-sdk/FirebaseStorage/Sources/Internal/StorageListTask.swift /Users/fukushimatakumi/Library/Developer/Xcode/DerivedData/SugarBeat-hgoxfxbbugxkfsbmqcjlbmjeaqyg/SourcePackages/checkouts/firebase-ios-sdk/FirebaseStorage/Sources/Internal/StoragePath.swift /Users/fukushimatakumi/Library/Developer/Xcode/DerivedData/SugarBeat-hgoxfxbbugxkfsbmqcjlbmjeaqyg/SourcePackages/checkouts/firebase-ios-sdk/FirebaseStorage/Sources/Internal/StorageTaskState.swift (in target 'FirebaseStorage' from project 'Firebase')

SwiftCompile normal arm64 /Users/fukushimatakumi/Library/Developer/Xcode/DerivedData/SugarBeat-hgoxfxbbugxkfsbmqcjlbmjeaqyg/SourcePackages/checkouts/firebase-ios-sdk/FirebaseStorage/Sources/Internal/StorageListTask.swift (in target 'FirebaseStorage' from project 'Firebase')
    cd /Users/fukushimatakumi/develop/sugarbeat/sugarbeat-front
    

SwiftCompile normal arm64 /Users/fukushimatakumi/Library/Developer/Xcode/DerivedData/SugarBeat-hgoxfxbbugxkfsbmqcjlbmjeaqyg/SourcePackages/checkouts/firebase-ios-sdk/FirebaseStorage/Sources/Internal/StoragePath.swift (in target 'FirebaseStorage' from project 'Firebase')
    cd /Users/fukushimatakumi/develop/sugarbeat/sugarbeat-front
    

SwiftCompile normal arm64 /Users/fukushimatakumi/Library/Developer/Xcode/DerivedData/SugarBeat-hgoxfxbbugxkfsbmqcjlbmjeaqyg/SourcePackages/checkouts/firebase-ios-sdk/FirebaseStorage/Sources/Internal/StorageTaskState.swift (in target 'FirebaseStorage' from project 'Firebase')
    cd /Users/fukushimatakumi/develop/sugarbeat/sugarbeat-front
    

SwiftEmitModule normal arm64 Emitting\ module\ for\ FirebaseAuth (in target 'FirebaseAuth' from project 'Firebase')
EmitSwiftModule normal arm64 (in target 'FirebaseAuth' from project 'Firebase')
    cd /Users/fukushimatakumi/develop/sugarbeat/sugarbeat-front
    

SwiftCompile normal arm64 Compiling\ StorageError.swift,\ StorageListResult.swift /Users/fukushimatakumi/Library/Developer/Xcode/DerivedData/SugarBeat-hgoxfxbbugxkfsbmqcjlbmjeaqyg/SourcePackages/checkouts/firebase-ios-sdk/FirebaseStorage/Sources/StorageError.swift /Users/fukushimatakumi/Library/Developer/Xcode/DerivedData/SugarBeat-hgoxfxbbugxkfsbmqcjlbmjeaqyg/SourcePackages/checkouts/firebase-ios-sdk/FirebaseStorage/Sources/StorageListResult.swift (in target 'FirebaseStorage' from project 'Firebase')

SwiftCompile normal arm64 /Users/fukushimatakumi/Library/Developer/Xcode/DerivedData/SugarBeat-hgoxfxbbugxkfsbmqcjlbmjeaqyg/SourcePackages/checkouts/firebase-ios-sdk/FirebaseStorage/Sources/StorageError.swift (in target 'FirebaseStorage' from project 'Firebase')
    cd /Users/fukushimatakumi/develop/sugarbeat/sugarbeat-front
    

SwiftCompile normal arm64 /Users/fukushimatakumi/Library/Developer/Xcode/DerivedData/SugarBeat-hgoxfxbbugxkfsbmqcjlbmjeaqyg/SourcePackages/checkouts/firebase-ios-sdk/FirebaseStorage/Sources/StorageListResult.swift (in target 'FirebaseStorage' from project 'Firebase')
    cd /Users/fukushimatakumi/develop/sugarbeat/sugarbeat-front
    

SwiftCompile normal arm64 Compiling\ StorageConstants.swift,\ StorageDownloadTask.swift /Users/fukushimatakumi/Library/Developer/Xcode/DerivedData/SugarBeat-hgoxfxbbugxkfsbmqcjlbmjeaqyg/SourcePackages/checkouts/firebase-ios-sdk/FirebaseStorage/Sources/StorageConstants.swift /Users/fukushimatakumi/Library/Developer/Xcode/DerivedData/SugarBeat-hgoxfxbbugxkfsbmqcjlbmjeaqyg/SourcePackages/checkouts/firebase-ios-sdk/FirebaseStorage/Sources/StorageDownloadTask.swift (in target 'FirebaseStorage' from project 'Firebase')

SwiftCompile normal arm64 /Users/fukushimatakumi/Library/Developer/Xcode/DerivedData/SugarBeat-hgoxfxbbugxkfsbmqcjlbmjeaqyg/SourcePackages/checkouts/firebase-ios-sdk/FirebaseStorage/Sources/StorageConstants.swift (in target 'FirebaseStorage' from project 'Firebase')
    cd /Users/fukushimatakumi/develop/sugarbeat/sugarbeat-front
    

SwiftCompile normal arm64 /Users/fukushimatakumi/Library/Developer/Xcode/DerivedData/SugarBeat-hgoxfxbbugxkfsbmqcjlbmjeaqyg/SourcePackages/checkouts/firebase-ios-sdk/FirebaseStorage/Sources/StorageDownloadTask.swift (in target 'FirebaseStorage' from project 'Firebase')
    cd /Users/fukushimatakumi/develop/sugarbeat/sugarbeat-front
    

SwiftCompile normal arm64 Compiling\ StorageMetadata.swift,\ StorageObservableTask.swift /Users/fukushimatakumi/Library/Developer/Xcode/DerivedData/SugarBeat-hgoxfxbbugxkfsbmqcjlbmjeaqyg/SourcePackages/checkouts/firebase-ios-sdk/FirebaseStorage/Sources/StorageMetadata.swift /Users/fukushimatakumi/Library/Developer/Xcode/DerivedData/SugarBeat-hgoxfxbbugxkfsbmqcjlbmjeaqyg/SourcePackages/checkouts/firebase-ios-sdk/FirebaseStorage/Sources/StorageObservableTask.swift (in target 'FirebaseStorage' from project 'Firebase')
SwiftCompile normal arm64 /Users/fukushimatakumi/Library/Developer/Xcode/DerivedData/SugarBeat-hgoxfxbbugxkfsbmqcjlbmjeaqyg/SourcePackages/checkouts/firebase-ios-sdk/FirebaseStorage/Sources/StorageMetadata.swift (in target 'FirebaseStorage' from project 'Firebase')
    cd /Users/fukushimatakumi/develop/sugarbeat/sugarbeat-front
    

SwiftCompile normal arm64 /Users/fukushimatakumi/Library/Developer/Xcode/DerivedData/SugarBeat-hgoxfxbbugxkfsbmqcjlbmjeaqyg/SourcePackages/checkouts/firebase-ios-sdk/FirebaseStorage/Sources/StorageObservableTask.swift (in target 'FirebaseStorage' from project 'Firebase')
    cd /Users/fukushimatakumi/develop/sugarbeat/sugarbeat-front
    

SwiftCompile normal arm64 Compiling\ StorageTaskSnapshot.swift,\ StorageUploadTask.swift /Users/fukushimatakumi/Library/Developer/Xcode/DerivedData/SugarBeat-hgoxfxbbugxkfsbmqcjlbmjeaqyg/SourcePackages/checkouts/firebase-ios-sdk/FirebaseStorage/Sources/StorageTaskSnapshot.swift /Users/fukushimatakumi/Library/Developer/Xcode/DerivedData/SugarBeat-hgoxfxbbugxkfsbmqcjlbmjeaqyg/SourcePackages/checkouts/firebase-ios-sdk/FirebaseStorage/Sources/StorageUploadTask.swift (in target 'FirebaseStorage' from project 'Firebase')

SwiftCompile normal arm64 /Users/fukushimatakumi/Library/Developer/Xcode/DerivedData/SugarBeat-hgoxfxbbugxkfsbmqcjlbmjeaqyg/SourcePackages/checkouts/firebase-ios-sdk/FirebaseStorage/Sources/StorageTaskSnapshot.swift (in target 'FirebaseStorage' from project 'Firebase')
    cd /Users/fukushimatakumi/develop/sugarbeat/sugarbeat-front
    

SwiftCompile normal arm64 /Users/fukushimatakumi/Library/Developer/Xcode/DerivedData/SugarBeat-hgoxfxbbugxkfsbmqcjlbmjeaqyg/SourcePackages/checkouts/firebase-ios-sdk/FirebaseStorage/Sources/StorageUploadTask.swift (in target 'FirebaseStorage' from project 'Firebase')
    cd /Users/fukushimatakumi/develop/sugarbeat/sugarbeat-front
    

PrecompileModule /Users/fukushimatakumi/Library/Developer/Xcode/DerivedData/SugarBeat-hgoxfxbbugxkfsbmqcjlbmjeaqyg/Build/Intermediates.noindex/ExplicitPrecompiledModules/os_availability_internal-E3QKQ1HFQ2FJ8HDUGDGG34JY.scan
    cd /Users/fukushimatakumi/develop/sugarbeat/sugarbeat-front
    builtin-precompileModule /Users/fukushimatakumi/Library/Developer/Xcode/DerivedData/SugarBeat-hgoxfxbbugxkfsbmqcjlbmjeaqyg/Build/Intermediates.noindex/ExplicitPrecompiledModules/os_availability_internal-E3QKQ1HFQ2FJ8HDUGDGG34JY.scan

SwiftDriverJobDiscovery normal arm64 Compiling StorageError.swift, StorageListResult.swift (in target 'FirebaseStorage' from project 'Firebase')

PrecompileModule /Users/fukushimatakumi/Library/Developer/Xcode/DerivedData/SugarBeat-hgoxfxbbugxkfsbmqcjlbmjeaqyg/Build/Intermediates.noindex/ExplicitPrecompiledModules/TargetConditionals-DNGTS2FWFF1LK50LE4FPLH5X6.scan
    cd /Users/fukushimatakumi/develop/sugarbeat/sugarbeat-front
    builtin-precompileModule /Users/fukushimatakumi/Library/Developer/Xcode/DerivedData/SugarBeat-hgoxfxbbugxkfsbmqcjlbmjeaqyg/Build/Intermediates.noindex/ExplicitPrecompiledModules/TargetConditionals-DNGTS2FWFF1LK50LE4FPLH5X6.scan

PrecompileModule /Users/fukushimatakumi/Library/Developer/Xcode/DerivedData/SugarBeat-hgoxfxbbugxkfsbmqcjlbmjeaqyg/Build/Intermediates.noindex/ExplicitPrecompiledModules/_Builtin_stdarg-AMSFNXLMU3YNPPMWHVUIUF1NA.scan
    cd /Users/fukushimatakumi/develop/sugarbeat/sugarbeat-front
    builtin-precompileModule /Users/fukushimatakumi/Library/Developer/Xcode/DerivedData/SugarBeat-hgoxfxbbugxkfsbmqcjlbmjeaqyg/Build/Intermediates.noindex/ExplicitPrecompiledModules/_Builtin_stdarg-AMSFNXLMU3YNPPMWHVUIUF1NA.scan

PrecompileModule /Users/fukushimatakumi/Library/Developer/Xcode/DerivedData/SugarBeat-hgoxfxbbugxkfsbmqcjlbmjeaqyg/Build/Intermediates.noindex/ExplicitPrecompiledModules/ptrcheck-77RJRCCWA70449774JA22MWHI.scan
    cd /Users/fukushimatakumi/develop/sugarbeat/sugarbeat-front
    builtin-precompileModule /Users/fukushimatakumi/Library/Developer/Xcode/DerivedData/SugarBeat-hgoxfxbbugxkfsbmqcjlbmjeaqyg/Build/Intermediates.noindex/ExplicitPrecompiledModules/ptrcheck-77RJRCCWA70449774JA22MWHI.scan

PrecompileModule /Users/fukushimatakumi/Library/Developer/Xcode/DerivedData/SugarBeat-hgoxfxbbugxkfsbmqcjlbmjeaqyg/Build/Intermediates.noindex/ExplicitPrecompiledModules/_Builtin_stddef-9PMHP02CYHQ7I5561E4E9YORD.scan
    cd /Users/fukushimatakumi/develop/sugarbeat/sugarbeat-front
    builtin-precompileModule /Users/fukushimatakumi/Library/Developer/Xcode/DerivedData/SugarBeat-hgoxfxbbugxkfsbmqcjlbmjeaqyg/Build/Intermediates.noindex/ExplicitPrecompiledModules/_Builtin_stddef-9PMHP02CYHQ7I5561E4E9YORD.scan

PrecompileModule /Users/fukushimatakumi/Library/Developer/Xcode/DerivedData/SugarBeat-hgoxfxbbugxkfsbmqcjlbmjeaqyg/Build/Intermediates.noindex/ExplicitPrecompiledModules/_Builtin_iso646-3ROLVGTMO81JF2K36RWURHXFS.scan
    cd /Users/fukushimatakumi/develop/sugarbeat/sugarbeat-front
    builtin-precompileModule /Users/fukushimatakumi/Library/Developer/Xcode/DerivedData/SugarBeat-hgoxfxbbugxkfsbmqcjlbmjeaqyg/Build/Intermediates.noindex/ExplicitPrecompiledModules/_Builtin_iso646-3ROLVGTMO81JF2K36RWURHXFS.scan

SwiftDriverJobDiscovery normal arm64 Compiling StorageTokenAuthorizer.swift, StorageUpdateMetadataTask.swift, StorageUtils.swift (in target 'FirebaseStorage' from project 'Firebase')

PrecompileModule /Users/fukushimatakumi/Library/Developer/Xcode/DerivedData/SugarBeat-hgoxfxbbugxkfsbmqcjlbmjeaqyg/Build/Intermediates.noindex/ExplicitPrecompiledModules/os_availability-2YKWG7NTFNM8COY89MODJQ78E.scan
    cd /Users/fukushimatakumi/develop/sugarbeat/sugarbeat-front
    builtin-precompileModule /Users/fukushimatakumi/Library/Developer/Xcode/DerivedData/SugarBeat-hgoxfxbbugxkfsbmqcjlbmjeaqyg/Build/Intermediates.noindex/ExplicitPrecompiledModules/os_availability-2YKWG7NTFNM8COY89MODJQ78E.scan

PrecompileModule /Users/fukushimatakumi/Library/Developer/Xcode/DerivedData/SugarBeat-hgoxfxbbugxkfsbmqcjlbmjeaqyg/Build/Intermediates.noindex/ExplicitPrecompiledModules/_Builtin_stdbool-4Q08GHAVDGDF9Y385WCWLTXVH.scan
    cd /Users/fukushimatakumi/develop/sugarbeat/sugarbeat-front
    builtin-precompileModule /Users/fukushimatakumi/Library/Developer/Xcode/DerivedData/SugarBeat-hgoxfxbbugxkfsbmqcjlbmjeaqyg/Build/Intermediates.noindex/ExplicitPrecompiledModules/_Builtin_stdbool-4Q08GHAVDGDF9Y385WCWLTXVH.scan

PrecompileModule /Users/fukushimatakumi/Library/Developer/Xcode/DerivedData/SugarBeat-hgoxfxbbugxkfsbmqcjlbmjeaqyg/Build/Intermediates.noindex/ExplicitPrecompiledModules/ptrauth-BJQ6ER7Z9RJQDO9574YXI88F.scan
    cd /Users/fukushimatakumi/develop/sugarbeat/sugarbeat-front
    builtin-precompileModule /Users/fukushimatakumi/Library/Developer/Xcode/DerivedData/SugarBeat-hgoxfxbbugxkfsbmqcjlbmjeaqyg/Build/Intermediates.noindex/ExplicitPrecompiledModules/ptrauth-BJQ6ER7Z9RJQDO9574YXI88F.scan

PrecompileModule /Users/fukushimatakumi/Library/Developer/Xcode/DerivedData/SugarBeat-hgoxfxbbugxkfsbmqcjlbmjeaqyg/Build/Intermediates.noindex/ExplicitPrecompiledModules/AvailabilityMacros-59AJ4GGDIEY3KNFN4BSIANSRU.scan
    cd /Users/fukushimatakumi/develop/sugarbeat/sugarbeat-front
    builtin-precompileModule /Users/fukushimatakumi/Library/Developer/Xcode/DerivedData/SugarBeat-hgoxfxbbugxkfsbmqcjlbmjeaqyg/Build/Intermediates.noindex/ExplicitPrecompiledModules/AvailabilityMacros-59AJ4GGDIEY3KNFN4BSIANSRU.scan

PrecompileModule /Users/fukushimatakumi/Library/Developer/Xcode/DerivedData/SugarBeat-hgoxfxbbugxkfsbmqcjlbmjeaqyg/Build/Intermediates.noindex/ExplicitPrecompiledModules/DarwinFoundation-3MVZDCFROZFU6SIWI2PPHFHNQ.scan
    cd /Users/fukushimatakumi/develop/sugarbeat/sugarbeat-front
    builtin-precompileModule /Users/fukushimatakumi/Library/Developer/Xcode/DerivedData/SugarBeat-hgoxfxbbugxkfsbmqcjlbmjeaqyg/Build/Intermediates.noindex/ExplicitPrecompiledModules/DarwinFoundation-3MVZDCFROZFU6SIWI2PPHFHNQ.scan

SwiftDriverJobDiscovery normal arm64 Compiling StorageReference.swift, StorageTask.swift (in target 'FirebaseStorage' from project 'Firebase')

PrecompileModule /Users/fukushimatakumi/Library/Developer/Xcode/DerivedData/SugarBeat-hgoxfxbbugxkfsbmqcjlbmjeaqyg/Build/Intermediates.noindex/ExplicitPrecompiledModules/_fenv-33MR6NWAR2ZRLHB0WBMLSHDCZ.scan
    cd /Users/fukushimatakumi/develop/sugarbeat/sugarbeat-front
    builtin-precompileModule /Users/fukushimatakumi/Library/Developer/Xcode/DerivedData/SugarBeat-hgoxfxbbugxkfsbmqcjlbmjeaqyg/Build/Intermediates.noindex/ExplicitPrecompiledModules/_fenv-33MR6NWAR2ZRLHB0WBMLSHDCZ.scan

PrecompileModule /Users/fukushimatakumi/Library/Developer/Xcode/DerivedData/SugarBeat-hgoxfxbbugxkfsbmqcjlbmjeaqyg/Build/Intermediates.noindex/ExplicitPrecompiledModules/_float-31Q8VKN77WW3HCRTEBX9559B3.scan
    cd /Users/fukushimatakumi/develop/sugarbeat/sugarbeat-front
    builtin-precompileModule /Users/fukushimatakumi/Library/Developer/Xcode/DerivedData/SugarBeat-hgoxfxbbugxkfsbmqcjlbmjeaqyg/Build/Intermediates.noindex/ExplicitPrecompiledModules/_float-31Q8VKN77WW3HCRTEBX9559B3.scan

SwiftCompile normal arm64 Compiling\ Result.swift,\ Storage.swift /Users/fukushimatakumi/Library/Developer/Xcode/DerivedData/SugarBeat-hgoxfxbbugxkfsbmqcjlbmjeaqyg/SourcePackages/checkouts/firebase-ios-sdk/FirebaseStorage/Sources/Result.swift /Users/fukushimatakumi/Library/Developer/Xcode/DerivedData/SugarBeat-hgoxfxbbugxkfsbmqcjlbmjeaqyg/SourcePackages/checkouts/firebase-ios-sdk/FirebaseStorage/Sources/Storage.swift (in target 'FirebaseStorage' from project 'Firebase')

SwiftCompile normal arm64 /Users/fukushimatakumi/Library/Developer/Xcode/DerivedData/SugarBeat-hgoxfxbbugxkfsbmqcjlbmjeaqyg/SourcePackages/checkouts/firebase-ios-sdk/FirebaseStorage/Sources/Result.swift (in target 'FirebaseStorage' from project 'Firebase')
    cd /Users/fukushimatakumi/develop/sugarbeat/sugarbeat-front
    

SwiftCompile normal arm64 /Users/fukushimatakumi/Library/Developer/Xcode/DerivedData/SugarBeat-hgoxfxbbugxkfsbmqcjlbmjeaqyg/SourcePackages/checkouts/firebase-ios-sdk/FirebaseStorage/Sources/Storage.swift (in target 'FirebaseStorage' from project 'Firebase')
    cd /Users/fukushimatakumi/develop/sugarbeat/sugarbeat-front
    

SwiftCompile normal arm64 Compiling\ AsyncAwait.swift,\ StorageDeleteTask.swift,\ StorageFetcherService.swift /Users/fukushimatakumi/Library/Developer/Xcode/DerivedData/SugarBeat-hgoxfxbbugxkfsbmqcjlbmjeaqyg/SourcePackages/checkouts/firebase-ios-sdk/FirebaseStorage/Sources/AsyncAwait.swift /Users/fukushimatakumi/Library/Developer/Xcode/DerivedData/SugarBeat-hgoxfxbbugxkfsbmqcjlbmjeaqyg/SourcePackages/checkouts/firebase-ios-sdk/FirebaseStorage/Sources/Internal/StorageDeleteTask.swift /Users/fukushimatakumi/Library/Developer/Xcode/DerivedData/SugarBeat-hgoxfxbbugxkfsbmqcjlbmjeaqyg/SourcePackages/checkouts/firebase-ios-sdk/FirebaseStorage/Sources/Internal/StorageFetcherService.swift (in target 'FirebaseStorage' from project 'Firebase')

SwiftCompile normal arm64 /Users/fukushimatakumi/Library/Developer/Xcode/DerivedData/SugarBeat-hgoxfxbbugxkfsbmqcjlbmjeaqyg/SourcePackages/checkouts/firebase-ios-sdk/FirebaseStorage/Sources/AsyncAwait.swift (in target 'FirebaseStorage' from project 'Firebase')
    cd /Users/fukushimatakumi/develop/sugarbeat/sugarbeat-front
    

SwiftCompile normal arm64 /Users/fukushimatakumi/Library/Developer/Xcode/DerivedData/SugarBeat-hgoxfxbbugxkfsbmqcjlbmjeaqyg/SourcePackages/checkouts/firebase-ios-sdk/FirebaseStorage/Sources/Internal/StorageDeleteTask.swift (in target 'FirebaseStorage' from project 'Firebase')
    cd /Users/fukushimatakumi/develop/sugarbeat/sugarbeat-front
    

SwiftCompile normal arm64 /Users/fukushimatakumi/Library/Developer/Xcode/DerivedData/SugarBeat-hgoxfxbbugxkfsbmqcjlbmjeaqyg/SourcePackages/checkouts/firebase-ios-sdk/FirebaseStorage/Sources/Internal/StorageFetcherService.swift (in target 'FirebaseStorage' from project 'Firebase')
    cd /Users/fukushimatakumi/develop/sugarbeat/sugarbeat-front
    

PrecompileModule /Users/fukushimatakumi/Library/Developer/Xcode/DerivedData/SugarBeat-hgoxfxbbugxkfsbmqcjlbmjeaqyg/Build/Intermediates.noindex/ExplicitPrecompiledModules/_locale-79GJLORSXTGTWE3XMYG4TVRAN.scan
    cd /Users/fukushimatakumi/develop/sugarbeat/sugarbeat-front
    builtin-precompileModule /Users/fukushimatakumi/Library/Developer/Xcode/DerivedData/SugarBeat-hgoxfxbbugxkfsbmqcjlbmjeaqyg/Build/Intermediates.noindex/ExplicitPrecompiledModules/_locale-79GJLORSXTGTWE3XMYG4TVRAN.scan

SwiftDriverJobDiscovery normal arm64 Emitting module for FirebaseStorage (in target 'FirebaseStorage' from project 'Firebase')

SwiftDriver\ Compilation\ Requirements FirebaseStorage normal arm64 com.apple.xcode.tools.swift.compiler (in target 'FirebaseStorage' from project 'Firebase')
    cd /Users/fukushimatakumi/develop/sugarbeat/sugarbeat-front
    builtin-Swift-Compilation-Requirements -- /Applications/Xcode.app/Contents/Developer/Toolchains/XcodeDefault.xctoolchain/usr/bin/swiftc -module-name FirebaseStorage -Onone -enforce-exclusivity\=checked @/Users/fukushimatakumi/Library/Developer/Xcode/DerivedData/SugarBeat-hgoxfxbbugxkfsbmqcjlbmjeaqyg/Build/Intermediates.noindex/Firebase.build/Debug-iphonesimulator/FirebaseStorage.build/Objects-normal/arm64/FirebaseStorage.SwiftFileList -DSWIFT_PACKAGE -DDEBUG -Xcc -fmodule-map-file\=/Users/fukushimatakumi/Library/Developer/Xcode/DerivedData/SugarBeat-hgoxfxbbugxkfsbmqcjlbmjeaqyg/Build/Intermediates.noindex/GeneratedModuleMaps-iphonesimulator/GoogleUtilities-NSData.modulemap -Xcc -fmodule-map-file\=/Users/fukushimatakumi/Library/Developer/Xcode/DerivedData/SugarBeat-hgoxfxbbugxkfsbmqcjlbmjeaqyg/Build/Intermediates.noindex/GeneratedModuleMaps-iphonesimulator/GoogleUtilities-Environment.modulemap -Xcc -fmodule-map-file\=/Users/fukushimatakumi/Library/Developer/Xcode/DerivedData/SugarBeat-hgoxfxbbugxkfsbmqcjlbmjeaqyg/Build/Intermediates.noindex/GeneratedModuleMaps-iphonesimulator/third-party-IsAppEncrypted.modulemap -Xcc -fmodule-map-file\=/Users/fukushimatakumi/Library/Developer/Xcode/DerivedData/SugarBeat-hgoxfxbbugxkfsbmqcjlbmjeaqyg/Build/Intermediates.noindex/GeneratedModuleMaps-iphonesimulator/GoogleUtilities-Logger.modulemap -Xcc -fmodule-map-file\=/Users/fukushimatakumi/Library/Developer/Xcode/DerivedData/SugarBeat-hgoxfxbbugxkfsbmqcjlbmjeaqyg/Build/Intermediates.noindex/GeneratedModuleMaps-iphonesimulator/GTMSessionFetcherCore.modulemap -Xcc -fmodule-map-file\=/Users/fukushimatakumi/Library/Developer/Xcode/DerivedData/SugarBeat-hgoxfxbbugxkfsbmqcjlbmjeaqyg/Build/Intermediates.noindex/GeneratedModuleMaps-iphonesimulator/FirebaseCoreExtension.modulemap -Xcc -fmodule-map-file\=/Users/fukushimatakumi/Library/Developer/Xcode/DerivedData/SugarBeat-hgoxfxbbugxkfsbmqcjlbmjeaqyg/Build/Intermediates.noindex/GeneratedModuleMaps-iphonesimulator/FirebaseCore.modulemap -Xcc -fmodule-map-file\=/Users/fukushimatakumi/Library/Developer/Xcode/DerivedData/SugarBeat-hgoxfxbbugxkfsbmqcjlbmjeaqyg/Build/Intermediates.noindex/GeneratedModuleMaps-iphonesimulator/FirebaseAuthInterop.modulemap -Xcc -fmodule-map-file\=/Users/fukushimatakumi/Library/Developer/Xcode/DerivedData/SugarBeat-hgoxfxbbugxkfsbmqcjlbmjeaqyg/Build/Intermediates.noindex/GeneratedModuleMaps-iphonesimulator/FirebaseAppCheckInterop.modulemap -DXcode -plugin-path /Applications/Xcode.app/Contents/Developer/Toolchains/XcodeDefault.xctoolchain/usr/lib/swift/host/plugins/testing -enable-experimental-feature DebugDescriptionMacro -sdk /Applications/Xcode.app/Contents/Developer/Platforms/iPhoneSimulator.platform/Developer/SDKs/iPhoneSimulator18.4.sdk -target arm64-apple-ios15.0-simulator -g -module-cache-path /Users/fukushimatakumi/Library/Developer/Xcode/DerivedData/ModuleCache.noindex -Xfrontend -serialize-debugging-options -enable-testing -suppress-warnings -index-store-path /Users/fukushimatakumi/Library/Developer/Xcode/DerivedData/SugarBeat-hgoxfxbbugxkfsbmqcjlbmjeaqyg/Index.noindex/DataStore -swift-version 5 -I /Users/fukushimatakumi/Library/Developer/Xcode/DerivedData/SugarBeat-hgoxfxbbugxkfsbmqcjlbmjeaqyg/Build/Products/Debug-iphonesimulator -I /Applications/Xcode.app/Contents/Developer/Platforms/iPhoneSimulator.platform/Developer/usr/lib -F /Users/fukushimatakumi/Library/Developer/Xcode/DerivedData/SugarBeat-hgoxfxbbugxkfsbmqcjlbmjeaqyg/Build/Products/Debug-iphonesimulator/PackageFrameworks -F /Users/fukushimatakumi/Library/Developer/Xcode/DerivedData/SugarBeat-hgoxfxbbugxkfsbmqcjlbmjeaqyg/Build/Products/Debug-iphonesimulator/PackageFrameworks -F /Users/fukushimatakumi/Library/Developer/Xcode/DerivedData/SugarBeat-hgoxfxbbugxkfsbmqcjlbmjeaqyg/Build/Products/Debug-iphonesimulator/PackageFrameworks -F /Users/fukushimatakumi/Library/Developer/Xcode/DerivedData/SugarBeat-hgoxfxbbugxkfsbmqcjlbmjeaqyg/Build/Products/Debug-iphonesimulator/PackageFrameworks -F /Users/fukushimatakumi/Library/Developer/Xcode/DerivedData/SugarBeat-hgoxfxbbugxkfsbmqcjlbmjeaqyg/Build/Products/Debug-iphonesimulator/PackageFrameworks -F /Users/fukushimatakumi/Library/Developer/Xcode/DerivedData/SugarBeat-hgoxfxbbugxkfsbmqcjlbmjeaqyg/Build/Products/Debug-iphonesimulator/PackageFrameworks -F /Users/fukushimatakumi/Library/Developer/Xcode/DerivedData/SugarBeat-hgoxfxbbugxkfsbmqcjlbmjeaqyg/Build/Products/Debug-iphonesimulator/PackageFrameworks -F /Users/fukushimatakumi/Library/Developer/Xcode/DerivedData/SugarBeat-hgoxfxbbugxkfsbmqcjlbmjeaqyg/Build/Products/Debug-iphonesimulator/PackageFrameworks -F /Users/fukushimatakumi/Library/Developer/Xcode/DerivedData/SugarBeat-hgoxfxbbugxkfsbmqcjlbmjeaqyg/Build/Products/Debug-iphonesimulator/PackageFrameworks -F /Users/fukushimatakumi/Library/Developer/Xcode/DerivedData/SugarBeat-hgoxfxbbugxkfsbmqcjlbmjeaqyg/Build/Products/Debug-iphonesimulator/PackageFrameworks -F /Users/fukushimatakumi/Library/Developer/Xcode/DerivedData/SugarBeat-hgoxfxbbugxkfsbmqcjlbmjeaqyg/Build/Products/Debug-iphonesimulator/PackageFrameworks -F /Users/fukushimatakumi/Library/Developer/Xcode/DerivedData/SugarBeat-hgoxfxbbugxkfsbmqcjlbmjeaqyg/Build/Products/Debug-iphonesimulator -F /Applications/Xcode.app/Contents/Developer/Platforms/iPhoneSimulator.platform/Developer/Library/Frameworks -F /Applications/Xcode.app/Contents/Developer/Platforms/iPhoneSimulator.platform/Developer/SDKs/iPhoneSimulator18.4.sdk/Developer/Library/Frameworks -c -j10 -enable-batch-mode -incremental -Xcc -ivfsstatcache -Xcc /Users/fukushimatakumi/Library/Developer/Xcode/DerivedData/SDKStatCaches.noindex/iphonesimulator18.4-22E235-71825a6d136aa4733edcbe86ece5525b.sdkstatcache -output-file-map /Users/fukushimatakumi/Library/Developer/Xcode/DerivedData/SugarBeat-hgoxfxbbugxkfsbmqcjlbmjeaqyg/Build/Intermediates.noindex/Firebase.build/Debug-iphonesimulator/FirebaseStorage.build/Objects-normal/arm64/FirebaseStorage-OutputFileMap.json -use-frontend-parseable-output -save-temps -no-color-diagnostics -serialize-diagnostics -emit-dependencies -emit-module -emit-module-path /Users/fukushimatakumi/Library/Developer/Xcode/DerivedData/SugarBeat-hgoxfxbbugxkfsbmqcjlbmjeaqyg/Build/Intermediates.noindex/Firebase.build/Debug-iphonesimulator/FirebaseStorage.build/Objects-normal/arm64/FirebaseStorage.swiftmodule -user-module-version 12.7.0 -validate-clang-modules-once -clang-build-session-file /Users/fukushimatakumi/Library/Developer/Xcode/DerivedData/ModuleCache.noindex/Session.modulevalidation -package-name firebase_ios_sdk -Xcc -I/Users/fukushimatakumi/Library/Developer/Xcode/DerivedData/SugarBeat-hgoxfxbbugxkfsbmqcjlbmjeaqyg/Build/Intermediates.noindex/Firebase.build/Debug-iphonesimulator/FirebaseStorage.build/swift-overrides.hmap -emit-const-values -Xfrontend -const-gather-protocols-file -Xfrontend /Users/fukushimatakumi/Library/Developer/Xcode/DerivedData/SugarBeat-hgoxfxbbugxkfsbmqcjlbmjeaqyg/Build/Intermediates.noindex/Firebase.build/Debug-iphonesimulator/FirebaseStorage.build/Objects-normal/arm64/FirebaseStorage_const_extract_protocols.json -Xcc -I/Users/fukushimatakumi/Library/Developer/Xcode/DerivedData/SugarBeat-hgoxfxbbugxkfsbmqcjlbmjeaqyg/SourcePackages/checkouts/GoogleUtilities/GoogleUtilities/NSData+zlib/Public -Xcc -I/Users/fukushimatakumi/Library/Developer/Xcode/DerivedData/SugarBeat-hgoxfxbbugxkfsbmqcjlbmjeaqyg/SourcePackages/checkouts/GoogleUtilities/GoogleUtilities/Environment/Public -Xcc -I/Users/fukushimatakumi/Library/Developer/Xcode/DerivedData/SugarBeat-hgoxfxbbugxkfsbmqcjlbmjeaqyg/SourcePackages/checkouts/GoogleUtilities/third_party/IsAppEncrypted/Public -Xcc -I/Users/fukushimatakumi/Library/Developer/Xcode/DerivedData/SugarBeat-hgoxfxbbugxkfsbmqcjlbmjeaqyg/SourcePackages/checkouts/GoogleUtilities/GoogleUtilities/Logger/Public -Xcc -I/Users/fukushimatakumi/Library/Developer/Xcode/DerivedData/SugarBeat-hgoxfxbbugxkfsbmqcjlbmjeaqyg/SourcePackages/checkouts/gtm-session-fetcher/Sources/Core/Public -Xcc -I/Users/fukushimatakumi/Library/Developer/Xcode/DerivedData/SugarBeat-hgoxfxbbugxkfsbmqcjlbmjeaqyg/SourcePackages/checkouts/firebase-ios-sdk/FirebaseCore/Extension -Xcc -I/Users/fukushimatakumi/Library/Developer/Xcode/DerivedData/SugarBeat-hgoxfxbbugxkfsbmqcjlbmjeaqyg/SourcePackages/checkouts/firebase-ios-sdk/FirebaseCore/Sources/Public -Xcc -I/Users/fukushimatakumi/Library/Developer/Xcode/DerivedData/SugarBeat-hgoxfxbbugxkfsbmqcjlbmjeaqyg/SourcePackages/checkouts/firebase-ios-sdk/CoreOnly/Sources -Xcc -I/Users/fukushimatakumi/Library/Developer/Xcode/DerivedData/SugarBeat-hgoxfxbbugxkfsbmqcjlbmjeaqyg/SourcePackages/checkouts/firebase-ios-sdk/FirebaseAuth/Interop/Public -Xcc -I/Users/fukushimatakumi/Library/Developer/Xcode/DerivedData/SugarBeat-hgoxfxbbugxkfsbmqcjlbmjeaqyg/SourcePackages/checkouts/firebase-ios-sdk/FirebaseAppCheck/Interop/Public -Xcc -I/Users/fukushimatakumi/Library/Developer/Xcode/DerivedData/SugarBeat-hgoxfxbbugxkfsbmqcjlbmjeaqyg/Build/Products/Debug-iphonesimulator/include -Xcc -I/Users/fukushimatakumi/Library/Developer/Xcode/DerivedData/SugarBeat-hgoxfxbbugxkfsbmqcjlbmjeaqyg/Build/Intermediates.noindex/Firebase.build/Debug-iphonesimulator/FirebaseStorage.build/DerivedSources-normal/arm64 -Xcc -I/Users/fukushimatakumi/Library/Developer/Xcode/DerivedData/SugarBeat-hgoxfxbbugxkfsbmqcjlbmjeaqyg/Build/Intermediates.noindex/Firebase.build/Debug-iphonesimulator/FirebaseStorage.build/DerivedSources/arm64 -Xcc -I/Users/fukushimatakumi/Library/Developer/Xcode/DerivedData/SugarBeat-hgoxfxbbugxkfsbmqcjlbmjeaqyg/Build/Intermediates.noindex/Firebase.build/Debug-iphonesimulator/FirebaseStorage.build/DerivedSources -Xcc -DSWIFT_PACKAGE -Xcc -DDEBUG\=1 -emit-objc-header -emit-objc-header-path /Users/fukushimatakumi/Library/Developer/Xcode/DerivedData/SugarBeat-hgoxfxbbugxkfsbmqcjlbmjeaqyg/Build/Intermediates.noindex/Firebase.build/Debug-iphonesimulator/FirebaseStorage.build/Objects-normal/arm64/FirebaseStorage-Swift.h -working-directory /Users/fukushimatakumi/develop/sugarbeat/sugarbeat-front -experimental-emit-module-separately -disable-cmo

PrecompileModule /Users/fukushimatakumi/Library/Developer/Xcode/DerivedData/SugarBeat-hgoxfxbbugxkfsbmqcjlbmjeaqyg/Build/Intermediates.noindex/ExplicitPrecompiledModules/_errno-95BW8E8TDB0F271BICP1ZFZ3C.scan
    cd /Users/fukushimatakumi/develop/sugarbeat/sugarbeat-front
    builtin-precompileModule /Users/fukushimatakumi/Library/Developer/Xcode/DerivedData/SugarBeat-hgoxfxbbugxkfsbmqcjlbmjeaqyg/Build/Intermediates.noindex/ExplicitPrecompiledModules/_errno-95BW8E8TDB0F271BICP1ZFZ3C.scan

SwiftMergeGeneratedHeaders /Users/fukushimatakumi/Library/Developer/Xcode/DerivedData/SugarBeat-hgoxfxbbugxkfsbmqcjlbmjeaqyg/Build/Intermediates.noindex/GeneratedModuleMaps-iphonesimulator/FirebaseStorage-Swift.h /Users/fukushimatakumi/Library/Developer/Xcode/DerivedData/SugarBeat-hgoxfxbbugxkfsbmqcjlbmjeaqyg/Build/Intermediates.noindex/Firebase.build/Debug-iphonesimulator/FirebaseStorage.build/Objects-normal/arm64/FirebaseStorage-Swift.h (in target 'FirebaseStorage' from project 'Firebase')
    cd /Users/fukushimatakumi/Library/Developer/Xcode/DerivedData/SugarBeat-hgoxfxbbugxkfsbmqcjlbmjeaqyg/SourcePackages/checkouts/firebase-ios-sdk
    builtin-swiftHeaderTool -arch arm64 /Users/fukushimatakumi/Library/Developer/Xcode/DerivedData/SugarBeat-hgoxfxbbugxkfsbmqcjlbmjeaqyg/Build/Intermediates.noindex/Firebase.build/Debug-iphonesimulator/FirebaseStorage.build/Objects-normal/arm64/FirebaseStorage-Swift.h -o /Users/fukushimatakumi/Library/Developer/Xcode/DerivedData/SugarBeat-hgoxfxbbugxkfsbmqcjlbmjeaqyg/Build/Intermediates.noindex/GeneratedModuleMaps-iphonesimulator/FirebaseStorage-Swift.h

Copy /Users/fukushimatakumi/Library/Developer/Xcode/DerivedData/SugarBeat-hgoxfxbbugxkfsbmqcjlbmjeaqyg/Build/Products/Debug-iphonesimulator/FirebaseStorage.swiftmodule/arm64-apple-ios-simulator.swiftmodule /Users/fukushimatakumi/Library/Developer/Xcode/DerivedData/SugarBeat-hgoxfxbbugxkfsbmqcjlbmjeaqyg/Build/Intermediates.noindex/Firebase.build/Debug-iphonesimulator/FirebaseStorage.build/Objects-normal/arm64/FirebaseStorage.swiftmodule (in target 'FirebaseStorage' from project 'Firebase')
    cd /Users/fukushimatakumi/Library/Developer/Xcode/DerivedData/SugarBeat-hgoxfxbbugxkfsbmqcjlbmjeaqyg/SourcePackages/checkouts/firebase-ios-sdk
    builtin-copy -exclude .DS_Store -exclude CVS -exclude .svn -exclude .git -exclude .hg -resolve-src-symlinks -rename /Users/fukushimatakumi/Library/Developer/Xcode/DerivedData/SugarBeat-hgoxfxbbugxkfsbmqcjlbmjeaqyg/Build/Intermediates.noindex/Firebase.build/Debug-iphonesimulator/FirebaseStorage.build/Objects-normal/arm64/FirebaseStorage.swiftmodule /Users/fukushimatakumi/Library/Developer/Xcode/DerivedData/SugarBeat-hgoxfxbbugxkfsbmqcjlbmjeaqyg/Build/Products/Debug-iphonesimulator/FirebaseStorage.swiftmodule/arm64-apple-ios-simulator.swiftmodule

Copy /Users/fukushimatakumi/Library/Developer/Xcode/DerivedData/SugarBeat-hgoxfxbbugxkfsbmqcjlbmjeaqyg/Build/Products/Debug-iphonesimulator/FirebaseStorage.swiftmodule/arm64-apple-ios-simulator.swiftdoc /Users/fukushimatakumi/Library/Developer/Xcode/DerivedData/SugarBeat-hgoxfxbbugxkfsbmqcjlbmjeaqyg/Build/Intermediates.noindex/Firebase.build/Debug-iphonesimulator/FirebaseStorage.build/Objects-normal/arm64/FirebaseStorage.swiftdoc (in target 'FirebaseStorage' from project 'Firebase')
    cd /Users/fukushimatakumi/Library/Developer/Xcode/DerivedData/SugarBeat-hgoxfxbbugxkfsbmqcjlbmjeaqyg/SourcePackages/checkouts/firebase-ios-sdk
    builtin-copy -exclude .DS_Store -exclude CVS -exclude .svn -exclude .git -exclude .hg -resolve-src-symlinks -rename /Users/fukushimatakumi/Library/Developer/Xcode/DerivedData/SugarBeat-hgoxfxbbugxkfsbmqcjlbmjeaqyg/Build/Intermediates.noindex/Firebase.build/Debug-iphonesimulator/FirebaseStorage.build/Objects-normal/arm64/FirebaseStorage.swiftdoc /Users/fukushimatakumi/Library/Developer/Xcode/DerivedData/SugarBeat-hgoxfxbbugxkfsbmqcjlbmjeaqyg/Build/Products/Debug-iphonesimulator/FirebaseStorage.swiftmodule/arm64-apple-ios-simulator.swiftdoc

Copy /Users/fukushimatakumi/Library/Developer/Xcode/DerivedData/SugarBeat-hgoxfxbbugxkfsbmqcjlbmjeaqyg/Build/Products/Debug-iphonesimulator/FirebaseStorage.swiftmodule/arm64-apple-ios-simulator.abi.json /Users/fukushimatakumi/Library/Developer/Xcode/DerivedData/SugarBeat-hgoxfxbbugxkfsbmqcjlbmjeaqyg/Build/Intermediates.noindex/Firebase.build/Debug-iphonesimulator/FirebaseStorage.build/Objects-normal/arm64/FirebaseStorage.abi.json (in target 'FirebaseStorage' from project 'Firebase')
    cd /Users/fukushimatakumi/Library/Developer/Xcode/DerivedData/SugarBeat-hgoxfxbbugxkfsbmqcjlbmjeaqyg/SourcePackages/checkouts/firebase-ios-sdk
    builtin-copy -exclude .DS_Store -exclude CVS -exclude .svn -exclude .git -exclude .hg -resolve-src-symlinks -rename /Users/fukushimatakumi/Library/Developer/Xcode/DerivedData/SugarBeat-hgoxfxbbugxkfsbmqcjlbmjeaqyg/Build/Intermediates.noindex/Firebase.build/Debug-iphonesimulator/FirebaseStorage.build/Objects-normal/arm64/FirebaseStorage.abi.json /Users/fukushimatakumi/Library/Developer/Xcode/DerivedData/SugarBeat-hgoxfxbbugxkfsbmqcjlbmjeaqyg/Build/Products/Debug-iphonesimulator/FirebaseStorage.swiftmodule/arm64-apple-ios-simulator.abi.json

Copy /Users/fukushimatakumi/Library/Developer/Xcode/DerivedData/SugarBeat-hgoxfxbbugxkfsbmqcjlbmjeaqyg/Build/Products/Debug-iphonesimulator/FirebaseStorage.swiftmodule/Project/arm64-apple-ios-simulator.swiftsourceinfo /Users/fukushimatakumi/Library/Developer/Xcode/DerivedData/SugarBeat-hgoxfxbbugxkfsbmqcjlbmjeaqyg/Build/Intermediates.noindex/Firebase.build/Debug-iphonesimulator/FirebaseStorage.build/Objects-normal/arm64/FirebaseStorage.swiftsourceinfo (in target 'FirebaseStorage' from project 'Firebase')
    cd /Users/fukushimatakumi/Library/Developer/Xcode/DerivedData/SugarBeat-hgoxfxbbugxkfsbmqcjlbmjeaqyg/SourcePackages/checkouts/firebase-ios-sdk
    builtin-copy -exclude .DS_Store -exclude CVS -exclude .svn -exclude .git -exclude .hg -resolve-src-symlinks -rename /Users/fukushimatakumi/Library/Developer/Xcode/DerivedData/SugarBeat-hgoxfxbbugxkfsbmqcjlbmjeaqyg/Build/Intermediates.noindex/Firebase.build/Debug-iphonesimulator/FirebaseStorage.build/Objects-normal/arm64/FirebaseStorage.swiftsourceinfo /Users/fukushimatakumi/Library/Developer/Xcode/DerivedData/SugarBeat-hgoxfxbbugxkfsbmqcjlbmjeaqyg/Build/Products/Debug-iphonesimulator/FirebaseStorage.swiftmodule/Project/arm64-apple-ios-simulator.swiftsourceinfo

PrecompileModule /Users/fukushimatakumi/Library/Developer/Xcode/DerivedData/SugarBeat-hgoxfxbbugxkfsbmqcjlbmjeaqyg/Build/Intermediates.noindex/ExplicitPrecompiledModules/_math-3IA8IZTFI7NXO6MAOOGCKUHKI.scan
    cd /Users/fukushimatakumi/develop/sugarbeat/sugarbeat-front
    builtin-precompileModule /Users/fukushimatakumi/Library/Developer/Xcode/DerivedData/SugarBeat-hgoxfxbbugxkfsbmqcjlbmjeaqyg/Build/Intermediates.noindex/ExplicitPrecompiledModules/_math-3IA8IZTFI7NXO6MAOOGCKUHKI.scan

PrecompileModule /Users/fukushimatakumi/Library/Developer/Xcode/DerivedData/SugarBeat-hgoxfxbbugxkfsbmqcjlbmjeaqyg/Build/Intermediates.noindex/ExplicitPrecompiledModules/mach-8JD5NULO3Q008PJG5G50ONW62.scan
    cd /Users/fukushimatakumi/develop/sugarbeat/sugarbeat-front
    builtin-precompileModule /Users/fukushimatakumi/Library/Developer/Xcode/DerivedData/SugarBeat-hgoxfxbbugxkfsbmqcjlbmjeaqyg/Build/Intermediates.noindex/ExplicitPrecompiledModules/mach-8JD5NULO3Q008PJG5G50ONW62.scan

PrecompileModule /Users/fukushimatakumi/Library/Developer/Xcode/DerivedData/SugarBeat-hgoxfxbbugxkfsbmqcjlbmjeaqyg/Build/Intermediates.noindex/ExplicitPrecompiledModules/_useconds_t-TVFIWDJXKZ3O4HJAZV7DSQAB.scan
    cd /Users/fukushimatakumi/develop/sugarbeat/sugarbeat-front
    builtin-precompileModule /Users/fukushimatakumi/Library/Developer/Xcode/DerivedData/SugarBeat-hgoxfxbbugxkfsbmqcjlbmjeaqyg/Build/Intermediates.noindex/ExplicitPrecompiledModules/_useconds_t-TVFIWDJXKZ3O4HJAZV7DSQAB.scan

SwiftDriverJobDiscovery normal arm64 Compiling StorageTaskSnapshot.swift, StorageUploadTask.swift (in target 'FirebaseStorage' from project 'Firebase')

PrecompileModule /Users/fukushimatakumi/Library/Developer/Xcode/DerivedData/SugarBeat-hgoxfxbbugxkfsbmqcjlbmjeaqyg/Build/Intermediates.noindex/ExplicitPrecompiledModules/sys_time-D7TXLJR037MJET0DO5OIM9S2H.scan
    cd /Users/fukushimatakumi/develop/sugarbeat/sugarbeat-front
    builtin-precompileModule /Users/fukushimatakumi/Library/Developer/Xcode/DerivedData/SugarBeat-hgoxfxbbugxkfsbmqcjlbmjeaqyg/Build/Intermediates.noindex/ExplicitPrecompiledModules/sys_time-D7TXLJR037MJET0DO5OIM9S2H.scan

PrecompileModule /Users/fukushimatakumi/Library/Developer/Xcode/DerivedData/SugarBeat-hgoxfxbbugxkfsbmqcjlbmjeaqyg/Build/Intermediates.noindex/ExplicitPrecompiledModules/_Builtin_float-CWGXFU2H0YYR7RBCBUSK9O3J9.scan
    cd /Users/fukushimatakumi/develop/sugarbeat/sugarbeat-front
    builtin-precompileModule /Users/fukushimatakumi/Library/Developer/Xcode/DerivedData/SugarBeat-hgoxfxbbugxkfsbmqcjlbmjeaqyg/Build/Intermediates.noindex/ExplicitPrecompiledModules/_Builtin_float-CWGXFU2H0YYR7RBCBUSK9O3J9.scan

PrecompileModule /Users/fukushimatakumi/Library/Developer/Xcode/DerivedData/SugarBeat-hgoxfxbbugxkfsbmqcjlbmjeaqyg/Build/Intermediates.noindex/ExplicitPrecompiledModules/_setjmp-8A3MWX41AS9KQ1123ROAXR2SN.scan
    cd /Users/fukushimatakumi/develop/sugarbeat/sugarbeat-front
    builtin-precompileModule /Users/fukushimatakumi/Library/Developer/Xcode/DerivedData/SugarBeat-hgoxfxbbugxkfsbmqcjlbmjeaqyg/Build/Intermediates.noindex/ExplicitPrecompiledModules/_setjmp-8A3MWX41AS9KQ1123ROAXR2SN.scan

PrecompileModule /Users/fukushimatakumi/Library/Developer/Xcode/DerivedData/SugarBeat-hgoxfxbbugxkfsbmqcjlbmjeaqyg/Build/Intermediates.noindex/ExplicitPrecompiledModules/uuid-8X7M76GPLZOMSMPO99VOODEOM.scan
    cd /Users/fukushimatakumi/develop/sugarbeat/sugarbeat-front
    builtin-precompileModule /Users/fukushimatakumi/Library/Developer/Xcode/DerivedData/SugarBeat-hgoxfxbbugxkfsbmqcjlbmjeaqyg/Build/Intermediates.noindex/ExplicitPrecompiledModules/uuid-8X7M76GPLZOMSMPO99VOODEOM.scan

PrecompileModule /Users/fukushimatakumi/Library/Developer/Xcode/DerivedData/SugarBeat-hgoxfxbbugxkfsbmqcjlbmjeaqyg/Build/Intermediates.noindex/ExplicitPrecompiledModules/_complex-4QQ3ZU9RFDGQZJBNAC5IDNIQL.scan
    cd /Users/fukushimatakumi/develop/sugarbeat/sugarbeat-front
    builtin-precompileModule /Users/fukushimatakumi/Library/Developer/Xcode/DerivedData/SugarBeat-hgoxfxbbugxkfsbmqcjlbmjeaqyg/Build/Intermediates.noindex/ExplicitPrecompiledModules/_complex-4QQ3ZU9RFDGQZJBNAC5IDNIQL.scan

PrecompileModule /Users/fukushimatakumi/Library/Developer/Xcode/DerivedData/SugarBeat-hgoxfxbbugxkfsbmqcjlbmjeaqyg/Build/Intermediates.noindex/ExplicitPrecompiledModules/runetype-8SZPASUNDYL4K0JEWB82AN02E.scan
    cd /Users/fukushimatakumi/develop/sugarbeat/sugarbeat-front
    builtin-precompileModule /Users/fukushimatakumi/Library/Developer/Xcode/DerivedData/SugarBeat-hgoxfxbbugxkfsbmqcjlbmjeaqyg/Build/Intermediates.noindex/ExplicitPrecompiledModules/runetype-8SZPASUNDYL4K0JEWB82AN02E.scan

PrecompileModule /Users/fukushimatakumi/Library/Developer/Xcode/DerivedData/SugarBeat-hgoxfxbbugxkfsbmqcjlbmjeaqyg/Build/Intermediates.noindex/ExplicitPrecompiledModules/netinet_in-5SV3CO7PDZUQJKWZFLSZV8SF6.scan
    cd /Users/fukushimatakumi/develop/sugarbeat/sugarbeat-front
    builtin-precompileModule /Users/fukushimatakumi/Library/Developer/Xcode/DerivedData/SugarBeat-hgoxfxbbugxkfsbmqcjlbmjeaqyg/Build/Intermediates.noindex/ExplicitPrecompiledModules/netinet_in-5SV3CO7PDZUQJKWZFLSZV8SF6.scan

PrecompileModule /Users/fukushimatakumi/Library/Developer/Xcode/DerivedData/SugarBeat-hgoxfxbbugxkfsbmqcjlbmjeaqyg/Build/Intermediates.noindex/ExplicitPrecompiledModules/xlocale-E3WMDXXBXI1UOP1DANEZFZTFB.scan
    cd /Users/fukushimatakumi/develop/sugarbeat/sugarbeat-front
    builtin-precompileModule /Users/fukushimatakumi/Library/Developer/Xcode/DerivedData/SugarBeat-hgoxfxbbugxkfsbmqcjlbmjeaqyg/Build/Intermediates.noindex/ExplicitPrecompiledModules/xlocale-E3WMDXXBXI1UOP1DANEZFZTFB.scan

PrecompileModule /Users/fukushimatakumi/Library/Developer/Xcode/DerivedData/SugarBeat-hgoxfxbbugxkfsbmqcjlbmjeaqyg/Build/Intermediates.noindex/ExplicitPrecompiledModules/_tgmath-DV0EXLW0RKWYP5F78DTAJDR1R.scan
    cd /Users/fukushimatakumi/develop/sugarbeat/sugarbeat-front
    builtin-precompileModule /Users/fukushimatakumi/Library/Developer/Xcode/DerivedData/SugarBeat-hgoxfxbbugxkfsbmqcjlbmjeaqyg/Build/Intermediates.noindex/ExplicitPrecompiledModules/_tgmath-DV0EXLW0RKWYP5F78DTAJDR1R.scan

PrecompileModule /Users/fukushimatakumi/Library/Developer/Xcode/DerivedData/SugarBeat-hgoxfxbbugxkfsbmqcjlbmjeaqyg/Build/Intermediates.noindex/ExplicitPrecompiledModules/alloca-150RWIUPTH948HV5YMWRINOFM.scan
    cd /Users/fukushimatakumi/develop/sugarbeat/sugarbeat-front
    builtin-precompileModule /Users/fukushimatakumi/Library/Developer/Xcode/DerivedData/SugarBeat-hgoxfxbbugxkfsbmqcjlbmjeaqyg/Build/Intermediates.noindex/ExplicitPrecompiledModules/alloca-150RWIUPTH948HV5YMWRINOFM.scan

PrecompileModule /Users/fukushimatakumi/Library/Developer/Xcode/DerivedData/SugarBeat-hgoxfxbbugxkfsbmqcjlbmjeaqyg/Build/Intermediates.noindex/ExplicitPrecompiledModules/_stdint-16O2N6WQL12NXK0N4YM5PGN2Z.scan
    cd /Users/fukushimatakumi/develop/sugarbeat/sugarbeat-front
    builtin-precompileModule /Users/fukushimatakumi/Library/Developer/Xcode/DerivedData/SugarBeat-hgoxfxbbugxkfsbmqcjlbmjeaqyg/Build/Intermediates.noindex/ExplicitPrecompiledModules/_stdint-16O2N6WQL12NXK0N4YM5PGN2Z.scan

PrecompileModule /Users/fukushimatakumi/Library/Developer/Xcode/DerivedData/SugarBeat-hgoxfxbbugxkfsbmqcjlbmjeaqyg/Build/Intermediates.noindex/ExplicitPrecompiledModules/_limits-3ZX78DZYGXHJH8F8FTCKTOLHF.scan
    cd /Users/fukushimatakumi/develop/sugarbeat/sugarbeat-front
    builtin-precompileModule /Users/fukushimatakumi/Library/Developer/Xcode/DerivedData/SugarBeat-hgoxfxbbugxkfsbmqcjlbmjeaqyg/Build/Intermediates.noindex/ExplicitPrecompiledModules/_limits-3ZX78DZYGXHJH8F8FTCKTOLHF.scan

PrecompileModule /Users/fukushimatakumi/Library/Developer/Xcode/DerivedData/SugarBeat-hgoxfxbbugxkfsbmqcjlbmjeaqyg/Build/Intermediates.noindex/ExplicitPrecompiledModules/_sys_select-4FJDZ17WUWXHVAQ6C35PVABFB.scan
    cd /Users/fukushimatakumi/develop/sugarbeat/sugarbeat-front
    builtin-precompileModule /Users/fukushimatakumi/Library/Developer/Xcode/DerivedData/SugarBeat-hgoxfxbbugxkfsbmqcjlbmjeaqyg/Build/Intermediates.noindex/ExplicitPrecompiledModules/_sys_select-4FJDZ17WUWXHVAQ6C35PVABFB.scan

PrecompileModule /Users/fukushimatakumi/Library/Developer/Xcode/DerivedData/SugarBeat-hgoxfxbbugxkfsbmqcjlbmjeaqyg/Build/Intermediates.noindex/ExplicitPrecompiledModules/_Builtin_tgmath-DUC3YJOQS4HL99K0CNXPFANG.scan
    cd /Users/fukushimatakumi/develop/sugarbeat/sugarbeat-front
    builtin-precompileModule /Users/fukushimatakumi/Library/Developer/Xcode/DerivedData/SugarBeat-hgoxfxbbugxkfsbmqcjlbmjeaqyg/Build/Intermediates.noindex/ExplicitPrecompiledModules/_Builtin_tgmath-DUC3YJOQS4HL99K0CNXPFANG.scan

PrecompileModule /Users/fukushimatakumi/Library/Developer/Xcode/DerivedData/SugarBeat-hgoxfxbbugxkfsbmqcjlbmjeaqyg/Build/Intermediates.noindex/ExplicitPrecompiledModules/_Builtin_stdint-ARMZ98J3JR1ZS7F6WQ7PX0H33.scan
    cd /Users/fukushimatakumi/develop/sugarbeat/sugarbeat-front
    builtin-precompileModule /Users/fukushimatakumi/Library/Developer/Xcode/DerivedData/SugarBeat-hgoxfxbbugxkfsbmqcjlbmjeaqyg/Build/Intermediates.noindex/ExplicitPrecompiledModules/_Builtin_stdint-ARMZ98J3JR1ZS7F6WQ7PX0H33.scan

SwiftDriverJobDiscovery normal arm64 Compiling StorageListTask.swift, StoragePath.swift, StorageTaskState.swift (in target 'FirebaseStorage' from project 'Firebase')

PrecompileModule /Users/fukushimatakumi/Library/Developer/Xcode/DerivedData/SugarBeat-hgoxfxbbugxkfsbmqcjlbmjeaqyg/Build/Intermediates.noindex/ExplicitPrecompiledModules/_assert-F2W321ZTSQ93GFOQMDIJZ8BAZ.scan
    cd /Users/fukushimatakumi/develop/sugarbeat/sugarbeat-front
    builtin-precompileModule /Users/fukushimatakumi/Library/Developer/Xcode/DerivedData/SugarBeat-hgoxfxbbugxkfsbmqcjlbmjeaqyg/Build/Intermediates.noindex/ExplicitPrecompiledModules/_assert-F2W321ZTSQ93GFOQMDIJZ8BAZ.scan

PrecompileModule /Users/fukushimatakumi/Library/Developer/Xcode/DerivedData/SugarBeat-hgoxfxbbugxkfsbmqcjlbmjeaqyg/Build/Intermediates.noindex/ExplicitPrecompiledModules/_Builtin_limits-H8SB33N2SQI7ITXLEPU2G6WO.scan
    cd /Users/fukushimatakumi/develop/sugarbeat/sugarbeat-front
    builtin-precompileModule /Users/fukushimatakumi/Library/Developer/Xcode/DerivedData/SugarBeat-hgoxfxbbugxkfsbmqcjlbmjeaqyg/Build/Intermediates.noindex/ExplicitPrecompiledModules/_Builtin_limits-H8SB33N2SQI7ITXLEPU2G6WO.scan

PrecompileModule /Users/fukushimatakumi/Library/Developer/Xcode/DerivedData/SugarBeat-hgoxfxbbugxkfsbmqcjlbmjeaqyg/Build/Intermediates.noindex/ExplicitPrecompiledModules/sys_types-42HDRCC9FC09SIZ8SOOTZFO65.scan
    cd /Users/fukushimatakumi/develop/sugarbeat/sugarbeat-front
    builtin-precompileModule /Users/fukushimatakumi/Library/Developer/Xcode/DerivedData/SugarBeat-hgoxfxbbugxkfsbmqcjlbmjeaqyg/Build/Intermediates.noindex/ExplicitPrecompiledModules/sys_types-42HDRCC9FC09SIZ8SOOTZFO65.scan

PrecompileModule /Users/fukushimatakumi/Library/Developer/Xcode/DerivedData/SugarBeat-hgoxfxbbugxkfsbmqcjlbmjeaqyg/Build/Intermediates.noindex/ExplicitPrecompiledModules/_strings-D7WJFDP46YL2E9TI2WDMVSIKF.scan
    cd /Users/fukushimatakumi/develop/sugarbeat/sugarbeat-front
    builtin-precompileModule /Users/fukushimatakumi/Library/Developer/Xcode/DerivedData/SugarBeat-hgoxfxbbugxkfsbmqcjlbmjeaqyg/Build/Intermediates.noindex/ExplicitPrecompiledModules/_strings-D7WJFDP46YL2E9TI2WDMVSIKF.scan

PrecompileModule /Users/fukushimatakumi/Library/Developer/Xcode/DerivedData/SugarBeat-hgoxfxbbugxkfsbmqcjlbmjeaqyg/Build/Intermediates.noindex/ExplicitPrecompiledModules/_Builtin_stdatomic-1TD4L99AIFZ6LLABGEO9NPSCA.scan
    cd /Users/fukushimatakumi/develop/sugarbeat/sugarbeat-front
    builtin-precompileModule /Users/fukushimatakumi/Library/Developer/Xcode/DerivedData/SugarBeat-hgoxfxbbugxkfsbmqcjlbmjeaqyg/Build/Intermediates.noindex/ExplicitPrecompiledModules/_Builtin_stdatomic-1TD4L99AIFZ6LLABGEO9NPSCA.scan

PrecompileModule /Users/fukushimatakumi/Library/Developer/Xcode/DerivedData/SugarBeat-hgoxfxbbugxkfsbmqcjlbmjeaqyg/Build/Intermediates.noindex/ExplicitPrecompiledModules/_inttypes-6LS0K2B72YHSWI8WCKKZVMK26.scan
    cd /Users/fukushimatakumi/develop/sugarbeat/sugarbeat-front
    builtin-precompileModule /Users/fukushimatakumi/Library/Developer/Xcode/DerivedData/SugarBeat-hgoxfxbbugxkfsbmqcjlbmjeaqyg/Build/Intermediates.noindex/ExplicitPrecompiledModules/_inttypes-6LS0K2B72YHSWI8WCKKZVMK26.scan

PrecompileModule /Users/fukushimatakumi/Library/Developer/Xcode/DerivedData/SugarBeat-hgoxfxbbugxkfsbmqcjlbmjeaqyg/Build/Intermediates.noindex/ExplicitPrecompiledModules/_ctype-2017MVLJM1MDQXL4K9EDUE4BE.scan
    cd /Users/fukushimatakumi/develop/sugarbeat/sugarbeat-front
    builtin-precompileModule /Users/fukushimatakumi/Library/Developer/Xcode/DerivedData/SugarBeat-hgoxfxbbugxkfsbmqcjlbmjeaqyg/Build/Intermediates.noindex/ExplicitPrecompiledModules/_ctype-2017MVLJM1MDQXL4K9EDUE4BE.scan

ScanDependencies /Users/fukushimatakumi/Library/Developer/Xcode/DerivedData/SugarBeat-hgoxfxbbugxkfsbmqcjlbmjeaqyg/Build/Intermediates.noindex/Firebase.build/Debug-iphonesimulator/FirebaseCore.build/Objects-normal/arm64/FIRHeartbeatLogger.o /Users/fukushimatakumi/Library/Developer/Xcode/DerivedData/SugarBeat-hgoxfxbbugxkfsbmqcjlbmjeaqyg/SourcePackages/checkouts/firebase-ios-sdk/FirebaseCore/Sources/FIRHeartbeatLogger.m normal arm64 objective-c com.apple.compilers.llvm.clang.1_0.compiler (in target 'FirebaseCore' from project 'Firebase')
    cd /Users/fukushimatakumi/develop/sugarbeat/sugarbeat-front
    
    Using response file: /Users/fukushimatakumi/Library/Developer/Xcode/DerivedData/SugarBeat-hgoxfxbbugxkfsbmqcjlbmjeaqyg/Build/Intermediates.noindex/Firebase.build/Debug-iphonesimulator/FirebaseCore.build/Objects-normal/arm64/e6072d4f65d7061329687fe24e3d63a7-common-args.resp
    
    builtin-ScanDependencies -o /Users/fukushimatakumi/Library/Developer/Xcode/DerivedData/SugarBeat-hgoxfxbbugxkfsbmqcjlbmjeaqyg/Build/Intermediates.noindex/Firebase.build/Debug-iphonesimulator/FirebaseCore.build/Objects-normal/arm64/FIRHeartbeatLogger.o.scan -- /Applications/Xcode.app/Contents/Developer/Toolchains/XcodeDefault.xctoolchain/usr/bin/clang -x objective-c -ivfsstatcache /Users/fukushimatakumi/Library/Developer/Xcode/DerivedData/SDKStatCaches.noindex/iphonesimulator18.4-22E235-71825a6d136aa4733edcbe86ece5525b.sdkstatcache -fmessage-length\=0 -fdiagnostics-show-note-include-stack -fmacro-backtrace-limit\=0 -fno-color-diagnostics -fmodules-prune-interval\=86400 -fmodules-prune-after\=345600 -fbuild-session-file\=/Users/fukushimatakumi/Library/Developer/Xcode/DerivedData/ModuleCache.noindex/Session.modulevalidation -fmodules-validate-once-per-build-session -Wnon-modular-include-in-framework-module -Werror\=non-modular-include-in-framework-module -Wno-trigraphs -Wno-missing-field-initializers -Wno-missing-prototypes -Wno-return-type -Wno-implicit-atomic-properties -Wno-objc-interface-ivars -Wno-arc-repeated-use-of-weak -Wno-missing-braces -Wparentheses -Wswitch -Wno-unused-function -Wno-unused-label -Wno-unused-parameter -Wno-unused-variable -Wunused-value -Wno-empty-body -Wno-uninitialized -Wno-unknown-pragmas -w -Wno-shadow -Wno-four-char-constants -Wno-conversion -Wno-constant-conversion -Wno-int-conversion -Wno-bool-conversion -Wno-enum-conversion -Wno-float-conversion -Wno-non-literal-null-conversion -Wno-objc-literal-conversion -Wshorten-64-to-32 -Wpointer-sign -Wno-newline-eof -Wno-selector -Wno-strict-selector-match -Wno-undeclared-selector -Wno-deprecated-implementations -Wno-implicit-fallthrough -fstrict-aliasing -Wprotocol -Wdeprecated-declarations -Wno-sign-conversion -Wno-infinite-recursion -Wno-comma -Wno-block-capture-autoreleasing -Wno-strict-prototypes -Wno-semicolon-before-method-body -index-store-path /Users/fukushimatakumi/Library/Developer/Xcode/DerivedData/SugarBeat-hgoxfxbbugxkfsbmqcjlbmjeaqyg/Index.noindex/DataStore @/Users/fukushimatakumi/Library/Developer/Xcode/DerivedData/SugarBeat-hgoxfxbbugxkfsbmqcjlbmjeaqyg/Build/Intermediates.noindex/Firebase.build/Debug-iphonesimulator/FirebaseCore.build/Objects-normal/arm64/e6072d4f65d7061329687fe24e3d63a7-common-args.resp -include /Users/fukushimatakumi/Library/Developer/Xcode/DerivedData/SugarBeat-hgoxfxbbugxkfsbmqcjlbmjeaqyg/Build/Intermediates.noindex/Firebase.build/Debug-iphonesimulator/FirebaseCore.build/DerivedSources/resource_bundle_accessor.h -MMD -MT dependencies -MF /Users/fukushimatakumi/Library/Developer/Xcode/DerivedData/SugarBeat-hgoxfxbbugxkfsbmqcjlbmjeaqyg/Build/Intermediates.noindex/Firebase.build/Debug-iphonesimulator/FirebaseCore.build/Objects-normal/arm64/FIRHeartbeatLogger.d --serialize-diagnostics /Users/fukushimatakumi/Library/Developer/Xcode/DerivedData/SugarBeat-hgoxfxbbugxkfsbmqcjlbmjeaqyg/Build/Intermediates.noindex/Firebase.build/Debug-iphonesimulator/FirebaseCore.build/Objects-normal/arm64/FIRHeartbeatLogger.dia -c /Users/fukushimatakumi/Library/Developer/Xcode/DerivedData/SugarBeat-hgoxfxbbugxkfsbmqcjlbmjeaqyg/SourcePackages/checkouts/firebase-ios-sdk/FirebaseCore/Sources/FIRHeartbeatLogger.m -o /Users/fukushimatakumi/Library/Developer/Xcode/DerivedData/SugarBeat-hgoxfxbbugxkfsbmqcjlbmjeaqyg/Build/Intermediates.noindex/Firebase.build/Debug-iphonesimulator/FirebaseCore.build/Objects-normal/arm64/FIRHeartbeatLogger.o -index-unit-output-path /Firebase.build/Debug-iphonesimulator/FirebaseCore.build/Objects-normal/arm64/FIRHeartbeatLogger.o

PrecompileModule /Users/fukushimatakumi/Library/Developer/Xcode/DerivedData/SugarBeat-hgoxfxbbugxkfsbmqcjlbmjeaqyg/Build/Intermediates.noindex/ExplicitPrecompiledModules/_stdio-JVYCIJAI9OZ9QWGT6SOAAS9X.scan
    cd /Users/fukushimatakumi/develop/sugarbeat/sugarbeat-front
    builtin-precompileModule /Users/fukushimatakumi/Library/Developer/Xcode/DerivedData/SugarBeat-hgoxfxbbugxkfsbmqcjlbmjeaqyg/Build/Intermediates.noindex/ExplicitPrecompiledModules/_stdio-JVYCIJAI9OZ9QWGT6SOAAS9X.scan

PrecompileModule /Users/fukushimatakumi/Library/Developer/Xcode/DerivedData/SugarBeat-hgoxfxbbugxkfsbmqcjlbmjeaqyg/Build/Intermediates.noindex/ExplicitPrecompiledModules/_signal-ASGESAGTBITIHKP1VZDNVOCPF.scan
    cd /Users/fukushimatakumi/develop/sugarbeat/sugarbeat-front
    builtin-precompileModule /Users/fukushimatakumi/Library/Developer/Xcode/DerivedData/SugarBeat-hgoxfxbbugxkfsbmqcjlbmjeaqyg/Build/Intermediates.noindex/ExplicitPrecompiledModules/_signal-ASGESAGTBITIHKP1VZDNVOCPF.scan

PrecompileModule /Users/fukushimatakumi/Library/Developer/Xcode/DerivedData/SugarBeat-hgoxfxbbugxkfsbmqcjlbmjeaqyg/Build/Intermediates.noindex/ExplicitPrecompiledModules/sys_resource-8BUUIDN0BC1EN6309255FJNCR.scan
    cd /Users/fukushimatakumi/develop/sugarbeat/sugarbeat-front
    builtin-precompileModule /Users/fukushimatakumi/Library/Developer/Xcode/DerivedData/SugarBeat-hgoxfxbbugxkfsbmqcjlbmjeaqyg/Build/Intermediates.noindex/ExplicitPrecompiledModules/sys_resource-8BUUIDN0BC1EN6309255FJNCR.scan

PrecompileModule /Users/fukushimatakumi/Library/Developer/Xcode/DerivedData/SugarBeat-hgoxfxbbugxkfsbmqcjlbmjeaqyg/Build/Intermediates.noindex/ExplicitPrecompiledModules/_Builtin_inttypes-3D75Z0AZTLK304PQC4VLFH0X0.scan
    cd /Users/fukushimatakumi/develop/sugarbeat/sugarbeat-front
    builtin-precompileModule /Users/fukushimatakumi/Library/Developer/Xcode/DerivedData/SugarBeat-hgoxfxbbugxkfsbmqcjlbmjeaqyg/Build/Intermediates.noindex/ExplicitPrecompiledModules/_Builtin_inttypes-3D75Z0AZTLK304PQC4VLFH0X0.scan

PrecompileModule /Users/fukushimatakumi/Library/Developer/Xcode/DerivedData/SugarBeat-hgoxfxbbugxkfsbmqcjlbmjeaqyg/Build/Intermediates.noindex/ExplicitPrecompiledModules/_time-4ETBFGHBHCECY1H27YWMWC4R9.scan
    cd /Users/fukushimatakumi/develop/sugarbeat/sugarbeat-front
    builtin-precompileModule /Users/fukushimatakumi/Library/Developer/Xcode/DerivedData/SugarBeat-hgoxfxbbugxkfsbmqcjlbmjeaqyg/Build/Intermediates.noindex/ExplicitPrecompiledModules/_time-4ETBFGHBHCECY1H27YWMWC4R9.scan

PrecompileModule /Users/fukushimatakumi/Library/Developer/Xcode/DerivedData/SugarBeat-hgoxfxbbugxkfsbmqcjlbmjeaqyg/Build/Intermediates.noindex/ExplicitPrecompiledModules/_string-F2R8USY3R6G7GUN8DBQTCCHEY.scan
    cd /Users/fukushimatakumi/develop/sugarbeat/sugarbeat-front
    builtin-precompileModule /Users/fukushimatakumi/Library/Developer/Xcode/DerivedData/SugarBeat-hgoxfxbbugxkfsbmqcjlbmjeaqyg/Build/Intermediates.noindex/ExplicitPrecompiledModules/_string-F2R8USY3R6G7GUN8DBQTCCHEY.scan

PrecompileModule /Users/fukushimatakumi/Library/Developer/Xcode/DerivedData/SugarBeat-hgoxfxbbugxkfsbmqcjlbmjeaqyg/Build/Intermediates.noindex/ExplicitPrecompiledModules/__wctype-1L983RT5YLK0RA5JWL24X8Z2D.scan
    cd /Users/fukushimatakumi/develop/sugarbeat/sugarbeat-front
    builtin-precompileModule /Users/fukushimatakumi/Library/Developer/Xcode/DerivedData/SugarBeat-hgoxfxbbugxkfsbmqcjlbmjeaqyg/Build/Intermediates.noindex/ExplicitPrecompiledModules/__wctype-1L983RT5YLK0RA5JWL24X8Z2D.scan

PrecompileModule /Users/fukushimatakumi/Library/Developer/Xcode/DerivedData/SugarBeat-hgoxfxbbugxkfsbmqcjlbmjeaqyg/Build/Intermediates.noindex/ExplicitPrecompiledModules/sys_wait-XUU4D88X1WDI1IGOBQGQA9EX.scan
    cd /Users/fukushimatakumi/develop/sugarbeat/sugarbeat-front
    builtin-precompileModule /Users/fukushimatakumi/Library/Developer/Xcode/DerivedData/SugarBeat-hgoxfxbbugxkfsbmqcjlbmjeaqyg/Build/Intermediates.noindex/ExplicitPrecompiledModules/sys_wait-XUU4D88X1WDI1IGOBQGQA9EX.scan

PrecompileModule /Users/fukushimatakumi/Library/Developer/Xcode/DerivedData/SugarBeat-hgoxfxbbugxkfsbmqcjlbmjeaqyg/Build/Intermediates.noindex/ExplicitPrecompiledModules/nl_types-43VPAKHIPTAPURE2W0ERE1MVV.scan
    cd /Users/fukushimatakumi/develop/sugarbeat/sugarbeat-front
    builtin-precompileModule /Users/fukushimatakumi/Library/Developer/Xcode/DerivedData/SugarBeat-hgoxfxbbugxkfsbmqcjlbmjeaqyg/Build/Intermediates.noindex/ExplicitPrecompiledModules/nl_types-43VPAKHIPTAPURE2W0ERE1MVV.scan

PrecompileModule /Users/fukushimatakumi/Library/Developer/Xcode/DerivedData/SugarBeat-hgoxfxbbugxkfsbmqcjlbmjeaqyg/Build/Intermediates.noindex/ExplicitPrecompiledModules/gethostuuid-5GKL70RIBKK5CRCZOL4FARVL8.scan
    cd /Users/fukushimatakumi/develop/sugarbeat/sugarbeat-front
    builtin-precompileModule /Users/fukushimatakumi/Library/Developer/Xcode/DerivedData/SugarBeat-hgoxfxbbugxkfsbmqcjlbmjeaqyg/Build/Intermediates.noindex/ExplicitPrecompiledModules/gethostuuid-5GKL70RIBKK5CRCZOL4FARVL8.scan

PrecompileModule /Users/fukushimatakumi/Library/Developer/Xcode/DerivedData/SugarBeat-hgoxfxbbugxkfsbmqcjlbmjeaqyg/Build/Intermediates.noindex/ExplicitPrecompiledModules/_wctype-DXC8UKB33NKJH9PBMYPRX50UN.scan
    cd /Users/fukushimatakumi/develop/sugarbeat/sugarbeat-front
    builtin-precompileModule /Users/fukushimatakumi/Library/Developer/Xcode/DerivedData/SugarBeat-hgoxfxbbugxkfsbmqcjlbmjeaqyg/Build/Intermediates.noindex/ExplicitPrecompiledModules/_wctype-DXC8UKB33NKJH9PBMYPRX50UN.scan

PrecompileModule /Users/fukushimatakumi/Library/Developer/Xcode/DerivedData/SugarBeat-hgoxfxbbugxkfsbmqcjlbmjeaqyg/Build/Intermediates.noindex/ExplicitPrecompiledModules/_wchar-55PYBGDLE5YLFKENUJ28OKX32.scan
    cd /Users/fukushimatakumi/develop/sugarbeat/sugarbeat-front
    builtin-precompileModule /Users/fukushimatakumi/Library/Developer/Xcode/DerivedData/SugarBeat-hgoxfxbbugxkfsbmqcjlbmjeaqyg/Build/Intermediates.noindex/ExplicitPrecompiledModules/_wchar-55PYBGDLE5YLFKENUJ28OKX32.scan

PrecompileModule /Users/fukushimatakumi/Library/Developer/Xcode/DerivedData/SugarBeat-hgoxfxbbugxkfsbmqcjlbmjeaqyg/Build/Intermediates.noindex/ExplicitPrecompiledModules/sys_select-97CZ772SWDSOHKSRTFNZA81IO.scan
    cd /Users/fukushimatakumi/develop/sugarbeat/sugarbeat-front
    builtin-precompileModule /Users/fukushimatakumi/Library/Developer/Xcode/DerivedData/SugarBeat-hgoxfxbbugxkfsbmqcjlbmjeaqyg/Build/Intermediates.noindex/ExplicitPrecompiledModules/sys_select-97CZ772SWDSOHKSRTFNZA81IO.scan

PrecompileModule /Users/fukushimatakumi/Library/Developer/Xcode/DerivedData/SugarBeat-hgoxfxbbugxkfsbmqcjlbmjeaqyg/Build/Intermediates.noindex/ExplicitPrecompiledModules/pthread-BWB02C0IVQU2J9MHE77GLBCIY.scan
    cd /Users/fukushimatakumi/develop/sugarbeat/sugarbeat-front
    builtin-precompileModule /Users/fukushimatakumi/Library/Developer/Xcode/DerivedData/SugarBeat-hgoxfxbbugxkfsbmqcjlbmjeaqyg/Build/Intermediates.noindex/ExplicitPrecompiledModules/pthread-BWB02C0IVQU2J9MHE77GLBCIY.scan

PrecompileModule /Users/fukushimatakumi/Library/Developer/Xcode/DerivedData/SugarBeat-hgoxfxbbugxkfsbmqcjlbmjeaqyg/Build/Intermediates.noindex/ExplicitPrecompiledModules/_stdlib-EGUO3HJFTOXY76WJQCGY55K6Q.scan
    cd /Users/fukushimatakumi/develop/sugarbeat/sugarbeat-front
    builtin-precompileModule /Users/fukushimatakumi/Library/Developer/Xcode/DerivedData/SugarBeat-hgoxfxbbugxkfsbmqcjlbmjeaqyg/Build/Intermediates.noindex/ExplicitPrecompiledModules/_stdlib-EGUO3HJFTOXY76WJQCGY55K6Q.scan

ScanDependencies /Users/fukushimatakumi/Library/Developer/Xcode/DerivedData/SugarBeat-hgoxfxbbugxkfsbmqcjlbmjeaqyg/Build/Intermediates.noindex/Firebase.build/Debug-iphonesimulator/FirebaseCore.build/Objects-normal/arm64/FIRFirebaseUserAgent.o /Users/fukushimatakumi/Library/Developer/Xcode/DerivedData/SugarBeat-hgoxfxbbugxkfsbmqcjlbmjeaqyg/SourcePackages/checkouts/firebase-ios-sdk/FirebaseCore/Sources/FIRFirebaseUserAgent.m normal arm64 objective-c com.apple.compilers.llvm.clang.1_0.compiler (in target 'FirebaseCore' from project 'Firebase')
    cd /Users/fukushimatakumi/develop/sugarbeat/sugarbeat-front
    
    Using response file: /Users/fukushimatakumi/Library/Developer/Xcode/DerivedData/SugarBeat-hgoxfxbbugxkfsbmqcjlbmjeaqyg/Build/Intermediates.noindex/Firebase.build/Debug-iphonesimulator/FirebaseCore.build/Objects-normal/arm64/e6072d4f65d7061329687fe24e3d63a7-common-args.resp
    
    builtin-ScanDependencies -o /Users/fukushimatakumi/Library/Developer/Xcode/DerivedData/SugarBeat-hgoxfxbbugxkfsbmqcjlbmjeaqyg/Build/Intermediates.noindex/Firebase.build/Debug-iphonesimulator/FirebaseCore.build/Objects-normal/arm64/FIRFirebaseUserAgent.o.scan -- /Applications/Xcode.app/Contents/Developer/Toolchains/XcodeDefault.xctoolchain/usr/bin/clang -x objective-c -ivfsstatcache /Users/fukushimatakumi/Library/Developer/Xcode/DerivedData/SDKStatCaches.noindex/iphonesimulator18.4-22E235-71825a6d136aa4733edcbe86ece5525b.sdkstatcache -fmessage-length\=0 -fdiagnostics-show-note-include-stack -fmacro-backtrace-limit\=0 -fno-color-diagnostics -fmodules-prune-interval\=86400 -fmodules-prune-after\=345600 -fbuild-session-file\=/Users/fukushimatakumi/Library/Developer/Xcode/DerivedData/ModuleCache.noindex/Session.modulevalidation -fmodules-validate-once-per-build-session -Wnon-modular-include-in-framework-module -Werror\=non-modular-include-in-framework-module -Wno-trigraphs -Wno-missing-field-initializers -Wno-missing-prototypes -Wno-return-type -Wno-implicit-atomic-properties -Wno-objc-interface-ivars -Wno-arc-repeated-use-of-weak -Wno-missing-braces -Wparentheses -Wswitch -Wno-unused-function -Wno-unused-label -Wno-unused-parameter -Wno-unused-variable -Wunused-value -Wno-empty-body -Wno-uninitialized -Wno-unknown-pragmas -w -Wno-shadow -Wno-four-char-constants -Wno-conversion -Wno-constant-conversion -Wno-int-conversion -Wno-bool-conversion -Wno-enum-conversion -Wno-float-conversion -Wno-non-literal-null-conversion -Wno-objc-literal-conversion -Wshorten-64-to-32 -Wpointer-sign -Wno-newline-eof -Wno-selector -Wno-strict-selector-match -Wno-undeclared-selector -Wno-deprecated-implementations -Wno-implicit-fallthrough -fstrict-aliasing -Wprotocol -Wdeprecated-declarations -Wno-sign-conversion -Wno-infinite-recursion -Wno-comma -Wno-block-capture-autoreleasing -Wno-strict-prototypes -Wno-semicolon-before-method-body -index-store-path /Users/fukushimatakumi/Library/Developer/Xcode/DerivedData/SugarBeat-hgoxfxbbugxkfsbmqcjlbmjeaqyg/Index.noindex/DataStore @/Users/fukushimatakumi/Library/Developer/Xcode/DerivedData/SugarBeat-hgoxfxbbugxkfsbmqcjlbmjeaqyg/Build/Intermediates.noindex/Firebase.build/Debug-iphonesimulator/FirebaseCore.build/Objects-normal/arm64/e6072d4f65d7061329687fe24e3d63a7-common-args.resp -include /Users/fukushimatakumi/Library/Developer/Xcode/DerivedData/SugarBeat-hgoxfxbbugxkfsbmqcjlbmjeaqyg/Build/Intermediates.noindex/Firebase.build/Debug-iphonesimulator/FirebaseCore.build/DerivedSources/resource_bundle_accessor.h -MMD -MT dependencies -MF /Users/fukushimatakumi/Library/Developer/Xcode/DerivedData/SugarBeat-hgoxfxbbugxkfsbmqcjlbmjeaqyg/Build/Intermediates.noindex/Firebase.build/Debug-iphonesimulator/FirebaseCore.build/Objects-normal/arm64/FIRFirebaseUserAgent.d --serialize-diagnostics /Users/fukushimatakumi/Library/Developer/Xcode/DerivedData/SugarBeat-hgoxfxbbugxkfsbmqcjlbmjeaqyg/Build/Intermediates.noindex/Firebase.build/Debug-iphonesimulator/FirebaseCore.build/Objects-normal/arm64/FIRFirebaseUserAgent.dia -c /Users/fukushimatakumi/Library/Developer/Xcode/DerivedData/SugarBeat-hgoxfxbbugxkfsbmqcjlbmjeaqyg/SourcePackages/checkouts/firebase-ios-sdk/FirebaseCore/Sources/FIRFirebaseUserAgent.m -o /Users/fukushimatakumi/Library/Developer/Xcode/DerivedData/SugarBeat-hgoxfxbbugxkfsbmqcjlbmjeaqyg/Build/Intermediates.noindex/Firebase.build/Debug-iphonesimulator/FirebaseCore.build/Objects-normal/arm64/FIRFirebaseUserAgent.o -index-unit-output-path /Firebase.build/Debug-iphonesimulator/FirebaseCore.build/Objects-normal/arm64/FIRFirebaseUserAgent.o

SwiftDriverJobDiscovery normal arm64 Compiling StorageConstants.swift, StorageDownloadTask.swift (in target 'FirebaseStorage' from project 'Firebase')

ScanDependencies /Users/fukushimatakumi/Library/Developer/Xcode/DerivedData/SugarBeat-hgoxfxbbugxkfsbmqcjlbmjeaqyg/Build/Intermediates.noindex/Firebase.build/Debug-iphonesimulator/FirebaseCore.build/Objects-normal/arm64/FIRConfiguration.o /Users/fukushimatakumi/Library/Developer/Xcode/DerivedData/SugarBeat-hgoxfxbbugxkfsbmqcjlbmjeaqyg/SourcePackages/checkouts/firebase-ios-sdk/FirebaseCore/Sources/FIRConfiguration.m normal arm64 objective-c com.apple.compilers.llvm.clang.1_0.compiler (in target 'FirebaseCore' from project 'Firebase')
    cd /Users/fukushimatakumi/develop/sugarbeat/sugarbeat-front
    
    Using response file: /Users/fukushimatakumi/Library/Developer/Xcode/DerivedData/SugarBeat-hgoxfxbbugxkfsbmqcjlbmjeaqyg/Build/Intermediates.noindex/Firebase.build/Debug-iphonesimulator/FirebaseCore.build/Objects-normal/arm64/e6072d4f65d7061329687fe24e3d63a7-common-args.resp
    
    builtin-ScanDependencies -o /Users/fukushimatakumi/Library/Developer/Xcode/DerivedData/SugarBeat-hgoxfxbbugxkfsbmqcjlbmjeaqyg/Build/Intermediates.noindex/Firebase.build/Debug-iphonesimulator/FirebaseCore.build/Objects-normal/arm64/FIRConfiguration.o.scan -- /Applications/Xcode.app/Contents/Developer/Toolchains/XcodeDefault.xctoolchain/usr/bin/clang -x objective-c -ivfsstatcache /Users/fukushimatakumi/Library/Developer/Xcode/DerivedData/SDKStatCaches.noindex/iphonesimulator18.4-22E235-71825a6d136aa4733edcbe86ece5525b.sdkstatcache -fmessage-length\=0 -fdiagnostics-show-note-include-stack -fmacro-backtrace-limit\=0 -fno-color-diagnostics -fmodules-prune-interval\=86400 -fmodules-prune-after\=345600 -fbuild-session-file\=/Users/fukushimatakumi/Library/Developer/Xcode/DerivedData/ModuleCache.noindex/Session.modulevalidation -fmodules-validate-once-per-build-session -Wnon-modular-include-in-framework-module -Werror\=non-modular-include-in-framework-module -Wno-trigraphs -Wno-missing-field-initializers -Wno-missing-prototypes -Wno-return-type -Wno-implicit-atomic-properties -Wno-objc-interface-ivars -Wno-arc-repeated-use-of-weak -Wno-missing-braces -Wparentheses -Wswitch -Wno-unused-function -Wno-unused-label -Wno-unused-parameter -Wno-unused-variable -Wunused-value -Wno-empty-body -Wno-uninitialized -Wno-unknown-pragmas -w -Wno-shadow -Wno-four-char-constants -Wno-conversion -Wno-constant-conversion -Wno-int-conversion -Wno-bool-conversion -Wno-enum-conversion -Wno-float-conversion -Wno-non-literal-null-conversion -Wno-objc-literal-conversion -Wshorten-64-to-32 -Wpointer-sign -Wno-newline-eof -Wno-selector -Wno-strict-selector-match -Wno-undeclared-selector -Wno-deprecated-implementations -Wno-implicit-fallthrough -fstrict-aliasing -Wprotocol -Wdeprecated-declarations -Wno-sign-conversion -Wno-infinite-recursion -Wno-comma -Wno-block-capture-autoreleasing -Wno-strict-prototypes -Wno-semicolon-before-method-body -index-store-path /Users/fukushimatakumi/Library/Developer/Xcode/DerivedData/SugarBeat-hgoxfxbbugxkfsbmqcjlbmjeaqyg/Index.noindex/DataStore @/Users/fukushimatakumi/Library/Developer/Xcode/DerivedData/SugarBeat-hgoxfxbbugxkfsbmqcjlbmjeaqyg/Build/Intermediates.noindex/Firebase.build/Debug-iphonesimulator/FirebaseCore.build/Objects-normal/arm64/e6072d4f65d7061329687fe24e3d63a7-common-args.resp -include /Users/fukushimatakumi/Library/Developer/Xcode/DerivedData/SugarBeat-hgoxfxbbugxkfsbmqcjlbmjeaqyg/Build/Intermediates.noindex/Firebase.build/Debug-iphonesimulator/FirebaseCore.build/DerivedSources/resource_bundle_accessor.h -MMD -MT dependencies -MF /Users/fukushimatakumi/Library/Developer/Xcode/DerivedData/SugarBeat-hgoxfxbbugxkfsbmqcjlbmjeaqyg/Build/Intermediates.noindex/Firebase.build/Debug-iphonesimulator/FirebaseCore.build/Objects-normal/arm64/FIRConfiguration.d --serialize-diagnostics /Users/fukushimatakumi/Library/Developer/Xcode/DerivedData/SugarBeat-hgoxfxbbugxkfsbmqcjlbmjeaqyg/Build/Intermediates.noindex/Firebase.build/Debug-iphonesimulator/FirebaseCore.build/Objects-normal/arm64/FIRConfiguration.dia -c /Users/fukushimatakumi/Library/Developer/Xcode/DerivedData/SugarBeat-hgoxfxbbugxkfsbmqcjlbmjeaqyg/SourcePackages/checkouts/firebase-ios-sdk/FirebaseCore/Sources/FIRConfiguration.m -o /Users/fukushimatakumi/Library/Developer/Xcode/DerivedData/SugarBeat-hgoxfxbbugxkfsbmqcjlbmjeaqyg/Build/Intermediates.noindex/Firebase.build/Debug-iphonesimulator/FirebaseCore.build/Objects-normal/arm64/FIRConfiguration.o -index-unit-output-path /Firebase.build/Debug-iphonesimulator/FirebaseCore.build/Objects-normal/arm64/FIRConfiguration.o

PrecompileModule /Users/fukushimatakumi/Library/Developer/Xcode/DerivedData/SugarBeat-hgoxfxbbugxkfsbmqcjlbmjeaqyg/Build/Intermediates.noindex/ExplicitPrecompiledModules/unistd-3P75EJPQMAM6YHJIL35068GDX.scan
    cd /Users/fukushimatakumi/develop/sugarbeat/sugarbeat-front
    builtin-precompileModule /Users/fukushimatakumi/Library/Developer/Xcode/DerivedData/SugarBeat-hgoxfxbbugxkfsbmqcjlbmjeaqyg/Build/Intermediates.noindex/ExplicitPrecompiledModules/unistd-3P75EJPQMAM6YHJIL35068GDX.scan

ScanDependencies /Users/fukushimatakumi/Library/Developer/Xcode/DerivedData/SugarBeat-hgoxfxbbugxkfsbmqcjlbmjeaqyg/Build/Intermediates.noindex/Firebase.build/Debug-iphonesimulator/FirebaseCore.build/Objects-normal/arm64/FIRComponentType.o /Users/fukushimatakumi/Library/Developer/Xcode/DerivedData/SugarBeat-hgoxfxbbugxkfsbmqcjlbmjeaqyg/SourcePackages/checkouts/firebase-ios-sdk/FirebaseCore/Sources/FIRComponentType.m normal arm64 objective-c com.apple.compilers.llvm.clang.1_0.compiler (in target 'FirebaseCore' from project 'Firebase')
    cd /Users/fukushimatakumi/develop/sugarbeat/sugarbeat-front
    
    Using response file: /Users/fukushimatakumi/Library/Developer/Xcode/DerivedData/SugarBeat-hgoxfxbbugxkfsbmqcjlbmjeaqyg/Build/Intermediates.noindex/Firebase.build/Debug-iphonesimulator/FirebaseCore.build/Objects-normal/arm64/e6072d4f65d7061329687fe24e3d63a7-common-args.resp
    
    builtin-ScanDependencies -o /Users/fukushimatakumi/Library/Developer/Xcode/DerivedData/SugarBeat-hgoxfxbbugxkfsbmqcjlbmjeaqyg/Build/Intermediates.noindex/Firebase.build/Debug-iphonesimulator/FirebaseCore.build/Objects-normal/arm64/FIRComponentType.o.scan -- /Applications/Xcode.app/Contents/Developer/Toolchains/XcodeDefault.xctoolchain/usr/bin/clang -x objective-c -ivfsstatcache /Users/fukushimatakumi/Library/Developer/Xcode/DerivedData/SDKStatCaches.noindex/iphonesimulator18.4-22E235-71825a6d136aa4733edcbe86ece5525b.sdkstatcache -fmessage-length\=0 -fdiagnostics-show-note-include-stack -fmacro-backtrace-limit\=0 -fno-color-diagnostics -fmodules-prune-interval\=86400 -fmodules-prune-after\=345600 -fbuild-session-file\=/Users/fukushimatakumi/Library/Developer/Xcode/DerivedData/ModuleCache.noindex/Session.modulevalidation -fmodules-validate-once-per-build-session -Wnon-modular-include-in-framework-module -Werror\=non-modular-include-in-framework-module -Wno-trigraphs -Wno-missing-field-initializers -Wno-missing-prototypes -Wno-return-type -Wno-implicit-atomic-properties -Wno-objc-interface-ivars -Wno-arc-repeated-use-of-weak -Wno-missing-braces -Wparentheses -Wswitch -Wno-unused-function -Wno-unused-label -Wno-unused-parameter -Wno-unused-variable -Wunused-value -Wno-empty-body -Wno-uninitialized -Wno-unknown-pragmas -w -Wno-shadow -Wno-four-char-constants -Wno-conversion -Wno-constant-conversion -Wno-int-conversion -Wno-bool-conversion -Wno-enum-conversion -Wno-float-conversion -Wno-non-literal-null-conversion -Wno-objc-literal-conversion -Wshorten-64-to-32 -Wpointer-sign -Wno-newline-eof -Wno-selector -Wno-strict-selector-match -Wno-undeclared-selector -Wno-deprecated-implementations -Wno-implicit-fallthrough -fstrict-aliasing -Wprotocol -Wdeprecated-declarations -Wno-sign-conversion -Wno-infinite-recursion -Wno-comma -Wno-block-capture-autoreleasing -Wno-strict-prototypes -Wno-semicolon-before-method-body -index-store-path /Users/fukushimatakumi/Library/Developer/Xcode/DerivedData/SugarBeat-hgoxfxbbugxkfsbmqcjlbmjeaqyg/Index.noindex/DataStore @/Users/fukushimatakumi/Library/Developer/Xcode/DerivedData/SugarBeat-hgoxfxbbugxkfsbmqcjlbmjeaqyg/Build/Intermediates.noindex/Firebase.build/Debug-iphonesimulator/FirebaseCore.build/Objects-normal/arm64/e6072d4f65d7061329687fe24e3d63a7-common-args.resp -include /Users/fukushimatakumi/Library/Developer/Xcode/DerivedData/SugarBeat-hgoxfxbbugxkfsbmqcjlbmjeaqyg/Build/Intermediates.noindex/Firebase.build/Debug-iphonesimulator/FirebaseCore.build/DerivedSources/resource_bundle_accessor.h -MMD -MT dependencies -MF /Users/fukushimatakumi/Library/Developer/Xcode/DerivedData/SugarBeat-hgoxfxbbugxkfsbmqcjlbmjeaqyg/Build/Intermediates.noindex/Firebase.build/Debug-iphonesimulator/FirebaseCore.build/Objects-normal/arm64/FIRComponentType.d --serialize-diagnostics /Users/fukushimatakumi/Library/Developer/Xcode/DerivedData/SugarBeat-hgoxfxbbugxkfsbmqcjlbmjeaqyg/Build/Intermediates.noindex/Firebase.build/Debug-iphonesimulator/FirebaseCore.build/Objects-normal/arm64/FIRComponentType.dia -c /Users/fukushimatakumi/Library/Developer/Xcode/DerivedData/SugarBeat-hgoxfxbbugxkfsbmqcjlbmjeaqyg/SourcePackages/checkouts/firebase-ios-sdk/FirebaseCore/Sources/FIRComponentType.m -o /Users/fukushimatakumi/Library/Developer/Xcode/DerivedData/SugarBeat-hgoxfxbbugxkfsbmqcjlbmjeaqyg/Build/Intermediates.noindex/Firebase.build/Debug-iphonesimulator/FirebaseCore.build/Objects-normal/arm64/FIRComponentType.o -index-unit-output-path /Firebase.build/Debug-iphonesimulator/FirebaseCore.build/Objects-normal/arm64/FIRComponentType.o

ScanDependencies /Users/fukushimatakumi/Library/Developer/Xcode/DerivedData/SugarBeat-hgoxfxbbugxkfsbmqcjlbmjeaqyg/Build/Intermediates.noindex/Firebase.build/Debug-iphonesimulator/FirebaseCore.build/Objects-normal/arm64/FIRComponentContainer.o /Users/fukushimatakumi/Library/Developer/Xcode/DerivedData/SugarBeat-hgoxfxbbugxkfsbmqcjlbmjeaqyg/SourcePackages/checkouts/firebase-ios-sdk/FirebaseCore/Sources/FIRComponentContainer.m normal arm64 objective-c com.apple.compilers.llvm.clang.1_0.compiler (in target 'FirebaseCore' from project 'Firebase')
    cd /Users/fukushimatakumi/develop/sugarbeat/sugarbeat-front
    
    Using response file: /Users/fukushimatakumi/Library/Developer/Xcode/DerivedData/SugarBeat-hgoxfxbbugxkfsbmqcjlbmjeaqyg/Build/Intermediates.noindex/Firebase.build/Debug-iphonesimulator/FirebaseCore.build/Objects-normal/arm64/e6072d4f65d7061329687fe24e3d63a7-common-args.resp
    
    builtin-ScanDependencies -o /Users/fukushimatakumi/Library/Developer/Xcode/DerivedData/SugarBeat-hgoxfxbbugxkfsbmqcjlbmjeaqyg/Build/Intermediates.noindex/Firebase.build/Debug-iphonesimulator/FirebaseCore.build/Objects-normal/arm64/FIRComponentContainer.o.scan -- /Applications/Xcode.app/Contents/Developer/Toolchains/XcodeDefault.xctoolchain/usr/bin/clang -x objective-c -ivfsstatcache /Users/fukushimatakumi/Library/Developer/Xcode/DerivedData/SDKStatCaches.noindex/iphonesimulator18.4-22E235-71825a6d136aa4733edcbe86ece5525b.sdkstatcache -fmessage-length\=0 -fdiagnostics-show-note-include-stack -fmacro-backtrace-limit\=0 -fno-color-diagnostics -fmodules-prune-interval\=86400 -fmodules-prune-after\=345600 -fbuild-session-file\=/Users/fukushimatakumi/Library/Developer/Xcode/DerivedData/ModuleCache.noindex/Session.modulevalidation -fmodules-validate-once-per-build-session -Wnon-modular-include-in-framework-module -Werror\=non-modular-include-in-framework-module -Wno-trigraphs -Wno-missing-field-initializers -Wno-missing-prototypes -Wno-return-type -Wno-implicit-atomic-properties -Wno-objc-interface-ivars -Wno-arc-repeated-use-of-weak -Wno-missing-braces -Wparentheses -Wswitch -Wno-unused-function -Wno-unused-label -Wno-unused-parameter -Wno-unused-variable -Wunused-value -Wno-empty-body -Wno-uninitialized -Wno-unknown-pragmas -w -Wno-shadow -Wno-four-char-constants -Wno-conversion -Wno-constant-conversion -Wno-int-conversion -Wno-bool-conversion -Wno-enum-conversion -Wno-float-conversion -Wno-non-literal-null-conversion -Wno-objc-literal-conversion -Wshorten-64-to-32 -Wpointer-sign -Wno-newline-eof -Wno-selector -Wno-strict-selector-match -Wno-undeclared-selector -Wno-deprecated-implementations -Wno-implicit-fallthrough -fstrict-aliasing -Wprotocol -Wdeprecated-declarations -Wno-sign-conversion -Wno-infinite-recursion -Wno-comma -Wno-block-capture-autoreleasing -Wno-strict-prototypes -Wno-semicolon-before-method-body -index-store-path /Users/fukushimatakumi/Library/Developer/Xcode/DerivedData/SugarBeat-hgoxfxbbugxkfsbmqcjlbmjeaqyg/Index.noindex/DataStore @/Users/fukushimatakumi/Library/Developer/Xcode/DerivedData/SugarBeat-hgoxfxbbugxkfsbmqcjlbmjeaqyg/Build/Intermediates.noindex/Firebase.build/Debug-iphonesimulator/FirebaseCore.build/Objects-normal/arm64/e6072d4f65d7061329687fe24e3d63a7-common-args.resp -include /Users/fukushimatakumi/Library/Developer/Xcode/DerivedData/SugarBeat-hgoxfxbbugxkfsbmqcjlbmjeaqyg/Build/Intermediates.noindex/Firebase.build/Debug-iphonesimulator/FirebaseCore.build/DerivedSources/resource_bundle_accessor.h -MMD -MT dependencies -MF /Users/fukushimatakumi/Library/Developer/Xcode/DerivedData/SugarBeat-hgoxfxbbugxkfsbmqcjlbmjeaqyg/Build/Intermediates.noindex/Firebase.build/Debug-iphonesimulator/FirebaseCore.build/Objects-normal/arm64/FIRComponentContainer.d --serialize-diagnostics /Users/fukushimatakumi/Library/Developer/Xcode/DerivedData/SugarBeat-hgoxfxbbugxkfsbmqcjlbmjeaqyg/Build/Intermediates.noindex/Firebase.build/Debug-iphonesimulator/FirebaseCore.build/Objects-normal/arm64/FIRComponentContainer.dia -c /Users/fukushimatakumi/Library/Developer/Xcode/DerivedData/SugarBeat-hgoxfxbbugxkfsbmqcjlbmjeaqyg/SourcePackages/checkouts/firebase-ios-sdk/FirebaseCore/Sources/FIRComponentContainer.m -o /Users/fukushimatakumi/Library/Developer/Xcode/DerivedData/SugarBeat-hgoxfxbbugxkfsbmqcjlbmjeaqyg/Build/Intermediates.noindex/Firebase.build/Debug-iphonesimulator/FirebaseCore.build/Objects-normal/arm64/FIRComponentContainer.o -index-unit-output-path /Firebase.build/Debug-iphonesimulator/FirebaseCore.build/Objects-normal/arm64/FIRComponentContainer.o

ScanDependencies /Users/fukushimatakumi/Library/Developer/Xcode/DerivedData/SugarBeat-hgoxfxbbugxkfsbmqcjlbmjeaqyg/Build/Intermediates.noindex/Firebase.build/Debug-iphonesimulator/FirebaseCore.build/Objects-normal/arm64/FIRComponent.o /Users/fukushimatakumi/Library/Developer/Xcode/DerivedData/SugarBeat-hgoxfxbbugxkfsbmqcjlbmjeaqyg/SourcePackages/checkouts/firebase-ios-sdk/FirebaseCore/Sources/FIRComponent.m normal arm64 objective-c com.apple.compilers.llvm.clang.1_0.compiler (in target 'FirebaseCore' from project 'Firebase')
    cd /Users/fukushimatakumi/develop/sugarbeat/sugarbeat-front
    
    Using response file: /Users/fukushimatakumi/Library/Developer/Xcode/DerivedData/SugarBeat-hgoxfxbbugxkfsbmqcjlbmjeaqyg/Build/Intermediates.noindex/Firebase.build/Debug-iphonesimulator/FirebaseCore.build/Objects-normal/arm64/e6072d4f65d7061329687fe24e3d63a7-common-args.resp
    
    builtin-ScanDependencies -o /Users/fukushimatakumi/Library/Developer/Xcode/DerivedData/SugarBeat-hgoxfxbbugxkfsbmqcjlbmjeaqyg/Build/Intermediates.noindex/Firebase.build/Debug-iphonesimulator/FirebaseCore.build/Objects-normal/arm64/FIRComponent.o.scan -- /Applications/Xcode.app/Contents/Developer/Toolchains/XcodeDefault.xctoolchain/usr/bin/clang -x objective-c -ivfsstatcache /Users/fukushimatakumi/Library/Developer/Xcode/DerivedData/SDKStatCaches.noindex/iphonesimulator18.4-22E235-71825a6d136aa4733edcbe86ece5525b.sdkstatcache -fmessage-length\=0 -fdiagnostics-show-note-include-stack -fmacro-backtrace-limit\=0 -fno-color-diagnostics -fmodules-prune-interval\=86400 -fmodules-prune-after\=345600 -fbuild-session-file\=/Users/fukushimatakumi/Library/Developer/Xcode/DerivedData/ModuleCache.noindex/Session.modulevalidation -fmodules-validate-once-per-build-session -Wnon-modular-include-in-framework-module -Werror\=non-modular-include-in-framework-module -Wno-trigraphs -Wno-missing-field-initializers -Wno-missing-prototypes -Wno-return-type -Wno-implicit-atomic-properties -Wno-objc-interface-ivars -Wno-arc-repeated-use-of-weak -Wno-missing-braces -Wparentheses -Wswitch -Wno-unused-function -Wno-unused-label -Wno-unused-parameter -Wno-unused-variable -Wunused-value -Wno-empty-body -Wno-uninitialized -Wno-unknown-pragmas -w -Wno-shadow -Wno-four-char-constants -Wno-conversion -Wno-constant-conversion -Wno-int-conversion -Wno-bool-conversion -Wno-enum-conversion -Wno-float-conversion -Wno-non-literal-null-conversion -Wno-objc-literal-conversion -Wshorten-64-to-32 -Wpointer-sign -Wno-newline-eof -Wno-selector -Wno-strict-selector-match -Wno-undeclared-selector -Wno-deprecated-implementations -Wno-implicit-fallthrough -fstrict-aliasing -Wprotocol -Wdeprecated-declarations -Wno-sign-conversion -Wno-infinite-recursion -Wno-comma -Wno-block-capture-autoreleasing -Wno-strict-prototypes -Wno-semicolon-before-method-body -index-store-path /Users/fukushimatakumi/Library/Developer/Xcode/DerivedData/SugarBeat-hgoxfxbbugxkfsbmqcjlbmjeaqyg/Index.noindex/DataStore @/Users/fukushimatakumi/Library/Developer/Xcode/DerivedData/SugarBeat-hgoxfxbbugxkfsbmqcjlbmjeaqyg/Build/Intermediates.noindex/Firebase.build/Debug-iphonesimulator/FirebaseCore.build/Objects-normal/arm64/e6072d4f65d7061329687fe24e3d63a7-common-args.resp -include /Users/fukushimatakumi/Library/Developer/Xcode/DerivedData/SugarBeat-hgoxfxbbugxkfsbmqcjlbmjeaqyg/Build/Intermediates.noindex/Firebase.build/Debug-iphonesimulator/FirebaseCore.build/DerivedSources/resource_bundle_accessor.h -MMD -MT dependencies -MF /Users/fukushimatakumi/Library/Developer/Xcode/DerivedData/SugarBeat-hgoxfxbbugxkfsbmqcjlbmjeaqyg/Build/Intermediates.noindex/Firebase.build/Debug-iphonesimulator/FirebaseCore.build/Objects-normal/arm64/FIRComponent.d --serialize-diagnostics /Users/fukushimatakumi/Library/Developer/Xcode/DerivedData/SugarBeat-hgoxfxbbugxkfsbmqcjlbmjeaqyg/Build/Intermediates.noindex/Firebase.build/Debug-iphonesimulator/FirebaseCore.build/Objects-normal/arm64/FIRComponent.dia -c /Users/fukushimatakumi/Library/Developer/Xcode/DerivedData/SugarBeat-hgoxfxbbugxkfsbmqcjlbmjeaqyg/SourcePackages/checkouts/firebase-ios-sdk/FirebaseCore/Sources/FIRComponent.m -o /Users/fukushimatakumi/Library/Developer/Xcode/DerivedData/SugarBeat-hgoxfxbbugxkfsbmqcjlbmjeaqyg/Build/Intermediates.noindex/Firebase.build/Debug-iphonesimulator/FirebaseCore.build/Objects-normal/arm64/FIRComponent.o -index-unit-output-path /Firebase.build/Debug-iphonesimulator/FirebaseCore.build/Objects-normal/arm64/FIRComponent.o

ScanDependencies /Users/fukushimatakumi/Library/Developer/Xcode/DerivedData/SugarBeat-hgoxfxbbugxkfsbmqcjlbmjeaqyg/Build/Intermediates.noindex/Firebase.build/Debug-iphonesimulator/FirebaseCore.build/Objects-normal/arm64/FIRBundleUtil.o /Users/fukushimatakumi/Library/Developer/Xcode/DerivedData/SugarBeat-hgoxfxbbugxkfsbmqcjlbmjeaqyg/SourcePackages/checkouts/firebase-ios-sdk/FirebaseCore/Sources/FIRBundleUtil.m normal arm64 objective-c com.apple.compilers.llvm.clang.1_0.compiler (in target 'FirebaseCore' from project 'Firebase')
    cd /Users/fukushimatakumi/develop/sugarbeat/sugarbeat-front
    
    Using response file: /Users/fukushimatakumi/Library/Developer/Xcode/DerivedData/SugarBeat-hgoxfxbbugxkfsbmqcjlbmjeaqyg/Build/Intermediates.noindex/Firebase.build/Debug-iphonesimulator/FirebaseCore.build/Objects-normal/arm64/e6072d4f65d7061329687fe24e3d63a7-common-args.resp
    
    builtin-ScanDependencies -o /Users/fukushimatakumi/Library/Developer/Xcode/DerivedData/SugarBeat-hgoxfxbbugxkfsbmqcjlbmjeaqyg/Build/Intermediates.noindex/Firebase.build/Debug-iphonesimulator/FirebaseCore.build/Objects-normal/arm64/FIRBundleUtil.o.scan -- /Applications/Xcode.app/Contents/Developer/Toolchains/XcodeDefault.xctoolchain/usr/bin/clang -x objective-c -ivfsstatcache /Users/fukushimatakumi/Library/Developer/Xcode/DerivedData/SDKStatCaches.noindex/iphonesimulator18.4-22E235-71825a6d136aa4733edcbe86ece5525b.sdkstatcache -fmessage-length\=0 -fdiagnostics-show-note-include-stack -fmacro-backtrace-limit\=0 -fno-color-diagnostics -fmodules-prune-interval\=86400 -fmodules-prune-after\=345600 -fbuild-session-file\=/Users/fukushimatakumi/Library/Developer/Xcode/DerivedData/ModuleCache.noindex/Session.modulevalidation -fmodules-validate-once-per-build-session -Wnon-modular-include-in-framework-module -Werror\=non-modular-include-in-framework-module -Wno-trigraphs -Wno-missing-field-initializers -Wno-missing-prototypes -Wno-return-type -Wno-implicit-atomic-properties -Wno-objc-interface-ivars -Wno-arc-repeated-use-of-weak -Wno-missing-braces -Wparentheses -Wswitch -Wno-unused-function -Wno-unused-label -Wno-unused-parameter -Wno-unused-variable -Wunused-value -Wno-empty-body -Wno-uninitialized -Wno-unknown-pragmas -w -Wno-shadow -Wno-four-char-constants -Wno-conversion -Wno-constant-conversion -Wno-int-conversion -Wno-bool-conversion -Wno-enum-conversion -Wno-float-conversion -Wno-non-literal-null-conversion -Wno-objc-literal-conversion -Wshorten-64-to-32 -Wpointer-sign -Wno-newline-eof -Wno-selector -Wno-strict-selector-match -Wno-undeclared-selector -Wno-deprecated-implementations -Wno-implicit-fallthrough -fstrict-aliasing -Wprotocol -Wdeprecated-declarations -Wno-sign-conversion -Wno-infinite-recursion -Wno-comma -Wno-block-capture-autoreleasing -Wno-strict-prototypes -Wno-semicolon-before-method-body -index-store-path /Users/fukushimatakumi/Library/Developer/Xcode/DerivedData/SugarBeat-hgoxfxbbugxkfsbmqcjlbmjeaqyg/Index.noindex/DataStore @/Users/fukushimatakumi/Library/Developer/Xcode/DerivedData/SugarBeat-hgoxfxbbugxkfsbmqcjlbmjeaqyg/Build/Intermediates.noindex/Firebase.build/Debug-iphonesimulator/FirebaseCore.build/Objects-normal/arm64/e6072d4f65d7061329687fe24e3d63a7-common-args.resp -include /Users/fukushimatakumi/Library/Developer/Xcode/DerivedData/SugarBeat-hgoxfxbbugxkfsbmqcjlbmjeaqyg/Build/Intermediates.noindex/Firebase.build/Debug-iphonesimulator/FirebaseCore.build/DerivedSources/resource_bundle_accessor.h -MMD -MT dependencies -MF /Users/fukushimatakumi/Library/Developer/Xcode/DerivedData/SugarBeat-hgoxfxbbugxkfsbmqcjlbmjeaqyg/Build/Intermediates.noindex/Firebase.build/Debug-iphonesimulator/FirebaseCore.build/Objects-normal/arm64/FIRBundleUtil.d --serialize-diagnostics /Users/fukushimatakumi/Library/Developer/Xcode/DerivedData/SugarBeat-hgoxfxbbugxkfsbmqcjlbmjeaqyg/Build/Intermediates.noindex/Firebase.build/Debug-iphonesimulator/FirebaseCore.build/Objects-normal/arm64/FIRBundleUtil.dia -c /Users/fukushimatakumi/Library/Developer/Xcode/DerivedData/SugarBeat-hgoxfxbbugxkfsbmqcjlbmjeaqyg/SourcePackages/checkouts/firebase-ios-sdk/FirebaseCore/Sources/FIRBundleUtil.m -o /Users/fukushimatakumi/Library/Developer/Xcode/DerivedData/SugarBeat-hgoxfxbbugxkfsbmqcjlbmjeaqyg/Build/Intermediates.noindex/Firebase.build/Debug-iphonesimulator/FirebaseCore.build/Objects-normal/arm64/FIRBundleUtil.o -index-unit-output-path /Firebase.build/Debug-iphonesimulator/FirebaseCore.build/Objects-normal/arm64/FIRBundleUtil.o

ScanDependencies /Users/fukushimatakumi/Library/Developer/Xcode/DerivedData/SugarBeat-hgoxfxbbugxkfsbmqcjlbmjeaqyg/Build/Intermediates.noindex/Firebase.build/Debug-iphonesimulator/FirebaseCore.build/Objects-normal/arm64/FIRApp.o /Users/fukushimatakumi/Library/Developer/Xcode/DerivedData/SugarBeat-hgoxfxbbugxkfsbmqcjlbmjeaqyg/SourcePackages/checkouts/firebase-ios-sdk/FirebaseCore/Sources/FIRApp.m normal arm64 objective-c com.apple.compilers.llvm.clang.1_0.compiler (in target 'FirebaseCore' from project 'Firebase')
    cd /Users/fukushimatakumi/develop/sugarbeat/sugarbeat-front
    
    Using response file: /Users/fukushimatakumi/Library/Developer/Xcode/DerivedData/SugarBeat-hgoxfxbbugxkfsbmqcjlbmjeaqyg/Build/Intermediates.noindex/Firebase.build/Debug-iphonesimulator/FirebaseCore.build/Objects-normal/arm64/e6072d4f65d7061329687fe24e3d63a7-common-args.resp
    
    builtin-ScanDependencies -o /Users/fukushimatakumi/Library/Developer/Xcode/DerivedData/SugarBeat-hgoxfxbbugxkfsbmqcjlbmjeaqyg/Build/Intermediates.noindex/Firebase.build/Debug-iphonesimulator/FirebaseCore.build/Objects-normal/arm64/FIRApp.o.scan -- /Applications/Xcode.app/Contents/Developer/Toolchains/XcodeDefault.xctoolchain/usr/bin/clang -x objective-c -ivfsstatcache /Users/fukushimatakumi/Library/Developer/Xcode/DerivedData/SDKStatCaches.noindex/iphonesimulator18.4-22E235-71825a6d136aa4733edcbe86ece5525b.sdkstatcache -fmessage-length\=0 -fdiagnostics-show-note-include-stack -fmacro-backtrace-limit\=0 -fno-color-diagnostics -fmodules-prune-interval\=86400 -fmodules-prune-after\=345600 -fbuild-session-file\=/Users/fukushimatakumi/Library/Developer/Xcode/DerivedData/ModuleCache.noindex/Session.modulevalidation -fmodules-validate-once-per-build-session -Wnon-modular-include-in-framework-module -Werror\=non-modular-include-in-framework-module -Wno-trigraphs -Wno-missing-field-initializers -Wno-missing-prototypes -Wno-return-type -Wno-implicit-atomic-properties -Wno-objc-interface-ivars -Wno-arc-repeated-use-of-weak -Wno-missing-braces -Wparentheses -Wswitch -Wno-unused-function -Wno-unused-label -Wno-unused-parameter -Wno-unused-variable -Wunused-value -Wno-empty-body -Wno-uninitialized -Wno-unknown-pragmas -w -Wno-shadow -Wno-four-char-constants -Wno-conversion -Wno-constant-conversion -Wno-int-conversion -Wno-bool-conversion -Wno-enum-conversion -Wno-float-conversion -Wno-non-literal-null-conversion -Wno-objc-literal-conversion -Wshorten-64-to-32 -Wpointer-sign -Wno-newline-eof -Wno-selector -Wno-strict-selector-match -Wno-undeclared-selector -Wno-deprecated-implementations -Wno-implicit-fallthrough -fstrict-aliasing -Wprotocol -Wdeprecated-declarations -Wno-sign-conversion -Wno-infinite-recursion -Wno-comma -Wno-block-capture-autoreleasing -Wno-strict-prototypes -Wno-semicolon-before-method-body -index-store-path /Users/fukushimatakumi/Library/Developer/Xcode/DerivedData/SugarBeat-hgoxfxbbugxkfsbmqcjlbmjeaqyg/Index.noindex/DataStore @/Users/fukushimatakumi/Library/Developer/Xcode/DerivedData/SugarBeat-hgoxfxbbugxkfsbmqcjlbmjeaqyg/Build/Intermediates.noindex/Firebase.build/Debug-iphonesimulator/FirebaseCore.build/Objects-normal/arm64/e6072d4f65d7061329687fe24e3d63a7-common-args.resp -include /Users/fukushimatakumi/Library/Developer/Xcode/DerivedData/SugarBeat-hgoxfxbbugxkfsbmqcjlbmjeaqyg/Build/Intermediates.noindex/Firebase.build/Debug-iphonesimulator/FirebaseCore.build/DerivedSources/resource_bundle_accessor.h -MMD -MT dependencies -MF /Users/fukushimatakumi/Library/Developer/Xcode/DerivedData/SugarBeat-hgoxfxbbugxkfsbmqcjlbmjeaqyg/Build/Intermediates.noindex/Firebase.build/Debug-iphonesimulator/FirebaseCore.build/Objects-normal/arm64/FIRApp.d --serialize-diagnostics /Users/fukushimatakumi/Library/Developer/Xcode/DerivedData/SugarBeat-hgoxfxbbugxkfsbmqcjlbmjeaqyg/Build/Intermediates.noindex/Firebase.build/Debug-iphonesimulator/FirebaseCore.build/Objects-normal/arm64/FIRApp.dia -c /Users/fukushimatakumi/Library/Developer/Xcode/DerivedData/SugarBeat-hgoxfxbbugxkfsbmqcjlbmjeaqyg/SourcePackages/checkouts/firebase-ios-sdk/FirebaseCore/Sources/FIRApp.m -o /Users/fukushimatakumi/Library/Developer/Xcode/DerivedData/SugarBeat-hgoxfxbbugxkfsbmqcjlbmjeaqyg/Build/Intermediates.noindex/Firebase.build/Debug-iphonesimulator/FirebaseCore.build/Objects-normal/arm64/FIRApp.o -index-unit-output-path /Firebase.build/Debug-iphonesimulator/FirebaseCore.build/Objects-normal/arm64/FIRApp.o

PrecompileModule /Users/fukushimatakumi/Library/Developer/Xcode/DerivedData/SugarBeat-hgoxfxbbugxkfsbmqcjlbmjeaqyg/Build/Intermediates.noindex/ExplicitPrecompiledModules/Darwin-95VFOCR7RJL47ZD5TBORL4BSQ.scan
    cd /Users/fukushimatakumi/develop/sugarbeat/sugarbeat-front
    builtin-precompileModule /Users/fukushimatakumi/Library/Developer/Xcode/DerivedData/SugarBeat-hgoxfxbbugxkfsbmqcjlbmjeaqyg/Build/Intermediates.noindex/ExplicitPrecompiledModules/Darwin-95VFOCR7RJL47ZD5TBORL4BSQ.scan

ScanDependencies /Users/fukushimatakumi/Library/Developer/Xcode/DerivedData/SugarBeat-hgoxfxbbugxkfsbmqcjlbmjeaqyg/Build/Intermediates.noindex/Firebase.build/Debug-iphonesimulator/FirebaseCore.build/Objects-normal/arm64/FIRAnalyticsConfiguration.o /Users/fukushimatakumi/Library/Developer/Xcode/DerivedData/SugarBeat-hgoxfxbbugxkfsbmqcjlbmjeaqyg/SourcePackages/checkouts/firebase-ios-sdk/FirebaseCore/Sources/FIRAnalyticsConfiguration.m normal arm64 objective-c com.apple.compilers.llvm.clang.1_0.compiler (in target 'FirebaseCore' from project 'Firebase')
    cd /Users/fukushimatakumi/develop/sugarbeat/sugarbeat-front
    
    Using response file: /Users/fukushimatakumi/Library/Developer/Xcode/DerivedData/SugarBeat-hgoxfxbbugxkfsbmqcjlbmjeaqyg/Build/Intermediates.noindex/Firebase.build/Debug-iphonesimulator/FirebaseCore.build/Objects-normal/arm64/e6072d4f65d7061329687fe24e3d63a7-common-args.resp
    
    builtin-ScanDependencies -o /Users/fukushimatakumi/Library/Developer/Xcode/DerivedData/SugarBeat-hgoxfxbbugxkfsbmqcjlbmjeaqyg/Build/Intermediates.noindex/Firebase.build/Debug-iphonesimulator/FirebaseCore.build/Objects-normal/arm64/FIRAnalyticsConfiguration.o.scan -- /Applications/Xcode.app/Contents/Developer/Toolchains/XcodeDefault.xctoolchain/usr/bin/clang -x objective-c -ivfsstatcache /Users/fukushimatakumi/Library/Developer/Xcode/DerivedData/SDKStatCaches.noindex/iphonesimulator18.4-22E235-71825a6d136aa4733edcbe86ece5525b.sdkstatcache -fmessage-length\=0 -fdiagnostics-show-note-include-stack -fmacro-backtrace-limit\=0 -fno-color-diagnostics -fmodules-prune-interval\=86400 -fmodules-prune-after\=345600 -fbuild-session-file\=/Users/fukushimatakumi/Library/Developer/Xcode/DerivedData/ModuleCache.noindex/Session.modulevalidation -fmodules-validate-once-per-build-session -Wnon-modular-include-in-framework-module -Werror\=non-modular-include-in-framework-module -Wno-trigraphs -Wno-missing-field-initializers -Wno-missing-prototypes -Wno-return-type -Wno-implicit-atomic-properties -Wno-objc-interface-ivars -Wno-arc-repeated-use-of-weak -Wno-missing-braces -Wparentheses -Wswitch -Wno-unused-function -Wno-unused-label -Wno-unused-parameter -Wno-unused-variable -Wunused-value -Wno-empty-body -Wno-uninitialized -Wno-unknown-pragmas -w -Wno-shadow -Wno-four-char-constants -Wno-conversion -Wno-constant-conversion -Wno-int-conversion -Wno-bool-conversion -Wno-enum-conversion -Wno-float-conversion -Wno-non-literal-null-conversion -Wno-objc-literal-conversion -Wshorten-64-to-32 -Wpointer-sign -Wno-newline-eof -Wno-selector -Wno-strict-selector-match -Wno-undeclared-selector -Wno-deprecated-implementations -Wno-implicit-fallthrough -fstrict-aliasing -Wprotocol -Wdeprecated-declarations -Wno-sign-conversion -Wno-infinite-recursion -Wno-comma -Wno-block-capture-autoreleasing -Wno-strict-prototypes -Wno-semicolon-before-method-body -index-store-path /Users/fukushimatakumi/Library/Developer/Xcode/DerivedData/SugarBeat-hgoxfxbbugxkfsbmqcjlbmjeaqyg/Index.noindex/DataStore @/Users/fukushimatakumi/Library/Developer/Xcode/DerivedData/SugarBeat-hgoxfxbbugxkfsbmqcjlbmjeaqyg/Build/Intermediates.noindex/Firebase.build/Debug-iphonesimulator/FirebaseCore.build/Objects-normal/arm64/e6072d4f65d7061329687fe24e3d63a7-common-args.resp -include /Users/fukushimatakumi/Library/Developer/Xcode/DerivedData/SugarBeat-hgoxfxbbugxkfsbmqcjlbmjeaqyg/Build/Intermediates.noindex/Firebase.build/Debug-iphonesimulator/FirebaseCore.build/DerivedSources/resource_bundle_accessor.h -MMD -MT dependencies -MF /Users/fukushimatakumi/Library/Developer/Xcode/DerivedData/SugarBeat-hgoxfxbbugxkfsbmqcjlbmjeaqyg/Build/Intermediates.noindex/Firebase.build/Debug-iphonesimulator/FirebaseCore.build/Objects-normal/arm64/FIRAnalyticsConfiguration.d --serialize-diagnostics /Users/fukushimatakumi/Library/Developer/Xcode/DerivedData/SugarBeat-hgoxfxbbugxkfsbmqcjlbmjeaqyg/Build/Intermediates.noindex/Firebase.build/Debug-iphonesimulator/FirebaseCore.build/Objects-normal/arm64/FIRAnalyticsConfiguration.dia -c /Users/fukushimatakumi/Library/Developer/Xcode/DerivedData/SugarBeat-hgoxfxbbugxkfsbmqcjlbmjeaqyg/SourcePackages/checkouts/firebase-ios-sdk/FirebaseCore/Sources/FIRAnalyticsConfiguration.m -o /Users/fukushimatakumi/Library/Developer/Xcode/DerivedData/SugarBeat-hgoxfxbbugxkfsbmqcjlbmjeaqyg/Build/Intermediates.noindex/Firebase.build/Debug-iphonesimulator/FirebaseCore.build/Objects-normal/arm64/FIRAnalyticsConfiguration.o -index-unit-output-path /Firebase.build/Debug-iphonesimulator/FirebaseCore.build/Objects-normal/arm64/FIRAnalyticsConfiguration.o

SwiftCompile normal arm64 Compiling\ VerifyCustomTokenRequest.swift,\ VerifyCustomTokenResponse.swift,\ VerifyPasswordRequest.swift,\ VerifyPasswordResponse.swift,\ VerifyPhoneNumberRequest.swift,\ VerifyPhoneNumberResponse.swift,\ VerifyClientRequest.swift,\ VerifyClientResponse.swift,\ Base64URLEncodedStringExtension.swift,\ MultiFactor.swift,\ MultiFactorAssertion.swift,\ MultiFactorInfo.swift,\ MultiFactorResolver.swift,\ MultiFactorSession.swift /Users/fukushimatakumi/Library/Developer/Xcode/DerivedData/SugarBeat-hgoxfxbbugxkfsbmqcjlbmjeaqyg/SourcePackages/checkouts/firebase-ios-sdk/FirebaseAuth/Sources/Swift/Backend/RPC/VerifyCustomTokenRequest.swift /Users/fukushimatakumi/Library/Developer/Xcode/DerivedData/SugarBeat-hgoxfxbbugxkfsbmqcjlbmjeaqyg/SourcePackages/checkouts/firebase-ios-sdk/FirebaseAuth/Sources/Swift/Backend/RPC/VerifyCustomTokenResponse.swift /Users/fukushimatakumi/Library/Developer/Xcode/DerivedData/SugarBeat-hgoxfxbbugxkfsbmqcjlbmjeaqyg/SourcePackages/checkouts/firebase-ios-sdk/FirebaseAuth/Sources/Swift/Backend/RPC/VerifyPasswordRequest.swift /Users/fukushimatakumi/Library/Developer/Xcode/DerivedData/SugarBeat-hgoxfxbbugxkfsbmqcjlbmjeaqyg/SourcePackages/checkouts/firebase-ios-sdk/FirebaseAuth/Sources/Swift/Backend/RPC/VerifyPasswordResponse.swift /Users/fukushimatakumi/Library/Developer/Xcode/DerivedData/SugarBeat-hgoxfxbbugxkfsbmqcjlbmjeaqyg/SourcePackages/checkouts/firebase-ios-sdk/FirebaseAuth/Sources/Swift/Backend/RPC/VerifyPhoneNumberRequest.swift /Users/fukushimatakumi/Library/Developer/Xcode/DerivedData/SugarBeat-hgoxfxbbugxkfsbmqcjlbmjeaqyg/SourcePackages/checkouts/firebase-ios-sdk/FirebaseAuth/Sources/Swift/Backend/RPC/VerifyPhoneNumberResponse.swift /Users/fukushimatakumi/Library/Developer/Xcode/DerivedData/SugarBeat-hgoxfxbbugxkfsbmqcjlbmjeaqyg/SourcePackages/checkouts/firebase-ios-sdk/FirebaseAuth/Sources/Swift/Backend/VerifyClientRequest.swift /Users/fukushimatakumi/Library/Developer/Xcode/DerivedData/SugarBeat-hgoxfxbbugxkfsbmqcjlbmjeaqyg/SourcePackages/checkouts/firebase-ios-sdk/FirebaseAuth/Sources/Swift/Backend/VerifyClientResponse.swift /Users/fukushimatakumi/Library/Developer/Xcode/DerivedData/SugarBeat-hgoxfxbbugxkfsbmqcjlbmjeaqyg/SourcePackages/checkouts/firebase-ios-sdk/FirebaseAuth/Sources/Swift/Base64URLEncodedStringExtension.swift /Users/fukushimatakumi/Library/Developer/Xcode/DerivedData/SugarBeat-hgoxfxbbugxkfsbmqcjlbmjeaqyg/SourcePackages/checkouts/firebase-ios-sdk/FirebaseAuth/Sources/Swift/MultiFactor/MultiFactor.swift /Users/fukushimatakumi/Library/Developer/Xcode/DerivedData/SugarBeat-hgoxfxbbugxkfsbmqcjlbmjeaqyg/SourcePackages/checkouts/firebase-ios-sdk/FirebaseAuth/Sources/Swift/MultiFactor/MultiFactorAssertion.swift /Users/fukushimatakumi/Library/Developer/Xcode/DerivedData/SugarBeat-hgoxfxbbugxkfsbmqcjlbmjeaqyg/SourcePackages/checkouts/firebase-ios-sdk/FirebaseAuth/Sources/Swift/MultiFactor/MultiFactorInfo.swift /Users/fukushimatakumi/Library/Developer/Xcode/DerivedData/SugarBeat-hgoxfxbbugxkfsbmqcjlbmjeaqyg/SourcePackages/checkouts/firebase-ios-sdk/FirebaseAuth/Sources/Swift/MultiFactor/MultiFactorResolver.swift /Users/fukushimatakumi/Library/Developer/Xcode/DerivedData/SugarBeat-hgoxfxbbugxkfsbmqcjlbmjeaqyg/SourcePackages/checkouts/firebase-ios-sdk/FirebaseAuth/Sources/Swift/MultiFactor/MultiFactorSession.swift (in target 'FirebaseAuth' from project 'Firebase')
SwiftCompile normal arm64 /Users/fukushimatakumi/Library/Developer/Xcode/DerivedData/SugarBeat-hgoxfxbbugxkfsbmqcjlbmjeaqyg/SourcePackages/checkouts/firebase-ios-sdk/FirebaseAuth/Sources/Swift/Backend/RPC/VerifyCustomTokenRequest.swift (in target 'FirebaseAuth' from project 'Firebase')
    cd /Users/fukushimatakumi/develop/sugarbeat/sugarbeat-front
    

SwiftCompile normal arm64 /Users/fukushimatakumi/Library/Developer/Xcode/DerivedData/SugarBeat-hgoxfxbbugxkfsbmqcjlbmjeaqyg/SourcePackages/checkouts/firebase-ios-sdk/FirebaseAuth/Sources/Swift/Backend/RPC/VerifyCustomTokenResponse.swift (in target 'FirebaseAuth' from project 'Firebase')
    cd /Users/fukushimatakumi/develop/sugarbeat/sugarbeat-front
    

SwiftCompile normal arm64 /Users/fukushimatakumi/Library/Developer/Xcode/DerivedData/SugarBeat-hgoxfxbbugxkfsbmqcjlbmjeaqyg/SourcePackages/checkouts/firebase-ios-sdk/FirebaseAuth/Sources/Swift/Backend/RPC/VerifyPasswordRequest.swift (in target 'FirebaseAuth' from project 'Firebase')
    cd /Users/fukushimatakumi/develop/sugarbeat/sugarbeat-front
    

SwiftCompile normal arm64 /Users/fukushimatakumi/Library/Developer/Xcode/DerivedData/SugarBeat-hgoxfxbbugxkfsbmqcjlbmjeaqyg/SourcePackages/checkouts/firebase-ios-sdk/FirebaseAuth/Sources/Swift/Backend/RPC/VerifyPasswordResponse.swift (in target 'FirebaseAuth' from project 'Firebase')
    cd /Users/fukushimatakumi/develop/sugarbeat/sugarbeat-front
    

SwiftCompile normal arm64 /Users/fukushimatakumi/Library/Developer/Xcode/DerivedData/SugarBeat-hgoxfxbbugxkfsbmqcjlbmjeaqyg/SourcePackages/checkouts/firebase-ios-sdk/FirebaseAuth/Sources/Swift/Backend/RPC/VerifyPhoneNumberRequest.swift (in target 'FirebaseAuth' from project 'Firebase')
    cd /Users/fukushimatakumi/develop/sugarbeat/sugarbeat-front
    

SwiftCompile normal arm64 /Users/fukushimatakumi/Library/Developer/Xcode/DerivedData/SugarBeat-hgoxfxbbugxkfsbmqcjlbmjeaqyg/SourcePackages/checkouts/firebase-ios-sdk/FirebaseAuth/Sources/Swift/Backend/RPC/VerifyPhoneNumberResponse.swift (in target 'FirebaseAuth' from project 'Firebase')
    cd /Users/fukushimatakumi/develop/sugarbeat/sugarbeat-front
    

SwiftCompile normal arm64 /Users/fukushimatakumi/Library/Developer/Xcode/DerivedData/SugarBeat-hgoxfxbbugxkfsbmqcjlbmjeaqyg/SourcePackages/checkouts/firebase-ios-sdk/FirebaseAuth/Sources/Swift/Backend/VerifyClientRequest.swift (in target 'FirebaseAuth' from project 'Firebase')
    cd /Users/fukushimatakumi/develop/sugarbeat/sugarbeat-front
    

SwiftCompile normal arm64 /Users/fukushimatakumi/Library/Developer/Xcode/DerivedData/SugarBeat-hgoxfxbbugxkfsbmqcjlbmjeaqyg/SourcePackages/checkouts/firebase-ios-sdk/FirebaseAuth/Sources/Swift/Backend/VerifyClientResponse.swift (in target 'FirebaseAuth' from project 'Firebase')
    cd /Users/fukushimatakumi/develop/sugarbeat/sugarbeat-front
    

SwiftCompile normal arm64 /Users/fukushimatakumi/Library/Developer/Xcode/DerivedData/SugarBeat-hgoxfxbbugxkfsbmqcjlbmjeaqyg/SourcePackages/checkouts/firebase-ios-sdk/FirebaseAuth/Sources/Swift/Base64URLEncodedStringExtension.swift (in target 'FirebaseAuth' from project 'Firebase')
    cd /Users/fukushimatakumi/develop/sugarbeat/sugarbeat-front
    

SwiftCompile normal arm64 /Users/fukushimatakumi/Library/Developer/Xcode/DerivedData/SugarBeat-hgoxfxbbugxkfsbmqcjlbmjeaqyg/SourcePackages/checkouts/firebase-ios-sdk/FirebaseAuth/Sources/Swift/MultiFactor/MultiFactor.swift (in target 'FirebaseAuth' from project 'Firebase')
    cd /Users/fukushimatakumi/develop/sugarbeat/sugarbeat-front
    

SwiftCompile normal arm64 /Users/fukushimatakumi/Library/Developer/Xcode/DerivedData/SugarBeat-hgoxfxbbugxkfsbmqcjlbmjeaqyg/SourcePackages/checkouts/firebase-ios-sdk/FirebaseAuth/Sources/Swift/MultiFactor/MultiFactorAssertion.swift (in target 'FirebaseAuth' from project 'Firebase')
    cd /Users/fukushimatakumi/develop/sugarbeat/sugarbeat-front
    

SwiftCompile normal arm64 /Users/fukushimatakumi/Library/Developer/Xcode/DerivedData/SugarBeat-hgoxfxbbugxkfsbmqcjlbmjeaqyg/SourcePackages/checkouts/firebase-ios-sdk/FirebaseAuth/Sources/Swift/MultiFactor/MultiFactorInfo.swift (in target 'FirebaseAuth' from project 'Firebase')
    cd /Users/fukushimatakumi/develop/sugarbeat/sugarbeat-front
    

SwiftCompile normal arm64 /Users/fukushimatakumi/Library/Developer/Xcode/DerivedData/SugarBeat-hgoxfxbbugxkfsbmqcjlbmjeaqyg/SourcePackages/checkouts/firebase-ios-sdk/FirebaseAuth/Sources/Swift/MultiFactor/MultiFactorResolver.swift (in target 'FirebaseAuth' from project 'Firebase')
    cd /Users/fukushimatakumi/develop/sugarbeat/sugarbeat-front
    

SwiftCompile normal arm64 /Users/fukushimatakumi/Library/Developer/Xcode/DerivedData/SugarBeat-hgoxfxbbugxkfsbmqcjlbmjeaqyg/SourcePackages/checkouts/firebase-ios-sdk/FirebaseAuth/Sources/Swift/MultiFactor/MultiFactorSession.swift (in target 'FirebaseAuth' from project 'Firebase')
    cd /Users/fukushimatakumi/develop/sugarbeat/sugarbeat-front
    

SwiftCompile normal arm64 Compiling\ UserProfileUpdate.swift,\ AuthCondition.swift,\ AuthDefaultUIDelegate.swift,\ AuthErrorUtils.swift,\ AuthErrors.swift,\ AuthInternalErrors.swift,\ AuthLog.swift,\ AuthRecaptchaVerifier.swift,\ AuthUIDelegate.swift,\ AuthURLPresenter.swift,\ AuthWebUtils.swift,\ AuthWebView.swift,\ AuthWebViewController.swift /Users/fukushimatakumi/Library/Developer/Xcode/DerivedData/SugarBeat-hgoxfxbbugxkfsbmqcjlbmjeaqyg/SourcePackages/checkouts/firebase-ios-sdk/FirebaseAuth/Sources/Swift/User/UserProfileUpdate.swift /Users/fukushimatakumi/Library/Developer/Xcode/DerivedData/SugarBeat-hgoxfxbbugxkfsbmqcjlbmjeaqyg/SourcePackages/checkouts/firebase-ios-sdk/FirebaseAuth/Sources/Swift/Utilities/AuthCondition.swift /Users/fukushimatakumi/Library/Developer/Xcode/DerivedData/SugarBeat-hgoxfxbbugxkfsbmqcjlbmjeaqyg/SourcePackages/checkouts/firebase-ios-sdk/FirebaseAuth/Sources/Swift/Utilities/AuthDefaultUIDelegate.swift /Users/fukushimatakumi/Library/Developer/Xcode/DerivedData/SugarBeat-hgoxfxbbugxkfsbmqcjlbmjeaqyg/SourcePackages/checkouts/firebase-ios-sdk/FirebaseAuth/Sources/Swift/Utilities/AuthErrorUtils.swift /Users/fukushimatakumi/Library/Developer/Xcode/DerivedData/SugarBeat-hgoxfxbbugxkfsbmqcjlbmjeaqyg/SourcePackages/checkouts/firebase-ios-sdk/FirebaseAuth/Sources/Swift/Utilities/AuthErrors.swift /Users/fukushimatakumi/Library/Developer/Xcode/DerivedData/SugarBeat-hgoxfxbbugxkfsbmqcjlbmjeaqyg/SourcePackages/checkouts/firebase-ios-sdk/FirebaseAuth/Sources/Swift/Utilities/AuthInternalErrors.swift /Users/fukushimatakumi/Library/Developer/Xcode/DerivedData/SugarBeat-hgoxfxbbugxkfsbmqcjlbmjeaqyg/SourcePackages/checkouts/firebase-ios-sdk/FirebaseAuth/Sources/Swift/Utilities/AuthLog.swift /Users/fukushimatakumi/Library/Developer/Xcode/DerivedData/SugarBeat-hgoxfxbbugxkfsbmqcjlbmjeaqyg/SourcePackages/checkouts/firebase-ios-sdk/FirebaseAuth/Sources/Swift/Utilities/AuthRecaptchaVerifier.swift /Users/fukushimatakumi/Library/Developer/Xcode/DerivedData/SugarBeat-hgoxfxbbugxkfsbmqcjlbmjeaqyg/SourcePackages/checkouts/firebase-ios-sdk/FirebaseAuth/Sources/Swift/Utilities/AuthUIDelegate.swift /Users/fukushimatakumi/Library/Developer/Xcode/DerivedData/SugarBeat-hgoxfxbbugxkfsbmqcjlbmjeaqyg/SourcePackages/checkouts/firebase-ios-sdk/FirebaseAuth/Sources/Swift/Utilities/AuthURLPresenter.swift /Users/fukushimatakumi/Library/Developer/Xcode/DerivedData/SugarBeat-hgoxfxbbugxkfsbmqcjlbmjeaqyg/SourcePackages/checkouts/firebase-ios-sdk/FirebaseAuth/Sources/Swift/Utilities/AuthWebUtils.swift /Users/fukushimatakumi/Library/Developer/Xcode/DerivedData/SugarBeat-hgoxfxbbugxkfsbmqcjlbmjeaqyg/SourcePackages/checkouts/firebase-ios-sdk/FirebaseAuth/Sources/Swift/Utilities/AuthWebView.swift /Users/fukushimatakumi/Library/Developer/Xcode/DerivedData/SugarBeat-hgoxfxbbugxkfsbmqcjlbmjeaqyg/SourcePackages/checkouts/firebase-ios-sdk/FirebaseAuth/Sources/Swift/Utilities/AuthWebViewController.swift (in target 'FirebaseAuth' from project 'Firebase')
SwiftCompile normal arm64 /Users/fukushimatakumi/Library/Developer/Xcode/DerivedData/SugarBeat-hgoxfxbbugxkfsbmqcjlbmjeaqyg/SourcePackages/checkouts/firebase-ios-sdk/FirebaseAuth/Sources/Swift/User/UserProfileUpdate.swift (in target 'FirebaseAuth' from project 'Firebase')
    cd /Users/fukushimatakumi/develop/sugarbeat/sugarbeat-front
    

SwiftCompile normal arm64 /Users/fukushimatakumi/Library/Developer/Xcode/DerivedData/SugarBeat-hgoxfxbbugxkfsbmqcjlbmjeaqyg/SourcePackages/checkouts/firebase-ios-sdk/FirebaseAuth/Sources/Swift/Utilities/AuthCondition.swift (in target 'FirebaseAuth' from project 'Firebase')
    cd /Users/fukushimatakumi/develop/sugarbeat/sugarbeat-front
    

SwiftCompile normal arm64 /Users/fukushimatakumi/Library/Developer/Xcode/DerivedData/SugarBeat-hgoxfxbbugxkfsbmqcjlbmjeaqyg/SourcePackages/checkouts/firebase-ios-sdk/FirebaseAuth/Sources/Swift/Utilities/AuthDefaultUIDelegate.swift (in target 'FirebaseAuth' from project 'Firebase')
    cd /Users/fukushimatakumi/develop/sugarbeat/sugarbeat-front
    

SwiftCompile normal arm64 /Users/fukushimatakumi/Library/Developer/Xcode/DerivedData/SugarBeat-hgoxfxbbugxkfsbmqcjlbmjeaqyg/SourcePackages/checkouts/firebase-ios-sdk/FirebaseAuth/Sources/Swift/Utilities/AuthErrorUtils.swift (in target 'FirebaseAuth' from project 'Firebase')
    cd /Users/fukushimatakumi/develop/sugarbeat/sugarbeat-front
    

SwiftCompile normal arm64 /Users/fukushimatakumi/Library/Developer/Xcode/DerivedData/SugarBeat-hgoxfxbbugxkfsbmqcjlbmjeaqyg/SourcePackages/checkouts/firebase-ios-sdk/FirebaseAuth/Sources/Swift/Utilities/AuthErrors.swift (in target 'FirebaseAuth' from project 'Firebase')
    cd /Users/fukushimatakumi/develop/sugarbeat/sugarbeat-front
    

SwiftCompile normal arm64 /Users/fukushimatakumi/Library/Developer/Xcode/DerivedData/SugarBeat-hgoxfxbbugxkfsbmqcjlbmjeaqyg/SourcePackages/checkouts/firebase-ios-sdk/FirebaseAuth/Sources/Swift/Utilities/AuthInternalErrors.swift (in target 'FirebaseAuth' from project 'Firebase')
    cd /Users/fukushimatakumi/develop/sugarbeat/sugarbeat-front
    

SwiftCompile normal arm64 /Users/fukushimatakumi/Library/Developer/Xcode/DerivedData/SugarBeat-hgoxfxbbugxkfsbmqcjlbmjeaqyg/SourcePackages/checkouts/firebase-ios-sdk/FirebaseAuth/Sources/Swift/Utilities/AuthLog.swift (in target 'FirebaseAuth' from project 'Firebase')
    cd /Users/fukushimatakumi/develop/sugarbeat/sugarbeat-front
    

SwiftCompile normal arm64 /Users/fukushimatakumi/Library/Developer/Xcode/DerivedData/SugarBeat-hgoxfxbbugxkfsbmqcjlbmjeaqyg/SourcePackages/checkouts/firebase-ios-sdk/FirebaseAuth/Sources/Swift/Utilities/AuthRecaptchaVerifier.swift (in target 'FirebaseAuth' from project 'Firebase')
    cd /Users/fukushimatakumi/develop/sugarbeat/sugarbeat-front
    

SwiftCompile normal arm64 /Users/fukushimatakumi/Library/Developer/Xcode/DerivedData/SugarBeat-hgoxfxbbugxkfsbmqcjlbmjeaqyg/SourcePackages/checkouts/firebase-ios-sdk/FirebaseAuth/Sources/Swift/Utilities/AuthUIDelegate.swift (in target 'FirebaseAuth' from project 'Firebase')
    cd /Users/fukushimatakumi/develop/sugarbeat/sugarbeat-front
    

SwiftCompile normal arm64 /Users/fukushimatakumi/Library/Developer/Xcode/DerivedData/SugarBeat-hgoxfxbbugxkfsbmqcjlbmjeaqyg/SourcePackages/checkouts/firebase-ios-sdk/FirebaseAuth/Sources/Swift/Utilities/AuthURLPresenter.swift (in target 'FirebaseAuth' from project 'Firebase')
    cd /Users/fukushimatakumi/develop/sugarbeat/sugarbeat-front
    

SwiftCompile normal arm64 /Users/fukushimatakumi/Library/Developer/Xcode/DerivedData/SugarBeat-hgoxfxbbugxkfsbmqcjlbmjeaqyg/SourcePackages/checkouts/firebase-ios-sdk/FirebaseAuth/Sources/Swift/Utilities/AuthWebUtils.swift (in target 'FirebaseAuth' from project 'Firebase')
    cd /Users/fukushimatakumi/develop/sugarbeat/sugarbeat-front
    

SwiftCompile normal arm64 /Users/fukushimatakumi/Library/Developer/Xcode/DerivedData/SugarBeat-hgoxfxbbugxkfsbmqcjlbmjeaqyg/SourcePackages/checkouts/firebase-ios-sdk/FirebaseAuth/Sources/Swift/Utilities/AuthWebView.swift (in target 'FirebaseAuth' from project 'Firebase')
    cd /Users/fukushimatakumi/develop/sugarbeat/sugarbeat-front
    

SwiftCompile normal arm64 /Users/fukushimatakumi/Library/Developer/Xcode/DerivedData/SugarBeat-hgoxfxbbugxkfsbmqcjlbmjeaqyg/SourcePackages/checkouts/firebase-ios-sdk/FirebaseAuth/Sources/Swift/Utilities/AuthWebViewController.swift (in target 'FirebaseAuth' from project 'Firebase')
    cd /Users/fukushimatakumi/develop/sugarbeat/sugarbeat-front
    

SwiftCompile normal arm64 Compiling\ resource_bundle_accessor.swift,\ ActionCodeInfo.swift,\ ActionCodeOperation.swift,\ ActionCodeSettings.swift,\ ActionCodeURL.swift,\ Auth.swift,\ AuthComponent.swift,\ AuthDataResult.swift,\ AuthDispatcher.swift,\ AuthGlobalWorkQueue.swift,\ AuthOperationType.swift,\ AuthSettings.swift,\ AuthTokenResult.swift,\ AuthCredential.swift /Users/fukushimatakumi/Library/Developer/Xcode/DerivedData/SugarBeat-hgoxfxbbugxkfsbmqcjlbmjeaqyg/Build/Intermediates.noindex/Firebase.build/Debug-iphonesimulator/FirebaseAuth.build/DerivedSources/resource_bundle_accessor.swift /Users/fukushimatakumi/Library/Developer/Xcode/DerivedData/SugarBeat-hgoxfxbbugxkfsbmqcjlbmjeaqyg/SourcePackages/checkouts/firebase-ios-sdk/FirebaseAuth/Sources/Swift/ActionCode/ActionCodeInfo.swift /Users/fukushimatakumi/Library/Developer/Xcode/DerivedData/SugarBeat-hgoxfxbbugxkfsbmqcjlbmjeaqyg/SourcePackages/checkouts/firebase-ios-sdk/FirebaseAuth/Sources/Swift/ActionCode/ActionCodeOperation.swift /Users/fukushimatakumi/Library/Developer/Xcode/DerivedData/SugarBeat-hgoxfxbbugxkfsbmqcjlbmjeaqyg/SourcePackages/checkouts/firebase-ios-sdk/FirebaseAuth/Sources/Swift/ActionCode/ActionCodeSettings.swift /Users/fukushimatakumi/Library/Developer/Xcode/DerivedData/SugarBeat-hgoxfxbbugxkfsbmqcjlbmjeaqyg/SourcePackages/checkouts/firebase-ios-sdk/FirebaseAuth/Sources/Swift/ActionCode/ActionCodeURL.swift /Users/fukushimatakumi/Library/Developer/Xcode/DerivedData/SugarBeat-hgoxfxbbugxkfsbmqcjlbmjeaqyg/SourcePackages/checkouts/firebase-ios-sdk/FirebaseAuth/Sources/Swift/Auth/Auth.swift /Users/fukushimatakumi/Library/Developer/Xcode/DerivedData/SugarBeat-hgoxfxbbugxkfsbmqcjlbmjeaqyg/SourcePackages/checkouts/firebase-ios-sdk/FirebaseAuth/Sources/Swift/Auth/AuthComponent.swift /Users/fukushimatakumi/Library/Developer/Xcode/DerivedData/SugarBeat-hgoxfxbbugxkfsbmqcjlbmjeaqyg/SourcePackages/checkouts/firebase-ios-sdk/FirebaseAuth/Sources/Swift/Auth/AuthDataResult.swift /Users/fukushimatakumi/Library/Developer/Xcode/DerivedData/SugarBeat-hgoxfxbbugxkfsbmqcjlbmjeaqyg/SourcePackages/checkouts/firebase-ios-sdk/FirebaseAuth/Sources/Swift/Auth/AuthDispatcher.swift /Users/fukushimatakumi/Library/Developer/Xcode/DerivedData/SugarBeat-hgoxfxbbugxkfsbmqcjlbmjeaqyg/SourcePackages/checkouts/firebase-ios-sdk/FirebaseAuth/Sources/Swift/Auth/AuthGlobalWorkQueue.swift /Users/fukushimatakumi/Library/Developer/Xcode/DerivedData/SugarBeat-hgoxfxbbugxkfsbmqcjlbmjeaqyg/SourcePackages/checkouts/firebase-ios-sdk/FirebaseAuth/Sources/Swift/Auth/AuthOperationType.swift /Users/fukushimatakumi/Library/Developer/Xcode/DerivedData/SugarBeat-hgoxfxbbugxkfsbmqcjlbmjeaqyg/SourcePackages/checkouts/firebase-ios-sdk/FirebaseAuth/Sources/Swift/Auth/AuthSettings.swift /Users/fukushimatakumi/Library/Developer/Xcode/DerivedData/SugarBeat-hgoxfxbbugxkfsbmqcjlbmjeaqyg/SourcePackages/checkouts/firebase-ios-sdk/FirebaseAuth/Sources/Swift/Auth/AuthTokenResult.swift /Users/fukushimatakumi/Library/Developer/Xcode/DerivedData/SugarBeat-hgoxfxbbugxkfsbmqcjlbmjeaqyg/SourcePackages/checkouts/firebase-ios-sdk/FirebaseAuth/Sources/Swift/AuthProvider/AuthCredential.swift (in target 'FirebaseAuth' from project 'Firebase')
SwiftCompile normal arm64 /Users/fukushimatakumi/Library/Developer/Xcode/DerivedData/SugarBeat-hgoxfxbbugxkfsbmqcjlbmjeaqyg/Build/Intermediates.noindex/Firebase.build/Debug-iphonesimulator/FirebaseAuth.build/DerivedSources/resource_bundle_accessor.swift (in target 'FirebaseAuth' from project 'Firebase')
    cd /Users/fukushimatakumi/develop/sugarbeat/sugarbeat-front
    

SwiftCompile normal arm64 /Users/fukushimatakumi/Library/Developer/Xcode/DerivedData/SugarBeat-hgoxfxbbugxkfsbmqcjlbmjeaqyg/SourcePackages/checkouts/firebase-ios-sdk/FirebaseAuth/Sources/Swift/ActionCode/ActionCodeInfo.swift (in target 'FirebaseAuth' from project 'Firebase')
    cd /Users/fukushimatakumi/develop/sugarbeat/sugarbeat-front
    

SwiftCompile normal arm64 /Users/fukushimatakumi/Library/Developer/Xcode/DerivedData/SugarBeat-hgoxfxbbugxkfsbmqcjlbmjeaqyg/SourcePackages/checkouts/firebase-ios-sdk/FirebaseAuth/Sources/Swift/ActionCode/ActionCodeOperation.swift (in target 'FirebaseAuth' from project 'Firebase')
    cd /Users/fukushimatakumi/develop/sugarbeat/sugarbeat-front
    

SwiftCompile normal arm64 /Users/fukushimatakumi/Library/Developer/Xcode/DerivedData/SugarBeat-hgoxfxbbugxkfsbmqcjlbmjeaqyg/SourcePackages/checkouts/firebase-ios-sdk/FirebaseAuth/Sources/Swift/ActionCode/ActionCodeSettings.swift (in target 'FirebaseAuth' from project 'Firebase')
    cd /Users/fukushimatakumi/develop/sugarbeat/sugarbeat-front
    

SwiftCompile normal arm64 /Users/fukushimatakumi/Library/Developer/Xcode/DerivedData/SugarBeat-hgoxfxbbugxkfsbmqcjlbmjeaqyg/SourcePackages/checkouts/firebase-ios-sdk/FirebaseAuth/Sources/Swift/ActionCode/ActionCodeURL.swift (in target 'FirebaseAuth' from project 'Firebase')
    cd /Users/fukushimatakumi/develop/sugarbeat/sugarbeat-front
    

SwiftCompile normal arm64 /Users/fukushimatakumi/Library/Developer/Xcode/DerivedData/SugarBeat-hgoxfxbbugxkfsbmqcjlbmjeaqyg/SourcePackages/checkouts/firebase-ios-sdk/FirebaseAuth/Sources/Swift/Auth/Auth.swift (in target 'FirebaseAuth' from project 'Firebase')
    cd /Users/fukushimatakumi/develop/sugarbeat/sugarbeat-front
    

SwiftCompile normal arm64 /Users/fukushimatakumi/Library/Developer/Xcode/DerivedData/SugarBeat-hgoxfxbbugxkfsbmqcjlbmjeaqyg/SourcePackages/checkouts/firebase-ios-sdk/FirebaseAuth/Sources/Swift/Auth/AuthComponent.swift (in target 'FirebaseAuth' from project 'Firebase')
    cd /Users/fukushimatakumi/develop/sugarbeat/sugarbeat-front
    

SwiftCompile normal arm64 /Users/fukushimatakumi/Library/Developer/Xcode/DerivedData/SugarBeat-hgoxfxbbugxkfsbmqcjlbmjeaqyg/SourcePackages/checkouts/firebase-ios-sdk/FirebaseAuth/Sources/Swift/Auth/AuthDataResult.swift (in target 'FirebaseAuth' from project 'Firebase')
    cd /Users/fukushimatakumi/develop/sugarbeat/sugarbeat-front
    

SwiftCompile normal arm64 /Users/fukushimatakumi/Library/Developer/Xcode/DerivedData/SugarBeat-hgoxfxbbugxkfsbmqcjlbmjeaqyg/SourcePackages/checkouts/firebase-ios-sdk/FirebaseAuth/Sources/Swift/Auth/AuthDispatcher.swift (in target 'FirebaseAuth' from project 'Firebase')
    cd /Users/fukushimatakumi/develop/sugarbeat/sugarbeat-front
    

SwiftCompile normal arm64 /Users/fukushimatakumi/Library/Developer/Xcode/DerivedData/SugarBeat-hgoxfxbbugxkfsbmqcjlbmjeaqyg/SourcePackages/checkouts/firebase-ios-sdk/FirebaseAuth/Sources/Swift/Auth/AuthGlobalWorkQueue.swift (in target 'FirebaseAuth' from project 'Firebase')
    cd /Users/fukushimatakumi/develop/sugarbeat/sugarbeat-front
    

SwiftCompile normal arm64 /Users/fukushimatakumi/Library/Developer/Xcode/DerivedData/SugarBeat-hgoxfxbbugxkfsbmqcjlbmjeaqyg/SourcePackages/checkouts/firebase-ios-sdk/FirebaseAuth/Sources/Swift/Auth/AuthOperationType.swift (in target 'FirebaseAuth' from project 'Firebase')
    cd /Users/fukushimatakumi/develop/sugarbeat/sugarbeat-front
    

SwiftCompile normal arm64 /Users/fukushimatakumi/Library/Developer/Xcode/DerivedData/SugarBeat-hgoxfxbbugxkfsbmqcjlbmjeaqyg/SourcePackages/checkouts/firebase-ios-sdk/FirebaseAuth/Sources/Swift/Auth/AuthSettings.swift (in target 'FirebaseAuth' from project 'Firebase')
    cd /Users/fukushimatakumi/develop/sugarbeat/sugarbeat-front
    

SwiftCompile normal arm64 /Users/fukushimatakumi/Library/Developer/Xcode/DerivedData/SugarBeat-hgoxfxbbugxkfsbmqcjlbmjeaqyg/SourcePackages/checkouts/firebase-ios-sdk/FirebaseAuth/Sources/Swift/Auth/AuthTokenResult.swift (in target 'FirebaseAuth' from project 'Firebase')
    cd /Users/fukushimatakumi/develop/sugarbeat/sugarbeat-front
    

SwiftCompile normal arm64 /Users/fukushimatakumi/Library/Developer/Xcode/DerivedData/SugarBeat-hgoxfxbbugxkfsbmqcjlbmjeaqyg/SourcePackages/checkouts/firebase-ios-sdk/FirebaseAuth/Sources/Swift/AuthProvider/AuthCredential.swift (in target 'FirebaseAuth' from project 'Firebase')
    cd /Users/fukushimatakumi/develop/sugarbeat/sugarbeat-front
    

SwiftCompile normal arm64 Compiling\ AuthAPNSTokenType.swift,\ AuthAppCredential.swift,\ AuthAppCredentialManager.swift,\ AuthNotificationManager.swift,\ AuthStoredUserManager.swift,\ SecureTokenService.swift,\ TokenRefreshCoalescer.swift,\ AdditionalUserInfo.swift,\ User.swift,\ UserInfo.swift,\ UserInfoImpl.swift,\ UserMetadata.swift,\ UserProfileChangeRequest.swift /Users/fukushimatakumi/Library/Developer/Xcode/DerivedData/SugarBeat-hgoxfxbbugxkfsbmqcjlbmjeaqyg/SourcePackages/checkouts/firebase-ios-sdk/FirebaseAuth/Sources/Swift/SystemService/AuthAPNSTokenType.swift /Users/fukushimatakumi/Library/Developer/Xcode/DerivedData/SugarBeat-hgoxfxbbugxkfsbmqcjlbmjeaqyg/SourcePackages/checkouts/firebase-ios-sdk/FirebaseAuth/Sources/Swift/SystemService/AuthAppCredential.swift /Users/fukushimatakumi/Library/Developer/Xcode/DerivedData/SugarBeat-hgoxfxbbugxkfsbmqcjlbmjeaqyg/SourcePackages/checkouts/firebase-ios-sdk/FirebaseAuth/Sources/Swift/SystemService/AuthAppCredentialManager.swift /Users/fukushimatakumi/Library/Developer/Xcode/DerivedData/SugarBeat-hgoxfxbbugxkfsbmqcjlbmjeaqyg/SourcePackages/checkouts/firebase-ios-sdk/FirebaseAuth/Sources/Swift/SystemService/AuthNotificationManager.swift /Users/fukushimatakumi/Library/Developer/Xcode/DerivedData/SugarBeat-hgoxfxbbugxkfsbmqcjlbmjeaqyg/SourcePackages/checkouts/firebase-ios-sdk/FirebaseAuth/Sources/Swift/SystemService/AuthStoredUserManager.swift /Users/fukushimatakumi/Library/Developer/Xcode/DerivedData/SugarBeat-hgoxfxbbugxkfsbmqcjlbmjeaqyg/SourcePackages/checkouts/firebase-ios-sdk/FirebaseAuth/Sources/Swift/SystemService/SecureTokenService.swift /Users/fukushimatakumi/Library/Developer/Xcode/DerivedData/SugarBeat-hgoxfxbbugxkfsbmqcjlbmjeaqyg/SourcePackages/checkouts/firebase-ios-sdk/FirebaseAuth/Sources/Swift/SystemService/TokenRefreshCoalescer.swift /Users/fukushimatakumi/Library/Developer/Xcode/DerivedData/SugarBeat-hgoxfxbbugxkfsbmqcjlbmjeaqyg/SourcePackages/checkouts/firebase-ios-sdk/FirebaseAuth/Sources/Swift/User/AdditionalUserInfo.swift /Users/fukushimatakumi/Library/Developer/Xcode/DerivedData/SugarBeat-hgoxfxbbugxkfsbmqcjlbmjeaqyg/SourcePackages/checkouts/firebase-ios-sdk/FirebaseAuth/Sources/Swift/User/User.swift /Users/fukushimatakumi/Library/Developer/Xcode/DerivedData/SugarBeat-hgoxfxbbugxkfsbmqcjlbmjeaqyg/SourcePackages/checkouts/firebase-ios-sdk/FirebaseAuth/Sources/Swift/User/UserInfo.swift /Users/fukushimatakumi/Library/Developer/Xcode/DerivedData/SugarBeat-hgoxfxbbugxkfsbmqcjlbmjeaqyg/SourcePackages/checkouts/firebase-ios-sdk/FirebaseAuth/Sources/Swift/User/UserInfoImpl.swift /Users/fukushimatakumi/Library/Developer/Xcode/DerivedData/SugarBeat-hgoxfxbbugxkfsbmqcjlbmjeaqyg/SourcePackages/checkouts/firebase-ios-sdk/FirebaseAuth/Sources/Swift/User/UserMetadata.swift /Users/fukushimatakumi/Library/Developer/Xcode/DerivedData/SugarBeat-hgoxfxbbugxkfsbmqcjlbmjeaqyg/SourcePackages/checkouts/firebase-ios-sdk/FirebaseAuth/Sources/Swift/User/UserProfileChangeRequest.swift (in target 'FirebaseAuth' from project 'Firebase')

SwiftCompile normal arm64 /Users/fukushimatakumi/Library/Developer/Xcode/DerivedData/SugarBeat-hgoxfxbbugxkfsbmqcjlbmjeaqyg/SourcePackages/checkouts/firebase-ios-sdk/FirebaseAuth/Sources/Swift/SystemService/AuthAPNSTokenType.swift (in target 'FirebaseAuth' from project 'Firebase')
    cd /Users/fukushimatakumi/develop/sugarbeat/sugarbeat-front
    

SwiftCompile normal arm64 /Users/fukushimatakumi/Library/Developer/Xcode/DerivedData/SugarBeat-hgoxfxbbugxkfsbmqcjlbmjeaqyg/SourcePackages/checkouts/firebase-ios-sdk/FirebaseAuth/Sources/Swift/SystemService/AuthAppCredential.swift (in target 'FirebaseAuth' from project 'Firebase')
    cd /Users/fukushimatakumi/develop/sugarbeat/sugarbeat-front
    

SwiftCompile normal arm64 /Users/fukushimatakumi/Library/Developer/Xcode/DerivedData/SugarBeat-hgoxfxbbugxkfsbmqcjlbmjeaqyg/SourcePackages/checkouts/firebase-ios-sdk/FirebaseAuth/Sources/Swift/SystemService/AuthAppCredentialManager.swift (in target 'FirebaseAuth' from project 'Firebase')
    cd /Users/fukushimatakumi/develop/sugarbeat/sugarbeat-front
    

SwiftCompile normal arm64 /Users/fukushimatakumi/Library/Developer/Xcode/DerivedData/SugarBeat-hgoxfxbbugxkfsbmqcjlbmjeaqyg/SourcePackages/checkouts/firebase-ios-sdk/FirebaseAuth/Sources/Swift/SystemService/AuthNotificationManager.swift (in target 'FirebaseAuth' from project 'Firebase')
    cd /Users/fukushimatakumi/develop/sugarbeat/sugarbeat-front
    

SwiftCompile normal arm64 /Users/fukushimatakumi/Library/Developer/Xcode/DerivedData/SugarBeat-hgoxfxbbugxkfsbmqcjlbmjeaqyg/SourcePackages/checkouts/firebase-ios-sdk/FirebaseAuth/Sources/Swift/SystemService/AuthStoredUserManager.swift (in target 'FirebaseAuth' from project 'Firebase')
    cd /Users/fukushimatakumi/develop/sugarbeat/sugarbeat-front
    

SwiftCompile normal arm64 /Users/fukushimatakumi/Library/Developer/Xcode/DerivedData/SugarBeat-hgoxfxbbugxkfsbmqcjlbmjeaqyg/SourcePackages/checkouts/firebase-ios-sdk/FirebaseAuth/Sources/Swift/SystemService/SecureTokenService.swift (in target 'FirebaseAuth' from project 'Firebase')
    cd /Users/fukushimatakumi/develop/sugarbeat/sugarbeat-front
    

SwiftCompile normal arm64 /Users/fukushimatakumi/Library/Developer/Xcode/DerivedData/SugarBeat-hgoxfxbbugxkfsbmqcjlbmjeaqyg/SourcePackages/checkouts/firebase-ios-sdk/FirebaseAuth/Sources/Swift/SystemService/TokenRefreshCoalescer.swift (in target 'FirebaseAuth' from project 'Firebase')
    cd /Users/fukushimatakumi/develop/sugarbeat/sugarbeat-front
    

SwiftCompile normal arm64 /Users/fukushimatakumi/Library/Developer/Xcode/DerivedData/SugarBeat-hgoxfxbbugxkfsbmqcjlbmjeaqyg/SourcePackages/checkouts/firebase-ios-sdk/FirebaseAuth/Sources/Swift/User/AdditionalUserInfo.swift (in target 'FirebaseAuth' from project 'Firebase')
    cd /Users/fukushimatakumi/develop/sugarbeat/sugarbeat-front
    

SwiftCompile normal arm64 /Users/fukushimatakumi/Library/Developer/Xcode/DerivedData/SugarBeat-hgoxfxbbugxkfsbmqcjlbmjeaqyg/SourcePackages/checkouts/firebase-ios-sdk/FirebaseAuth/Sources/Swift/User/User.swift (in target 'FirebaseAuth' from project 'Firebase')
    cd /Users/fukushimatakumi/develop/sugarbeat/sugarbeat-front
    

SwiftCompile normal arm64 /Users/fukushimatakumi/Library/Developer/Xcode/DerivedData/SugarBeat-hgoxfxbbugxkfsbmqcjlbmjeaqyg/SourcePackages/checkouts/firebase-ios-sdk/FirebaseAuth/Sources/Swift/User/UserInfo.swift (in target 'FirebaseAuth' from project 'Firebase')
    cd /Users/fukushimatakumi/develop/sugarbeat/sugarbeat-front
    

SwiftCompile normal arm64 /Users/fukushimatakumi/Library/Developer/Xcode/DerivedData/SugarBeat-hgoxfxbbugxkfsbmqcjlbmjeaqyg/SourcePackages/checkouts/firebase-ios-sdk/FirebaseAuth/Sources/Swift/User/UserInfoImpl.swift (in target 'FirebaseAuth' from project 'Firebase')
    cd /Users/fukushimatakumi/develop/sugarbeat/sugarbeat-front
    

SwiftCompile normal arm64 /Users/fukushimatakumi/Library/Developer/Xcode/DerivedData/SugarBeat-hgoxfxbbugxkfsbmqcjlbmjeaqyg/SourcePackages/checkouts/firebase-ios-sdk/FirebaseAuth/Sources/Swift/User/UserMetadata.swift (in target 'FirebaseAuth' from project 'Firebase')
    cd /Users/fukushimatakumi/develop/sugarbeat/sugarbeat-front
    

SwiftCompile normal arm64 /Users/fukushimatakumi/Library/Developer/Xcode/DerivedData/SugarBeat-hgoxfxbbugxkfsbmqcjlbmjeaqyg/SourcePackages/checkouts/firebase-ios-sdk/FirebaseAuth/Sources/Swift/User/UserProfileChangeRequest.swift (in target 'FirebaseAuth' from project 'Firebase')
    cd /Users/fukushimatakumi/develop/sugarbeat/sugarbeat-front
    

SwiftCompile normal arm64 Compiling\ GetOOBConfirmationCodeResponse.swift,\ GetProjectConfigRequest.swift,\ GetProjectConfigResponse.swift,\ GetRecaptchaConfigRequest.swift,\ GetRecaptchaConfigResponse.swift,\ FinalizeMFAEnrollmentRequest.swift,\ FinalizeMFAEnrollmentResponse.swift,\ StartMFAEnrollmentRequest.swift,\ StartMFAEnrollmentResponse.swift,\ FinalizeMFASignInRequest.swift,\ FinalizeMFASignInResponse.swift,\ StartMFASignInRequest.swift,\ StartMFASignInResponse.swift,\ WithdrawMFARequest.swift /Users/fukushimatakumi/Library/Developer/Xcode/DerivedData/SugarBeat-hgoxfxbbugxkfsbmqcjlbmjeaqyg/SourcePackages/checkouts/firebase-ios-sdk/FirebaseAuth/Sources/Swift/Backend/RPC/GetOOBConfirmationCodeResponse.swift /Users/fukushimatakumi/Library/Developer/Xcode/DerivedData/SugarBeat-hgoxfxbbugxkfsbmqcjlbmjeaqyg/SourcePackages/checkouts/firebase-ios-sdk/FirebaseAuth/Sources/Swift/Backend/RPC/GetProjectConfigRequest.swift /Users/fukushimatakumi/Library/Developer/Xcode/DerivedData/SugarBeat-hgoxfxbbugxkfsbmqcjlbmjeaqyg/SourcePackages/checkouts/firebase-ios-sdk/FirebaseAuth/Sources/Swift/Backend/RPC/GetProjectConfigResponse.swift /Users/fukushimatakumi/Library/Developer/Xcode/DerivedData/SugarBeat-hgoxfxbbugxkfsbmqcjlbmjeaqyg/SourcePackages/checkouts/firebase-ios-sdk/FirebaseAuth/Sources/Swift/Backend/RPC/GetRecaptchaConfigRequest.swift /Users/fukushimatakumi/Library/Developer/Xcode/DerivedData/SugarBeat-hgoxfxbbugxkfsbmqcjlbmjeaqyg/SourcePackages/checkouts/firebase-ios-sdk/FirebaseAuth/Sources/Swift/Backend/RPC/GetRecaptchaConfigResponse.swift /Users/fukushimatakumi/Library/Developer/Xcode/DerivedData/SugarBeat-hgoxfxbbugxkfsbmqcjlbmjeaqyg/SourcePackages/checkouts/firebase-ios-sdk/FirebaseAuth/Sources/Swift/Backend/RPC/MultiFactor/Enroll/FinalizeMFAEnrollmentRequest.swift /Users/fukushimatakumi/Library/Developer/Xcode/DerivedData/SugarBeat-hgoxfxbbugxkfsbmqcjlbmjeaqyg/SourcePackages/checkouts/firebase-ios-sdk/FirebaseAuth/Sources/Swift/Backend/RPC/MultiFactor/Enroll/FinalizeMFAEnrollmentResponse.swift /Users/fukushimatakumi/Library/Developer/Xcode/DerivedData/SugarBeat-hgoxfxbbugxkfsbmqcjlbmjeaqyg/SourcePackages/checkouts/firebase-ios-sdk/FirebaseAuth/Sources/Swift/Backend/RPC/MultiFactor/Enroll/StartMFAEnrollmentRequest.swift /Users/fukushimatakumi/Library/Developer/Xcode/DerivedData/SugarBeat-hgoxfxbbugxkfsbmqcjlbmjeaqyg/SourcePackages/checkouts/firebase-ios-sdk/FirebaseAuth/Sources/Swift/Backend/RPC/MultiFactor/Enroll/StartMFAEnrollmentResponse.swift /Users/fukushimatakumi/Library/Developer/Xcode/DerivedData/SugarBeat-hgoxfxbbugxkfsbmqcjlbmjeaqyg/SourcePackages/checkouts/firebase-ios-sdk/FirebaseAuth/Sources/Swift/Backend/RPC/MultiFactor/SignIn/FinalizeMFASignInRequest.swift /Users/fukushimatakumi/Library/Developer/Xcode/DerivedData/SugarBeat-hgoxfxbbugxkfsbmqcjlbmjeaqyg/SourcePackages/checkouts/firebase-ios-sdk/FirebaseAuth/Sources/Swift/Backend/RPC/MultiFactor/SignIn/FinalizeMFASignInResponse.swift /Users/fukushimatakumi/Library/Developer/Xcode/DerivedData/SugarBeat-hgoxfxbbugxkfsbmqcjlbmjeaqyg/SourcePackages/checkouts/firebase-ios-sdk/FirebaseAuth/Sources/Swift/Backend/RPC/MultiFactor/SignIn/StartMFASignInRequest.swift /Users/fukushimatakumi/Library/Developer/Xcode/DerivedData/SugarBeat-hgoxfxbbugxkfsbmqcjlbmjeaqyg/SourcePackages/checkouts/firebase-ios-sdk/FirebaseAuth/Sources/Swift/Backend/RPC/MultiFactor/SignIn/StartMFASignInResponse.swift /Users/fukushimatakumi/Library/Developer/Xcode/DerivedData/SugarBeat-hgoxfxbbugxkfsbmqcjlbmjeaqyg/SourcePackages/checkouts/firebase-ios-sdk/FirebaseAuth/Sources/Swift/Backend/RPC/MultiFactor/Unenroll/WithdrawMFARequest.swift (in target 'FirebaseAuth' from project 'Firebase')

SwiftCompile normal arm64 /Users/fukushimatakumi/Library/Developer/Xcode/DerivedData/SugarBeat-hgoxfxbbugxkfsbmqcjlbmjeaqyg/SourcePackages/checkouts/firebase-ios-sdk/FirebaseAuth/Sources/Swift/Backend/RPC/GetOOBConfirmationCodeResponse.swift (in target 'FirebaseAuth' from project 'Firebase')
    cd /Users/fukushimatakumi/develop/sugarbeat/sugarbeat-front
    

SwiftCompile normal arm64 /Users/fukushimatakumi/Library/Developer/Xcode/DerivedData/SugarBeat-hgoxfxbbugxkfsbmqcjlbmjeaqyg/SourcePackages/checkouts/firebase-ios-sdk/FirebaseAuth/Sources/Swift/Backend/RPC/GetProjectConfigRequest.swift (in target 'FirebaseAuth' from project 'Firebase')
    cd /Users/fukushimatakumi/develop/sugarbeat/sugarbeat-front
    

SwiftCompile normal arm64 /Users/fukushimatakumi/Library/Developer/Xcode/DerivedData/SugarBeat-hgoxfxbbugxkfsbmqcjlbmjeaqyg/SourcePackages/checkouts/firebase-ios-sdk/FirebaseAuth/Sources/Swift/Backend/RPC/GetProjectConfigResponse.swift (in target 'FirebaseAuth' from project 'Firebase')
    cd /Users/fukushimatakumi/develop/sugarbeat/sugarbeat-front
    

SwiftCompile normal arm64 /Users/fukushimatakumi/Library/Developer/Xcode/DerivedData/SugarBeat-hgoxfxbbugxkfsbmqcjlbmjeaqyg/SourcePackages/checkouts/firebase-ios-sdk/FirebaseAuth/Sources/Swift/Backend/RPC/GetRecaptchaConfigRequest.swift (in target 'FirebaseAuth' from project 'Firebase')
    cd /Users/fukushimatakumi/develop/sugarbeat/sugarbeat-front
    

SwiftCompile normal arm64 /Users/fukushimatakumi/Library/Developer/Xcode/DerivedData/SugarBeat-hgoxfxbbugxkfsbmqcjlbmjeaqyg/SourcePackages/checkouts/firebase-ios-sdk/FirebaseAuth/Sources/Swift/Backend/RPC/GetRecaptchaConfigResponse.swift (in target 'FirebaseAuth' from project 'Firebase')
    cd /Users/fukushimatakumi/develop/sugarbeat/sugarbeat-front
    

SwiftCompile normal arm64 /Users/fukushimatakumi/Library/Developer/Xcode/DerivedData/SugarBeat-hgoxfxbbugxkfsbmqcjlbmjeaqyg/SourcePackages/checkouts/firebase-ios-sdk/FirebaseAuth/Sources/Swift/Backend/RPC/MultiFactor/Enroll/FinalizeMFAEnrollmentRequest.swift (in target 'FirebaseAuth' from project 'Firebase')
    cd /Users/fukushimatakumi/develop/sugarbeat/sugarbeat-front
    

SwiftCompile normal arm64 /Users/fukushimatakumi/Library/Developer/Xcode/DerivedData/SugarBeat-hgoxfxbbugxkfsbmqcjlbmjeaqyg/SourcePackages/checkouts/firebase-ios-sdk/FirebaseAuth/Sources/Swift/Backend/RPC/MultiFactor/Enroll/FinalizeMFAEnrollmentResponse.swift (in target 'FirebaseAuth' from project 'Firebase')
    cd /Users/fukushimatakumi/develop/sugarbeat/sugarbeat-front
    

SwiftCompile normal arm64 /Users/fukushimatakumi/Library/Developer/Xcode/DerivedData/SugarBeat-hgoxfxbbugxkfsbmqcjlbmjeaqyg/SourcePackages/checkouts/firebase-ios-sdk/FirebaseAuth/Sources/Swift/Backend/RPC/MultiFactor/Enroll/StartMFAEnrollmentRequest.swift (in target 'FirebaseAuth' from project 'Firebase')
    cd /Users/fukushimatakumi/develop/sugarbeat/sugarbeat-front
    

SwiftCompile normal arm64 /Users/fukushimatakumi/Library/Developer/Xcode/DerivedData/SugarBeat-hgoxfxbbugxkfsbmqcjlbmjeaqyg/SourcePackages/checkouts/firebase-ios-sdk/FirebaseAuth/Sources/Swift/Backend/RPC/MultiFactor/Enroll/StartMFAEnrollmentResponse.swift (in target 'FirebaseAuth' from project 'Firebase')
    cd /Users/fukushimatakumi/develop/sugarbeat/sugarbeat-front
    

SwiftCompile normal arm64 /Users/fukushimatakumi/Library/Developer/Xcode/DerivedData/SugarBeat-hgoxfxbbugxkfsbmqcjlbmjeaqyg/SourcePackages/checkouts/firebase-ios-sdk/FirebaseAuth/Sources/Swift/Backend/RPC/MultiFactor/SignIn/FinalizeMFASignInRequest.swift (in target 'FirebaseAuth' from project 'Firebase')
    cd /Users/fukushimatakumi/develop/sugarbeat/sugarbeat-front
    

SwiftCompile normal arm64 /Users/fukushimatakumi/Library/Developer/Xcode/DerivedData/SugarBeat-hgoxfxbbugxkfsbmqcjlbmjeaqyg/SourcePackages/checkouts/firebase-ios-sdk/FirebaseAuth/Sources/Swift/Backend/RPC/MultiFactor/SignIn/FinalizeMFASignInResponse.swift (in target 'FirebaseAuth' from project 'Firebase')
    cd /Users/fukushimatakumi/develop/sugarbeat/sugarbeat-front
    

SwiftCompile normal arm64 /Users/fukushimatakumi/Library/Developer/Xcode/DerivedData/SugarBeat-hgoxfxbbugxkfsbmqcjlbmjeaqyg/SourcePackages/checkouts/firebase-ios-sdk/FirebaseAuth/Sources/Swift/Backend/RPC/MultiFactor/SignIn/StartMFASignInRequest.swift (in target 'FirebaseAuth' from project 'Firebase')
    cd /Users/fukushimatakumi/develop/sugarbeat/sugarbeat-front
    

SwiftCompile normal arm64 /Users/fukushimatakumi/Library/Developer/Xcode/DerivedData/SugarBeat-hgoxfxbbugxkfsbmqcjlbmjeaqyg/SourcePackages/checkouts/firebase-ios-sdk/FirebaseAuth/Sources/Swift/Backend/RPC/MultiFactor/SignIn/StartMFASignInResponse.swift (in target 'FirebaseAuth' from project 'Firebase')
    cd /Users/fukushimatakumi/develop/sugarbeat/sugarbeat-front
    

SwiftCompile normal arm64 /Users/fukushimatakumi/Library/Developer/Xcode/DerivedData/SugarBeat-hgoxfxbbugxkfsbmqcjlbmjeaqyg/SourcePackages/checkouts/firebase-ios-sdk/FirebaseAuth/Sources/Swift/Backend/RPC/MultiFactor/Unenroll/WithdrawMFARequest.swift (in target 'FirebaseAuth' from project 'Firebase')
    cd /Users/fukushimatakumi/develop/sugarbeat/sugarbeat-front
    

SwiftDriverJobDiscovery normal arm64 Compiling AsyncAwait.swift, StorageDeleteTask.swift, StorageFetcherService.swift (in target 'FirebaseStorage' from project 'Firebase')

SwiftCompile normal arm64 Compiling\ RevokeTokenRequest.swift,\ RevokeTokenResponse.swift,\ SecureTokenRequest.swift,\ SecureTokenResponse.swift,\ SendVerificationTokenRequest.swift,\ SendVerificationTokenResponse.swift,\ SetAccountInfoRequest.swift,\ SetAccountInfoResponse.swift,\ SignInWithGameCenterRequest.swift,\ SignInWithGameCenterResponse.swift,\ SignUpNewUserRequest.swift,\ SignUpNewUserResponse.swift,\ VerifyAssertionRequest.swift,\ VerifyAssertionResponse.swift /Users/fukushimatakumi/Library/Developer/Xcode/DerivedData/SugarBeat-hgoxfxbbugxkfsbmqcjlbmjeaqyg/SourcePackages/checkouts/firebase-ios-sdk/FirebaseAuth/Sources/Swift/Backend/RPC/RevokeTokenRequest.swift /Users/fukushimatakumi/Library/Developer/Xcode/DerivedData/SugarBeat-hgoxfxbbugxkfsbmqcjlbmjeaqyg/SourcePackages/checkouts/firebase-ios-sdk/FirebaseAuth/Sources/Swift/Backend/RPC/RevokeTokenResponse.swift /Users/fukushimatakumi/Library/Developer/Xcode/DerivedData/SugarBeat-hgoxfxbbugxkfsbmqcjlbmjeaqyg/SourcePackages/checkouts/firebase-ios-sdk/FirebaseAuth/Sources/Swift/Backend/RPC/SecureTokenRequest.swift /Users/fukushimatakumi/Library/Developer/Xcode/DerivedData/SugarBeat-hgoxfxbbugxkfsbmqcjlbmjeaqyg/SourcePackages/checkouts/firebase-ios-sdk/FirebaseAuth/Sources/Swift/Backend/RPC/SecureTokenResponse.swift /Users/fukushimatakumi/Library/Developer/Xcode/DerivedData/SugarBeat-hgoxfxbbugxkfsbmqcjlbmjeaqyg/SourcePackages/checkouts/firebase-ios-sdk/FirebaseAuth/Sources/Swift/Backend/RPC/SendVerificationTokenRequest.swift /Users/fukushimatakumi/Library/Developer/Xcode/DerivedData/SugarBeat-hgoxfxbbugxkfsbmqcjlbmjeaqyg/SourcePackages/checkouts/firebase-ios-sdk/FirebaseAuth/Sources/Swift/Backend/RPC/SendVerificationTokenResponse.swift /Users/fukushimatakumi/Library/Developer/Xcode/DerivedData/SugarBeat-hgoxfxbbugxkfsbmqcjlbmjeaqyg/SourcePackages/checkouts/firebase-ios-sdk/FirebaseAuth/Sources/Swift/Backend/RPC/SetAccountInfoRequest.swift /Users/fukushimatakumi/Library/Developer/Xcode/DerivedData/SugarBeat-hgoxfxbbugxkfsbmqcjlbmjeaqyg/SourcePackages/checkouts/firebase-ios-sdk/FirebaseAuth/Sources/Swift/Backend/RPC/SetAccountInfoResponse.swift /Users/fukushimatakumi/Library/Developer/Xcode/DerivedData/SugarBeat-hgoxfxbbugxkfsbmqcjlbmjeaqyg/SourcePackages/checkouts/firebase-ios-sdk/FirebaseAuth/Sources/Swift/Backend/RPC/SignInWithGameCenterRequest.swift /Users/fukushimatakumi/Library/Developer/Xcode/DerivedData/SugarBeat-hgoxfxbbugxkfsbmqcjlbmjeaqyg/SourcePackages/checkouts/firebase-ios-sdk/FirebaseAuth/Sources/Swift/Backend/RPC/SignInWithGameCenterResponse.swift /Users/fukushimatakumi/Library/Developer/Xcode/DerivedData/SugarBeat-hgoxfxbbugxkfsbmqcjlbmjeaqyg/SourcePackages/checkouts/firebase-ios-sdk/FirebaseAuth/Sources/Swift/Backend/RPC/SignUpNewUserRequest.swift /Users/fukushimatakumi/Library/Developer/Xcode/DerivedData/SugarBeat-hgoxfxbbugxkfsbmqcjlbmjeaqyg/SourcePackages/checkouts/firebase-ios-sdk/FirebaseAuth/Sources/Swift/Backend/RPC/SignUpNewUserResponse.swift /Users/fukushimatakumi/Library/Developer/Xcode/DerivedData/SugarBeat-hgoxfxbbugxkfsbmqcjlbmjeaqyg/SourcePackages/checkouts/firebase-ios-sdk/FirebaseAuth/Sources/Swift/Backend/RPC/VerifyAssertionRequest.swift /Users/fukushimatakumi/Library/Developer/Xcode/DerivedData/SugarBeat-hgoxfxbbugxkfsbmqcjlbmjeaqyg/SourcePackages/checkouts/firebase-ios-sdk/FirebaseAuth/Sources/Swift/Backend/RPC/VerifyAssertionResponse.swift (in target 'FirebaseAuth' from project 'Firebase')

SwiftCompile normal arm64 /Users/fukushimatakumi/Library/Developer/Xcode/DerivedData/SugarBeat-hgoxfxbbugxkfsbmqcjlbmjeaqyg/SourcePackages/checkouts/firebase-ios-sdk/FirebaseAuth/Sources/Swift/Backend/RPC/RevokeTokenRequest.swift (in target 'FirebaseAuth' from project 'Firebase')
    cd /Users/fukushimatakumi/develop/sugarbeat/sugarbeat-front
    

SwiftCompile normal arm64 /Users/fukushimatakumi/Library/Developer/Xcode/DerivedData/SugarBeat-hgoxfxbbugxkfsbmqcjlbmjeaqyg/SourcePackages/checkouts/firebase-ios-sdk/FirebaseAuth/Sources/Swift/Backend/RPC/RevokeTokenResponse.swift (in target 'FirebaseAuth' from project 'Firebase')
    cd /Users/fukushimatakumi/develop/sugarbeat/sugarbeat-front
    

SwiftCompile normal arm64 /Users/fukushimatakumi/Library/Developer/Xcode/DerivedData/SugarBeat-hgoxfxbbugxkfsbmqcjlbmjeaqyg/SourcePackages/checkouts/firebase-ios-sdk/FirebaseAuth/Sources/Swift/Backend/RPC/SecureTokenRequest.swift (in target 'FirebaseAuth' from project 'Firebase')
    cd /Users/fukushimatakumi/develop/sugarbeat/sugarbeat-front
    

SwiftCompile normal arm64 /Users/fukushimatakumi/Library/Developer/Xcode/DerivedData/SugarBeat-hgoxfxbbugxkfsbmqcjlbmjeaqyg/SourcePackages/checkouts/firebase-ios-sdk/FirebaseAuth/Sources/Swift/Backend/RPC/SecureTokenResponse.swift (in target 'FirebaseAuth' from project 'Firebase')
    cd /Users/fukushimatakumi/develop/sugarbeat/sugarbeat-front
    

SwiftCompile normal arm64 /Users/fukushimatakumi/Library/Developer/Xcode/DerivedData/SugarBeat-hgoxfxbbugxkfsbmqcjlbmjeaqyg/SourcePackages/checkouts/firebase-ios-sdk/FirebaseAuth/Sources/Swift/Backend/RPC/SendVerificationTokenRequest.swift (in target 'FirebaseAuth' from project 'Firebase')
    cd /Users/fukushimatakumi/develop/sugarbeat/sugarbeat-front
    

SwiftCompile normal arm64 /Users/fukushimatakumi/Library/Developer/Xcode/DerivedData/SugarBeat-hgoxfxbbugxkfsbmqcjlbmjeaqyg/SourcePackages/checkouts/firebase-ios-sdk/FirebaseAuth/Sources/Swift/Backend/RPC/SendVerificationTokenResponse.swift (in target 'FirebaseAuth' from project 'Firebase')
    cd /Users/fukushimatakumi/develop/sugarbeat/sugarbeat-front
    

SwiftCompile normal arm64 /Users/fukushimatakumi/Library/Developer/Xcode/DerivedData/SugarBeat-hgoxfxbbugxkfsbmqcjlbmjeaqyg/SourcePackages/checkouts/firebase-ios-sdk/FirebaseAuth/Sources/Swift/Backend/RPC/SetAccountInfoRequest.swift (in target 'FirebaseAuth' from project 'Firebase')
    cd /Users/fukushimatakumi/develop/sugarbeat/sugarbeat-front
    

SwiftCompile normal arm64 /Users/fukushimatakumi/Library/Developer/Xcode/DerivedData/SugarBeat-hgoxfxbbugxkfsbmqcjlbmjeaqyg/SourcePackages/checkouts/firebase-ios-sdk/FirebaseAuth/Sources/Swift/Backend/RPC/SetAccountInfoResponse.swift (in target 'FirebaseAuth' from project 'Firebase')
    cd /Users/fukushimatakumi/develop/sugarbeat/sugarbeat-front
    

SwiftCompile normal arm64 /Users/fukushimatakumi/Library/Developer/Xcode/DerivedData/SugarBeat-hgoxfxbbugxkfsbmqcjlbmjeaqyg/SourcePackages/checkouts/firebase-ios-sdk/FirebaseAuth/Sources/Swift/Backend/RPC/SignInWithGameCenterRequest.swift (in target 'FirebaseAuth' from project 'Firebase')
    cd /Users/fukushimatakumi/develop/sugarbeat/sugarbeat-front
    

SwiftCompile normal arm64 /Users/fukushimatakumi/Library/Developer/Xcode/DerivedData/SugarBeat-hgoxfxbbugxkfsbmqcjlbmjeaqyg/SourcePackages/checkouts/firebase-ios-sdk/FirebaseAuth/Sources/Swift/Backend/RPC/SignInWithGameCenterResponse.swift (in target 'FirebaseAuth' from project 'Firebase')
    cd /Users/fukushimatakumi/develop/sugarbeat/sugarbeat-front
    

SwiftCompile normal arm64 /Users/fukushimatakumi/Library/Developer/Xcode/DerivedData/SugarBeat-hgoxfxbbugxkfsbmqcjlbmjeaqyg/SourcePackages/checkouts/firebase-ios-sdk/FirebaseAuth/Sources/Swift/Backend/RPC/SignUpNewUserRequest.swift (in target 'FirebaseAuth' from project 'Firebase')
    cd /Users/fukushimatakumi/develop/sugarbeat/sugarbeat-front
    

SwiftCompile normal arm64 /Users/fukushimatakumi/Library/Developer/Xcode/DerivedData/SugarBeat-hgoxfxbbugxkfsbmqcjlbmjeaqyg/SourcePackages/checkouts/firebase-ios-sdk/FirebaseAuth/Sources/Swift/Backend/RPC/SignUpNewUserResponse.swift (in target 'FirebaseAuth' from project 'Firebase')
    cd /Users/fukushimatakumi/develop/sugarbeat/sugarbeat-front
    

SwiftCompile normal arm64 /Users/fukushimatakumi/Library/Developer/Xcode/DerivedData/SugarBeat-hgoxfxbbugxkfsbmqcjlbmjeaqyg/SourcePackages/checkouts/firebase-ios-sdk/FirebaseAuth/Sources/Swift/Backend/RPC/VerifyAssertionRequest.swift (in target 'FirebaseAuth' from project 'Firebase')
    cd /Users/fukushimatakumi/develop/sugarbeat/sugarbeat-front
    

SwiftCompile normal arm64 /Users/fukushimatakumi/Library/Developer/Xcode/DerivedData/SugarBeat-hgoxfxbbugxkfsbmqcjlbmjeaqyg/SourcePackages/checkouts/firebase-ios-sdk/FirebaseAuth/Sources/Swift/Backend/RPC/VerifyAssertionResponse.swift (in target 'FirebaseAuth' from project 'Firebase')
    cd /Users/fukushimatakumi/develop/sugarbeat/sugarbeat-front
    

SwiftDriverJobDiscovery normal arm64 Compiling StorageGetDownloadURLTask.swift, StorageGetMetadataTask.swift, StorageInternalTask.swift (in target 'FirebaseStorage' from project 'Firebase')

SwiftCompile normal arm64 Compiling\ PhoneMultiFactorAssertion.swift,\ PhoneMultiFactorGenerator.swift,\ PhoneMultiFactorInfo.swift,\ TOTPMultFactorAssertion.swift,\ TOTPMultiFactorGenerator.swift,\ TOTPMultiFactorInfo.swift,\ TOTPSecret.swift,\ AuthKeychainServices.swift,\ AuthKeychainStorage.swift,\ AuthKeychainStorageReal.swift,\ AuthUserDefaults.swift,\ AuthAPNSToken.swift,\ AuthAPNSTokenManager.swift /Users/fukushimatakumi/Library/Developer/Xcode/DerivedData/SugarBeat-hgoxfxbbugxkfsbmqcjlbmjeaqyg/SourcePackages/checkouts/firebase-ios-sdk/FirebaseAuth/Sources/Swift/MultiFactor/Phone/PhoneMultiFactorAssertion.swift /Users/fukushimatakumi/Library/Developer/Xcode/DerivedData/SugarBeat-hgoxfxbbugxkfsbmqcjlbmjeaqyg/SourcePackages/checkouts/firebase-ios-sdk/FirebaseAuth/Sources/Swift/MultiFactor/Phone/PhoneMultiFactorGenerator.swift /Users/fukushimatakumi/Library/Developer/Xcode/DerivedData/SugarBeat-hgoxfxbbugxkfsbmqcjlbmjeaqyg/SourcePackages/checkouts/firebase-ios-sdk/FirebaseAuth/Sources/Swift/MultiFactor/Phone/PhoneMultiFactorInfo.swift /Users/fukushimatakumi/Library/Developer/Xcode/DerivedData/SugarBeat-hgoxfxbbugxkfsbmqcjlbmjeaqyg/SourcePackages/checkouts/firebase-ios-sdk/FirebaseAuth/Sources/Swift/MultiFactor/TOTP/TOTPMultFactorAssertion.swift /Users/fukushimatakumi/Library/Developer/Xcode/DerivedData/SugarBeat-hgoxfxbbugxkfsbmqcjlbmjeaqyg/SourcePackages/checkouts/firebase-ios-sdk/FirebaseAuth/Sources/Swift/MultiFactor/TOTP/TOTPMultiFactorGenerator.swift /Users/fukushimatakumi/Library/Developer/Xcode/DerivedData/SugarBeat-hgoxfxbbugxkfsbmqcjlbmjeaqyg/SourcePackages/checkouts/firebase-ios-sdk/FirebaseAuth/Sources/Swift/MultiFactor/TOTP/TOTPMultiFactorInfo.swift /Users/fukushimatakumi/Library/Developer/Xcode/DerivedData/SugarBeat-hgoxfxbbugxkfsbmqcjlbmjeaqyg/SourcePackages/checkouts/firebase-ios-sdk/FirebaseAuth/Sources/Swift/MultiFactor/TOTP/TOTPSecret.swift /Users/fukushimatakumi/Library/Developer/Xcode/DerivedData/SugarBeat-hgoxfxbbugxkfsbmqcjlbmjeaqyg/SourcePackages/checkouts/firebase-ios-sdk/FirebaseAuth/Sources/Swift/Storage/AuthKeychainServices.swift /Users/fukushimatakumi/Library/Developer/Xcode/DerivedData/SugarBeat-hgoxfxbbugxkfsbmqcjlbmjeaqyg/SourcePackages/checkouts/firebase-ios-sdk/FirebaseAuth/Sources/Swift/Storage/AuthKeychainStorage.swift /Users/fukushimatakumi/Library/Developer/Xcode/DerivedData/SugarBeat-hgoxfxbbugxkfsbmqcjlbmjeaqyg/SourcePackages/checkouts/firebase-ios-sdk/FirebaseAuth/Sources/Swift/Storage/AuthKeychainStorageReal.swift /Users/fukushimatakumi/Library/Developer/Xcode/DerivedData/SugarBeat-hgoxfxbbugxkfsbmqcjlbmjeaqyg/SourcePackages/checkouts/firebase-ios-sdk/FirebaseAuth/Sources/Swift/Storage/AuthUserDefaults.swift /Users/fukushimatakumi/Library/Developer/Xcode/DerivedData/SugarBeat-hgoxfxbbugxkfsbmqcjlbmjeaqyg/SourcePackages/checkouts/firebase-ios-sdk/FirebaseAuth/Sources/Swift/SystemService/AuthAPNSToken.swift /Users/fukushimatakumi/Library/Developer/Xcode/DerivedData/SugarBeat-hgoxfxbbugxkfsbmqcjlbmjeaqyg/SourcePackages/checkouts/firebase-ios-sdk/FirebaseAuth/Sources/Swift/SystemService/AuthAPNSTokenManager.swift (in target 'FirebaseAuth' from project 'Firebase')

SwiftCompile normal arm64 /Users/fukushimatakumi/Library/Developer/Xcode/DerivedData/SugarBeat-hgoxfxbbugxkfsbmqcjlbmjeaqyg/SourcePackages/checkouts/firebase-ios-sdk/FirebaseAuth/Sources/Swift/MultiFactor/Phone/PhoneMultiFactorAssertion.swift (in target 'FirebaseAuth' from project 'Firebase')
    cd /Users/fukushimatakumi/develop/sugarbeat/sugarbeat-front
    

SwiftCompile normal arm64 /Users/fukushimatakumi/Library/Developer/Xcode/DerivedData/SugarBeat-hgoxfxbbugxkfsbmqcjlbmjeaqyg/SourcePackages/checkouts/firebase-ios-sdk/FirebaseAuth/Sources/Swift/MultiFactor/Phone/PhoneMultiFactorGenerator.swift (in target 'FirebaseAuth' from project 'Firebase')
    cd /Users/fukushimatakumi/develop/sugarbeat/sugarbeat-front
    

SwiftCompile normal arm64 /Users/fukushimatakumi/Library/Developer/Xcode/DerivedData/SugarBeat-hgoxfxbbugxkfsbmqcjlbmjeaqyg/SourcePackages/checkouts/firebase-ios-sdk/FirebaseAuth/Sources/Swift/MultiFactor/Phone/PhoneMultiFactorInfo.swift (in target 'FirebaseAuth' from project 'Firebase')
    cd /Users/fukushimatakumi/develop/sugarbeat/sugarbeat-front
    

SwiftCompile normal arm64 /Users/fukushimatakumi/Library/Developer/Xcode/DerivedData/SugarBeat-hgoxfxbbugxkfsbmqcjlbmjeaqyg/SourcePackages/checkouts/firebase-ios-sdk/FirebaseAuth/Sources/Swift/MultiFactor/TOTP/TOTPMultFactorAssertion.swift (in target 'FirebaseAuth' from project 'Firebase')
    cd /Users/fukushimatakumi/develop/sugarbeat/sugarbeat-front
    

SwiftCompile normal arm64 /Users/fukushimatakumi/Library/Developer/Xcode/DerivedData/SugarBeat-hgoxfxbbugxkfsbmqcjlbmjeaqyg/SourcePackages/checkouts/firebase-ios-sdk/FirebaseAuth/Sources/Swift/MultiFactor/TOTP/TOTPMultiFactorGenerator.swift (in target 'FirebaseAuth' from project 'Firebase')
    cd /Users/fukushimatakumi/develop/sugarbeat/sugarbeat-front
    

SwiftCompile normal arm64 /Users/fukushimatakumi/Library/Developer/Xcode/DerivedData/SugarBeat-hgoxfxbbugxkfsbmqcjlbmjeaqyg/SourcePackages/checkouts/firebase-ios-sdk/FirebaseAuth/Sources/Swift/MultiFactor/TOTP/TOTPMultiFactorInfo.swift (in target 'FirebaseAuth' from project 'Firebase')
    cd /Users/fukushimatakumi/develop/sugarbeat/sugarbeat-front
    

SwiftCompile normal arm64 /Users/fukushimatakumi/Library/Developer/Xcode/DerivedData/SugarBeat-hgoxfxbbugxkfsbmqcjlbmjeaqyg/SourcePackages/checkouts/firebase-ios-sdk/FirebaseAuth/Sources/Swift/MultiFactor/TOTP/TOTPSecret.swift (in target 'FirebaseAuth' from project 'Firebase')
    cd /Users/fukushimatakumi/develop/sugarbeat/sugarbeat-front
    

SwiftCompile normal arm64 /Users/fukushimatakumi/Library/Developer/Xcode/DerivedData/SugarBeat-hgoxfxbbugxkfsbmqcjlbmjeaqyg/SourcePackages/checkouts/firebase-ios-sdk/FirebaseAuth/Sources/Swift/Storage/AuthKeychainServices.swift (in target 'FirebaseAuth' from project 'Firebase')
    cd /Users/fukushimatakumi/develop/sugarbeat/sugarbeat-front
    

SwiftCompile normal arm64 /Users/fukushimatakumi/Library/Developer/Xcode/DerivedData/SugarBeat-hgoxfxbbugxkfsbmqcjlbmjeaqyg/SourcePackages/checkouts/firebase-ios-sdk/FirebaseAuth/Sources/Swift/Storage/AuthKeychainStorage.swift (in target 'FirebaseAuth' from project 'Firebase')
    cd /Users/fukushimatakumi/develop/sugarbeat/sugarbeat-front
    

SwiftCompile normal arm64 /Users/fukushimatakumi/Library/Developer/Xcode/DerivedData/SugarBeat-hgoxfxbbugxkfsbmqcjlbmjeaqyg/SourcePackages/checkouts/firebase-ios-sdk/FirebaseAuth/Sources/Swift/Storage/AuthKeychainStorageReal.swift (in target 'FirebaseAuth' from project 'Firebase')
    cd /Users/fukushimatakumi/develop/sugarbeat/sugarbeat-front
    

SwiftCompile normal arm64 /Users/fukushimatakumi/Library/Developer/Xcode/DerivedData/SugarBeat-hgoxfxbbugxkfsbmqcjlbmjeaqyg/SourcePackages/checkouts/firebase-ios-sdk/FirebaseAuth/Sources/Swift/Storage/AuthUserDefaults.swift (in target 'FirebaseAuth' from project 'Firebase')
    cd /Users/fukushimatakumi/develop/sugarbeat/sugarbeat-front
    

SwiftCompile normal arm64 /Users/fukushimatakumi/Library/Developer/Xcode/DerivedData/SugarBeat-hgoxfxbbugxkfsbmqcjlbmjeaqyg/SourcePackages/checkouts/firebase-ios-sdk/FirebaseAuth/Sources/Swift/SystemService/AuthAPNSToken.swift (in target 'FirebaseAuth' from project 'Firebase')
    cd /Users/fukushimatakumi/develop/sugarbeat/sugarbeat-front
    

SwiftCompile normal arm64 /Users/fukushimatakumi/Library/Developer/Xcode/DerivedData/SugarBeat-hgoxfxbbugxkfsbmqcjlbmjeaqyg/SourcePackages/checkouts/firebase-ios-sdk/FirebaseAuth/Sources/Swift/SystemService/AuthAPNSTokenManager.swift (in target 'FirebaseAuth' from project 'Firebase')
    cd /Users/fukushimatakumi/develop/sugarbeat/sugarbeat-front
    

PrecompileModule /Users/fukushimatakumi/Library/Developer/Xcode/DerivedData/SugarBeat-hgoxfxbbugxkfsbmqcjlbmjeaqyg/Build/Intermediates.noindex/ExplicitPrecompiledModules/ObjectiveC-DPLNHQ7IQU6GPL4V46LQXMMA1.scan
    cd /Users/fukushimatakumi/develop/sugarbeat/sugarbeat-front
    builtin-precompileModule /Users/fukushimatakumi/Library/Developer/Xcode/DerivedData/SugarBeat-hgoxfxbbugxkfsbmqcjlbmjeaqyg/Build/Intermediates.noindex/ExplicitPrecompiledModules/ObjectiveC-DPLNHQ7IQU6GPL4V46LQXMMA1.scan

SwiftDriverJobDiscovery normal arm64 Compiling Result.swift, Storage.swift (in target 'FirebaseStorage' from project 'Firebase')

SwiftCompile normal arm64 Compiling\ AuthProviderID.swift,\ EmailAuthProvider.swift,\ FacebookAuthProvider.swift,\ FederatedAuthProvider.swift,\ GameCenterAuthProvider.swift,\ GitHubAuthProvider.swift,\ GoogleAuthProvider.swift,\ OAuthCredential.swift,\ OAuthProvider.swift,\ PhoneAuthCredential.swift,\ PhoneAuthProvider.swift,\ TwitterAuthProvider.swift,\ AuthBackend.swift,\ AuthBackendRPCIssuer.swift /Users/fukushimatakumi/Library/Developer/Xcode/DerivedData/SugarBeat-hgoxfxbbugxkfsbmqcjlbmjeaqyg/SourcePackages/checkouts/firebase-ios-sdk/FirebaseAuth/Sources/Swift/AuthProvider/AuthProviderID.swift /Users/fukushimatakumi/Library/Developer/Xcode/DerivedData/SugarBeat-hgoxfxbbugxkfsbmqcjlbmjeaqyg/SourcePackages/checkouts/firebase-ios-sdk/FirebaseAuth/Sources/Swift/AuthProvider/EmailAuthProvider.swift /Users/fukushimatakumi/Library/Developer/Xcode/DerivedData/SugarBeat-hgoxfxbbugxkfsbmqcjlbmjeaqyg/SourcePackages/checkouts/firebase-ios-sdk/FirebaseAuth/Sources/Swift/AuthProvider/FacebookAuthProvider.swift /Users/fukushimatakumi/Library/Developer/Xcode/DerivedData/SugarBeat-hgoxfxbbugxkfsbmqcjlbmjeaqyg/SourcePackages/checkouts/firebase-ios-sdk/FirebaseAuth/Sources/Swift/AuthProvider/FederatedAuthProvider.swift /Users/fukushimatakumi/Library/Developer/Xcode/DerivedData/SugarBeat-hgoxfxbbugxkfsbmqcjlbmjeaqyg/SourcePackages/checkouts/firebase-ios-sdk/FirebaseAuth/Sources/Swift/AuthProvider/GameCenterAuthProvider.swift /Users/fukushimatakumi/Library/Developer/Xcode/DerivedData/SugarBeat-hgoxfxbbugxkfsbmqcjlbmjeaqyg/SourcePackages/checkouts/firebase-ios-sdk/FirebaseAuth/Sources/Swift/AuthProvider/GitHubAuthProvider.swift /Users/fukushimatakumi/Library/Developer/Xcode/DerivedData/SugarBeat-hgoxfxbbugxkfsbmqcjlbmjeaqyg/SourcePackages/checkouts/firebase-ios-sdk/FirebaseAuth/Sources/Swift/AuthProvider/GoogleAuthProvider.swift /Users/fukushimatakumi/Library/Developer/Xcode/DerivedData/SugarBeat-hgoxfxbbugxkfsbmqcjlbmjeaqyg/SourcePackages/checkouts/firebase-ios-sdk/FirebaseAuth/Sources/Swift/AuthProvider/OAuthCredential.swift /Users/fukushimatakumi/Library/Developer/Xcode/DerivedData/SugarBeat-hgoxfxbbugxkfsbmqcjlbmjeaqyg/SourcePackages/checkouts/firebase-ios-sdk/FirebaseAuth/Sources/Swift/AuthProvider/OAuthProvider.swift /Users/fukushimatakumi/Library/Developer/Xcode/DerivedData/SugarBeat-hgoxfxbbugxkfsbmqcjlbmjeaqyg/SourcePackages/checkouts/firebase-ios-sdk/FirebaseAuth/Sources/Swift/AuthProvider/PhoneAuthCredential.swift /Users/fukushimatakumi/Library/Developer/Xcode/DerivedData/SugarBeat-hgoxfxbbugxkfsbmqcjlbmjeaqyg/SourcePackages/checkouts/firebase-ios-sdk/FirebaseAuth/Sources/Swift/AuthProvider/PhoneAuthProvider.swift /Users/fukushimatakumi/Library/Developer/Xcode/DerivedData/SugarBeat-hgoxfxbbugxkfsbmqcjlbmjeaqyg/SourcePackages/checkouts/firebase-ios-sdk/FirebaseAuth/Sources/Swift/AuthProvider/TwitterAuthProvider.swift /Users/fukushimatakumi/Library/Developer/Xcode/DerivedData/SugarBeat-hgoxfxbbugxkfsbmqcjlbmjeaqyg/SourcePackages/checkouts/firebase-ios-sdk/FirebaseAuth/Sources/Swift/Backend/AuthBackend.swift /Users/fukushimatakumi/Library/Developer/Xcode/DerivedData/SugarBeat-hgoxfxbbugxkfsbmqcjlbmjeaqyg/SourcePackages/checkouts/firebase-ios-sdk/FirebaseAuth/Sources/Swift/Backend/AuthBackendRPCIssuer.swift (in target 'FirebaseAuth' from project 'Firebase')

SwiftCompile normal arm64 /Users/fukushimatakumi/Library/Developer/Xcode/DerivedData/SugarBeat-hgoxfxbbugxkfsbmqcjlbmjeaqyg/SourcePackages/checkouts/firebase-ios-sdk/FirebaseAuth/Sources/Swift/AuthProvider/AuthProviderID.swift (in target 'FirebaseAuth' from project 'Firebase')
    cd /Users/fukushimatakumi/develop/sugarbeat/sugarbeat-front
    

SwiftCompile normal arm64 /Users/fukushimatakumi/Library/Developer/Xcode/DerivedData/SugarBeat-hgoxfxbbugxkfsbmqcjlbmjeaqyg/SourcePackages/checkouts/firebase-ios-sdk/FirebaseAuth/Sources/Swift/AuthProvider/EmailAuthProvider.swift (in target 'FirebaseAuth' from project 'Firebase')
    cd /Users/fukushimatakumi/develop/sugarbeat/sugarbeat-front
    

SwiftCompile normal arm64 /Users/fukushimatakumi/Library/Developer/Xcode/DerivedData/SugarBeat-hgoxfxbbugxkfsbmqcjlbmjeaqyg/SourcePackages/checkouts/firebase-ios-sdk/FirebaseAuth/Sources/Swift/AuthProvider/FacebookAuthProvider.swift (in target 'FirebaseAuth' from project 'Firebase')
    cd /Users/fukushimatakumi/develop/sugarbeat/sugarbeat-front
    

SwiftCompile normal arm64 /Users/fukushimatakumi/Library/Developer/Xcode/DerivedData/SugarBeat-hgoxfxbbugxkfsbmqcjlbmjeaqyg/SourcePackages/checkouts/firebase-ios-sdk/FirebaseAuth/Sources/Swift/AuthProvider/FederatedAuthProvider.swift (in target 'FirebaseAuth' from project 'Firebase')
    cd /Users/fukushimatakumi/develop/sugarbeat/sugarbeat-front
    

SwiftCompile normal arm64 /Users/fukushimatakumi/Library/Developer/Xcode/DerivedData/SugarBeat-hgoxfxbbugxkfsbmqcjlbmjeaqyg/SourcePackages/checkouts/firebase-ios-sdk/FirebaseAuth/Sources/Swift/AuthProvider/GameCenterAuthProvider.swift (in target 'FirebaseAuth' from project 'Firebase')
    cd /Users/fukushimatakumi/develop/sugarbeat/sugarbeat-front
    

SwiftCompile normal arm64 /Users/fukushimatakumi/Library/Developer/Xcode/DerivedData/SugarBeat-hgoxfxbbugxkfsbmqcjlbmjeaqyg/SourcePackages/checkouts/firebase-ios-sdk/FirebaseAuth/Sources/Swift/AuthProvider/GitHubAuthProvider.swift (in target 'FirebaseAuth' from project 'Firebase')
    cd /Users/fukushimatakumi/develop/sugarbeat/sugarbeat-front
    

SwiftCompile normal arm64 /Users/fukushimatakumi/Library/Developer/Xcode/DerivedData/SugarBeat-hgoxfxbbugxkfsbmqcjlbmjeaqyg/SourcePackages/checkouts/firebase-ios-sdk/FirebaseAuth/Sources/Swift/AuthProvider/GoogleAuthProvider.swift (in target 'FirebaseAuth' from project 'Firebase')
    cd /Users/fukushimatakumi/develop/sugarbeat/sugarbeat-front
    

SwiftCompile normal arm64 /Users/fukushimatakumi/Library/Developer/Xcode/DerivedData/SugarBeat-hgoxfxbbugxkfsbmqcjlbmjeaqyg/SourcePackages/checkouts/firebase-ios-sdk/FirebaseAuth/Sources/Swift/AuthProvider/OAuthCredential.swift (in target 'FirebaseAuth' from project 'Firebase')
    cd /Users/fukushimatakumi/develop/sugarbeat/sugarbeat-front
    

SwiftCompile normal arm64 /Users/fukushimatakumi/Library/Developer/Xcode/DerivedData/SugarBeat-hgoxfxbbugxkfsbmqcjlbmjeaqyg/SourcePackages/checkouts/firebase-ios-sdk/FirebaseAuth/Sources/Swift/AuthProvider/OAuthProvider.swift (in target 'FirebaseAuth' from project 'Firebase')
    cd /Users/fukushimatakumi/develop/sugarbeat/sugarbeat-front
    

SwiftCompile normal arm64 /Users/fukushimatakumi/Library/Developer/Xcode/DerivedData/SugarBeat-hgoxfxbbugxkfsbmqcjlbmjeaqyg/SourcePackages/checkouts/firebase-ios-sdk/FirebaseAuth/Sources/Swift/AuthProvider/PhoneAuthCredential.swift (in target 'FirebaseAuth' from project 'Firebase')
    cd /Users/fukushimatakumi/develop/sugarbeat/sugarbeat-front
    

SwiftCompile normal arm64 /Users/fukushimatakumi/Library/Developer/Xcode/DerivedData/SugarBeat-hgoxfxbbugxkfsbmqcjlbmjeaqyg/SourcePackages/checkouts/firebase-ios-sdk/FirebaseAuth/Sources/Swift/AuthProvider/PhoneAuthProvider.swift (in target 'FirebaseAuth' from project 'Firebase')
    cd /Users/fukushimatakumi/develop/sugarbeat/sugarbeat-front
    

SwiftCompile normal arm64 /Users/fukushimatakumi/Library/Developer/Xcode/DerivedData/SugarBeat-hgoxfxbbugxkfsbmqcjlbmjeaqyg/SourcePackages/checkouts/firebase-ios-sdk/FirebaseAuth/Sources/Swift/AuthProvider/TwitterAuthProvider.swift (in target 'FirebaseAuth' from project 'Firebase')
    cd /Users/fukushimatakumi/develop/sugarbeat/sugarbeat-front
    

SwiftCompile normal arm64 /Users/fukushimatakumi/Library/Developer/Xcode/DerivedData/SugarBeat-hgoxfxbbugxkfsbmqcjlbmjeaqyg/SourcePackages/checkouts/firebase-ios-sdk/FirebaseAuth/Sources/Swift/Backend/AuthBackend.swift (in target 'FirebaseAuth' from project 'Firebase')
    cd /Users/fukushimatakumi/develop/sugarbeat/sugarbeat-front
    

SwiftCompile normal arm64 /Users/fukushimatakumi/Library/Developer/Xcode/DerivedData/SugarBeat-hgoxfxbbugxkfsbmqcjlbmjeaqyg/SourcePackages/checkouts/firebase-ios-sdk/FirebaseAuth/Sources/Swift/Backend/AuthBackendRPCIssuer.swift (in target 'FirebaseAuth' from project 'Firebase')
    cd /Users/fukushimatakumi/develop/sugarbeat/sugarbeat-front
    

PrecompileModule /Users/fukushimatakumi/Library/Developer/Xcode/DerivedData/SugarBeat-hgoxfxbbugxkfsbmqcjlbmjeaqyg/Build/Intermediates.noindex/ExplicitPrecompiledModules/os_object-CKK92B1PLVKWHEQK92KH1HHT2.scan
    cd /Users/fukushimatakumi/develop/sugarbeat/sugarbeat-front
    builtin-precompileModule /Users/fukushimatakumi/Library/Developer/Xcode/DerivedData/SugarBeat-hgoxfxbbugxkfsbmqcjlbmjeaqyg/Build/Intermediates.noindex/ExplicitPrecompiledModules/os_object-CKK92B1PLVKWHEQK92KH1HHT2.scan

SwiftDriverJobDiscovery normal arm64 Emitting module for FirebaseAuth (in target 'FirebaseAuth' from project 'Firebase')

SwiftDriver\ Compilation\ Requirements FirebaseAuth normal arm64 com.apple.xcode.tools.swift.compiler (in target 'FirebaseAuth' from project 'Firebase')
    cd /Users/fukushimatakumi/develop/sugarbeat/sugarbeat-front
    builtin-Swift-Compilation-Requirements -- /Applications/Xcode.app/Contents/Developer/Toolchains/XcodeDefault.xctoolchain/usr/bin/swiftc -module-name FirebaseAuth -Onone -enforce-exclusivity\=checked @/Users/fukushimatakumi/Library/Developer/Xcode/DerivedData/SugarBeat-hgoxfxbbugxkfsbmqcjlbmjeaqyg/Build/Intermediates.noindex/Firebase.build/Debug-iphonesimulator/FirebaseAuth.build/Objects-normal/arm64/FirebaseAuth.SwiftFileList -DSWIFT_PACKAGE -DDEBUG -Xcc -fmodule-map-file\=/Users/fukushimatakumi/Library/Developer/Xcode/DerivedData/SugarBeat-hgoxfxbbugxkfsbmqcjlbmjeaqyg/Build/Intermediates.noindex/GeneratedModuleMaps-iphonesimulator/RecaptchaInterop.modulemap -Xcc -fmodule-map-file\=/Users/fukushimatakumi/Library/Developer/Xcode/DerivedData/SugarBeat-hgoxfxbbugxkfsbmqcjlbmjeaqyg/Build/Intermediates.noindex/GeneratedModuleMaps-iphonesimulator/GoogleUtilities-Network.modulemap -Xcc -fmodule-map-file\=/Users/fukushimatakumi/Library/Developer/Xcode/DerivedData/SugarBeat-hgoxfxbbugxkfsbmqcjlbmjeaqyg/Build/Intermediates.noindex/GeneratedModuleMaps-iphonesimulator/GoogleUtilities-Reachability.modulemap -Xcc -fmodule-map-file\=/Users/fukushimatakumi/Library/Developer/Xcode/DerivedData/SugarBeat-hgoxfxbbugxkfsbmqcjlbmjeaqyg/Build/Intermediates.noindex/GeneratedModuleMaps-iphonesimulator/GoogleUtilities-NSData.modulemap -Xcc -fmodule-map-file\=/Users/fukushimatakumi/Library/Developer/Xcode/DerivedData/SugarBeat-hgoxfxbbugxkfsbmqcjlbmjeaqyg/Build/Intermediates.noindex/GeneratedModuleMaps-iphonesimulator/GoogleUtilities-Logger.modulemap -Xcc -fmodule-map-file\=/Users/fukushimatakumi/Library/Developer/Xcode/DerivedData/SugarBeat-hgoxfxbbugxkfsbmqcjlbmjeaqyg/Build/Intermediates.noindex/GeneratedModuleMaps-iphonesimulator/GoogleUtilities-Environment.modulemap -Xcc -fmodule-map-file\=/Users/fukushimatakumi/Library/Developer/Xcode/DerivedData/SugarBeat-hgoxfxbbugxkfsbmqcjlbmjeaqyg/Build/Intermediates.noindex/GeneratedModuleMaps-iphonesimulator/third-party-IsAppEncrypted.modulemap -Xcc -fmodule-map-file\=/Users/fukushimatakumi/Library/Developer/Xcode/DerivedData/SugarBeat-hgoxfxbbugxkfsbmqcjlbmjeaqyg/Build/Intermediates.noindex/GeneratedModuleMaps-iphonesimulator/GoogleUtilities-AppDelegateSwizzler.modulemap -Xcc -fmodule-map-file\=/Users/fukushimatakumi/Library/Developer/Xcode/DerivedData/SugarBeat-hgoxfxbbugxkfsbmqcjlbmjeaqyg/Build/Intermediates.noindex/GeneratedModuleMaps-iphonesimulator/GTMSessionFetcherCore.modulemap -Xcc -fmodule-map-file\=/Users/fukushimatakumi/Library/Developer/Xcode/DerivedData/SugarBeat-hgoxfxbbugxkfsbmqcjlbmjeaqyg/Build/Intermediates.noindex/GeneratedModuleMaps-iphonesimulator/FirebaseCoreExtension.modulemap -Xcc -fmodule-map-file\=/Users/fukushimatakumi/Library/Developer/Xcode/DerivedData/SugarBeat-hgoxfxbbugxkfsbmqcjlbmjeaqyg/Build/Intermediates.noindex/GeneratedModuleMaps-iphonesimulator/FirebaseCore.modulemap -Xcc -fmodule-map-file\=/Users/fukushimatakumi/Library/Developer/Xcode/DerivedData/SugarBeat-hgoxfxbbugxkfsbmqcjlbmjeaqyg/Build/Intermediates.noindex/GeneratedModuleMaps-iphonesimulator/FirebaseAuthInternal.modulemap -Xcc -fmodule-map-file\=/Users/fukushimatakumi/Library/Developer/Xcode/DerivedData/SugarBeat-hgoxfxbbugxkfsbmqcjlbmjeaqyg/Build/Intermediates.noindex/GeneratedModuleMaps-iphonesimulator/FirebaseAuthInterop.modulemap -Xcc -fmodule-map-file\=/Users/fukushimatakumi/Library/Developer/Xcode/DerivedData/SugarBeat-hgoxfxbbugxkfsbmqcjlbmjeaqyg/Build/Intermediates.noindex/GeneratedModuleMaps-iphonesimulator/FirebaseAppCheckInterop.modulemap -DXcode -plugin-path /Applications/Xcode.app/Contents/Developer/Toolchains/XcodeDefault.xctoolchain/usr/lib/swift/host/plugins/testing -enable-experimental-feature DebugDescriptionMacro -sdk /Applications/Xcode.app/Contents/Developer/Platforms/iPhoneSimulator.platform/Developer/SDKs/iPhoneSimulator18.4.sdk -target arm64-apple-ios15.0-simulator -g -module-cache-path /Users/fukushimatakumi/Library/Developer/Xcode/DerivedData/ModuleCache.noindex -Xfrontend -serialize-debugging-options -enable-testing -suppress-warnings -index-store-path /Users/fukushimatakumi/Library/Developer/Xcode/DerivedData/SugarBeat-hgoxfxbbugxkfsbmqcjlbmjeaqyg/Index.noindex/DataStore -swift-version 5 -I /Users/fukushimatakumi/Library/Developer/Xcode/DerivedData/SugarBeat-hgoxfxbbugxkfsbmqcjlbmjeaqyg/Build/Products/Debug-iphonesimulator -I /Applications/Xcode.app/Contents/Developer/Platforms/iPhoneSimulator.platform/Developer/usr/lib -F /Users/fukushimatakumi/Library/Developer/Xcode/DerivedData/SugarBeat-hgoxfxbbugxkfsbmqcjlbmjeaqyg/Build/Products/Debug-iphonesimulator/PackageFrameworks -F /Users/fukushimatakumi/Library/Developer/Xcode/DerivedData/SugarBeat-hgoxfxbbugxkfsbmqcjlbmjeaqyg/Build/Products/Debug-iphonesimulator/PackageFrameworks -F /Users/fukushimatakumi/Library/Developer/Xcode/DerivedData/SugarBeat-hgoxfxbbugxkfsbmqcjlbmjeaqyg/Build/Products/Debug-iphonesimulator/PackageFrameworks -F /Users/fukushimatakumi/Library/Developer/Xcode/DerivedData/SugarBeat-hgoxfxbbugxkfsbmqcjlbmjeaqyg/Build/Products/Debug-iphonesimulator/PackageFrameworks -F /Users/fukushimatakumi/Library/Developer/Xcode/DerivedData/SugarBeat-hgoxfxbbugxkfsbmqcjlbmjeaqyg/Build/Products/Debug-iphonesimulator/PackageFrameworks -F /Users/fukushimatakumi/Library/Developer/Xcode/DerivedData/SugarBeat-hgoxfxbbugxkfsbmqcjlbmjeaqyg/Build/Products/Debug-iphonesimulator/PackageFrameworks -F /Users/fukushimatakumi/Library/Developer/Xcode/DerivedData/SugarBeat-hgoxfxbbugxkfsbmqcjlbmjeaqyg/Build/Products/Debug-iphonesimulator/PackageFrameworks -F /Users/fukushimatakumi/Library/Developer/Xcode/DerivedData/SugarBeat-hgoxfxbbugxkfsbmqcjlbmjeaqyg/Build/Products/Debug-iphonesimulator/PackageFrameworks -F /Users/fukushimatakumi/Library/Developer/Xcode/DerivedData/SugarBeat-hgoxfxbbugxkfsbmqcjlbmjeaqyg/Build/Products/Debug-iphonesimulator/PackageFrameworks -F /Users/fukushimatakumi/Library/Developer/Xcode/DerivedData/SugarBeat-hgoxfxbbugxkfsbmqcjlbmjeaqyg/Build/Products/Debug-iphonesimulator/PackageFrameworks -F /Users/fukushimatakumi/Library/Developer/Xcode/DerivedData/SugarBeat-hgoxfxbbugxkfsbmqcjlbmjeaqyg/Build/Products/Debug-iphonesimulator/PackageFrameworks -F /Users/fukushimatakumi/Library/Developer/Xcode/DerivedData/SugarBeat-hgoxfxbbugxkfsbmqcjlbmjeaqyg/Build/Products/Debug-iphonesimulator/PackageFrameworks -F /Users/fukushimatakumi/Library/Developer/Xcode/DerivedData/SugarBeat-hgoxfxbbugxkfsbmqcjlbmjeaqyg/Build/Products/Debug-iphonesimulator/PackageFrameworks -F /Users/fukushimatakumi/Library/Developer/Xcode/DerivedData/SugarBeat-hgoxfxbbugxkfsbmqcjlbmjeaqyg/Build/Products/Debug-iphonesimulator/PackageFrameworks -F /Users/fukushimatakumi/Library/Developer/Xcode/DerivedData/SugarBeat-hgoxfxbbugxkfsbmqcjlbmjeaqyg/Build/Products/Debug-iphonesimulator/PackageFrameworks -F /Users/fukushimatakumi/Library/Developer/Xcode/DerivedData/SugarBeat-hgoxfxbbugxkfsbmqcjlbmjeaqyg/Build/Products/Debug-iphonesimulator/PackageFrameworks -F /Users/fukushimatakumi/Library/Developer/Xcode/DerivedData/SugarBeat-hgoxfxbbugxkfsbmqcjlbmjeaqyg/Build/Products/Debug-iphonesimulator -F /Applications/Xcode.app/Contents/Developer/Platforms/iPhoneSimulator.platform/Developer/Library/Frameworks -F /Applications/Xcode.app/Contents/Developer/Platforms/iPhoneSimulator.platform/Developer/SDKs/iPhoneSimulator18.4.sdk/Developer/Library/Frameworks -c -j10 -enable-batch-mode -incremental -Xcc -ivfsstatcache -Xcc /Users/fukushimatakumi/Library/Developer/Xcode/DerivedData/SDKStatCaches.noindex/iphonesimulator18.4-22E235-71825a6d136aa4733edcbe86ece5525b.sdkstatcache -output-file-map /Users/fukushimatakumi/Library/Developer/Xcode/DerivedData/SugarBeat-hgoxfxbbugxkfsbmqcjlbmjeaqyg/Build/Intermediates.noindex/Firebase.build/Debug-iphonesimulator/FirebaseAuth.build/Objects-normal/arm64/FirebaseAuth-OutputFileMap.json -use-frontend-parseable-output -save-temps -no-color-diagnostics -serialize-diagnostics -emit-dependencies -emit-module -emit-module-path /Users/fukushimatakumi/Library/Developer/Xcode/DerivedData/SugarBeat-hgoxfxbbugxkfsbmqcjlbmjeaqyg/Build/Intermediates.noindex/Firebase.build/Debug-iphonesimulator/FirebaseAuth.build/Objects-normal/arm64/FirebaseAuth.swiftmodule -user-module-version 12.7.0 -validate-clang-modules-once -clang-build-session-file /Users/fukushimatakumi/Library/Developer/Xcode/DerivedData/ModuleCache.noindex/Session.modulevalidation -package-name firebase_ios_sdk -Xcc -I/Users/fukushimatakumi/Library/Developer/Xcode/DerivedData/SugarBeat-hgoxfxbbugxkfsbmqcjlbmjeaqyg/Build/Intermediates.noindex/Firebase.build/Debug-iphonesimulator/FirebaseAuth.build/swift-overrides.hmap -emit-const-values -Xfrontend -const-gather-protocols-file -Xfrontend /Users/fukushimatakumi/Library/Developer/Xcode/DerivedData/SugarBeat-hgoxfxbbugxkfsbmqcjlbmjeaqyg/Build/Intermediates.noindex/Firebase.build/Debug-iphonesimulator/FirebaseAuth.build/Objects-normal/arm64/FirebaseAuth_const_extract_protocols.json -Xcc -I/Users/fukushimatakumi/Library/Developer/Xcode/DerivedData/SugarBeat-hgoxfxbbugxkfsbmqcjlbmjeaqyg/SourcePackages/checkouts/interop-ios-for-google-sdks/RecaptchaEnterprise/RecaptchaInterop/Public -Xcc -I/Users/fukushimatakumi/Library/Developer/Xcode/DerivedData/SugarBeat-hgoxfxbbugxkfsbmqcjlbmjeaqyg/SourcePackages/checkouts/GoogleUtilities/GoogleUtilities/Network/Public -Xcc -I/Users/fukushimatakumi/Library/Developer/Xcode/DerivedData/SugarBeat-hgoxfxbbugxkfsbmqcjlbmjeaqyg/SourcePackages/checkouts/GoogleUtilities/GoogleUtilities/Reachability/Public -Xcc -I/Users/fukushimatakumi/Library/Developer/Xcode/DerivedData/SugarBeat-hgoxfxbbugxkfsbmqcjlbmjeaqyg/SourcePackages/checkouts/GoogleUtilities/GoogleUtilities/NSData+zlib/Public -Xcc -I/Users/fukushimatakumi/Library/Developer/Xcode/DerivedData/SugarBeat-hgoxfxbbugxkfsbmqcjlbmjeaqyg/SourcePackages/checkouts/GoogleUtilities/GoogleUtilities/Logger/Public -Xcc -I/Users/fukushimatakumi/Library/Developer/Xcode/DerivedData/SugarBeat-hgoxfxbbugxkfsbmqcjlbmjeaqyg/SourcePackages/checkouts/GoogleUtilities/GoogleUtilities/Environment/Public -Xcc -I/Users/fukushimatakumi/Library/Developer/Xcode/DerivedData/SugarBeat-hgoxfxbbugxkfsbmqcjlbmjeaqyg/SourcePackages/checkouts/GoogleUtilities/third_party/IsAppEncrypted/Public -Xcc -I/Users/fukushimatakumi/Library/Developer/Xcode/DerivedData/SugarBeat-hgoxfxbbugxkfsbmqcjlbmjeaqyg/SourcePackages/checkouts/GoogleUtilities/GoogleUtilities/AppDelegateSwizzler/Public -Xcc -I/Users/fukushimatakumi/Library/Developer/Xcode/DerivedData/SugarBeat-hgoxfxbbugxkfsbmqcjlbmjeaqyg/SourcePackages/checkouts/gtm-session-fetcher/Sources/Core/Public -Xcc -I/Users/fukushimatakumi/Library/Developer/Xcode/DerivedData/SugarBeat-hgoxfxbbugxkfsbmqcjlbmjeaqyg/SourcePackages/checkouts/firebase-ios-sdk/FirebaseCore/Extension -Xcc -I/Users/fukushimatakumi/Library/Developer/Xcode/DerivedData/SugarBeat-hgoxfxbbugxkfsbmqcjlbmjeaqyg/SourcePackages/checkouts/firebase-ios-sdk/FirebaseCore/Sources/Public -Xcc -I/Users/fukushimatakumi/Library/Developer/Xcode/DerivedData/SugarBeat-hgoxfxbbugxkfsbmqcjlbmjeaqyg/SourcePackages/checkouts/firebase-ios-sdk/CoreOnly/Sources -Xcc -I/Users/fukushimatakumi/Library/Developer/Xcode/DerivedData/SugarBeat-hgoxfxbbugxkfsbmqcjlbmjeaqyg/SourcePackages/checkouts/firebase-ios-sdk/FirebaseAuth/Sources/Public -Xcc -I/Users/fukushimatakumi/Library/Developer/Xcode/DerivedData/SugarBeat-hgoxfxbbugxkfsbmqcjlbmjeaqyg/SourcePackages/checkouts/firebase-ios-sdk/FirebaseAuth/Interop/Public -Xcc -I/Users/fukushimatakumi/Library/Developer/Xcode/DerivedData/SugarBeat-hgoxfxbbugxkfsbmqcjlbmjeaqyg/SourcePackages/checkouts/firebase-ios-sdk/FirebaseAppCheck/Interop/Public -Xcc -I/Users/fukushimatakumi/Library/Developer/Xcode/DerivedData/SugarBeat-hgoxfxbbugxkfsbmqcjlbmjeaqyg/Build/Products/Debug-iphonesimulator/include -Xcc -I/Users/fukushimatakumi/Library/Developer/Xcode/DerivedData/SugarBeat-hgoxfxbbugxkfsbmqcjlbmjeaqyg/Build/Intermediates.noindex/Firebase.build/Debug-iphonesimulator/FirebaseAuth.build/DerivedSources-normal/arm64 -Xcc -I/Users/fukushimatakumi/Library/Developer/Xcode/DerivedData/SugarBeat-hgoxfxbbugxkfsbmqcjlbmjeaqyg/Build/Intermediates.noindex/Firebase.build/Debug-iphonesimulator/FirebaseAuth.build/DerivedSources/arm64 -Xcc -I/Users/fukushimatakumi/Library/Developer/Xcode/DerivedData/SugarBeat-hgoxfxbbugxkfsbmqcjlbmjeaqyg/Build/Intermediates.noindex/Firebase.build/Debug-iphonesimulator/FirebaseAuth.build/DerivedSources -Xcc -DSWIFT_PACKAGE -Xcc -DDEBUG\=1 -emit-objc-header -emit-objc-header-path /Users/fukushimatakumi/Library/Developer/Xcode/DerivedData/SugarBeat-hgoxfxbbugxkfsbmqcjlbmjeaqyg/Build/Intermediates.noindex/Firebase.build/Debug-iphonesimulator/FirebaseAuth.build/Objects-normal/arm64/FirebaseAuth-Swift.h -working-directory /Users/fukushimatakumi/develop/sugarbeat/sugarbeat-front -experimental-emit-module-separately -disable-cmo

PrecompileModule /Users/fukushimatakumi/Library/Developer/Xcode/DerivedData/SugarBeat-hgoxfxbbugxkfsbmqcjlbmjeaqyg/Build/Intermediates.noindex/ExplicitPrecompiledModules/os_workgroup-CN8088388VHPN67ZIXDX1Z2TK.scan
    cd /Users/fukushimatakumi/develop/sugarbeat/sugarbeat-front
    builtin-precompileModule /Users/fukushimatakumi/Library/Developer/Xcode/DerivedData/SugarBeat-hgoxfxbbugxkfsbmqcjlbmjeaqyg/Build/Intermediates.noindex/ExplicitPrecompiledModules/os_workgroup-CN8088388VHPN67ZIXDX1Z2TK.scan

SwiftCompile normal arm64 Compiling\ AuthRPCRequest.swift,\ AuthRPCResponse.swift,\ AuthRequestConfiguration.swift,\ IdentityToolkitRequest.swift,\ AuthMFAResponse.swift,\ CreateAuthURIRequest.swift,\ CreateAuthURIResponse.swift,\ DeleteAccountRequest.swift,\ DeleteAccountResponse.swift,\ EmailLinkSignInRequest.swift,\ EmailLinkSignInResponse.swift,\ GetAccountInfoRequest.swift,\ GetAccountInfoResponse.swift,\ GetOOBConfirmationCodeRequest.swift /Users/fukushimatakumi/Library/Developer/Xcode/DerivedData/SugarBeat-hgoxfxbbugxkfsbmqcjlbmjeaqyg/SourcePackages/checkouts/firebase-ios-sdk/FirebaseAuth/Sources/Swift/Backend/AuthRPCRequest.swift /Users/fukushimatakumi/Library/Developer/Xcode/DerivedData/SugarBeat-hgoxfxbbugxkfsbmqcjlbmjeaqyg/SourcePackages/checkouts/firebase-ios-sdk/FirebaseAuth/Sources/Swift/Backend/AuthRPCResponse.swift /Users/fukushimatakumi/Library/Developer/Xcode/DerivedData/SugarBeat-hgoxfxbbugxkfsbmqcjlbmjeaqyg/SourcePackages/checkouts/firebase-ios-sdk/FirebaseAuth/Sources/Swift/Backend/AuthRequestConfiguration.swift /Users/fukushimatakumi/Library/Developer/Xcode/DerivedData/SugarBeat-hgoxfxbbugxkfsbmqcjlbmjeaqyg/SourcePackages/checkouts/firebase-ios-sdk/FirebaseAuth/Sources/Swift/Backend/IdentityToolkitRequest.swift /Users/fukushimatakumi/Library/Developer/Xcode/DerivedData/SugarBeat-hgoxfxbbugxkfsbmqcjlbmjeaqyg/SourcePackages/checkouts/firebase-ios-sdk/FirebaseAuth/Sources/Swift/Backend/RPC/AuthMFAResponse.swift /Users/fukushimatakumi/Library/Developer/Xcode/DerivedData/SugarBeat-hgoxfxbbugxkfsbmqcjlbmjeaqyg/SourcePackages/checkouts/firebase-ios-sdk/FirebaseAuth/Sources/Swift/Backend/RPC/CreateAuthURIRequest.swift /Users/fukushimatakumi/Library/Developer/Xcode/DerivedData/SugarBeat-hgoxfxbbugxkfsbmqcjlbmjeaqyg/SourcePackages/checkouts/firebase-ios-sdk/FirebaseAuth/Sources/Swift/Backend/RPC/CreateAuthURIResponse.swift /Users/fukushimatakumi/Library/Developer/Xcode/DerivedData/SugarBeat-hgoxfxbbugxkfsbmqcjlbmjeaqyg/SourcePackages/checkouts/firebase-ios-sdk/FirebaseAuth/Sources/Swift/Backend/RPC/DeleteAccountRequest.swift /Users/fukushimatakumi/Library/Developer/Xcode/DerivedData/SugarBeat-hgoxfxbbugxkfsbmqcjlbmjeaqyg/SourcePackages/checkouts/firebase-ios-sdk/FirebaseAuth/Sources/Swift/Backend/RPC/DeleteAccountResponse.swift /Users/fukushimatakumi/Library/Developer/Xcode/DerivedData/SugarBeat-hgoxfxbbugxkfsbmqcjlbmjeaqyg/SourcePackages/checkouts/firebase-ios-sdk/FirebaseAuth/Sources/Swift/Backend/RPC/EmailLinkSignInRequest.swift /Users/fukushimatakumi/Library/Developer/Xcode/DerivedData/SugarBeat-hgoxfxbbugxkfsbmqcjlbmjeaqyg/SourcePackages/checkouts/firebase-ios-sdk/FirebaseAuth/Sources/Swift/Backend/RPC/EmailLinkSignInResponse.swift /Users/fukushimatakumi/Library/Developer/Xcode/DerivedData/SugarBeat-hgoxfxbbugxkfsbmqcjlbmjeaqyg/SourcePackages/checkouts/firebase-ios-sdk/FirebaseAuth/Sources/Swift/Backend/RPC/GetAccountInfoRequest.swift /Users/fukushimatakumi/Library/Developer/Xcode/DerivedData/SugarBeat-hgoxfxbbugxkfsbmqcjlbmjeaqyg/SourcePackages/checkouts/firebase-ios-sdk/FirebaseAuth/Sources/Swift/Backend/RPC/GetAccountInfoResponse.swift /Users/fukushimatakumi/Library/Developer/Xcode/DerivedData/SugarBeat-hgoxfxbbugxkfsbmqcjlbmjeaqyg/SourcePackages/checkouts/firebase-ios-sdk/FirebaseAuth/Sources/Swift/Backend/RPC/GetOOBConfirmationCodeRequest.swift (in target 'FirebaseAuth' from project 'Firebase')

SwiftCompile normal arm64 /Users/fukushimatakumi/Library/Developer/Xcode/DerivedData/SugarBeat-hgoxfxbbugxkfsbmqcjlbmjeaqyg/SourcePackages/checkouts/firebase-ios-sdk/FirebaseAuth/Sources/Swift/Backend/AuthRPCRequest.swift (in target 'FirebaseAuth' from project 'Firebase')
    cd /Users/fukushimatakumi/develop/sugarbeat/sugarbeat-front
    

SwiftCompile normal arm64 /Users/fukushimatakumi/Library/Developer/Xcode/DerivedData/SugarBeat-hgoxfxbbugxkfsbmqcjlbmjeaqyg/SourcePackages/checkouts/firebase-ios-sdk/FirebaseAuth/Sources/Swift/Backend/AuthRPCResponse.swift (in target 'FirebaseAuth' from project 'Firebase')
    cd /Users/fukushimatakumi/develop/sugarbeat/sugarbeat-front
    

SwiftCompile normal arm64 /Users/fukushimatakumi/Library/Developer/Xcode/DerivedData/SugarBeat-hgoxfxbbugxkfsbmqcjlbmjeaqyg/SourcePackages/checkouts/firebase-ios-sdk/FirebaseAuth/Sources/Swift/Backend/AuthRequestConfiguration.swift (in target 'FirebaseAuth' from project 'Firebase')
    cd /Users/fukushimatakumi/develop/sugarbeat/sugarbeat-front
    

SwiftCompile normal arm64 /Users/fukushimatakumi/Library/Developer/Xcode/DerivedData/SugarBeat-hgoxfxbbugxkfsbmqcjlbmjeaqyg/SourcePackages/checkouts/firebase-ios-sdk/FirebaseAuth/Sources/Swift/Backend/IdentityToolkitRequest.swift (in target 'FirebaseAuth' from project 'Firebase')
    cd /Users/fukushimatakumi/develop/sugarbeat/sugarbeat-front
    

SwiftCompile normal arm64 /Users/fukushimatakumi/Library/Developer/Xcode/DerivedData/SugarBeat-hgoxfxbbugxkfsbmqcjlbmjeaqyg/SourcePackages/checkouts/firebase-ios-sdk/FirebaseAuth/Sources/Swift/Backend/RPC/AuthMFAResponse.swift (in target 'FirebaseAuth' from project 'Firebase')
    cd /Users/fukushimatakumi/develop/sugarbeat/sugarbeat-front
    

SwiftCompile normal arm64 /Users/fukushimatakumi/Library/Developer/Xcode/DerivedData/SugarBeat-hgoxfxbbugxkfsbmqcjlbmjeaqyg/SourcePackages/checkouts/firebase-ios-sdk/FirebaseAuth/Sources/Swift/Backend/RPC/CreateAuthURIRequest.swift (in target 'FirebaseAuth' from project 'Firebase')
    cd /Users/fukushimatakumi/develop/sugarbeat/sugarbeat-front
    

SwiftCompile normal arm64 /Users/fukushimatakumi/Library/Developer/Xcode/DerivedData/SugarBeat-hgoxfxbbugxkfsbmqcjlbmjeaqyg/SourcePackages/checkouts/firebase-ios-sdk/FirebaseAuth/Sources/Swift/Backend/RPC/CreateAuthURIResponse.swift (in target 'FirebaseAuth' from project 'Firebase')
    cd /Users/fukushimatakumi/develop/sugarbeat/sugarbeat-front
    

SwiftCompile normal arm64 /Users/fukushimatakumi/Library/Developer/Xcode/DerivedData/SugarBeat-hgoxfxbbugxkfsbmqcjlbmjeaqyg/SourcePackages/checkouts/firebase-ios-sdk/FirebaseAuth/Sources/Swift/Backend/RPC/DeleteAccountRequest.swift (in target 'FirebaseAuth' from project 'Firebase')
    cd /Users/fukushimatakumi/develop/sugarbeat/sugarbeat-front
    

SwiftCompile normal arm64 /Users/fukushimatakumi/Library/Developer/Xcode/DerivedData/SugarBeat-hgoxfxbbugxkfsbmqcjlbmjeaqyg/SourcePackages/checkouts/firebase-ios-sdk/FirebaseAuth/Sources/Swift/Backend/RPC/DeleteAccountResponse.swift (in target 'FirebaseAuth' from project 'Firebase')
    cd /Users/fukushimatakumi/develop/sugarbeat/sugarbeat-front
    

SwiftCompile normal arm64 /Users/fukushimatakumi/Library/Developer/Xcode/DerivedData/SugarBeat-hgoxfxbbugxkfsbmqcjlbmjeaqyg/SourcePackages/checkouts/firebase-ios-sdk/FirebaseAuth/Sources/Swift/Backend/RPC/EmailLinkSignInRequest.swift (in target 'FirebaseAuth' from project 'Firebase')
    cd /Users/fukushimatakumi/develop/sugarbeat/sugarbeat-front
    

SwiftCompile normal arm64 /Users/fukushimatakumi/Library/Developer/Xcode/DerivedData/SugarBeat-hgoxfxbbugxkfsbmqcjlbmjeaqyg/SourcePackages/checkouts/firebase-ios-sdk/FirebaseAuth/Sources/Swift/Backend/RPC/EmailLinkSignInResponse.swift (in target 'FirebaseAuth' from project 'Firebase')
    cd /Users/fukushimatakumi/develop/sugarbeat/sugarbeat-front
    

SwiftCompile normal arm64 /Users/fukushimatakumi/Library/Developer/Xcode/DerivedData/SugarBeat-hgoxfxbbugxkfsbmqcjlbmjeaqyg/SourcePackages/checkouts/firebase-ios-sdk/FirebaseAuth/Sources/Swift/Backend/RPC/GetAccountInfoRequest.swift (in target 'FirebaseAuth' from project 'Firebase')
    cd /Users/fukushimatakumi/develop/sugarbeat/sugarbeat-front
    

SwiftCompile normal arm64 /Users/fukushimatakumi/Library/Developer/Xcode/DerivedData/SugarBeat-hgoxfxbbugxkfsbmqcjlbmjeaqyg/SourcePackages/checkouts/firebase-ios-sdk/FirebaseAuth/Sources/Swift/Backend/RPC/GetAccountInfoResponse.swift (in target 'FirebaseAuth' from project 'Firebase')
    cd /Users/fukushimatakumi/develop/sugarbeat/sugarbeat-front
    

SwiftCompile normal arm64 /Users/fukushimatakumi/Library/Developer/Xcode/DerivedData/SugarBeat-hgoxfxbbugxkfsbmqcjlbmjeaqyg/SourcePackages/checkouts/firebase-ios-sdk/FirebaseAuth/Sources/Swift/Backend/RPC/GetOOBConfirmationCodeRequest.swift (in target 'FirebaseAuth' from project 'Firebase')
    cd /Users/fukushimatakumi/develop/sugarbeat/sugarbeat-front
    

SwiftDriverJobDiscovery normal arm64 Compiling StorageMetadata.swift, StorageObservableTask.swift (in target 'FirebaseStorage' from project 'Firebase')

SwiftMergeGeneratedHeaders /Users/fukushimatakumi/Library/Developer/Xcode/DerivedData/SugarBeat-hgoxfxbbugxkfsbmqcjlbmjeaqyg/Build/Intermediates.noindex/GeneratedModuleMaps-iphonesimulator/FirebaseAuth-Swift.h /Users/fukushimatakumi/Library/Developer/Xcode/DerivedData/SugarBeat-hgoxfxbbugxkfsbmqcjlbmjeaqyg/Build/Intermediates.noindex/Firebase.build/Debug-iphonesimulator/FirebaseAuth.build/Objects-normal/arm64/FirebaseAuth-Swift.h (in target 'FirebaseAuth' from project 'Firebase')
    cd /Users/fukushimatakumi/Library/Developer/Xcode/DerivedData/SugarBeat-hgoxfxbbugxkfsbmqcjlbmjeaqyg/SourcePackages/checkouts/firebase-ios-sdk
    builtin-swiftHeaderTool -arch arm64 /Users/fukushimatakumi/Library/Developer/Xcode/DerivedData/SugarBeat-hgoxfxbbugxkfsbmqcjlbmjeaqyg/Build/Intermediates.noindex/Firebase.build/Debug-iphonesimulator/FirebaseAuth.build/Objects-normal/arm64/FirebaseAuth-Swift.h -o /Users/fukushimatakumi/Library/Developer/Xcode/DerivedData/SugarBeat-hgoxfxbbugxkfsbmqcjlbmjeaqyg/Build/Intermediates.noindex/GeneratedModuleMaps-iphonesimulator/FirebaseAuth-Swift.h

Copy /Users/fukushimatakumi/Library/Developer/Xcode/DerivedData/SugarBeat-hgoxfxbbugxkfsbmqcjlbmjeaqyg/Build/Products/Debug-iphonesimulator/FirebaseAuth.swiftmodule/arm64-apple-ios-simulator.swiftmodule /Users/fukushimatakumi/Library/Developer/Xcode/DerivedData/SugarBeat-hgoxfxbbugxkfsbmqcjlbmjeaqyg/Build/Intermediates.noindex/Firebase.build/Debug-iphonesimulator/FirebaseAuth.build/Objects-normal/arm64/FirebaseAuth.swiftmodule (in target 'FirebaseAuth' from project 'Firebase')
    cd /Users/fukushimatakumi/Library/Developer/Xcode/DerivedData/SugarBeat-hgoxfxbbugxkfsbmqcjlbmjeaqyg/SourcePackages/checkouts/firebase-ios-sdk
    builtin-copy -exclude .DS_Store -exclude CVS -exclude .svn -exclude .git -exclude .hg -resolve-src-symlinks -rename /Users/fukushimatakumi/Library/Developer/Xcode/DerivedData/SugarBeat-hgoxfxbbugxkfsbmqcjlbmjeaqyg/Build/Intermediates.noindex/Firebase.build/Debug-iphonesimulator/FirebaseAuth.build/Objects-normal/arm64/FirebaseAuth.swiftmodule /Users/fukushimatakumi/Library/Developer/Xcode/DerivedData/SugarBeat-hgoxfxbbugxkfsbmqcjlbmjeaqyg/Build/Products/Debug-iphonesimulator/FirebaseAuth.swiftmodule/arm64-apple-ios-simulator.swiftmodule

Copy /Users/fukushimatakumi/Library/Developer/Xcode/DerivedData/SugarBeat-hgoxfxbbugxkfsbmqcjlbmjeaqyg/Build/Products/Debug-iphonesimulator/FirebaseAuth.swiftmodule/arm64-apple-ios-simulator.swiftdoc /Users/fukushimatakumi/Library/Developer/Xcode/DerivedData/SugarBeat-hgoxfxbbugxkfsbmqcjlbmjeaqyg/Build/Intermediates.noindex/Firebase.build/Debug-iphonesimulator/FirebaseAuth.build/Objects-normal/arm64/FirebaseAuth.swiftdoc (in target 'FirebaseAuth' from project 'Firebase')
    cd /Users/fukushimatakumi/Library/Developer/Xcode/DerivedData/SugarBeat-hgoxfxbbugxkfsbmqcjlbmjeaqyg/SourcePackages/checkouts/firebase-ios-sdk
    builtin-copy -exclude .DS_Store -exclude CVS -exclude .svn -exclude .git -exclude .hg -resolve-src-symlinks -rename /Users/fukushimatakumi/Library/Developer/Xcode/DerivedData/SugarBeat-hgoxfxbbugxkfsbmqcjlbmjeaqyg/Build/Intermediates.noindex/Firebase.build/Debug-iphonesimulator/FirebaseAuth.build/Objects-normal/arm64/FirebaseAuth.swiftdoc /Users/fukushimatakumi/Library/Developer/Xcode/DerivedData/SugarBeat-hgoxfxbbugxkfsbmqcjlbmjeaqyg/Build/Products/Debug-iphonesimulator/FirebaseAuth.swiftmodule/arm64-apple-ios-simulator.swiftdoc

Copy /Users/fukushimatakumi/Library/Developer/Xcode/DerivedData/SugarBeat-hgoxfxbbugxkfsbmqcjlbmjeaqyg/Build/Products/Debug-iphonesimulator/FirebaseAuth.swiftmodule/arm64-apple-ios-simulator.abi.json /Users/fukushimatakumi/Library/Developer/Xcode/DerivedData/SugarBeat-hgoxfxbbugxkfsbmqcjlbmjeaqyg/Build/Intermediates.noindex/Firebase.build/Debug-iphonesimulator/FirebaseAuth.build/Objects-normal/arm64/FirebaseAuth.abi.json (in target 'FirebaseAuth' from project 'Firebase')
    cd /Users/fukushimatakumi/Library/Developer/Xcode/DerivedData/SugarBeat-hgoxfxbbugxkfsbmqcjlbmjeaqyg/SourcePackages/checkouts/firebase-ios-sdk
    builtin-copy -exclude .DS_Store -exclude CVS -exclude .svn -exclude .git -exclude .hg -resolve-src-symlinks -rename /Users/fukushimatakumi/Library/Developer/Xcode/DerivedData/SugarBeat-hgoxfxbbugxkfsbmqcjlbmjeaqyg/Build/Intermediates.noindex/Firebase.build/Debug-iphonesimulator/FirebaseAuth.build/Objects-normal/arm64/FirebaseAuth.abi.json /Users/fukushimatakumi/Library/Developer/Xcode/DerivedData/SugarBeat-hgoxfxbbugxkfsbmqcjlbmjeaqyg/Build/Products/Debug-iphonesimulator/FirebaseAuth.swiftmodule/arm64-apple-ios-simulator.abi.json

Copy /Users/fukushimatakumi/Library/Developer/Xcode/DerivedData/SugarBeat-hgoxfxbbugxkfsbmqcjlbmjeaqyg/Build/Products/Debug-iphonesimulator/FirebaseAuth.swiftmodule/Project/arm64-apple-ios-simulator.swiftsourceinfo /Users/fukushimatakumi/Library/Developer/Xcode/DerivedData/SugarBeat-hgoxfxbbugxkfsbmqcjlbmjeaqyg/Build/Intermediates.noindex/Firebase.build/Debug-iphonesimulator/FirebaseAuth.build/Objects-normal/arm64/FirebaseAuth.swiftsourceinfo (in target 'FirebaseAuth' from project 'Firebase')
    cd /Users/fukushimatakumi/Library/Developer/Xcode/DerivedData/SugarBeat-hgoxfxbbugxkfsbmqcjlbmjeaqyg/SourcePackages/checkouts/firebase-ios-sdk
    builtin-copy -exclude .DS_Store -exclude CVS -exclude .svn -exclude .git -exclude .hg -resolve-src-symlinks -rename /Users/fukushimatakumi/Library/Developer/Xcode/DerivedData/SugarBeat-hgoxfxbbugxkfsbmqcjlbmjeaqyg/Build/Intermediates.noindex/Firebase.build/Debug-iphonesimulator/FirebaseAuth.build/Objects-normal/arm64/FirebaseAuth.swiftsourceinfo /Users/fukushimatakumi/Library/Developer/Xcode/DerivedData/SugarBeat-hgoxfxbbugxkfsbmqcjlbmjeaqyg/Build/Products/Debug-iphonesimulator/FirebaseAuth.swiftmodule/Project/arm64-apple-ios-simulator.swiftsourceinfo

PrecompileModule /Users/fukushimatakumi/Library/Developer/Xcode/DerivedData/SugarBeat-hgoxfxbbugxkfsbmqcjlbmjeaqyg/Build/Intermediates.noindex/ExplicitPrecompiledModules/Dispatch-DMZOEV1DTD4GDMBAWPH29YP43.scan
    cd /Users/fukushimatakumi/develop/sugarbeat/sugarbeat-front
    builtin-precompileModule /Users/fukushimatakumi/Library/Developer/Xcode/DerivedData/SugarBeat-hgoxfxbbugxkfsbmqcjlbmjeaqyg/Build/Intermediates.noindex/ExplicitPrecompiledModules/Dispatch-DMZOEV1DTD4GDMBAWPH29YP43.scan

SwiftDriver\ Compilation FirebaseStorage normal arm64 com.apple.xcode.tools.swift.compiler (in target 'FirebaseStorage' from project 'Firebase')
    cd /Users/fukushimatakumi/develop/sugarbeat/sugarbeat-front
    builtin-Swift-Compilation -- /Applications/Xcode.app/Contents/Developer/Toolchains/XcodeDefault.xctoolchain/usr/bin/swiftc -module-name FirebaseStorage -Onone -enforce-exclusivity\=checked @/Users/fukushimatakumi/Library/Developer/Xcode/DerivedData/SugarBeat-hgoxfxbbugxkfsbmqcjlbmjeaqyg/Build/Intermediates.noindex/Firebase.build/Debug-iphonesimulator/FirebaseStorage.build/Objects-normal/arm64/FirebaseStorage.SwiftFileList -DSWIFT_PACKAGE -DDEBUG -Xcc -fmodule-map-file\=/Users/fukushimatakumi/Library/Developer/Xcode/DerivedData/SugarBeat-hgoxfxbbugxkfsbmqcjlbmjeaqyg/Build/Intermediates.noindex/GeneratedModuleMaps-iphonesimulator/GoogleUtilities-NSData.modulemap -Xcc -fmodule-map-file\=/Users/fukushimatakumi/Library/Developer/Xcode/DerivedData/SugarBeat-hgoxfxbbugxkfsbmqcjlbmjeaqyg/Build/Intermediates.noindex/GeneratedModuleMaps-iphonesimulator/GoogleUtilities-Environment.modulemap -Xcc -fmodule-map-file\=/Users/fukushimatakumi/Library/Developer/Xcode/DerivedData/SugarBeat-hgoxfxbbugxkfsbmqcjlbmjeaqyg/Build/Intermediates.noindex/GeneratedModuleMaps-iphonesimulator/third-party-IsAppEncrypted.modulemap -Xcc -fmodule-map-file\=/Users/fukushimatakumi/Library/Developer/Xcode/DerivedData/SugarBeat-hgoxfxbbugxkfsbmqcjlbmjeaqyg/Build/Intermediates.noindex/GeneratedModuleMaps-iphonesimulator/GoogleUtilities-Logger.modulemap -Xcc -fmodule-map-file\=/Users/fukushimatakumi/Library/Developer/Xcode/DerivedData/SugarBeat-hgoxfxbbugxkfsbmqcjlbmjeaqyg/Build/Intermediates.noindex/GeneratedModuleMaps-iphonesimulator/GTMSessionFetcherCore.modulemap -Xcc -fmodule-map-file\=/Users/fukushimatakumi/Library/Developer/Xcode/DerivedData/SugarBeat-hgoxfxbbugxkfsbmqcjlbmjeaqyg/Build/Intermediates.noindex/GeneratedModuleMaps-iphonesimulator/FirebaseCoreExtension.modulemap -Xcc -fmodule-map-file\=/Users/fukushimatakumi/Library/Developer/Xcode/DerivedData/SugarBeat-hgoxfxbbugxkfsbmqcjlbmjeaqyg/Build/Intermediates.noindex/GeneratedModuleMaps-iphonesimulator/FirebaseCore.modulemap -Xcc -fmodule-map-file\=/Users/fukushimatakumi/Library/Developer/Xcode/DerivedData/SugarBeat-hgoxfxbbugxkfsbmqcjlbmjeaqyg/Build/Intermediates.noindex/GeneratedModuleMaps-iphonesimulator/FirebaseAuthInterop.modulemap -Xcc -fmodule-map-file\=/Users/fukushimatakumi/Library/Developer/Xcode/DerivedData/SugarBeat-hgoxfxbbugxkfsbmqcjlbmjeaqyg/Build/Intermediates.noindex/GeneratedModuleMaps-iphonesimulator/FirebaseAppCheckInterop.modulemap -DXcode -plugin-path /Applications/Xcode.app/Contents/Developer/Toolchains/XcodeDefault.xctoolchain/usr/lib/swift/host/plugins/testing -enable-experimental-feature DebugDescriptionMacro -sdk /Applications/Xcode.app/Contents/Developer/Platforms/iPhoneSimulator.platform/Developer/SDKs/iPhoneSimulator18.4.sdk -target arm64-apple-ios15.0-simulator -g -module-cache-path /Users/fukushimatakumi/Library/Developer/Xcode/DerivedData/ModuleCache.noindex -Xfrontend -serialize-debugging-options -enable-testing -suppress-warnings -index-store-path /Users/fukushimatakumi/Library/Developer/Xcode/DerivedData/SugarBeat-hgoxfxbbugxkfsbmqcjlbmjeaqyg/Index.noindex/DataStore -swift-version 5 -I /Users/fukushimatakumi/Library/Developer/Xcode/DerivedData/SugarBeat-hgoxfxbbugxkfsbmqcjlbmjeaqyg/Build/Products/Debug-iphonesimulator -I /Applications/Xcode.app/Contents/Developer/Platforms/iPhoneSimulator.platform/Developer/usr/lib -F /Users/fukushimatakumi/Library/Developer/Xcode/DerivedData/SugarBeat-hgoxfxbbugxkfsbmqcjlbmjeaqyg/Build/Products/Debug-iphonesimulator/PackageFrameworks -F /Users/fukushimatakumi/Library/Developer/Xcode/DerivedData/SugarBeat-hgoxfxbbugxkfsbmqcjlbmjeaqyg/Build/Products/Debug-iphonesimulator/PackageFrameworks -F /Users/fukushimatakumi/Library/Developer/Xcode/DerivedData/SugarBeat-hgoxfxbbugxkfsbmqcjlbmjeaqyg/Build/Products/Debug-iphonesimulator/PackageFrameworks -F /Users/fukushimatakumi/Library/Developer/Xcode/DerivedData/SugarBeat-hgoxfxbbugxkfsbmqcjlbmjeaqyg/Build/Products/Debug-iphonesimulator/PackageFrameworks -F /Users/fukushimatakumi/Library/Developer/Xcode/DerivedData/SugarBeat-hgoxfxbbugxkfsbmqcjlbmjeaqyg/Build/Products/Debug-iphonesimulator/PackageFrameworks -F /Users/fukushimatakumi/Library/Developer/Xcode/DerivedData/SugarBeat-hgoxfxbbugxkfsbmqcjlbmjeaqyg/Build/Products/Debug-iphonesimulator/PackageFrameworks -F /Users/fukushimatakumi/Library/Developer/Xcode/DerivedData/SugarBeat-hgoxfxbbugxkfsbmqcjlbmjeaqyg/Build/Products/Debug-iphonesimulator/PackageFrameworks -F /Users/fukushimatakumi/Library/Developer/Xcode/DerivedData/SugarBeat-hgoxfxbbugxkfsbmqcjlbmjeaqyg/Build/Products/Debug-iphonesimulator/PackageFrameworks -F /Users/fukushimatakumi/Library/Developer/Xcode/DerivedData/SugarBeat-hgoxfxbbugxkfsbmqcjlbmjeaqyg/Build/Products/Debug-iphonesimulator/PackageFrameworks -F /Users/fukushimatakumi/Library/Developer/Xcode/DerivedData/SugarBeat-hgoxfxbbugxkfsbmqcjlbmjeaqyg/Build/Products/Debug-iphonesimulator/PackageFrameworks -F /Users/fukushimatakumi/Library/Developer/Xcode/DerivedData/SugarBeat-hgoxfxbbugxkfsbmqcjlbmjeaqyg/Build/Products/Debug-iphonesimulator/PackageFrameworks -F /Users/fukushimatakumi/Library/Developer/Xcode/DerivedData/SugarBeat-hgoxfxbbugxkfsbmqcjlbmjeaqyg/Build/Products/Debug-iphonesimulator -F /Applications/Xcode.app/Contents/Developer/Platforms/iPhoneSimulator.platform/Developer/Library/Frameworks -F /Applications/Xcode.app/Contents/Developer/Platforms/iPhoneSimulator.platform/Developer/SDKs/iPhoneSimulator18.4.sdk/Developer/Library/Frameworks -c -j10 -enable-batch-mode -incremental -Xcc -ivfsstatcache -Xcc /Users/fukushimatakumi/Library/Developer/Xcode/DerivedData/SDKStatCaches.noindex/iphonesimulator18.4-22E235-71825a6d136aa4733edcbe86ece5525b.sdkstatcache -output-file-map /Users/fukushimatakumi/Library/Developer/Xcode/DerivedData/SugarBeat-hgoxfxbbugxkfsbmqcjlbmjeaqyg/Build/Intermediates.noindex/Firebase.build/Debug-iphonesimulator/FirebaseStorage.build/Objects-normal/arm64/FirebaseStorage-OutputFileMap.json -use-frontend-parseable-output -save-temps -no-color-diagnostics -serialize-diagnostics -emit-dependencies -emit-module -emit-module-path /Users/fukushimatakumi/Library/Developer/Xcode/DerivedData/SugarBeat-hgoxfxbbugxkfsbmqcjlbmjeaqyg/Build/Intermediates.noindex/Firebase.build/Debug-iphonesimulator/FirebaseStorage.build/Objects-normal/arm64/FirebaseStorage.swiftmodule -user-module-version 12.7.0 -validate-clang-modules-once -clang-build-session-file /Users/fukushimatakumi/Library/Developer/Xcode/DerivedData/ModuleCache.noindex/Session.modulevalidation -package-name firebase_ios_sdk -Xcc -I/Users/fukushimatakumi/Library/Developer/Xcode/DerivedData/SugarBeat-hgoxfxbbugxkfsbmqcjlbmjeaqyg/Build/Intermediates.noindex/Firebase.build/Debug-iphonesimulator/FirebaseStorage.build/swift-overrides.hmap -emit-const-values -Xfrontend -const-gather-protocols-file -Xfrontend /Users/fukushimatakumi/Library/Developer/Xcode/DerivedData/SugarBeat-hgoxfxbbugxkfsbmqcjlbmjeaqyg/Build/Intermediates.noindex/Firebase.build/Debug-iphonesimulator/FirebaseStorage.build/Objects-normal/arm64/FirebaseStorage_const_extract_protocols.json -Xcc -I/Users/fukushimatakumi/Library/Developer/Xcode/DerivedData/SugarBeat-hgoxfxbbugxkfsbmqcjlbmjeaqyg/SourcePackages/checkouts/GoogleUtilities/GoogleUtilities/NSData+zlib/Public -Xcc -I/Users/fukushimatakumi/Library/Developer/Xcode/DerivedData/SugarBeat-hgoxfxbbugxkfsbmqcjlbmjeaqyg/SourcePackages/checkouts/GoogleUtilities/GoogleUtilities/Environment/Public -Xcc -I/Users/fukushimatakumi/Library/Developer/Xcode/DerivedData/SugarBeat-hgoxfxbbugxkfsbmqcjlbmjeaqyg/SourcePackages/checkouts/GoogleUtilities/third_party/IsAppEncrypted/Public -Xcc -I/Users/fukushimatakumi/Library/Developer/Xcode/DerivedData/SugarBeat-hgoxfxbbugxkfsbmqcjlbmjeaqyg/SourcePackages/checkouts/GoogleUtilities/GoogleUtilities/Logger/Public -Xcc -I/Users/fukushimatakumi/Library/Developer/Xcode/DerivedData/SugarBeat-hgoxfxbbugxkfsbmqcjlbmjeaqyg/SourcePackages/checkouts/gtm-session-fetcher/Sources/Core/Public -Xcc -I/Users/fukushimatakumi/Library/Developer/Xcode/DerivedData/SugarBeat-hgoxfxbbugxkfsbmqcjlbmjeaqyg/SourcePackages/checkouts/firebase-ios-sdk/FirebaseCore/Extension -Xcc -I/Users/fukushimatakumi/Library/Developer/Xcode/DerivedData/SugarBeat-hgoxfxbbugxkfsbmqcjlbmjeaqyg/SourcePackages/checkouts/firebase-ios-sdk/FirebaseCore/Sources/Public -Xcc -I/Users/fukushimatakumi/Library/Developer/Xcode/DerivedData/SugarBeat-hgoxfxbbugxkfsbmqcjlbmjeaqyg/SourcePackages/checkouts/firebase-ios-sdk/CoreOnly/Sources -Xcc -I/Users/fukushimatakumi/Library/Developer/Xcode/DerivedData/SugarBeat-hgoxfxbbugxkfsbmqcjlbmjeaqyg/SourcePackages/checkouts/firebase-ios-sdk/FirebaseAuth/Interop/Public -Xcc -I/Users/fukushimatakumi/Library/Developer/Xcode/DerivedData/SugarBeat-hgoxfxbbugxkfsbmqcjlbmjeaqyg/SourcePackages/checkouts/firebase-ios-sdk/FirebaseAppCheck/Interop/Public -Xcc -I/Users/fukushimatakumi/Library/Developer/Xcode/DerivedData/SugarBeat-hgoxfxbbugxkfsbmqcjlbmjeaqyg/Build/Products/Debug-iphonesimulator/include -Xcc -I/Users/fukushimatakumi/Library/Developer/Xcode/DerivedData/SugarBeat-hgoxfxbbugxkfsbmqcjlbmjeaqyg/Build/Intermediates.noindex/Firebase.build/Debug-iphonesimulator/FirebaseStorage.build/DerivedSources-normal/arm64 -Xcc -I/Users/fukushimatakumi/Library/Developer/Xcode/DerivedData/SugarBeat-hgoxfxbbugxkfsbmqcjlbmjeaqyg/Build/Intermediates.noindex/Firebase.build/Debug-iphonesimulator/FirebaseStorage.build/DerivedSources/arm64 -Xcc -I/Users/fukushimatakumi/Library/Developer/Xcode/DerivedData/SugarBeat-hgoxfxbbugxkfsbmqcjlbmjeaqyg/Build/Intermediates.noindex/Firebase.build/Debug-iphonesimulator/FirebaseStorage.build/DerivedSources -Xcc -DSWIFT_PACKAGE -Xcc -DDEBUG\=1 -emit-objc-header -emit-objc-header-path /Users/fukushimatakumi/Library/Developer/Xcode/DerivedData/SugarBeat-hgoxfxbbugxkfsbmqcjlbmjeaqyg/Build/Intermediates.noindex/Firebase.build/Debug-iphonesimulator/FirebaseStorage.build/Objects-normal/arm64/FirebaseStorage-Swift.h -working-directory /Users/fukushimatakumi/develop/sugarbeat/sugarbeat-front -experimental-emit-module-separately -disable-cmo

PrecompileModule /Users/fukushimatakumi/Library/Developer/Xcode/DerivedData/SugarBeat-hgoxfxbbugxkfsbmqcjlbmjeaqyg/Build/Intermediates.noindex/ExplicitPrecompiledModules/CoreFoundation-DHGM3SOQI7YTSWRMHEQWU9SGN.scan
    cd /Users/fukushimatakumi/develop/sugarbeat/sugarbeat-front
    builtin-precompileModule /Users/fukushimatakumi/Library/Developer/Xcode/DerivedData/SugarBeat-hgoxfxbbugxkfsbmqcjlbmjeaqyg/Build/Intermediates.noindex/ExplicitPrecompiledModules/CoreFoundation-DHGM3SOQI7YTSWRMHEQWU9SGN.scan

PrecompileModule /Users/fukushimatakumi/Library/Developer/Xcode/DerivedData/SugarBeat-hgoxfxbbugxkfsbmqcjlbmjeaqyg/Build/Intermediates.noindex/ExplicitPrecompiledModules/XPC-A3IRCNOMDM2URVF3STEXFDC66.scan
    cd /Users/fukushimatakumi/develop/sugarbeat/sugarbeat-front
    builtin-precompileModule /Users/fukushimatakumi/Library/Developer/Xcode/DerivedData/SugarBeat-hgoxfxbbugxkfsbmqcjlbmjeaqyg/Build/Intermediates.noindex/ExplicitPrecompiledModules/XPC-A3IRCNOMDM2URVF3STEXFDC66.scan

PrecompileModule /Users/fukushimatakumi/Library/Developer/Xcode/DerivedData/SugarBeat-hgoxfxbbugxkfsbmqcjlbmjeaqyg/Build/Intermediates.noindex/ExplicitPrecompiledModules/CoreGraphics-BIHF97ICHNKD5T3AYFPRNAJLD.scan
    cd /Users/fukushimatakumi/develop/sugarbeat/sugarbeat-front
    builtin-precompileModule /Users/fukushimatakumi/Library/Developer/Xcode/DerivedData/SugarBeat-hgoxfxbbugxkfsbmqcjlbmjeaqyg/Build/Intermediates.noindex/ExplicitPrecompiledModules/CoreGraphics-BIHF97ICHNKD5T3AYFPRNAJLD.scan

PrecompileModule /Users/fukushimatakumi/Library/Developer/Xcode/DerivedData/SugarBeat-hgoxfxbbugxkfsbmqcjlbmjeaqyg/Build/Intermediates.noindex/ExplicitPrecompiledModules/CFNetwork-11WVNV072XQQMZ0200L1O2W7S.scan
    cd /Users/fukushimatakumi/develop/sugarbeat/sugarbeat-front
    builtin-precompileModule /Users/fukushimatakumi/Library/Developer/Xcode/DerivedData/SugarBeat-hgoxfxbbugxkfsbmqcjlbmjeaqyg/Build/Intermediates.noindex/ExplicitPrecompiledModules/CFNetwork-11WVNV072XQQMZ0200L1O2W7S.scan

PrecompileModule /Users/fukushimatakumi/Library/Developer/Xcode/DerivedData/SugarBeat-hgoxfxbbugxkfsbmqcjlbmjeaqyg/Build/Intermediates.noindex/ExplicitPrecompiledModules/ImageIO-TQAWOLF7Q6PDDIK5HQCUQ0VE.scan
    cd /Users/fukushimatakumi/develop/sugarbeat/sugarbeat-front
    builtin-precompileModule /Users/fukushimatakumi/Library/Developer/Xcode/DerivedData/SugarBeat-hgoxfxbbugxkfsbmqcjlbmjeaqyg/Build/Intermediates.noindex/ExplicitPrecompiledModules/ImageIO-TQAWOLF7Q6PDDIK5HQCUQ0VE.scan

PrecompileModule /Users/fukushimatakumi/Library/Developer/Xcode/DerivedData/SugarBeat-hgoxfxbbugxkfsbmqcjlbmjeaqyg/Build/Intermediates.noindex/ExplicitPrecompiledModules/CoreText-2ZZ87Y36DIUH0W1FHM35SFZ69.scan
    cd /Users/fukushimatakumi/develop/sugarbeat/sugarbeat-front
    builtin-precompileModule /Users/fukushimatakumi/Library/Developer/Xcode/DerivedData/SugarBeat-hgoxfxbbugxkfsbmqcjlbmjeaqyg/Build/Intermediates.noindex/ExplicitPrecompiledModules/CoreText-2ZZ87Y36DIUH0W1FHM35SFZ69.scan

PrecompileModule /Users/fukushimatakumi/Library/Developer/Xcode/DerivedData/SugarBeat-hgoxfxbbugxkfsbmqcjlbmjeaqyg/Build/Intermediates.noindex/ExplicitPrecompiledModules/Security-631642W0VXVG5GPCKC369HG27.scan
    cd /Users/fukushimatakumi/develop/sugarbeat/sugarbeat-front
    builtin-precompileModule /Users/fukushimatakumi/Library/Developer/Xcode/DerivedData/SugarBeat-hgoxfxbbugxkfsbmqcjlbmjeaqyg/Build/Intermediates.noindex/ExplicitPrecompiledModules/Security-631642W0VXVG5GPCKC369HG27.scan

SwiftCompile normal arm64 Compiling\ WithdrawMFAResponse.swift,\ AuthProto.swift,\ AuthProtoMFAEnrollment.swift,\ AuthProtoFinalizeMFAPhoneRequestInfo.swift,\ AuthProtoFinalizeMFAPhoneResponseInfo.swift,\ AuthProtoStartMFAPhoneRequestInfo.swift,\ AuthProtoStartMFAPhoneResponseInfo.swift,\ AuthProtoFinalizeMFATOTPEnrollmentRequestInfo.swift,\ AuthProtoFinalizeMFATOTPEnrollmentResponseInfo.swift,\ AuthProtoFinalizeMFATOTPSignInRequestInfo.swift,\ AuthProtoStartMFATOTPEnrollmentRequestInfo.swift,\ AuthProtoStartMFATOTPEnrollmentResponseInfo.swift,\ ResetPasswordRequest.swift,\ ResetPasswordResponse.swift /Users/fukushimatakumi/Library/Developer/Xcode/DerivedData/SugarBeat-hgoxfxbbugxkfsbmqcjlbmjeaqyg/SourcePackages/checkouts/firebase-ios-sdk/FirebaseAuth/Sources/Swift/Backend/RPC/MultiFactor/Unenroll/WithdrawMFAResponse.swift /Users/fukushimatakumi/Library/Developer/Xcode/DerivedData/SugarBeat-hgoxfxbbugxkfsbmqcjlbmjeaqyg/SourcePackages/checkouts/firebase-ios-sdk/FirebaseAuth/Sources/Swift/Backend/RPC/Proto/AuthProto.swift /Users/fukushimatakumi/Library/Developer/Xcode/DerivedData/SugarBeat-hgoxfxbbugxkfsbmqcjlbmjeaqyg/SourcePackages/checkouts/firebase-ios-sdk/FirebaseAuth/Sources/Swift/Backend/RPC/Proto/AuthProtoMFAEnrollment.swift /Users/fukushimatakumi/Library/Developer/Xcode/DerivedData/SugarBeat-hgoxfxbbugxkfsbmqcjlbmjeaqyg/SourcePackages/checkouts/firebase-ios-sdk/FirebaseAuth/Sources/Swift/Backend/RPC/Proto/Phone/AuthProtoFinalizeMFAPhoneRequestInfo.swift /Users/fukushimatakumi/Library/Developer/Xcode/DerivedData/SugarBeat-hgoxfxbbugxkfsbmqcjlbmjeaqyg/SourcePackages/checkouts/firebase-ios-sdk/FirebaseAuth/Sources/Swift/Backend/RPC/Proto/Phone/AuthProtoFinalizeMFAPhoneResponseInfo.swift /Users/fukushimatakumi/Library/Developer/Xcode/DerivedData/SugarBeat-hgoxfxbbugxkfsbmqcjlbmjeaqyg/SourcePackages/checkouts/firebase-ios-sdk/FirebaseAuth/Sources/Swift/Backend/RPC/Proto/Phone/AuthProtoStartMFAPhoneRequestInfo.swift /Users/fukushimatakumi/Library/Developer/Xcode/DerivedData/SugarBeat-hgoxfxbbugxkfsbmqcjlbmjeaqyg/SourcePackages/checkouts/firebase-ios-sdk/FirebaseAuth/Sources/Swift/Backend/RPC/Proto/Phone/AuthProtoStartMFAPhoneResponseInfo.swift /Users/fukushimatakumi/Library/Developer/Xcode/DerivedData/SugarBeat-hgoxfxbbugxkfsbmqcjlbmjeaqyg/SourcePackages/checkouts/firebase-ios-sdk/FirebaseAuth/Sources/Swift/Backend/RPC/Proto/TOTP/AuthProtoFinalizeMFATOTPEnrollmentRequestInfo.swift /Users/fukushimatakumi/Library/Developer/Xcode/DerivedData/SugarBeat-hgoxfxbbugxkfsbmqcjlbmjeaqyg/SourcePackages/checkouts/firebase-ios-sdk/FirebaseAuth/Sources/Swift/Backend/RPC/Proto/TOTP/AuthProtoFinalizeMFATOTPEnrollmentResponseInfo.swift /Users/fukushimatakumi/Library/Developer/Xcode/DerivedData/SugarBeat-hgoxfxbbugxkfsbmqcjlbmjeaqyg/SourcePackages/checkouts/firebase-ios-sdk/FirebaseAuth/Sources/Swift/Backend/RPC/Proto/TOTP/AuthProtoFinalizeMFATOTPSignInRequestInfo.swift /Users/fukushimatakumi/Library/Developer/Xcode/DerivedData/SugarBeat-hgoxfxbbugxkfsbmqcjlbmjeaqyg/SourcePackages/checkouts/firebase-ios-sdk/FirebaseAuth/Sources/Swift/Backend/RPC/Proto/TOTP/AuthProtoStartMFATOTPEnrollmentRequestInfo.swift /Users/fukushimatakumi/Library/Developer/Xcode/DerivedData/SugarBeat-hgoxfxbbugxkfsbmqcjlbmjeaqyg/SourcePackages/checkouts/firebase-ios-sdk/FirebaseAuth/Sources/Swift/Backend/RPC/Proto/TOTP/AuthProtoStartMFATOTPEnrollmentResponseInfo.swift /Users/fukushimatakumi/Library/Developer/Xcode/DerivedData/SugarBeat-hgoxfxbbugxkfsbmqcjlbmjeaqyg/SourcePackages/checkouts/firebase-ios-sdk/FirebaseAuth/Sources/Swift/Backend/RPC/ResetPasswordRequest.swift /Users/fukushimatakumi/Library/Developer/Xcode/DerivedData/SugarBeat-hgoxfxbbugxkfsbmqcjlbmjeaqyg/SourcePackages/checkouts/firebase-ios-sdk/FirebaseAuth/Sources/Swift/Backend/RPC/ResetPasswordResponse.swift (in target 'FirebaseAuth' from project 'Firebase')

SwiftCompile normal arm64 /Users/fukushimatakumi/Library/Developer/Xcode/DerivedData/SugarBeat-hgoxfxbbugxkfsbmqcjlbmjeaqyg/SourcePackages/checkouts/firebase-ios-sdk/FirebaseAuth/Sources/Swift/Backend/RPC/MultiFactor/Unenroll/WithdrawMFAResponse.swift (in target 'FirebaseAuth' from project 'Firebase')
    cd /Users/fukushimatakumi/develop/sugarbeat/sugarbeat-front
    

SwiftCompile normal arm64 /Users/fukushimatakumi/Library/Developer/Xcode/DerivedData/SugarBeat-hgoxfxbbugxkfsbmqcjlbmjeaqyg/SourcePackages/checkouts/firebase-ios-sdk/FirebaseAuth/Sources/Swift/Backend/RPC/Proto/AuthProto.swift (in target 'FirebaseAuth' from project 'Firebase')
    cd /Users/fukushimatakumi/develop/sugarbeat/sugarbeat-front
    

SwiftCompile normal arm64 /Users/fukushimatakumi/Library/Developer/Xcode/DerivedData/SugarBeat-hgoxfxbbugxkfsbmqcjlbmjeaqyg/SourcePackages/checkouts/firebase-ios-sdk/FirebaseAuth/Sources/Swift/Backend/RPC/Proto/AuthProtoMFAEnrollment.swift (in target 'FirebaseAuth' from project 'Firebase')
    cd /Users/fukushimatakumi/develop/sugarbeat/sugarbeat-front
    

SwiftCompile normal arm64 /Users/fukushimatakumi/Library/Developer/Xcode/DerivedData/SugarBeat-hgoxfxbbugxkfsbmqcjlbmjeaqyg/SourcePackages/checkouts/firebase-ios-sdk/FirebaseAuth/Sources/Swift/Backend/RPC/Proto/Phone/AuthProtoFinalizeMFAPhoneRequestInfo.swift (in target 'FirebaseAuth' from project 'Firebase')
    cd /Users/fukushimatakumi/develop/sugarbeat/sugarbeat-front
    

SwiftCompile normal arm64 /Users/fukushimatakumi/Library/Developer/Xcode/DerivedData/SugarBeat-hgoxfxbbugxkfsbmqcjlbmjeaqyg/SourcePackages/checkouts/firebase-ios-sdk/FirebaseAuth/Sources/Swift/Backend/RPC/Proto/Phone/AuthProtoFinalizeMFAPhoneResponseInfo.swift (in target 'FirebaseAuth' from project 'Firebase')
    cd /Users/fukushimatakumi/develop/sugarbeat/sugarbeat-front
    

SwiftCompile normal arm64 /Users/fukushimatakumi/Library/Developer/Xcode/DerivedData/SugarBeat-hgoxfxbbugxkfsbmqcjlbmjeaqyg/SourcePackages/checkouts/firebase-ios-sdk/FirebaseAuth/Sources/Swift/Backend/RPC/Proto/Phone/AuthProtoStartMFAPhoneRequestInfo.swift (in target 'FirebaseAuth' from project 'Firebase')
    cd /Users/fukushimatakumi/develop/sugarbeat/sugarbeat-front
    

SwiftCompile normal arm64 /Users/fukushimatakumi/Library/Developer/Xcode/DerivedData/SugarBeat-hgoxfxbbugxkfsbmqcjlbmjeaqyg/SourcePackages/checkouts/firebase-ios-sdk/FirebaseAuth/Sources/Swift/Backend/RPC/Proto/Phone/AuthProtoStartMFAPhoneResponseInfo.swift (in target 'FirebaseAuth' from project 'Firebase')
    cd /Users/fukushimatakumi/develop/sugarbeat/sugarbeat-front
    

SwiftCompile normal arm64 /Users/fukushimatakumi/Library/Developer/Xcode/DerivedData/SugarBeat-hgoxfxbbugxkfsbmqcjlbmjeaqyg/SourcePackages/checkouts/firebase-ios-sdk/FirebaseAuth/Sources/Swift/Backend/RPC/Proto/TOTP/AuthProtoFinalizeMFATOTPEnrollmentRequestInfo.swift (in target 'FirebaseAuth' from project 'Firebase')
    cd /Users/fukushimatakumi/develop/sugarbeat/sugarbeat-front
    

SwiftCompile normal arm64 /Users/fukushimatakumi/Library/Developer/Xcode/DerivedData/SugarBeat-hgoxfxbbugxkfsbmqcjlbmjeaqyg/SourcePackages/checkouts/firebase-ios-sdk/FirebaseAuth/Sources/Swift/Backend/RPC/Proto/TOTP/AuthProtoFinalizeMFATOTPEnrollmentResponseInfo.swift (in target 'FirebaseAuth' from project 'Firebase')
    cd /Users/fukushimatakumi/develop/sugarbeat/sugarbeat-front
    

SwiftCompile normal arm64 /Users/fukushimatakumi/Library/Developer/Xcode/DerivedData/SugarBeat-hgoxfxbbugxkfsbmqcjlbmjeaqyg/SourcePackages/checkouts/firebase-ios-sdk/FirebaseAuth/Sources/Swift/Backend/RPC/Proto/TOTP/AuthProtoFinalizeMFATOTPSignInRequestInfo.swift (in target 'FirebaseAuth' from project 'Firebase')
    cd /Users/fukushimatakumi/develop/sugarbeat/sugarbeat-front
    

SwiftCompile normal arm64 /Users/fukushimatakumi/Library/Developer/Xcode/DerivedData/SugarBeat-hgoxfxbbugxkfsbmqcjlbmjeaqyg/SourcePackages/checkouts/firebase-ios-sdk/FirebaseAuth/Sources/Swift/Backend/RPC/Proto/TOTP/AuthProtoStartMFATOTPEnrollmentRequestInfo.swift (in target 'FirebaseAuth' from project 'Firebase')
    cd /Users/fukushimatakumi/develop/sugarbeat/sugarbeat-front
    

SwiftCompile normal arm64 /Users/fukushimatakumi/Library/Developer/Xcode/DerivedData/SugarBeat-hgoxfxbbugxkfsbmqcjlbmjeaqyg/SourcePackages/checkouts/firebase-ios-sdk/FirebaseAuth/Sources/Swift/Backend/RPC/Proto/TOTP/AuthProtoStartMFATOTPEnrollmentResponseInfo.swift (in target 'FirebaseAuth' from project 'Firebase')
    cd /Users/fukushimatakumi/develop/sugarbeat/sugarbeat-front
    

SwiftCompile normal arm64 /Users/fukushimatakumi/Library/Developer/Xcode/DerivedData/SugarBeat-hgoxfxbbugxkfsbmqcjlbmjeaqyg/SourcePackages/checkouts/firebase-ios-sdk/FirebaseAuth/Sources/Swift/Backend/RPC/ResetPasswordRequest.swift (in target 'FirebaseAuth' from project 'Firebase')
    cd /Users/fukushimatakumi/develop/sugarbeat/sugarbeat-front
    

SwiftCompile normal arm64 /Users/fukushimatakumi/Library/Developer/Xcode/DerivedData/SugarBeat-hgoxfxbbugxkfsbmqcjlbmjeaqyg/SourcePackages/checkouts/firebase-ios-sdk/FirebaseAuth/Sources/Swift/Backend/RPC/ResetPasswordResponse.swift (in target 'FirebaseAuth' from project 'Firebase')
    cd /Users/fukushimatakumi/develop/sugarbeat/sugarbeat-front
    

SwiftDriverJobDiscovery normal arm64 Compiling GetOOBConfirmationCodeResponse.swift, GetProjectConfigRequest.swift, GetProjectConfigResponse.swift, GetRecaptchaConfigRequest.swift, GetRecaptchaConfigResponse.swift, FinalizeMFAEnrollmentRequest.swift, FinalizeMFAEnrollmentResponse.swift, StartMFAEnrollmentRequest.swift, StartMFAEnrollmentResponse.swift, FinalizeMFASignInRequest.swift, FinalizeMFASignInResponse.swift, StartMFASignInRequest.swift, StartMFASignInResponse.swift, WithdrawMFARequest.swift (in target 'FirebaseAuth' from project 'Firebase')

RegisterExecutionPolicyException /Users/fukushimatakumi/Library/Developer/Xcode/DerivedData/SugarBeat-hgoxfxbbugxkfsbmqcjlbmjeaqyg/Build/Products/Debug-iphonesimulator/AppAuth_AppAuthCore.bundle (in target 'AppAuth_AppAuthCore' from project 'AppAuth')
    cd /Users/fukushimatakumi/Library/Developer/Xcode/DerivedData/SugarBeat-hgoxfxbbugxkfsbmqcjlbmjeaqyg/SourcePackages/checkouts/AppAuth-iOS
    builtin-RegisterExecutionPolicyException /Users/fukushimatakumi/Library/Developer/Xcode/DerivedData/SugarBeat-hgoxfxbbugxkfsbmqcjlbmjeaqyg/Build/Products/Debug-iphonesimulator/AppAuth_AppAuthCore.bundle

Ld /Users/fukushimatakumi/Library/Developer/Xcode/DerivedData/SugarBeat-hgoxfxbbugxkfsbmqcjlbmjeaqyg/Build/Products/Debug-iphonesimulator/FBLPromises.o normal (in target 'FBLPromises' from project 'Promises')
    cd /Users/fukushimatakumi/Library/Developer/Xcode/DerivedData/SugarBeat-hgoxfxbbugxkfsbmqcjlbmjeaqyg/SourcePackages/checkouts/promises
    /Applications/Xcode.app/Contents/Developer/Toolchains/XcodeDefault.xctoolchain/usr/bin/clang -Xlinker -reproducible -target arm64-apple-ios12.0-simulator -r -isysroot /Applications/Xcode.app/Contents/Developer/Platforms/iPhoneSimulator.platform/Developer/SDKs/iPhoneSimulator18.4.sdk -O0 -w -L/Users/fukushimatakumi/Library/Developer/Xcode/DerivedData/SugarBeat-hgoxfxbbugxkfsbmqcjlbmjeaqyg/Build/Intermediates.noindex/EagerLinkingTBDs/Debug-iphonesimulator -L/Users/fukushimatakumi/Library/Developer/Xcode/DerivedData/SugarBeat-hgoxfxbbugxkfsbmqcjlbmjeaqyg/Build/Products/Debug-iphonesimulator -L/Applications/Xcode.app/Contents/Developer/Platforms/iPhoneSimulator.platform/Developer/usr/lib -F/Users/fukushimatakumi/Library/Developer/Xcode/DerivedData/SugarBeat-hgoxfxbbugxkfsbmqcjlbmjeaqyg/Build/Intermediates.noindex/EagerLinkingTBDs/Debug-iphonesimulator -F/Users/fukushimatakumi/Library/Developer/Xcode/DerivedData/SugarBeat-hgoxfxbbugxkfsbmqcjlbmjeaqyg/Build/Products/Debug-iphonesimulator -iframework /Applications/Xcode.app/Contents/Developer/Platforms/iPhoneSimulator.platform/Developer/Library/Frameworks -iframework /Applications/Xcode.app/Contents/Developer/Platforms/iPhoneSimulator.platform/Developer/SDKs/iPhoneSimulator18.4.sdk/Developer/Library/Frameworks -filelist /Users/fukushimatakumi/Library/Developer/Xcode/DerivedData/SugarBeat-hgoxfxbbugxkfsbmqcjlbmjeaqyg/Build/Intermediates.noindex/Promises.build/Debug-iphonesimulator/FBLPromises.build/Objects-normal/arm64/FBLPromises.LinkFileList -nostdlib -Xlinker -object_path_lto -Xlinker /Users/fukushimatakumi/Library/Developer/Xcode/DerivedData/SugarBeat-hgoxfxbbugxkfsbmqcjlbmjeaqyg/Build/Intermediates.noindex/Promises.build/Debug-iphonesimulator/FBLPromises.build/Objects-normal/arm64/FBLPromises_lto.o -rdynamic -Xlinker -no_deduplicate -Xlinker -objc_abi_version -Xlinker 2 -Xlinker -dependency_info -Xlinker /Users/fukushimatakumi/Library/Developer/Xcode/DerivedData/SugarBeat-hgoxfxbbugxkfsbmqcjlbmjeaqyg/Build/Intermediates.noindex/Promises.build/Debug-iphonesimulator/FBLPromises.build/Objects-normal/arm64/FBLPromises_dependency_info.dat -fobjc-arc -fobjc-link-runtime -o /Users/fukushimatakumi/Library/Developer/Xcode/DerivedData/SugarBeat-hgoxfxbbugxkfsbmqcjlbmjeaqyg/Build/Products/Debug-iphonesimulator/FBLPromises.o

PrecompileModule /Users/fukushimatakumi/Library/Developer/Xcode/DerivedData/SugarBeat-hgoxfxbbugxkfsbmqcjlbmjeaqyg/Build/Intermediates.noindex/ExplicitPrecompiledModules/Foundation-1SP418M0XA7FSY233JHVJXSGY.scan
    cd /Users/fukushimatakumi/develop/sugarbeat/sugarbeat-front
    builtin-precompileModule /Users/fukushimatakumi/Library/Developer/Xcode/DerivedData/SugarBeat-hgoxfxbbugxkfsbmqcjlbmjeaqyg/Build/Intermediates.noindex/ExplicitPrecompiledModules/Foundation-1SP418M0XA7FSY233JHVJXSGY.scan

RegisterExecutionPolicyException /Users/fukushimatakumi/Library/Developer/Xcode/DerivedData/SugarBeat-hgoxfxbbugxkfsbmqcjlbmjeaqyg/Build/Products/Debug-iphonesimulator/AppAuth_AppAuth.bundle (in target 'AppAuth_AppAuth' from project 'AppAuth')
    cd /Users/fukushimatakumi/Library/Developer/Xcode/DerivedData/SugarBeat-hgoxfxbbugxkfsbmqcjlbmjeaqyg/SourcePackages/checkouts/AppAuth-iOS
    builtin-RegisterExecutionPolicyException /Users/fukushimatakumi/Library/Developer/Xcode/DerivedData/SugarBeat-hgoxfxbbugxkfsbmqcjlbmjeaqyg/Build/Products/Debug-iphonesimulator/AppAuth_AppAuth.bundle

SwiftDriverJobDiscovery normal arm64 Compiling PhoneMultiFactorAssertion.swift, PhoneMultiFactorGenerator.swift, PhoneMultiFactorInfo.swift, TOTPMultFactorAssertion.swift, TOTPMultiFactorGenerator.swift, TOTPMultiFactorInfo.swift, TOTPSecret.swift, AuthKeychainServices.swift, AuthKeychainStorage.swift, AuthKeychainStorageReal.swift, AuthUserDefaults.swift, AuthAPNSToken.swift, AuthAPNSTokenManager.swift (in target 'FirebaseAuth' from project 'Firebase')

Touch /Users/fukushimatakumi/Library/Developer/Xcode/DerivedData/SugarBeat-hgoxfxbbugxkfsbmqcjlbmjeaqyg/Build/Products/Debug-iphonesimulator/GoogleUtilities_GoogleUtilities-Environment.bundle (in target 'GoogleUtilities_GoogleUtilities-Environment' from project 'GoogleUtilities')
    cd /Users/fukushimatakumi/Library/Developer/Xcode/DerivedData/SugarBeat-hgoxfxbbugxkfsbmqcjlbmjeaqyg/SourcePackages/checkouts/GoogleUtilities
    /usr/bin/touch -c /Users/fukushimatakumi/Library/Developer/Xcode/DerivedData/SugarBeat-hgoxfxbbugxkfsbmqcjlbmjeaqyg/Build/Products/Debug-iphonesimulator/GoogleUtilities_GoogleUtilities-Environment.bundle

Touch /Users/fukushimatakumi/Library/Developer/Xcode/DerivedData/SugarBeat-hgoxfxbbugxkfsbmqcjlbmjeaqyg/Build/Products/Debug-iphonesimulator/GoogleUtilities_GoogleUtilities-AppDelegateSwizzler.bundle (in target 'GoogleUtilities_GoogleUtilities-AppDelegateSwizzler' from project 'GoogleUtilities')
    cd /Users/fukushimatakumi/Library/Developer/Xcode/DerivedData/SugarBeat-hgoxfxbbugxkfsbmqcjlbmjeaqyg/SourcePackages/checkouts/GoogleUtilities
    /usr/bin/touch -c /Users/fukushimatakumi/Library/Developer/Xcode/DerivedData/SugarBeat-hgoxfxbbugxkfsbmqcjlbmjeaqyg/Build/Products/Debug-iphonesimulator/GoogleUtilities_GoogleUtilities-AppDelegateSwizzler.bundle

ScanDependencies /Users/fukushimatakumi/Library/Developer/Xcode/DerivedData/SugarBeat-hgoxfxbbugxkfsbmqcjlbmjeaqyg/Build/Intermediates.noindex/gRPC.build/Debug-iphonesimulator/grpcWrapper.build/Objects-normal/arm64/resource_bundle_accessor.o /Users/fukushimatakumi/Library/Developer/Xcode/DerivedData/SugarBeat-hgoxfxbbugxkfsbmqcjlbmjeaqyg/Build/Intermediates.noindex/gRPC.build/Debug-iphonesimulator/grpcWrapper.build/DerivedSources/resource_bundle_accessor.m normal arm64 objective-c com.apple.compilers.llvm.clang.1_0.compiler (in target 'grpcWrapper' from project 'gRPC')
    cd /Users/fukushimatakumi/develop/sugarbeat/sugarbeat-front
    
    Using response file: /Users/fukushimatakumi/Library/Developer/Xcode/DerivedData/SugarBeat-hgoxfxbbugxkfsbmqcjlbmjeaqyg/Build/Intermediates.noindex/gRPC.build/Debug-iphonesimulator/grpcWrapper.build/Objects-normal/arm64/e6072d4f65d7061329687fe24e3d63a7-common-args.resp
    
    builtin-ScanDependencies -o /Users/fukushimatakumi/Library/Developer/Xcode/DerivedData/SugarBeat-hgoxfxbbugxkfsbmqcjlbmjeaqyg/Build/Intermediates.noindex/gRPC.build/Debug-iphonesimulator/grpcWrapper.build/Objects-normal/arm64/resource_bundle_accessor.o.scan -- /Applications/Xcode.app/Contents/Developer/Toolchains/XcodeDefault.xctoolchain/usr/bin/clang -x objective-c -ivfsstatcache /Users/fukushimatakumi/Library/Developer/Xcode/DerivedData/SDKStatCaches.noindex/iphonesimulator18.4-22E235-71825a6d136aa4733edcbe86ece5525b.sdkstatcache -fmessage-length\=0 -fdiagnostics-show-note-include-stack -fmacro-backtrace-limit\=0 -fno-color-diagnostics -fmodules-prune-interval\=86400 -fmodules-prune-after\=345600 -fbuild-session-file\=/Users/fukushimatakumi/Library/Developer/Xcode/DerivedData/ModuleCache.noindex/Session.modulevalidation -fmodules-validate-once-per-build-session -Wnon-modular-include-in-framework-module -Werror\=non-modular-include-in-framework-module -Wno-trigraphs -Wno-missing-field-initializers -Wno-missing-prototypes -Wno-return-type -Wno-implicit-atomic-properties -Wno-objc-interface-ivars -Wno-arc-repeated-use-of-weak -Wno-missing-braces -Wparentheses -Wswitch -Wno-unused-function -Wno-unused-label -Wno-unused-parameter -Wno-unused-variable -Wunused-value -Wno-empty-body -Wno-uninitialized -Wno-unknown-pragmas -w -Wno-shadow -Wno-four-char-constants -Wno-conversion -Wno-constant-conversion -Wno-int-conversion -Wno-bool-conversion -Wno-enum-conversion -Wno-float-conversion -Wno-non-literal-null-conversion -Wno-objc-literal-conversion -Wshorten-64-to-32 -Wpointer-sign -Wno-newline-eof -Wno-selector -Wno-strict-selector-match -Wno-undeclared-selector -Wno-deprecated-implementations -Wno-implicit-fallthrough -fstrict-aliasing -Wprotocol -Wdeprecated-declarations -Wno-sign-conversion -Wno-infinite-recursion -Wno-comma -Wno-block-capture-autoreleasing -Wno-strict-prototypes -Wno-semicolon-before-method-body -index-store-path /Users/fukushimatakumi/Library/Developer/Xcode/DerivedData/SugarBeat-hgoxfxbbugxkfsbmqcjlbmjeaqyg/Index.noindex/DataStore @/Users/fukushimatakumi/Library/Developer/Xcode/DerivedData/SugarBeat-hgoxfxbbugxkfsbmqcjlbmjeaqyg/Build/Intermediates.noindex/gRPC.build/Debug-iphonesimulator/grpcWrapper.build/Objects-normal/arm64/e6072d4f65d7061329687fe24e3d63a7-common-args.resp -include /Users/fukushimatakumi/Library/Developer/Xcode/DerivedData/SugarBeat-hgoxfxbbugxkfsbmqcjlbmjeaqyg/Build/Intermediates.noindex/gRPC.build/Debug-iphonesimulator/grpcWrapper.build/DerivedSources/resource_bundle_accessor.h -MMD -MT dependencies -MF /Users/fukushimatakumi/Library/Developer/Xcode/DerivedData/SugarBeat-hgoxfxbbugxkfsbmqcjlbmjeaqyg/Build/Intermediates.noindex/gRPC.build/Debug-iphonesimulator/grpcWrapper.build/Objects-normal/arm64/resource_bundle_accessor.d --serialize-diagnostics /Users/fukushimatakumi/Library/Developer/Xcode/DerivedData/SugarBeat-hgoxfxbbugxkfsbmqcjlbmjeaqyg/Build/Intermediates.noindex/gRPC.build/Debug-iphonesimulator/grpcWrapper.build/Objects-normal/arm64/resource_bundle_accessor.dia -c /Users/fukushimatakumi/Library/Developer/Xcode/DerivedData/SugarBeat-hgoxfxbbugxkfsbmqcjlbmjeaqyg/Build/Intermediates.noindex/gRPC.build/Debug-iphonesimulator/grpcWrapper.build/DerivedSources/resource_bundle_accessor.m -o /Users/fukushimatakumi/Library/Developer/Xcode/DerivedData/SugarBeat-hgoxfxbbugxkfsbmqcjlbmjeaqyg/Build/Intermediates.noindex/gRPC.build/Debug-iphonesimulator/grpcWrapper.build/Objects-normal/arm64/resource_bundle_accessor.o -index-unit-output-path /gRPC.build/Debug-iphonesimulator/grpcWrapper.build/Objects-normal/arm64/resource_bundle_accessor.o

SwiftDriver GoogleSignInSwift normal arm64 com.apple.xcode.tools.swift.compiler (in target 'GoogleSignInSwift' from project 'GoogleSignIn')
    cd /Users/fukushimatakumi/develop/sugarbeat/sugarbeat-front
    builtin-SwiftDriver -- /Applications/Xcode.app/Contents/Developer/Toolchains/XcodeDefault.xctoolchain/usr/bin/swiftc -module-name GoogleSignInSwift -Onone -enforce-exclusivity\=checked @/Users/fukushimatakumi/Library/Developer/Xcode/DerivedData/SugarBeat-hgoxfxbbugxkfsbmqcjlbmjeaqyg/Build/Intermediates.noindex/GoogleSignIn.build/Debug-iphonesimulator/GoogleSignInSwift.build/Objects-normal/arm64/GoogleSignInSwift.SwiftFileList -DSWIFT_PACKAGE -DDEBUG -Xcc -fmodule-map-file\=/Users/fukushimatakumi/Library/Developer/Xcode/DerivedData/SugarBeat-hgoxfxbbugxkfsbmqcjlbmjeaqyg/Build/Intermediates.noindex/GeneratedModuleMaps-iphonesimulator/AppAuth.modulemap -Xcc -fmodule-map-file\=/Users/fukushimatakumi/Library/Developer/Xcode/DerivedData/SugarBeat-hgoxfxbbugxkfsbmqcjlbmjeaqyg/Build/Intermediates.noindex/GeneratedModuleMaps-iphonesimulator/AppAuthCore.modulemap -Xcc -fmodule-map-file\=/Users/fukushimatakumi/Library/Developer/Xcode/DerivedData/SugarBeat-hgoxfxbbugxkfsbmqcjlbmjeaqyg/Build/Intermediates.noindex/GeneratedModuleMaps-iphonesimulator/GoogleUtilities-Logger.modulemap -Xcc -fmodule-map-file\=/Users/fukushimatakumi/Library/Developer/Xcode/DerivedData/SugarBeat-hgoxfxbbugxkfsbmqcjlbmjeaqyg/Build/Intermediates.noindex/GeneratedModuleMaps-iphonesimulator/GoogleUtilities-Environment.modulemap -Xcc -fmodule-map-file\=/Users/fukushimatakumi/Library/Developer/Xcode/DerivedData/SugarBeat-hgoxfxbbugxkfsbmqcjlbmjeaqyg/Build/Intermediates.noindex/GeneratedModuleMaps-iphonesimulator/third-party-IsAppEncrypted.modulemap -Xcc -fmodule-map-file\=/Users/fukushimatakumi/Library/Developer/Xcode/DerivedData/SugarBeat-hgoxfxbbugxkfsbmqcjlbmjeaqyg/Build/Intermediates.noindex/GeneratedModuleMaps-iphonesimulator/GoogleUtilities-UserDefaults.modulemap -Xcc -fmodule-map-file\=/Users/fukushimatakumi/Library/Developer/Xcode/DerivedData/SugarBeat-hgoxfxbbugxkfsbmqcjlbmjeaqyg/Build/Intermediates.noindex/GeneratedModuleMaps-iphonesimulator/AppCheckCore.modulemap -Xcc -fmodule-map-file\=/Users/fukushimatakumi/Library/Developer/Xcode/DerivedData/SugarBeat-hgoxfxbbugxkfsbmqcjlbmjeaqyg/Build/Intermediates.noindex/GeneratedModuleMaps-iphonesimulator/GTMSessionFetcherCore.modulemap -Xcc -fmodule-map-file\=/Users/fukushimatakumi/Library/Developer/Xcode/DerivedData/SugarBeat-hgoxfxbbugxkfsbmqcjlbmjeaqyg/Build/Intermediates.noindex/GeneratedModuleMaps-iphonesimulator/GoogleSignIn.modulemap -DXcode -plugin-path /Applications/Xcode.app/Contents/Developer/Toolchains/XcodeDefault.xctoolchain/usr/lib/swift/host/plugins/testing -enable-experimental-feature DebugDescriptionMacro -sdk /Applications/Xcode.app/Contents/Developer/Platforms/iPhoneSimulator.platform/Developer/SDKs/iPhoneSimulator18.4.sdk -target arm64-apple-ios12.0-simulator -g -module-cache-path /Users/fukushimatakumi/Library/Developer/Xcode/DerivedData/ModuleCache.noindex -Xfrontend -serialize-debugging-options -enable-testing -suppress-warnings -index-store-path /Users/fukushimatakumi/Library/Developer/Xcode/DerivedData/SugarBeat-hgoxfxbbugxkfsbmqcjlbmjeaqyg/Index.noindex/DataStore -swift-version 6 -I /Users/fukushimatakumi/Library/Developer/Xcode/DerivedData/SugarBeat-hgoxfxbbugxkfsbmqcjlbmjeaqyg/Build/Products/Debug-iphonesimulator -I /Applications/Xcode.app/Contents/Developer/Platforms/iPhoneSimulator.platform/Developer/usr/lib -F /Users/fukushimatakumi/Library/Developer/Xcode/DerivedData/SugarBeat-hgoxfxbbugxkfsbmqcjlbmjeaqyg/Build/Products/Debug-iphonesimulator/PackageFrameworks -F /Users/fukushimatakumi/Library/Developer/Xcode/DerivedData/SugarBeat-hgoxfxbbugxkfsbmqcjlbmjeaqyg/Build/Products/Debug-iphonesimulator/PackageFrameworks -F /Users/fukushimatakumi/Library/Developer/Xcode/DerivedData/SugarBeat-hgoxfxbbugxkfsbmqcjlbmjeaqyg/Build/Products/Debug-iphonesimulator/PackageFrameworks -F /Users/fukushimatakumi/Library/Developer/Xcode/DerivedData/SugarBeat-hgoxfxbbugxkfsbmqcjlbmjeaqyg/Build/Products/Debug-iphonesimulator/PackageFrameworks -F /Users/fukushimatakumi/Library/Developer/Xcode/DerivedData/SugarBeat-hgoxfxbbugxkfsbmqcjlbmjeaqyg/Build/Products/Debug-iphonesimulator/PackageFrameworks -F /Users/fukushimatakumi/Library/Developer/Xcode/DerivedData/SugarBeat-hgoxfxbbugxkfsbmqcjlbmjeaqyg/Build/Products/Debug-iphonesimulator/PackageFrameworks -F /Users/fukushimatakumi/Library/Developer/Xcode/DerivedData/SugarBeat-hgoxfxbbugxkfsbmqcjlbmjeaqyg/Build/Products/Debug-iphonesimulator/PackageFrameworks -F /Users/fukushimatakumi/Library/Developer/Xcode/DerivedData/SugarBeat-hgoxfxbbugxkfsbmqcjlbmjeaqyg/Build/Products/Debug-iphonesimulator/PackageFrameworks -F /Users/fukushimatakumi/Library/Developer/Xcode/DerivedData/SugarBeat-hgoxfxbbugxkfsbmqcjlbmjeaqyg/Build/Products/Debug-iphonesimulator/PackageFrameworks -F /Users/fukushimatakumi/Library/Developer/Xcode/DerivedData/SugarBeat-hgoxfxbbugxkfsbmqcjlbmjeaqyg/Build/Products/Debug-iphonesimulator/PackageFrameworks -F /Users/fukushimatakumi/Library/Developer/Xcode/DerivedData/SugarBeat-hgoxfxbbugxkfsbmqcjlbmjeaqyg/Build/Products/Debug-iphonesimulator/PackageFrameworks -F /Users/fukushimatakumi/Library/Developer/Xcode/DerivedData/SugarBeat-hgoxfxbbugxkfsbmqcjlbmjeaqyg/Build/Products/Debug-iphonesimulator -F /Applications/Xcode.app/Contents/Developer/Platforms/iPhoneSimulator.platform/Developer/Library/Frameworks -F /Applications/Xcode.app/Contents/Developer/Platforms/iPhoneSimulator.platform/Developer/SDKs/iPhoneSimulator18.4.sdk/Developer/Library/Frameworks -emit-localized-strings -emit-localized-strings-path /Users/fukushimatakumi/Library/Developer/Xcode/DerivedData/SugarBeat-hgoxfxbbugxkfsbmqcjlbmjeaqyg/Build/Intermediates.noindex/GoogleSignIn.build/Debug-iphonesimulator/GoogleSignInSwift.build/Objects-normal/arm64 -c -j10 -enable-batch-mode -incremental -Xcc -ivfsstatcache -Xcc /Users/fukushimatakumi/Library/Developer/Xcode/DerivedData/SDKStatCaches.noindex/iphonesimulator18.4-22E235-71825a6d136aa4733edcbe86ece5525b.sdkstatcache -output-file-map /Users/fukushimatakumi/Library/Developer/Xcode/DerivedData/SugarBeat-hgoxfxbbugxkfsbmqcjlbmjeaqyg/Build/Intermediates.noindex/GoogleSignIn.build/Debug-iphonesimulator/GoogleSignInSwift.build/Objects-normal/arm64/GoogleSignInSwift-OutputFileMap.json -use-frontend-parseable-output -save-temps -no-color-diagnostics -serialize-diagnostics -emit-dependencies -emit-module -emit-module-path /Users/fukushimatakumi/Library/Developer/Xcode/DerivedData/SugarBeat-hgoxfxbbugxkfsbmqcjlbmjeaqyg/Build/Intermediates.noindex/GoogleSignIn.build/Debug-iphonesimulator/GoogleSignInSwift.build/Objects-normal/arm64/GoogleSignInSwift.swiftmodule -user-module-version 9.1.0 -validate-clang-modules-once -clang-build-session-file /Users/fukushimatakumi/Library/Developer/Xcode/DerivedData/ModuleCache.noindex/Session.modulevalidation -package-name googlesignin_ios -Xcc -I/Users/fukushimatakumi/Library/Developer/Xcode/DerivedData/SugarBeat-hgoxfxbbugxkfsbmqcjlbmjeaqyg/Build/Intermediates.noindex/GoogleSignIn.build/Debug-iphonesimulator/GoogleSignInSwift.build/swift-overrides.hmap -emit-const-values -Xfrontend -const-gather-protocols-file -Xfrontend /Users/fukushimatakumi/Library/Developer/Xcode/DerivedData/SugarBeat-hgoxfxbbugxkfsbmqcjlbmjeaqyg/Build/Intermediates.noindex/GoogleSignIn.build/Debug-iphonesimulator/GoogleSignInSwift.build/Objects-normal/arm64/GoogleSignInSwift_const_extract_protocols.json -Xcc -I/Users/fukushimatakumi/Library/Developer/Xcode/DerivedData/SugarBeat-hgoxfxbbugxkfsbmqcjlbmjeaqyg/SourcePackages/checkouts/AppAuth-iOS/Sources/AppAuth -Xcc -I/Users/fukushimatakumi/Library/Developer/Xcode/DerivedData/SugarBeat-hgoxfxbbugxkfsbmqcjlbmjeaqyg/SourcePackages/checkouts/AppAuth-iOS/Sources/AppAuthCore -Xcc -I/Users/fukushimatakumi/Library/Developer/Xcode/DerivedData/SugarBeat-hgoxfxbbugxkfsbmqcjlbmjeaqyg/SourcePackages/checkouts/promises/Sources/FBLPromises/include -Xcc -I/Users/fukushimatakumi/Library/Developer/Xcode/DerivedData/SugarBeat-hgoxfxbbugxkfsbmqcjlbmjeaqyg/SourcePackages/checkouts/GoogleUtilities/GoogleUtilities/Logger/Public -Xcc -I/Users/fukushimatakumi/Library/Developer/Xcode/DerivedData/SugarBeat-hgoxfxbbugxkfsbmqcjlbmjeaqyg/SourcePackages/checkouts/GoogleUtilities/GoogleUtilities/Environment/Public -Xcc -I/Users/fukushimatakumi/Library/Developer/Xcode/DerivedData/SugarBeat-hgoxfxbbugxkfsbmqcjlbmjeaqyg/SourcePackages/checkouts/GoogleUtilities/third_party/IsAppEncrypted/Public -Xcc -I/Users/fukushimatakumi/Library/Developer/Xcode/DerivedData/SugarBeat-hgoxfxbbugxkfsbmqcjlbmjeaqyg/SourcePackages/checkouts/GoogleUtilities/GoogleUtilities/UserDefaults/Public -Xcc -I/Users/fukushimatakumi/Library/Developer/Xcode/DerivedData/SugarBeat-hgoxfxbbugxkfsbmqcjlbmjeaqyg/SourcePackages/checkouts/app-check/AppCheckCore/Sources/Public -Xcc -I/Users/fukushimatakumi/Library/Developer/Xcode/DerivedData/SugarBeat-hgoxfxbbugxkfsbmqcjlbmjeaqyg/SourcePackages/checkouts/gtm-session-fetcher/Sources/Core/Public -Xcc -I/Users/fukushimatakumi/Library/Developer/Xcode/DerivedData/SugarBeat-hgoxfxbbugxkfsbmqcjlbmjeaqyg/SourcePackages/checkouts/GoogleSignIn-iOS/GoogleSignIn/Sources/Public -Xcc -I/Users/fukushimatakumi/Library/Developer/Xcode/DerivedData/SugarBeat-hgoxfxbbugxkfsbmqcjlbmjeaqyg/Build/Products/Debug-iphonesimulator/include -Xcc -I/Users/fukushimatakumi/Library/Developer/Xcode/DerivedData/SugarBeat-hgoxfxbbugxkfsbmqcjlbmjeaqyg/Build/Intermediates.noindex/GoogleSignIn.build/Debug-iphonesimulator/GoogleSignInSwift.build/DerivedSources-normal/arm64 -Xcc -I/Users/fukushimatakumi/Library/Developer/Xcode/DerivedData/SugarBeat-hgoxfxbbugxkfsbmqcjlbmjeaqyg/Build/Intermediates.noindex/GoogleSignIn.build/Debug-iphonesimulator/GoogleSignInSwift.build/DerivedSources/arm64 -Xcc -I/Users/fukushimatakumi/Library/Developer/Xcode/DerivedData/SugarBeat-hgoxfxbbugxkfsbmqcjlbmjeaqyg/Build/Intermediates.noindex/GoogleSignIn.build/Debug-iphonesimulator/GoogleSignInSwift.build/DerivedSources -Xcc -DSWIFT_PACKAGE -Xcc -DDEBUG\=1 -emit-objc-header -emit-objc-header-path /Users/fukushimatakumi/Library/Developer/Xcode/DerivedData/SugarBeat-hgoxfxbbugxkfsbmqcjlbmjeaqyg/Build/Intermediates.noindex/GoogleSignIn.build/Debug-iphonesimulator/GoogleSignInSwift.build/Objects-normal/arm64/GoogleSignInSwift-Swift.h -working-directory /Users/fukushimatakumi/develop/sugarbeat/sugarbeat-front -experimental-emit-module-separately -disable-cmo

CompileC /Users/fukushimatakumi/Library/Developer/Xcode/DerivedData/SugarBeat-hgoxfxbbugxkfsbmqcjlbmjeaqyg/Build/Intermediates.noindex/gRPC.build/Debug-iphonesimulator/grpcWrapper.build/Objects-normal/arm64/resource_bundle_accessor.o /Users/fukushimatakumi/Library/Developer/Xcode/DerivedData/SugarBeat-hgoxfxbbugxkfsbmqcjlbmjeaqyg/Build/Intermediates.noindex/gRPC.build/Debug-iphonesimulator/grpcWrapper.build/DerivedSources/resource_bundle_accessor.m normal arm64 objective-c com.apple.compilers.llvm.clang.1_0.compiler (in target 'grpcWrapper' from project 'gRPC')
    cd /Users/fukushimatakumi/develop/sugarbeat/sugarbeat-front
    
    Using response file: /Users/fukushimatakumi/Library/Developer/Xcode/DerivedData/SugarBeat-hgoxfxbbugxkfsbmqcjlbmjeaqyg/Build/Intermediates.noindex/gRPC.build/Debug-iphonesimulator/grpcWrapper.build/Objects-normal/arm64/e6072d4f65d7061329687fe24e3d63a7-common-args.resp
    
    /Applications/Xcode.app/Contents/Developer/Toolchains/XcodeDefault.xctoolchain/usr/bin/clang -x objective-c -ivfsstatcache /Users/fukushimatakumi/Library/Developer/Xcode/DerivedData/SDKStatCaches.noindex/iphonesimulator18.4-22E235-71825a6d136aa4733edcbe86ece5525b.sdkstatcache -fmessage-length\=0 -fdiagnostics-show-note-include-stack -fmacro-backtrace-limit\=0 -fno-color-diagnostics -fmodules-prune-interval\=86400 -fmodules-prune-after\=345600 -fbuild-session-file\=/Users/fukushimatakumi/Library/Developer/Xcode/DerivedData/ModuleCache.noindex/Session.modulevalidation -fmodules-validate-once-per-build-session -Wnon-modular-include-in-framework-module -Werror\=non-modular-include-in-framework-module -Wno-trigraphs -Wno-missing-field-initializers -Wno-missing-prototypes -Wno-return-type -Wno-implicit-atomic-properties -Wno-objc-interface-ivars -Wno-arc-repeated-use-of-weak -Wno-missing-braces -Wparentheses -Wswitch -Wno-unused-function -Wno-unused-label -Wno-unused-parameter -Wno-unused-variable -Wunused-value -Wno-empty-body -Wno-uninitialized -Wno-unknown-pragmas -w -Wno-shadow -Wno-four-char-constants -Wno-conversion -Wno-constant-conversion -Wno-int-conversion -Wno-bool-conversion -Wno-enum-conversion -Wno-float-conversion -Wno-non-literal-null-conversion -Wno-objc-literal-conversion -Wshorten-64-to-32 -Wpointer-sign -Wno-newline-eof -Wno-selector -Wno-strict-selector-match -Wno-undeclared-selector -Wno-deprecated-implementations -Wno-implicit-fallthrough -fstrict-aliasing -Wprotocol -Wdeprecated-declarations -Wno-sign-conversion -Wno-infinite-recursion -Wno-comma -Wno-block-capture-autoreleasing -Wno-strict-prototypes -Wno-semicolon-before-method-body -index-store-path /Users/fukushimatakumi/Library/Developer/Xcode/DerivedData/SugarBeat-hgoxfxbbugxkfsbmqcjlbmjeaqyg/Index.noindex/DataStore @/Users/fukushimatakumi/Library/Developer/Xcode/DerivedData/SugarBeat-hgoxfxbbugxkfsbmqcjlbmjeaqyg/Build/Intermediates.noindex/gRPC.build/Debug-iphonesimulator/grpcWrapper.build/Objects-normal/arm64/e6072d4f65d7061329687fe24e3d63a7-common-args.resp -include /Users/fukushimatakumi/Library/Developer/Xcode/DerivedData/SugarBeat-hgoxfxbbugxkfsbmqcjlbmjeaqyg/Build/Intermediates.noindex/gRPC.build/Debug-iphonesimulator/grpcWrapper.build/DerivedSources/resource_bundle_accessor.h -MMD -MT dependencies -MF /Users/fukushimatakumi/Library/Developer/Xcode/DerivedData/SugarBeat-hgoxfxbbugxkfsbmqcjlbmjeaqyg/Build/Intermediates.noindex/gRPC.build/Debug-iphonesimulator/grpcWrapper.build/Objects-normal/arm64/resource_bundle_accessor.d --serialize-diagnostics /Users/fukushimatakumi/Library/Developer/Xcode/DerivedData/SugarBeat-hgoxfxbbugxkfsbmqcjlbmjeaqyg/Build/Intermediates.noindex/gRPC.build/Debug-iphonesimulator/grpcWrapper.build/Objects-normal/arm64/resource_bundle_accessor.dia -c /Users/fukushimatakumi/Library/Developer/Xcode/DerivedData/SugarBeat-hgoxfxbbugxkfsbmqcjlbmjeaqyg/Build/Intermediates.noindex/gRPC.build/Debug-iphonesimulator/grpcWrapper.build/DerivedSources/resource_bundle_accessor.m -o /Users/fukushimatakumi/Library/Developer/Xcode/DerivedData/SugarBeat-hgoxfxbbugxkfsbmqcjlbmjeaqyg/Build/Intermediates.noindex/gRPC.build/Debug-iphonesimulator/grpcWrapper.build/Objects-normal/arm64/resource_bundle_accessor.o -index-unit-output-path /gRPC.build/Debug-iphonesimulator/grpcWrapper.build/Objects-normal/arm64/resource_bundle_accessor.o

SwiftEmitModule normal arm64 Emitting\ module\ for\ GoogleSignInSwift (in target 'GoogleSignInSwift' from project 'GoogleSignIn')

EmitSwiftModule normal arm64 (in target 'GoogleSignInSwift' from project 'GoogleSignIn')
    cd /Users/fukushimatakumi/develop/sugarbeat/sugarbeat-front
    

CompileC /Users/fukushimatakumi/Library/Developer/Xcode/DerivedData/SugarBeat-hgoxfxbbugxkfsbmqcjlbmjeaqyg/Build/Intermediates.noindex/Firebase.build/Debug-iphonesimulator/FirebaseCore.build/Objects-normal/arm64/resource_bundle_accessor.o /Users/fukushimatakumi/Library/Developer/Xcode/DerivedData/SugarBeat-hgoxfxbbugxkfsbmqcjlbmjeaqyg/Build/Intermediates.noindex/Firebase.build/Debug-iphonesimulator/FirebaseCore.build/DerivedSources/resource_bundle_accessor.m normal arm64 objective-c com.apple.compilers.llvm.clang.1_0.compiler (in target 'FirebaseCore' from project 'Firebase')
    cd /Users/fukushimatakumi/develop/sugarbeat/sugarbeat-front
    
    Using response file: /Users/fukushimatakumi/Library/Developer/Xcode/DerivedData/SugarBeat-hgoxfxbbugxkfsbmqcjlbmjeaqyg/Build/Intermediates.noindex/Firebase.build/Debug-iphonesimulator/FirebaseCore.build/Objects-normal/arm64/e6072d4f65d7061329687fe24e3d63a7-common-args.resp
    
    /Applications/Xcode.app/Contents/Developer/Toolchains/XcodeDefault.xctoolchain/usr/bin/clang -x objective-c -ivfsstatcache /Users/fukushimatakumi/Library/Developer/Xcode/DerivedData/SDKStatCaches.noindex/iphonesimulator18.4-22E235-71825a6d136aa4733edcbe86ece5525b.sdkstatcache -fmessage-length\=0 -fdiagnostics-show-note-include-stack -fmacro-backtrace-limit\=0 -fno-color-diagnostics -fmodules-prune-interval\=86400 -fmodules-prune-after\=345600 -fbuild-session-file\=/Users/fukushimatakumi/Library/Developer/Xcode/DerivedData/ModuleCache.noindex/Session.modulevalidation -fmodules-validate-once-per-build-session -Wnon-modular-include-in-framework-module -Werror\=non-modular-include-in-framework-module -Wno-trigraphs -Wno-missing-field-initializers -Wno-missing-prototypes -Wno-return-type -Wno-implicit-atomic-properties -Wno-objc-interface-ivars -Wno-arc-repeated-use-of-weak -Wno-missing-braces -Wparentheses -Wswitch -Wno-unused-function -Wno-unused-label -Wno-unused-parameter -Wno-unused-variable -Wunused-value -Wno-empty-body -Wno-uninitialized -Wno-unknown-pragmas -w -Wno-shadow -Wno-four-char-constants -Wno-conversion -Wno-constant-conversion -Wno-int-conversion -Wno-bool-conversion -Wno-enum-conversion -Wno-float-conversion -Wno-non-literal-null-conversion -Wno-objc-literal-conversion -Wshorten-64-to-32 -Wpointer-sign -Wno-newline-eof -Wno-selector -Wno-strict-selector-match -Wno-undeclared-selector -Wno-deprecated-implementations -Wno-implicit-fallthrough -fstrict-aliasing -Wprotocol -Wdeprecated-declarations -Wno-sign-conversion -Wno-infinite-recursion -Wno-comma -Wno-block-capture-autoreleasing -Wno-strict-prototypes -Wno-semicolon-before-method-body -index-store-path /Users/fukushimatakumi/Library/Developer/Xcode/DerivedData/SugarBeat-hgoxfxbbugxkfsbmqcjlbmjeaqyg/Index.noindex/DataStore @/Users/fukushimatakumi/Library/Developer/Xcode/DerivedData/SugarBeat-hgoxfxbbugxkfsbmqcjlbmjeaqyg/Build/Intermediates.noindex/Firebase.build/Debug-iphonesimulator/FirebaseCore.build/Objects-normal/arm64/e6072d4f65d7061329687fe24e3d63a7-common-args.resp -include /Users/fukushimatakumi/Library/Developer/Xcode/DerivedData/SugarBeat-hgoxfxbbugxkfsbmqcjlbmjeaqyg/Build/Intermediates.noindex/Firebase.build/Debug-iphonesimulator/FirebaseCore.build/DerivedSources/resource_bundle_accessor.h -MMD -MT dependencies -MF /Users/fukushimatakumi/Library/Developer/Xcode/DerivedData/SugarBeat-hgoxfxbbugxkfsbmqcjlbmjeaqyg/Build/Intermediates.noindex/Firebase.build/Debug-iphonesimulator/FirebaseCore.build/Objects-normal/arm64/resource_bundle_accessor.d --serialize-diagnostics /Users/fukushimatakumi/Library/Developer/Xcode/DerivedData/SugarBeat-hgoxfxbbugxkfsbmqcjlbmjeaqyg/Build/Intermediates.noindex/Firebase.build/Debug-iphonesimulator/FirebaseCore.build/Objects-normal/arm64/resource_bundle_accessor.dia -c /Users/fukushimatakumi/Library/Developer/Xcode/DerivedData/SugarBeat-hgoxfxbbugxkfsbmqcjlbmjeaqyg/Build/Intermediates.noindex/Firebase.build/Debug-iphonesimulator/FirebaseCore.build/DerivedSources/resource_bundle_accessor.m -o /Users/fukushimatakumi/Library/Developer/Xcode/DerivedData/SugarBeat-hgoxfxbbugxkfsbmqcjlbmjeaqyg/Build/Intermediates.noindex/Firebase.build/Debug-iphonesimulator/FirebaseCore.build/Objects-normal/arm64/resource_bundle_accessor.o -index-unit-output-path /Firebase.build/Debug-iphonesimulator/FirebaseCore.build/Objects-normal/arm64/resource_bundle_accessor.o

CompileC /Users/fukushimatakumi/Library/Developer/Xcode/DerivedData/SugarBeat-hgoxfxbbugxkfsbmqcjlbmjeaqyg/Build/Intermediates.noindex/Firebase.build/Debug-iphonesimulator/FirebaseCore.build/Objects-normal/arm64/FIRVersion.o /Users/fukushimatakumi/Library/Developer/Xcode/DerivedData/SugarBeat-hgoxfxbbugxkfsbmqcjlbmjeaqyg/SourcePackages/checkouts/firebase-ios-sdk/FirebaseCore/Sources/FIRVersion.m normal arm64 objective-c com.apple.compilers.llvm.clang.1_0.compiler (in target 'FirebaseCore' from project 'Firebase')
    cd /Users/fukushimatakumi/develop/sugarbeat/sugarbeat-front
    
    Using response file: /Users/fukushimatakumi/Library/Developer/Xcode/DerivedData/SugarBeat-hgoxfxbbugxkfsbmqcjlbmjeaqyg/Build/Intermediates.noindex/Firebase.build/Debug-iphonesimulator/FirebaseCore.build/Objects-normal/arm64/e6072d4f65d7061329687fe24e3d63a7-common-args.resp
    
    /Applications/Xcode.app/Contents/Developer/Toolchains/XcodeDefault.xctoolchain/usr/bin/clang -x objective-c -ivfsstatcache /Users/fukushimatakumi/Library/Developer/Xcode/DerivedData/SDKStatCaches.noindex/iphonesimulator18.4-22E235-71825a6d136aa4733edcbe86ece5525b.sdkstatcache -fmessage-length\=0 -fdiagnostics-show-note-include-stack -fmacro-backtrace-limit\=0 -fno-color-diagnostics -fmodules-prune-interval\=86400 -fmodules-prune-after\=345600 -fbuild-session-file\=/Users/fukushimatakumi/Library/Developer/Xcode/DerivedData/ModuleCache.noindex/Session.modulevalidation -fmodules-validate-once-per-build-session -Wnon-modular-include-in-framework-module -Werror\=non-modular-include-in-framework-module -Wno-trigraphs -Wno-missing-field-initializers -Wno-missing-prototypes -Wno-return-type -Wno-implicit-atomic-properties -Wno-objc-interface-ivars -Wno-arc-repeated-use-of-weak -Wno-missing-braces -Wparentheses -Wswitch -Wno-unused-function -Wno-unused-label -Wno-unused-parameter -Wno-unused-variable -Wunused-value -Wno-empty-body -Wno-uninitialized -Wno-unknown-pragmas -w -Wno-shadow -Wno-four-char-constants -Wno-conversion -Wno-constant-conversion -Wno-int-conversion -Wno-bool-conversion -Wno-enum-conversion -Wno-float-conversion -Wno-non-literal-null-conversion -Wno-objc-literal-conversion -Wshorten-64-to-32 -Wpointer-sign -Wno-newline-eof -Wno-selector -Wno-strict-selector-match -Wno-undeclared-selector -Wno-deprecated-implementations -Wno-implicit-fallthrough -fstrict-aliasing -Wprotocol -Wdeprecated-declarations -Wno-sign-conversion -Wno-infinite-recursion -Wno-comma -Wno-block-capture-autoreleasing -Wno-strict-prototypes -Wno-semicolon-before-method-body -index-store-path /Users/fukushimatakumi/Library/Developer/Xcode/DerivedData/SugarBeat-hgoxfxbbugxkfsbmqcjlbmjeaqyg/Index.noindex/DataStore @/Users/fukushimatakumi/Library/Developer/Xcode/DerivedData/SugarBeat-hgoxfxbbugxkfsbmqcjlbmjeaqyg/Build/Intermediates.noindex/Firebase.build/Debug-iphonesimulator/FirebaseCore.build/Objects-normal/arm64/e6072d4f65d7061329687fe24e3d63a7-common-args.resp -include /Users/fukushimatakumi/Library/Developer/Xcode/DerivedData/SugarBeat-hgoxfxbbugxkfsbmqcjlbmjeaqyg/Build/Intermediates.noindex/Firebase.build/Debug-iphonesimulator/FirebaseCore.build/DerivedSources/resource_bundle_accessor.h -MMD -MT dependencies -MF /Users/fukushimatakumi/Library/Developer/Xcode/DerivedData/SugarBeat-hgoxfxbbugxkfsbmqcjlbmjeaqyg/Build/Intermediates.noindex/Firebase.build/Debug-iphonesimulator/FirebaseCore.build/Objects-normal/arm64/FIRVersion.d --serialize-diagnostics /Users/fukushimatakumi/Library/Developer/Xcode/DerivedData/SugarBeat-hgoxfxbbugxkfsbmqcjlbmjeaqyg/Build/Intermediates.noindex/Firebase.build/Debug-iphonesimulator/FirebaseCore.build/Objects-normal/arm64/FIRVersion.dia -c /Users/fukushimatakumi/Library/Developer/Xcode/DerivedData/SugarBeat-hgoxfxbbugxkfsbmqcjlbmjeaqyg/SourcePackages/checkouts/firebase-ios-sdk/FirebaseCore/Sources/FIRVersion.m -o /Users/fukushimatakumi/Library/Developer/Xcode/DerivedData/SugarBeat-hgoxfxbbugxkfsbmqcjlbmjeaqyg/Build/Intermediates.noindex/Firebase.build/Debug-iphonesimulator/FirebaseCore.build/Objects-normal/arm64/FIRVersion.o -index-unit-output-path /Firebase.build/Debug-iphonesimulator/FirebaseCore.build/Objects-normal/arm64/FIRVersion.o

CompileC /Users/fukushimatakumi/Library/Developer/Xcode/DerivedData/SugarBeat-hgoxfxbbugxkfsbmqcjlbmjeaqyg/Build/Intermediates.noindex/Firebase.build/Debug-iphonesimulator/FirebaseCore.build/Objects-normal/arm64/FIRTimestamp.o /Users/fukushimatakumi/Library/Developer/Xcode/DerivedData/SugarBeat-hgoxfxbbugxkfsbmqcjlbmjeaqyg/SourcePackages/checkouts/firebase-ios-sdk/FirebaseCore/Sources/FIRTimestamp.m normal arm64 objective-c com.apple.compilers.llvm.clang.1_0.compiler (in target 'FirebaseCore' from project 'Firebase')
    cd /Users/fukushimatakumi/develop/sugarbeat/sugarbeat-front
    
    Using response file: /Users/fukushimatakumi/Library/Developer/Xcode/DerivedData/SugarBeat-hgoxfxbbugxkfsbmqcjlbmjeaqyg/Build/Intermediates.noindex/Firebase.build/Debug-iphonesimulator/FirebaseCore.build/Objects-normal/arm64/e6072d4f65d7061329687fe24e3d63a7-common-args.resp
    
    /Applications/Xcode.app/Contents/Developer/Toolchains/XcodeDefault.xctoolchain/usr/bin/clang -x objective-c -ivfsstatcache /Users/fukushimatakumi/Library/Developer/Xcode/DerivedData/SDKStatCaches.noindex/iphonesimulator18.4-22E235-71825a6d136aa4733edcbe86ece5525b.sdkstatcache -fmessage-length\=0 -fdiagnostics-show-note-include-stack -fmacro-backtrace-limit\=0 -fno-color-diagnostics -fmodules-prune-interval\=86400 -fmodules-prune-after\=345600 -fbuild-session-file\=/Users/fukushimatakumi/Library/Developer/Xcode/DerivedData/ModuleCache.noindex/Session.modulevalidation -fmodules-validate-once-per-build-session -Wnon-modular-include-in-framework-module -Werror\=non-modular-include-in-framework-module -Wno-trigraphs -Wno-missing-field-initializers -Wno-missing-prototypes -Wno-return-type -Wno-implicit-atomic-properties -Wno-objc-interface-ivars -Wno-arc-repeated-use-of-weak -Wno-missing-braces -Wparentheses -Wswitch -Wno-unused-function -Wno-unused-label -Wno-unused-parameter -Wno-unused-variable -Wunused-value -Wno-empty-body -Wno-uninitialized -Wno-unknown-pragmas -w -Wno-shadow -Wno-four-char-constants -Wno-conversion -Wno-constant-conversion -Wno-int-conversion -Wno-bool-conversion -Wno-enum-conversion -Wno-float-conversion -Wno-non-literal-null-conversion -Wno-objc-literal-conversion -Wshorten-64-to-32 -Wpointer-sign -Wno-newline-eof -Wno-selector -Wno-strict-selector-match -Wno-undeclared-selector -Wno-deprecated-implementations -Wno-implicit-fallthrough -fstrict-aliasing -Wprotocol -Wdeprecated-declarations -Wno-sign-conversion -Wno-infinite-recursion -Wno-comma -Wno-block-capture-autoreleasing -Wno-strict-prototypes -Wno-semicolon-before-method-body -index-store-path /Users/fukushimatakumi/Library/Developer/Xcode/DerivedData/SugarBeat-hgoxfxbbugxkfsbmqcjlbmjeaqyg/Index.noindex/DataStore @/Users/fukushimatakumi/Library/Developer/Xcode/DerivedData/SugarBeat-hgoxfxbbugxkfsbmqcjlbmjeaqyg/Build/Intermediates.noindex/Firebase.build/Debug-iphonesimulator/FirebaseCore.build/Objects-normal/arm64/e6072d4f65d7061329687fe24e3d63a7-common-args.resp -include /Users/fukushimatakumi/Library/Developer/Xcode/DerivedData/SugarBeat-hgoxfxbbugxkfsbmqcjlbmjeaqyg/Build/Intermediates.noindex/Firebase.build/Debug-iphonesimulator/FirebaseCore.build/DerivedSources/resource_bundle_accessor.h -MMD -MT dependencies -MF /Users/fukushimatakumi/Library/Developer/Xcode/DerivedData/SugarBeat-hgoxfxbbugxkfsbmqcjlbmjeaqyg/Build/Intermediates.noindex/Firebase.build/Debug-iphonesimulator/FirebaseCore.build/Objects-normal/arm64/FIRTimestamp.d --serialize-diagnostics /Users/fukushimatakumi/Library/Developer/Xcode/DerivedData/SugarBeat-hgoxfxbbugxkfsbmqcjlbmjeaqyg/Build/Intermediates.noindex/Firebase.build/Debug-iphonesimulator/FirebaseCore.build/Objects-normal/arm64/FIRTimestamp.dia -c /Users/fukushimatakumi/Library/Developer/Xcode/DerivedData/SugarBeat-hgoxfxbbugxkfsbmqcjlbmjeaqyg/SourcePackages/checkouts/firebase-ios-sdk/FirebaseCore/Sources/FIRTimestamp.m -o /Users/fukushimatakumi/Library/Developer/Xcode/DerivedData/SugarBeat-hgoxfxbbugxkfsbmqcjlbmjeaqyg/Build/Intermediates.noindex/Firebase.build/Debug-iphonesimulator/FirebaseCore.build/Objects-normal/arm64/FIRTimestamp.o -index-unit-output-path /Firebase.build/Debug-iphonesimulator/FirebaseCore.build/Objects-normal/arm64/FIRTimestamp.o

SwiftDriverJobDiscovery normal arm64 Compiling VerifyCustomTokenRequest.swift, VerifyCustomTokenResponse.swift, VerifyPasswordRequest.swift, VerifyPasswordResponse.swift, VerifyPhoneNumberRequest.swift, VerifyPhoneNumberResponse.swift, VerifyClientRequest.swift, VerifyClientResponse.swift, Base64URLEncodedStringExtension.swift, MultiFactor.swift, MultiFactorAssertion.swift, MultiFactorInfo.swift, MultiFactorResolver.swift, MultiFactorSession.swift (in target 'FirebaseAuth' from project 'Firebase')

CompileC /Users/fukushimatakumi/Library/Developer/Xcode/DerivedData/SugarBeat-hgoxfxbbugxkfsbmqcjlbmjeaqyg/Build/Intermediates.noindex/Firebase.build/Debug-iphonesimulator/FirebaseCore.build/Objects-normal/arm64/FIROptions.o /Users/fukushimatakumi/Library/Developer/Xcode/DerivedData/SugarBeat-hgoxfxbbugxkfsbmqcjlbmjeaqyg/SourcePackages/checkouts/firebase-ios-sdk/FirebaseCore/Sources/FIROptions.m normal arm64 objective-c com.apple.compilers.llvm.clang.1_0.compiler (in target 'FirebaseCore' from project 'Firebase')
    cd /Users/fukushimatakumi/develop/sugarbeat/sugarbeat-front
    
    Using response file: /Users/fukushimatakumi/Library/Developer/Xcode/DerivedData/SugarBeat-hgoxfxbbugxkfsbmqcjlbmjeaqyg/Build/Intermediates.noindex/Firebase.build/Debug-iphonesimulator/FirebaseCore.build/Objects-normal/arm64/e6072d4f65d7061329687fe24e3d63a7-common-args.resp
    
    /Applications/Xcode.app/Contents/Developer/Toolchains/XcodeDefault.xctoolchain/usr/bin/clang -x objective-c -ivfsstatcache /Users/fukushimatakumi/Library/Developer/Xcode/DerivedData/SDKStatCaches.noindex/iphonesimulator18.4-22E235-71825a6d136aa4733edcbe86ece5525b.sdkstatcache -fmessage-length\=0 -fdiagnostics-show-note-include-stack -fmacro-backtrace-limit\=0 -fno-color-diagnostics -fmodules-prune-interval\=86400 -fmodules-prune-after\=345600 -fbuild-session-file\=/Users/fukushimatakumi/Library/Developer/Xcode/DerivedData/ModuleCache.noindex/Session.modulevalidation -fmodules-validate-once-per-build-session -Wnon-modular-include-in-framework-module -Werror\=non-modular-include-in-framework-module -Wno-trigraphs -Wno-missing-field-initializers -Wno-missing-prototypes -Wno-return-type -Wno-implicit-atomic-properties -Wno-objc-interface-ivars -Wno-arc-repeated-use-of-weak -Wno-missing-braces -Wparentheses -Wswitch -Wno-unused-function -Wno-unused-label -Wno-unused-parameter -Wno-unused-variable -Wunused-value -Wno-empty-body -Wno-uninitialized -Wno-unknown-pragmas -w -Wno-shadow -Wno-four-char-constants -Wno-conversion -Wno-constant-conversion -Wno-int-conversion -Wno-bool-conversion -Wno-enum-conversion -Wno-float-conversion -Wno-non-literal-null-conversion -Wno-objc-literal-conversion -Wshorten-64-to-32 -Wpointer-sign -Wno-newline-eof -Wno-selector -Wno-strict-selector-match -Wno-undeclared-selector -Wno-deprecated-implementations -Wno-implicit-fallthrough -fstrict-aliasing -Wprotocol -Wdeprecated-declarations -Wno-sign-conversion -Wno-infinite-recursion -Wno-comma -Wno-block-capture-autoreleasing -Wno-strict-prototypes -Wno-semicolon-before-method-body -index-store-path /Users/fukushimatakumi/Library/Developer/Xcode/DerivedData/SugarBeat-hgoxfxbbugxkfsbmqcjlbmjeaqyg/Index.noindex/DataStore @/Users/fukushimatakumi/Library/Developer/Xcode/DerivedData/SugarBeat-hgoxfxbbugxkfsbmqcjlbmjeaqyg/Build/Intermediates.noindex/Firebase.build/Debug-iphonesimulator/FirebaseCore.build/Objects-normal/arm64/e6072d4f65d7061329687fe24e3d63a7-common-args.resp -include /Users/fukushimatakumi/Library/Developer/Xcode/DerivedData/SugarBeat-hgoxfxbbugxkfsbmqcjlbmjeaqyg/Build/Intermediates.noindex/Firebase.build/Debug-iphonesimulator/FirebaseCore.build/DerivedSources/resource_bundle_accessor.h -MMD -MT dependencies -MF /Users/fukushimatakumi/Library/Developer/Xcode/DerivedData/SugarBeat-hgoxfxbbugxkfsbmqcjlbmjeaqyg/Build/Intermediates.noindex/Firebase.build/Debug-iphonesimulator/FirebaseCore.build/Objects-normal/arm64/FIROptions.d --serialize-diagnostics /Users/fukushimatakumi/Library/Developer/Xcode/DerivedData/SugarBeat-hgoxfxbbugxkfsbmqcjlbmjeaqyg/Build/Intermediates.noindex/Firebase.build/Debug-iphonesimulator/FirebaseCore.build/Objects-normal/arm64/FIROptions.dia -c /Users/fukushimatakumi/Library/Developer/Xcode/DerivedData/SugarBeat-hgoxfxbbugxkfsbmqcjlbmjeaqyg/SourcePackages/checkouts/firebase-ios-sdk/FirebaseCore/Sources/FIROptions.m -o /Users/fukushimatakumi/Library/Developer/Xcode/DerivedData/SugarBeat-hgoxfxbbugxkfsbmqcjlbmjeaqyg/Build/Intermediates.noindex/Firebase.build/Debug-iphonesimulator/FirebaseCore.build/Objects-normal/arm64/FIROptions.o -index-unit-output-path /Firebase.build/Debug-iphonesimulator/FirebaseCore.build/Objects-normal/arm64/FIROptions.o

CompileC /Users/fukushimatakumi/Library/Developer/Xcode/DerivedData/SugarBeat-hgoxfxbbugxkfsbmqcjlbmjeaqyg/Build/Intermediates.noindex/Firebase.build/Debug-iphonesimulator/FirebaseCore.build/Objects-normal/arm64/FIRConfiguration.o /Users/fukushimatakumi/Library/Developer/Xcode/DerivedData/SugarBeat-hgoxfxbbugxkfsbmqcjlbmjeaqyg/SourcePackages/checkouts/firebase-ios-sdk/FirebaseCore/Sources/FIRConfiguration.m normal arm64 objective-c com.apple.compilers.llvm.clang.1_0.compiler (in target 'FirebaseCore' from project 'Firebase')
    cd /Users/fukushimatakumi/develop/sugarbeat/sugarbeat-front
    
    Using response file: /Users/fukushimatakumi/Library/Developer/Xcode/DerivedData/SugarBeat-hgoxfxbbugxkfsbmqcjlbmjeaqyg/Build/Intermediates.noindex/Firebase.build/Debug-iphonesimulator/FirebaseCore.build/Objects-normal/arm64/e6072d4f65d7061329687fe24e3d63a7-common-args.resp
    
    /Applications/Xcode.app/Contents/Developer/Toolchains/XcodeDefault.xctoolchain/usr/bin/clang -x objective-c -ivfsstatcache /Users/fukushimatakumi/Library/Developer/Xcode/DerivedData/SDKStatCaches.noindex/iphonesimulator18.4-22E235-71825a6d136aa4733edcbe86ece5525b.sdkstatcache -fmessage-length\=0 -fdiagnostics-show-note-include-stack -fmacro-backtrace-limit\=0 -fno-color-diagnostics -fmodules-prune-interval\=86400 -fmodules-prune-after\=345600 -fbuild-session-file\=/Users/fukushimatakumi/Library/Developer/Xcode/DerivedData/ModuleCache.noindex/Session.modulevalidation -fmodules-validate-once-per-build-session -Wnon-modular-include-in-framework-module -Werror\=non-modular-include-in-framework-module -Wno-trigraphs -Wno-missing-field-initializers -Wno-missing-prototypes -Wno-return-type -Wno-implicit-atomic-properties -Wno-objc-interface-ivars -Wno-arc-repeated-use-of-weak -Wno-missing-braces -Wparentheses -Wswitch -Wno-unused-function -Wno-unused-label -Wno-unused-parameter -Wno-unused-variable -Wunused-value -Wno-empty-body -Wno-uninitialized -Wno-unknown-pragmas -w -Wno-shadow -Wno-four-char-constants -Wno-conversion -Wno-constant-conversion -Wno-int-conversion -Wno-bool-conversion -Wno-enum-conversion -Wno-float-conversion -Wno-non-literal-null-conversion -Wno-objc-literal-conversion -Wshorten-64-to-32 -Wpointer-sign -Wno-newline-eof -Wno-selector -Wno-strict-selector-match -Wno-undeclared-selector -Wno-deprecated-implementations -Wno-implicit-fallthrough -fstrict-aliasing -Wprotocol -Wdeprecated-declarations -Wno-sign-conversion -Wno-infinite-recursion -Wno-comma -Wno-block-capture-autoreleasing -Wno-strict-prototypes -Wno-semicolon-before-method-body -index-store-path /Users/fukushimatakumi/Library/Developer/Xcode/DerivedData/SugarBeat-hgoxfxbbugxkfsbmqcjlbmjeaqyg/Index.noindex/DataStore @/Users/fukushimatakumi/Library/Developer/Xcode/DerivedData/SugarBeat-hgoxfxbbugxkfsbmqcjlbmjeaqyg/Build/Intermediates.noindex/Firebase.build/Debug-iphonesimulator/FirebaseCore.build/Objects-normal/arm64/e6072d4f65d7061329687fe24e3d63a7-common-args.resp -include /Users/fukushimatakumi/Library/Developer/Xcode/DerivedData/SugarBeat-hgoxfxbbugxkfsbmqcjlbmjeaqyg/Build/Intermediates.noindex/Firebase.build/Debug-iphonesimulator/FirebaseCore.build/DerivedSources/resource_bundle_accessor.h -MMD -MT dependencies -MF /Users/fukushimatakumi/Library/Developer/Xcode/DerivedData/SugarBeat-hgoxfxbbugxkfsbmqcjlbmjeaqyg/Build/Intermediates.noindex/Firebase.build/Debug-iphonesimulator/FirebaseCore.build/Objects-normal/arm64/FIRConfiguration.d --serialize-diagnostics /Users/fukushimatakumi/Library/Developer/Xcode/DerivedData/SugarBeat-hgoxfxbbugxkfsbmqcjlbmjeaqyg/Build/Intermediates.noindex/Firebase.build/Debug-iphonesimulator/FirebaseCore.build/Objects-normal/arm64/FIRConfiguration.dia -c /Users/fukushimatakumi/Library/Developer/Xcode/DerivedData/SugarBeat-hgoxfxbbugxkfsbmqcjlbmjeaqyg/SourcePackages/checkouts/firebase-ios-sdk/FirebaseCore/Sources/FIRConfiguration.m -o /Users/fukushimatakumi/Library/Developer/Xcode/DerivedData/SugarBeat-hgoxfxbbugxkfsbmqcjlbmjeaqyg/Build/Intermediates.noindex/Firebase.build/Debug-iphonesimulator/FirebaseCore.build/Objects-normal/arm64/FIRConfiguration.o -index-unit-output-path /Firebase.build/Debug-iphonesimulator/FirebaseCore.build/Objects-normal/arm64/FIRConfiguration.o

CompileC /Users/fukushimatakumi/Library/Developer/Xcode/DerivedData/SugarBeat-hgoxfxbbugxkfsbmqcjlbmjeaqyg/Build/Intermediates.noindex/Firebase.build/Debug-iphonesimulator/FirebaseCore.build/Objects-normal/arm64/FIRComponentType.o /Users/fukushimatakumi/Library/Developer/Xcode/DerivedData/SugarBeat-hgoxfxbbugxkfsbmqcjlbmjeaqyg/SourcePackages/checkouts/firebase-ios-sdk/FirebaseCore/Sources/FIRComponentType.m normal arm64 objective-c com.apple.compilers.llvm.clang.1_0.compiler (in target 'FirebaseCore' from project 'Firebase')
    cd /Users/fukushimatakumi/develop/sugarbeat/sugarbeat-front
    
    Using response file: /Users/fukushimatakumi/Library/Developer/Xcode/DerivedData/SugarBeat-hgoxfxbbugxkfsbmqcjlbmjeaqyg/Build/Intermediates.noindex/Firebase.build/Debug-iphonesimulator/FirebaseCore.build/Objects-normal/arm64/e6072d4f65d7061329687fe24e3d63a7-common-args.resp
    
    /Applications/Xcode.app/Contents/Developer/Toolchains/XcodeDefault.xctoolchain/usr/bin/clang -x objective-c -ivfsstatcache /Users/fukushimatakumi/Library/Developer/Xcode/DerivedData/SDKStatCaches.noindex/iphonesimulator18.4-22E235-71825a6d136aa4733edcbe86ece5525b.sdkstatcache -fmessage-length\=0 -fdiagnostics-show-note-include-stack -fmacro-backtrace-limit\=0 -fno-color-diagnostics -fmodules-prune-interval\=86400 -fmodules-prune-after\=345600 -fbuild-session-file\=/Users/fukushimatakumi/Library/Developer/Xcode/DerivedData/ModuleCache.noindex/Session.modulevalidation -fmodules-validate-once-per-build-session -Wnon-modular-include-in-framework-module -Werror\=non-modular-include-in-framework-module -Wno-trigraphs -Wno-missing-field-initializers -Wno-missing-prototypes -Wno-return-type -Wno-implicit-atomic-properties -Wno-objc-interface-ivars -Wno-arc-repeated-use-of-weak -Wno-missing-braces -Wparentheses -Wswitch -Wno-unused-function -Wno-unused-label -Wno-unused-parameter -Wno-unused-variable -Wunused-value -Wno-empty-body -Wno-uninitialized -Wno-unknown-pragmas -w -Wno-shadow -Wno-four-char-constants -Wno-conversion -Wno-constant-conversion -Wno-int-conversion -Wno-bool-conversion -Wno-enum-conversion -Wno-float-conversion -Wno-non-literal-null-conversion -Wno-objc-literal-conversion -Wshorten-64-to-32 -Wpointer-sign -Wno-newline-eof -Wno-selector -Wno-strict-selector-match -Wno-undeclared-selector -Wno-deprecated-implementations -Wno-implicit-fallthrough -fstrict-aliasing -Wprotocol -Wdeprecated-declarations -Wno-sign-conversion -Wno-infinite-recursion -Wno-comma -Wno-block-capture-autoreleasing -Wno-strict-prototypes -Wno-semicolon-before-method-body -index-store-path /Users/fukushimatakumi/Library/Developer/Xcode/DerivedData/SugarBeat-hgoxfxbbugxkfsbmqcjlbmjeaqyg/Index.noindex/DataStore @/Users/fukushimatakumi/Library/Developer/Xcode/DerivedData/SugarBeat-hgoxfxbbugxkfsbmqcjlbmjeaqyg/Build/Intermediates.noindex/Firebase.build/Debug-iphonesimulator/FirebaseCore.build/Objects-normal/arm64/e6072d4f65d7061329687fe24e3d63a7-common-args.resp -include /Users/fukushimatakumi/Library/Developer/Xcode/DerivedData/SugarBeat-hgoxfxbbugxkfsbmqcjlbmjeaqyg/Build/Intermediates.noindex/Firebase.build/Debug-iphonesimulator/FirebaseCore.build/DerivedSources/resource_bundle_accessor.h -MMD -MT dependencies -MF /Users/fukushimatakumi/Library/Developer/Xcode/DerivedData/SugarBeat-hgoxfxbbugxkfsbmqcjlbmjeaqyg/Build/Intermediates.noindex/Firebase.build/Debug-iphonesimulator/FirebaseCore.build/Objects-normal/arm64/FIRComponentType.d --serialize-diagnostics /Users/fukushimatakumi/Library/Developer/Xcode/DerivedData/SugarBeat-hgoxfxbbugxkfsbmqcjlbmjeaqyg/Build/Intermediates.noindex/Firebase.build/Debug-iphonesimulator/FirebaseCore.build/Objects-normal/arm64/FIRComponentType.dia -c /Users/fukushimatakumi/Library/Developer/Xcode/DerivedData/SugarBeat-hgoxfxbbugxkfsbmqcjlbmjeaqyg/SourcePackages/checkouts/firebase-ios-sdk/FirebaseCore/Sources/FIRComponentType.m -o /Users/fukushimatakumi/Library/Developer/Xcode/DerivedData/SugarBeat-hgoxfxbbugxkfsbmqcjlbmjeaqyg/Build/Intermediates.noindex/Firebase.build/Debug-iphonesimulator/FirebaseCore.build/Objects-normal/arm64/FIRComponentType.o -index-unit-output-path /Firebase.build/Debug-iphonesimulator/FirebaseCore.build/Objects-normal/arm64/FIRComponentType.o

CompileC /Users/fukushimatakumi/Library/Developer/Xcode/DerivedData/SugarBeat-hgoxfxbbugxkfsbmqcjlbmjeaqyg/Build/Intermediates.noindex/Firebase.build/Debug-iphonesimulator/FirebaseCore.build/Objects-normal/arm64/FIRComponentContainer.o /Users/fukushimatakumi/Library/Developer/Xcode/DerivedData/SugarBeat-hgoxfxbbugxkfsbmqcjlbmjeaqyg/SourcePackages/checkouts/firebase-ios-sdk/FirebaseCore/Sources/FIRComponentContainer.m normal arm64 objective-c com.apple.compilers.llvm.clang.1_0.compiler (in target 'FirebaseCore' from project 'Firebase')
    cd /Users/fukushimatakumi/develop/sugarbeat/sugarbeat-front
    
    Using response file: /Users/fukushimatakumi/Library/Developer/Xcode/DerivedData/SugarBeat-hgoxfxbbugxkfsbmqcjlbmjeaqyg/Build/Intermediates.noindex/Firebase.build/Debug-iphonesimulator/FirebaseCore.build/Objects-normal/arm64/e6072d4f65d7061329687fe24e3d63a7-common-args.resp
    
    /Applications/Xcode.app/Contents/Developer/Toolchains/XcodeDefault.xctoolchain/usr/bin/clang -x objective-c -ivfsstatcache /Users/fukushimatakumi/Library/Developer/Xcode/DerivedData/SDKStatCaches.noindex/iphonesimulator18.4-22E235-71825a6d136aa4733edcbe86ece5525b.sdkstatcache -fmessage-length\=0 -fdiagnostics-show-note-include-stack -fmacro-backtrace-limit\=0 -fno-color-diagnostics -fmodules-prune-interval\=86400 -fmodules-prune-after\=345600 -fbuild-session-file\=/Users/fukushimatakumi/Library/Developer/Xcode/DerivedData/ModuleCache.noindex/Session.modulevalidation -fmodules-validate-once-per-build-session -Wnon-modular-include-in-framework-module -Werror\=non-modular-include-in-framework-module -Wno-trigraphs -Wno-missing-field-initializers -Wno-missing-prototypes -Wno-return-type -Wno-implicit-atomic-properties -Wno-objc-interface-ivars -Wno-arc-repeated-use-of-weak -Wno-missing-braces -Wparentheses -Wswitch -Wno-unused-function -Wno-unused-label -Wno-unused-parameter -Wno-unused-variable -Wunused-value -Wno-empty-body -Wno-uninitialized -Wno-unknown-pragmas -w -Wno-shadow -Wno-four-char-constants -Wno-conversion -Wno-constant-conversion -Wno-int-conversion -Wno-bool-conversion -Wno-enum-conversion -Wno-float-conversion -Wno-non-literal-null-conversion -Wno-objc-literal-conversion -Wshorten-64-to-32 -Wpointer-sign -Wno-newline-eof -Wno-selector -Wno-strict-selector-match -Wno-undeclared-selector -Wno-deprecated-implementations -Wno-implicit-fallthrough -fstrict-aliasing -Wprotocol -Wdeprecated-declarations -Wno-sign-conversion -Wno-infinite-recursion -Wno-comma -Wno-block-capture-autoreleasing -Wno-strict-prototypes -Wno-semicolon-before-method-body -index-store-path /Users/fukushimatakumi/Library/Developer/Xcode/DerivedData/SugarBeat-hgoxfxbbugxkfsbmqcjlbmjeaqyg/Index.noindex/DataStore @/Users/fukushimatakumi/Library/Developer/Xcode/DerivedData/SugarBeat-hgoxfxbbugxkfsbmqcjlbmjeaqyg/Build/Intermediates.noindex/Firebase.build/Debug-iphonesimulator/FirebaseCore.build/Objects-normal/arm64/e6072d4f65d7061329687fe24e3d63a7-common-args.resp -include /Users/fukushimatakumi/Library/Developer/Xcode/DerivedData/SugarBeat-hgoxfxbbugxkfsbmqcjlbmjeaqyg/Build/Intermediates.noindex/Firebase.build/Debug-iphonesimulator/FirebaseCore.build/DerivedSources/resource_bundle_accessor.h -MMD -MT dependencies -MF /Users/fukushimatakumi/Library/Developer/Xcode/DerivedData/SugarBeat-hgoxfxbbugxkfsbmqcjlbmjeaqyg/Build/Intermediates.noindex/Firebase.build/Debug-iphonesimulator/FirebaseCore.build/Objects-normal/arm64/FIRComponentContainer.d --serialize-diagnostics /Users/fukushimatakumi/Library/Developer/Xcode/DerivedData/SugarBeat-hgoxfxbbugxkfsbmqcjlbmjeaqyg/Build/Intermediates.noindex/Firebase.build/Debug-iphonesimulator/FirebaseCore.build/Objects-normal/arm64/FIRComponentContainer.dia -c /Users/fukushimatakumi/Library/Developer/Xcode/DerivedData/SugarBeat-hgoxfxbbugxkfsbmqcjlbmjeaqyg/SourcePackages/checkouts/firebase-ios-sdk/FirebaseCore/Sources/FIRComponentContainer.m -o /Users/fukushimatakumi/Library/Developer/Xcode/DerivedData/SugarBeat-hgoxfxbbugxkfsbmqcjlbmjeaqyg/Build/Intermediates.noindex/Firebase.build/Debug-iphonesimulator/FirebaseCore.build/Objects-normal/arm64/FIRComponentContainer.o -index-unit-output-path /Firebase.build/Debug-iphonesimulator/FirebaseCore.build/Objects-normal/arm64/FIRComponentContainer.o

CompileC /Users/fukushimatakumi/Library/Developer/Xcode/DerivedData/SugarBeat-hgoxfxbbugxkfsbmqcjlbmjeaqyg/Build/Intermediates.noindex/Firebase.build/Debug-iphonesimulator/FirebaseCore.build/Objects-normal/arm64/FIRComponent.o /Users/fukushimatakumi/Library/Developer/Xcode/DerivedData/SugarBeat-hgoxfxbbugxkfsbmqcjlbmjeaqyg/SourcePackages/checkouts/firebase-ios-sdk/FirebaseCore/Sources/FIRComponent.m normal arm64 objective-c com.apple.compilers.llvm.clang.1_0.compiler (in target 'FirebaseCore' from project 'Firebase')
    cd /Users/fukushimatakumi/develop/sugarbeat/sugarbeat-front
    
    Using response file: /Users/fukushimatakumi/Library/Developer/Xcode/DerivedData/SugarBeat-hgoxfxbbugxkfsbmqcjlbmjeaqyg/Build/Intermediates.noindex/Firebase.build/Debug-iphonesimulator/FirebaseCore.build/Objects-normal/arm64/e6072d4f65d7061329687fe24e3d63a7-common-args.resp
    
    /Applications/Xcode.app/Contents/Developer/Toolchains/XcodeDefault.xctoolchain/usr/bin/clang -x objective-c -ivfsstatcache /Users/fukushimatakumi/Library/Developer/Xcode/DerivedData/SDKStatCaches.noindex/iphonesimulator18.4-22E235-71825a6d136aa4733edcbe86ece5525b.sdkstatcache -fmessage-length\=0 -fdiagnostics-show-note-include-stack -fmacro-backtrace-limit\=0 -fno-color-diagnostics -fmodules-prune-interval\=86400 -fmodules-prune-after\=345600 -fbuild-session-file\=/Users/fukushimatakumi/Library/Developer/Xcode/DerivedData/ModuleCache.noindex/Session.modulevalidation -fmodules-validate-once-per-build-session -Wnon-modular-include-in-framework-module -Werror\=non-modular-include-in-framework-module -Wno-trigraphs -Wno-missing-field-initializers -Wno-missing-prototypes -Wno-return-type -Wno-implicit-atomic-properties -Wno-objc-interface-ivars -Wno-arc-repeated-use-of-weak -Wno-missing-braces -Wparentheses -Wswitch -Wno-unused-function -Wno-unused-label -Wno-unused-parameter -Wno-unused-variable -Wunused-value -Wno-empty-body -Wno-uninitialized -Wno-unknown-pragmas -w -Wno-shadow -Wno-four-char-constants -Wno-conversion -Wno-constant-conversion -Wno-int-conversion -Wno-bool-conversion -Wno-enum-conversion -Wno-float-conversion -Wno-non-literal-null-conversion -Wno-objc-literal-conversion -Wshorten-64-to-32 -Wpointer-sign -Wno-newline-eof -Wno-selector -Wno-strict-selector-match -Wno-undeclared-selector -Wno-deprecated-implementations -Wno-implicit-fallthrough -fstrict-aliasing -Wprotocol -Wdeprecated-declarations -Wno-sign-conversion -Wno-infinite-recursion -Wno-comma -Wno-block-capture-autoreleasing -Wno-strict-prototypes -Wno-semicolon-before-method-body -index-store-path /Users/fukushimatakumi/Library/Developer/Xcode/DerivedData/SugarBeat-hgoxfxbbugxkfsbmqcjlbmjeaqyg/Index.noindex/DataStore @/Users/fukushimatakumi/Library/Developer/Xcode/DerivedData/SugarBeat-hgoxfxbbugxkfsbmqcjlbmjeaqyg/Build/Intermediates.noindex/Firebase.build/Debug-iphonesimulator/FirebaseCore.build/Objects-normal/arm64/e6072d4f65d7061329687fe24e3d63a7-common-args.resp -include /Users/fukushimatakumi/Library/Developer/Xcode/DerivedData/SugarBeat-hgoxfxbbugxkfsbmqcjlbmjeaqyg/Build/Intermediates.noindex/Firebase.build/Debug-iphonesimulator/FirebaseCore.build/DerivedSources/resource_bundle_accessor.h -MMD -MT dependencies -MF /Users/fukushimatakumi/Library/Developer/Xcode/DerivedData/SugarBeat-hgoxfxbbugxkfsbmqcjlbmjeaqyg/Build/Intermediates.noindex/Firebase.build/Debug-iphonesimulator/FirebaseCore.build/Objects-normal/arm64/FIRComponent.d --serialize-diagnostics /Users/fukushimatakumi/Library/Developer/Xcode/DerivedData/SugarBeat-hgoxfxbbugxkfsbmqcjlbmjeaqyg/Build/Intermediates.noindex/Firebase.build/Debug-iphonesimulator/FirebaseCore.build/Objects-normal/arm64/FIRComponent.dia -c /Users/fukushimatakumi/Library/Developer/Xcode/DerivedData/SugarBeat-hgoxfxbbugxkfsbmqcjlbmjeaqyg/SourcePackages/checkouts/firebase-ios-sdk/FirebaseCore/Sources/FIRComponent.m -o /Users/fukushimatakumi/Library/Developer/Xcode/DerivedData/SugarBeat-hgoxfxbbugxkfsbmqcjlbmjeaqyg/Build/Intermediates.noindex/Firebase.build/Debug-iphonesimulator/FirebaseCore.build/Objects-normal/arm64/FIRComponent.o -index-unit-output-path /Firebase.build/Debug-iphonesimulator/FirebaseCore.build/Objects-normal/arm64/FIRComponent.o

CompileC /Users/fukushimatakumi/Library/Developer/Xcode/DerivedData/SugarBeat-hgoxfxbbugxkfsbmqcjlbmjeaqyg/Build/Intermediates.noindex/Firebase.build/Debug-iphonesimulator/FirebaseCore.build/Objects-normal/arm64/FIRAnalyticsConfiguration.o /Users/fukushimatakumi/Library/Developer/Xcode/DerivedData/SugarBeat-hgoxfxbbugxkfsbmqcjlbmjeaqyg/SourcePackages/checkouts/firebase-ios-sdk/FirebaseCore/Sources/FIRAnalyticsConfiguration.m normal arm64 objective-c com.apple.compilers.llvm.clang.1_0.compiler (in target 'FirebaseCore' from project 'Firebase')
    cd /Users/fukushimatakumi/develop/sugarbeat/sugarbeat-front
    
    Using response file: /Users/fukushimatakumi/Library/Developer/Xcode/DerivedData/SugarBeat-hgoxfxbbugxkfsbmqcjlbmjeaqyg/Build/Intermediates.noindex/Firebase.build/Debug-iphonesimulator/FirebaseCore.build/Objects-normal/arm64/e6072d4f65d7061329687fe24e3d63a7-common-args.resp
    
    /Applications/Xcode.app/Contents/Developer/Toolchains/XcodeDefault.xctoolchain/usr/bin/clang -x objective-c -ivfsstatcache /Users/fukushimatakumi/Library/Developer/Xcode/DerivedData/SDKStatCaches.noindex/iphonesimulator18.4-22E235-71825a6d136aa4733edcbe86ece5525b.sdkstatcache -fmessage-length\=0 -fdiagnostics-show-note-include-stack -fmacro-backtrace-limit\=0 -fno-color-diagnostics -fmodules-prune-interval\=86400 -fmodules-prune-after\=345600 -fbuild-session-file\=/Users/fukushimatakumi/Library/Developer/Xcode/DerivedData/ModuleCache.noindex/Session.modulevalidation -fmodules-validate-once-per-build-session -Wnon-modular-include-in-framework-module -Werror\=non-modular-include-in-framework-module -Wno-trigraphs -Wno-missing-field-initializers -Wno-missing-prototypes -Wno-return-type -Wno-implicit-atomic-properties -Wno-objc-interface-ivars -Wno-arc-repeated-use-of-weak -Wno-missing-braces -Wparentheses -Wswitch -Wno-unused-function -Wno-unused-label -Wno-unused-parameter -Wno-unused-variable -Wunused-value -Wno-empty-body -Wno-uninitialized -Wno-unknown-pragmas -w -Wno-shadow -Wno-four-char-constants -Wno-conversion -Wno-constant-conversion -Wno-int-conversion -Wno-bool-conversion -Wno-enum-conversion -Wno-float-conversion -Wno-non-literal-null-conversion -Wno-objc-literal-conversion -Wshorten-64-to-32 -Wpointer-sign -Wno-newline-eof -Wno-selector -Wno-strict-selector-match -Wno-undeclared-selector -Wno-deprecated-implementations -Wno-implicit-fallthrough -fstrict-aliasing -Wprotocol -Wdeprecated-declarations -Wno-sign-conversion -Wno-infinite-recursion -Wno-comma -Wno-block-capture-autoreleasing -Wno-strict-prototypes -Wno-semicolon-before-method-body -index-store-path /Users/fukushimatakumi/Library/Developer/Xcode/DerivedData/SugarBeat-hgoxfxbbugxkfsbmqcjlbmjeaqyg/Index.noindex/DataStore @/Users/fukushimatakumi/Library/Developer/Xcode/DerivedData/SugarBeat-hgoxfxbbugxkfsbmqcjlbmjeaqyg/Build/Intermediates.noindex/Firebase.build/Debug-iphonesimulator/FirebaseCore.build/Objects-normal/arm64/e6072d4f65d7061329687fe24e3d63a7-common-args.resp -include /Users/fukushimatakumi/Library/Developer/Xcode/DerivedData/SugarBeat-hgoxfxbbugxkfsbmqcjlbmjeaqyg/Build/Intermediates.noindex/Firebase.build/Debug-iphonesimulator/FirebaseCore.build/DerivedSources/resource_bundle_accessor.h -MMD -MT dependencies -MF /Users/fukushimatakumi/Library/Developer/Xcode/DerivedData/SugarBeat-hgoxfxbbugxkfsbmqcjlbmjeaqyg/Build/Intermediates.noindex/Firebase.build/Debug-iphonesimulator/FirebaseCore.build/Objects-normal/arm64/FIRAnalyticsConfiguration.d --serialize-diagnostics /Users/fukushimatakumi/Library/Developer/Xcode/DerivedData/SugarBeat-hgoxfxbbugxkfsbmqcjlbmjeaqyg/Build/Intermediates.noindex/Firebase.build/Debug-iphonesimulator/FirebaseCore.build/Objects-normal/arm64/FIRAnalyticsConfiguration.dia -c /Users/fukushimatakumi/Library/Developer/Xcode/DerivedData/SugarBeat-hgoxfxbbugxkfsbmqcjlbmjeaqyg/SourcePackages/checkouts/firebase-ios-sdk/FirebaseCore/Sources/FIRAnalyticsConfiguration.m -o /Users/fukushimatakumi/Library/Developer/Xcode/DerivedData/SugarBeat-hgoxfxbbugxkfsbmqcjlbmjeaqyg/Build/Intermediates.noindex/Firebase.build/Debug-iphonesimulator/FirebaseCore.build/Objects-normal/arm64/FIRAnalyticsConfiguration.o -index-unit-output-path /Firebase.build/Debug-iphonesimulator/FirebaseCore.build/Objects-normal/arm64/FIRAnalyticsConfiguration.o

SwiftDriverJobDiscovery normal arm64 Compiling RevokeTokenRequest.swift, RevokeTokenResponse.swift, SecureTokenRequest.swift, SecureTokenResponse.swift, SendVerificationTokenRequest.swift, SendVerificationTokenResponse.swift, SetAccountInfoRequest.swift, SetAccountInfoResponse.swift, SignInWithGameCenterRequest.swift, SignInWithGameCenterResponse.swift, SignUpNewUserRequest.swift, SignUpNewUserResponse.swift, VerifyAssertionRequest.swift, VerifyAssertionResponse.swift (in target 'FirebaseAuth' from project 'Firebase')

PrecompileModule /Users/fukushimatakumi/Library/Developer/Xcode/DerivedData/SugarBeat-hgoxfxbbugxkfsbmqcjlbmjeaqyg/Build/Intermediates.noindex/ExplicitPrecompiledModules/OpenGLES-5KGNJL41PI6B9PLGXVXCRQIT3.scan
    cd /Users/fukushimatakumi/develop/sugarbeat/sugarbeat-front
    builtin-precompileModule /Users/fukushimatakumi/Library/Developer/Xcode/DerivedData/SugarBeat-hgoxfxbbugxkfsbmqcjlbmjeaqyg/Build/Intermediates.noindex/ExplicitPrecompiledModules/OpenGLES-5KGNJL41PI6B9PLGXVXCRQIT3.scan

PrecompileModule /Users/fukushimatakumi/Library/Developer/Xcode/DerivedData/SugarBeat-hgoxfxbbugxkfsbmqcjlbmjeaqyg/Build/Intermediates.noindex/ExplicitPrecompiledModules/UserNotifications-EMZ87GOQIKSGW3UEEW86UPZZM.scan
    cd /Users/fukushimatakumi/develop/sugarbeat/sugarbeat-front
    builtin-precompileModule /Users/fukushimatakumi/Library/Developer/Xcode/DerivedData/SugarBeat-hgoxfxbbugxkfsbmqcjlbmjeaqyg/Build/Intermediates.noindex/ExplicitPrecompiledModules/UserNotifications-EMZ87GOQIKSGW3UEEW86UPZZM.scan

PrecompileModule /Users/fukushimatakumi/Library/Developer/Xcode/DerivedData/SugarBeat-hgoxfxbbugxkfsbmqcjlbmjeaqyg/Build/Intermediates.noindex/ExplicitPrecompiledModules/GoogleUtilities_Logger-7HB7CB8G4HVANPZ48IWKDVVUB.scan
    cd /Users/fukushimatakumi/develop/sugarbeat/sugarbeat-front
    builtin-precompileModule /Users/fukushimatakumi/Library/Developer/Xcode/DerivedData/SugarBeat-hgoxfxbbugxkfsbmqcjlbmjeaqyg/Build/Intermediates.noindex/ExplicitPrecompiledModules/GoogleUtilities_Logger-7HB7CB8G4HVANPZ48IWKDVVUB.scan

PrecompileModule /Users/fukushimatakumi/Library/Developer/Xcode/DerivedData/SugarBeat-hgoxfxbbugxkfsbmqcjlbmjeaqyg/Build/Intermediates.noindex/ExplicitPrecompiledModules/FileProvider-2T2Y6A5OWL5E1YZQV0W8GHR93.scan
    cd /Users/fukushimatakumi/develop/sugarbeat/sugarbeat-front
    builtin-precompileModule /Users/fukushimatakumi/Library/Developer/Xcode/DerivedData/SugarBeat-hgoxfxbbugxkfsbmqcjlbmjeaqyg/Build/Intermediates.noindex/ExplicitPrecompiledModules/FileProvider-2T2Y6A5OWL5E1YZQV0W8GHR93.scan

SwiftDriverJobDiscovery normal arm64 Compiling AuthRPCRequest.swift, AuthRPCResponse.swift, AuthRequestConfiguration.swift, IdentityToolkitRequest.swift, AuthMFAResponse.swift, CreateAuthURIRequest.swift, CreateAuthURIResponse.swift, DeleteAccountRequest.swift, DeleteAccountResponse.swift, EmailLinkSignInRequest.swift, EmailLinkSignInResponse.swift, GetAccountInfoRequest.swift, GetAccountInfoResponse.swift, GetOOBConfirmationCodeRequest.swift (in target 'FirebaseAuth' from project 'Firebase')

PrecompileModule /Users/fukushimatakumi/Library/Developer/Xcode/DerivedData/SugarBeat-hgoxfxbbugxkfsbmqcjlbmjeaqyg/Build/Intermediates.noindex/ExplicitPrecompiledModules/IOSurface-3P3XOAT3CXJ0Y8CQL21SV5F17.scan
    cd /Users/fukushimatakumi/develop/sugarbeat/sugarbeat-front
    builtin-precompileModule /Users/fukushimatakumi/Library/Developer/Xcode/DerivedData/SugarBeat-hgoxfxbbugxkfsbmqcjlbmjeaqyg/Build/Intermediates.noindex/ExplicitPrecompiledModules/IOSurface-3P3XOAT3CXJ0Y8CQL21SV5F17.scan

PrecompileModule /Users/fukushimatakumi/Library/Developer/Xcode/DerivedData/SugarBeat-hgoxfxbbugxkfsbmqcjlbmjeaqyg/Build/Intermediates.noindex/ExplicitPrecompiledModules/Symbols-FST8ABP8HWYVAWQZSRA1IWV9.scan
    cd /Users/fukushimatakumi/develop/sugarbeat/sugarbeat-front
    builtin-precompileModule /Users/fukushimatakumi/Library/Developer/Xcode/DerivedData/SugarBeat-hgoxfxbbugxkfsbmqcjlbmjeaqyg/Build/Intermediates.noindex/ExplicitPrecompiledModules/Symbols-FST8ABP8HWYVAWQZSRA1IWV9.scan

PrecompileModule /Users/fukushimatakumi/Library/Developer/Xcode/DerivedData/SugarBeat-hgoxfxbbugxkfsbmqcjlbmjeaqyg/Build/Intermediates.noindex/ExplicitPrecompiledModules/FirebaseCoreInternal-2P5PZGMNYNUF7XS443JU9I8X4.scan
    cd /Users/fukushimatakumi/develop/sugarbeat/sugarbeat-front
    builtin-precompileModule /Users/fukushimatakumi/Library/Developer/Xcode/DerivedData/SugarBeat-hgoxfxbbugxkfsbmqcjlbmjeaqyg/Build/Intermediates.noindex/ExplicitPrecompiledModules/FirebaseCoreInternal-2P5PZGMNYNUF7XS443JU9I8X4.scan

PrecompileModule /Users/fukushimatakumi/Library/Developer/Xcode/DerivedData/SugarBeat-hgoxfxbbugxkfsbmqcjlbmjeaqyg/Build/Intermediates.noindex/ExplicitPrecompiledModules/GoogleUtilities_Environment-EJN8ZXMC7IG4AXOZHMQTSN0G9.scan
    cd /Users/fukushimatakumi/develop/sugarbeat/sugarbeat-front
    builtin-precompileModule /Users/fukushimatakumi/Library/Developer/Xcode/DerivedData/SugarBeat-hgoxfxbbugxkfsbmqcjlbmjeaqyg/Build/Intermediates.noindex/ExplicitPrecompiledModules/GoogleUtilities_Environment-EJN8ZXMC7IG4AXOZHMQTSN0G9.scan

ScanDependencies /Users/fukushimatakumi/Library/Developer/Xcode/DerivedData/SugarBeat-hgoxfxbbugxkfsbmqcjlbmjeaqyg/Build/Intermediates.noindex/gRPC.build/Debug-iphonesimulator/grpcWrapper.build/Objects-normal/arm64/empty.o /Users/fukushimatakumi/Library/Developer/Xcode/DerivedData/SugarBeat-hgoxfxbbugxkfsbmqcjlbmjeaqyg/SourcePackages/checkouts/grpc-binary/grpc-Wrapper/empty.m normal arm64 objective-c com.apple.compilers.llvm.clang.1_0.compiler (in target 'grpcWrapper' from project 'gRPC')
    cd /Users/fukushimatakumi/develop/sugarbeat/sugarbeat-front
    
    Using response file: /Users/fukushimatakumi/Library/Developer/Xcode/DerivedData/SugarBeat-hgoxfxbbugxkfsbmqcjlbmjeaqyg/Build/Intermediates.noindex/gRPC.build/Debug-iphonesimulator/grpcWrapper.build/Objects-normal/arm64/e6072d4f65d7061329687fe24e3d63a7-common-args.resp
    
    builtin-ScanDependencies -o /Users/fukushimatakumi/Library/Developer/Xcode/DerivedData/SugarBeat-hgoxfxbbugxkfsbmqcjlbmjeaqyg/Build/Intermediates.noindex/gRPC.build/Debug-iphonesimulator/grpcWrapper.build/Objects-normal/arm64/empty.o.scan -- /Applications/Xcode.app/Contents/Developer/Toolchains/XcodeDefault.xctoolchain/usr/bin/clang -x objective-c -ivfsstatcache /Users/fukushimatakumi/Library/Developer/Xcode/DerivedData/SDKStatCaches.noindex/iphonesimulator18.4-22E235-71825a6d136aa4733edcbe86ece5525b.sdkstatcache -fmessage-length\=0 -fdiagnostics-show-note-include-stack -fmacro-backtrace-limit\=0 -fno-color-diagnostics -fmodules-prune-interval\=86400 -fmodules-prune-after\=345600 -fbuild-session-file\=/Users/fukushimatakumi/Library/Developer/Xcode/DerivedData/ModuleCache.noindex/Session.modulevalidation -fmodules-validate-once-per-build-session -Wnon-modular-include-in-framework-module -Werror\=non-modular-include-in-framework-module -Wno-trigraphs -Wno-missing-field-initializers -Wno-missing-prototypes -Wno-return-type -Wno-implicit-atomic-properties -Wno-objc-interface-ivars -Wno-arc-repeated-use-of-weak -Wno-missing-braces -Wparentheses -Wswitch -Wno-unused-function -Wno-unused-label -Wno-unused-parameter -Wno-unused-variable -Wunused-value -Wno-empty-body -Wno-uninitialized -Wno-unknown-pragmas -w -Wno-shadow -Wno-four-char-constants -Wno-conversion -Wno-constant-conversion -Wno-int-conversion -Wno-bool-conversion -Wno-enum-conversion -Wno-float-conversion -Wno-non-literal-null-conversion -Wno-objc-literal-conversion -Wshorten-64-to-32 -Wpointer-sign -Wno-newline-eof -Wno-selector -Wno-strict-selector-match -Wno-undeclared-selector -Wno-deprecated-implementations -Wno-implicit-fallthrough -fstrict-aliasing -Wprotocol -Wdeprecated-declarations -Wno-sign-conversion -Wno-infinite-recursion -Wno-comma -Wno-block-capture-autoreleasing -Wno-strict-prototypes -Wno-semicolon-before-method-body -index-store-path /Users/fukushimatakumi/Library/Developer/Xcode/DerivedData/SugarBeat-hgoxfxbbugxkfsbmqcjlbmjeaqyg/Index.noindex/DataStore @/Users/fukushimatakumi/Library/Developer/Xcode/DerivedData/SugarBeat-hgoxfxbbugxkfsbmqcjlbmjeaqyg/Build/Intermediates.noindex/gRPC.build/Debug-iphonesimulator/grpcWrapper.build/Objects-normal/arm64/e6072d4f65d7061329687fe24e3d63a7-common-args.resp -include /Users/fukushimatakumi/Library/Developer/Xcode/DerivedData/SugarBeat-hgoxfxbbugxkfsbmqcjlbmjeaqyg/Build/Intermediates.noindex/gRPC.build/Debug-iphonesimulator/grpcWrapper.build/DerivedSources/resource_bundle_accessor.h -MMD -MT dependencies -MF /Users/fukushimatakumi/Library/Developer/Xcode/DerivedData/SugarBeat-hgoxfxbbugxkfsbmqcjlbmjeaqyg/Build/Intermediates.noindex/gRPC.build/Debug-iphonesimulator/grpcWrapper.build/Objects-normal/arm64/empty.d --serialize-diagnostics /Users/fukushimatakumi/Library/Developer/Xcode/DerivedData/SugarBeat-hgoxfxbbugxkfsbmqcjlbmjeaqyg/Build/Intermediates.noindex/gRPC.build/Debug-iphonesimulator/grpcWrapper.build/Objects-normal/arm64/empty.dia -c /Users/fukushimatakumi/Library/Developer/Xcode/DerivedData/SugarBeat-hgoxfxbbugxkfsbmqcjlbmjeaqyg/SourcePackages/checkouts/grpc-binary/grpc-Wrapper/empty.m -o /Users/fukushimatakumi/Library/Developer/Xcode/DerivedData/SugarBeat-hgoxfxbbugxkfsbmqcjlbmjeaqyg/Build/Intermediates.noindex/gRPC.build/Debug-iphonesimulator/grpcWrapper.build/Objects-normal/arm64/empty.o -index-unit-output-path /gRPC.build/Debug-iphonesimulator/grpcWrapper.build/Objects-normal/arm64/empty.o

Touch /Users/fukushimatakumi/Library/Developer/Xcode/DerivedData/SugarBeat-hgoxfxbbugxkfsbmqcjlbmjeaqyg/Build/Products/Debug-iphonesimulator/GoogleSignIn_GoogleSignInSwift.bundle (in target 'GoogleSignIn_GoogleSignInSwift' from project 'GoogleSignIn')
    cd /Users/fukushimatakumi/Library/Developer/Xcode/DerivedData/SugarBeat-hgoxfxbbugxkfsbmqcjlbmjeaqyg/SourcePackages/checkouts/GoogleSignIn-iOS
    /usr/bin/touch -c /Users/fukushimatakumi/Library/Developer/Xcode/DerivedData/SugarBeat-hgoxfxbbugxkfsbmqcjlbmjeaqyg/Build/Products/Debug-iphonesimulator/GoogleSignIn_GoogleSignInSwift.bundle

CompileC /Users/fukushimatakumi/Library/Developer/Xcode/DerivedData/SugarBeat-hgoxfxbbugxkfsbmqcjlbmjeaqyg/Build/Intermediates.noindex/Firebase.build/Debug-iphonesimulator/FirebaseCore.build/Objects-normal/arm64/FIRHeartbeatLogger.o /Users/fukushimatakumi/Library/Developer/Xcode/DerivedData/SugarBeat-hgoxfxbbugxkfsbmqcjlbmjeaqyg/SourcePackages/checkouts/firebase-ios-sdk/FirebaseCore/Sources/FIRHeartbeatLogger.m normal arm64 objective-c com.apple.compilers.llvm.clang.1_0.compiler (in target 'FirebaseCore' from project 'Firebase')
    cd /Users/fukushimatakumi/develop/sugarbeat/sugarbeat-front
    
    Using response file: /Users/fukushimatakumi/Library/Developer/Xcode/DerivedData/SugarBeat-hgoxfxbbugxkfsbmqcjlbmjeaqyg/Build/Intermediates.noindex/Firebase.build/Debug-iphonesimulator/FirebaseCore.build/Objects-normal/arm64/e6072d4f65d7061329687fe24e3d63a7-common-args.resp
    
    /Applications/Xcode.app/Contents/Developer/Toolchains/XcodeDefault.xctoolchain/usr/bin/clang -x objective-c -ivfsstatcache /Users/fukushimatakumi/Library/Developer/Xcode/DerivedData/SDKStatCaches.noindex/iphonesimulator18.4-22E235-71825a6d136aa4733edcbe86ece5525b.sdkstatcache -fmessage-length\=0 -fdiagnostics-show-note-include-stack -fmacro-backtrace-limit\=0 -fno-color-diagnostics -fmodules-prune-interval\=86400 -fmodules-prune-after\=345600 -fbuild-session-file\=/Users/fukushimatakumi/Library/Developer/Xcode/DerivedData/ModuleCache.noindex/Session.modulevalidation -fmodules-validate-once-per-build-session -Wnon-modular-include-in-framework-module -Werror\=non-modular-include-in-framework-module -Wno-trigraphs -Wno-missing-field-initializers -Wno-missing-prototypes -Wno-return-type -Wno-implicit-atomic-properties -Wno-objc-interface-ivars -Wno-arc-repeated-use-of-weak -Wno-missing-braces -Wparentheses -Wswitch -Wno-unused-function -Wno-unused-label -Wno-unused-parameter -Wno-unused-variable -Wunused-value -Wno-empty-body -Wno-uninitialized -Wno-unknown-pragmas -w -Wno-shadow -Wno-four-char-constants -Wno-conversion -Wno-constant-conversion -Wno-int-conversion -Wno-bool-conversion -Wno-enum-conversion -Wno-float-conversion -Wno-non-literal-null-conversion -Wno-objc-literal-conversion -Wshorten-64-to-32 -Wpointer-sign -Wno-newline-eof -Wno-selector -Wno-strict-selector-match -Wno-undeclared-selector -Wno-deprecated-implementations -Wno-implicit-fallthrough -fstrict-aliasing -Wprotocol -Wdeprecated-declarations -Wno-sign-conversion -Wno-infinite-recursion -Wno-comma -Wno-block-capture-autoreleasing -Wno-strict-prototypes -Wno-semicolon-before-method-body -index-store-path /Users/fukushimatakumi/Library/Developer/Xcode/DerivedData/SugarBeat-hgoxfxbbugxkfsbmqcjlbmjeaqyg/Index.noindex/DataStore @/Users/fukushimatakumi/Library/Developer/Xcode/DerivedData/SugarBeat-hgoxfxbbugxkfsbmqcjlbmjeaqyg/Build/Intermediates.noindex/Firebase.build/Debug-iphonesimulator/FirebaseCore.build/Objects-normal/arm64/e6072d4f65d7061329687fe24e3d63a7-common-args.resp -include /Users/fukushimatakumi/Library/Developer/Xcode/DerivedData/SugarBeat-hgoxfxbbugxkfsbmqcjlbmjeaqyg/Build/Intermediates.noindex/Firebase.build/Debug-iphonesimulator/FirebaseCore.build/DerivedSources/resource_bundle_accessor.h -MMD -MT dependencies -MF /Users/fukushimatakumi/Library/Developer/Xcode/DerivedData/SugarBeat-hgoxfxbbugxkfsbmqcjlbmjeaqyg/Build/Intermediates.noindex/Firebase.build/Debug-iphonesimulator/FirebaseCore.build/Objects-normal/arm64/FIRHeartbeatLogger.d --serialize-diagnostics /Users/fukushimatakumi/Library/Developer/Xcode/DerivedData/SugarBeat-hgoxfxbbugxkfsbmqcjlbmjeaqyg/Build/Intermediates.noindex/Firebase.build/Debug-iphonesimulator/FirebaseCore.build/Objects-normal/arm64/FIRHeartbeatLogger.dia -c /Users/fukushimatakumi/Library/Developer/Xcode/DerivedData/SugarBeat-hgoxfxbbugxkfsbmqcjlbmjeaqyg/SourcePackages/checkouts/firebase-ios-sdk/FirebaseCore/Sources/FIRHeartbeatLogger.m -o /Users/fukushimatakumi/Library/Developer/Xcode/DerivedData/SugarBeat-hgoxfxbbugxkfsbmqcjlbmjeaqyg/Build/Intermediates.noindex/Firebase.build/Debug-iphonesimulator/FirebaseCore.build/Objects-normal/arm64/FIRHeartbeatLogger.o -index-unit-output-path /Firebase.build/Debug-iphonesimulator/FirebaseCore.build/Objects-normal/arm64/FIRHeartbeatLogger.o

Touch /Users/fukushimatakumi/Library/Developer/Xcode/DerivedData/SugarBeat-hgoxfxbbugxkfsbmqcjlbmjeaqyg/Build/Products/Debug-iphonesimulator/GoogleSignIn_GoogleSignIn.bundle (in target 'GoogleSignIn_GoogleSignIn' from project 'GoogleSignIn')
    cd /Users/fukushimatakumi/Library/Developer/Xcode/DerivedData/SugarBeat-hgoxfxbbugxkfsbmqcjlbmjeaqyg/SourcePackages/checkouts/GoogleSignIn-iOS
    /usr/bin/touch -c /Users/fukushimatakumi/Library/Developer/Xcode/DerivedData/SugarBeat-hgoxfxbbugxkfsbmqcjlbmjeaqyg/Build/Products/Debug-iphonesimulator/GoogleSignIn_GoogleSignIn.bundle

Ld /Users/fukushimatakumi/Library/Developer/Xcode/DerivedData/SugarBeat-hgoxfxbbugxkfsbmqcjlbmjeaqyg/Build/Products/Debug-iphonesimulator/GoogleUtilities-Environment.o normal (in target 'GoogleUtilities-Environment' from project 'GoogleUtilities')
    cd /Users/fukushimatakumi/Library/Developer/Xcode/DerivedData/SugarBeat-hgoxfxbbugxkfsbmqcjlbmjeaqyg/SourcePackages/checkouts/GoogleUtilities
    /Applications/Xcode.app/Contents/Developer/Toolchains/XcodeDefault.xctoolchain/usr/bin/clang -Xlinker -reproducible -target arm64-apple-ios12.0-simulator -r -isysroot /Applications/Xcode.app/Contents/Developer/Platforms/iPhoneSimulator.platform/Developer/SDKs/iPhoneSimulator18.4.sdk -O0 -w -L/Users/fukushimatakumi/Library/Developer/Xcode/DerivedData/SugarBeat-hgoxfxbbugxkfsbmqcjlbmjeaqyg/Build/Intermediates.noindex/EagerLinkingTBDs/Debug-iphonesimulator -L/Users/fukushimatakumi/Library/Developer/Xcode/DerivedData/SugarBeat-hgoxfxbbugxkfsbmqcjlbmjeaqyg/Build/Products/Debug-iphonesimulator -L/Applications/Xcode.app/Contents/Developer/Platforms/iPhoneSimulator.platform/Developer/usr/lib -F/Users/fukushimatakumi/Library/Developer/Xcode/DerivedData/SugarBeat-hgoxfxbbugxkfsbmqcjlbmjeaqyg/Build/Intermediates.noindex/EagerLinkingTBDs/Debug-iphonesimulator -F/Users/fukushimatakumi/Library/Developer/Xcode/DerivedData/SugarBeat-hgoxfxbbugxkfsbmqcjlbmjeaqyg/Build/Products/Debug-iphonesimulator/PackageFrameworks -F/Users/fukushimatakumi/Library/Developer/Xcode/DerivedData/SugarBeat-hgoxfxbbugxkfsbmqcjlbmjeaqyg/Build/Products/Debug-iphonesimulator -iframework /Applications/Xcode.app/Contents/Developer/Platforms/iPhoneSimulator.platform/Developer/Library/Frameworks -iframework /Applications/Xcode.app/Contents/Developer/Platforms/iPhoneSimulator.platform/Developer/SDKs/iPhoneSimulator18.4.sdk/Developer/Library/Frameworks -filelist /Users/fukushimatakumi/Library/Developer/Xcode/DerivedData/SugarBeat-hgoxfxbbugxkfsbmqcjlbmjeaqyg/Build/Intermediates.noindex/GoogleUtilities.build/Debug-iphonesimulator/GoogleUtilities-Environment.build/Objects-normal/arm64/GoogleUtilities-Environment.LinkFileList -nostdlib -Xlinker -object_path_lto -Xlinker /Users/fukushimatakumi/Library/Developer/Xcode/DerivedData/SugarBeat-hgoxfxbbugxkfsbmqcjlbmjeaqyg/Build/Intermediates.noindex/GoogleUtilities.build/Debug-iphonesimulator/GoogleUtilities-Environment.build/Objects-normal/arm64/GoogleUtilities-Environment_lto.o -rdynamic -Xlinker -no_deduplicate -Xlinker -objc_abi_version -Xlinker 2 -Xlinker -dependency_info -Xlinker /Users/fukushimatakumi/Library/Developer/Xcode/DerivedData/SugarBeat-hgoxfxbbugxkfsbmqcjlbmjeaqyg/Build/Intermediates.noindex/GoogleUtilities.build/Debug-iphonesimulator/GoogleUtilities-Environment.build/Objects-normal/arm64/GoogleUtilities-Environment_dependency_info.dat -fobjc-arc -fobjc-link-runtime -o /Users/fukushimatakumi/Library/Developer/Xcode/DerivedData/SugarBeat-hgoxfxbbugxkfsbmqcjlbmjeaqyg/Build/Products/Debug-iphonesimulator/GoogleUtilities-Environment.o

CompileC /Users/fukushimatakumi/Library/Developer/Xcode/DerivedData/SugarBeat-hgoxfxbbugxkfsbmqcjlbmjeaqyg/Build/Intermediates.noindex/gRPC.build/Debug-iphonesimulator/grpcWrapper.build/Objects-normal/arm64/empty.o /Users/fukushimatakumi/Library/Developer/Xcode/DerivedData/SugarBeat-hgoxfxbbugxkfsbmqcjlbmjeaqyg/SourcePackages/checkouts/grpc-binary/grpc-Wrapper/empty.m normal arm64 objective-c com.apple.compilers.llvm.clang.1_0.compiler (in target 'grpcWrapper' from project 'gRPC')
    cd /Users/fukushimatakumi/develop/sugarbeat/sugarbeat-front
    
    Using response file: /Users/fukushimatakumi/Library/Developer/Xcode/DerivedData/SugarBeat-hgoxfxbbugxkfsbmqcjlbmjeaqyg/Build/Intermediates.noindex/gRPC.build/Debug-iphonesimulator/grpcWrapper.build/Objects-normal/arm64/e6072d4f65d7061329687fe24e3d63a7-common-args.resp
    
    /Applications/Xcode.app/Contents/Developer/Toolchains/XcodeDefault.xctoolchain/usr/bin/clang -x objective-c -ivfsstatcache /Users/fukushimatakumi/Library/Developer/Xcode/DerivedData/SDKStatCaches.noindex/iphonesimulator18.4-22E235-71825a6d136aa4733edcbe86ece5525b.sdkstatcache -fmessage-length\=0 -fdiagnostics-show-note-include-stack -fmacro-backtrace-limit\=0 -fno-color-diagnostics -fmodules-prune-interval\=86400 -fmodules-prune-after\=345600 -fbuild-session-file\=/Users/fukushimatakumi/Library/Developer/Xcode/DerivedData/ModuleCache.noindex/Session.modulevalidation -fmodules-validate-once-per-build-session -Wnon-modular-include-in-framework-module -Werror\=non-modular-include-in-framework-module -Wno-trigraphs -Wno-missing-field-initializers -Wno-missing-prototypes -Wno-return-type -Wno-implicit-atomic-properties -Wno-objc-interface-ivars -Wno-arc-repeated-use-of-weak -Wno-missing-braces -Wparentheses -Wswitch -Wno-unused-function -Wno-unused-label -Wno-unused-parameter -Wno-unused-variable -Wunused-value -Wno-empty-body -Wno-uninitialized -Wno-unknown-pragmas -w -Wno-shadow -Wno-four-char-constants -Wno-conversion -Wno-constant-conversion -Wno-int-conversion -Wno-bool-conversion -Wno-enum-conversion -Wno-float-conversion -Wno-non-literal-null-conversion -Wno-objc-literal-conversion -Wshorten-64-to-32 -Wpointer-sign -Wno-newline-eof -Wno-selector -Wno-strict-selector-match -Wno-undeclared-selector -Wno-deprecated-implementations -Wno-implicit-fallthrough -fstrict-aliasing -Wprotocol -Wdeprecated-declarations -Wno-sign-conversion -Wno-infinite-recursion -Wno-comma -Wno-block-capture-autoreleasing -Wno-strict-prototypes -Wno-semicolon-before-method-body -index-store-path /Users/fukushimatakumi/Library/Developer/Xcode/DerivedData/SugarBeat-hgoxfxbbugxkfsbmqcjlbmjeaqyg/Index.noindex/DataStore @/Users/fukushimatakumi/Library/Developer/Xcode/DerivedData/SugarBeat-hgoxfxbbugxkfsbmqcjlbmjeaqyg/Build/Intermediates.noindex/gRPC.build/Debug-iphonesimulator/grpcWrapper.build/Objects-normal/arm64/e6072d4f65d7061329687fe24e3d63a7-common-args.resp -include /Users/fukushimatakumi/Library/Developer/Xcode/DerivedData/SugarBeat-hgoxfxbbugxkfsbmqcjlbmjeaqyg/Build/Intermediates.noindex/gRPC.build/Debug-iphonesimulator/grpcWrapper.build/DerivedSources/resource_bundle_accessor.h -MMD -MT dependencies -MF /Users/fukushimatakumi/Library/Developer/Xcode/DerivedData/SugarBeat-hgoxfxbbugxkfsbmqcjlbmjeaqyg/Build/Intermediates.noindex/gRPC.build/Debug-iphonesimulator/grpcWrapper.build/Objects-normal/arm64/empty.d --serialize-diagnostics /Users/fukushimatakumi/Library/Developer/Xcode/DerivedData/SugarBeat-hgoxfxbbugxkfsbmqcjlbmjeaqyg/Build/Intermediates.noindex/gRPC.build/Debug-iphonesimulator/grpcWrapper.build/Objects-normal/arm64/empty.dia -c /Users/fukushimatakumi/Library/Developer/Xcode/DerivedData/SugarBeat-hgoxfxbbugxkfsbmqcjlbmjeaqyg/SourcePackages/checkouts/grpc-binary/grpc-Wrapper/empty.m -o /Users/fukushimatakumi/Library/Developer/Xcode/DerivedData/SugarBeat-hgoxfxbbugxkfsbmqcjlbmjeaqyg/Build/Intermediates.noindex/gRPC.build/Debug-iphonesimulator/grpcWrapper.build/Objects-normal/arm64/empty.o -index-unit-output-path /gRPC.build/Debug-iphonesimulator/grpcWrapper.build/Objects-normal/arm64/empty.o

CompileC /Users/fukushimatakumi/Library/Developer/Xcode/DerivedData/SugarBeat-hgoxfxbbugxkfsbmqcjlbmjeaqyg/Build/Intermediates.noindex/Firebase.build/Debug-iphonesimulator/FirebaseCore.build/Objects-normal/arm64/FIRLogger.o /Users/fukushimatakumi/Library/Developer/Xcode/DerivedData/SugarBeat-hgoxfxbbugxkfsbmqcjlbmjeaqyg/SourcePackages/checkouts/firebase-ios-sdk/FirebaseCore/Sources/FIRLogger.m normal arm64 objective-c com.apple.compilers.llvm.clang.1_0.compiler (in target 'FirebaseCore' from project 'Firebase')
    cd /Users/fukushimatakumi/develop/sugarbeat/sugarbeat-front
    
    Using response file: /Users/fukushimatakumi/Library/Developer/Xcode/DerivedData/SugarBeat-hgoxfxbbugxkfsbmqcjlbmjeaqyg/Build/Intermediates.noindex/Firebase.build/Debug-iphonesimulator/FirebaseCore.build/Objects-normal/arm64/e6072d4f65d7061329687fe24e3d63a7-common-args.resp
    
    /Applications/Xcode.app/Contents/Developer/Toolchains/XcodeDefault.xctoolchain/usr/bin/clang -x objective-c -ivfsstatcache /Users/fukushimatakumi/Library/Developer/Xcode/DerivedData/SDKStatCaches.noindex/iphonesimulator18.4-22E235-71825a6d136aa4733edcbe86ece5525b.sdkstatcache -fmessage-length\=0 -fdiagnostics-show-note-include-stack -fmacro-backtrace-limit\=0 -fno-color-diagnostics -fmodules-prune-interval\=86400 -fmodules-prune-after\=345600 -fbuild-session-file\=/Users/fukushimatakumi/Library/Developer/Xcode/DerivedData/ModuleCache.noindex/Session.modulevalidation -fmodules-validate-once-per-build-session -Wnon-modular-include-in-framework-module -Werror\=non-modular-include-in-framework-module -Wno-trigraphs -Wno-missing-field-initializers -Wno-missing-prototypes -Wno-return-type -Wno-implicit-atomic-properties -Wno-objc-interface-ivars -Wno-arc-repeated-use-of-weak -Wno-missing-braces -Wparentheses -Wswitch -Wno-unused-function -Wno-unused-label -Wno-unused-parameter -Wno-unused-variable -Wunused-value -Wno-empty-body -Wno-uninitialized -Wno-unknown-pragmas -w -Wno-shadow -Wno-four-char-constants -Wno-conversion -Wno-constant-conversion -Wno-int-conversion -Wno-bool-conversion -Wno-enum-conversion -Wno-float-conversion -Wno-non-literal-null-conversion -Wno-objc-literal-conversion -Wshorten-64-to-32 -Wpointer-sign -Wno-newline-eof -Wno-selector -Wno-strict-selector-match -Wno-undeclared-selector -Wno-deprecated-implementations -Wno-implicit-fallthrough -fstrict-aliasing -Wprotocol -Wdeprecated-declarations -Wno-sign-conversion -Wno-infinite-recursion -Wno-comma -Wno-block-capture-autoreleasing -Wno-strict-prototypes -Wno-semicolon-before-method-body -index-store-path /Users/fukushimatakumi/Library/Developer/Xcode/DerivedData/SugarBeat-hgoxfxbbugxkfsbmqcjlbmjeaqyg/Index.noindex/DataStore @/Users/fukushimatakumi/Library/Developer/Xcode/DerivedData/SugarBeat-hgoxfxbbugxkfsbmqcjlbmjeaqyg/Build/Intermediates.noindex/Firebase.build/Debug-iphonesimulator/FirebaseCore.build/Objects-normal/arm64/e6072d4f65d7061329687fe24e3d63a7-common-args.resp -include /Users/fukushimatakumi/Library/Developer/Xcode/DerivedData/SugarBeat-hgoxfxbbugxkfsbmqcjlbmjeaqyg/Build/Intermediates.noindex/Firebase.build/Debug-iphonesimulator/FirebaseCore.build/DerivedSources/resource_bundle_accessor.h -MMD -MT dependencies -MF /Users/fukushimatakumi/Library/Developer/Xcode/DerivedData/SugarBeat-hgoxfxbbugxkfsbmqcjlbmjeaqyg/Build/Intermediates.noindex/Firebase.build/Debug-iphonesimulator/FirebaseCore.build/Objects-normal/arm64/FIRLogger.d --serialize-diagnostics /Users/fukushimatakumi/Library/Developer/Xcode/DerivedData/SugarBeat-hgoxfxbbugxkfsbmqcjlbmjeaqyg/Build/Intermediates.noindex/Firebase.build/Debug-iphonesimulator/FirebaseCore.build/Objects-normal/arm64/FIRLogger.dia -c /Users/fukushimatakumi/Library/Developer/Xcode/DerivedData/SugarBeat-hgoxfxbbugxkfsbmqcjlbmjeaqyg/SourcePackages/checkouts/firebase-ios-sdk/FirebaseCore/Sources/FIRLogger.m -o /Users/fukushimatakumi/Library/Developer/Xcode/DerivedData/SugarBeat-hgoxfxbbugxkfsbmqcjlbmjeaqyg/Build/Intermediates.noindex/Firebase.build/Debug-iphonesimulator/FirebaseCore.build/Objects-normal/arm64/FIRLogger.o -index-unit-output-path /Firebase.build/Debug-iphonesimulator/FirebaseCore.build/Objects-normal/arm64/FIRLogger.o

CompileC /Users/fukushimatakumi/Library/Developer/Xcode/DerivedData/SugarBeat-hgoxfxbbugxkfsbmqcjlbmjeaqyg/Build/Intermediates.noindex/Firebase.build/Debug-iphonesimulator/FirebaseCore.build/Objects-normal/arm64/FIRFirebaseUserAgent.o /Users/fukushimatakumi/Library/Developer/Xcode/DerivedData/SugarBeat-hgoxfxbbugxkfsbmqcjlbmjeaqyg/SourcePackages/checkouts/firebase-ios-sdk/FirebaseCore/Sources/FIRFirebaseUserAgent.m normal arm64 objective-c com.apple.compilers.llvm.clang.1_0.compiler (in target 'FirebaseCore' from project 'Firebase')
    cd /Users/fukushimatakumi/develop/sugarbeat/sugarbeat-front
    
    Using response file: /Users/fukushimatakumi/Library/Developer/Xcode/DerivedData/SugarBeat-hgoxfxbbugxkfsbmqcjlbmjeaqyg/Build/Intermediates.noindex/Firebase.build/Debug-iphonesimulator/FirebaseCore.build/Objects-normal/arm64/e6072d4f65d7061329687fe24e3d63a7-common-args.resp
    
    /Applications/Xcode.app/Contents/Developer/Toolchains/XcodeDefault.xctoolchain/usr/bin/clang -x objective-c -ivfsstatcache /Users/fukushimatakumi/Library/Developer/Xcode/DerivedData/SDKStatCaches.noindex/iphonesimulator18.4-22E235-71825a6d136aa4733edcbe86ece5525b.sdkstatcache -fmessage-length\=0 -fdiagnostics-show-note-include-stack -fmacro-backtrace-limit\=0 -fno-color-diagnostics -fmodules-prune-interval\=86400 -fmodules-prune-after\=345600 -fbuild-session-file\=/Users/fukushimatakumi/Library/Developer/Xcode/DerivedData/ModuleCache.noindex/Session.modulevalidation -fmodules-validate-once-per-build-session -Wnon-modular-include-in-framework-module -Werror\=non-modular-include-in-framework-module -Wno-trigraphs -Wno-missing-field-initializers -Wno-missing-prototypes -Wno-return-type -Wno-implicit-atomic-properties -Wno-objc-interface-ivars -Wno-arc-repeated-use-of-weak -Wno-missing-braces -Wparentheses -Wswitch -Wno-unused-function -Wno-unused-label -Wno-unused-parameter -Wno-unused-variable -Wunused-value -Wno-empty-body -Wno-uninitialized -Wno-unknown-pragmas -w -Wno-shadow -Wno-four-char-constants -Wno-conversion -Wno-constant-conversion -Wno-int-conversion -Wno-bool-conversion -Wno-enum-conversion -Wno-float-conversion -Wno-non-literal-null-conversion -Wno-objc-literal-conversion -Wshorten-64-to-32 -Wpointer-sign -Wno-newline-eof -Wno-selector -Wno-strict-selector-match -Wno-undeclared-selector -Wno-deprecated-implementations -Wno-implicit-fallthrough -fstrict-aliasing -Wprotocol -Wdeprecated-declarations -Wno-sign-conversion -Wno-infinite-recursion -Wno-comma -Wno-block-capture-autoreleasing -Wno-strict-prototypes -Wno-semicolon-before-method-body -index-store-path /Users/fukushimatakumi/Library/Developer/Xcode/DerivedData/SugarBeat-hgoxfxbbugxkfsbmqcjlbmjeaqyg/Index.noindex/DataStore @/Users/fukushimatakumi/Library/Developer/Xcode/DerivedData/SugarBeat-hgoxfxbbugxkfsbmqcjlbmjeaqyg/Build/Intermediates.noindex/Firebase.build/Debug-iphonesimulator/FirebaseCore.build/Objects-normal/arm64/e6072d4f65d7061329687fe24e3d63a7-common-args.resp -include /Users/fukushimatakumi/Library/Developer/Xcode/DerivedData/SugarBeat-hgoxfxbbugxkfsbmqcjlbmjeaqyg/Build/Intermediates.noindex/Firebase.build/Debug-iphonesimulator/FirebaseCore.build/DerivedSources/resource_bundle_accessor.h -MMD -MT dependencies -MF /Users/fukushimatakumi/Library/Developer/Xcode/DerivedData/SugarBeat-hgoxfxbbugxkfsbmqcjlbmjeaqyg/Build/Intermediates.noindex/Firebase.build/Debug-iphonesimulator/FirebaseCore.build/Objects-normal/arm64/FIRFirebaseUserAgent.d --serialize-diagnostics /Users/fukushimatakumi/Library/Developer/Xcode/DerivedData/SugarBeat-hgoxfxbbugxkfsbmqcjlbmjeaqyg/Build/Intermediates.noindex/Firebase.build/Debug-iphonesimulator/FirebaseCore.build/Objects-normal/arm64/FIRFirebaseUserAgent.dia -c /Users/fukushimatakumi/Library/Developer/Xcode/DerivedData/SugarBeat-hgoxfxbbugxkfsbmqcjlbmjeaqyg/SourcePackages/checkouts/firebase-ios-sdk/FirebaseCore/Sources/FIRFirebaseUserAgent.m -o /Users/fukushimatakumi/Library/Developer/Xcode/DerivedData/SugarBeat-hgoxfxbbugxkfsbmqcjlbmjeaqyg/Build/Intermediates.noindex/Firebase.build/Debug-iphonesimulator/FirebaseCore.build/Objects-normal/arm64/FIRFirebaseUserAgent.o -index-unit-output-path /Firebase.build/Debug-iphonesimulator/FirebaseCore.build/Objects-normal/arm64/FIRFirebaseUserAgent.o

Ld /Users/fukushimatakumi/Library/Developer/Xcode/DerivedData/SugarBeat-hgoxfxbbugxkfsbmqcjlbmjeaqyg/Build/Products/Debug-iphonesimulator/grpcWrapper.o normal (in target 'grpcWrapper' from project 'gRPC')
    cd /Users/fukushimatakumi/Library/Developer/Xcode/DerivedData/SugarBeat-hgoxfxbbugxkfsbmqcjlbmjeaqyg/SourcePackages/checkouts/grpc-binary
    /Applications/Xcode.app/Contents/Developer/Toolchains/XcodeDefault.xctoolchain/usr/bin/clang -Xlinker -reproducible -target arm64-apple-ios12.0-simulator -r -isysroot /Applications/Xcode.app/Contents/Developer/Platforms/iPhoneSimulator.platform/Developer/SDKs/iPhoneSimulator18.4.sdk -O0 -w -L/Users/fukushimatakumi/Library/Developer/Xcode/DerivedData/SugarBeat-hgoxfxbbugxkfsbmqcjlbmjeaqyg/Build/Intermediates.noindex/EagerLinkingTBDs/Debug-iphonesimulator -L/Users/fukushimatakumi/Library/Developer/Xcode/DerivedData/SugarBeat-hgoxfxbbugxkfsbmqcjlbmjeaqyg/Build/Products/Debug-iphonesimulator -L/Applications/Xcode.app/Contents/Developer/Platforms/iPhoneSimulator.platform/Developer/usr/lib -F/Users/fukushimatakumi/Library/Developer/Xcode/DerivedData/SugarBeat-hgoxfxbbugxkfsbmqcjlbmjeaqyg/Build/Intermediates.noindex/EagerLinkingTBDs/Debug-iphonesimulator -F/Users/fukushimatakumi/Library/Developer/Xcode/DerivedData/SugarBeat-hgoxfxbbugxkfsbmqcjlbmjeaqyg/Build/Products/Debug-iphonesimulator -iframework /Applications/Xcode.app/Contents/Developer/Platforms/iPhoneSimulator.platform/Developer/Library/Frameworks -iframework /Applications/Xcode.app/Contents/Developer/Platforms/iPhoneSimulator.platform/Developer/SDKs/iPhoneSimulator18.4.sdk/Developer/Library/Frameworks -filelist /Users/fukushimatakumi/Library/Developer/Xcode/DerivedData/SugarBeat-hgoxfxbbugxkfsbmqcjlbmjeaqyg/Build/Intermediates.noindex/gRPC.build/Debug-iphonesimulator/grpcWrapper.build/Objects-normal/arm64/grpcWrapper.LinkFileList -nostdlib -Xlinker -object_path_lto -Xlinker /Users/fukushimatakumi/Library/Developer/Xcode/DerivedData/SugarBeat-hgoxfxbbugxkfsbmqcjlbmjeaqyg/Build/Intermediates.noindex/gRPC.build/Debug-iphonesimulator/grpcWrapper.build/Objects-normal/arm64/grpcWrapper_lto.o -rdynamic -Xlinker -no_deduplicate -Xlinker -objc_abi_version -Xlinker 2 -Xlinker -dependency_info -Xlinker /Users/fukushimatakumi/Library/Developer/Xcode/DerivedData/SugarBeat-hgoxfxbbugxkfsbmqcjlbmjeaqyg/Build/Intermediates.noindex/gRPC.build/Debug-iphonesimulator/grpcWrapper.build/Objects-normal/arm64/grpcWrapper_dependency_info.dat -fobjc-arc -fobjc-link-runtime -o /Users/fukushimatakumi/Library/Developer/Xcode/DerivedData/SugarBeat-hgoxfxbbugxkfsbmqcjlbmjeaqyg/Build/Products/Debug-iphonesimulator/grpcWrapper.o

CompileC /Users/fukushimatakumi/Library/Developer/Xcode/DerivedData/SugarBeat-hgoxfxbbugxkfsbmqcjlbmjeaqyg/Build/Intermediates.noindex/Firebase.build/Debug-iphonesimulator/FirebaseCore.build/Objects-normal/arm64/FIRBundleUtil.o /Users/fukushimatakumi/Library/Developer/Xcode/DerivedData/SugarBeat-hgoxfxbbugxkfsbmqcjlbmjeaqyg/SourcePackages/checkouts/firebase-ios-sdk/FirebaseCore/Sources/FIRBundleUtil.m normal arm64 objective-c com.apple.compilers.llvm.clang.1_0.compiler (in target 'FirebaseCore' from project 'Firebase')
    cd /Users/fukushimatakumi/develop/sugarbeat/sugarbeat-front
    
    Using response file: /Users/fukushimatakumi/Library/Developer/Xcode/DerivedData/SugarBeat-hgoxfxbbugxkfsbmqcjlbmjeaqyg/Build/Intermediates.noindex/Firebase.build/Debug-iphonesimulator/FirebaseCore.build/Objects-normal/arm64/e6072d4f65d7061329687fe24e3d63a7-common-args.resp
    
    /Applications/Xcode.app/Contents/Developer/Toolchains/XcodeDefault.xctoolchain/usr/bin/clang -x objective-c -ivfsstatcache /Users/fukushimatakumi/Library/Developer/Xcode/DerivedData/SDKStatCaches.noindex/iphonesimulator18.4-22E235-71825a6d136aa4733edcbe86ece5525b.sdkstatcache -fmessage-length\=0 -fdiagnostics-show-note-include-stack -fmacro-backtrace-limit\=0 -fno-color-diagnostics -fmodules-prune-interval\=86400 -fmodules-prune-after\=345600 -fbuild-session-file\=/Users/fukushimatakumi/Library/Developer/Xcode/DerivedData/ModuleCache.noindex/Session.modulevalidation -fmodules-validate-once-per-build-session -Wnon-modular-include-in-framework-module -Werror\=non-modular-include-in-framework-module -Wno-trigraphs -Wno-missing-field-initializers -Wno-missing-prototypes -Wno-return-type -Wno-implicit-atomic-properties -Wno-objc-interface-ivars -Wno-arc-repeated-use-of-weak -Wno-missing-braces -Wparentheses -Wswitch -Wno-unused-function -Wno-unused-label -Wno-unused-parameter -Wno-unused-variable -Wunused-value -Wno-empty-body -Wno-uninitialized -Wno-unknown-pragmas -w -Wno-shadow -Wno-four-char-constants -Wno-conversion -Wno-constant-conversion -Wno-int-conversion -Wno-bool-conversion -Wno-enum-conversion -Wno-float-conversion -Wno-non-literal-null-conversion -Wno-objc-literal-conversion -Wshorten-64-to-32 -Wpointer-sign -Wno-newline-eof -Wno-selector -Wno-strict-selector-match -Wno-undeclared-selector -Wno-deprecated-implementations -Wno-implicit-fallthrough -fstrict-aliasing -Wprotocol -Wdeprecated-declarations -Wno-sign-conversion -Wno-infinite-recursion -Wno-comma -Wno-block-capture-autoreleasing -Wno-strict-prototypes -Wno-semicolon-before-method-body -index-store-path /Users/fukushimatakumi/Library/Developer/Xcode/DerivedData/SugarBeat-hgoxfxbbugxkfsbmqcjlbmjeaqyg/Index.noindex/DataStore @/Users/fukushimatakumi/Library/Developer/Xcode/DerivedData/SugarBeat-hgoxfxbbugxkfsbmqcjlbmjeaqyg/Build/Intermediates.noindex/Firebase.build/Debug-iphonesimulator/FirebaseCore.build/Objects-normal/arm64/e6072d4f65d7061329687fe24e3d63a7-common-args.resp -include /Users/fukushimatakumi/Library/Developer/Xcode/DerivedData/SugarBeat-hgoxfxbbugxkfsbmqcjlbmjeaqyg/Build/Intermediates.noindex/Firebase.build/Debug-iphonesimulator/FirebaseCore.build/DerivedSources/resource_bundle_accessor.h -MMD -MT dependencies -MF /Users/fukushimatakumi/Library/Developer/Xcode/DerivedData/SugarBeat-hgoxfxbbugxkfsbmqcjlbmjeaqyg/Build/Intermediates.noindex/Firebase.build/Debug-iphonesimulator/FirebaseCore.build/Objects-normal/arm64/FIRBundleUtil.d --serialize-diagnostics /Users/fukushimatakumi/Library/Developer/Xcode/DerivedData/SugarBeat-hgoxfxbbugxkfsbmqcjlbmjeaqyg/Build/Intermediates.noindex/Firebase.build/Debug-iphonesimulator/FirebaseCore.build/Objects-normal/arm64/FIRBundleUtil.dia -c /Users/fukushimatakumi/Library/Developer/Xcode/DerivedData/SugarBeat-hgoxfxbbugxkfsbmqcjlbmjeaqyg/SourcePackages/checkouts/firebase-ios-sdk/FirebaseCore/Sources/FIRBundleUtil.m -o /Users/fukushimatakumi/Library/Developer/Xcode/DerivedData/SugarBeat-hgoxfxbbugxkfsbmqcjlbmjeaqyg/Build/Intermediates.noindex/Firebase.build/Debug-iphonesimulator/FirebaseCore.build/Objects-normal/arm64/FIRBundleUtil.o -index-unit-output-path /Firebase.build/Debug-iphonesimulator/FirebaseCore.build/Objects-normal/arm64/FIRBundleUtil.o

PrecompileModule /Users/fukushimatakumi/Library/Developer/Xcode/DerivedData/SugarBeat-hgoxfxbbugxkfsbmqcjlbmjeaqyg/Build/Intermediates.noindex/ExplicitPrecompiledModules/Metal-84J4HNQ1MXTK9AH9YBHP838BS.scan
    cd /Users/fukushimatakumi/develop/sugarbeat/sugarbeat-front
    builtin-precompileModule /Users/fukushimatakumi/Library/Developer/Xcode/DerivedData/SugarBeat-hgoxfxbbugxkfsbmqcjlbmjeaqyg/Build/Intermediates.noindex/ExplicitPrecompiledModules/Metal-84J4HNQ1MXTK9AH9YBHP838BS.scan

SwiftCompile normal arm64 Compiling\ GoogleSignInButtonStyling.swift /Users/fukushimatakumi/Library/Developer/Xcode/DerivedData/SugarBeat-hgoxfxbbugxkfsbmqcjlbmjeaqyg/SourcePackages/checkouts/GoogleSignIn-iOS/GoogleSignInSwift/Sources/GoogleSignInButtonStyling.swift (in target 'GoogleSignInSwift' from project 'GoogleSignIn')

SwiftCompile normal arm64 /Users/fukushimatakumi/Library/Developer/Xcode/DerivedData/SugarBeat-hgoxfxbbugxkfsbmqcjlbmjeaqyg/SourcePackages/checkouts/GoogleSignIn-iOS/GoogleSignInSwift/Sources/GoogleSignInButtonStyling.swift (in target 'GoogleSignInSwift' from project 'GoogleSignIn')
    cd /Users/fukushimatakumi/develop/sugarbeat/sugarbeat-front
    

SwiftCompile normal arm64 Compiling\ GoogleSignInButtonStrings.swift /Users/fukushimatakumi/Library/Developer/Xcode/DerivedData/SugarBeat-hgoxfxbbugxkfsbmqcjlbmjeaqyg/SourcePackages/checkouts/GoogleSignIn-iOS/GoogleSignInSwift/Sources/GoogleSignInButtonStrings.swift (in target 'GoogleSignInSwift' from project 'GoogleSignIn')

SwiftCompile normal arm64 /Users/fukushimatakumi/Library/Developer/Xcode/DerivedData/SugarBeat-hgoxfxbbugxkfsbmqcjlbmjeaqyg/SourcePackages/checkouts/GoogleSignIn-iOS/GoogleSignInSwift/Sources/GoogleSignInButtonStrings.swift (in target 'GoogleSignInSwift' from project 'GoogleSignIn')
    cd /Users/fukushimatakumi/develop/sugarbeat/sugarbeat-front
    

SwiftCompile normal arm64 Compiling\ GoogleSignInButtonViewModel.swift /Users/fukushimatakumi/Library/Developer/Xcode/DerivedData/SugarBeat-hgoxfxbbugxkfsbmqcjlbmjeaqyg/SourcePackages/checkouts/GoogleSignIn-iOS/GoogleSignInSwift/Sources/GoogleSignInButtonViewModel.swift (in target 'GoogleSignInSwift' from project 'GoogleSignIn')

SwiftCompile normal arm64 /Users/fukushimatakumi/Library/Developer/Xcode/DerivedData/SugarBeat-hgoxfxbbugxkfsbmqcjlbmjeaqyg/SourcePackages/checkouts/GoogleSignIn-iOS/GoogleSignInSwift/Sources/GoogleSignInButtonViewModel.swift (in target 'GoogleSignInSwift' from project 'GoogleSignIn')
    cd /Users/fukushimatakumi/develop/sugarbeat/sugarbeat-front
    

SwiftDriverJobDiscovery normal arm64 Compiling WithdrawMFAResponse.swift, AuthProto.swift, AuthProtoMFAEnrollment.swift, AuthProtoFinalizeMFAPhoneRequestInfo.swift, AuthProtoFinalizeMFAPhoneResponseInfo.swift, AuthProtoStartMFAPhoneRequestInfo.swift, AuthProtoStartMFAPhoneResponseInfo.swift, AuthProtoFinalizeMFATOTPEnrollmentRequestInfo.swift, AuthProtoFinalizeMFATOTPEnrollmentResponseInfo.swift, AuthProtoFinalizeMFATOTPSignInRequestInfo.swift, AuthProtoStartMFATOTPEnrollmentRequestInfo.swift, AuthProtoStartMFATOTPEnrollmentResponseInfo.swift, ResetPasswordRequest.swift, ResetPasswordResponse.swift (in target 'FirebaseAuth' from project 'Firebase')

SwiftCompile normal arm64 Compiling\ resource_bundle_accessor.swift /Users/fukushimatakumi/Library/Developer/Xcode/DerivedData/SugarBeat-hgoxfxbbugxkfsbmqcjlbmjeaqyg/Build/Intermediates.noindex/GoogleSignIn.build/Debug-iphonesimulator/GoogleSignInSwift.build/DerivedSources/resource_bundle_accessor.swift (in target 'GoogleSignInSwift' from project 'GoogleSignIn')

SwiftCompile normal arm64 /Users/fukushimatakumi/Library/Developer/Xcode/DerivedData/SugarBeat-hgoxfxbbugxkfsbmqcjlbmjeaqyg/Build/Intermediates.noindex/GoogleSignIn.build/Debug-iphonesimulator/GoogleSignInSwift.build/DerivedSources/resource_bundle_accessor.swift (in target 'GoogleSignInSwift' from project 'GoogleSignIn')
    cd /Users/fukushimatakumi/develop/sugarbeat/sugarbeat-front
    

SwiftCompile normal arm64 Compiling\ GoogleSignInButton.swift /Users/fukushimatakumi/Library/Developer/Xcode/DerivedData/SugarBeat-hgoxfxbbugxkfsbmqcjlbmjeaqyg/SourcePackages/checkouts/GoogleSignIn-iOS/GoogleSignInSwift/Sources/GoogleSignInButton.swift (in target 'GoogleSignInSwift' from project 'GoogleSignIn')

SwiftCompile normal arm64 /Users/fukushimatakumi/Library/Developer/Xcode/DerivedData/SugarBeat-hgoxfxbbugxkfsbmqcjlbmjeaqyg/SourcePackages/checkouts/GoogleSignIn-iOS/GoogleSignInSwift/Sources/GoogleSignInButton.swift (in target 'GoogleSignInSwift' from project 'GoogleSignIn')
    cd /Users/fukushimatakumi/develop/sugarbeat/sugarbeat-front
    

PrecompileModule /Users/fukushimatakumi/Library/Developer/Xcode/DerivedData/SugarBeat-hgoxfxbbugxkfsbmqcjlbmjeaqyg/Build/Intermediates.noindex/ExplicitPrecompiledModules/CoreVideo-292YISW476IRV58TJUA92J1IZ.scan
    cd /Users/fukushimatakumi/develop/sugarbeat/sugarbeat-front
    builtin-precompileModule /Users/fukushimatakumi/Library/Developer/Xcode/DerivedData/SugarBeat-hgoxfxbbugxkfsbmqcjlbmjeaqyg/Build/Intermediates.noindex/ExplicitPrecompiledModules/CoreVideo-292YISW476IRV58TJUA92J1IZ.scan

SwiftDriverJobDiscovery normal arm64 Emitting module for GoogleSignInSwift (in target 'GoogleSignInSwift' from project 'GoogleSignIn')

SwiftDriver\ Compilation\ Requirements GoogleSignInSwift normal arm64 com.apple.xcode.tools.swift.compiler (in target 'GoogleSignInSwift' from project 'GoogleSignIn')
    cd /Users/fukushimatakumi/develop/sugarbeat/sugarbeat-front
    builtin-Swift-Compilation-Requirements -- /Applications/Xcode.app/Contents/Developer/Toolchains/XcodeDefault.xctoolchain/usr/bin/swiftc -module-name GoogleSignInSwift -Onone -enforce-exclusivity\=checked @/Users/fukushimatakumi/Library/Developer/Xcode/DerivedData/SugarBeat-hgoxfxbbugxkfsbmqcjlbmjeaqyg/Build/Intermediates.noindex/GoogleSignIn.build/Debug-iphonesimulator/GoogleSignInSwift.build/Objects-normal/arm64/GoogleSignInSwift.SwiftFileList -DSWIFT_PACKAGE -DDEBUG -Xcc -fmodule-map-file\=/Users/fukushimatakumi/Library/Developer/Xcode/DerivedData/SugarBeat-hgoxfxbbugxkfsbmqcjlbmjeaqyg/Build/Intermediates.noindex/GeneratedModuleMaps-iphonesimulator/AppAuth.modulemap -Xcc -fmodule-map-file\=/Users/fukushimatakumi/Library/Developer/Xcode/DerivedData/SugarBeat-hgoxfxbbugxkfsbmqcjlbmjeaqyg/Build/Intermediates.noindex/GeneratedModuleMaps-iphonesimulator/AppAuthCore.modulemap -Xcc -fmodule-map-file\=/Users/fukushimatakumi/Library/Developer/Xcode/DerivedData/SugarBeat-hgoxfxbbugxkfsbmqcjlbmjeaqyg/Build/Intermediates.noindex/GeneratedModuleMaps-iphonesimulator/GoogleUtilities-Logger.modulemap -Xcc -fmodule-map-file\=/Users/fukushimatakumi/Library/Developer/Xcode/DerivedData/SugarBeat-hgoxfxbbugxkfsbmqcjlbmjeaqyg/Build/Intermediates.noindex/GeneratedModuleMaps-iphonesimulator/GoogleUtilities-Environment.modulemap -Xcc -fmodule-map-file\=/Users/fukushimatakumi/Library/Developer/Xcode/DerivedData/SugarBeat-hgoxfxbbugxkfsbmqcjlbmjeaqyg/Build/Intermediates.noindex/GeneratedModuleMaps-iphonesimulator/third-party-IsAppEncrypted.modulemap -Xcc -fmodule-map-file\=/Users/fukushimatakumi/Library/Developer/Xcode/DerivedData/SugarBeat-hgoxfxbbugxkfsbmqcjlbmjeaqyg/Build/Intermediates.noindex/GeneratedModuleMaps-iphonesimulator/GoogleUtilities-UserDefaults.modulemap -Xcc -fmodule-map-file\=/Users/fukushimatakumi/Library/Developer/Xcode/DerivedData/SugarBeat-hgoxfxbbugxkfsbmqcjlbmjeaqyg/Build/Intermediates.noindex/GeneratedModuleMaps-iphonesimulator/AppCheckCore.modulemap -Xcc -fmodule-map-file\=/Users/fukushimatakumi/Library/Developer/Xcode/DerivedData/SugarBeat-hgoxfxbbugxkfsbmqcjlbmjeaqyg/Build/Intermediates.noindex/GeneratedModuleMaps-iphonesimulator/GTMSessionFetcherCore.modulemap -Xcc -fmodule-map-file\=/Users/fukushimatakumi/Library/Developer/Xcode/DerivedData/SugarBeat-hgoxfxbbugxkfsbmqcjlbmjeaqyg/Build/Intermediates.noindex/GeneratedModuleMaps-iphonesimulator/GoogleSignIn.modulemap -DXcode -plugin-path /Applications/Xcode.app/Contents/Developer/Toolchains/XcodeDefault.xctoolchain/usr/lib/swift/host/plugins/testing -enable-experimental-feature DebugDescriptionMacro -sdk /Applications/Xcode.app/Contents/Developer/Platforms/iPhoneSimulator.platform/Developer/SDKs/iPhoneSimulator18.4.sdk -target arm64-apple-ios12.0-simulator -g -module-cache-path /Users/fukushimatakumi/Library/Developer/Xcode/DerivedData/ModuleCache.noindex -Xfrontend -serialize-debugging-options -enable-testing -suppress-warnings -index-store-path /Users/fukushimatakumi/Library/Developer/Xcode/DerivedData/SugarBeat-hgoxfxbbugxkfsbmqcjlbmjeaqyg/Index.noindex/DataStore -swift-version 6 -I /Users/fukushimatakumi/Library/Developer/Xcode/DerivedData/SugarBeat-hgoxfxbbugxkfsbmqcjlbmjeaqyg/Build/Products/Debug-iphonesimulator -I /Applications/Xcode.app/Contents/Developer/Platforms/iPhoneSimulator.platform/Developer/usr/lib -F /Users/fukushimatakumi/Library/Developer/Xcode/DerivedData/SugarBeat-hgoxfxbbugxkfsbmqcjlbmjeaqyg/Build/Products/Debug-iphonesimulator/PackageFrameworks -F /Users/fukushimatakumi/Library/Developer/Xcode/DerivedData/SugarBeat-hgoxfxbbugxkfsbmqcjlbmjeaqyg/Build/Products/Debug-iphonesimulator/PackageFrameworks -F /Users/fukushimatakumi/Library/Developer/Xcode/DerivedData/SugarBeat-hgoxfxbbugxkfsbmqcjlbmjeaqyg/Build/Products/Debug-iphonesimulator/PackageFrameworks -F /Users/fukushimatakumi/Library/Developer/Xcode/DerivedData/SugarBeat-hgoxfxbbugxkfsbmqcjlbmjeaqyg/Build/Products/Debug-iphonesimulator/PackageFrameworks -F /Users/fukushimatakumi/Library/Developer/Xcode/DerivedData/SugarBeat-hgoxfxbbugxkfsbmqcjlbmjeaqyg/Build/Products/Debug-iphonesimulator/PackageFrameworks -F /Users/fukushimatakumi/Library/Developer/Xcode/DerivedData/SugarBeat-hgoxfxbbugxkfsbmqcjlbmjeaqyg/Build/Products/Debug-iphonesimulator/PackageFrameworks -F /Users/fukushimatakumi/Library/Developer/Xcode/DerivedData/SugarBeat-hgoxfxbbugxkfsbmqcjlbmjeaqyg/Build/Products/Debug-iphonesimulator/PackageFrameworks -F /Users/fukushimatakumi/Library/Developer/Xcode/DerivedData/SugarBeat-hgoxfxbbugxkfsbmqcjlbmjeaqyg/Build/Products/Debug-iphonesimulator/PackageFrameworks -F /Users/fukushimatakumi/Library/Developer/Xcode/DerivedData/SugarBeat-hgoxfxbbugxkfsbmqcjlbmjeaqyg/Build/Products/Debug-iphonesimulator/PackageFrameworks -F /Users/fukushimatakumi/Library/Developer/Xcode/DerivedData/SugarBeat-hgoxfxbbugxkfsbmqcjlbmjeaqyg/Build/Products/Debug-iphonesimulator/PackageFrameworks -F /Users/fukushimatakumi/Library/Developer/Xcode/DerivedData/SugarBeat-hgoxfxbbugxkfsbmqcjlbmjeaqyg/Build/Products/Debug-iphonesimulator/PackageFrameworks -F /Users/fukushimatakumi/Library/Developer/Xcode/DerivedData/SugarBeat-hgoxfxbbugxkfsbmqcjlbmjeaqyg/Build/Products/Debug-iphonesimulator -F /Applications/Xcode.app/Contents/Developer/Platforms/iPhoneSimulator.platform/Developer/Library/Frameworks -F /Applications/Xcode.app/Contents/Developer/Platforms/iPhoneSimulator.platform/Developer/SDKs/iPhoneSimulator18.4.sdk/Developer/Library/Frameworks -emit-localized-strings -emit-localized-strings-path /Users/fukushimatakumi/Library/Developer/Xcode/DerivedData/SugarBeat-hgoxfxbbugxkfsbmqcjlbmjeaqyg/Build/Intermediates.noindex/GoogleSignIn.build/Debug-iphonesimulator/GoogleSignInSwift.build/Objects-normal/arm64 -c -j10 -enable-batch-mode -incremental -Xcc -ivfsstatcache -Xcc /Users/fukushimatakumi/Library/Developer/Xcode/DerivedData/SDKStatCaches.noindex/iphonesimulator18.4-22E235-71825a6d136aa4733edcbe86ece5525b.sdkstatcache -output-file-map /Users/fukushimatakumi/Library/Developer/Xcode/DerivedData/SugarBeat-hgoxfxbbugxkfsbmqcjlbmjeaqyg/Build/Intermediates.noindex/GoogleSignIn.build/Debug-iphonesimulator/GoogleSignInSwift.build/Objects-normal/arm64/GoogleSignInSwift-OutputFileMap.json -use-frontend-parseable-output -save-temps -no-color-diagnostics -serialize-diagnostics -emit-dependencies -emit-module -emit-module-path /Users/fukushimatakumi/Library/Developer/Xcode/DerivedData/SugarBeat-hgoxfxbbugxkfsbmqcjlbmjeaqyg/Build/Intermediates.noindex/GoogleSignIn.build/Debug-iphonesimulator/GoogleSignInSwift.build/Objects-normal/arm64/GoogleSignInSwift.swiftmodule -user-module-version 9.1.0 -validate-clang-modules-once -clang-build-session-file /Users/fukushimatakumi/Library/Developer/Xcode/DerivedData/ModuleCache.noindex/Session.modulevalidation -package-name googlesignin_ios -Xcc -I/Users/fukushimatakumi/Library/Developer/Xcode/DerivedData/SugarBeat-hgoxfxbbugxkfsbmqcjlbmjeaqyg/Build/Intermediates.noindex/GoogleSignIn.build/Debug-iphonesimulator/GoogleSignInSwift.build/swift-overrides.hmap -emit-const-values -Xfrontend -const-gather-protocols-file -Xfrontend /Users/fukushimatakumi/Library/Developer/Xcode/DerivedData/SugarBeat-hgoxfxbbugxkfsbmqcjlbmjeaqyg/Build/Intermediates.noindex/GoogleSignIn.build/Debug-iphonesimulator/GoogleSignInSwift.build/Objects-normal/arm64/GoogleSignInSwift_const_extract_protocols.json -Xcc -I/Users/fukushimatakumi/Library/Developer/Xcode/DerivedData/SugarBeat-hgoxfxbbugxkfsbmqcjlbmjeaqyg/SourcePackages/checkouts/AppAuth-iOS/Sources/AppAuth -Xcc -I/Users/fukushimatakumi/Library/Developer/Xcode/DerivedData/SugarBeat-hgoxfxbbugxkfsbmqcjlbmjeaqyg/SourcePackages/checkouts/AppAuth-iOS/Sources/AppAuthCore -Xcc -I/Users/fukushimatakumi/Library/Developer/Xcode/DerivedData/SugarBeat-hgoxfxbbugxkfsbmqcjlbmjeaqyg/SourcePackages/checkouts/promises/Sources/FBLPromises/include -Xcc -I/Users/fukushimatakumi/Library/Developer/Xcode/DerivedData/SugarBeat-hgoxfxbbugxkfsbmqcjlbmjeaqyg/SourcePackages/checkouts/GoogleUtilities/GoogleUtilities/Logger/Public -Xcc -I/Users/fukushimatakumi/Library/Developer/Xcode/DerivedData/SugarBeat-hgoxfxbbugxkfsbmqcjlbmjeaqyg/SourcePackages/checkouts/GoogleUtilities/GoogleUtilities/Environment/Public -Xcc -I/Users/fukushimatakumi/Library/Developer/Xcode/DerivedData/SugarBeat-hgoxfxbbugxkfsbmqcjlbmjeaqyg/SourcePackages/checkouts/GoogleUtilities/third_party/IsAppEncrypted/Public -Xcc -I/Users/fukushimatakumi/Library/Developer/Xcode/DerivedData/SugarBeat-hgoxfxbbugxkfsbmqcjlbmjeaqyg/SourcePackages/checkouts/GoogleUtilities/GoogleUtilities/UserDefaults/Public -Xcc -I/Users/fukushimatakumi/Library/Developer/Xcode/DerivedData/SugarBeat-hgoxfxbbugxkfsbmqcjlbmjeaqyg/SourcePackages/checkouts/app-check/AppCheckCore/Sources/Public -Xcc -I/Users/fukushimatakumi/Library/Developer/Xcode/DerivedData/SugarBeat-hgoxfxbbugxkfsbmqcjlbmjeaqyg/SourcePackages/checkouts/gtm-session-fetcher/Sources/Core/Public -Xcc -I/Users/fukushimatakumi/Library/Developer/Xcode/DerivedData/SugarBeat-hgoxfxbbugxkfsbmqcjlbmjeaqyg/SourcePackages/checkouts/GoogleSignIn-iOS/GoogleSignIn/Sources/Public -Xcc -I/Users/fukushimatakumi/Library/Developer/Xcode/DerivedData/SugarBeat-hgoxfxbbugxkfsbmqcjlbmjeaqyg/Build/Products/Debug-iphonesimulator/include -Xcc -I/Users/fukushimatakumi/Library/Developer/Xcode/DerivedData/SugarBeat-hgoxfxbbugxkfsbmqcjlbmjeaqyg/Build/Intermediates.noindex/GoogleSignIn.build/Debug-iphonesimulator/GoogleSignInSwift.build/DerivedSources-normal/arm64 -Xcc -I/Users/fukushimatakumi/Library/Developer/Xcode/DerivedData/SugarBeat-hgoxfxbbugxkfsbmqcjlbmjeaqyg/Build/Intermediates.noindex/GoogleSignIn.build/Debug-iphonesimulator/GoogleSignInSwift.build/DerivedSources/arm64 -Xcc -I/Users/fukushimatakumi/Library/Developer/Xcode/DerivedData/SugarBeat-hgoxfxbbugxkfsbmqcjlbmjeaqyg/Build/Intermediates.noindex/GoogleSignIn.build/Debug-iphonesimulator/GoogleSignInSwift.build/DerivedSources -Xcc -DSWIFT_PACKAGE -Xcc -DDEBUG\=1 -emit-objc-header -emit-objc-header-path /Users/fukushimatakumi/Library/Developer/Xcode/DerivedData/SugarBeat-hgoxfxbbugxkfsbmqcjlbmjeaqyg/Build/Intermediates.noindex/GoogleSignIn.build/Debug-iphonesimulator/GoogleSignInSwift.build/Objects-normal/arm64/GoogleSignInSwift-Swift.h -working-directory /Users/fukushimatakumi/develop/sugarbeat/sugarbeat-front -experimental-emit-module-separately -disable-cmo

PrecompileModule /Users/fukushimatakumi/Library/Developer/Xcode/DerivedData/SugarBeat-hgoxfxbbugxkfsbmqcjlbmjeaqyg/Build/Intermediates.noindex/ExplicitPrecompiledModules/CoreImage-B68HJ3RED0NWOEF7YJZSKSRLG.scan
    cd /Users/fukushimatakumi/develop/sugarbeat/sugarbeat-front
    builtin-precompileModule /Users/fukushimatakumi/Library/Developer/Xcode/DerivedData/SugarBeat-hgoxfxbbugxkfsbmqcjlbmjeaqyg/Build/Intermediates.noindex/ExplicitPrecompiledModules/CoreImage-B68HJ3RED0NWOEF7YJZSKSRLG.scan

SwiftDriverJobDiscovery normal arm64 Compiling GoogleSignInButtonStrings.swift (in target 'GoogleSignInSwift' from project 'GoogleSignIn')

PrecompileModule /Users/fukushimatakumi/Library/Developer/Xcode/DerivedData/SugarBeat-hgoxfxbbugxkfsbmqcjlbmjeaqyg/Build/Intermediates.noindex/ExplicitPrecompiledModules/QuartzCore-BIX1RTMC56G8T1YF39FXVBTDV.scan
    cd /Users/fukushimatakumi/develop/sugarbeat/sugarbeat-front
    builtin-precompileModule /Users/fukushimatakumi/Library/Developer/Xcode/DerivedData/SugarBeat-hgoxfxbbugxkfsbmqcjlbmjeaqyg/Build/Intermediates.noindex/ExplicitPrecompiledModules/QuartzCore-BIX1RTMC56G8T1YF39FXVBTDV.scan

SwiftMergeGeneratedHeaders /Users/fukushimatakumi/Library/Developer/Xcode/DerivedData/SugarBeat-hgoxfxbbugxkfsbmqcjlbmjeaqyg/Build/Intermediates.noindex/GeneratedModuleMaps-iphonesimulator/GoogleSignInSwift-Swift.h /Users/fukushimatakumi/Library/Developer/Xcode/DerivedData/SugarBeat-hgoxfxbbugxkfsbmqcjlbmjeaqyg/Build/Intermediates.noindex/GoogleSignIn.build/Debug-iphonesimulator/GoogleSignInSwift.build/Objects-normal/arm64/GoogleSignInSwift-Swift.h (in target 'GoogleSignInSwift' from project 'GoogleSignIn')
    cd /Users/fukushimatakumi/Library/Developer/Xcode/DerivedData/SugarBeat-hgoxfxbbugxkfsbmqcjlbmjeaqyg/SourcePackages/checkouts/GoogleSignIn-iOS
    builtin-swiftHeaderTool -arch arm64 /Users/fukushimatakumi/Library/Developer/Xcode/DerivedData/SugarBeat-hgoxfxbbugxkfsbmqcjlbmjeaqyg/Build/Intermediates.noindex/GoogleSignIn.build/Debug-iphonesimulator/GoogleSignInSwift.build/Objects-normal/arm64/GoogleSignInSwift-Swift.h -o /Users/fukushimatakumi/Library/Developer/Xcode/DerivedData/SugarBeat-hgoxfxbbugxkfsbmqcjlbmjeaqyg/Build/Intermediates.noindex/GeneratedModuleMaps-iphonesimulator/GoogleSignInSwift-Swift.h

SwiftDriverJobDiscovery normal arm64 Compiling GoogleSignInButtonViewModel.swift (in target 'GoogleSignInSwift' from project 'GoogleSignIn')

Copy /Users/fukushimatakumi/Library/Developer/Xcode/DerivedData/SugarBeat-hgoxfxbbugxkfsbmqcjlbmjeaqyg/Build/Products/Debug-iphonesimulator/GoogleSignInSwift.swiftmodule/arm64-apple-ios-simulator.swiftmodule /Users/fukushimatakumi/Library/Developer/Xcode/DerivedData/SugarBeat-hgoxfxbbugxkfsbmqcjlbmjeaqyg/Build/Intermediates.noindex/GoogleSignIn.build/Debug-iphonesimulator/GoogleSignInSwift.build/Objects-normal/arm64/GoogleSignInSwift.swiftmodule (in target 'GoogleSignInSwift' from project 'GoogleSignIn')
    cd /Users/fukushimatakumi/Library/Developer/Xcode/DerivedData/SugarBeat-hgoxfxbbugxkfsbmqcjlbmjeaqyg/SourcePackages/checkouts/GoogleSignIn-iOS
    builtin-copy -exclude .DS_Store -exclude CVS -exclude .svn -exclude .git -exclude .hg -resolve-src-symlinks -rename /Users/fukushimatakumi/Library/Developer/Xcode/DerivedData/SugarBeat-hgoxfxbbugxkfsbmqcjlbmjeaqyg/Build/Intermediates.noindex/GoogleSignIn.build/Debug-iphonesimulator/GoogleSignInSwift.build/Objects-normal/arm64/GoogleSignInSwift.swiftmodule /Users/fukushimatakumi/Library/Developer/Xcode/DerivedData/SugarBeat-hgoxfxbbugxkfsbmqcjlbmjeaqyg/Build/Products/Debug-iphonesimulator/GoogleSignInSwift.swiftmodule/arm64-apple-ios-simulator.swiftmodule

Copy /Users/fukushimatakumi/Library/Developer/Xcode/DerivedData/SugarBeat-hgoxfxbbugxkfsbmqcjlbmjeaqyg/Build/Products/Debug-iphonesimulator/GoogleSignInSwift.swiftmodule/arm64-apple-ios-simulator.abi.json /Users/fukushimatakumi/Library/Developer/Xcode/DerivedData/SugarBeat-hgoxfxbbugxkfsbmqcjlbmjeaqyg/Build/Intermediates.noindex/GoogleSignIn.build/Debug-iphonesimulator/GoogleSignInSwift.build/Objects-normal/arm64/GoogleSignInSwift.abi.json (in target 'GoogleSignInSwift' from project 'GoogleSignIn')
    cd /Users/fukushimatakumi/Library/Developer/Xcode/DerivedData/SugarBeat-hgoxfxbbugxkfsbmqcjlbmjeaqyg/SourcePackages/checkouts/GoogleSignIn-iOS
    builtin-copy -exclude .DS_Store -exclude CVS -exclude .svn -exclude .git -exclude .hg -resolve-src-symlinks -rename /Users/fukushimatakumi/Library/Developer/Xcode/DerivedData/SugarBeat-hgoxfxbbugxkfsbmqcjlbmjeaqyg/Build/Intermediates.noindex/GoogleSignIn.build/Debug-iphonesimulator/GoogleSignInSwift.build/Objects-normal/arm64/GoogleSignInSwift.abi.json /Users/fukushimatakumi/Library/Developer/Xcode/DerivedData/SugarBeat-hgoxfxbbugxkfsbmqcjlbmjeaqyg/Build/Products/Debug-iphonesimulator/GoogleSignInSwift.swiftmodule/arm64-apple-ios-simulator.abi.json

Copy /Users/fukushimatakumi/Library/Developer/Xcode/DerivedData/SugarBeat-hgoxfxbbugxkfsbmqcjlbmjeaqyg/Build/Products/Debug-iphonesimulator/GoogleSignInSwift.swiftmodule/arm64-apple-ios-simulator.swiftdoc /Users/fukushimatakumi/Library/Developer/Xcode/DerivedData/SugarBeat-hgoxfxbbugxkfsbmqcjlbmjeaqyg/Build/Intermediates.noindex/GoogleSignIn.build/Debug-iphonesimulator/GoogleSignInSwift.build/Objects-normal/arm64/GoogleSignInSwift.swiftdoc (in target 'GoogleSignInSwift' from project 'GoogleSignIn')
    cd /Users/fukushimatakumi/Library/Developer/Xcode/DerivedData/SugarBeat-hgoxfxbbugxkfsbmqcjlbmjeaqyg/SourcePackages/checkouts/GoogleSignIn-iOS
    builtin-copy -exclude .DS_Store -exclude CVS -exclude .svn -exclude .git -exclude .hg -resolve-src-symlinks -rename /Users/fukushimatakumi/Library/Developer/Xcode/DerivedData/SugarBeat-hgoxfxbbugxkfsbmqcjlbmjeaqyg/Build/Intermediates.noindex/GoogleSignIn.build/Debug-iphonesimulator/GoogleSignInSwift.build/Objects-normal/arm64/GoogleSignInSwift.swiftdoc /Users/fukushimatakumi/Library/Developer/Xcode/DerivedData/SugarBeat-hgoxfxbbugxkfsbmqcjlbmjeaqyg/Build/Products/Debug-iphonesimulator/GoogleSignInSwift.swiftmodule/arm64-apple-ios-simulator.swiftdoc

SwiftDriverJobDiscovery normal arm64 Compiling resource_bundle_accessor.swift (in target 'GoogleSignInSwift' from project 'GoogleSignIn')

Copy /Users/fukushimatakumi/Library/Developer/Xcode/DerivedData/SugarBeat-hgoxfxbbugxkfsbmqcjlbmjeaqyg/Build/Products/Debug-iphonesimulator/GoogleSignInSwift.swiftmodule/Project/arm64-apple-ios-simulator.swiftsourceinfo /Users/fukushimatakumi/Library/Developer/Xcode/DerivedData/SugarBeat-hgoxfxbbugxkfsbmqcjlbmjeaqyg/Build/Intermediates.noindex/GoogleSignIn.build/Debug-iphonesimulator/GoogleSignInSwift.build/Objects-normal/arm64/GoogleSignInSwift.swiftsourceinfo (in target 'GoogleSignInSwift' from project 'GoogleSignIn')
    cd /Users/fukushimatakumi/Library/Developer/Xcode/DerivedData/SugarBeat-hgoxfxbbugxkfsbmqcjlbmjeaqyg/SourcePackages/checkouts/GoogleSignIn-iOS
    builtin-copy -exclude .DS_Store -exclude CVS -exclude .svn -exclude .git -exclude .hg -resolve-src-symlinks -rename /Users/fukushimatakumi/Library/Developer/Xcode/DerivedData/SugarBeat-hgoxfxbbugxkfsbmqcjlbmjeaqyg/Build/Intermediates.noindex/GoogleSignIn.build/Debug-iphonesimulator/GoogleSignInSwift.build/Objects-normal/arm64/GoogleSignInSwift.swiftsourceinfo /Users/fukushimatakumi/Library/Developer/Xcode/DerivedData/SugarBeat-hgoxfxbbugxkfsbmqcjlbmjeaqyg/Build/Products/Debug-iphonesimulator/GoogleSignInSwift.swiftmodule/Project/arm64-apple-ios-simulator.swiftsourceinfo

SwiftCompile normal arm64 Compiling\ GoogleSignInButtonBundleExtensions.swift /Users/fukushimatakumi/Library/Developer/Xcode/DerivedData/SugarBeat-hgoxfxbbugxkfsbmqcjlbmjeaqyg/SourcePackages/checkouts/GoogleSignIn-iOS/GoogleSignInSwift/Sources/GoogleSignInButtonBundleExtensions.swift (in target 'GoogleSignInSwift' from project 'GoogleSignIn')

SwiftCompile normal arm64 /Users/fukushimatakumi/Library/Developer/Xcode/DerivedData/SugarBeat-hgoxfxbbugxkfsbmqcjlbmjeaqyg/SourcePackages/checkouts/GoogleSignIn-iOS/GoogleSignInSwift/Sources/GoogleSignInButtonBundleExtensions.swift (in target 'GoogleSignInSwift' from project 'GoogleSignIn')
    cd /Users/fukushimatakumi/develop/sugarbeat/sugarbeat-front
    

ScanDependencies /Users/fukushimatakumi/Library/Developer/Xcode/DerivedData/SugarBeat-hgoxfxbbugxkfsbmqcjlbmjeaqyg/Build/Intermediates.noindex/GoogleSignIn.build/Debug-iphonesimulator/GoogleSignIn.build/Objects-normal/arm64/resource_bundle_accessor.o /Users/fukushimatakumi/Library/Developer/Xcode/DerivedData/SugarBeat-hgoxfxbbugxkfsbmqcjlbmjeaqyg/Build/Intermediates.noindex/GoogleSignIn.build/Debug-iphonesimulator/GoogleSignIn.build/DerivedSources/resource_bundle_accessor.m normal arm64 objective-c com.apple.compilers.llvm.clang.1_0.compiler (in target 'GoogleSignIn' from project 'GoogleSignIn')
    cd /Users/fukushimatakumi/develop/sugarbeat/sugarbeat-front
    
    Using response file: /Users/fukushimatakumi/Library/Developer/Xcode/DerivedData/SugarBeat-hgoxfxbbugxkfsbmqcjlbmjeaqyg/Build/Intermediates.noindex/GoogleSignIn.build/Debug-iphonesimulator/GoogleSignIn.build/Objects-normal/arm64/e6072d4f65d7061329687fe24e3d63a7-common-args.resp
    
    builtin-ScanDependencies -o /Users/fukushimatakumi/Library/Developer/Xcode/DerivedData/SugarBeat-hgoxfxbbugxkfsbmqcjlbmjeaqyg/Build/Intermediates.noindex/GoogleSignIn.build/Debug-iphonesimulator/GoogleSignIn.build/Objects-normal/arm64/resource_bundle_accessor.o.scan -- /Applications/Xcode.app/Contents/Developer/Toolchains/XcodeDefault.xctoolchain/usr/bin/clang -x objective-c -ivfsstatcache /Users/fukushimatakumi/Library/Developer/Xcode/DerivedData/SDKStatCaches.noindex/iphonesimulator18.4-22E235-71825a6d136aa4733edcbe86ece5525b.sdkstatcache -fmessage-length\=0 -fdiagnostics-show-note-include-stack -fmacro-backtrace-limit\=0 -fno-color-diagnostics -fmodules-prune-interval\=86400 -fmodules-prune-after\=345600 -fbuild-session-file\=/Users/fukushimatakumi/Library/Developer/Xcode/DerivedData/ModuleCache.noindex/Session.modulevalidation -fmodules-validate-once-per-build-session -Wnon-modular-include-in-framework-module -Werror\=non-modular-include-in-framework-module -Wno-trigraphs -Wno-missing-field-initializers -Wno-missing-prototypes -Wno-return-type -Wno-implicit-atomic-properties -Wno-objc-interface-ivars -Wno-arc-repeated-use-of-weak -Wno-missing-braces -Wparentheses -Wswitch -Wno-unused-function -Wno-unused-label -Wno-unused-parameter -Wno-unused-variable -Wunused-value -Wno-empty-body -Wno-uninitialized -Wno-unknown-pragmas -w -Wno-shadow -Wno-four-char-constants -Wno-conversion -Wno-constant-conversion -Wno-int-conversion -Wno-bool-conversion -Wno-enum-conversion -Wno-float-conversion -Wno-non-literal-null-conversion -Wno-objc-literal-conversion -Wshorten-64-to-32 -Wpointer-sign -Wno-newline-eof -Wno-selector -Wno-strict-selector-match -Wno-undeclared-selector -Wno-deprecated-implementations -Wno-implicit-fallthrough -fstrict-aliasing -Wprotocol -Wdeprecated-declarations -Wno-sign-conversion -Wno-infinite-recursion -Wno-comma -Wno-block-capture-autoreleasing -Wno-strict-prototypes -Wno-semicolon-before-method-body -index-store-path /Users/fukushimatakumi/Library/Developer/Xcode/DerivedData/SugarBeat-hgoxfxbbugxkfsbmqcjlbmjeaqyg/Index.noindex/DataStore @/Users/fukushimatakumi/Library/Developer/Xcode/DerivedData/SugarBeat-hgoxfxbbugxkfsbmqcjlbmjeaqyg/Build/Intermediates.noindex/GoogleSignIn.build/Debug-iphonesimulator/GoogleSignIn.build/Objects-normal/arm64/e6072d4f65d7061329687fe24e3d63a7-common-args.resp -include /Users/fukushimatakumi/Library/Developer/Xcode/DerivedData/SugarBeat-hgoxfxbbugxkfsbmqcjlbmjeaqyg/Build/Intermediates.noindex/GoogleSignIn.build/Debug-iphonesimulator/GoogleSignIn.build/DerivedSources/resource_bundle_accessor.h -MMD -MT dependencies -MF /Users/fukushimatakumi/Library/Developer/Xcode/DerivedData/SugarBeat-hgoxfxbbugxkfsbmqcjlbmjeaqyg/Build/Intermediates.noindex/GoogleSignIn.build/Debug-iphonesimulator/GoogleSignIn.build/Objects-normal/arm64/resource_bundle_accessor.d --serialize-diagnostics /Users/fukushimatakumi/Library/Developer/Xcode/DerivedData/SugarBeat-hgoxfxbbugxkfsbmqcjlbmjeaqyg/Build/Intermediates.noindex/GoogleSignIn.build/Debug-iphonesimulator/GoogleSignIn.build/Objects-normal/arm64/resource_bundle_accessor.dia -c /Users/fukushimatakumi/Library/Developer/Xcode/DerivedData/SugarBeat-hgoxfxbbugxkfsbmqcjlbmjeaqyg/Build/Intermediates.noindex/GoogleSignIn.build/Debug-iphonesimulator/GoogleSignIn.build/DerivedSources/resource_bundle_accessor.m -o /Users/fukushimatakumi/Library/Developer/Xcode/DerivedData/SugarBeat-hgoxfxbbugxkfsbmqcjlbmjeaqyg/Build/Intermediates.noindex/GoogleSignIn.build/Debug-iphonesimulator/GoogleSignIn.build/Objects-normal/arm64/resource_bundle_accessor.o -index-unit-output-path /GoogleSignIn.build/Debug-iphonesimulator/GoogleSignIn.build/Objects-normal/arm64/resource_bundle_accessor.o

ScanDependencies /Users/fukushimatakumi/Library/Developer/Xcode/DerivedData/SugarBeat-hgoxfxbbugxkfsbmqcjlbmjeaqyg/Build/Intermediates.noindex/GoogleSignIn.build/Debug-iphonesimulator/GoogleSignIn.build/Objects-normal/arm64/NSBundle+GID3PAdditions.o /Users/fukushimatakumi/Library/Developer/Xcode/DerivedData/SugarBeat-hgoxfxbbugxkfsbmqcjlbmjeaqyg/SourcePackages/checkouts/GoogleSignIn-iOS/GoogleSignIn/Sources/NSBundle+GID3PAdditions.m normal arm64 objective-c com.apple.compilers.llvm.clang.1_0.compiler (in target 'GoogleSignIn' from project 'GoogleSignIn')
    cd /Users/fukushimatakumi/develop/sugarbeat/sugarbeat-front
    
    Using response file: /Users/fukushimatakumi/Library/Developer/Xcode/DerivedData/SugarBeat-hgoxfxbbugxkfsbmqcjlbmjeaqyg/Build/Intermediates.noindex/GoogleSignIn.build/Debug-iphonesimulator/GoogleSignIn.build/Objects-normal/arm64/e6072d4f65d7061329687fe24e3d63a7-common-args.resp
    
    builtin-ScanDependencies -o /Users/fukushimatakumi/Library/Developer/Xcode/DerivedData/SugarBeat-hgoxfxbbugxkfsbmqcjlbmjeaqyg/Build/Intermediates.noindex/GoogleSignIn.build/Debug-iphonesimulator/GoogleSignIn.build/Objects-normal/arm64/NSBundle+GID3PAdditions.o.scan -- /Applications/Xcode.app/Contents/Developer/Toolchains/XcodeDefault.xctoolchain/usr/bin/clang -x objective-c -ivfsstatcache /Users/fukushimatakumi/Library/Developer/Xcode/DerivedData/SDKStatCaches.noindex/iphonesimulator18.4-22E235-71825a6d136aa4733edcbe86ece5525b.sdkstatcache -fmessage-length\=0 -fdiagnostics-show-note-include-stack -fmacro-backtrace-limit\=0 -fno-color-diagnostics -fmodules-prune-interval\=86400 -fmodules-prune-after\=345600 -fbuild-session-file\=/Users/fukushimatakumi/Library/Developer/Xcode/DerivedData/ModuleCache.noindex/Session.modulevalidation -fmodules-validate-once-per-build-session -Wnon-modular-include-in-framework-module -Werror\=non-modular-include-in-framework-module -Wno-trigraphs -Wno-missing-field-initializers -Wno-missing-prototypes -Wno-return-type -Wno-implicit-atomic-properties -Wno-objc-interface-ivars -Wno-arc-repeated-use-of-weak -Wno-missing-braces -Wparentheses -Wswitch -Wno-unused-function -Wno-unused-label -Wno-unused-parameter -Wno-unused-variable -Wunused-value -Wno-empty-body -Wno-uninitialized -Wno-unknown-pragmas -w -Wno-shadow -Wno-four-char-constants -Wno-conversion -Wno-constant-conversion -Wno-int-conversion -Wno-bool-conversion -Wno-enum-conversion -Wno-float-conversion -Wno-non-literal-null-conversion -Wno-objc-literal-conversion -Wshorten-64-to-32 -Wpointer-sign -Wno-newline-eof -Wno-selector -Wno-strict-selector-match -Wno-undeclared-selector -Wno-deprecated-implementations -Wno-implicit-fallthrough -fstrict-aliasing -Wprotocol -Wdeprecated-declarations -Wno-sign-conversion -Wno-infinite-recursion -Wno-comma -Wno-block-capture-autoreleasing -Wno-strict-prototypes -Wno-semicolon-before-method-body -index-store-path /Users/fukushimatakumi/Library/Developer/Xcode/DerivedData/SugarBeat-hgoxfxbbugxkfsbmqcjlbmjeaqyg/Index.noindex/DataStore @/Users/fukushimatakumi/Library/Developer/Xcode/DerivedData/SugarBeat-hgoxfxbbugxkfsbmqcjlbmjeaqyg/Build/Intermediates.noindex/GoogleSignIn.build/Debug-iphonesimulator/GoogleSignIn.build/Objects-normal/arm64/e6072d4f65d7061329687fe24e3d63a7-common-args.resp -include /Users/fukushimatakumi/Library/Developer/Xcode/DerivedData/SugarBeat-hgoxfxbbugxkfsbmqcjlbmjeaqyg/Build/Intermediates.noindex/GoogleSignIn.build/Debug-iphonesimulator/GoogleSignIn.build/DerivedSources/resource_bundle_accessor.h -MMD -MT dependencies -MF /Users/fukushimatakumi/Library/Developer/Xcode/DerivedData/SugarBeat-hgoxfxbbugxkfsbmqcjlbmjeaqyg/Build/Intermediates.noindex/GoogleSignIn.build/Debug-iphonesimulator/GoogleSignIn.build/Objects-normal/arm64/NSBundle+GID3PAdditions.d --serialize-diagnostics /Users/fukushimatakumi/Library/Developer/Xcode/DerivedData/SugarBeat-hgoxfxbbugxkfsbmqcjlbmjeaqyg/Build/Intermediates.noindex/GoogleSignIn.build/Debug-iphonesimulator/GoogleSignIn.build/Objects-normal/arm64/NSBundle+GID3PAdditions.dia -c /Users/fukushimatakumi/Library/Developer/Xcode/DerivedData/SugarBeat-hgoxfxbbugxkfsbmqcjlbmjeaqyg/SourcePackages/checkouts/GoogleSignIn-iOS/GoogleSignIn/Sources/NSBundle+GID3PAdditions.m -o /Users/fukushimatakumi/Library/Developer/Xcode/DerivedData/SugarBeat-hgoxfxbbugxkfsbmqcjlbmjeaqyg/Build/Intermediates.noindex/GoogleSignIn.build/Debug-iphonesimulator/GoogleSignIn.build/Objects-normal/arm64/NSBundle+GID3PAdditions.o -index-unit-output-path /GoogleSignIn.build/Debug-iphonesimulator/GoogleSignIn.build/Objects-normal/arm64/NSBundle+GID3PAdditions.o

ScanDependencies /Users/fukushimatakumi/Library/Developer/Xcode/DerivedData/SugarBeat-hgoxfxbbugxkfsbmqcjlbmjeaqyg/Build/Intermediates.noindex/GoogleSignIn.build/Debug-iphonesimulator/GoogleSignIn.build/Objects-normal/arm64/GIDToken.o /Users/fukushimatakumi/Library/Developer/Xcode/DerivedData/SugarBeat-hgoxfxbbugxkfsbmqcjlbmjeaqyg/SourcePackages/checkouts/GoogleSignIn-iOS/GoogleSignIn/Sources/GIDToken.m normal arm64 objective-c com.apple.compilers.llvm.clang.1_0.compiler (in target 'GoogleSignIn' from project 'GoogleSignIn')
    cd /Users/fukushimatakumi/develop/sugarbeat/sugarbeat-front
    
    Using response file: /Users/fukushimatakumi/Library/Developer/Xcode/DerivedData/SugarBeat-hgoxfxbbugxkfsbmqcjlbmjeaqyg/Build/Intermediates.noindex/GoogleSignIn.build/Debug-iphonesimulator/GoogleSignIn.build/Objects-normal/arm64/e6072d4f65d7061329687fe24e3d63a7-common-args.resp
    
    builtin-ScanDependencies -o /Users/fukushimatakumi/Library/Developer/Xcode/DerivedData/SugarBeat-hgoxfxbbugxkfsbmqcjlbmjeaqyg/Build/Intermediates.noindex/GoogleSignIn.build/Debug-iphonesimulator/GoogleSignIn.build/Objects-normal/arm64/GIDToken.o.scan -- /Applications/Xcode.app/Contents/Developer/Toolchains/XcodeDefault.xctoolchain/usr/bin/clang -x objective-c -ivfsstatcache /Users/fukushimatakumi/Library/Developer/Xcode/DerivedData/SDKStatCaches.noindex/iphonesimulator18.4-22E235-71825a6d136aa4733edcbe86ece5525b.sdkstatcache -fmessage-length\=0 -fdiagnostics-show-note-include-stack -fmacro-backtrace-limit\=0 -fno-color-diagnostics -fmodules-prune-interval\=86400 -fmodules-prune-after\=345600 -fbuild-session-file\=/Users/fukushimatakumi/Library/Developer/Xcode/DerivedData/ModuleCache.noindex/Session.modulevalidation -fmodules-validate-once-per-build-session -Wnon-modular-include-in-framework-module -Werror\=non-modular-include-in-framework-module -Wno-trigraphs -Wno-missing-field-initializers -Wno-missing-prototypes -Wno-return-type -Wno-implicit-atomic-properties -Wno-objc-interface-ivars -Wno-arc-repeated-use-of-weak -Wno-missing-braces -Wparentheses -Wswitch -Wno-unused-function -Wno-unused-label -Wno-unused-parameter -Wno-unused-variable -Wunused-value -Wno-empty-body -Wno-uninitialized -Wno-unknown-pragmas -w -Wno-shadow -Wno-four-char-constants -Wno-conversion -Wno-constant-conversion -Wno-int-conversion -Wno-bool-conversion -Wno-enum-conversion -Wno-float-conversion -Wno-non-literal-null-conversion -Wno-objc-literal-conversion -Wshorten-64-to-32 -Wpointer-sign -Wno-newline-eof -Wno-selector -Wno-strict-selector-match -Wno-undeclared-selector -Wno-deprecated-implementations -Wno-implicit-fallthrough -fstrict-aliasing -Wprotocol -Wdeprecated-declarations -Wno-sign-conversion -Wno-infinite-recursion -Wno-comma -Wno-block-capture-autoreleasing -Wno-strict-prototypes -Wno-semicolon-before-method-body -index-store-path /Users/fukushimatakumi/Library/Developer/Xcode/DerivedData/SugarBeat-hgoxfxbbugxkfsbmqcjlbmjeaqyg/Index.noindex/DataStore @/Users/fukushimatakumi/Library/Developer/Xcode/DerivedData/SugarBeat-hgoxfxbbugxkfsbmqcjlbmjeaqyg/Build/Intermediates.noindex/GoogleSignIn.build/Debug-iphonesimulator/GoogleSignIn.build/Objects-normal/arm64/e6072d4f65d7061329687fe24e3d63a7-common-args.resp -include /Users/fukushimatakumi/Library/Developer/Xcode/DerivedData/SugarBeat-hgoxfxbbugxkfsbmqcjlbmjeaqyg/Build/Intermediates.noindex/GoogleSignIn.build/Debug-iphonesimulator/GoogleSignIn.build/DerivedSources/resource_bundle_accessor.h -MMD -MT dependencies -MF /Users/fukushimatakumi/Library/Developer/Xcode/DerivedData/SugarBeat-hgoxfxbbugxkfsbmqcjlbmjeaqyg/Build/Intermediates.noindex/GoogleSignIn.build/Debug-iphonesimulator/GoogleSignIn.build/Objects-normal/arm64/GIDToken.d --serialize-diagnostics /Users/fukushimatakumi/Library/Developer/Xcode/DerivedData/SugarBeat-hgoxfxbbugxkfsbmqcjlbmjeaqyg/Build/Intermediates.noindex/GoogleSignIn.build/Debug-iphonesimulator/GoogleSignIn.build/Objects-normal/arm64/GIDToken.dia -c /Users/fukushimatakumi/Library/Developer/Xcode/DerivedData/SugarBeat-hgoxfxbbugxkfsbmqcjlbmjeaqyg/SourcePackages/checkouts/GoogleSignIn-iOS/GoogleSignIn/Sources/GIDToken.m -o /Users/fukushimatakumi/Library/Developer/Xcode/DerivedData/SugarBeat-hgoxfxbbugxkfsbmqcjlbmjeaqyg/Build/Intermediates.noindex/GoogleSignIn.build/Debug-iphonesimulator/GoogleSignIn.build/Objects-normal/arm64/GIDToken.o -index-unit-output-path /GoogleSignIn.build/Debug-iphonesimulator/GoogleSignIn.build/Objects-normal/arm64/GIDToken.o

PrecompileModule /Users/fukushimatakumi/Library/Developer/Xcode/DerivedData/SugarBeat-hgoxfxbbugxkfsbmqcjlbmjeaqyg/Build/Intermediates.noindex/ExplicitPrecompiledModules/UIKit-12WG0ZGN7K3QJ54B52VVZML73.scan
    cd /Users/fukushimatakumi/develop/sugarbeat/sugarbeat-front
    builtin-precompileModule /Users/fukushimatakumi/Library/Developer/Xcode/DerivedData/SugarBeat-hgoxfxbbugxkfsbmqcjlbmjeaqyg/Build/Intermediates.noindex/ExplicitPrecompiledModules/UIKit-12WG0ZGN7K3QJ54B52VVZML73.scan

ScanDependencies /Users/fukushimatakumi/Library/Developer/Xcode/DerivedData/SugarBeat-hgoxfxbbugxkfsbmqcjlbmjeaqyg/Build/Intermediates.noindex/GoogleSignIn.build/Debug-iphonesimulator/GoogleSignIn.build/Objects-normal/arm64/GIDTimedLoader.o /Users/fukushimatakumi/Library/Developer/Xcode/DerivedData/SugarBeat-hgoxfxbbugxkfsbmqcjlbmjeaqyg/SourcePackages/checkouts/GoogleSignIn-iOS/GoogleSignIn/Sources/GIDTimedLoader/GIDTimedLoader.m normal arm64 objective-c com.apple.compilers.llvm.clang.1_0.compiler (in target 'GoogleSignIn' from project 'GoogleSignIn')
    cd /Users/fukushimatakumi/develop/sugarbeat/sugarbeat-front
    
    Using response file: /Users/fukushimatakumi/Library/Developer/Xcode/DerivedData/SugarBeat-hgoxfxbbugxkfsbmqcjlbmjeaqyg/Build/Intermediates.noindex/GoogleSignIn.build/Debug-iphonesimulator/GoogleSignIn.build/Objects-normal/arm64/e6072d4f65d7061329687fe24e3d63a7-common-args.resp
    
    builtin-ScanDependencies -o /Users/fukushimatakumi/Library/Developer/Xcode/DerivedData/SugarBeat-hgoxfxbbugxkfsbmqcjlbmjeaqyg/Build/Intermediates.noindex/GoogleSignIn.build/Debug-iphonesimulator/GoogleSignIn.build/Objects-normal/arm64/GIDTimedLoader.o.scan -- /Applications/Xcode.app/Contents/Developer/Toolchains/XcodeDefault.xctoolchain/usr/bin/clang -x objective-c -ivfsstatcache /Users/fukushimatakumi/Library/Developer/Xcode/DerivedData/SDKStatCaches.noindex/iphonesimulator18.4-22E235-71825a6d136aa4733edcbe86ece5525b.sdkstatcache -fmessage-length\=0 -fdiagnostics-show-note-include-stack -fmacro-backtrace-limit\=0 -fno-color-diagnostics -fmodules-prune-interval\=86400 -fmodules-prune-after\=345600 -fbuild-session-file\=/Users/fukushimatakumi/Library/Developer/Xcode/DerivedData/ModuleCache.noindex/Session.modulevalidation -fmodules-validate-once-per-build-session -Wnon-modular-include-in-framework-module -Werror\=non-modular-include-in-framework-module -Wno-trigraphs -Wno-missing-field-initializers -Wno-missing-prototypes -Wno-return-type -Wno-implicit-atomic-properties -Wno-objc-interface-ivars -Wno-arc-repeated-use-of-weak -Wno-missing-braces -Wparentheses -Wswitch -Wno-unused-function -Wno-unused-label -Wno-unused-parameter -Wno-unused-variable -Wunused-value -Wno-empty-body -Wno-uninitialized -Wno-unknown-pragmas -w -Wno-shadow -Wno-four-char-constants -Wno-conversion -Wno-constant-conversion -Wno-int-conversion -Wno-bool-conversion -Wno-enum-conversion -Wno-float-conversion -Wno-non-literal-null-conversion -Wno-objc-literal-conversion -Wshorten-64-to-32 -Wpointer-sign -Wno-newline-eof -Wno-selector -Wno-strict-selector-match -Wno-undeclared-selector -Wno-deprecated-implementations -Wno-implicit-fallthrough -fstrict-aliasing -Wprotocol -Wdeprecated-declarations -Wno-sign-conversion -Wno-infinite-recursion -Wno-comma -Wno-block-capture-autoreleasing -Wno-strict-prototypes -Wno-semicolon-before-method-body -index-store-path /Users/fukushimatakumi/Library/Developer/Xcode/DerivedData/SugarBeat-hgoxfxbbugxkfsbmqcjlbmjeaqyg/Index.noindex/DataStore @/Users/fukushimatakumi/Library/Developer/Xcode/DerivedData/SugarBeat-hgoxfxbbugxkfsbmqcjlbmjeaqyg/Build/Intermediates.noindex/GoogleSignIn.build/Debug-iphonesimulator/GoogleSignIn.build/Objects-normal/arm64/e6072d4f65d7061329687fe24e3d63a7-common-args.resp -include /Users/fukushimatakumi/Library/Developer/Xcode/DerivedData/SugarBeat-hgoxfxbbugxkfsbmqcjlbmjeaqyg/Build/Intermediates.noindex/GoogleSignIn.build/Debug-iphonesimulator/GoogleSignIn.build/DerivedSources/resource_bundle_accessor.h -MMD -MT dependencies -MF /Users/fukushimatakumi/Library/Developer/Xcode/DerivedData/SugarBeat-hgoxfxbbugxkfsbmqcjlbmjeaqyg/Build/Intermediates.noindex/GoogleSignIn.build/Debug-iphonesimulator/GoogleSignIn.build/Objects-normal/arm64/GIDTimedLoader.d --serialize-diagnostics /Users/fukushimatakumi/Library/Developer/Xcode/DerivedData/SugarBeat-hgoxfxbbugxkfsbmqcjlbmjeaqyg/Build/Intermediates.noindex/GoogleSignIn.build/Debug-iphonesimulator/GoogleSignIn.build/Objects-normal/arm64/GIDTimedLoader.dia -c /Users/fukushimatakumi/Library/Developer/Xcode/DerivedData/SugarBeat-hgoxfxbbugxkfsbmqcjlbmjeaqyg/SourcePackages/checkouts/GoogleSignIn-iOS/GoogleSignIn/Sources/GIDTimedLoader/GIDTimedLoader.m -o /Users/fukushimatakumi/Library/Developer/Xcode/DerivedData/SugarBeat-hgoxfxbbugxkfsbmqcjlbmjeaqyg/Build/Intermediates.noindex/GoogleSignIn.build/Debug-iphonesimulator/GoogleSignIn.build/Objects-normal/arm64/GIDTimedLoader.o -index-unit-output-path /GoogleSignIn.build/Debug-iphonesimulator/GoogleSignIn.build/Objects-normal/arm64/GIDTimedLoader.o

PrecompileModule /Users/fukushimatakumi/Library/Developer/Xcode/DerivedData/SugarBeat-hgoxfxbbugxkfsbmqcjlbmjeaqyg/Build/Intermediates.noindex/ExplicitPrecompiledModules/ptrcheck-BHS3N0P30FOUIAHLTCOVQEHYF.scan
    cd /Users/fukushimatakumi/develop/sugarbeat/sugarbeat-front
    builtin-precompileModule /Users/fukushimatakumi/Library/Developer/Xcode/DerivedData/SugarBeat-hgoxfxbbugxkfsbmqcjlbmjeaqyg/Build/Intermediates.noindex/ExplicitPrecompiledModules/ptrcheck-BHS3N0P30FOUIAHLTCOVQEHYF.scan

PrecompileModule /Users/fukushimatakumi/Library/Developer/Xcode/DerivedData/SugarBeat-hgoxfxbbugxkfsbmqcjlbmjeaqyg/Build/Intermediates.noindex/ExplicitPrecompiledModules/_Builtin_iso646-CG4PMPX6T57Y3A7SMFZ8B1U4S.scan
    cd /Users/fukushimatakumi/develop/sugarbeat/sugarbeat-front
    builtin-precompileModule /Users/fukushimatakumi/Library/Developer/Xcode/DerivedData/SugarBeat-hgoxfxbbugxkfsbmqcjlbmjeaqyg/Build/Intermediates.noindex/ExplicitPrecompiledModules/_Builtin_iso646-CG4PMPX6T57Y3A7SMFZ8B1U4S.scan

PrecompileModule /Users/fukushimatakumi/Library/Developer/Xcode/DerivedData/SugarBeat-hgoxfxbbugxkfsbmqcjlbmjeaqyg/Build/Intermediates.noindex/ExplicitPrecompiledModules/TargetConditionals-12A0U6KTHYF7HLB9UX4PRULWW.scan
    cd /Users/fukushimatakumi/develop/sugarbeat/sugarbeat-front
    builtin-precompileModule /Users/fukushimatakumi/Library/Developer/Xcode/DerivedData/SugarBeat-hgoxfxbbugxkfsbmqcjlbmjeaqyg/Build/Intermediates.noindex/ExplicitPrecompiledModules/TargetConditionals-12A0U6KTHYF7HLB9UX4PRULWW.scan

PrecompileModule /Users/fukushimatakumi/Library/Developer/Xcode/DerivedData/SugarBeat-hgoxfxbbugxkfsbmqcjlbmjeaqyg/Build/Intermediates.noindex/ExplicitPrecompiledModules/ptrauth-6PL0I5YNU4D14OAPUEXBLLVUE.scan
    cd /Users/fukushimatakumi/develop/sugarbeat/sugarbeat-front
    builtin-precompileModule /Users/fukushimatakumi/Library/Developer/Xcode/DerivedData/SugarBeat-hgoxfxbbugxkfsbmqcjlbmjeaqyg/Build/Intermediates.noindex/ExplicitPrecompiledModules/ptrauth-6PL0I5YNU4D14OAPUEXBLLVUE.scan

PrecompileModule /Users/fukushimatakumi/Library/Developer/Xcode/DerivedData/SugarBeat-hgoxfxbbugxkfsbmqcjlbmjeaqyg/Build/Intermediates.noindex/ExplicitPrecompiledModules/_Builtin_stddef-152X2CG2M0AAPVG5EIQXQU34C.scan
    cd /Users/fukushimatakumi/develop/sugarbeat/sugarbeat-front
    builtin-precompileModule /Users/fukushimatakumi/Library/Developer/Xcode/DerivedData/SugarBeat-hgoxfxbbugxkfsbmqcjlbmjeaqyg/Build/Intermediates.noindex/ExplicitPrecompiledModules/_Builtin_stddef-152X2CG2M0AAPVG5EIQXQU34C.scan

PrecompileModule /Users/fukushimatakumi/Library/Developer/Xcode/DerivedData/SugarBeat-hgoxfxbbugxkfsbmqcjlbmjeaqyg/Build/Intermediates.noindex/ExplicitPrecompiledModules/os_availability_internal-5KVQB0RT48XHAHF49MARH7VOI.scan
    cd /Users/fukushimatakumi/develop/sugarbeat/sugarbeat-front
    builtin-precompileModule /Users/fukushimatakumi/Library/Developer/Xcode/DerivedData/SugarBeat-hgoxfxbbugxkfsbmqcjlbmjeaqyg/Build/Intermediates.noindex/ExplicitPrecompiledModules/os_availability_internal-5KVQB0RT48XHAHF49MARH7VOI.scan

SwiftDriverJobDiscovery normal arm64 Compiling UserProfileUpdate.swift, AuthCondition.swift, AuthDefaultUIDelegate.swift, AuthErrorUtils.swift, AuthErrors.swift, AuthInternalErrors.swift, AuthLog.swift, AuthRecaptchaVerifier.swift, AuthUIDelegate.swift, AuthURLPresenter.swift, AuthWebUtils.swift, AuthWebView.swift, AuthWebViewController.swift (in target 'FirebaseAuth' from project 'Firebase')

PrecompileModule /Users/fukushimatakumi/Library/Developer/Xcode/DerivedData/SugarBeat-hgoxfxbbugxkfsbmqcjlbmjeaqyg/Build/Intermediates.noindex/ExplicitPrecompiledModules/_float-6EGHGJY92BBKW0AI0U5S31QB7.scan
    cd /Users/fukushimatakumi/develop/sugarbeat/sugarbeat-front
    builtin-precompileModule /Users/fukushimatakumi/Library/Developer/Xcode/DerivedData/SugarBeat-hgoxfxbbugxkfsbmqcjlbmjeaqyg/Build/Intermediates.noindex/ExplicitPrecompiledModules/_float-6EGHGJY92BBKW0AI0U5S31QB7.scan

PrecompileModule /Users/fukushimatakumi/Library/Developer/Xcode/DerivedData/SugarBeat-hgoxfxbbugxkfsbmqcjlbmjeaqyg/Build/Intermediates.noindex/ExplicitPrecompiledModules/_Builtin_stdbool-CZO1JXWDC0CCFEEU7GE0GBZUO.scan
    cd /Users/fukushimatakumi/develop/sugarbeat/sugarbeat-front
    builtin-precompileModule /Users/fukushimatakumi/Library/Developer/Xcode/DerivedData/SugarBeat-hgoxfxbbugxkfsbmqcjlbmjeaqyg/Build/Intermediates.noindex/ExplicitPrecompiledModules/_Builtin_stdbool-CZO1JXWDC0CCFEEU7GE0GBZUO.scan

PrecompileModule /Users/fukushimatakumi/Library/Developer/Xcode/DerivedData/SugarBeat-hgoxfxbbugxkfsbmqcjlbmjeaqyg/Build/Intermediates.noindex/ExplicitPrecompiledModules/_fenv-9HNNJ9HWK4TRYWDOI6HS0HC6X.scan
    cd /Users/fukushimatakumi/develop/sugarbeat/sugarbeat-front
    builtin-precompileModule /Users/fukushimatakumi/Library/Developer/Xcode/DerivedData/SugarBeat-hgoxfxbbugxkfsbmqcjlbmjeaqyg/Build/Intermediates.noindex/ExplicitPrecompiledModules/_fenv-9HNNJ9HWK4TRYWDOI6HS0HC6X.scan

SwiftDriverJobDiscovery normal arm64 Compiling GoogleSignInButtonStyling.swift (in target 'GoogleSignInSwift' from project 'GoogleSignIn')

PrecompileModule /Users/fukushimatakumi/Library/Developer/Xcode/DerivedData/SugarBeat-hgoxfxbbugxkfsbmqcjlbmjeaqyg/Build/Intermediates.noindex/ExplicitPrecompiledModules/_Builtin_stdarg-ART2NFYO4O23NXZUAVKPKJ6GL.scan
    cd /Users/fukushimatakumi/develop/sugarbeat/sugarbeat-front
    builtin-precompileModule /Users/fukushimatakumi/Library/Developer/Xcode/DerivedData/SugarBeat-hgoxfxbbugxkfsbmqcjlbmjeaqyg/Build/Intermediates.noindex/ExplicitPrecompiledModules/_Builtin_stdarg-ART2NFYO4O23NXZUAVKPKJ6GL.scan

ScanDependencies /Users/fukushimatakumi/Library/Developer/Xcode/DerivedData/SugarBeat-hgoxfxbbugxkfsbmqcjlbmjeaqyg/Build/Intermediates.noindex/GoogleSignIn.build/Debug-iphonesimulator/GoogleSignIn.build/Objects-normal/arm64/GIDSignInStrings.o /Users/fukushimatakumi/Library/Developer/Xcode/DerivedData/SugarBeat-hgoxfxbbugxkfsbmqcjlbmjeaqyg/SourcePackages/checkouts/GoogleSignIn-iOS/GoogleSignIn/Sources/GIDSignInStrings.m normal arm64 objective-c com.apple.compilers.llvm.clang.1_0.compiler (in target 'GoogleSignIn' from project 'GoogleSignIn')
    cd /Users/fukushimatakumi/develop/sugarbeat/sugarbeat-front
    
    Using response file: /Users/fukushimatakumi/Library/Developer/Xcode/DerivedData/SugarBeat-hgoxfxbbugxkfsbmqcjlbmjeaqyg/Build/Intermediates.noindex/GoogleSignIn.build/Debug-iphonesimulator/GoogleSignIn.build/Objects-normal/arm64/e6072d4f65d7061329687fe24e3d63a7-common-args.resp
    
    builtin-ScanDependencies -o /Users/fukushimatakumi/Library/Developer/Xcode/DerivedData/SugarBeat-hgoxfxbbugxkfsbmqcjlbmjeaqyg/Build/Intermediates.noindex/GoogleSignIn.build/Debug-iphonesimulator/GoogleSignIn.build/Objects-normal/arm64/GIDSignInStrings.o.scan -- /Applications/Xcode.app/Contents/Developer/Toolchains/XcodeDefault.xctoolchain/usr/bin/clang -x objective-c -ivfsstatcache /Users/fukushimatakumi/Library/Developer/Xcode/DerivedData/SDKStatCaches.noindex/iphonesimulator18.4-22E235-71825a6d136aa4733edcbe86ece5525b.sdkstatcache -fmessage-length\=0 -fdiagnostics-show-note-include-stack -fmacro-backtrace-limit\=0 -fno-color-diagnostics -fmodules-prune-interval\=86400 -fmodules-prune-after\=345600 -fbuild-session-file\=/Users/fukushimatakumi/Library/Developer/Xcode/DerivedData/ModuleCache.noindex/Session.modulevalidation -fmodules-validate-once-per-build-session -Wnon-modular-include-in-framework-module -Werror\=non-modular-include-in-framework-module -Wno-trigraphs -Wno-missing-field-initializers -Wno-missing-prototypes -Wno-return-type -Wno-implicit-atomic-properties -Wno-objc-interface-ivars -Wno-arc-repeated-use-of-weak -Wno-missing-braces -Wparentheses -Wswitch -Wno-unused-function -Wno-unused-label -Wno-unused-parameter -Wno-unused-variable -Wunused-value -Wno-empty-body -Wno-uninitialized -Wno-unknown-pragmas -w -Wno-shadow -Wno-four-char-constants -Wno-conversion -Wno-constant-conversion -Wno-int-conversion -Wno-bool-conversion -Wno-enum-conversion -Wno-float-conversion -Wno-non-literal-null-conversion -Wno-objc-literal-conversion -Wshorten-64-to-32 -Wpointer-sign -Wno-newline-eof -Wno-selector -Wno-strict-selector-match -Wno-undeclared-selector -Wno-deprecated-implementations -Wno-implicit-fallthrough -fstrict-aliasing -Wprotocol -Wdeprecated-declarations -Wno-sign-conversion -Wno-infinite-recursion -Wno-comma -Wno-block-capture-autoreleasing -Wno-strict-prototypes -Wno-semicolon-before-method-body -index-store-path /Users/fukushimatakumi/Library/Developer/Xcode/DerivedData/SugarBeat-hgoxfxbbugxkfsbmqcjlbmjeaqyg/Index.noindex/DataStore @/Users/fukushimatakumi/Library/Developer/Xcode/DerivedData/SugarBeat-hgoxfxbbugxkfsbmqcjlbmjeaqyg/Build/Intermediates.noindex/GoogleSignIn.build/Debug-iphonesimulator/GoogleSignIn.build/Objects-normal/arm64/e6072d4f65d7061329687fe24e3d63a7-common-args.resp -include /Users/fukushimatakumi/Library/Developer/Xcode/DerivedData/SugarBeat-hgoxfxbbugxkfsbmqcjlbmjeaqyg/Build/Intermediates.noindex/GoogleSignIn.build/Debug-iphonesimulator/GoogleSignIn.build/DerivedSources/resource_bundle_accessor.h -MMD -MT dependencies -MF /Users/fukushimatakumi/Library/Developer/Xcode/DerivedData/SugarBeat-hgoxfxbbugxkfsbmqcjlbmjeaqyg/Build/Intermediates.noindex/GoogleSignIn.build/Debug-iphonesimulator/GoogleSignIn.build/Objects-normal/arm64/GIDSignInStrings.d --serialize-diagnostics /Users/fukushimatakumi/Library/Developer/Xcode/DerivedData/SugarBeat-hgoxfxbbugxkfsbmqcjlbmjeaqyg/Build/Intermediates.noindex/GoogleSignIn.build/Debug-iphonesimulator/GoogleSignIn.build/Objects-normal/arm64/GIDSignInStrings.dia -c /Users/fukushimatakumi/Library/Developer/Xcode/DerivedData/SugarBeat-hgoxfxbbugxkfsbmqcjlbmjeaqyg/SourcePackages/checkouts/GoogleSignIn-iOS/GoogleSignIn/Sources/GIDSignInStrings.m -o /Users/fukushimatakumi/Library/Developer/Xcode/DerivedData/SugarBeat-hgoxfxbbugxkfsbmqcjlbmjeaqyg/Build/Intermediates.noindex/GoogleSignIn.build/Debug-iphonesimulator/GoogleSignIn.build/Objects-normal/arm64/GIDSignInStrings.o -index-unit-output-path /GoogleSignIn.build/Debug-iphonesimulator/GoogleSignIn.build/Objects-normal/arm64/GIDSignInStrings.o

SwiftDriverJobDiscovery normal arm64 Compiling GoogleSignInButton.swift (in target 'GoogleSignInSwift' from project 'GoogleSignIn')

PrecompileModule /Users/fukushimatakumi/Library/Developer/Xcode/DerivedData/SugarBeat-hgoxfxbbugxkfsbmqcjlbmjeaqyg/Build/Intermediates.noindex/ExplicitPrecompiledModules/_Builtin_float-BGW4STYS3U29823C4DWRPS6C3.scan
    cd /Users/fukushimatakumi/develop/sugarbeat/sugarbeat-front
    builtin-precompileModule /Users/fukushimatakumi/Library/Developer/Xcode/DerivedData/SugarBeat-hgoxfxbbugxkfsbmqcjlbmjeaqyg/Build/Intermediates.noindex/ExplicitPrecompiledModules/_Builtin_float-BGW4STYS3U29823C4DWRPS6C3.scan

ScanDependencies /Users/fukushimatakumi/Library/Developer/Xcode/DerivedData/SugarBeat-hgoxfxbbugxkfsbmqcjlbmjeaqyg/Build/Intermediates.noindex/GoogleSignIn.build/Debug-iphonesimulator/GoogleSignIn.build/Objects-normal/arm64/GIDSignInResult.o /Users/fukushimatakumi/Library/Developer/Xcode/DerivedData/SugarBeat-hgoxfxbbugxkfsbmqcjlbmjeaqyg/SourcePackages/checkouts/GoogleSignIn-iOS/GoogleSignIn/Sources/GIDSignInResult.m normal arm64 objective-c com.apple.compilers.llvm.clang.1_0.compiler (in target 'GoogleSignIn' from project 'GoogleSignIn')
    cd /Users/fukushimatakumi/develop/sugarbeat/sugarbeat-front
    
    Using response file: /Users/fukushimatakumi/Library/Developer/Xcode/DerivedData/SugarBeat-hgoxfxbbugxkfsbmqcjlbmjeaqyg/Build/Intermediates.noindex/GoogleSignIn.build/Debug-iphonesimulator/GoogleSignIn.build/Objects-normal/arm64/e6072d4f65d7061329687fe24e3d63a7-common-args.resp
    
    builtin-ScanDependencies -o /Users/fukushimatakumi/Library/Developer/Xcode/DerivedData/SugarBeat-hgoxfxbbugxkfsbmqcjlbmjeaqyg/Build/Intermediates.noindex/GoogleSignIn.build/Debug-iphonesimulator/GoogleSignIn.build/Objects-normal/arm64/GIDSignInResult.o.scan -- /Applications/Xcode.app/Contents/Developer/Toolchains/XcodeDefault.xctoolchain/usr/bin/clang -x objective-c -ivfsstatcache /Users/fukushimatakumi/Library/Developer/Xcode/DerivedData/SDKStatCaches.noindex/iphonesimulator18.4-22E235-71825a6d136aa4733edcbe86ece5525b.sdkstatcache -fmessage-length\=0 -fdiagnostics-show-note-include-stack -fmacro-backtrace-limit\=0 -fno-color-diagnostics -fmodules-prune-interval\=86400 -fmodules-prune-after\=345600 -fbuild-session-file\=/Users/fukushimatakumi/Library/Developer/Xcode/DerivedData/ModuleCache.noindex/Session.modulevalidation -fmodules-validate-once-per-build-session -Wnon-modular-include-in-framework-module -Werror\=non-modular-include-in-framework-module -Wno-trigraphs -Wno-missing-field-initializers -Wno-missing-prototypes -Wno-return-type -Wno-implicit-atomic-properties -Wno-objc-interface-ivars -Wno-arc-repeated-use-of-weak -Wno-missing-braces -Wparentheses -Wswitch -Wno-unused-function -Wno-unused-label -Wno-unused-parameter -Wno-unused-variable -Wunused-value -Wno-empty-body -Wno-uninitialized -Wno-unknown-pragmas -w -Wno-shadow -Wno-four-char-constants -Wno-conversion -Wno-constant-conversion -Wno-int-conversion -Wno-bool-conversion -Wno-enum-conversion -Wno-float-conversion -Wno-non-literal-null-conversion -Wno-objc-literal-conversion -Wshorten-64-to-32 -Wpointer-sign -Wno-newline-eof -Wno-selector -Wno-strict-selector-match -Wno-undeclared-selector -Wno-deprecated-implementations -Wno-implicit-fallthrough -fstrict-aliasing -Wprotocol -Wdeprecated-declarations -Wno-sign-conversion -Wno-infinite-recursion -Wno-comma -Wno-block-capture-autoreleasing -Wno-strict-prototypes -Wno-semicolon-before-method-body -index-store-path /Users/fukushimatakumi/Library/Developer/Xcode/DerivedData/SugarBeat-hgoxfxbbugxkfsbmqcjlbmjeaqyg/Index.noindex/DataStore @/Users/fukushimatakumi/Library/Developer/Xcode/DerivedData/SugarBeat-hgoxfxbbugxkfsbmqcjlbmjeaqyg/Build/Intermediates.noindex/GoogleSignIn.build/Debug-iphonesimulator/GoogleSignIn.build/Objects-normal/arm64/e6072d4f65d7061329687fe24e3d63a7-common-args.resp -include /Users/fukushimatakumi/Library/Developer/Xcode/DerivedData/SugarBeat-hgoxfxbbugxkfsbmqcjlbmjeaqyg/Build/Intermediates.noindex/GoogleSignIn.build/Debug-iphonesimulator/GoogleSignIn.build/DerivedSources/resource_bundle_accessor.h -MMD -MT dependencies -MF /Users/fukushimatakumi/Library/Developer/Xcode/DerivedData/SugarBeat-hgoxfxbbugxkfsbmqcjlbmjeaqyg/Build/Intermediates.noindex/GoogleSignIn.build/Debug-iphonesimulator/GoogleSignIn.build/Objects-normal/arm64/GIDSignInResult.d --serialize-diagnostics /Users/fukushimatakumi/Library/Developer/Xcode/DerivedData/SugarBeat-hgoxfxbbugxkfsbmqcjlbmjeaqyg/Build/Intermediates.noindex/GoogleSignIn.build/Debug-iphonesimulator/GoogleSignIn.build/Objects-normal/arm64/GIDSignInResult.dia -c /Users/fukushimatakumi/Library/Developer/Xcode/DerivedData/SugarBeat-hgoxfxbbugxkfsbmqcjlbmjeaqyg/SourcePackages/checkouts/GoogleSignIn-iOS/GoogleSignIn/Sources/GIDSignInResult.m -o /Users/fukushimatakumi/Library/Developer/Xcode/DerivedData/SugarBeat-hgoxfxbbugxkfsbmqcjlbmjeaqyg/Build/Intermediates.noindex/GoogleSignIn.build/Debug-iphonesimulator/GoogleSignIn.build/Objects-normal/arm64/GIDSignInResult.o -index-unit-output-path /GoogleSignIn.build/Debug-iphonesimulator/GoogleSignIn.build/Objects-normal/arm64/GIDSignInResult.o

SwiftDriverJobDiscovery normal arm64 Compiling GoogleSignInButtonBundleExtensions.swift (in target 'GoogleSignInSwift' from project 'GoogleSignIn')

ScanDependencies /Users/fukushimatakumi/Library/Developer/Xcode/DerivedData/SugarBeat-hgoxfxbbugxkfsbmqcjlbmjeaqyg/Build/Intermediates.noindex/GoogleSignIn.build/Debug-iphonesimulator/GoogleSignIn.build/Objects-normal/arm64/GIDSignInPreferences.o /Users/fukushimatakumi/Library/Developer/Xcode/DerivedData/SugarBeat-hgoxfxbbugxkfsbmqcjlbmjeaqyg/SourcePackages/checkouts/GoogleSignIn-iOS/GoogleSignIn/Sources/GIDSignInPreferences.m normal arm64 objective-c com.apple.compilers.llvm.clang.1_0.compiler (in target 'GoogleSignIn' from project 'GoogleSignIn')
    cd /Users/fukushimatakumi/develop/sugarbeat/sugarbeat-front
    
    Using response file: /Users/fukushimatakumi/Library/Developer/Xcode/DerivedData/SugarBeat-hgoxfxbbugxkfsbmqcjlbmjeaqyg/Build/Intermediates.noindex/GoogleSignIn.build/Debug-iphonesimulator/GoogleSignIn.build/Objects-normal/arm64/e6072d4f65d7061329687fe24e3d63a7-common-args.resp
    
    builtin-ScanDependencies -o /Users/fukushimatakumi/Library/Developer/Xcode/DerivedData/SugarBeat-hgoxfxbbugxkfsbmqcjlbmjeaqyg/Build/Intermediates.noindex/GoogleSignIn.build/Debug-iphonesimulator/GoogleSignIn.build/Objects-normal/arm64/GIDSignInPreferences.o.scan -- /Applications/Xcode.app/Contents/Developer/Toolchains/XcodeDefault.xctoolchain/usr/bin/clang -x objective-c -ivfsstatcache /Users/fukushimatakumi/Library/Developer/Xcode/DerivedData/SDKStatCaches.noindex/iphonesimulator18.4-22E235-71825a6d136aa4733edcbe86ece5525b.sdkstatcache -fmessage-length\=0 -fdiagnostics-show-note-include-stack -fmacro-backtrace-limit\=0 -fno-color-diagnostics -fmodules-prune-interval\=86400 -fmodules-prune-after\=345600 -fbuild-session-file\=/Users/fukushimatakumi/Library/Developer/Xcode/DerivedData/ModuleCache.noindex/Session.modulevalidation -fmodules-validate-once-per-build-session -Wnon-modular-include-in-framework-module -Werror\=non-modular-include-in-framework-module -Wno-trigraphs -Wno-missing-field-initializers -Wno-missing-prototypes -Wno-return-type -Wno-implicit-atomic-properties -Wno-objc-interface-ivars -Wno-arc-repeated-use-of-weak -Wno-missing-braces -Wparentheses -Wswitch -Wno-unused-function -Wno-unused-label -Wno-unused-parameter -Wno-unused-variable -Wunused-value -Wno-empty-body -Wno-uninitialized -Wno-unknown-pragmas -w -Wno-shadow -Wno-four-char-constants -Wno-conversion -Wno-constant-conversion -Wno-int-conversion -Wno-bool-conversion -Wno-enum-conversion -Wno-float-conversion -Wno-non-literal-null-conversion -Wno-objc-literal-conversion -Wshorten-64-to-32 -Wpointer-sign -Wno-newline-eof -Wno-selector -Wno-strict-selector-match -Wno-undeclared-selector -Wno-deprecated-implementations -Wno-implicit-fallthrough -fstrict-aliasing -Wprotocol -Wdeprecated-declarations -Wno-sign-conversion -Wno-infinite-recursion -Wno-comma -Wno-block-capture-autoreleasing -Wno-strict-prototypes -Wno-semicolon-before-method-body -index-store-path /Users/fukushimatakumi/Library/Developer/Xcode/DerivedData/SugarBeat-hgoxfxbbugxkfsbmqcjlbmjeaqyg/Index.noindex/DataStore @/Users/fukushimatakumi/Library/Developer/Xcode/DerivedData/SugarBeat-hgoxfxbbugxkfsbmqcjlbmjeaqyg/Build/Intermediates.noindex/GoogleSignIn.build/Debug-iphonesimulator/GoogleSignIn.build/Objects-normal/arm64/e6072d4f65d7061329687fe24e3d63a7-common-args.resp -include /Users/fukushimatakumi/Library/Developer/Xcode/DerivedData/SugarBeat-hgoxfxbbugxkfsbmqcjlbmjeaqyg/Build/Intermediates.noindex/GoogleSignIn.build/Debug-iphonesimulator/GoogleSignIn.build/DerivedSources/resource_bundle_accessor.h -MMD -MT dependencies -MF /Users/fukushimatakumi/Library/Developer/Xcode/DerivedData/SugarBeat-hgoxfxbbugxkfsbmqcjlbmjeaqyg/Build/Intermediates.noindex/GoogleSignIn.build/Debug-iphonesimulator/GoogleSignIn.build/Objects-normal/arm64/GIDSignInPreferences.d --serialize-diagnostics /Users/fukushimatakumi/Library/Developer/Xcode/DerivedData/SugarBeat-hgoxfxbbugxkfsbmqcjlbmjeaqyg/Build/Intermediates.noindex/GoogleSignIn.build/Debug-iphonesimulator/GoogleSignIn.build/Objects-normal/arm64/GIDSignInPreferences.dia -c /Users/fukushimatakumi/Library/Developer/Xcode/DerivedData/SugarBeat-hgoxfxbbugxkfsbmqcjlbmjeaqyg/SourcePackages/checkouts/GoogleSignIn-iOS/GoogleSignIn/Sources/GIDSignInPreferences.m -o /Users/fukushimatakumi/Library/Developer/Xcode/DerivedData/SugarBeat-hgoxfxbbugxkfsbmqcjlbmjeaqyg/Build/Intermediates.noindex/GoogleSignIn.build/Debug-iphonesimulator/GoogleSignIn.build/Objects-normal/arm64/GIDSignInPreferences.o -index-unit-output-path /GoogleSignIn.build/Debug-iphonesimulator/GoogleSignIn.build/Objects-normal/arm64/GIDSignInPreferences.o

SwiftDriver\ Compilation GoogleSignInSwift normal arm64 com.apple.xcode.tools.swift.compiler (in target 'GoogleSignInSwift' from project 'GoogleSignIn')
    cd /Users/fukushimatakumi/develop/sugarbeat/sugarbeat-front
    builtin-Swift-Compilation -- /Applications/Xcode.app/Contents/Developer/Toolchains/XcodeDefault.xctoolchain/usr/bin/swiftc -module-name GoogleSignInSwift -Onone -enforce-exclusivity\=checked @/Users/fukushimatakumi/Library/Developer/Xcode/DerivedData/SugarBeat-hgoxfxbbugxkfsbmqcjlbmjeaqyg/Build/Intermediates.noindex/GoogleSignIn.build/Debug-iphonesimulator/GoogleSignInSwift.build/Objects-normal/arm64/GoogleSignInSwift.SwiftFileList -DSWIFT_PACKAGE -DDEBUG -Xcc -fmodule-map-file\=/Users/fukushimatakumi/Library/Developer/Xcode/DerivedData/SugarBeat-hgoxfxbbugxkfsbmqcjlbmjeaqyg/Build/Intermediates.noindex/GeneratedModuleMaps-iphonesimulator/AppAuth.modulemap -Xcc -fmodule-map-file\=/Users/fukushimatakumi/Library/Developer/Xcode/DerivedData/SugarBeat-hgoxfxbbugxkfsbmqcjlbmjeaqyg/Build/Intermediates.noindex/GeneratedModuleMaps-iphonesimulator/AppAuthCore.modulemap -Xcc -fmodule-map-file\=/Users/fukushimatakumi/Library/Developer/Xcode/DerivedData/SugarBeat-hgoxfxbbugxkfsbmqcjlbmjeaqyg/Build/Intermediates.noindex/GeneratedModuleMaps-iphonesimulator/GoogleUtilities-Logger.modulemap -Xcc -fmodule-map-file\=/Users/fukushimatakumi/Library/Developer/Xcode/DerivedData/SugarBeat-hgoxfxbbugxkfsbmqcjlbmjeaqyg/Build/Intermediates.noindex/GeneratedModuleMaps-iphonesimulator/GoogleUtilities-Environment.modulemap -Xcc -fmodule-map-file\=/Users/fukushimatakumi/Library/Developer/Xcode/DerivedData/SugarBeat-hgoxfxbbugxkfsbmqcjlbmjeaqyg/Build/Intermediates.noindex/GeneratedModuleMaps-iphonesimulator/third-party-IsAppEncrypted.modulemap -Xcc -fmodule-map-file\=/Users/fukushimatakumi/Library/Developer/Xcode/DerivedData/SugarBeat-hgoxfxbbugxkfsbmqcjlbmjeaqyg/Build/Intermediates.noindex/GeneratedModuleMaps-iphonesimulator/GoogleUtilities-UserDefaults.modulemap -Xcc -fmodule-map-file\=/Users/fukushimatakumi/Library/Developer/Xcode/DerivedData/SugarBeat-hgoxfxbbugxkfsbmqcjlbmjeaqyg/Build/Intermediates.noindex/GeneratedModuleMaps-iphonesimulator/AppCheckCore.modulemap -Xcc -fmodule-map-file\=/Users/fukushimatakumi/Library/Developer/Xcode/DerivedData/SugarBeat-hgoxfxbbugxkfsbmqcjlbmjeaqyg/Build/Intermediates.noindex/GeneratedModuleMaps-iphonesimulator/GTMSessionFetcherCore.modulemap -Xcc -fmodule-map-file\=/Users/fukushimatakumi/Library/Developer/Xcode/DerivedData/SugarBeat-hgoxfxbbugxkfsbmqcjlbmjeaqyg/Build/Intermediates.noindex/GeneratedModuleMaps-iphonesimulator/GoogleSignIn.modulemap -DXcode -plugin-path /Applications/Xcode.app/Contents/Developer/Toolchains/XcodeDefault.xctoolchain/usr/lib/swift/host/plugins/testing -enable-experimental-feature DebugDescriptionMacro -sdk /Applications/Xcode.app/Contents/Developer/Platforms/iPhoneSimulator.platform/Developer/SDKs/iPhoneSimulator18.4.sdk -target arm64-apple-ios12.0-simulator -g -module-cache-path /Users/fukushimatakumi/Library/Developer/Xcode/DerivedData/ModuleCache.noindex -Xfrontend -serialize-debugging-options -enable-testing -suppress-warnings -index-store-path /Users/fukushimatakumi/Library/Developer/Xcode/DerivedData/SugarBeat-hgoxfxbbugxkfsbmqcjlbmjeaqyg/Index.noindex/DataStore -swift-version 6 -I /Users/fukushimatakumi/Library/Developer/Xcode/DerivedData/SugarBeat-hgoxfxbbugxkfsbmqcjlbmjeaqyg/Build/Products/Debug-iphonesimulator -I /Applications/Xcode.app/Contents/Developer/Platforms/iPhoneSimulator.platform/Developer/usr/lib -F /Users/fukushimatakumi/Library/Developer/Xcode/DerivedData/SugarBeat-hgoxfxbbugxkfsbmqcjlbmjeaqyg/Build/Products/Debug-iphonesimulator/PackageFrameworks -F /Users/fukushimatakumi/Library/Developer/Xcode/DerivedData/SugarBeat-hgoxfxbbugxkfsbmqcjlbmjeaqyg/Build/Products/Debug-iphonesimulator/PackageFrameworks -F /Users/fukushimatakumi/Library/Developer/Xcode/DerivedData/SugarBeat-hgoxfxbbugxkfsbmqcjlbmjeaqyg/Build/Products/Debug-iphonesimulator/PackageFrameworks -F /Users/fukushimatakumi/Library/Developer/Xcode/DerivedData/SugarBeat-hgoxfxbbugxkfsbmqcjlbmjeaqyg/Build/Products/Debug-iphonesimulator/PackageFrameworks -F /Users/fukushimatakumi/Library/Developer/Xcode/DerivedData/SugarBeat-hgoxfxbbugxkfsbmqcjlbmjeaqyg/Build/Products/Debug-iphonesimulator/PackageFrameworks -F /Users/fukushimatakumi/Library/Developer/Xcode/DerivedData/SugarBeat-hgoxfxbbugxkfsbmqcjlbmjeaqyg/Build/Products/Debug-iphonesimulator/PackageFrameworks -F /Users/fukushimatakumi/Library/Developer/Xcode/DerivedData/SugarBeat-hgoxfxbbugxkfsbmqcjlbmjeaqyg/Build/Products/Debug-iphonesimulator/PackageFrameworks -F /Users/fukushimatakumi/Library/Developer/Xcode/DerivedData/SugarBeat-hgoxfxbbugxkfsbmqcjlbmjeaqyg/Build/Products/Debug-iphonesimulator/PackageFrameworks -F /Users/fukushimatakumi/Library/Developer/Xcode/DerivedData/SugarBeat-hgoxfxbbugxkfsbmqcjlbmjeaqyg/Build/Products/Debug-iphonesimulator/PackageFrameworks -F /Users/fukushimatakumi/Library/Developer/Xcode/DerivedData/SugarBeat-hgoxfxbbugxkfsbmqcjlbmjeaqyg/Build/Products/Debug-iphonesimulator/PackageFrameworks -F /Users/fukushimatakumi/Library/Developer/Xcode/DerivedData/SugarBeat-hgoxfxbbugxkfsbmqcjlbmjeaqyg/Build/Products/Debug-iphonesimulator/PackageFrameworks -F /Users/fukushimatakumi/Library/Developer/Xcode/DerivedData/SugarBeat-hgoxfxbbugxkfsbmqcjlbmjeaqyg/Build/Products/Debug-iphonesimulator -F /Applications/Xcode.app/Contents/Developer/Platforms/iPhoneSimulator.platform/Developer/Library/Frameworks -F /Applications/Xcode.app/Contents/Developer/Platforms/iPhoneSimulator.platform/Developer/SDKs/iPhoneSimulator18.4.sdk/Developer/Library/Frameworks -emit-localized-strings -emit-localized-strings-path /Users/fukushimatakumi/Library/Developer/Xcode/DerivedData/SugarBeat-hgoxfxbbugxkfsbmqcjlbmjeaqyg/Build/Intermediates.noindex/GoogleSignIn.build/Debug-iphonesimulator/GoogleSignInSwift.build/Objects-normal/arm64 -c -j10 -enable-batch-mode -incremental -Xcc -ivfsstatcache -Xcc /Users/fukushimatakumi/Library/Developer/Xcode/DerivedData/SDKStatCaches.noindex/iphonesimulator18.4-22E235-71825a6d136aa4733edcbe86ece5525b.sdkstatcache -output-file-map /Users/fukushimatakumi/Library/Developer/Xcode/DerivedData/SugarBeat-hgoxfxbbugxkfsbmqcjlbmjeaqyg/Build/Intermediates.noindex/GoogleSignIn.build/Debug-iphonesimulator/GoogleSignInSwift.build/Objects-normal/arm64/GoogleSignInSwift-OutputFileMap.json -use-frontend-parseable-output -save-temps -no-color-diagnostics -serialize-diagnostics -emit-dependencies -emit-module -emit-module-path /Users/fukushimatakumi/Library/Developer/Xcode/DerivedData/SugarBeat-hgoxfxbbugxkfsbmqcjlbmjeaqyg/Build/Intermediates.noindex/GoogleSignIn.build/Debug-iphonesimulator/GoogleSignInSwift.build/Objects-normal/arm64/GoogleSignInSwift.swiftmodule -user-module-version 9.1.0 -validate-clang-modules-once -clang-build-session-file /Users/fukushimatakumi/Library/Developer/Xcode/DerivedData/ModuleCache.noindex/Session.modulevalidation -package-name googlesignin_ios -Xcc -I/Users/fukushimatakumi/Library/Developer/Xcode/DerivedData/SugarBeat-hgoxfxbbugxkfsbmqcjlbmjeaqyg/Build/Intermediates.noindex/GoogleSignIn.build/Debug-iphonesimulator/GoogleSignInSwift.build/swift-overrides.hmap -emit-const-values -Xfrontend -const-gather-protocols-file -Xfrontend /Users/fukushimatakumi/Library/Developer/Xcode/DerivedData/SugarBeat-hgoxfxbbugxkfsbmqcjlbmjeaqyg/Build/Intermediates.noindex/GoogleSignIn.build/Debug-iphonesimulator/GoogleSignInSwift.build/Objects-normal/arm64/GoogleSignInSwift_const_extract_protocols.json -Xcc -I/Users/fukushimatakumi/Library/Developer/Xcode/DerivedData/SugarBeat-hgoxfxbbugxkfsbmqcjlbmjeaqyg/SourcePackages/checkouts/AppAuth-iOS/Sources/AppAuth -Xcc -I/Users/fukushimatakumi/Library/Developer/Xcode/DerivedData/SugarBeat-hgoxfxbbugxkfsbmqcjlbmjeaqyg/SourcePackages/checkouts/AppAuth-iOS/Sources/AppAuthCore -Xcc -I/Users/fukushimatakumi/Library/Developer/Xcode/DerivedData/SugarBeat-hgoxfxbbugxkfsbmqcjlbmjeaqyg/SourcePackages/checkouts/promises/Sources/FBLPromises/include -Xcc -I/Users/fukushimatakumi/Library/Developer/Xcode/DerivedData/SugarBeat-hgoxfxbbugxkfsbmqcjlbmjeaqyg/SourcePackages/checkouts/GoogleUtilities/GoogleUtilities/Logger/Public -Xcc -I/Users/fukushimatakumi/Library/Developer/Xcode/DerivedData/SugarBeat-hgoxfxbbugxkfsbmqcjlbmjeaqyg/SourcePackages/checkouts/GoogleUtilities/GoogleUtilities/Environment/Public -Xcc -I/Users/fukushimatakumi/Library/Developer/Xcode/DerivedData/SugarBeat-hgoxfxbbugxkfsbmqcjlbmjeaqyg/SourcePackages/checkouts/GoogleUtilities/third_party/IsAppEncrypted/Public -Xcc -I/Users/fukushimatakumi/Library/Developer/Xcode/DerivedData/SugarBeat-hgoxfxbbugxkfsbmqcjlbmjeaqyg/SourcePackages/checkouts/GoogleUtilities/GoogleUtilities/UserDefaults/Public -Xcc -I/Users/fukushimatakumi/Library/Developer/Xcode/DerivedData/SugarBeat-hgoxfxbbugxkfsbmqcjlbmjeaqyg/SourcePackages/checkouts/app-check/AppCheckCore/Sources/Public -Xcc -I/Users/fukushimatakumi/Library/Developer/Xcode/DerivedData/SugarBeat-hgoxfxbbugxkfsbmqcjlbmjeaqyg/SourcePackages/checkouts/gtm-session-fetcher/Sources/Core/Public -Xcc -I/Users/fukushimatakumi/Library/Developer/Xcode/DerivedData/SugarBeat-hgoxfxbbugxkfsbmqcjlbmjeaqyg/SourcePackages/checkouts/GoogleSignIn-iOS/GoogleSignIn/Sources/Public -Xcc -I/Users/fukushimatakumi/Library/Developer/Xcode/DerivedData/SugarBeat-hgoxfxbbugxkfsbmqcjlbmjeaqyg/Build/Products/Debug-iphonesimulator/include -Xcc -I/Users/fukushimatakumi/Library/Developer/Xcode/DerivedData/SugarBeat-hgoxfxbbugxkfsbmqcjlbmjeaqyg/Build/Intermediates.noindex/GoogleSignIn.build/Debug-iphonesimulator/GoogleSignInSwift.build/DerivedSources-normal/arm64 -Xcc -I/Users/fukushimatakumi/Library/Developer/Xcode/DerivedData/SugarBeat-hgoxfxbbugxkfsbmqcjlbmjeaqyg/Build/Intermediates.noindex/GoogleSignIn.build/Debug-iphonesimulator/GoogleSignInSwift.build/DerivedSources/arm64 -Xcc -I/Users/fukushimatakumi/Library/Developer/Xcode/DerivedData/SugarBeat-hgoxfxbbugxkfsbmqcjlbmjeaqyg/Build/Intermediates.noindex/GoogleSignIn.build/Debug-iphonesimulator/GoogleSignInSwift.build/DerivedSources -Xcc -DSWIFT_PACKAGE -Xcc -DDEBUG\=1 -emit-objc-header -emit-objc-header-path /Users/fukushimatakumi/Library/Developer/Xcode/DerivedData/SugarBeat-hgoxfxbbugxkfsbmqcjlbmjeaqyg/Build/Intermediates.noindex/GoogleSignIn.build/Debug-iphonesimulator/GoogleSignInSwift.build/Objects-normal/arm64/GoogleSignInSwift-Swift.h -working-directory /Users/fukushimatakumi/develop/sugarbeat/sugarbeat-front -experimental-emit-module-separately -disable-cmo

PrecompileModule /Users/fukushimatakumi/Library/Developer/Xcode/DerivedData/SugarBeat-hgoxfxbbugxkfsbmqcjlbmjeaqyg/Build/Intermediates.noindex/ExplicitPrecompiledModules/os_availability-DBK1RY6NW6M93J7F1NIGDNL1D.scan
    cd /Users/fukushimatakumi/develop/sugarbeat/sugarbeat-front
    builtin-precompileModule /Users/fukushimatakumi/Library/Developer/Xcode/DerivedData/SugarBeat-hgoxfxbbugxkfsbmqcjlbmjeaqyg/Build/Intermediates.noindex/ExplicitPrecompiledModules/os_availability-DBK1RY6NW6M93J7F1NIGDNL1D.scan

ScanDependencies /Users/fukushimatakumi/Library/Developer/Xcode/DerivedData/SugarBeat-hgoxfxbbugxkfsbmqcjlbmjeaqyg/Build/Intermediates.noindex/GoogleSignIn.build/Debug-iphonesimulator/GoogleSignIn.build/Objects-normal/arm64/GIDSignInInternalOptions.o /Users/fukushimatakumi/Library/Developer/Xcode/DerivedData/SugarBeat-hgoxfxbbugxkfsbmqcjlbmjeaqyg/SourcePackages/checkouts/GoogleSignIn-iOS/GoogleSignIn/Sources/GIDSignInInternalOptions.m normal arm64 objective-c com.apple.compilers.llvm.clang.1_0.compiler (in target 'GoogleSignIn' from project 'GoogleSignIn')
    cd /Users/fukushimatakumi/develop/sugarbeat/sugarbeat-front
    
    Using response file: /Users/fukushimatakumi/Library/Developer/Xcode/DerivedData/SugarBeat-hgoxfxbbugxkfsbmqcjlbmjeaqyg/Build/Intermediates.noindex/GoogleSignIn.build/Debug-iphonesimulator/GoogleSignIn.build/Objects-normal/arm64/e6072d4f65d7061329687fe24e3d63a7-common-args.resp
    
    builtin-ScanDependencies -o /Users/fukushimatakumi/Library/Developer/Xcode/DerivedData/SugarBeat-hgoxfxbbugxkfsbmqcjlbmjeaqyg/Build/Intermediates.noindex/GoogleSignIn.build/Debug-iphonesimulator/GoogleSignIn.build/Objects-normal/arm64/GIDSignInInternalOptions.o.scan -- /Applications/Xcode.app/Contents/Developer/Toolchains/XcodeDefault.xctoolchain/usr/bin/clang -x objective-c -ivfsstatcache /Users/fukushimatakumi/Library/Developer/Xcode/DerivedData/SDKStatCaches.noindex/iphonesimulator18.4-22E235-71825a6d136aa4733edcbe86ece5525b.sdkstatcache -fmessage-length\=0 -fdiagnostics-show-note-include-stack -fmacro-backtrace-limit\=0 -fno-color-diagnostics -fmodules-prune-interval\=86400 -fmodules-prune-after\=345600 -fbuild-session-file\=/Users/fukushimatakumi/Library/Developer/Xcode/DerivedData/ModuleCache.noindex/Session.modulevalidation -fmodules-validate-once-per-build-session -Wnon-modular-include-in-framework-module -Werror\=non-modular-include-in-framework-module -Wno-trigraphs -Wno-missing-field-initializers -Wno-missing-prototypes -Wno-return-type -Wno-implicit-atomic-properties -Wno-objc-interface-ivars -Wno-arc-repeated-use-of-weak -Wno-missing-braces -Wparentheses -Wswitch -Wno-unused-function -Wno-unused-label -Wno-unused-parameter -Wno-unused-variable -Wunused-value -Wno-empty-body -Wno-uninitialized -Wno-unknown-pragmas -w -Wno-shadow -Wno-four-char-constants -Wno-conversion -Wno-constant-conversion -Wno-int-conversion -Wno-bool-conversion -Wno-enum-conversion -Wno-float-conversion -Wno-non-literal-null-conversion -Wno-objc-literal-conversion -Wshorten-64-to-32 -Wpointer-sign -Wno-newline-eof -Wno-selector -Wno-strict-selector-match -Wno-undeclared-selector -Wno-deprecated-implementations -Wno-implicit-fallthrough -fstrict-aliasing -Wprotocol -Wdeprecated-declarations -Wno-sign-conversion -Wno-infinite-recursion -Wno-comma -Wno-block-capture-autoreleasing -Wno-strict-prototypes -Wno-semicolon-before-method-body -index-store-path /Users/fukushimatakumi/Library/Developer/Xcode/DerivedData/SugarBeat-hgoxfxbbugxkfsbmqcjlbmjeaqyg/Index.noindex/DataStore @/Users/fukushimatakumi/Library/Developer/Xcode/DerivedData/SugarBeat-hgoxfxbbugxkfsbmqcjlbmjeaqyg/Build/Intermediates.noindex/GoogleSignIn.build/Debug-iphonesimulator/GoogleSignIn.build/Objects-normal/arm64/e6072d4f65d7061329687fe24e3d63a7-common-args.resp -include /Users/fukushimatakumi/Library/Developer/Xcode/DerivedData/SugarBeat-hgoxfxbbugxkfsbmqcjlbmjeaqyg/Build/Intermediates.noindex/GoogleSignIn.build/Debug-iphonesimulator/GoogleSignIn.build/DerivedSources/resource_bundle_accessor.h -MMD -MT dependencies -MF /Users/fukushimatakumi/Library/Developer/Xcode/DerivedData/SugarBeat-hgoxfxbbugxkfsbmqcjlbmjeaqyg/Build/Intermediates.noindex/GoogleSignIn.build/Debug-iphonesimulator/GoogleSignIn.build/Objects-normal/arm64/GIDSignInInternalOptions.d --serialize-diagnostics /Users/fukushimatakumi/Library/Developer/Xcode/DerivedData/SugarBeat-hgoxfxbbugxkfsbmqcjlbmjeaqyg/Build/Intermediates.noindex/GoogleSignIn.build/Debug-iphonesimulator/GoogleSignIn.build/Objects-normal/arm64/GIDSignInInternalOptions.dia -c /Users/fukushimatakumi/Library/Developer/Xcode/DerivedData/SugarBeat-hgoxfxbbugxkfsbmqcjlbmjeaqyg/SourcePackages/checkouts/GoogleSignIn-iOS/GoogleSignIn/Sources/GIDSignInInternalOptions.m -o /Users/fukushimatakumi/Library/Developer/Xcode/DerivedData/SugarBeat-hgoxfxbbugxkfsbmqcjlbmjeaqyg/Build/Intermediates.noindex/GoogleSignIn.build/Debug-iphonesimulator/GoogleSignIn.build/Objects-normal/arm64/GIDSignInInternalOptions.o -index-unit-output-path /GoogleSignIn.build/Debug-iphonesimulator/GoogleSignIn.build/Objects-normal/arm64/GIDSignInInternalOptions.o

ScanDependencies /Users/fukushimatakumi/Library/Developer/Xcode/DerivedData/SugarBeat-hgoxfxbbugxkfsbmqcjlbmjeaqyg/Build/Intermediates.noindex/GoogleSignIn.build/Debug-iphonesimulator/GoogleSignIn.build/Objects-normal/arm64/GIDSignInCallbackSchemes.o /Users/fukushimatakumi/Library/Developer/Xcode/DerivedData/SugarBeat-hgoxfxbbugxkfsbmqcjlbmjeaqyg/SourcePackages/checkouts/GoogleSignIn-iOS/GoogleSignIn/Sources/GIDSignInCallbackSchemes.m normal arm64 objective-c com.apple.compilers.llvm.clang.1_0.compiler (in target 'GoogleSignIn' from project 'GoogleSignIn')
    cd /Users/fukushimatakumi/develop/sugarbeat/sugarbeat-front
    
    Using response file: /Users/fukushimatakumi/Library/Developer/Xcode/DerivedData/SugarBeat-hgoxfxbbugxkfsbmqcjlbmjeaqyg/Build/Intermediates.noindex/GoogleSignIn.build/Debug-iphonesimulator/GoogleSignIn.build/Objects-normal/arm64/e6072d4f65d7061329687fe24e3d63a7-common-args.resp
    
    builtin-ScanDependencies -o /Users/fukushimatakumi/Library/Developer/Xcode/DerivedData/SugarBeat-hgoxfxbbugxkfsbmqcjlbmjeaqyg/Build/Intermediates.noindex/GoogleSignIn.build/Debug-iphonesimulator/GoogleSignIn.build/Objects-normal/arm64/GIDSignInCallbackSchemes.o.scan -- /Applications/Xcode.app/Contents/Developer/Toolchains/XcodeDefault.xctoolchain/usr/bin/clang -x objective-c -ivfsstatcache /Users/fukushimatakumi/Library/Developer/Xcode/DerivedData/SDKStatCaches.noindex/iphonesimulator18.4-22E235-71825a6d136aa4733edcbe86ece5525b.sdkstatcache -fmessage-length\=0 -fdiagnostics-show-note-include-stack -fmacro-backtrace-limit\=0 -fno-color-diagnostics -fmodules-prune-interval\=86400 -fmodules-prune-after\=345600 -fbuild-session-file\=/Users/fukushimatakumi/Library/Developer/Xcode/DerivedData/ModuleCache.noindex/Session.modulevalidation -fmodules-validate-once-per-build-session -Wnon-modular-include-in-framework-module -Werror\=non-modular-include-in-framework-module -Wno-trigraphs -Wno-missing-field-initializers -Wno-missing-prototypes -Wno-return-type -Wno-implicit-atomic-properties -Wno-objc-interface-ivars -Wno-arc-repeated-use-of-weak -Wno-missing-braces -Wparentheses -Wswitch -Wno-unused-function -Wno-unused-label -Wno-unused-parameter -Wno-unused-variable -Wunused-value -Wno-empty-body -Wno-uninitialized -Wno-unknown-pragmas -w -Wno-shadow -Wno-four-char-constants -Wno-conversion -Wno-constant-conversion -Wno-int-conversion -Wno-bool-conversion -Wno-enum-conversion -Wno-float-conversion -Wno-non-literal-null-conversion -Wno-objc-literal-conversion -Wshorten-64-to-32 -Wpointer-sign -Wno-newline-eof -Wno-selector -Wno-strict-selector-match -Wno-undeclared-selector -Wno-deprecated-implementations -Wno-implicit-fallthrough -fstrict-aliasing -Wprotocol -Wdeprecated-declarations -Wno-sign-conversion -Wno-infinite-recursion -Wno-comma -Wno-block-capture-autoreleasing -Wno-strict-prototypes -Wno-semicolon-before-method-body -index-store-path /Users/fukushimatakumi/Library/Developer/Xcode/DerivedData/SugarBeat-hgoxfxbbugxkfsbmqcjlbmjeaqyg/Index.noindex/DataStore @/Users/fukushimatakumi/Library/Developer/Xcode/DerivedData/SugarBeat-hgoxfxbbugxkfsbmqcjlbmjeaqyg/Build/Intermediates.noindex/GoogleSignIn.build/Debug-iphonesimulator/GoogleSignIn.build/Objects-normal/arm64/e6072d4f65d7061329687fe24e3d63a7-common-args.resp -include /Users/fukushimatakumi/Library/Developer/Xcode/DerivedData/SugarBeat-hgoxfxbbugxkfsbmqcjlbmjeaqyg/Build/Intermediates.noindex/GoogleSignIn.build/Debug-iphonesimulator/GoogleSignIn.build/DerivedSources/resource_bundle_accessor.h -MMD -MT dependencies -MF /Users/fukushimatakumi/Library/Developer/Xcode/DerivedData/SugarBeat-hgoxfxbbugxkfsbmqcjlbmjeaqyg/Build/Intermediates.noindex/GoogleSignIn.build/Debug-iphonesimulator/GoogleSignIn.build/Objects-normal/arm64/GIDSignInCallbackSchemes.d --serialize-diagnostics /Users/fukushimatakumi/Library/Developer/Xcode/DerivedData/SugarBeat-hgoxfxbbugxkfsbmqcjlbmjeaqyg/Build/Intermediates.noindex/GoogleSignIn.build/Debug-iphonesimulator/GoogleSignIn.build/Objects-normal/arm64/GIDSignInCallbackSchemes.dia -c /Users/fukushimatakumi/Library/Developer/Xcode/DerivedData/SugarBeat-hgoxfxbbugxkfsbmqcjlbmjeaqyg/SourcePackages/checkouts/GoogleSignIn-iOS/GoogleSignIn/Sources/GIDSignInCallbackSchemes.m -o /Users/fukushimatakumi/Library/Developer/Xcode/DerivedData/SugarBeat-hgoxfxbbugxkfsbmqcjlbmjeaqyg/Build/Intermediates.noindex/GoogleSignIn.build/Debug-iphonesimulator/GoogleSignIn.build/Objects-normal/arm64/GIDSignInCallbackSchemes.o -index-unit-output-path /GoogleSignIn.build/Debug-iphonesimulator/GoogleSignIn.build/Objects-normal/arm64/GIDSignInCallbackSchemes.o

PrecompileModule /Users/fukushimatakumi/Library/Developer/Xcode/DerivedData/SugarBeat-hgoxfxbbugxkfsbmqcjlbmjeaqyg/Build/Intermediates.noindex/ExplicitPrecompiledModules/DarwinFoundation-CVZ3NMFRK0KDBXY25KXXK6HT5.scan
    cd /Users/fukushimatakumi/develop/sugarbeat/sugarbeat-front
    builtin-precompileModule /Users/fukushimatakumi/Library/Developer/Xcode/DerivedData/SugarBeat-hgoxfxbbugxkfsbmqcjlbmjeaqyg/Build/Intermediates.noindex/ExplicitPrecompiledModules/DarwinFoundation-CVZ3NMFRK0KDBXY25KXXK6HT5.scan

PrecompileModule /Users/fukushimatakumi/Library/Developer/Xcode/DerivedData/SugarBeat-hgoxfxbbugxkfsbmqcjlbmjeaqyg/Build/Intermediates.noindex/ExplicitPrecompiledModules/AvailabilityMacros-AMR4BKJHF92CQ4WINSWB6FWTW.scan
    cd /Users/fukushimatakumi/develop/sugarbeat/sugarbeat-front
    builtin-precompileModule /Users/fukushimatakumi/Library/Developer/Xcode/DerivedData/SugarBeat-hgoxfxbbugxkfsbmqcjlbmjeaqyg/Build/Intermediates.noindex/ExplicitPrecompiledModules/AvailabilityMacros-AMR4BKJHF92CQ4WINSWB6FWTW.scan

ScanDependencies /Users/fukushimatakumi/Library/Developer/Xcode/DerivedData/SugarBeat-hgoxfxbbugxkfsbmqcjlbmjeaqyg/Build/Intermediates.noindex/GoogleSignIn.build/Debug-iphonesimulator/GoogleSignIn.build/Objects-normal/arm64/GIDSignInButton.o /Users/fukushimatakumi/Library/Developer/Xcode/DerivedData/SugarBeat-hgoxfxbbugxkfsbmqcjlbmjeaqyg/SourcePackages/checkouts/GoogleSignIn-iOS/GoogleSignIn/Sources/GIDSignInButton.m normal arm64 objective-c com.apple.compilers.llvm.clang.1_0.compiler (in target 'GoogleSignIn' from project 'GoogleSignIn')
    cd /Users/fukushimatakumi/develop/sugarbeat/sugarbeat-front
    
    Using response file: /Users/fukushimatakumi/Library/Developer/Xcode/DerivedData/SugarBeat-hgoxfxbbugxkfsbmqcjlbmjeaqyg/Build/Intermediates.noindex/GoogleSignIn.build/Debug-iphonesimulator/GoogleSignIn.build/Objects-normal/arm64/e6072d4f65d7061329687fe24e3d63a7-common-args.resp
    
    builtin-ScanDependencies -o /Users/fukushimatakumi/Library/Developer/Xcode/DerivedData/SugarBeat-hgoxfxbbugxkfsbmqcjlbmjeaqyg/Build/Intermediates.noindex/GoogleSignIn.build/Debug-iphonesimulator/GoogleSignIn.build/Objects-normal/arm64/GIDSignInButton.o.scan -- /Applications/Xcode.app/Contents/Developer/Toolchains/XcodeDefault.xctoolchain/usr/bin/clang -x objective-c -ivfsstatcache /Users/fukushimatakumi/Library/Developer/Xcode/DerivedData/SDKStatCaches.noindex/iphonesimulator18.4-22E235-71825a6d136aa4733edcbe86ece5525b.sdkstatcache -fmessage-length\=0 -fdiagnostics-show-note-include-stack -fmacro-backtrace-limit\=0 -fno-color-diagnostics -fmodules-prune-interval\=86400 -fmodules-prune-after\=345600 -fbuild-session-file\=/Users/fukushimatakumi/Library/Developer/Xcode/DerivedData/ModuleCache.noindex/Session.modulevalidation -fmodules-validate-once-per-build-session -Wnon-modular-include-in-framework-module -Werror\=non-modular-include-in-framework-module -Wno-trigraphs -Wno-missing-field-initializers -Wno-missing-prototypes -Wno-return-type -Wno-implicit-atomic-properties -Wno-objc-interface-ivars -Wno-arc-repeated-use-of-weak -Wno-missing-braces -Wparentheses -Wswitch -Wno-unused-function -Wno-unused-label -Wno-unused-parameter -Wno-unused-variable -Wunused-value -Wno-empty-body -Wno-uninitialized -Wno-unknown-pragmas -w -Wno-shadow -Wno-four-char-constants -Wno-conversion -Wno-constant-conversion -Wno-int-conversion -Wno-bool-conversion -Wno-enum-conversion -Wno-float-conversion -Wno-non-literal-null-conversion -Wno-objc-literal-conversion -Wshorten-64-to-32 -Wpointer-sign -Wno-newline-eof -Wno-selector -Wno-strict-selector-match -Wno-undeclared-selector -Wno-deprecated-implementations -Wno-implicit-fallthrough -fstrict-aliasing -Wprotocol -Wdeprecated-declarations -Wno-sign-conversion -Wno-infinite-recursion -Wno-comma -Wno-block-capture-autoreleasing -Wno-strict-prototypes -Wno-semicolon-before-method-body -index-store-path /Users/fukushimatakumi/Library/Developer/Xcode/DerivedData/SugarBeat-hgoxfxbbugxkfsbmqcjlbmjeaqyg/Index.noindex/DataStore @/Users/fukushimatakumi/Library/Developer/Xcode/DerivedData/SugarBeat-hgoxfxbbugxkfsbmqcjlbmjeaqyg/Build/Intermediates.noindex/GoogleSignIn.build/Debug-iphonesimulator/GoogleSignIn.build/Objects-normal/arm64/e6072d4f65d7061329687fe24e3d63a7-common-args.resp -include /Users/fukushimatakumi/Library/Developer/Xcode/DerivedData/SugarBeat-hgoxfxbbugxkfsbmqcjlbmjeaqyg/Build/Intermediates.noindex/GoogleSignIn.build/Debug-iphonesimulator/GoogleSignIn.build/DerivedSources/resource_bundle_accessor.h -MMD -MT dependencies -MF /Users/fukushimatakumi/Library/Developer/Xcode/DerivedData/SugarBeat-hgoxfxbbugxkfsbmqcjlbmjeaqyg/Build/Intermediates.noindex/GoogleSignIn.build/Debug-iphonesimulator/GoogleSignIn.build/Objects-normal/arm64/GIDSignInButton.d --serialize-diagnostics /Users/fukushimatakumi/Library/Developer/Xcode/DerivedData/SugarBeat-hgoxfxbbugxkfsbmqcjlbmjeaqyg/Build/Intermediates.noindex/GoogleSignIn.build/Debug-iphonesimulator/GoogleSignIn.build/Objects-normal/arm64/GIDSignInButton.dia -c /Users/fukushimatakumi/Library/Developer/Xcode/DerivedData/SugarBeat-hgoxfxbbugxkfsbmqcjlbmjeaqyg/SourcePackages/checkouts/GoogleSignIn-iOS/GoogleSignIn/Sources/GIDSignInButton.m -o /Users/fukushimatakumi/Library/Developer/Xcode/DerivedData/SugarBeat-hgoxfxbbugxkfsbmqcjlbmjeaqyg/Build/Intermediates.noindex/GoogleSignIn.build/Debug-iphonesimulator/GoogleSignIn.build/Objects-normal/arm64/GIDSignInButton.o -index-unit-output-path /GoogleSignIn.build/Debug-iphonesimulator/GoogleSignIn.build/Objects-normal/arm64/GIDSignInButton.o

ScanDependencies /Users/fukushimatakumi/Library/Developer/Xcode/DerivedData/SugarBeat-hgoxfxbbugxkfsbmqcjlbmjeaqyg/Build/Intermediates.noindex/GoogleSignIn.build/Debug-iphonesimulator/GoogleSignIn.build/Objects-normal/arm64/GIDSignIn.o /Users/fukushimatakumi/Library/Developer/Xcode/DerivedData/SugarBeat-hgoxfxbbugxkfsbmqcjlbmjeaqyg/SourcePackages/checkouts/GoogleSignIn-iOS/GoogleSignIn/Sources/GIDSignIn.m normal arm64 objective-c com.apple.compilers.llvm.clang.1_0.compiler (in target 'GoogleSignIn' from project 'GoogleSignIn')
    cd /Users/fukushimatakumi/develop/sugarbeat/sugarbeat-front
    
    Using response file: /Users/fukushimatakumi/Library/Developer/Xcode/DerivedData/SugarBeat-hgoxfxbbugxkfsbmqcjlbmjeaqyg/Build/Intermediates.noindex/GoogleSignIn.build/Debug-iphonesimulator/GoogleSignIn.build/Objects-normal/arm64/e6072d4f65d7061329687fe24e3d63a7-common-args.resp
    
    builtin-ScanDependencies -o /Users/fukushimatakumi/Library/Developer/Xcode/DerivedData/SugarBeat-hgoxfxbbugxkfsbmqcjlbmjeaqyg/Build/Intermediates.noindex/GoogleSignIn.build/Debug-iphonesimulator/GoogleSignIn.build/Objects-normal/arm64/GIDSignIn.o.scan -- /Applications/Xcode.app/Contents/Developer/Toolchains/XcodeDefault.xctoolchain/usr/bin/clang -x objective-c -ivfsstatcache /Users/fukushimatakumi/Library/Developer/Xcode/DerivedData/SDKStatCaches.noindex/iphonesimulator18.4-22E235-71825a6d136aa4733edcbe86ece5525b.sdkstatcache -fmessage-length\=0 -fdiagnostics-show-note-include-stack -fmacro-backtrace-limit\=0 -fno-color-diagnostics -fmodules-prune-interval\=86400 -fmodules-prune-after\=345600 -fbuild-session-file\=/Users/fukushimatakumi/Library/Developer/Xcode/DerivedData/ModuleCache.noindex/Session.modulevalidation -fmodules-validate-once-per-build-session -Wnon-modular-include-in-framework-module -Werror\=non-modular-include-in-framework-module -Wno-trigraphs -Wno-missing-field-initializers -Wno-missing-prototypes -Wno-return-type -Wno-implicit-atomic-properties -Wno-objc-interface-ivars -Wno-arc-repeated-use-of-weak -Wno-missing-braces -Wparentheses -Wswitch -Wno-unused-function -Wno-unused-label -Wno-unused-parameter -Wno-unused-variable -Wunused-value -Wno-empty-body -Wno-uninitialized -Wno-unknown-pragmas -w -Wno-shadow -Wno-four-char-constants -Wno-conversion -Wno-constant-conversion -Wno-int-conversion -Wno-bool-conversion -Wno-enum-conversion -Wno-float-conversion -Wno-non-literal-null-conversion -Wno-objc-literal-conversion -Wshorten-64-to-32 -Wpointer-sign -Wno-newline-eof -Wno-selector -Wno-strict-selector-match -Wno-undeclared-selector -Wno-deprecated-implementations -Wno-implicit-fallthrough -fstrict-aliasing -Wprotocol -Wdeprecated-declarations -Wno-sign-conversion -Wno-infinite-recursion -Wno-comma -Wno-block-capture-autoreleasing -Wno-strict-prototypes -Wno-semicolon-before-method-body -index-store-path /Users/fukushimatakumi/Library/Developer/Xcode/DerivedData/SugarBeat-hgoxfxbbugxkfsbmqcjlbmjeaqyg/Index.noindex/DataStore @/Users/fukushimatakumi/Library/Developer/Xcode/DerivedData/SugarBeat-hgoxfxbbugxkfsbmqcjlbmjeaqyg/Build/Intermediates.noindex/GoogleSignIn.build/Debug-iphonesimulator/GoogleSignIn.build/Objects-normal/arm64/e6072d4f65d7061329687fe24e3d63a7-common-args.resp -include /Users/fukushimatakumi/Library/Developer/Xcode/DerivedData/SugarBeat-hgoxfxbbugxkfsbmqcjlbmjeaqyg/Build/Intermediates.noindex/GoogleSignIn.build/Debug-iphonesimulator/GoogleSignIn.build/DerivedSources/resource_bundle_accessor.h -MMD -MT dependencies -MF /Users/fukushimatakumi/Library/Developer/Xcode/DerivedData/SugarBeat-hgoxfxbbugxkfsbmqcjlbmjeaqyg/Build/Intermediates.noindex/GoogleSignIn.build/Debug-iphonesimulator/GoogleSignIn.build/Objects-normal/arm64/GIDSignIn.d --serialize-diagnostics /Users/fukushimatakumi/Library/Developer/Xcode/DerivedData/SugarBeat-hgoxfxbbugxkfsbmqcjlbmjeaqyg/Build/Intermediates.noindex/GoogleSignIn.build/Debug-iphonesimulator/GoogleSignIn.build/Objects-normal/arm64/GIDSignIn.dia -c /Users/fukushimatakumi/Library/Developer/Xcode/DerivedData/SugarBeat-hgoxfxbbugxkfsbmqcjlbmjeaqyg/SourcePackages/checkouts/GoogleSignIn-iOS/GoogleSignIn/Sources/GIDSignIn.m -o /Users/fukushimatakumi/Library/Developer/Xcode/DerivedData/SugarBeat-hgoxfxbbugxkfsbmqcjlbmjeaqyg/Build/Intermediates.noindex/GoogleSignIn.build/Debug-iphonesimulator/GoogleSignIn.build/Objects-normal/arm64/GIDSignIn.o -index-unit-output-path /GoogleSignIn.build/Debug-iphonesimulator/GoogleSignIn.build/Objects-normal/arm64/GIDSignIn.o

PrecompileModule /Users/fukushimatakumi/Library/Developer/Xcode/DerivedData/SugarBeat-hgoxfxbbugxkfsbmqcjlbmjeaqyg/Build/Intermediates.noindex/ExplicitPrecompiledModules/uuid-BCV516S6Y2ZVENOC99OT5GMO1.scan
    cd /Users/fukushimatakumi/develop/sugarbeat/sugarbeat-front
    builtin-precompileModule /Users/fukushimatakumi/Library/Developer/Xcode/DerivedData/SugarBeat-hgoxfxbbugxkfsbmqcjlbmjeaqyg/Build/Intermediates.noindex/ExplicitPrecompiledModules/uuid-BCV516S6Y2ZVENOC99OT5GMO1.scan

PrecompileModule /Users/fukushimatakumi/Library/Developer/Xcode/DerivedData/SugarBeat-hgoxfxbbugxkfsbmqcjlbmjeaqyg/Build/Intermediates.noindex/ExplicitPrecompiledModules/_errno-8DZY4F9BYE5VYBGDCMXBAKJ7J.scan
    cd /Users/fukushimatakumi/develop/sugarbeat/sugarbeat-front
    builtin-precompileModule /Users/fukushimatakumi/Library/Developer/Xcode/DerivedData/SugarBeat-hgoxfxbbugxkfsbmqcjlbmjeaqyg/Build/Intermediates.noindex/ExplicitPrecompiledModules/_errno-8DZY4F9BYE5VYBGDCMXBAKJ7J.scan

PrecompileModule /Users/fukushimatakumi/Library/Developer/Xcode/DerivedData/SugarBeat-hgoxfxbbugxkfsbmqcjlbmjeaqyg/Build/Intermediates.noindex/ExplicitPrecompiledModules/_complex-CSVCRGZ5SBZL5288T6Q5X3EPJ.scan
    cd /Users/fukushimatakumi/develop/sugarbeat/sugarbeat-front
    builtin-precompileModule /Users/fukushimatakumi/Library/Developer/Xcode/DerivedData/SugarBeat-hgoxfxbbugxkfsbmqcjlbmjeaqyg/Build/Intermediates.noindex/ExplicitPrecompiledModules/_complex-CSVCRGZ5SBZL5288T6Q5X3EPJ.scan

PrecompileModule /Users/fukushimatakumi/Library/Developer/Xcode/DerivedData/SugarBeat-hgoxfxbbugxkfsbmqcjlbmjeaqyg/Build/Intermediates.noindex/ExplicitPrecompiledModules/sys_time-7MAK61HO17LM9WJN6EO5QPZG2.scan
    cd /Users/fukushimatakumi/develop/sugarbeat/sugarbeat-front
    builtin-precompileModule /Users/fukushimatakumi/Library/Developer/Xcode/DerivedData/SugarBeat-hgoxfxbbugxkfsbmqcjlbmjeaqyg/Build/Intermediates.noindex/ExplicitPrecompiledModules/sys_time-7MAK61HO17LM9WJN6EO5QPZG2.scan

PrecompileModule /Users/fukushimatakumi/Library/Developer/Xcode/DerivedData/SugarBeat-hgoxfxbbugxkfsbmqcjlbmjeaqyg/Build/Intermediates.noindex/ExplicitPrecompiledModules/_limits-DQKZN5P1IP4RPTKV2VJ30KA0J.scan
    cd /Users/fukushimatakumi/develop/sugarbeat/sugarbeat-front
    builtin-precompileModule /Users/fukushimatakumi/Library/Developer/Xcode/DerivedData/SugarBeat-hgoxfxbbugxkfsbmqcjlbmjeaqyg/Build/Intermediates.noindex/ExplicitPrecompiledModules/_limits-DQKZN5P1IP4RPTKV2VJ30KA0J.scan

PrecompileModule /Users/fukushimatakumi/Library/Developer/Xcode/DerivedData/SugarBeat-hgoxfxbbugxkfsbmqcjlbmjeaqyg/Build/Intermediates.noindex/ExplicitPrecompiledModules/_strings-D2VOCHZXQF7PG7G317JIQN781.scan
    cd /Users/fukushimatakumi/develop/sugarbeat/sugarbeat-front
    builtin-precompileModule /Users/fukushimatakumi/Library/Developer/Xcode/DerivedData/SugarBeat-hgoxfxbbugxkfsbmqcjlbmjeaqyg/Build/Intermediates.noindex/ExplicitPrecompiledModules/_strings-D2VOCHZXQF7PG7G317JIQN781.scan

PrecompileModule /Users/fukushimatakumi/Library/Developer/Xcode/DerivedData/SugarBeat-hgoxfxbbugxkfsbmqcjlbmjeaqyg/Build/Intermediates.noindex/ExplicitPrecompiledModules/netinet_in-3VTEDDCVEJ25MRJSDU5AM4FE8.scan
    cd /Users/fukushimatakumi/develop/sugarbeat/sugarbeat-front
    builtin-precompileModule /Users/fukushimatakumi/Library/Developer/Xcode/DerivedData/SugarBeat-hgoxfxbbugxkfsbmqcjlbmjeaqyg/Build/Intermediates.noindex/ExplicitPrecompiledModules/netinet_in-3VTEDDCVEJ25MRJSDU5AM4FE8.scan

PrecompileModule /Users/fukushimatakumi/Library/Developer/Xcode/DerivedData/SugarBeat-hgoxfxbbugxkfsbmqcjlbmjeaqyg/Build/Intermediates.noindex/ExplicitPrecompiledModules/_setjmp-3IGYRM16X4JD8ON5TRMAOR0CW.scan
    cd /Users/fukushimatakumi/develop/sugarbeat/sugarbeat-front
    builtin-precompileModule /Users/fukushimatakumi/Library/Developer/Xcode/DerivedData/SugarBeat-hgoxfxbbugxkfsbmqcjlbmjeaqyg/Build/Intermediates.noindex/ExplicitPrecompiledModules/_setjmp-3IGYRM16X4JD8ON5TRMAOR0CW.scan

PrecompileModule /Users/fukushimatakumi/Library/Developer/Xcode/DerivedData/SugarBeat-hgoxfxbbugxkfsbmqcjlbmjeaqyg/Build/Intermediates.noindex/ExplicitPrecompiledModules/_math-8X6DX75MR49OZZBJ3SSWWDULJ.scan
    cd /Users/fukushimatakumi/develop/sugarbeat/sugarbeat-front
    builtin-precompileModule /Users/fukushimatakumi/Library/Developer/Xcode/DerivedData/SugarBeat-hgoxfxbbugxkfsbmqcjlbmjeaqyg/Build/Intermediates.noindex/ExplicitPrecompiledModules/_math-8X6DX75MR49OZZBJ3SSWWDULJ.scan

PrecompileModule /Users/fukushimatakumi/Library/Developer/Xcode/DerivedData/SugarBeat-hgoxfxbbugxkfsbmqcjlbmjeaqyg/Build/Intermediates.noindex/ExplicitPrecompiledModules/_locale-BDFSRZKLTG45STM0DDRHFC5WL.scan
    cd /Users/fukushimatakumi/develop/sugarbeat/sugarbeat-front
    builtin-precompileModule /Users/fukushimatakumi/Library/Developer/Xcode/DerivedData/SugarBeat-hgoxfxbbugxkfsbmqcjlbmjeaqyg/Build/Intermediates.noindex/ExplicitPrecompiledModules/_locale-BDFSRZKLTG45STM0DDRHFC5WL.scan

PrecompileModule /Users/fukushimatakumi/Library/Developer/Xcode/DerivedData/SugarBeat-hgoxfxbbugxkfsbmqcjlbmjeaqyg/Build/Intermediates.noindex/ExplicitPrecompiledModules/_Builtin_limits-1H2HWAXT17GPQ1SM7KTGQ6TVB.scan
    cd /Users/fukushimatakumi/develop/sugarbeat/sugarbeat-front
    builtin-precompileModule /Users/fukushimatakumi/Library/Developer/Xcode/DerivedData/SugarBeat-hgoxfxbbugxkfsbmqcjlbmjeaqyg/Build/Intermediates.noindex/ExplicitPrecompiledModules/_Builtin_limits-1H2HWAXT17GPQ1SM7KTGQ6TVB.scan

PrecompileModule /Users/fukushimatakumi/Library/Developer/Xcode/DerivedData/SugarBeat-hgoxfxbbugxkfsbmqcjlbmjeaqyg/Build/Intermediates.noindex/ExplicitPrecompiledModules/_useconds_t-6WG9YV3RCDBZJDNU54F55JKG6.scan
    cd /Users/fukushimatakumi/develop/sugarbeat/sugarbeat-front
    builtin-precompileModule /Users/fukushimatakumi/Library/Developer/Xcode/DerivedData/SugarBeat-hgoxfxbbugxkfsbmqcjlbmjeaqyg/Build/Intermediates.noindex/ExplicitPrecompiledModules/_useconds_t-6WG9YV3RCDBZJDNU54F55JKG6.scan

PrecompileModule /Users/fukushimatakumi/Library/Developer/Xcode/DerivedData/SugarBeat-hgoxfxbbugxkfsbmqcjlbmjeaqyg/Build/Intermediates.noindex/ExplicitPrecompiledModules/mach-4LVMQHA7250D924YTPNOP7PY7.scan
    cd /Users/fukushimatakumi/develop/sugarbeat/sugarbeat-front
    builtin-precompileModule /Users/fukushimatakumi/Library/Developer/Xcode/DerivedData/SugarBeat-hgoxfxbbugxkfsbmqcjlbmjeaqyg/Build/Intermediates.noindex/ExplicitPrecompiledModules/mach-4LVMQHA7250D924YTPNOP7PY7.scan

PrecompileModule /Users/fukushimatakumi/Library/Developer/Xcode/DerivedData/SugarBeat-hgoxfxbbugxkfsbmqcjlbmjeaqyg/Build/Intermediates.noindex/ExplicitPrecompiledModules/_stdint-CN2NGGZL97RAMW4LVVLF1KZWS.scan
    cd /Users/fukushimatakumi/develop/sugarbeat/sugarbeat-front
    builtin-precompileModule /Users/fukushimatakumi/Library/Developer/Xcode/DerivedData/SugarBeat-hgoxfxbbugxkfsbmqcjlbmjeaqyg/Build/Intermediates.noindex/ExplicitPrecompiledModules/_stdint-CN2NGGZL97RAMW4LVVLF1KZWS.scan

PrecompileModule /Users/fukushimatakumi/Library/Developer/Xcode/DerivedData/SugarBeat-hgoxfxbbugxkfsbmqcjlbmjeaqyg/Build/Intermediates.noindex/ExplicitPrecompiledModules/_sys_select-59MQ9F9DU2WZ2EBPORTJVTFJ0.scan
    cd /Users/fukushimatakumi/develop/sugarbeat/sugarbeat-front
    builtin-precompileModule /Users/fukushimatakumi/Library/Developer/Xcode/DerivedData/SugarBeat-hgoxfxbbugxkfsbmqcjlbmjeaqyg/Build/Intermediates.noindex/ExplicitPrecompiledModules/_sys_select-59MQ9F9DU2WZ2EBPORTJVTFJ0.scan

PrecompileModule /Users/fukushimatakumi/Library/Developer/Xcode/DerivedData/SugarBeat-hgoxfxbbugxkfsbmqcjlbmjeaqyg/Build/Intermediates.noindex/ExplicitPrecompiledModules/xlocale-41U6I5I0DDE8WWQG8VU80CVFX.scan
    cd /Users/fukushimatakumi/develop/sugarbeat/sugarbeat-front
    builtin-precompileModule /Users/fukushimatakumi/Library/Developer/Xcode/DerivedData/SugarBeat-hgoxfxbbugxkfsbmqcjlbmjeaqyg/Build/Intermediates.noindex/ExplicitPrecompiledModules/xlocale-41U6I5I0DDE8WWQG8VU80CVFX.scan

PrecompileModule /Users/fukushimatakumi/Library/Developer/Xcode/DerivedData/SugarBeat-hgoxfxbbugxkfsbmqcjlbmjeaqyg/Build/Intermediates.noindex/ExplicitPrecompiledModules/_tgmath-1MAJQ5RX4F3LJES51WEOWJ66D.scan
    cd /Users/fukushimatakumi/develop/sugarbeat/sugarbeat-front
    builtin-precompileModule /Users/fukushimatakumi/Library/Developer/Xcode/DerivedData/SugarBeat-hgoxfxbbugxkfsbmqcjlbmjeaqyg/Build/Intermediates.noindex/ExplicitPrecompiledModules/_tgmath-1MAJQ5RX4F3LJES51WEOWJ66D.scan

PrecompileModule /Users/fukushimatakumi/Library/Developer/Xcode/DerivedData/SugarBeat-hgoxfxbbugxkfsbmqcjlbmjeaqyg/Build/Intermediates.noindex/ExplicitPrecompiledModules/runetype-563MJWMHLZEGGTS474EANMMM7.scan
    cd /Users/fukushimatakumi/develop/sugarbeat/sugarbeat-front
    builtin-precompileModule /Users/fukushimatakumi/Library/Developer/Xcode/DerivedData/SugarBeat-hgoxfxbbugxkfsbmqcjlbmjeaqyg/Build/Intermediates.noindex/ExplicitPrecompiledModules/runetype-563MJWMHLZEGGTS474EANMMM7.scan

PrecompileModule /Users/fukushimatakumi/Library/Developer/Xcode/DerivedData/SugarBeat-hgoxfxbbugxkfsbmqcjlbmjeaqyg/Build/Intermediates.noindex/ExplicitPrecompiledModules/alloca-538DSIBHTNKK0BW7AG60IUM6V.scan
    cd /Users/fukushimatakumi/develop/sugarbeat/sugarbeat-front
    builtin-precompileModule /Users/fukushimatakumi/Library/Developer/Xcode/DerivedData/SugarBeat-hgoxfxbbugxkfsbmqcjlbmjeaqyg/Build/Intermediates.noindex/ExplicitPrecompiledModules/alloca-538DSIBHTNKK0BW7AG60IUM6V.scan

PrecompileModule /Users/fukushimatakumi/Library/Developer/Xcode/DerivedData/SugarBeat-hgoxfxbbugxkfsbmqcjlbmjeaqyg/Build/Intermediates.noindex/ExplicitPrecompiledModules/_assert-AN6RAZBPWSW1O8LLW28SQ2L0R.scan
    cd /Users/fukushimatakumi/develop/sugarbeat/sugarbeat-front
    builtin-precompileModule /Users/fukushimatakumi/Library/Developer/Xcode/DerivedData/SugarBeat-hgoxfxbbugxkfsbmqcjlbmjeaqyg/Build/Intermediates.noindex/ExplicitPrecompiledModules/_assert-AN6RAZBPWSW1O8LLW28SQ2L0R.scan

PrecompileModule /Users/fukushimatakumi/Library/Developer/Xcode/DerivedData/SugarBeat-hgoxfxbbugxkfsbmqcjlbmjeaqyg/Build/Intermediates.noindex/ExplicitPrecompiledModules/_Builtin_stdint-2TAN3PT73N59K2LVZSVHTLSYW.scan
    cd /Users/fukushimatakumi/develop/sugarbeat/sugarbeat-front
    builtin-precompileModule /Users/fukushimatakumi/Library/Developer/Xcode/DerivedData/SugarBeat-hgoxfxbbugxkfsbmqcjlbmjeaqyg/Build/Intermediates.noindex/ExplicitPrecompiledModules/_Builtin_stdint-2TAN3PT73N59K2LVZSVHTLSYW.scan

PrecompileModule /Users/fukushimatakumi/Library/Developer/Xcode/DerivedData/SugarBeat-hgoxfxbbugxkfsbmqcjlbmjeaqyg/Build/Intermediates.noindex/ExplicitPrecompiledModules/sys_types-DVG62SXXN036SK1VCRQKVL7CU.scan
    cd /Users/fukushimatakumi/develop/sugarbeat/sugarbeat-front
    builtin-precompileModule /Users/fukushimatakumi/Library/Developer/Xcode/DerivedData/SugarBeat-hgoxfxbbugxkfsbmqcjlbmjeaqyg/Build/Intermediates.noindex/ExplicitPrecompiledModules/sys_types-DVG62SXXN036SK1VCRQKVL7CU.scan

PrecompileModule /Users/fukushimatakumi/Library/Developer/Xcode/DerivedData/SugarBeat-hgoxfxbbugxkfsbmqcjlbmjeaqyg/Build/Intermediates.noindex/ExplicitPrecompiledModules/_Builtin_tgmath-ZFDK6QU8A71FB4SC7HJTXT5V.scan
    cd /Users/fukushimatakumi/develop/sugarbeat/sugarbeat-front
    builtin-precompileModule /Users/fukushimatakumi/Library/Developer/Xcode/DerivedData/SugarBeat-hgoxfxbbugxkfsbmqcjlbmjeaqyg/Build/Intermediates.noindex/ExplicitPrecompiledModules/_Builtin_tgmath-ZFDK6QU8A71FB4SC7HJTXT5V.scan

ScanDependencies /Users/fukushimatakumi/Library/Developer/Xcode/DerivedData/SugarBeat-hgoxfxbbugxkfsbmqcjlbmjeaqyg/Build/Intermediates.noindex/GoogleSignIn.build/Debug-iphonesimulator/GoogleSignIn.build/Objects-normal/arm64/GIDScopes.o /Users/fukushimatakumi/Library/Developer/Xcode/DerivedData/SugarBeat-hgoxfxbbugxkfsbmqcjlbmjeaqyg/SourcePackages/checkouts/GoogleSignIn-iOS/GoogleSignIn/Sources/GIDScopes.m normal arm64 objective-c com.apple.compilers.llvm.clang.1_0.compiler (in target 'GoogleSignIn' from project 'GoogleSignIn')
    cd /Users/fukushimatakumi/develop/sugarbeat/sugarbeat-front
    
    Using response file: /Users/fukushimatakumi/Library/Developer/Xcode/DerivedData/SugarBeat-hgoxfxbbugxkfsbmqcjlbmjeaqyg/Build/Intermediates.noindex/GoogleSignIn.build/Debug-iphonesimulator/GoogleSignIn.build/Objects-normal/arm64/e6072d4f65d7061329687fe24e3d63a7-common-args.resp
    
    builtin-ScanDependencies -o /Users/fukushimatakumi/Library/Developer/Xcode/DerivedData/SugarBeat-hgoxfxbbugxkfsbmqcjlbmjeaqyg/Build/Intermediates.noindex/GoogleSignIn.build/Debug-iphonesimulator/GoogleSignIn.build/Objects-normal/arm64/GIDScopes.o.scan -- /Applications/Xcode.app/Contents/Developer/Toolchains/XcodeDefault.xctoolchain/usr/bin/clang -x objective-c -ivfsstatcache /Users/fukushimatakumi/Library/Developer/Xcode/DerivedData/SDKStatCaches.noindex/iphonesimulator18.4-22E235-71825a6d136aa4733edcbe86ece5525b.sdkstatcache -fmessage-length\=0 -fdiagnostics-show-note-include-stack -fmacro-backtrace-limit\=0 -fno-color-diagnostics -fmodules-prune-interval\=86400 -fmodules-prune-after\=345600 -fbuild-session-file\=/Users/fukushimatakumi/Library/Developer/Xcode/DerivedData/ModuleCache.noindex/Session.modulevalidation -fmodules-validate-once-per-build-session -Wnon-modular-include-in-framework-module -Werror\=non-modular-include-in-framework-module -Wno-trigraphs -Wno-missing-field-initializers -Wno-missing-prototypes -Wno-return-type -Wno-implicit-atomic-properties -Wno-objc-interface-ivars -Wno-arc-repeated-use-of-weak -Wno-missing-braces -Wparentheses -Wswitch -Wno-unused-function -Wno-unused-label -Wno-unused-parameter -Wno-unused-variable -Wunused-value -Wno-empty-body -Wno-uninitialized -Wno-unknown-pragmas -w -Wno-shadow -Wno-four-char-constants -Wno-conversion -Wno-constant-conversion -Wno-int-conversion -Wno-bool-conversion -Wno-enum-conversion -Wno-float-conversion -Wno-non-literal-null-conversion -Wno-objc-literal-conversion -Wshorten-64-to-32 -Wpointer-sign -Wno-newline-eof -Wno-selector -Wno-strict-selector-match -Wno-undeclared-selector -Wno-deprecated-implementations -Wno-implicit-fallthrough -fstrict-aliasing -Wprotocol -Wdeprecated-declarations -Wno-sign-conversion -Wno-infinite-recursion -Wno-comma -Wno-block-capture-autoreleasing -Wno-strict-prototypes -Wno-semicolon-before-method-body -index-store-path /Users/fukushimatakumi/Library/Developer/Xcode/DerivedData/SugarBeat-hgoxfxbbugxkfsbmqcjlbmjeaqyg/Index.noindex/DataStore @/Users/fukushimatakumi/Library/Developer/Xcode/DerivedData/SugarBeat-hgoxfxbbugxkfsbmqcjlbmjeaqyg/Build/Intermediates.noindex/GoogleSignIn.build/Debug-iphonesimulator/GoogleSignIn.build/Objects-normal/arm64/e6072d4f65d7061329687fe24e3d63a7-common-args.resp -include /Users/fukushimatakumi/Library/Developer/Xcode/DerivedData/SugarBeat-hgoxfxbbugxkfsbmqcjlbmjeaqyg/Build/Intermediates.noindex/GoogleSignIn.build/Debug-iphonesimulator/GoogleSignIn.build/DerivedSources/resource_bundle_accessor.h -MMD -MT dependencies -MF /Users/fukushimatakumi/Library/Developer/Xcode/DerivedData/SugarBeat-hgoxfxbbugxkfsbmqcjlbmjeaqyg/Build/Intermediates.noindex/GoogleSignIn.build/Debug-iphonesimulator/GoogleSignIn.build/Objects-normal/arm64/GIDScopes.d --serialize-diagnostics /Users/fukushimatakumi/Library/Developer/Xcode/DerivedData/SugarBeat-hgoxfxbbugxkfsbmqcjlbmjeaqyg/Build/Intermediates.noindex/GoogleSignIn.build/Debug-iphonesimulator/GoogleSignIn.build/Objects-normal/arm64/GIDScopes.dia -c /Users/fukushimatakumi/Library/Developer/Xcode/DerivedData/SugarBeat-hgoxfxbbugxkfsbmqcjlbmjeaqyg/SourcePackages/checkouts/GoogleSignIn-iOS/GoogleSignIn/Sources/GIDScopes.m -o /Users/fukushimatakumi/Library/Developer/Xcode/DerivedData/SugarBeat-hgoxfxbbugxkfsbmqcjlbmjeaqyg/Build/Intermediates.noindex/GoogleSignIn.build/Debug-iphonesimulator/GoogleSignIn.build/Objects-normal/arm64/GIDScopes.o -index-unit-output-path /GoogleSignIn.build/Debug-iphonesimulator/GoogleSignIn.build/Objects-normal/arm64/GIDScopes.o

PrecompileModule /Users/fukushimatakumi/Library/Developer/Xcode/DerivedData/SugarBeat-hgoxfxbbugxkfsbmqcjlbmjeaqyg/Build/Intermediates.noindex/ExplicitPrecompiledModules/_ctype-C50IS14UM7X8735LNRJPVYPXB.scan
    cd /Users/fukushimatakumi/develop/sugarbeat/sugarbeat-front
    builtin-precompileModule /Users/fukushimatakumi/Library/Developer/Xcode/DerivedData/SugarBeat-hgoxfxbbugxkfsbmqcjlbmjeaqyg/Build/Intermediates.noindex/ExplicitPrecompiledModules/_ctype-C50IS14UM7X8735LNRJPVYPXB.scan

ScanDependencies /Users/fukushimatakumi/Library/Developer/Xcode/DerivedData/SugarBeat-hgoxfxbbugxkfsbmqcjlbmjeaqyg/Build/Intermediates.noindex/GoogleSignIn.build/Debug-iphonesimulator/GoogleSignIn.build/Objects-normal/arm64/GIDProfileData.o /Users/fukushimatakumi/Library/Developer/Xcode/DerivedData/SugarBeat-hgoxfxbbugxkfsbmqcjlbmjeaqyg/SourcePackages/checkouts/GoogleSignIn-iOS/GoogleSignIn/Sources/GIDProfileData.m normal arm64 objective-c com.apple.compilers.llvm.clang.1_0.compiler (in target 'GoogleSignIn' from project 'GoogleSignIn')
    cd /Users/fukushimatakumi/develop/sugarbeat/sugarbeat-front
    
    Using response file: /Users/fukushimatakumi/Library/Developer/Xcode/DerivedData/SugarBeat-hgoxfxbbugxkfsbmqcjlbmjeaqyg/Build/Intermediates.noindex/GoogleSignIn.build/Debug-iphonesimulator/GoogleSignIn.build/Objects-normal/arm64/e6072d4f65d7061329687fe24e3d63a7-common-args.resp
    
    builtin-ScanDependencies -o /Users/fukushimatakumi/Library/Developer/Xcode/DerivedData/SugarBeat-hgoxfxbbugxkfsbmqcjlbmjeaqyg/Build/Intermediates.noindex/GoogleSignIn.build/Debug-iphonesimulator/GoogleSignIn.build/Objects-normal/arm64/GIDProfileData.o.scan -- /Applications/Xcode.app/Contents/Developer/Toolchains/XcodeDefault.xctoolchain/usr/bin/clang -x objective-c -ivfsstatcache /Users/fukushimatakumi/Library/Developer/Xcode/DerivedData/SDKStatCaches.noindex/iphonesimulator18.4-22E235-71825a6d136aa4733edcbe86ece5525b.sdkstatcache -fmessage-length\=0 -fdiagnostics-show-note-include-stack -fmacro-backtrace-limit\=0 -fno-color-diagnostics -fmodules-prune-interval\=86400 -fmodules-prune-after\=345600 -fbuild-session-file\=/Users/fukushimatakumi/Library/Developer/Xcode/DerivedData/ModuleCache.noindex/Session.modulevalidation -fmodules-validate-once-per-build-session -Wnon-modular-include-in-framework-module -Werror\=non-modular-include-in-framework-module -Wno-trigraphs -Wno-missing-field-initializers -Wno-missing-prototypes -Wno-return-type -Wno-implicit-atomic-properties -Wno-objc-interface-ivars -Wno-arc-repeated-use-of-weak -Wno-missing-braces -Wparentheses -Wswitch -Wno-unused-function -Wno-unused-label -Wno-unused-parameter -Wno-unused-variable -Wunused-value -Wno-empty-body -Wno-uninitialized -Wno-unknown-pragmas -w -Wno-shadow -Wno-four-char-constants -Wno-conversion -Wno-constant-conversion -Wno-int-conversion -Wno-bool-conversion -Wno-enum-conversion -Wno-float-conversion -Wno-non-literal-null-conversion -Wno-objc-literal-conversion -Wshorten-64-to-32 -Wpointer-sign -Wno-newline-eof -Wno-selector -Wno-strict-selector-match -Wno-undeclared-selector -Wno-deprecated-implementations -Wno-implicit-fallthrough -fstrict-aliasing -Wprotocol -Wdeprecated-declarations -Wno-sign-conversion -Wno-infinite-recursion -Wno-comma -Wno-block-capture-autoreleasing -Wno-strict-prototypes -Wno-semicolon-before-method-body -index-store-path /Users/fukushimatakumi/Library/Developer/Xcode/DerivedData/SugarBeat-hgoxfxbbugxkfsbmqcjlbmjeaqyg/Index.noindex/DataStore @/Users/fukushimatakumi/Library/Developer/Xcode/DerivedData/SugarBeat-hgoxfxbbugxkfsbmqcjlbmjeaqyg/Build/Intermediates.noindex/GoogleSignIn.build/Debug-iphonesimulator/GoogleSignIn.build/Objects-normal/arm64/e6072d4f65d7061329687fe24e3d63a7-common-args.resp -include /Users/fukushimatakumi/Library/Developer/Xcode/DerivedData/SugarBeat-hgoxfxbbugxkfsbmqcjlbmjeaqyg/Build/Intermediates.noindex/GoogleSignIn.build/Debug-iphonesimulator/GoogleSignIn.build/DerivedSources/resource_bundle_accessor.h -MMD -MT dependencies -MF /Users/fukushimatakumi/Library/Developer/Xcode/DerivedData/SugarBeat-hgoxfxbbugxkfsbmqcjlbmjeaqyg/Build/Intermediates.noindex/GoogleSignIn.build/Debug-iphonesimulator/GoogleSignIn.build/Objects-normal/arm64/GIDProfileData.d --serialize-diagnostics /Users/fukushimatakumi/Library/Developer/Xcode/DerivedData/SugarBeat-hgoxfxbbugxkfsbmqcjlbmjeaqyg/Build/Intermediates.noindex/GoogleSignIn.build/Debug-iphonesimulator/GoogleSignIn.build/Objects-normal/arm64/GIDProfileData.dia -c /Users/fukushimatakumi/Library/Developer/Xcode/DerivedData/SugarBeat-hgoxfxbbugxkfsbmqcjlbmjeaqyg/SourcePackages/checkouts/GoogleSignIn-iOS/GoogleSignIn/Sources/GIDProfileData.m -o /Users/fukushimatakumi/Library/Developer/Xcode/DerivedData/SugarBeat-hgoxfxbbugxkfsbmqcjlbmjeaqyg/Build/Intermediates.noindex/GoogleSignIn.build/Debug-iphonesimulator/GoogleSignIn.build/Objects-normal/arm64/GIDProfileData.o -index-unit-output-path /GoogleSignIn.build/Debug-iphonesimulator/GoogleSignIn.build/Objects-normal/arm64/GIDProfileData.o

PrecompileModule /Users/fukushimatakumi/Library/Developer/Xcode/DerivedData/SugarBeat-hgoxfxbbugxkfsbmqcjlbmjeaqyg/Build/Intermediates.noindex/ExplicitPrecompiledModules/_inttypes-DJY5W4OTZSVP19MYZWUJKH2YR.scan
    cd /Users/fukushimatakumi/develop/sugarbeat/sugarbeat-front
    builtin-precompileModule /Users/fukushimatakumi/Library/Developer/Xcode/DerivedData/SugarBeat-hgoxfxbbugxkfsbmqcjlbmjeaqyg/Build/Intermediates.noindex/ExplicitPrecompiledModules/_inttypes-DJY5W4OTZSVP19MYZWUJKH2YR.scan

PrecompileModule /Users/fukushimatakumi/Library/Developer/Xcode/DerivedData/SugarBeat-hgoxfxbbugxkfsbmqcjlbmjeaqyg/Build/Intermediates.noindex/ExplicitPrecompiledModules/_Builtin_stdatomic-BJWW83QBPK6SFD3DYZSHQZVIL.scan
    cd /Users/fukushimatakumi/develop/sugarbeat/sugarbeat-front
    builtin-precompileModule /Users/fukushimatakumi/Library/Developer/Xcode/DerivedData/SugarBeat-hgoxfxbbugxkfsbmqcjlbmjeaqyg/Build/Intermediates.noindex/ExplicitPrecompiledModules/_Builtin_stdatomic-BJWW83QBPK6SFD3DYZSHQZVIL.scan

PrecompileModule /Users/fukushimatakumi/Library/Developer/Xcode/DerivedData/SugarBeat-hgoxfxbbugxkfsbmqcjlbmjeaqyg/Build/Intermediates.noindex/ExplicitPrecompiledModules/_time-1BIK177MCVGXDVHAWY4X0GCAD.scan
    cd /Users/fukushimatakumi/develop/sugarbeat/sugarbeat-front
    builtin-precompileModule /Users/fukushimatakumi/Library/Developer/Xcode/DerivedData/SugarBeat-hgoxfxbbugxkfsbmqcjlbmjeaqyg/Build/Intermediates.noindex/ExplicitPrecompiledModules/_time-1BIK177MCVGXDVHAWY4X0GCAD.scan

PrecompileModule /Users/fukushimatakumi/Library/Developer/Xcode/DerivedData/SugarBeat-hgoxfxbbugxkfsbmqcjlbmjeaqyg/Build/Intermediates.noindex/ExplicitPrecompiledModules/_stdio-DTFT46ZPOH16UJ8QCFEJSF8LP.scan
    cd /Users/fukushimatakumi/develop/sugarbeat/sugarbeat-front
    builtin-precompileModule /Users/fukushimatakumi/Library/Developer/Xcode/DerivedData/SugarBeat-hgoxfxbbugxkfsbmqcjlbmjeaqyg/Build/Intermediates.noindex/ExplicitPrecompiledModules/_stdio-DTFT46ZPOH16UJ8QCFEJSF8LP.scan

PrecompileModule /Users/fukushimatakumi/Library/Developer/Xcode/DerivedData/SugarBeat-hgoxfxbbugxkfsbmqcjlbmjeaqyg/Build/Intermediates.noindex/ExplicitPrecompiledModules/sys_resource-84Q9B3N26Y1CAT9PJDDGFLJQA.scan
    cd /Users/fukushimatakumi/develop/sugarbeat/sugarbeat-front
    builtin-precompileModule /Users/fukushimatakumi/Library/Developer/Xcode/DerivedData/SugarBeat-hgoxfxbbugxkfsbmqcjlbmjeaqyg/Build/Intermediates.noindex/ExplicitPrecompiledModules/sys_resource-84Q9B3N26Y1CAT9PJDDGFLJQA.scan

PrecompileModule /Users/fukushimatakumi/Library/Developer/Xcode/DerivedData/SugarBeat-hgoxfxbbugxkfsbmqcjlbmjeaqyg/Build/Intermediates.noindex/ExplicitPrecompiledModules/nl_types-99P6YUZ44J6Q9CN993ATPFDIJ.scan
    cd /Users/fukushimatakumi/develop/sugarbeat/sugarbeat-front
    builtin-precompileModule /Users/fukushimatakumi/Library/Developer/Xcode/DerivedData/SugarBeat-hgoxfxbbugxkfsbmqcjlbmjeaqyg/Build/Intermediates.noindex/ExplicitPrecompiledModules/nl_types-99P6YUZ44J6Q9CN993ATPFDIJ.scan

PrecompileModule /Users/fukushimatakumi/Library/Developer/Xcode/DerivedData/SugarBeat-hgoxfxbbugxkfsbmqcjlbmjeaqyg/Build/Intermediates.noindex/ExplicitPrecompiledModules/_signal-AT4QYFF846AFM4T7HCDFGBKX.scan
    cd /Users/fukushimatakumi/develop/sugarbeat/sugarbeat-front
    builtin-precompileModule /Users/fukushimatakumi/Library/Developer/Xcode/DerivedData/SugarBeat-hgoxfxbbugxkfsbmqcjlbmjeaqyg/Build/Intermediates.noindex/ExplicitPrecompiledModules/_signal-AT4QYFF846AFM4T7HCDFGBKX.scan

PrecompileModule /Users/fukushimatakumi/Library/Developer/Xcode/DerivedData/SugarBeat-hgoxfxbbugxkfsbmqcjlbmjeaqyg/Build/Intermediates.noindex/ExplicitPrecompiledModules/_Builtin_inttypes-D278TRPB2ZM7TASSKNYKF6BH0.scan
    cd /Users/fukushimatakumi/develop/sugarbeat/sugarbeat-front
    builtin-precompileModule /Users/fukushimatakumi/Library/Developer/Xcode/DerivedData/SugarBeat-hgoxfxbbugxkfsbmqcjlbmjeaqyg/Build/Intermediates.noindex/ExplicitPrecompiledModules/_Builtin_inttypes-D278TRPB2ZM7TASSKNYKF6BH0.scan

PrecompileModule /Users/fukushimatakumi/Library/Developer/Xcode/DerivedData/SugarBeat-hgoxfxbbugxkfsbmqcjlbmjeaqyg/Build/Intermediates.noindex/ExplicitPrecompiledModules/__wctype-902KBTN8HSX5M7665BRRUF603.scan
    cd /Users/fukushimatakumi/develop/sugarbeat/sugarbeat-front
    builtin-precompileModule /Users/fukushimatakumi/Library/Developer/Xcode/DerivedData/SugarBeat-hgoxfxbbugxkfsbmqcjlbmjeaqyg/Build/Intermediates.noindex/ExplicitPrecompiledModules/__wctype-902KBTN8HSX5M7665BRRUF603.scan

PrecompileModule /Users/fukushimatakumi/Library/Developer/Xcode/DerivedData/SugarBeat-hgoxfxbbugxkfsbmqcjlbmjeaqyg/Build/Intermediates.noindex/ExplicitPrecompiledModules/gethostuuid-BSGRRRATSW7KR5S7Z3I01UHJH.scan
    cd /Users/fukushimatakumi/develop/sugarbeat/sugarbeat-front
    builtin-precompileModule /Users/fukushimatakumi/Library/Developer/Xcode/DerivedData/SugarBeat-hgoxfxbbugxkfsbmqcjlbmjeaqyg/Build/Intermediates.noindex/ExplicitPrecompiledModules/gethostuuid-BSGRRRATSW7KR5S7Z3I01UHJH.scan

PrecompileModule /Users/fukushimatakumi/Library/Developer/Xcode/DerivedData/SugarBeat-hgoxfxbbugxkfsbmqcjlbmjeaqyg/Build/Intermediates.noindex/ExplicitPrecompiledModules/_string-5FG1PSP1HZV7CAEJ8KM6W8N88.scan
    cd /Users/fukushimatakumi/develop/sugarbeat/sugarbeat-front
    builtin-precompileModule /Users/fukushimatakumi/Library/Developer/Xcode/DerivedData/SugarBeat-hgoxfxbbugxkfsbmqcjlbmjeaqyg/Build/Intermediates.noindex/ExplicitPrecompiledModules/_string-5FG1PSP1HZV7CAEJ8KM6W8N88.scan

ScanDependencies /Users/fukushimatakumi/Library/Developer/Xcode/DerivedData/SugarBeat-hgoxfxbbugxkfsbmqcjlbmjeaqyg/Build/Intermediates.noindex/GoogleSignIn.build/Debug-iphonesimulator/GoogleSignIn.build/Objects-normal/arm64/GIDMDMPasscodeState.o /Users/fukushimatakumi/Library/Developer/Xcode/DerivedData/SugarBeat-hgoxfxbbugxkfsbmqcjlbmjeaqyg/SourcePackages/checkouts/GoogleSignIn-iOS/GoogleSignIn/Sources/GIDMDMPasscodeState.m normal arm64 objective-c com.apple.compilers.llvm.clang.1_0.compiler (in target 'GoogleSignIn' from project 'GoogleSignIn')
    cd /Users/fukushimatakumi/develop/sugarbeat/sugarbeat-front
    
    Using response file: /Users/fukushimatakumi/Library/Developer/Xcode/DerivedData/SugarBeat-hgoxfxbbugxkfsbmqcjlbmjeaqyg/Build/Intermediates.noindex/GoogleSignIn.build/Debug-iphonesimulator/GoogleSignIn.build/Objects-normal/arm64/e6072d4f65d7061329687fe24e3d63a7-common-args.resp
    
    builtin-ScanDependencies -o /Users/fukushimatakumi/Library/Developer/Xcode/DerivedData/SugarBeat-hgoxfxbbugxkfsbmqcjlbmjeaqyg/Build/Intermediates.noindex/GoogleSignIn.build/Debug-iphonesimulator/GoogleSignIn.build/Objects-normal/arm64/GIDMDMPasscodeState.o.scan -- /Applications/Xcode.app/Contents/Developer/Toolchains/XcodeDefault.xctoolchain/usr/bin/clang -x objective-c -ivfsstatcache /Users/fukushimatakumi/Library/Developer/Xcode/DerivedData/SDKStatCaches.noindex/iphonesimulator18.4-22E235-71825a6d136aa4733edcbe86ece5525b.sdkstatcache -fmessage-length\=0 -fdiagnostics-show-note-include-stack -fmacro-backtrace-limit\=0 -fno-color-diagnostics -fmodules-prune-interval\=86400 -fmodules-prune-after\=345600 -fbuild-session-file\=/Users/fukushimatakumi/Library/Developer/Xcode/DerivedData/ModuleCache.noindex/Session.modulevalidation -fmodules-validate-once-per-build-session -Wnon-modular-include-in-framework-module -Werror\=non-modular-include-in-framework-module -Wno-trigraphs -Wno-missing-field-initializers -Wno-missing-prototypes -Wno-return-type -Wno-implicit-atomic-properties -Wno-objc-interface-ivars -Wno-arc-repeated-use-of-weak -Wno-missing-braces -Wparentheses -Wswitch -Wno-unused-function -Wno-unused-label -Wno-unused-parameter -Wno-unused-variable -Wunused-value -Wno-empty-body -Wno-uninitialized -Wno-unknown-pragmas -w -Wno-shadow -Wno-four-char-constants -Wno-conversion -Wno-constant-conversion -Wno-int-conversion -Wno-bool-conversion -Wno-enum-conversion -Wno-float-conversion -Wno-non-literal-null-conversion -Wno-objc-literal-conversion -Wshorten-64-to-32 -Wpointer-sign -Wno-newline-eof -Wno-selector -Wno-strict-selector-match -Wno-undeclared-selector -Wno-deprecated-implementations -Wno-implicit-fallthrough -fstrict-aliasing -Wprotocol -Wdeprecated-declarations -Wno-sign-conversion -Wno-infinite-recursion -Wno-comma -Wno-block-capture-autoreleasing -Wno-strict-prototypes -Wno-semicolon-before-method-body -index-store-path /Users/fukushimatakumi/Library/Developer/Xcode/DerivedData/SugarBeat-hgoxfxbbugxkfsbmqcjlbmjeaqyg/Index.noindex/DataStore @/Users/fukushimatakumi/Library/Developer/Xcode/DerivedData/SugarBeat-hgoxfxbbugxkfsbmqcjlbmjeaqyg/Build/Intermediates.noindex/GoogleSignIn.build/Debug-iphonesimulator/GoogleSignIn.build/Objects-normal/arm64/e6072d4f65d7061329687fe24e3d63a7-common-args.resp -include /Users/fukushimatakumi/Library/Developer/Xcode/DerivedData/SugarBeat-hgoxfxbbugxkfsbmqcjlbmjeaqyg/Build/Intermediates.noindex/GoogleSignIn.build/Debug-iphonesimulator/GoogleSignIn.build/DerivedSources/resource_bundle_accessor.h -MMD -MT dependencies -MF /Users/fukushimatakumi/Library/Developer/Xcode/DerivedData/SugarBeat-hgoxfxbbugxkfsbmqcjlbmjeaqyg/Build/Intermediates.noindex/GoogleSignIn.build/Debug-iphonesimulator/GoogleSignIn.build/Objects-normal/arm64/GIDMDMPasscodeState.d --serialize-diagnostics /Users/fukushimatakumi/Library/Developer/Xcode/DerivedData/SugarBeat-hgoxfxbbugxkfsbmqcjlbmjeaqyg/Build/Intermediates.noindex/GoogleSignIn.build/Debug-iphonesimulator/GoogleSignIn.build/Objects-normal/arm64/GIDMDMPasscodeState.dia -c /Users/fukushimatakumi/Library/Developer/Xcode/DerivedData/SugarBeat-hgoxfxbbugxkfsbmqcjlbmjeaqyg/SourcePackages/checkouts/GoogleSignIn-iOS/GoogleSignIn/Sources/GIDMDMPasscodeState.m -o /Users/fukushimatakumi/Library/Developer/Xcode/DerivedData/SugarBeat-hgoxfxbbugxkfsbmqcjlbmjeaqyg/Build/Intermediates.noindex/GoogleSignIn.build/Debug-iphonesimulator/GoogleSignIn.build/Objects-normal/arm64/GIDMDMPasscodeState.o -index-unit-output-path /GoogleSignIn.build/Debug-iphonesimulator/GoogleSignIn.build/Objects-normal/arm64/GIDMDMPasscodeState.o

ScanDependencies /Users/fukushimatakumi/Library/Developer/Xcode/DerivedData/SugarBeat-hgoxfxbbugxkfsbmqcjlbmjeaqyg/Build/Intermediates.noindex/GoogleSignIn.build/Debug-iphonesimulator/GoogleSignIn.build/Objects-normal/arm64/GIDMDMPasscodeCache.o /Users/fukushimatakumi/Library/Developer/Xcode/DerivedData/SugarBeat-hgoxfxbbugxkfsbmqcjlbmjeaqyg/SourcePackages/checkouts/GoogleSignIn-iOS/GoogleSignIn/Sources/GIDMDMPasscodeCache.m normal arm64 objective-c com.apple.compilers.llvm.clang.1_0.compiler (in target 'GoogleSignIn' from project 'GoogleSignIn')
    cd /Users/fukushimatakumi/develop/sugarbeat/sugarbeat-front
    
    Using response file: /Users/fukushimatakumi/Library/Developer/Xcode/DerivedData/SugarBeat-hgoxfxbbugxkfsbmqcjlbmjeaqyg/Build/Intermediates.noindex/GoogleSignIn.build/Debug-iphonesimulator/GoogleSignIn.build/Objects-normal/arm64/e6072d4f65d7061329687fe24e3d63a7-common-args.resp
    
    builtin-ScanDependencies -o /Users/fukushimatakumi/Library/Developer/Xcode/DerivedData/SugarBeat-hgoxfxbbugxkfsbmqcjlbmjeaqyg/Build/Intermediates.noindex/GoogleSignIn.build/Debug-iphonesimulator/GoogleSignIn.build/Objects-normal/arm64/GIDMDMPasscodeCache.o.scan -- /Applications/Xcode.app/Contents/Developer/Toolchains/XcodeDefault.xctoolchain/usr/bin/clang -x objective-c -ivfsstatcache /Users/fukushimatakumi/Library/Developer/Xcode/DerivedData/SDKStatCaches.noindex/iphonesimulator18.4-22E235-71825a6d136aa4733edcbe86ece5525b.sdkstatcache -fmessage-length\=0 -fdiagnostics-show-note-include-stack -fmacro-backtrace-limit\=0 -fno-color-diagnostics -fmodules-prune-interval\=86400 -fmodules-prune-after\=345600 -fbuild-session-file\=/Users/fukushimatakumi/Library/Developer/Xcode/DerivedData/ModuleCache.noindex/Session.modulevalidation -fmodules-validate-once-per-build-session -Wnon-modular-include-in-framework-module -Werror\=non-modular-include-in-framework-module -Wno-trigraphs -Wno-missing-field-initializers -Wno-missing-prototypes -Wno-return-type -Wno-implicit-atomic-properties -Wno-objc-interface-ivars -Wno-arc-repeated-use-of-weak -Wno-missing-braces -Wparentheses -Wswitch -Wno-unused-function -Wno-unused-label -Wno-unused-parameter -Wno-unused-variable -Wunused-value -Wno-empty-body -Wno-uninitialized -Wno-unknown-pragmas -w -Wno-shadow -Wno-four-char-constants -Wno-conversion -Wno-constant-conversion -Wno-int-conversion -Wno-bool-conversion -Wno-enum-conversion -Wno-float-conversion -Wno-non-literal-null-conversion -Wno-objc-literal-conversion -Wshorten-64-to-32 -Wpointer-sign -Wno-newline-eof -Wno-selector -Wno-strict-selector-match -Wno-undeclared-selector -Wno-deprecated-implementations -Wno-implicit-fallthrough -fstrict-aliasing -Wprotocol -Wdeprecated-declarations -Wno-sign-conversion -Wno-infinite-recursion -Wno-comma -Wno-block-capture-autoreleasing -Wno-strict-prototypes -Wno-semicolon-before-method-body -index-store-path /Users/fukushimatakumi/Library/Developer/Xcode/DerivedData/SugarBeat-hgoxfxbbugxkfsbmqcjlbmjeaqyg/Index.noindex/DataStore @/Users/fukushimatakumi/Library/Developer/Xcode/DerivedData/SugarBeat-hgoxfxbbugxkfsbmqcjlbmjeaqyg/Build/Intermediates.noindex/GoogleSignIn.build/Debug-iphonesimulator/GoogleSignIn.build/Objects-normal/arm64/e6072d4f65d7061329687fe24e3d63a7-common-args.resp -include /Users/fukushimatakumi/Library/Developer/Xcode/DerivedData/SugarBeat-hgoxfxbbugxkfsbmqcjlbmjeaqyg/Build/Intermediates.noindex/GoogleSignIn.build/Debug-iphonesimulator/GoogleSignIn.build/DerivedSources/resource_bundle_accessor.h -MMD -MT dependencies -MF /Users/fukushimatakumi/Library/Developer/Xcode/DerivedData/SugarBeat-hgoxfxbbugxkfsbmqcjlbmjeaqyg/Build/Intermediates.noindex/GoogleSignIn.build/Debug-iphonesimulator/GoogleSignIn.build/Objects-normal/arm64/GIDMDMPasscodeCache.d --serialize-diagnostics /Users/fukushimatakumi/Library/Developer/Xcode/DerivedData/SugarBeat-hgoxfxbbugxkfsbmqcjlbmjeaqyg/Build/Intermediates.noindex/GoogleSignIn.build/Debug-iphonesimulator/GoogleSignIn.build/Objects-normal/arm64/GIDMDMPasscodeCache.dia -c /Users/fukushimatakumi/Library/Developer/Xcode/DerivedData/SugarBeat-hgoxfxbbugxkfsbmqcjlbmjeaqyg/SourcePackages/checkouts/GoogleSignIn-iOS/GoogleSignIn/Sources/GIDMDMPasscodeCache.m -o /Users/fukushimatakumi/Library/Developer/Xcode/DerivedData/SugarBeat-hgoxfxbbugxkfsbmqcjlbmjeaqyg/Build/Intermediates.noindex/GoogleSignIn.build/Debug-iphonesimulator/GoogleSignIn.build/Objects-normal/arm64/GIDMDMPasscodeCache.o -index-unit-output-path /GoogleSignIn.build/Debug-iphonesimulator/GoogleSignIn.build/Objects-normal/arm64/GIDMDMPasscodeCache.o

SwiftDriverJobDiscovery normal arm64 Compiling AuthAPNSTokenType.swift, AuthAppCredential.swift, AuthAppCredentialManager.swift, AuthNotificationManager.swift, AuthStoredUserManager.swift, SecureTokenService.swift, TokenRefreshCoalescer.swift, AdditionalUserInfo.swift, User.swift, UserInfo.swift, UserInfoImpl.swift, UserMetadata.swift, UserProfileChangeRequest.swift (in target 'FirebaseAuth' from project 'Firebase')

ScanDependencies /Users/fukushimatakumi/Library/Developer/Xcode/DerivedData/SugarBeat-hgoxfxbbugxkfsbmqcjlbmjeaqyg/Build/Intermediates.noindex/GoogleSignIn.build/Debug-iphonesimulator/GoogleSignIn.build/Objects-normal/arm64/GIDJSONSerializerImpl.o /Users/fukushimatakumi/Library/Developer/Xcode/DerivedData/SugarBeat-hgoxfxbbugxkfsbmqcjlbmjeaqyg/SourcePackages/checkouts/GoogleSignIn-iOS/GoogleSignIn/Sources/GIDJSONSerializer/Implementation/GIDJSONSerializerImpl.m normal arm64 objective-c com.apple.compilers.llvm.clang.1_0.compiler (in target 'GoogleSignIn' from project 'GoogleSignIn')
    cd /Users/fukushimatakumi/develop/sugarbeat/sugarbeat-front
    
    Using response file: /Users/fukushimatakumi/Library/Developer/Xcode/DerivedData/SugarBeat-hgoxfxbbugxkfsbmqcjlbmjeaqyg/Build/Intermediates.noindex/GoogleSignIn.build/Debug-iphonesimulator/GoogleSignIn.build/Objects-normal/arm64/e6072d4f65d7061329687fe24e3d63a7-common-args.resp
    
    builtin-ScanDependencies -o /Users/fukushimatakumi/Library/Developer/Xcode/DerivedData/SugarBeat-hgoxfxbbugxkfsbmqcjlbmjeaqyg/Build/Intermediates.noindex/GoogleSignIn.build/Debug-iphonesimulator/GoogleSignIn.build/Objects-normal/arm64/GIDJSONSerializerImpl.o.scan -- /Applications/Xcode.app/Contents/Developer/Toolchains/XcodeDefault.xctoolchain/usr/bin/clang -x objective-c -ivfsstatcache /Users/fukushimatakumi/Library/Developer/Xcode/DerivedData/SDKStatCaches.noindex/iphonesimulator18.4-22E235-71825a6d136aa4733edcbe86ece5525b.sdkstatcache -fmessage-length\=0 -fdiagnostics-show-note-include-stack -fmacro-backtrace-limit\=0 -fno-color-diagnostics -fmodules-prune-interval\=86400 -fmodules-prune-after\=345600 -fbuild-session-file\=/Users/fukushimatakumi/Library/Developer/Xcode/DerivedData/ModuleCache.noindex/Session.modulevalidation -fmodules-validate-once-per-build-session -Wnon-modular-include-in-framework-module -Werror\=non-modular-include-in-framework-module -Wno-trigraphs -Wno-missing-field-initializers -Wno-missing-prototypes -Wno-return-type -Wno-implicit-atomic-properties -Wno-objc-interface-ivars -Wno-arc-repeated-use-of-weak -Wno-missing-braces -Wparentheses -Wswitch -Wno-unused-function -Wno-unused-label -Wno-unused-parameter -Wno-unused-variable -Wunused-value -Wno-empty-body -Wno-uninitialized -Wno-unknown-pragmas -w -Wno-shadow -Wno-four-char-constants -Wno-conversion -Wno-constant-conversion -Wno-int-conversion -Wno-bool-conversion -Wno-enum-conversion -Wno-float-conversion -Wno-non-literal-null-conversion -Wno-objc-literal-conversion -Wshorten-64-to-32 -Wpointer-sign -Wno-newline-eof -Wno-selector -Wno-strict-selector-match -Wno-undeclared-selector -Wno-deprecated-implementations -Wno-implicit-fallthrough -fstrict-aliasing -Wprotocol -Wdeprecated-declarations -Wno-sign-conversion -Wno-infinite-recursion -Wno-comma -Wno-block-capture-autoreleasing -Wno-strict-prototypes -Wno-semicolon-before-method-body -index-store-path /Users/fukushimatakumi/Library/Developer/Xcode/DerivedData/SugarBeat-hgoxfxbbugxkfsbmqcjlbmjeaqyg/Index.noindex/DataStore @/Users/fukushimatakumi/Library/Developer/Xcode/DerivedData/SugarBeat-hgoxfxbbugxkfsbmqcjlbmjeaqyg/Build/Intermediates.noindex/GoogleSignIn.build/Debug-iphonesimulator/GoogleSignIn.build/Objects-normal/arm64/e6072d4f65d7061329687fe24e3d63a7-common-args.resp -include /Users/fukushimatakumi/Library/Developer/Xcode/DerivedData/SugarBeat-hgoxfxbbugxkfsbmqcjlbmjeaqyg/Build/Intermediates.noindex/GoogleSignIn.build/Debug-iphonesimulator/GoogleSignIn.build/DerivedSources/resource_bundle_accessor.h -MMD -MT dependencies -MF /Users/fukushimatakumi/Library/Developer/Xcode/DerivedData/SugarBeat-hgoxfxbbugxkfsbmqcjlbmjeaqyg/Build/Intermediates.noindex/GoogleSignIn.build/Debug-iphonesimulator/GoogleSignIn.build/Objects-normal/arm64/GIDJSONSerializerImpl.d --serialize-diagnostics /Users/fukushimatakumi/Library/Developer/Xcode/DerivedData/SugarBeat-hgoxfxbbugxkfsbmqcjlbmjeaqyg/Build/Intermediates.noindex/GoogleSignIn.build/Debug-iphonesimulator/GoogleSignIn.build/Objects-normal/arm64/GIDJSONSerializerImpl.dia -c /Users/fukushimatakumi/Library/Developer/Xcode/DerivedData/SugarBeat-hgoxfxbbugxkfsbmqcjlbmjeaqyg/SourcePackages/checkouts/GoogleSignIn-iOS/GoogleSignIn/Sources/GIDJSONSerializer/Implementation/GIDJSONSerializerImpl.m -o /Users/fukushimatakumi/Library/Developer/Xcode/DerivedData/SugarBeat-hgoxfxbbugxkfsbmqcjlbmjeaqyg/Build/Intermediates.noindex/GoogleSignIn.build/Debug-iphonesimulator/GoogleSignIn.build/Objects-normal/arm64/GIDJSONSerializerImpl.o -index-unit-output-path /GoogleSignIn.build/Debug-iphonesimulator/GoogleSignIn.build/Objects-normal/arm64/GIDJSONSerializerImpl.o

ScanDependencies /Users/fukushimatakumi/Library/Developer/Xcode/DerivedData/SugarBeat-hgoxfxbbugxkfsbmqcjlbmjeaqyg/Build/Intermediates.noindex/GoogleSignIn.build/Debug-iphonesimulator/GoogleSignIn.build/Objects-normal/arm64/GIDGoogleUser.o /Users/fukushimatakumi/Library/Developer/Xcode/DerivedData/SugarBeat-hgoxfxbbugxkfsbmqcjlbmjeaqyg/SourcePackages/checkouts/GoogleSignIn-iOS/GoogleSignIn/Sources/GIDGoogleUser.m normal arm64 objective-c com.apple.compilers.llvm.clang.1_0.compiler (in target 'GoogleSignIn' from project 'GoogleSignIn')
    cd /Users/fukushimatakumi/develop/sugarbeat/sugarbeat-front
    
    Using response file: /Users/fukushimatakumi/Library/Developer/Xcode/DerivedData/SugarBeat-hgoxfxbbugxkfsbmqcjlbmjeaqyg/Build/Intermediates.noindex/GoogleSignIn.build/Debug-iphonesimulator/GoogleSignIn.build/Objects-normal/arm64/e6072d4f65d7061329687fe24e3d63a7-common-args.resp
    
    builtin-ScanDependencies -o /Users/fukushimatakumi/Library/Developer/Xcode/DerivedData/SugarBeat-hgoxfxbbugxkfsbmqcjlbmjeaqyg/Build/Intermediates.noindex/GoogleSignIn.build/Debug-iphonesimulator/GoogleSignIn.build/Objects-normal/arm64/GIDGoogleUser.o.scan -- /Applications/Xcode.app/Contents/Developer/Toolchains/XcodeDefault.xctoolchain/usr/bin/clang -x objective-c -ivfsstatcache /Users/fukushimatakumi/Library/Developer/Xcode/DerivedData/SDKStatCaches.noindex/iphonesimulator18.4-22E235-71825a6d136aa4733edcbe86ece5525b.sdkstatcache -fmessage-length\=0 -fdiagnostics-show-note-include-stack -fmacro-backtrace-limit\=0 -fno-color-diagnostics -fmodules-prune-interval\=86400 -fmodules-prune-after\=345600 -fbuild-session-file\=/Users/fukushimatakumi/Library/Developer/Xcode/DerivedData/ModuleCache.noindex/Session.modulevalidation -fmodules-validate-once-per-build-session -Wnon-modular-include-in-framework-module -Werror\=non-modular-include-in-framework-module -Wno-trigraphs -Wno-missing-field-initializers -Wno-missing-prototypes -Wno-return-type -Wno-implicit-atomic-properties -Wno-objc-interface-ivars -Wno-arc-repeated-use-of-weak -Wno-missing-braces -Wparentheses -Wswitch -Wno-unused-function -Wno-unused-label -Wno-unused-parameter -Wno-unused-variable -Wunused-value -Wno-empty-body -Wno-uninitialized -Wno-unknown-pragmas -w -Wno-shadow -Wno-four-char-constants -Wno-conversion -Wno-constant-conversion -Wno-int-conversion -Wno-bool-conversion -Wno-enum-conversion -Wno-float-conversion -Wno-non-literal-null-conversion -Wno-objc-literal-conversion -Wshorten-64-to-32 -Wpointer-sign -Wno-newline-eof -Wno-selector -Wno-strict-selector-match -Wno-undeclared-selector -Wno-deprecated-implementations -Wno-implicit-fallthrough -fstrict-aliasing -Wprotocol -Wdeprecated-declarations -Wno-sign-conversion -Wno-infinite-recursion -Wno-comma -Wno-block-capture-autoreleasing -Wno-strict-prototypes -Wno-semicolon-before-method-body -index-store-path /Users/fukushimatakumi/Library/Developer/Xcode/DerivedData/SugarBeat-hgoxfxbbugxkfsbmqcjlbmjeaqyg/Index.noindex/DataStore @/Users/fukushimatakumi/Library/Developer/Xcode/DerivedData/SugarBeat-hgoxfxbbugxkfsbmqcjlbmjeaqyg/Build/Intermediates.noindex/GoogleSignIn.build/Debug-iphonesimulator/GoogleSignIn.build/Objects-normal/arm64/e6072d4f65d7061329687fe24e3d63a7-common-args.resp -include /Users/fukushimatakumi/Library/Developer/Xcode/DerivedData/SugarBeat-hgoxfxbbugxkfsbmqcjlbmjeaqyg/Build/Intermediates.noindex/GoogleSignIn.build/Debug-iphonesimulator/GoogleSignIn.build/DerivedSources/resource_bundle_accessor.h -MMD -MT dependencies -MF /Users/fukushimatakumi/Library/Developer/Xcode/DerivedData/SugarBeat-hgoxfxbbugxkfsbmqcjlbmjeaqyg/Build/Intermediates.noindex/GoogleSignIn.build/Debug-iphonesimulator/GoogleSignIn.build/Objects-normal/arm64/GIDGoogleUser.d --serialize-diagnostics /Users/fukushimatakumi/Library/Developer/Xcode/DerivedData/SugarBeat-hgoxfxbbugxkfsbmqcjlbmjeaqyg/Build/Intermediates.noindex/GoogleSignIn.build/Debug-iphonesimulator/GoogleSignIn.build/Objects-normal/arm64/GIDGoogleUser.dia -c /Users/fukushimatakumi/Library/Developer/Xcode/DerivedData/SugarBeat-hgoxfxbbugxkfsbmqcjlbmjeaqyg/SourcePackages/checkouts/GoogleSignIn-iOS/GoogleSignIn/Sources/GIDGoogleUser.m -o /Users/fukushimatakumi/Library/Developer/Xcode/DerivedData/SugarBeat-hgoxfxbbugxkfsbmqcjlbmjeaqyg/Build/Intermediates.noindex/GoogleSignIn.build/Debug-iphonesimulator/GoogleSignIn.build/Objects-normal/arm64/GIDGoogleUser.o -index-unit-output-path /GoogleSignIn.build/Debug-iphonesimulator/GoogleSignIn.build/Objects-normal/arm64/GIDGoogleUser.o

PrecompileModule /Users/fukushimatakumi/Library/Developer/Xcode/DerivedData/SugarBeat-hgoxfxbbugxkfsbmqcjlbmjeaqyg/Build/Intermediates.noindex/ExplicitPrecompiledModules/sys_select-7CV222UEIDWGARFR5BQP885LO.scan
    cd /Users/fukushimatakumi/develop/sugarbeat/sugarbeat-front
    builtin-precompileModule /Users/fukushimatakumi/Library/Developer/Xcode/DerivedData/SugarBeat-hgoxfxbbugxkfsbmqcjlbmjeaqyg/Build/Intermediates.noindex/ExplicitPrecompiledModules/sys_select-7CV222UEIDWGARFR5BQP885LO.scan

PrecompileModule /Users/fukushimatakumi/Library/Developer/Xcode/DerivedData/SugarBeat-hgoxfxbbugxkfsbmqcjlbmjeaqyg/Build/Intermediates.noindex/ExplicitPrecompiledModules/pthread-DPDOZRQFF2UW0Y5WCZYYXPPXY.scan
    cd /Users/fukushimatakumi/develop/sugarbeat/sugarbeat-front
    builtin-precompileModule /Users/fukushimatakumi/Library/Developer/Xcode/DerivedData/SugarBeat-hgoxfxbbugxkfsbmqcjlbmjeaqyg/Build/Intermediates.noindex/ExplicitPrecompiledModules/pthread-DPDOZRQFF2UW0Y5WCZYYXPPXY.scan

PrecompileModule /Users/fukushimatakumi/Library/Developer/Xcode/DerivedData/SugarBeat-hgoxfxbbugxkfsbmqcjlbmjeaqyg/Build/Intermediates.noindex/ExplicitPrecompiledModules/sys_wait-4MDGR520OJN8XATHQXGVSKHRG.scan
    cd /Users/fukushimatakumi/develop/sugarbeat/sugarbeat-front
    builtin-precompileModule /Users/fukushimatakumi/Library/Developer/Xcode/DerivedData/SugarBeat-hgoxfxbbugxkfsbmqcjlbmjeaqyg/Build/Intermediates.noindex/ExplicitPrecompiledModules/sys_wait-4MDGR520OJN8XATHQXGVSKHRG.scan

PrecompileModule /Users/fukushimatakumi/Library/Developer/Xcode/DerivedData/SugarBeat-hgoxfxbbugxkfsbmqcjlbmjeaqyg/Build/Intermediates.noindex/ExplicitPrecompiledModules/_wchar-EESWLZSSLWDL7ZF177QSD7JZE.scan
    cd /Users/fukushimatakumi/develop/sugarbeat/sugarbeat-front
    builtin-precompileModule /Users/fukushimatakumi/Library/Developer/Xcode/DerivedData/SugarBeat-hgoxfxbbugxkfsbmqcjlbmjeaqyg/Build/Intermediates.noindex/ExplicitPrecompiledModules/_wchar-EESWLZSSLWDL7ZF177QSD7JZE.scan

PrecompileModule /Users/fukushimatakumi/Library/Developer/Xcode/DerivedData/SugarBeat-hgoxfxbbugxkfsbmqcjlbmjeaqyg/Build/Intermediates.noindex/ExplicitPrecompiledModules/_wctype-2RUASNEZI7KHTFWOPSYQ98FYI.scan
    cd /Users/fukushimatakumi/develop/sugarbeat/sugarbeat-front
    builtin-precompileModule /Users/fukushimatakumi/Library/Developer/Xcode/DerivedData/SugarBeat-hgoxfxbbugxkfsbmqcjlbmjeaqyg/Build/Intermediates.noindex/ExplicitPrecompiledModules/_wctype-2RUASNEZI7KHTFWOPSYQ98FYI.scan

ScanDependencies /Users/fukushimatakumi/Library/Developer/Xcode/DerivedData/SugarBeat-hgoxfxbbugxkfsbmqcjlbmjeaqyg/Build/Intermediates.noindex/GoogleSignIn.build/Debug-iphonesimulator/GoogleSignIn.build/Objects-normal/arm64/GIDFakeJSONSerializerImpl.o /Users/fukushimatakumi/Library/Developer/Xcode/DerivedData/SugarBeat-hgoxfxbbugxkfsbmqcjlbmjeaqyg/SourcePackages/checkouts/GoogleSignIn-iOS/GoogleSignIn/Sources/GIDJSONSerializer/Fake/GIDFakeJSONSerializerImpl.m normal arm64 objective-c com.apple.compilers.llvm.clang.1_0.compiler (in target 'GoogleSignIn' from project 'GoogleSignIn')
    cd /Users/fukushimatakumi/develop/sugarbeat/sugarbeat-front
    
    Using response file: /Users/fukushimatakumi/Library/Developer/Xcode/DerivedData/SugarBeat-hgoxfxbbugxkfsbmqcjlbmjeaqyg/Build/Intermediates.noindex/GoogleSignIn.build/Debug-iphonesimulator/GoogleSignIn.build/Objects-normal/arm64/e6072d4f65d7061329687fe24e3d63a7-common-args.resp
    
    builtin-ScanDependencies -o /Users/fukushimatakumi/Library/Developer/Xcode/DerivedData/SugarBeat-hgoxfxbbugxkfsbmqcjlbmjeaqyg/Build/Intermediates.noindex/GoogleSignIn.build/Debug-iphonesimulator/GoogleSignIn.build/Objects-normal/arm64/GIDFakeJSONSerializerImpl.o.scan -- /Applications/Xcode.app/Contents/Developer/Toolchains/XcodeDefault.xctoolchain/usr/bin/clang -x objective-c -ivfsstatcache /Users/fukushimatakumi/Library/Developer/Xcode/DerivedData/SDKStatCaches.noindex/iphonesimulator18.4-22E235-71825a6d136aa4733edcbe86ece5525b.sdkstatcache -fmessage-length\=0 -fdiagnostics-show-note-include-stack -fmacro-backtrace-limit\=0 -fno-color-diagnostics -fmodules-prune-interval\=86400 -fmodules-prune-after\=345600 -fbuild-session-file\=/Users/fukushimatakumi/Library/Developer/Xcode/DerivedData/ModuleCache.noindex/Session.modulevalidation -fmodules-validate-once-per-build-session -Wnon-modular-include-in-framework-module -Werror\=non-modular-include-in-framework-module -Wno-trigraphs -Wno-missing-field-initializers -Wno-missing-prototypes -Wno-return-type -Wno-implicit-atomic-properties -Wno-objc-interface-ivars -Wno-arc-repeated-use-of-weak -Wno-missing-braces -Wparentheses -Wswitch -Wno-unused-function -Wno-unused-label -Wno-unused-parameter -Wno-unused-variable -Wunused-value -Wno-empty-body -Wno-uninitialized -Wno-unknown-pragmas -w -Wno-shadow -Wno-four-char-constants -Wno-conversion -Wno-constant-conversion -Wno-int-conversion -Wno-bool-conversion -Wno-enum-conversion -Wno-float-conversion -Wno-non-literal-null-conversion -Wno-objc-literal-conversion -Wshorten-64-to-32 -Wpointer-sign -Wno-newline-eof -Wno-selector -Wno-strict-selector-match -Wno-undeclared-selector -Wno-deprecated-implementations -Wno-implicit-fallthrough -fstrict-aliasing -Wprotocol -Wdeprecated-declarations -Wno-sign-conversion -Wno-infinite-recursion -Wno-comma -Wno-block-capture-autoreleasing -Wno-strict-prototypes -Wno-semicolon-before-method-body -index-store-path /Users/fukushimatakumi/Library/Developer/Xcode/DerivedData/SugarBeat-hgoxfxbbugxkfsbmqcjlbmjeaqyg/Index.noindex/DataStore @/Users/fukushimatakumi/Library/Developer/Xcode/DerivedData/SugarBeat-hgoxfxbbugxkfsbmqcjlbmjeaqyg/Build/Intermediates.noindex/GoogleSignIn.build/Debug-iphonesimulator/GoogleSignIn.build/Objects-normal/arm64/e6072d4f65d7061329687fe24e3d63a7-common-args.resp -include /Users/fukushimatakumi/Library/Developer/Xcode/DerivedData/SugarBeat-hgoxfxbbugxkfsbmqcjlbmjeaqyg/Build/Intermediates.noindex/GoogleSignIn.build/Debug-iphonesimulator/GoogleSignIn.build/DerivedSources/resource_bundle_accessor.h -MMD -MT dependencies -MF /Users/fukushimatakumi/Library/Developer/Xcode/DerivedData/SugarBeat-hgoxfxbbugxkfsbmqcjlbmjeaqyg/Build/Intermediates.noindex/GoogleSignIn.build/Debug-iphonesimulator/GoogleSignIn.build/Objects-normal/arm64/GIDFakeJSONSerializerImpl.d --serialize-diagnostics /Users/fukushimatakumi/Library/Developer/Xcode/DerivedData/SugarBeat-hgoxfxbbugxkfsbmqcjlbmjeaqyg/Build/Intermediates.noindex/GoogleSignIn.build/Debug-iphonesimulator/GoogleSignIn.build/Objects-normal/arm64/GIDFakeJSONSerializerImpl.dia -c /Users/fukushimatakumi/Library/Developer/Xcode/DerivedData/SugarBeat-hgoxfxbbugxkfsbmqcjlbmjeaqyg/SourcePackages/checkouts/GoogleSignIn-iOS/GoogleSignIn/Sources/GIDJSONSerializer/Fake/GIDFakeJSONSerializerImpl.m -o /Users/fukushimatakumi/Library/Developer/Xcode/DerivedData/SugarBeat-hgoxfxbbugxkfsbmqcjlbmjeaqyg/Build/Intermediates.noindex/GoogleSignIn.build/Debug-iphonesimulator/GoogleSignIn.build/Objects-normal/arm64/GIDFakeJSONSerializerImpl.o -index-unit-output-path /GoogleSignIn.build/Debug-iphonesimulator/GoogleSignIn.build/Objects-normal/arm64/GIDFakeJSONSerializerImpl.o

PrecompileModule /Users/fukushimatakumi/Library/Developer/Xcode/DerivedData/SugarBeat-hgoxfxbbugxkfsbmqcjlbmjeaqyg/Build/Intermediates.noindex/ExplicitPrecompiledModules/unistd-CK6WUYMHTA5FRQFOLOQOPTHZG.scan
    cd /Users/fukushimatakumi/develop/sugarbeat/sugarbeat-front
    builtin-precompileModule /Users/fukushimatakumi/Library/Developer/Xcode/DerivedData/SugarBeat-hgoxfxbbugxkfsbmqcjlbmjeaqyg/Build/Intermediates.noindex/ExplicitPrecompiledModules/unistd-CK6WUYMHTA5FRQFOLOQOPTHZG.scan

ScanDependencies /Users/fukushimatakumi/Library/Developer/Xcode/DerivedData/SugarBeat-hgoxfxbbugxkfsbmqcjlbmjeaqyg/Build/Intermediates.noindex/GoogleSignIn.build/Debug-iphonesimulator/GoogleSignIn.build/Objects-normal/arm64/GIDFakeAuthStateMigration.o /Users/fukushimatakumi/Library/Developer/Xcode/DerivedData/SugarBeat-hgoxfxbbugxkfsbmqcjlbmjeaqyg/SourcePackages/checkouts/GoogleSignIn-iOS/GoogleSignIn/Sources/GIDAuthStateMigration/Fake/GIDFakeAuthStateMigration.m normal arm64 objective-c com.apple.compilers.llvm.clang.1_0.compiler (in target 'GoogleSignIn' from project 'GoogleSignIn')
    cd /Users/fukushimatakumi/develop/sugarbeat/sugarbeat-front
    
    Using response file: /Users/fukushimatakumi/Library/Developer/Xcode/DerivedData/SugarBeat-hgoxfxbbugxkfsbmqcjlbmjeaqyg/Build/Intermediates.noindex/GoogleSignIn.build/Debug-iphonesimulator/GoogleSignIn.build/Objects-normal/arm64/e6072d4f65d7061329687fe24e3d63a7-common-args.resp
    
    builtin-ScanDependencies -o /Users/fukushimatakumi/Library/Developer/Xcode/DerivedData/SugarBeat-hgoxfxbbugxkfsbmqcjlbmjeaqyg/Build/Intermediates.noindex/GoogleSignIn.build/Debug-iphonesimulator/GoogleSignIn.build/Objects-normal/arm64/GIDFakeAuthStateMigration.o.scan -- /Applications/Xcode.app/Contents/Developer/Toolchains/XcodeDefault.xctoolchain/usr/bin/clang -x objective-c -ivfsstatcache /Users/fukushimatakumi/Library/Developer/Xcode/DerivedData/SDKStatCaches.noindex/iphonesimulator18.4-22E235-71825a6d136aa4733edcbe86ece5525b.sdkstatcache -fmessage-length\=0 -fdiagnostics-show-note-include-stack -fmacro-backtrace-limit\=0 -fno-color-diagnostics -fmodules-prune-interval\=86400 -fmodules-prune-after\=345600 -fbuild-session-file\=/Users/fukushimatakumi/Library/Developer/Xcode/DerivedData/ModuleCache.noindex/Session.modulevalidation -fmodules-validate-once-per-build-session -Wnon-modular-include-in-framework-module -Werror\=non-modular-include-in-framework-module -Wno-trigraphs -Wno-missing-field-initializers -Wno-missing-prototypes -Wno-return-type -Wno-implicit-atomic-properties -Wno-objc-interface-ivars -Wno-arc-repeated-use-of-weak -Wno-missing-braces -Wparentheses -Wswitch -Wno-unused-function -Wno-unused-label -Wno-unused-parameter -Wno-unused-variable -Wunused-value -Wno-empty-body -Wno-uninitialized -Wno-unknown-pragmas -w -Wno-shadow -Wno-four-char-constants -Wno-conversion -Wno-constant-conversion -Wno-int-conversion -Wno-bool-conversion -Wno-enum-conversion -Wno-float-conversion -Wno-non-literal-null-conversion -Wno-objc-literal-conversion -Wshorten-64-to-32 -Wpointer-sign -Wno-newline-eof -Wno-selector -Wno-strict-selector-match -Wno-undeclared-selector -Wno-deprecated-implementations -Wno-implicit-fallthrough -fstrict-aliasing -Wprotocol -Wdeprecated-declarations -Wno-sign-conversion -Wno-infinite-recursion -Wno-comma -Wno-block-capture-autoreleasing -Wno-strict-prototypes -Wno-semicolon-before-method-body -index-store-path /Users/fukushimatakumi/Library/Developer/Xcode/DerivedData/SugarBeat-hgoxfxbbugxkfsbmqcjlbmjeaqyg/Index.noindex/DataStore @/Users/fukushimatakumi/Library/Developer/Xcode/DerivedData/SugarBeat-hgoxfxbbugxkfsbmqcjlbmjeaqyg/Build/Intermediates.noindex/GoogleSignIn.build/Debug-iphonesimulator/GoogleSignIn.build/Objects-normal/arm64/e6072d4f65d7061329687fe24e3d63a7-common-args.resp -include /Users/fukushimatakumi/Library/Developer/Xcode/DerivedData/SugarBeat-hgoxfxbbugxkfsbmqcjlbmjeaqyg/Build/Intermediates.noindex/GoogleSignIn.build/Debug-iphonesimulator/GoogleSignIn.build/DerivedSources/resource_bundle_accessor.h -MMD -MT dependencies -MF /Users/fukushimatakumi/Library/Developer/Xcode/DerivedData/SugarBeat-hgoxfxbbugxkfsbmqcjlbmjeaqyg/Build/Intermediates.noindex/GoogleSignIn.build/Debug-iphonesimulator/GoogleSignIn.build/Objects-normal/arm64/GIDFakeAuthStateMigration.d --serialize-diagnostics /Users/fukushimatakumi/Library/Developer/Xcode/DerivedData/SugarBeat-hgoxfxbbugxkfsbmqcjlbmjeaqyg/Build/Intermediates.noindex/GoogleSignIn.build/Debug-iphonesimulator/GoogleSignIn.build/Objects-normal/arm64/GIDFakeAuthStateMigration.dia -c /Users/fukushimatakumi/Library/Developer/Xcode/DerivedData/SugarBeat-hgoxfxbbugxkfsbmqcjlbmjeaqyg/SourcePackages/checkouts/GoogleSignIn-iOS/GoogleSignIn/Sources/GIDAuthStateMigration/Fake/GIDFakeAuthStateMigration.m -o /Users/fukushimatakumi/Library/Developer/Xcode/DerivedData/SugarBeat-hgoxfxbbugxkfsbmqcjlbmjeaqyg/Build/Intermediates.noindex/GoogleSignIn.build/Debug-iphonesimulator/GoogleSignIn.build/Objects-normal/arm64/GIDFakeAuthStateMigration.o -index-unit-output-path /GoogleSignIn.build/Debug-iphonesimulator/GoogleSignIn.build/Objects-normal/arm64/GIDFakeAuthStateMigration.o

ScanDependencies /Users/fukushimatakumi/Library/Developer/Xcode/DerivedData/SugarBeat-hgoxfxbbugxkfsbmqcjlbmjeaqyg/Build/Intermediates.noindex/GoogleSignIn.build/Debug-iphonesimulator/GoogleSignIn.build/Objects-normal/arm64/GIDEMMSupport.o /Users/fukushimatakumi/Library/Developer/Xcode/DerivedData/SugarBeat-hgoxfxbbugxkfsbmqcjlbmjeaqyg/SourcePackages/checkouts/GoogleSignIn-iOS/GoogleSignIn/Sources/GIDEMMSupport.m normal arm64 objective-c com.apple.compilers.llvm.clang.1_0.compiler (in target 'GoogleSignIn' from project 'GoogleSignIn')
    cd /Users/fukushimatakumi/develop/sugarbeat/sugarbeat-front
    
    Using response file: /Users/fukushimatakumi/Library/Developer/Xcode/DerivedData/SugarBeat-hgoxfxbbugxkfsbmqcjlbmjeaqyg/Build/Intermediates.noindex/GoogleSignIn.build/Debug-iphonesimulator/GoogleSignIn.build/Objects-normal/arm64/e6072d4f65d7061329687fe24e3d63a7-common-args.resp
    
    builtin-ScanDependencies -o /Users/fukushimatakumi/Library/Developer/Xcode/DerivedData/SugarBeat-hgoxfxbbugxkfsbmqcjlbmjeaqyg/Build/Intermediates.noindex/GoogleSignIn.build/Debug-iphonesimulator/GoogleSignIn.build/Objects-normal/arm64/GIDEMMSupport.o.scan -- /Applications/Xcode.app/Contents/Developer/Toolchains/XcodeDefault.xctoolchain/usr/bin/clang -x objective-c -ivfsstatcache /Users/fukushimatakumi/Library/Developer/Xcode/DerivedData/SDKStatCaches.noindex/iphonesimulator18.4-22E235-71825a6d136aa4733edcbe86ece5525b.sdkstatcache -fmessage-length\=0 -fdiagnostics-show-note-include-stack -fmacro-backtrace-limit\=0 -fno-color-diagnostics -fmodules-prune-interval\=86400 -fmodules-prune-after\=345600 -fbuild-session-file\=/Users/fukushimatakumi/Library/Developer/Xcode/DerivedData/ModuleCache.noindex/Session.modulevalidation -fmodules-validate-once-per-build-session -Wnon-modular-include-in-framework-module -Werror\=non-modular-include-in-framework-module -Wno-trigraphs -Wno-missing-field-initializers -Wno-missing-prototypes -Wno-return-type -Wno-implicit-atomic-properties -Wno-objc-interface-ivars -Wno-arc-repeated-use-of-weak -Wno-missing-braces -Wparentheses -Wswitch -Wno-unused-function -Wno-unused-label -Wno-unused-parameter -Wno-unused-variable -Wunused-value -Wno-empty-body -Wno-uninitialized -Wno-unknown-pragmas -w -Wno-shadow -Wno-four-char-constants -Wno-conversion -Wno-constant-conversion -Wno-int-conversion -Wno-bool-conversion -Wno-enum-conversion -Wno-float-conversion -Wno-non-literal-null-conversion -Wno-objc-literal-conversion -Wshorten-64-to-32 -Wpointer-sign -Wno-newline-eof -Wno-selector -Wno-strict-selector-match -Wno-undeclared-selector -Wno-deprecated-implementations -Wno-implicit-fallthrough -fstrict-aliasing -Wprotocol -Wdeprecated-declarations -Wno-sign-conversion -Wno-infinite-recursion -Wno-comma -Wno-block-capture-autoreleasing -Wno-strict-prototypes -Wno-semicolon-before-method-body -index-store-path /Users/fukushimatakumi/Library/Developer/Xcode/DerivedData/SugarBeat-hgoxfxbbugxkfsbmqcjlbmjeaqyg/Index.noindex/DataStore @/Users/fukushimatakumi/Library/Developer/Xcode/DerivedData/SugarBeat-hgoxfxbbugxkfsbmqcjlbmjeaqyg/Build/Intermediates.noindex/GoogleSignIn.build/Debug-iphonesimulator/GoogleSignIn.build/Objects-normal/arm64/e6072d4f65d7061329687fe24e3d63a7-common-args.resp -include /Users/fukushimatakumi/Library/Developer/Xcode/DerivedData/SugarBeat-hgoxfxbbugxkfsbmqcjlbmjeaqyg/Build/Intermediates.noindex/GoogleSignIn.build/Debug-iphonesimulator/GoogleSignIn.build/DerivedSources/resource_bundle_accessor.h -MMD -MT dependencies -MF /Users/fukushimatakumi/Library/Developer/Xcode/DerivedData/SugarBeat-hgoxfxbbugxkfsbmqcjlbmjeaqyg/Build/Intermediates.noindex/GoogleSignIn.build/Debug-iphonesimulator/GoogleSignIn.build/Objects-normal/arm64/GIDEMMSupport.d --serialize-diagnostics /Users/fukushimatakumi/Library/Developer/Xcode/DerivedData/SugarBeat-hgoxfxbbugxkfsbmqcjlbmjeaqyg/Build/Intermediates.noindex/GoogleSignIn.build/Debug-iphonesimulator/GoogleSignIn.build/Objects-normal/arm64/GIDEMMSupport.dia -c /Users/fukushimatakumi/Library/Developer/Xcode/DerivedData/SugarBeat-hgoxfxbbugxkfsbmqcjlbmjeaqyg/SourcePackages/checkouts/GoogleSignIn-iOS/GoogleSignIn/Sources/GIDEMMSupport.m -o /Users/fukushimatakumi/Library/Developer/Xcode/DerivedData/SugarBeat-hgoxfxbbugxkfsbmqcjlbmjeaqyg/Build/Intermediates.noindex/GoogleSignIn.build/Debug-iphonesimulator/GoogleSignIn.build/Objects-normal/arm64/GIDEMMSupport.o -index-unit-output-path /GoogleSignIn.build/Debug-iphonesimulator/GoogleSignIn.build/Objects-normal/arm64/GIDEMMSupport.o

ScanDependencies /Users/fukushimatakumi/Library/Developer/Xcode/DerivedData/SugarBeat-hgoxfxbbugxkfsbmqcjlbmjeaqyg/Build/Intermediates.noindex/GoogleSignIn.build/Debug-iphonesimulator/GoogleSignIn.build/Objects-normal/arm64/GIDEMMErrorHandler.o /Users/fukushimatakumi/Library/Developer/Xcode/DerivedData/SugarBeat-hgoxfxbbugxkfsbmqcjlbmjeaqyg/SourcePackages/checkouts/GoogleSignIn-iOS/GoogleSignIn/Sources/GIDEMMErrorHandler.m normal arm64 objective-c com.apple.compilers.llvm.clang.1_0.compiler (in target 'GoogleSignIn' from project 'GoogleSignIn')
    cd /Users/fukushimatakumi/develop/sugarbeat/sugarbeat-front
    
    Using response file: /Users/fukushimatakumi/Library/Developer/Xcode/DerivedData/SugarBeat-hgoxfxbbugxkfsbmqcjlbmjeaqyg/Build/Intermediates.noindex/GoogleSignIn.build/Debug-iphonesimulator/GoogleSignIn.build/Objects-normal/arm64/e6072d4f65d7061329687fe24e3d63a7-common-args.resp
    
    builtin-ScanDependencies -o /Users/fukushimatakumi/Library/Developer/Xcode/DerivedData/SugarBeat-hgoxfxbbugxkfsbmqcjlbmjeaqyg/Build/Intermediates.noindex/GoogleSignIn.build/Debug-iphonesimulator/GoogleSignIn.build/Objects-normal/arm64/GIDEMMErrorHandler.o.scan -- /Applications/Xcode.app/Contents/Developer/Toolchains/XcodeDefault.xctoolchain/usr/bin/clang -x objective-c -ivfsstatcache /Users/fukushimatakumi/Library/Developer/Xcode/DerivedData/SDKStatCaches.noindex/iphonesimulator18.4-22E235-71825a6d136aa4733edcbe86ece5525b.sdkstatcache -fmessage-length\=0 -fdiagnostics-show-note-include-stack -fmacro-backtrace-limit\=0 -fno-color-diagnostics -fmodules-prune-interval\=86400 -fmodules-prune-after\=345600 -fbuild-session-file\=/Users/fukushimatakumi/Library/Developer/Xcode/DerivedData/ModuleCache.noindex/Session.modulevalidation -fmodules-validate-once-per-build-session -Wnon-modular-include-in-framework-module -Werror\=non-modular-include-in-framework-module -Wno-trigraphs -Wno-missing-field-initializers -Wno-missing-prototypes -Wno-return-type -Wno-implicit-atomic-properties -Wno-objc-interface-ivars -Wno-arc-repeated-use-of-weak -Wno-missing-braces -Wparentheses -Wswitch -Wno-unused-function -Wno-unused-label -Wno-unused-parameter -Wno-unused-variable -Wunused-value -Wno-empty-body -Wno-uninitialized -Wno-unknown-pragmas -w -Wno-shadow -Wno-four-char-constants -Wno-conversion -Wno-constant-conversion -Wno-int-conversion -Wno-bool-conversion -Wno-enum-conversion -Wno-float-conversion -Wno-non-literal-null-conversion -Wno-objc-literal-conversion -Wshorten-64-to-32 -Wpointer-sign -Wno-newline-eof -Wno-selector -Wno-strict-selector-match -Wno-undeclared-selector -Wno-deprecated-implementations -Wno-implicit-fallthrough -fstrict-aliasing -Wprotocol -Wdeprecated-declarations -Wno-sign-conversion -Wno-infinite-recursion -Wno-comma -Wno-block-capture-autoreleasing -Wno-strict-prototypes -Wno-semicolon-before-method-body -index-store-path /Users/fukushimatakumi/Library/Developer/Xcode/DerivedData/SugarBeat-hgoxfxbbugxkfsbmqcjlbmjeaqyg/Index.noindex/DataStore @/Users/fukushimatakumi/Library/Developer/Xcode/DerivedData/SugarBeat-hgoxfxbbugxkfsbmqcjlbmjeaqyg/Build/Intermediates.noindex/GoogleSignIn.build/Debug-iphonesimulator/GoogleSignIn.build/Objects-normal/arm64/e6072d4f65d7061329687fe24e3d63a7-common-args.resp -include /Users/fukushimatakumi/Library/Developer/Xcode/DerivedData/SugarBeat-hgoxfxbbugxkfsbmqcjlbmjeaqyg/Build/Intermediates.noindex/GoogleSignIn.build/Debug-iphonesimulator/GoogleSignIn.build/DerivedSources/resource_bundle_accessor.h -MMD -MT dependencies -MF /Users/fukushimatakumi/Library/Developer/Xcode/DerivedData/SugarBeat-hgoxfxbbugxkfsbmqcjlbmjeaqyg/Build/Intermediates.noindex/GoogleSignIn.build/Debug-iphonesimulator/GoogleSignIn.build/Objects-normal/arm64/GIDEMMErrorHandler.d --serialize-diagnostics /Users/fukushimatakumi/Library/Developer/Xcode/DerivedData/SugarBeat-hgoxfxbbugxkfsbmqcjlbmjeaqyg/Build/Intermediates.noindex/GoogleSignIn.build/Debug-iphonesimulator/GoogleSignIn.build/Objects-normal/arm64/GIDEMMErrorHandler.dia -c /Users/fukushimatakumi/Library/Developer/Xcode/DerivedData/SugarBeat-hgoxfxbbugxkfsbmqcjlbmjeaqyg/SourcePackages/checkouts/GoogleSignIn-iOS/GoogleSignIn/Sources/GIDEMMErrorHandler.m -o /Users/fukushimatakumi/Library/Developer/Xcode/DerivedData/SugarBeat-hgoxfxbbugxkfsbmqcjlbmjeaqyg/Build/Intermediates.noindex/GoogleSignIn.build/Debug-iphonesimulator/GoogleSignIn.build/Objects-normal/arm64/GIDEMMErrorHandler.o -index-unit-output-path /GoogleSignIn.build/Debug-iphonesimulator/GoogleSignIn.build/Objects-normal/arm64/GIDEMMErrorHandler.o

PrecompileModule /Users/fukushimatakumi/Library/Developer/Xcode/DerivedData/SugarBeat-hgoxfxbbugxkfsbmqcjlbmjeaqyg/Build/Intermediates.noindex/ExplicitPrecompiledModules/_stdlib-1N5GOMBYCHMHFA1C69D1M572B.scan
    cd /Users/fukushimatakumi/develop/sugarbeat/sugarbeat-front
    builtin-precompileModule /Users/fukushimatakumi/Library/Developer/Xcode/DerivedData/SugarBeat-hgoxfxbbugxkfsbmqcjlbmjeaqyg/Build/Intermediates.noindex/ExplicitPrecompiledModules/_stdlib-1N5GOMBYCHMHFA1C69D1M572B.scan

ScanDependencies /Users/fukushimatakumi/Library/Developer/Xcode/DerivedData/SugarBeat-hgoxfxbbugxkfsbmqcjlbmjeaqyg/Build/Intermediates.noindex/GoogleSignIn.build/Debug-iphonesimulator/GoogleSignIn.build/Objects-normal/arm64/GIDConfiguration.o /Users/fukushimatakumi/Library/Developer/Xcode/DerivedData/SugarBeat-hgoxfxbbugxkfsbmqcjlbmjeaqyg/SourcePackages/checkouts/GoogleSignIn-iOS/GoogleSignIn/Sources/GIDConfiguration.m normal arm64 objective-c com.apple.compilers.llvm.clang.1_0.compiler (in target 'GoogleSignIn' from project 'GoogleSignIn')
    cd /Users/fukushimatakumi/develop/sugarbeat/sugarbeat-front
    
    Using response file: /Users/fukushimatakumi/Library/Developer/Xcode/DerivedData/SugarBeat-hgoxfxbbugxkfsbmqcjlbmjeaqyg/Build/Intermediates.noindex/GoogleSignIn.build/Debug-iphonesimulator/GoogleSignIn.build/Objects-normal/arm64/e6072d4f65d7061329687fe24e3d63a7-common-args.resp
    
    builtin-ScanDependencies -o /Users/fukushimatakumi/Library/Developer/Xcode/DerivedData/SugarBeat-hgoxfxbbugxkfsbmqcjlbmjeaqyg/Build/Intermediates.noindex/GoogleSignIn.build/Debug-iphonesimulator/GoogleSignIn.build/Objects-normal/arm64/GIDConfiguration.o.scan -- /Applications/Xcode.app/Contents/Developer/Toolchains/XcodeDefault.xctoolchain/usr/bin/clang -x objective-c -ivfsstatcache /Users/fukushimatakumi/Library/Developer/Xcode/DerivedData/SDKStatCaches.noindex/iphonesimulator18.4-22E235-71825a6d136aa4733edcbe86ece5525b.sdkstatcache -fmessage-length\=0 -fdiagnostics-show-note-include-stack -fmacro-backtrace-limit\=0 -fno-color-diagnostics -fmodules-prune-interval\=86400 -fmodules-prune-after\=345600 -fbuild-session-file\=/Users/fukushimatakumi/Library/Developer/Xcode/DerivedData/ModuleCache.noindex/Session.modulevalidation -fmodules-validate-once-per-build-session -Wnon-modular-include-in-framework-module -Werror\=non-modular-include-in-framework-module -Wno-trigraphs -Wno-missing-field-initializers -Wno-missing-prototypes -Wno-return-type -Wno-implicit-atomic-properties -Wno-objc-interface-ivars -Wno-arc-repeated-use-of-weak -Wno-missing-braces -Wparentheses -Wswitch -Wno-unused-function -Wno-unused-label -Wno-unused-parameter -Wno-unused-variable -Wunused-value -Wno-empty-body -Wno-uninitialized -Wno-unknown-pragmas -w -Wno-shadow -Wno-four-char-constants -Wno-conversion -Wno-constant-conversion -Wno-int-conversion -Wno-bool-conversion -Wno-enum-conversion -Wno-float-conversion -Wno-non-literal-null-conversion -Wno-objc-literal-conversion -Wshorten-64-to-32 -Wpointer-sign -Wno-newline-eof -Wno-selector -Wno-strict-selector-match -Wno-undeclared-selector -Wno-deprecated-implementations -Wno-implicit-fallthrough -fstrict-aliasing -Wprotocol -Wdeprecated-declarations -Wno-sign-conversion -Wno-infinite-recursion -Wno-comma -Wno-block-capture-autoreleasing -Wno-strict-prototypes -Wno-semicolon-before-method-body -index-store-path /Users/fukushimatakumi/Library/Developer/Xcode/DerivedData/SugarBeat-hgoxfxbbugxkfsbmqcjlbmjeaqyg/Index.noindex/DataStore @/Users/fukushimatakumi/Library/Developer/Xcode/DerivedData/SugarBeat-hgoxfxbbugxkfsbmqcjlbmjeaqyg/Build/Intermediates.noindex/GoogleSignIn.build/Debug-iphonesimulator/GoogleSignIn.build/Objects-normal/arm64/e6072d4f65d7061329687fe24e3d63a7-common-args.resp -include /Users/fukushimatakumi/Library/Developer/Xcode/DerivedData/SugarBeat-hgoxfxbbugxkfsbmqcjlbmjeaqyg/Build/Intermediates.noindex/GoogleSignIn.build/Debug-iphonesimulator/GoogleSignIn.build/DerivedSources/resource_bundle_accessor.h -MMD -MT dependencies -MF /Users/fukushimatakumi/Library/Developer/Xcode/DerivedData/SugarBeat-hgoxfxbbugxkfsbmqcjlbmjeaqyg/Build/Intermediates.noindex/GoogleSignIn.build/Debug-iphonesimulator/GoogleSignIn.build/Objects-normal/arm64/GIDConfiguration.d --serialize-diagnostics /Users/fukushimatakumi/Library/Developer/Xcode/DerivedData/SugarBeat-hgoxfxbbugxkfsbmqcjlbmjeaqyg/Build/Intermediates.noindex/GoogleSignIn.build/Debug-iphonesimulator/GoogleSignIn.build/Objects-normal/arm64/GIDConfiguration.dia -c /Users/fukushimatakumi/Library/Developer/Xcode/DerivedData/SugarBeat-hgoxfxbbugxkfsbmqcjlbmjeaqyg/SourcePackages/checkouts/GoogleSignIn-iOS/GoogleSignIn/Sources/GIDConfiguration.m -o /Users/fukushimatakumi/Library/Developer/Xcode/DerivedData/SugarBeat-hgoxfxbbugxkfsbmqcjlbmjeaqyg/Build/Intermediates.noindex/GoogleSignIn.build/Debug-iphonesimulator/GoogleSignIn.build/Objects-normal/arm64/GIDConfiguration.o -index-unit-output-path /GoogleSignIn.build/Debug-iphonesimulator/GoogleSignIn.build/Objects-normal/arm64/GIDConfiguration.o

ScanDependencies /Users/fukushimatakumi/Library/Developer/Xcode/DerivedData/SugarBeat-hgoxfxbbugxkfsbmqcjlbmjeaqyg/Build/Intermediates.noindex/GoogleSignIn.build/Debug-iphonesimulator/GoogleSignIn.build/Objects-normal/arm64/GIDClaimsInternalOptions.o /Users/fukushimatakumi/Library/Developer/Xcode/DerivedData/SugarBeat-hgoxfxbbugxkfsbmqcjlbmjeaqyg/SourcePackages/checkouts/GoogleSignIn-iOS/GoogleSignIn/Sources/GIDClaimsInternalOptions.m normal arm64 objective-c com.apple.compilers.llvm.clang.1_0.compiler (in target 'GoogleSignIn' from project 'GoogleSignIn')
    cd /Users/fukushimatakumi/develop/sugarbeat/sugarbeat-front
    
    Using response file: /Users/fukushimatakumi/Library/Developer/Xcode/DerivedData/SugarBeat-hgoxfxbbugxkfsbmqcjlbmjeaqyg/Build/Intermediates.noindex/GoogleSignIn.build/Debug-iphonesimulator/GoogleSignIn.build/Objects-normal/arm64/e6072d4f65d7061329687fe24e3d63a7-common-args.resp
    
    builtin-ScanDependencies -o /Users/fukushimatakumi/Library/Developer/Xcode/DerivedData/SugarBeat-hgoxfxbbugxkfsbmqcjlbmjeaqyg/Build/Intermediates.noindex/GoogleSignIn.build/Debug-iphonesimulator/GoogleSignIn.build/Objects-normal/arm64/GIDClaimsInternalOptions.o.scan -- /Applications/Xcode.app/Contents/Developer/Toolchains/XcodeDefault.xctoolchain/usr/bin/clang -x objective-c -ivfsstatcache /Users/fukushimatakumi/Library/Developer/Xcode/DerivedData/SDKStatCaches.noindex/iphonesimulator18.4-22E235-71825a6d136aa4733edcbe86ece5525b.sdkstatcache -fmessage-length\=0 -fdiagnostics-show-note-include-stack -fmacro-backtrace-limit\=0 -fno-color-diagnostics -fmodules-prune-interval\=86400 -fmodules-prune-after\=345600 -fbuild-session-file\=/Users/fukushimatakumi/Library/Developer/Xcode/DerivedData/ModuleCache.noindex/Session.modulevalidation -fmodules-validate-once-per-build-session -Wnon-modular-include-in-framework-module -Werror\=non-modular-include-in-framework-module -Wno-trigraphs -Wno-missing-field-initializers -Wno-missing-prototypes -Wno-return-type -Wno-implicit-atomic-properties -Wno-objc-interface-ivars -Wno-arc-repeated-use-of-weak -Wno-missing-braces -Wparentheses -Wswitch -Wno-unused-function -Wno-unused-label -Wno-unused-parameter -Wno-unused-variable -Wunused-value -Wno-empty-body -Wno-uninitialized -Wno-unknown-pragmas -w -Wno-shadow -Wno-four-char-constants -Wno-conversion -Wno-constant-conversion -Wno-int-conversion -Wno-bool-conversion -Wno-enum-conversion -Wno-float-conversion -Wno-non-literal-null-conversion -Wno-objc-literal-conversion -Wshorten-64-to-32 -Wpointer-sign -Wno-newline-eof -Wno-selector -Wno-strict-selector-match -Wno-undeclared-selector -Wno-deprecated-implementations -Wno-implicit-fallthrough -fstrict-aliasing -Wprotocol -Wdeprecated-declarations -Wno-sign-conversion -Wno-infinite-recursion -Wno-comma -Wno-block-capture-autoreleasing -Wno-strict-prototypes -Wno-semicolon-before-method-body -index-store-path /Users/fukushimatakumi/Library/Developer/Xcode/DerivedData/SugarBeat-hgoxfxbbugxkfsbmqcjlbmjeaqyg/Index.noindex/DataStore @/Users/fukushimatakumi/Library/Developer/Xcode/DerivedData/SugarBeat-hgoxfxbbugxkfsbmqcjlbmjeaqyg/Build/Intermediates.noindex/GoogleSignIn.build/Debug-iphonesimulator/GoogleSignIn.build/Objects-normal/arm64/e6072d4f65d7061329687fe24e3d63a7-common-args.resp -include /Users/fukushimatakumi/Library/Developer/Xcode/DerivedData/SugarBeat-hgoxfxbbugxkfsbmqcjlbmjeaqyg/Build/Intermediates.noindex/GoogleSignIn.build/Debug-iphonesimulator/GoogleSignIn.build/DerivedSources/resource_bundle_accessor.h -MMD -MT dependencies -MF /Users/fukushimatakumi/Library/Developer/Xcode/DerivedData/SugarBeat-hgoxfxbbugxkfsbmqcjlbmjeaqyg/Build/Intermediates.noindex/GoogleSignIn.build/Debug-iphonesimulator/GoogleSignIn.build/Objects-normal/arm64/GIDClaimsInternalOptions.d --serialize-diagnostics /Users/fukushimatakumi/Library/Developer/Xcode/DerivedData/SugarBeat-hgoxfxbbugxkfsbmqcjlbmjeaqyg/Build/Intermediates.noindex/GoogleSignIn.build/Debug-iphonesimulator/GoogleSignIn.build/Objects-normal/arm64/GIDClaimsInternalOptions.dia -c /Users/fukushimatakumi/Library/Developer/Xcode/DerivedData/SugarBeat-hgoxfxbbugxkfsbmqcjlbmjeaqyg/SourcePackages/checkouts/GoogleSignIn-iOS/GoogleSignIn/Sources/GIDClaimsInternalOptions.m -o /Users/fukushimatakumi/Library/Developer/Xcode/DerivedData/SugarBeat-hgoxfxbbugxkfsbmqcjlbmjeaqyg/Build/Intermediates.noindex/GoogleSignIn.build/Debug-iphonesimulator/GoogleSignIn.build/Objects-normal/arm64/GIDClaimsInternalOptions.o -index-unit-output-path /GoogleSignIn.build/Debug-iphonesimulator/GoogleSignIn.build/Objects-normal/arm64/GIDClaimsInternalOptions.o

ScanDependencies /Users/fukushimatakumi/Library/Developer/Xcode/DerivedData/SugarBeat-hgoxfxbbugxkfsbmqcjlbmjeaqyg/Build/Intermediates.noindex/GoogleSignIn.build/Debug-iphonesimulator/GoogleSignIn.build/Objects-normal/arm64/GIDClaim.o /Users/fukushimatakumi/Library/Developer/Xcode/DerivedData/SugarBeat-hgoxfxbbugxkfsbmqcjlbmjeaqyg/SourcePackages/checkouts/GoogleSignIn-iOS/GoogleSignIn/Sources/GIDClaim.m normal arm64 objective-c com.apple.compilers.llvm.clang.1_0.compiler (in target 'GoogleSignIn' from project 'GoogleSignIn')
    cd /Users/fukushimatakumi/develop/sugarbeat/sugarbeat-front
    
    Using response file: /Users/fukushimatakumi/Library/Developer/Xcode/DerivedData/SugarBeat-hgoxfxbbugxkfsbmqcjlbmjeaqyg/Build/Intermediates.noindex/GoogleSignIn.build/Debug-iphonesimulator/GoogleSignIn.build/Objects-normal/arm64/e6072d4f65d7061329687fe24e3d63a7-common-args.resp
    
    builtin-ScanDependencies -o /Users/fukushimatakumi/Library/Developer/Xcode/DerivedData/SugarBeat-hgoxfxbbugxkfsbmqcjlbmjeaqyg/Build/Intermediates.noindex/GoogleSignIn.build/Debug-iphonesimulator/GoogleSignIn.build/Objects-normal/arm64/GIDClaim.o.scan -- /Applications/Xcode.app/Contents/Developer/Toolchains/XcodeDefault.xctoolchain/usr/bin/clang -x objective-c -ivfsstatcache /Users/fukushimatakumi/Library/Developer/Xcode/DerivedData/SDKStatCaches.noindex/iphonesimulator18.4-22E235-71825a6d136aa4733edcbe86ece5525b.sdkstatcache -fmessage-length\=0 -fdiagnostics-show-note-include-stack -fmacro-backtrace-limit\=0 -fno-color-diagnostics -fmodules-prune-interval\=86400 -fmodules-prune-after\=345600 -fbuild-session-file\=/Users/fukushimatakumi/Library/Developer/Xcode/DerivedData/ModuleCache.noindex/Session.modulevalidation -fmodules-validate-once-per-build-session -Wnon-modular-include-in-framework-module -Werror\=non-modular-include-in-framework-module -Wno-trigraphs -Wno-missing-field-initializers -Wno-missing-prototypes -Wno-return-type -Wno-implicit-atomic-properties -Wno-objc-interface-ivars -Wno-arc-repeated-use-of-weak -Wno-missing-braces -Wparentheses -Wswitch -Wno-unused-function -Wno-unused-label -Wno-unused-parameter -Wno-unused-variable -Wunused-value -Wno-empty-body -Wno-uninitialized -Wno-unknown-pragmas -w -Wno-shadow -Wno-four-char-constants -Wno-conversion -Wno-constant-conversion -Wno-int-conversion -Wno-bool-conversion -Wno-enum-conversion -Wno-float-conversion -Wno-non-literal-null-conversion -Wno-objc-literal-conversion -Wshorten-64-to-32 -Wpointer-sign -Wno-newline-eof -Wno-selector -Wno-strict-selector-match -Wno-undeclared-selector -Wno-deprecated-implementations -Wno-implicit-fallthrough -fstrict-aliasing -Wprotocol -Wdeprecated-declarations -Wno-sign-conversion -Wno-infinite-recursion -Wno-comma -Wno-block-capture-autoreleasing -Wno-strict-prototypes -Wno-semicolon-before-method-body -index-store-path /Users/fukushimatakumi/Library/Developer/Xcode/DerivedData/SugarBeat-hgoxfxbbugxkfsbmqcjlbmjeaqyg/Index.noindex/DataStore @/Users/fukushimatakumi/Library/Developer/Xcode/DerivedData/SugarBeat-hgoxfxbbugxkfsbmqcjlbmjeaqyg/Build/Intermediates.noindex/GoogleSignIn.build/Debug-iphonesimulator/GoogleSignIn.build/Objects-normal/arm64/e6072d4f65d7061329687fe24e3d63a7-common-args.resp -include /Users/fukushimatakumi/Library/Developer/Xcode/DerivedData/SugarBeat-hgoxfxbbugxkfsbmqcjlbmjeaqyg/Build/Intermediates.noindex/GoogleSignIn.build/Debug-iphonesimulator/GoogleSignIn.build/DerivedSources/resource_bundle_accessor.h -MMD -MT dependencies -MF /Users/fukushimatakumi/Library/Developer/Xcode/DerivedData/SugarBeat-hgoxfxbbugxkfsbmqcjlbmjeaqyg/Build/Intermediates.noindex/GoogleSignIn.build/Debug-iphonesimulator/GoogleSignIn.build/Objects-normal/arm64/GIDClaim.d --serialize-diagnostics /Users/fukushimatakumi/Library/Developer/Xcode/DerivedData/SugarBeat-hgoxfxbbugxkfsbmqcjlbmjeaqyg/Build/Intermediates.noindex/GoogleSignIn.build/Debug-iphonesimulator/GoogleSignIn.build/Objects-normal/arm64/GIDClaim.dia -c /Users/fukushimatakumi/Library/Developer/Xcode/DerivedData/SugarBeat-hgoxfxbbugxkfsbmqcjlbmjeaqyg/SourcePackages/checkouts/GoogleSignIn-iOS/GoogleSignIn/Sources/GIDClaim.m -o /Users/fukushimatakumi/Library/Developer/Xcode/DerivedData/SugarBeat-hgoxfxbbugxkfsbmqcjlbmjeaqyg/Build/Intermediates.noindex/GoogleSignIn.build/Debug-iphonesimulator/GoogleSignIn.build/Objects-normal/arm64/GIDClaim.o -index-unit-output-path /GoogleSignIn.build/Debug-iphonesimulator/GoogleSignIn.build/Objects-normal/arm64/GIDClaim.o

ScanDependencies /Users/fukushimatakumi/Library/Developer/Xcode/DerivedData/SugarBeat-hgoxfxbbugxkfsbmqcjlbmjeaqyg/Build/Intermediates.noindex/GoogleSignIn.build/Debug-iphonesimulator/GoogleSignIn.build/Objects-normal/arm64/GIDCallbackQueue.o /Users/fukushimatakumi/Library/Developer/Xcode/DerivedData/SugarBeat-hgoxfxbbugxkfsbmqcjlbmjeaqyg/SourcePackages/checkouts/GoogleSignIn-iOS/GoogleSignIn/Sources/GIDCallbackQueue.m normal arm64 objective-c com.apple.compilers.llvm.clang.1_0.compiler (in target 'GoogleSignIn' from project 'GoogleSignIn')
    cd /Users/fukushimatakumi/develop/sugarbeat/sugarbeat-front
    
    Using response file: /Users/fukushimatakumi/Library/Developer/Xcode/DerivedData/SugarBeat-hgoxfxbbugxkfsbmqcjlbmjeaqyg/Build/Intermediates.noindex/GoogleSignIn.build/Debug-iphonesimulator/GoogleSignIn.build/Objects-normal/arm64/e6072d4f65d7061329687fe24e3d63a7-common-args.resp
    
    builtin-ScanDependencies -o /Users/fukushimatakumi/Library/Developer/Xcode/DerivedData/SugarBeat-hgoxfxbbugxkfsbmqcjlbmjeaqyg/Build/Intermediates.noindex/GoogleSignIn.build/Debug-iphonesimulator/GoogleSignIn.build/Objects-normal/arm64/GIDCallbackQueue.o.scan -- /Applications/Xcode.app/Contents/Developer/Toolchains/XcodeDefault.xctoolchain/usr/bin/clang -x objective-c -ivfsstatcache /Users/fukushimatakumi/Library/Developer/Xcode/DerivedData/SDKStatCaches.noindex/iphonesimulator18.4-22E235-71825a6d136aa4733edcbe86ece5525b.sdkstatcache -fmessage-length\=0 -fdiagnostics-show-note-include-stack -fmacro-backtrace-limit\=0 -fno-color-diagnostics -fmodules-prune-interval\=86400 -fmodules-prune-after\=345600 -fbuild-session-file\=/Users/fukushimatakumi/Library/Developer/Xcode/DerivedData/ModuleCache.noindex/Session.modulevalidation -fmodules-validate-once-per-build-session -Wnon-modular-include-in-framework-module -Werror\=non-modular-include-in-framework-module -Wno-trigraphs -Wno-missing-field-initializers -Wno-missing-prototypes -Wno-return-type -Wno-implicit-atomic-properties -Wno-objc-interface-ivars -Wno-arc-repeated-use-of-weak -Wno-missing-braces -Wparentheses -Wswitch -Wno-unused-function -Wno-unused-label -Wno-unused-parameter -Wno-unused-variable -Wunused-value -Wno-empty-body -Wno-uninitialized -Wno-unknown-pragmas -w -Wno-shadow -Wno-four-char-constants -Wno-conversion -Wno-constant-conversion -Wno-int-conversion -Wno-bool-conversion -Wno-enum-conversion -Wno-float-conversion -Wno-non-literal-null-conversion -Wno-objc-literal-conversion -Wshorten-64-to-32 -Wpointer-sign -Wno-newline-eof -Wno-selector -Wno-strict-selector-match -Wno-undeclared-selector -Wno-deprecated-implementations -Wno-implicit-fallthrough -fstrict-aliasing -Wprotocol -Wdeprecated-declarations -Wno-sign-conversion -Wno-infinite-recursion -Wno-comma -Wno-block-capture-autoreleasing -Wno-strict-prototypes -Wno-semicolon-before-method-body -index-store-path /Users/fukushimatakumi/Library/Developer/Xcode/DerivedData/SugarBeat-hgoxfxbbugxkfsbmqcjlbmjeaqyg/Index.noindex/DataStore @/Users/fukushimatakumi/Library/Developer/Xcode/DerivedData/SugarBeat-hgoxfxbbugxkfsbmqcjlbmjeaqyg/Build/Intermediates.noindex/GoogleSignIn.build/Debug-iphonesimulator/GoogleSignIn.build/Objects-normal/arm64/e6072d4f65d7061329687fe24e3d63a7-common-args.resp -include /Users/fukushimatakumi/Library/Developer/Xcode/DerivedData/SugarBeat-hgoxfxbbugxkfsbmqcjlbmjeaqyg/Build/Intermediates.noindex/GoogleSignIn.build/Debug-iphonesimulator/GoogleSignIn.build/DerivedSources/resource_bundle_accessor.h -MMD -MT dependencies -MF /Users/fukushimatakumi/Library/Developer/Xcode/DerivedData/SugarBeat-hgoxfxbbugxkfsbmqcjlbmjeaqyg/Build/Intermediates.noindex/GoogleSignIn.build/Debug-iphonesimulator/GoogleSignIn.build/Objects-normal/arm64/GIDCallbackQueue.d --serialize-diagnostics /Users/fukushimatakumi/Library/Developer/Xcode/DerivedData/SugarBeat-hgoxfxbbugxkfsbmqcjlbmjeaqyg/Build/Intermediates.noindex/GoogleSignIn.build/Debug-iphonesimulator/GoogleSignIn.build/Objects-normal/arm64/GIDCallbackQueue.dia -c /Users/fukushimatakumi/Library/Developer/Xcode/DerivedData/SugarBeat-hgoxfxbbugxkfsbmqcjlbmjeaqyg/SourcePackages/checkouts/GoogleSignIn-iOS/GoogleSignIn/Sources/GIDCallbackQueue.m -o /Users/fukushimatakumi/Library/Developer/Xcode/DerivedData/SugarBeat-hgoxfxbbugxkfsbmqcjlbmjeaqyg/Build/Intermediates.noindex/GoogleSignIn.build/Debug-iphonesimulator/GoogleSignIn.build/Objects-normal/arm64/GIDCallbackQueue.o -index-unit-output-path /GoogleSignIn.build/Debug-iphonesimulator/GoogleSignIn.build/Objects-normal/arm64/GIDCallbackQueue.o

SwiftDriverJobDiscovery normal arm64 Compiling AuthProviderID.swift, EmailAuthProvider.swift, FacebookAuthProvider.swift, FederatedAuthProvider.swift, GameCenterAuthProvider.swift, GitHubAuthProvider.swift, GoogleAuthProvider.swift, OAuthCredential.swift, OAuthProvider.swift, PhoneAuthCredential.swift, PhoneAuthProvider.swift, TwitterAuthProvider.swift, AuthBackend.swift, AuthBackendRPCIssuer.swift (in target 'FirebaseAuth' from project 'Firebase')

ScanDependencies /Users/fukushimatakumi/Library/Developer/Xcode/DerivedData/SugarBeat-hgoxfxbbugxkfsbmqcjlbmjeaqyg/Build/Intermediates.noindex/GoogleSignIn.build/Debug-iphonesimulator/GoogleSignIn.build/Objects-normal/arm64/GIDAuthentication.o /Users/fukushimatakumi/Library/Developer/Xcode/DerivedData/SugarBeat-hgoxfxbbugxkfsbmqcjlbmjeaqyg/SourcePackages/checkouts/GoogleSignIn-iOS/GoogleSignIn/Sources/GIDAuthentication.m normal arm64 objective-c com.apple.compilers.llvm.clang.1_0.compiler (in target 'GoogleSignIn' from project 'GoogleSignIn')
    cd /Users/fukushimatakumi/develop/sugarbeat/sugarbeat-front
    
    Using response file: /Users/fukushimatakumi/Library/Developer/Xcode/DerivedData/SugarBeat-hgoxfxbbugxkfsbmqcjlbmjeaqyg/Build/Intermediates.noindex/GoogleSignIn.build/Debug-iphonesimulator/GoogleSignIn.build/Objects-normal/arm64/e6072d4f65d7061329687fe24e3d63a7-common-args.resp
    
    builtin-ScanDependencies -o /Users/fukushimatakumi/Library/Developer/Xcode/DerivedData/SugarBeat-hgoxfxbbugxkfsbmqcjlbmjeaqyg/Build/Intermediates.noindex/GoogleSignIn.build/Debug-iphonesimulator/GoogleSignIn.build/Objects-normal/arm64/GIDAuthentication.o.scan -- /Applications/Xcode.app/Contents/Developer/Toolchains/XcodeDefault.xctoolchain/usr/bin/clang -x objective-c -ivfsstatcache /Users/fukushimatakumi/Library/Developer/Xcode/DerivedData/SDKStatCaches.noindex/iphonesimulator18.4-22E235-71825a6d136aa4733edcbe86ece5525b.sdkstatcache -fmessage-length\=0 -fdiagnostics-show-note-include-stack -fmacro-backtrace-limit\=0 -fno-color-diagnostics -fmodules-prune-interval\=86400 -fmodules-prune-after\=345600 -fbuild-session-file\=/Users/fukushimatakumi/Library/Developer/Xcode/DerivedData/ModuleCache.noindex/Session.modulevalidation -fmodules-validate-once-per-build-session -Wnon-modular-include-in-framework-module -Werror\=non-modular-include-in-framework-module -Wno-trigraphs -Wno-missing-field-initializers -Wno-missing-prototypes -Wno-return-type -Wno-implicit-atomic-properties -Wno-objc-interface-ivars -Wno-arc-repeated-use-of-weak -Wno-missing-braces -Wparentheses -Wswitch -Wno-unused-function -Wno-unused-label -Wno-unused-parameter -Wno-unused-variable -Wunused-value -Wno-empty-body -Wno-uninitialized -Wno-unknown-pragmas -w -Wno-shadow -Wno-four-char-constants -Wno-conversion -Wno-constant-conversion -Wno-int-conversion -Wno-bool-conversion -Wno-enum-conversion -Wno-float-conversion -Wno-non-literal-null-conversion -Wno-objc-literal-conversion -Wshorten-64-to-32 -Wpointer-sign -Wno-newline-eof -Wno-selector -Wno-strict-selector-match -Wno-undeclared-selector -Wno-deprecated-implementations -Wno-implicit-fallthrough -fstrict-aliasing -Wprotocol -Wdeprecated-declarations -Wno-sign-conversion -Wno-infinite-recursion -Wno-comma -Wno-block-capture-autoreleasing -Wno-strict-prototypes -Wno-semicolon-before-method-body -index-store-path /Users/fukushimatakumi/Library/Developer/Xcode/DerivedData/SugarBeat-hgoxfxbbugxkfsbmqcjlbmjeaqyg/Index.noindex/DataStore @/Users/fukushimatakumi/Library/Developer/Xcode/DerivedData/SugarBeat-hgoxfxbbugxkfsbmqcjlbmjeaqyg/Build/Intermediates.noindex/GoogleSignIn.build/Debug-iphonesimulator/GoogleSignIn.build/Objects-normal/arm64/e6072d4f65d7061329687fe24e3d63a7-common-args.resp -include /Users/fukushimatakumi/Library/Developer/Xcode/DerivedData/SugarBeat-hgoxfxbbugxkfsbmqcjlbmjeaqyg/Build/Intermediates.noindex/GoogleSignIn.build/Debug-iphonesimulator/GoogleSignIn.build/DerivedSources/resource_bundle_accessor.h -MMD -MT dependencies -MF /Users/fukushimatakumi/Library/Developer/Xcode/DerivedData/SugarBeat-hgoxfxbbugxkfsbmqcjlbmjeaqyg/Build/Intermediates.noindex/GoogleSignIn.build/Debug-iphonesimulator/GoogleSignIn.build/Objects-normal/arm64/GIDAuthentication.d --serialize-diagnostics /Users/fukushimatakumi/Library/Developer/Xcode/DerivedData/SugarBeat-hgoxfxbbugxkfsbmqcjlbmjeaqyg/Build/Intermediates.noindex/GoogleSignIn.build/Debug-iphonesimulator/GoogleSignIn.build/Objects-normal/arm64/GIDAuthentication.dia -c /Users/fukushimatakumi/Library/Developer/Xcode/DerivedData/SugarBeat-hgoxfxbbugxkfsbmqcjlbmjeaqyg/SourcePackages/checkouts/GoogleSignIn-iOS/GoogleSignIn/Sources/GIDAuthentication.m -o /Users/fukushimatakumi/Library/Developer/Xcode/DerivedData/SugarBeat-hgoxfxbbugxkfsbmqcjlbmjeaqyg/Build/Intermediates.noindex/GoogleSignIn.build/Debug-iphonesimulator/GoogleSignIn.build/Objects-normal/arm64/GIDAuthentication.o -index-unit-output-path /GoogleSignIn.build/Debug-iphonesimulator/GoogleSignIn.build/Objects-normal/arm64/GIDAuthentication.o

ScanDependencies /Users/fukushimatakumi/Library/Developer/Xcode/DerivedData/SugarBeat-hgoxfxbbugxkfsbmqcjlbmjeaqyg/Build/Intermediates.noindex/GoogleSignIn.build/Debug-iphonesimulator/GoogleSignIn.build/Objects-normal/arm64/GIDAuthStateMigration.o /Users/fukushimatakumi/Library/Developer/Xcode/DerivedData/SugarBeat-hgoxfxbbugxkfsbmqcjlbmjeaqyg/SourcePackages/checkouts/GoogleSignIn-iOS/GoogleSignIn/Sources/GIDAuthStateMigration/Implementation/GIDAuthStateMigration.m normal arm64 objective-c com.apple.compilers.llvm.clang.1_0.compiler (in target 'GoogleSignIn' from project 'GoogleSignIn')
    cd /Users/fukushimatakumi/develop/sugarbeat/sugarbeat-front
    
    Using response file: /Users/fukushimatakumi/Library/Developer/Xcode/DerivedData/SugarBeat-hgoxfxbbugxkfsbmqcjlbmjeaqyg/Build/Intermediates.noindex/GoogleSignIn.build/Debug-iphonesimulator/GoogleSignIn.build/Objects-normal/arm64/e6072d4f65d7061329687fe24e3d63a7-common-args.resp
    
    builtin-ScanDependencies -o /Users/fukushimatakumi/Library/Developer/Xcode/DerivedData/SugarBeat-hgoxfxbbugxkfsbmqcjlbmjeaqyg/Build/Intermediates.noindex/GoogleSignIn.build/Debug-iphonesimulator/GoogleSignIn.build/Objects-normal/arm64/GIDAuthStateMigration.o.scan -- /Applications/Xcode.app/Contents/Developer/Toolchains/XcodeDefault.xctoolchain/usr/bin/clang -x objective-c -ivfsstatcache /Users/fukushimatakumi/Library/Developer/Xcode/DerivedData/SDKStatCaches.noindex/iphonesimulator18.4-22E235-71825a6d136aa4733edcbe86ece5525b.sdkstatcache -fmessage-length\=0 -fdiagnostics-show-note-include-stack -fmacro-backtrace-limit\=0 -fno-color-diagnostics -fmodules-prune-interval\=86400 -fmodules-prune-after\=345600 -fbuild-session-file\=/Users/fukushimatakumi/Library/Developer/Xcode/DerivedData/ModuleCache.noindex/Session.modulevalidation -fmodules-validate-once-per-build-session -Wnon-modular-include-in-framework-module -Werror\=non-modular-include-in-framework-module -Wno-trigraphs -Wno-missing-field-initializers -Wno-missing-prototypes -Wno-return-type -Wno-implicit-atomic-properties -Wno-objc-interface-ivars -Wno-arc-repeated-use-of-weak -Wno-missing-braces -Wparentheses -Wswitch -Wno-unused-function -Wno-unused-label -Wno-unused-parameter -Wno-unused-variable -Wunused-value -Wno-empty-body -Wno-uninitialized -Wno-unknown-pragmas -w -Wno-shadow -Wno-four-char-constants -Wno-conversion -Wno-constant-conversion -Wno-int-conversion -Wno-bool-conversion -Wno-enum-conversion -Wno-float-conversion -Wno-non-literal-null-conversion -Wno-objc-literal-conversion -Wshorten-64-to-32 -Wpointer-sign -Wno-newline-eof -Wno-selector -Wno-strict-selector-match -Wno-undeclared-selector -Wno-deprecated-implementations -Wno-implicit-fallthrough -fstrict-aliasing -Wprotocol -Wdeprecated-declarations -Wno-sign-conversion -Wno-infinite-recursion -Wno-comma -Wno-block-capture-autoreleasing -Wno-strict-prototypes -Wno-semicolon-before-method-body -index-store-path /Users/fukushimatakumi/Library/Developer/Xcode/DerivedData/SugarBeat-hgoxfxbbugxkfsbmqcjlbmjeaqyg/Index.noindex/DataStore @/Users/fukushimatakumi/Library/Developer/Xcode/DerivedData/SugarBeat-hgoxfxbbugxkfsbmqcjlbmjeaqyg/Build/Intermediates.noindex/GoogleSignIn.build/Debug-iphonesimulator/GoogleSignIn.build/Objects-normal/arm64/e6072d4f65d7061329687fe24e3d63a7-common-args.resp -include /Users/fukushimatakumi/Library/Developer/Xcode/DerivedData/SugarBeat-hgoxfxbbugxkfsbmqcjlbmjeaqyg/Build/Intermediates.noindex/GoogleSignIn.build/Debug-iphonesimulator/GoogleSignIn.build/DerivedSources/resource_bundle_accessor.h -MMD -MT dependencies -MF /Users/fukushimatakumi/Library/Developer/Xcode/DerivedData/SugarBeat-hgoxfxbbugxkfsbmqcjlbmjeaqyg/Build/Intermediates.noindex/GoogleSignIn.build/Debug-iphonesimulator/GoogleSignIn.build/Objects-normal/arm64/GIDAuthStateMigration.d --serialize-diagnostics /Users/fukushimatakumi/Library/Developer/Xcode/DerivedData/SugarBeat-hgoxfxbbugxkfsbmqcjlbmjeaqyg/Build/Intermediates.noindex/GoogleSignIn.build/Debug-iphonesimulator/GoogleSignIn.build/Objects-normal/arm64/GIDAuthStateMigration.dia -c /Users/fukushimatakumi/Library/Developer/Xcode/DerivedData/SugarBeat-hgoxfxbbugxkfsbmqcjlbmjeaqyg/SourcePackages/checkouts/GoogleSignIn-iOS/GoogleSignIn/Sources/GIDAuthStateMigration/Implementation/GIDAuthStateMigration.m -o /Users/fukushimatakumi/Library/Developer/Xcode/DerivedData/SugarBeat-hgoxfxbbugxkfsbmqcjlbmjeaqyg/Build/Intermediates.noindex/GoogleSignIn.build/Debug-iphonesimulator/GoogleSignIn.build/Objects-normal/arm64/GIDAuthStateMigration.o -index-unit-output-path /GoogleSignIn.build/Debug-iphonesimulator/GoogleSignIn.build/Objects-normal/arm64/GIDAuthStateMigration.o

ScanDependencies /Users/fukushimatakumi/Library/Developer/Xcode/DerivedData/SugarBeat-hgoxfxbbugxkfsbmqcjlbmjeaqyg/Build/Intermediates.noindex/GoogleSignIn.build/Debug-iphonesimulator/GoogleSignIn.build/Objects-normal/arm64/GIDAppCheckProviderFake.o /Users/fukushimatakumi/Library/Developer/Xcode/DerivedData/SugarBeat-hgoxfxbbugxkfsbmqcjlbmjeaqyg/SourcePackages/checkouts/GoogleSignIn-iOS/GoogleSignIn/Sources/GIDAppCheck/Implementations/Fake/GIDAppCheckProviderFake.m normal arm64 objective-c com.apple.compilers.llvm.clang.1_0.compiler (in target 'GoogleSignIn' from project 'GoogleSignIn')
    cd /Users/fukushimatakumi/develop/sugarbeat/sugarbeat-front
    
    Using response file: /Users/fukushimatakumi/Library/Developer/Xcode/DerivedData/SugarBeat-hgoxfxbbugxkfsbmqcjlbmjeaqyg/Build/Intermediates.noindex/GoogleSignIn.build/Debug-iphonesimulator/GoogleSignIn.build/Objects-normal/arm64/e6072d4f65d7061329687fe24e3d63a7-common-args.resp
    
    builtin-ScanDependencies -o /Users/fukushimatakumi/Library/Developer/Xcode/DerivedData/SugarBeat-hgoxfxbbugxkfsbmqcjlbmjeaqyg/Build/Intermediates.noindex/GoogleSignIn.build/Debug-iphonesimulator/GoogleSignIn.build/Objects-normal/arm64/GIDAppCheckProviderFake.o.scan -- /Applications/Xcode.app/Contents/Developer/Toolchains/XcodeDefault.xctoolchain/usr/bin/clang -x objective-c -ivfsstatcache /Users/fukushimatakumi/Library/Developer/Xcode/DerivedData/SDKStatCaches.noindex/iphonesimulator18.4-22E235-71825a6d136aa4733edcbe86ece5525b.sdkstatcache -fmessage-length\=0 -fdiagnostics-show-note-include-stack -fmacro-backtrace-limit\=0 -fno-color-diagnostics -fmodules-prune-interval\=86400 -fmodules-prune-after\=345600 -fbuild-session-file\=/Users/fukushimatakumi/Library/Developer/Xcode/DerivedData/ModuleCache.noindex/Session.modulevalidation -fmodules-validate-once-per-build-session -Wnon-modular-include-in-framework-module -Werror\=non-modular-include-in-framework-module -Wno-trigraphs -Wno-missing-field-initializers -Wno-missing-prototypes -Wno-return-type -Wno-implicit-atomic-properties -Wno-objc-interface-ivars -Wno-arc-repeated-use-of-weak -Wno-missing-braces -Wparentheses -Wswitch -Wno-unused-function -Wno-unused-label -Wno-unused-parameter -Wno-unused-variable -Wunused-value -Wno-empty-body -Wno-uninitialized -Wno-unknown-pragmas -w -Wno-shadow -Wno-four-char-constants -Wno-conversion -Wno-constant-conversion -Wno-int-conversion -Wno-bool-conversion -Wno-enum-conversion -Wno-float-conversion -Wno-non-literal-null-conversion -Wno-objc-literal-conversion -Wshorten-64-to-32 -Wpointer-sign -Wno-newline-eof -Wno-selector -Wno-strict-selector-match -Wno-undeclared-selector -Wno-deprecated-implementations -Wno-implicit-fallthrough -fstrict-aliasing -Wprotocol -Wdeprecated-declarations -Wno-sign-conversion -Wno-infinite-recursion -Wno-comma -Wno-block-capture-autoreleasing -Wno-strict-prototypes -Wno-semicolon-before-method-body -index-store-path /Users/fukushimatakumi/Library/Developer/Xcode/DerivedData/SugarBeat-hgoxfxbbugxkfsbmqcjlbmjeaqyg/Index.noindex/DataStore @/Users/fukushimatakumi/Library/Developer/Xcode/DerivedData/SugarBeat-hgoxfxbbugxkfsbmqcjlbmjeaqyg/Build/Intermediates.noindex/GoogleSignIn.build/Debug-iphonesimulator/GoogleSignIn.build/Objects-normal/arm64/e6072d4f65d7061329687fe24e3d63a7-common-args.resp -include /Users/fukushimatakumi/Library/Developer/Xcode/DerivedData/SugarBeat-hgoxfxbbugxkfsbmqcjlbmjeaqyg/Build/Intermediates.noindex/GoogleSignIn.build/Debug-iphonesimulator/GoogleSignIn.build/DerivedSources/resource_bundle_accessor.h -MMD -MT dependencies -MF /Users/fukushimatakumi/Library/Developer/Xcode/DerivedData/SugarBeat-hgoxfxbbugxkfsbmqcjlbmjeaqyg/Build/Intermediates.noindex/GoogleSignIn.build/Debug-iphonesimulator/GoogleSignIn.build/Objects-normal/arm64/GIDAppCheckProviderFake.d --serialize-diagnostics /Users/fukushimatakumi/Library/Developer/Xcode/DerivedData/SugarBeat-hgoxfxbbugxkfsbmqcjlbmjeaqyg/Build/Intermediates.noindex/GoogleSignIn.build/Debug-iphonesimulator/GoogleSignIn.build/Objects-normal/arm64/GIDAppCheckProviderFake.dia -c /Users/fukushimatakumi/Library/Developer/Xcode/DerivedData/SugarBeat-hgoxfxbbugxkfsbmqcjlbmjeaqyg/SourcePackages/checkouts/GoogleSignIn-iOS/GoogleSignIn/Sources/GIDAppCheck/Implementations/Fake/GIDAppCheckProviderFake.m -o /Users/fukushimatakumi/Library/Developer/Xcode/DerivedData/SugarBeat-hgoxfxbbugxkfsbmqcjlbmjeaqyg/Build/Intermediates.noindex/GoogleSignIn.build/Debug-iphonesimulator/GoogleSignIn.build/Objects-normal/arm64/GIDAppCheckProviderFake.o -index-unit-output-path /GoogleSignIn.build/Debug-iphonesimulator/GoogleSignIn.build/Objects-normal/arm64/GIDAppCheckProviderFake.o

ScanDependencies /Users/fukushimatakumi/Library/Developer/Xcode/DerivedData/SugarBeat-hgoxfxbbugxkfsbmqcjlbmjeaqyg/Build/Intermediates.noindex/GoogleSignIn.build/Debug-iphonesimulator/GoogleSignIn.build/Objects-normal/arm64/GIDAppCheck.o /Users/fukushimatakumi/Library/Developer/Xcode/DerivedData/SugarBeat-hgoxfxbbugxkfsbmqcjlbmjeaqyg/SourcePackages/checkouts/GoogleSignIn-iOS/GoogleSignIn/Sources/GIDAppCheck/Implementations/GIDAppCheck.m normal arm64 objective-c com.apple.compilers.llvm.clang.1_0.compiler (in target 'GoogleSignIn' from project 'GoogleSignIn')
    cd /Users/fukushimatakumi/develop/sugarbeat/sugarbeat-front
    
    Using response file: /Users/fukushimatakumi/Library/Developer/Xcode/DerivedData/SugarBeat-hgoxfxbbugxkfsbmqcjlbmjeaqyg/Build/Intermediates.noindex/GoogleSignIn.build/Debug-iphonesimulator/GoogleSignIn.build/Objects-normal/arm64/e6072d4f65d7061329687fe24e3d63a7-common-args.resp
    
    builtin-ScanDependencies -o /Users/fukushimatakumi/Library/Developer/Xcode/DerivedData/SugarBeat-hgoxfxbbugxkfsbmqcjlbmjeaqyg/Build/Intermediates.noindex/GoogleSignIn.build/Debug-iphonesimulator/GoogleSignIn.build/Objects-normal/arm64/GIDAppCheck.o.scan -- /Applications/Xcode.app/Contents/Developer/Toolchains/XcodeDefault.xctoolchain/usr/bin/clang -x objective-c -ivfsstatcache /Users/fukushimatakumi/Library/Developer/Xcode/DerivedData/SDKStatCaches.noindex/iphonesimulator18.4-22E235-71825a6d136aa4733edcbe86ece5525b.sdkstatcache -fmessage-length\=0 -fdiagnostics-show-note-include-stack -fmacro-backtrace-limit\=0 -fno-color-diagnostics -fmodules-prune-interval\=86400 -fmodules-prune-after\=345600 -fbuild-session-file\=/Users/fukushimatakumi/Library/Developer/Xcode/DerivedData/ModuleCache.noindex/Session.modulevalidation -fmodules-validate-once-per-build-session -Wnon-modular-include-in-framework-module -Werror\=non-modular-include-in-framework-module -Wno-trigraphs -Wno-missing-field-initializers -Wno-missing-prototypes -Wno-return-type -Wno-implicit-atomic-properties -Wno-objc-interface-ivars -Wno-arc-repeated-use-of-weak -Wno-missing-braces -Wparentheses -Wswitch -Wno-unused-function -Wno-unused-label -Wno-unused-parameter -Wno-unused-variable -Wunused-value -Wno-empty-body -Wno-uninitialized -Wno-unknown-pragmas -w -Wno-shadow -Wno-four-char-constants -Wno-conversion -Wno-constant-conversion -Wno-int-conversion -Wno-bool-conversion -Wno-enum-conversion -Wno-float-conversion -Wno-non-literal-null-conversion -Wno-objc-literal-conversion -Wshorten-64-to-32 -Wpointer-sign -Wno-newline-eof -Wno-selector -Wno-strict-selector-match -Wno-undeclared-selector -Wno-deprecated-implementations -Wno-implicit-fallthrough -fstrict-aliasing -Wprotocol -Wdeprecated-declarations -Wno-sign-conversion -Wno-infinite-recursion -Wno-comma -Wno-block-capture-autoreleasing -Wno-strict-prototypes -Wno-semicolon-before-method-body -index-store-path /Users/fukushimatakumi/Library/Developer/Xcode/DerivedData/SugarBeat-hgoxfxbbugxkfsbmqcjlbmjeaqyg/Index.noindex/DataStore @/Users/fukushimatakumi/Library/Developer/Xcode/DerivedData/SugarBeat-hgoxfxbbugxkfsbmqcjlbmjeaqyg/Build/Intermediates.noindex/GoogleSignIn.build/Debug-iphonesimulator/GoogleSignIn.build/Objects-normal/arm64/e6072d4f65d7061329687fe24e3d63a7-common-args.resp -include /Users/fukushimatakumi/Library/Developer/Xcode/DerivedData/SugarBeat-hgoxfxbbugxkfsbmqcjlbmjeaqyg/Build/Intermediates.noindex/GoogleSignIn.build/Debug-iphonesimulator/GoogleSignIn.build/DerivedSources/resource_bundle_accessor.h -MMD -MT dependencies -MF /Users/fukushimatakumi/Library/Developer/Xcode/DerivedData/SugarBeat-hgoxfxbbugxkfsbmqcjlbmjeaqyg/Build/Intermediates.noindex/GoogleSignIn.build/Debug-iphonesimulator/GoogleSignIn.build/Objects-normal/arm64/GIDAppCheck.d --serialize-diagnostics /Users/fukushimatakumi/Library/Developer/Xcode/DerivedData/SugarBeat-hgoxfxbbugxkfsbmqcjlbmjeaqyg/Build/Intermediates.noindex/GoogleSignIn.build/Debug-iphonesimulator/GoogleSignIn.build/Objects-normal/arm64/GIDAppCheck.dia -c /Users/fukushimatakumi/Library/Developer/Xcode/DerivedData/SugarBeat-hgoxfxbbugxkfsbmqcjlbmjeaqyg/SourcePackages/checkouts/GoogleSignIn-iOS/GoogleSignIn/Sources/GIDAppCheck/Implementations/GIDAppCheck.m -o /Users/fukushimatakumi/Library/Developer/Xcode/DerivedData/SugarBeat-hgoxfxbbugxkfsbmqcjlbmjeaqyg/Build/Intermediates.noindex/GoogleSignIn.build/Debug-iphonesimulator/GoogleSignIn.build/Objects-normal/arm64/GIDAppCheck.o -index-unit-output-path /GoogleSignIn.build/Debug-iphonesimulator/GoogleSignIn.build/Objects-normal/arm64/GIDAppCheck.o

PrecompileModule /Users/fukushimatakumi/Library/Developer/Xcode/DerivedData/SugarBeat-hgoxfxbbugxkfsbmqcjlbmjeaqyg/Build/Intermediates.noindex/ExplicitPrecompiledModules/Darwin-ES28SPGBLHKE9HHP7HTTFQJ7.scan
    cd /Users/fukushimatakumi/develop/sugarbeat/sugarbeat-front
    builtin-precompileModule /Users/fukushimatakumi/Library/Developer/Xcode/DerivedData/SugarBeat-hgoxfxbbugxkfsbmqcjlbmjeaqyg/Build/Intermediates.noindex/ExplicitPrecompiledModules/Darwin-ES28SPGBLHKE9HHP7HTTFQJ7.scan

ScanDependencies /Users/fukushimatakumi/Library/Developer/Xcode/DerivedData/SugarBeat-hgoxfxbbugxkfsbmqcjlbmjeaqyg/Build/Intermediates.noindex/GoogleSignIn.build/Debug-iphonesimulator/GoogleSignIn.build/Objects-normal/arm64/GIDActivityIndicatorViewController.o /Users/fukushimatakumi/Library/Developer/Xcode/DerivedData/SugarBeat-hgoxfxbbugxkfsbmqcjlbmjeaqyg/SourcePackages/checkouts/GoogleSignIn-iOS/GoogleSignIn/Sources/GIDAppCheck/UI/GIDActivityIndicatorViewController.m normal arm64 objective-c com.apple.compilers.llvm.clang.1_0.compiler (in target 'GoogleSignIn' from project 'GoogleSignIn')
    cd /Users/fukushimatakumi/develop/sugarbeat/sugarbeat-front
    
    Using response file: /Users/fukushimatakumi/Library/Developer/Xcode/DerivedData/SugarBeat-hgoxfxbbugxkfsbmqcjlbmjeaqyg/Build/Intermediates.noindex/GoogleSignIn.build/Debug-iphonesimulator/GoogleSignIn.build/Objects-normal/arm64/e6072d4f65d7061329687fe24e3d63a7-common-args.resp
    
    builtin-ScanDependencies -o /Users/fukushimatakumi/Library/Developer/Xcode/DerivedData/SugarBeat-hgoxfxbbugxkfsbmqcjlbmjeaqyg/Build/Intermediates.noindex/GoogleSignIn.build/Debug-iphonesimulator/GoogleSignIn.build/Objects-normal/arm64/GIDActivityIndicatorViewController.o.scan -- /Applications/Xcode.app/Contents/Developer/Toolchains/XcodeDefault.xctoolchain/usr/bin/clang -x objective-c -ivfsstatcache /Users/fukushimatakumi/Library/Developer/Xcode/DerivedData/SDKStatCaches.noindex/iphonesimulator18.4-22E235-71825a6d136aa4733edcbe86ece5525b.sdkstatcache -fmessage-length\=0 -fdiagnostics-show-note-include-stack -fmacro-backtrace-limit\=0 -fno-color-diagnostics -fmodules-prune-interval\=86400 -fmodules-prune-after\=345600 -fbuild-session-file\=/Users/fukushimatakumi/Library/Developer/Xcode/DerivedData/ModuleCache.noindex/Session.modulevalidation -fmodules-validate-once-per-build-session -Wnon-modular-include-in-framework-module -Werror\=non-modular-include-in-framework-module -Wno-trigraphs -Wno-missing-field-initializers -Wno-missing-prototypes -Wno-return-type -Wno-implicit-atomic-properties -Wno-objc-interface-ivars -Wno-arc-repeated-use-of-weak -Wno-missing-braces -Wparentheses -Wswitch -Wno-unused-function -Wno-unused-label -Wno-unused-parameter -Wno-unused-variable -Wunused-value -Wno-empty-body -Wno-uninitialized -Wno-unknown-pragmas -w -Wno-shadow -Wno-four-char-constants -Wno-conversion -Wno-constant-conversion -Wno-int-conversion -Wno-bool-conversion -Wno-enum-conversion -Wno-float-conversion -Wno-non-literal-null-conversion -Wno-objc-literal-conversion -Wshorten-64-to-32 -Wpointer-sign -Wno-newline-eof -Wno-selector -Wno-strict-selector-match -Wno-undeclared-selector -Wno-deprecated-implementations -Wno-implicit-fallthrough -fstrict-aliasing -Wprotocol -Wdeprecated-declarations -Wno-sign-conversion -Wno-infinite-recursion -Wno-comma -Wno-block-capture-autoreleasing -Wno-strict-prototypes -Wno-semicolon-before-method-body -index-store-path /Users/fukushimatakumi/Library/Developer/Xcode/DerivedData/SugarBeat-hgoxfxbbugxkfsbmqcjlbmjeaqyg/Index.noindex/DataStore @/Users/fukushimatakumi/Library/Developer/Xcode/DerivedData/SugarBeat-hgoxfxbbugxkfsbmqcjlbmjeaqyg/Build/Intermediates.noindex/GoogleSignIn.build/Debug-iphonesimulator/GoogleSignIn.build/Objects-normal/arm64/e6072d4f65d7061329687fe24e3d63a7-common-args.resp -include /Users/fukushimatakumi/Library/Developer/Xcode/DerivedData/SugarBeat-hgoxfxbbugxkfsbmqcjlbmjeaqyg/Build/Intermediates.noindex/GoogleSignIn.build/Debug-iphonesimulator/GoogleSignIn.build/DerivedSources/resource_bundle_accessor.h -MMD -MT dependencies -MF /Users/fukushimatakumi/Library/Developer/Xcode/DerivedData/SugarBeat-hgoxfxbbugxkfsbmqcjlbmjeaqyg/Build/Intermediates.noindex/GoogleSignIn.build/Debug-iphonesimulator/GoogleSignIn.build/Objects-normal/arm64/GIDActivityIndicatorViewController.d --serialize-diagnostics /Users/fukushimatakumi/Library/Developer/Xcode/DerivedData/SugarBeat-hgoxfxbbugxkfsbmqcjlbmjeaqyg/Build/Intermediates.noindex/GoogleSignIn.build/Debug-iphonesimulator/GoogleSignIn.build/Objects-normal/arm64/GIDActivityIndicatorViewController.dia -c /Users/fukushimatakumi/Library/Developer/Xcode/DerivedData/SugarBeat-hgoxfxbbugxkfsbmqcjlbmjeaqyg/SourcePackages/checkouts/GoogleSignIn-iOS/GoogleSignIn/Sources/GIDAppCheck/UI/GIDActivityIndicatorViewController.m -o /Users/fukushimatakumi/Library/Developer/Xcode/DerivedData/SugarBeat-hgoxfxbbugxkfsbmqcjlbmjeaqyg/Build/Intermediates.noindex/GoogleSignIn.build/Debug-iphonesimulator/GoogleSignIn.build/Objects-normal/arm64/GIDActivityIndicatorViewController.o -index-unit-output-path /GoogleSignIn.build/Debug-iphonesimulator/GoogleSignIn.build/Objects-normal/arm64/GIDActivityIndicatorViewController.o

Touch /Users/fukushimatakumi/Library/Developer/Xcode/DerivedData/SugarBeat-hgoxfxbbugxkfsbmqcjlbmjeaqyg/Build/Products/Debug-iphonesimulator/GTMSessionFetcher_GTMSessionFetcherCore.bundle (in target 'GTMSessionFetcher_GTMSessionFetcherCore' from project 'GTMSessionFetcher')
    cd /Users/fukushimatakumi/Library/Developer/Xcode/DerivedData/SugarBeat-hgoxfxbbugxkfsbmqcjlbmjeaqyg/SourcePackages/checkouts/gtm-session-fetcher
    /usr/bin/touch -c /Users/fukushimatakumi/Library/Developer/Xcode/DerivedData/SugarBeat-hgoxfxbbugxkfsbmqcjlbmjeaqyg/Build/Products/Debug-iphonesimulator/GTMSessionFetcher_GTMSessionFetcherCore.bundle

Touch /Users/fukushimatakumi/Library/Developer/Xcode/DerivedData/SugarBeat-hgoxfxbbugxkfsbmqcjlbmjeaqyg/Build/Products/Debug-iphonesimulator/GTMAppAuth_GTMAppAuth.bundle (in target 'GTMAppAuth_GTMAppAuth' from project 'GTMAppAuth')
    cd /Users/fukushimatakumi/Library/Developer/Xcode/DerivedData/SugarBeat-hgoxfxbbugxkfsbmqcjlbmjeaqyg/SourcePackages/checkouts/GTMAppAuth
    /usr/bin/touch -c /Users/fukushimatakumi/Library/Developer/Xcode/DerivedData/SugarBeat-hgoxfxbbugxkfsbmqcjlbmjeaqyg/Build/Products/Debug-iphonesimulator/GTMAppAuth_GTMAppAuth.bundle

Touch /Users/fukushimatakumi/Library/Developer/Xcode/DerivedData/SugarBeat-hgoxfxbbugxkfsbmqcjlbmjeaqyg/Build/Products/Debug-iphonesimulator/Firebase_FirebaseFirestore.bundle (in target 'Firebase_FirebaseFirestore' from project 'Firebase')
    cd /Users/fukushimatakumi/Library/Developer/Xcode/DerivedData/SugarBeat-hgoxfxbbugxkfsbmqcjlbmjeaqyg/SourcePackages/checkouts/firebase-ios-sdk
    /usr/bin/touch -c /Users/fukushimatakumi/Library/Developer/Xcode/DerivedData/SugarBeat-hgoxfxbbugxkfsbmqcjlbmjeaqyg/Build/Products/Debug-iphonesimulator/Firebase_FirebaseFirestore.bundle

Touch /Users/fukushimatakumi/Library/Developer/Xcode/DerivedData/SugarBeat-hgoxfxbbugxkfsbmqcjlbmjeaqyg/Build/Products/Debug-iphonesimulator/Firebase_FirebaseCoreInternal.bundle (in target 'Firebase_FirebaseCoreInternal' from project 'Firebase')
    cd /Users/fukushimatakumi/Library/Developer/Xcode/DerivedData/SugarBeat-hgoxfxbbugxkfsbmqcjlbmjeaqyg/SourcePackages/checkouts/firebase-ios-sdk
    /usr/bin/touch -c /Users/fukushimatakumi/Library/Developer/Xcode/DerivedData/SugarBeat-hgoxfxbbugxkfsbmqcjlbmjeaqyg/Build/Products/Debug-iphonesimulator/Firebase_FirebaseCoreInternal.bundle

Touch /Users/fukushimatakumi/Library/Developer/Xcode/DerivedData/SugarBeat-hgoxfxbbugxkfsbmqcjlbmjeaqyg/Build/Products/Debug-iphonesimulator/Firebase_FirebaseCoreExtension.bundle (in target 'Firebase_FirebaseCoreExtension' from project 'Firebase')
    cd /Users/fukushimatakumi/Library/Developer/Xcode/DerivedData/SugarBeat-hgoxfxbbugxkfsbmqcjlbmjeaqyg/SourcePackages/checkouts/firebase-ios-sdk
    /usr/bin/touch -c /Users/fukushimatakumi/Library/Developer/Xcode/DerivedData/SugarBeat-hgoxfxbbugxkfsbmqcjlbmjeaqyg/Build/Products/Debug-iphonesimulator/Firebase_FirebaseCoreExtension.bundle

Touch /Users/fukushimatakumi/Library/Developer/Xcode/DerivedData/SugarBeat-hgoxfxbbugxkfsbmqcjlbmjeaqyg/Build/Products/Debug-iphonesimulator/Firebase_FirebaseCore.bundle (in target 'Firebase_FirebaseCore' from project 'Firebase')
    cd /Users/fukushimatakumi/Library/Developer/Xcode/DerivedData/SugarBeat-hgoxfxbbugxkfsbmqcjlbmjeaqyg/SourcePackages/checkouts/firebase-ios-sdk
    /usr/bin/touch -c /Users/fukushimatakumi/Library/Developer/Xcode/DerivedData/SugarBeat-hgoxfxbbugxkfsbmqcjlbmjeaqyg/Build/Products/Debug-iphonesimulator/Firebase_FirebaseCore.bundle

Touch /Users/fukushimatakumi/Library/Developer/Xcode/DerivedData/SugarBeat-hgoxfxbbugxkfsbmqcjlbmjeaqyg/Build/Products/Debug-iphonesimulator/Firebase_FirebaseAuth.bundle (in target 'Firebase_FirebaseAuth' from project 'Firebase')
    cd /Users/fukushimatakumi/Library/Developer/Xcode/DerivedData/SugarBeat-hgoxfxbbugxkfsbmqcjlbmjeaqyg/SourcePackages/checkouts/firebase-ios-sdk
    /usr/bin/touch -c /Users/fukushimatakumi/Library/Developer/Xcode/DerivedData/SugarBeat-hgoxfxbbugxkfsbmqcjlbmjeaqyg/Build/Products/Debug-iphonesimulator/Firebase_FirebaseAuth.bundle

Touch /Users/fukushimatakumi/Library/Developer/Xcode/DerivedData/SugarBeat-hgoxfxbbugxkfsbmqcjlbmjeaqyg/Build/Products/Debug-iphonesimulator/AppAuth_AppAuthCore.bundle (in target 'AppAuth_AppAuthCore' from project 'AppAuth')
    cd /Users/fukushimatakumi/Library/Developer/Xcode/DerivedData/SugarBeat-hgoxfxbbugxkfsbmqcjlbmjeaqyg/SourcePackages/checkouts/AppAuth-iOS
    /usr/bin/touch -c /Users/fukushimatakumi/Library/Developer/Xcode/DerivedData/SugarBeat-hgoxfxbbugxkfsbmqcjlbmjeaqyg/Build/Products/Debug-iphonesimulator/AppAuth_AppAuthCore.bundle

Ld /Users/fukushimatakumi/Library/Developer/Xcode/DerivedData/SugarBeat-hgoxfxbbugxkfsbmqcjlbmjeaqyg/Build/Products/Debug-iphonesimulator/FirebaseAuthInternal.o normal (in target 'FirebaseAuthInternal' from project 'Firebase')
    cd /Users/fukushimatakumi/Library/Developer/Xcode/DerivedData/SugarBeat-hgoxfxbbugxkfsbmqcjlbmjeaqyg/SourcePackages/checkouts/firebase-ios-sdk
    /Applications/Xcode.app/Contents/Developer/Toolchains/XcodeDefault.xctoolchain/usr/bin/clang -Xlinker -reproducible -target arm64-apple-ios15.0-simulator -r -isysroot /Applications/Xcode.app/Contents/Developer/Platforms/iPhoneSimulator.platform/Developer/SDKs/iPhoneSimulator18.4.sdk -O0 -w -L/Users/fukushimatakumi/Library/Developer/Xcode/DerivedData/SugarBeat-hgoxfxbbugxkfsbmqcjlbmjeaqyg/Build/Intermediates.noindex/EagerLinkingTBDs/Debug-iphonesimulator -L/Users/fukushimatakumi/Library/Developer/Xcode/DerivedData/SugarBeat-hgoxfxbbugxkfsbmqcjlbmjeaqyg/Build/Products/Debug-iphonesimulator -L/Applications/Xcode.app/Contents/Developer/Platforms/iPhoneSimulator.platform/Developer/usr/lib -F/Users/fukushimatakumi/Library/Developer/Xcode/DerivedData/SugarBeat-hgoxfxbbugxkfsbmqcjlbmjeaqyg/Build/Intermediates.noindex/EagerLinkingTBDs/Debug-iphonesimulator -F/Users/fukushimatakumi/Library/Developer/Xcode/DerivedData/SugarBeat-hgoxfxbbugxkfsbmqcjlbmjeaqyg/Build/Products/Debug-iphonesimulator/PackageFrameworks -F/Users/fukushimatakumi/Library/Developer/Xcode/DerivedData/SugarBeat-hgoxfxbbugxkfsbmqcjlbmjeaqyg/Build/Products/Debug-iphonesimulator -iframework /Applications/Xcode.app/Contents/Developer/Platforms/iPhoneSimulator.platform/Developer/Library/Frameworks -iframework /Applications/Xcode.app/Contents/Developer/Platforms/iPhoneSimulator.platform/Developer/SDKs/iPhoneSimulator18.4.sdk/Developer/Library/Frameworks -filelist /Users/fukushimatakumi/Library/Developer/Xcode/DerivedData/SugarBeat-hgoxfxbbugxkfsbmqcjlbmjeaqyg/Build/Intermediates.noindex/Firebase.build/Debug-iphonesimulator/FirebaseAuthInternal.build/Objects-normal/arm64/FirebaseAuthInternal.LinkFileList -nostdlib -Xlinker -object_path_lto -Xlinker /Users/fukushimatakumi/Library/Developer/Xcode/DerivedData/SugarBeat-hgoxfxbbugxkfsbmqcjlbmjeaqyg/Build/Intermediates.noindex/Firebase.build/Debug-iphonesimulator/FirebaseAuthInternal.build/Objects-normal/arm64/FirebaseAuthInternal_lto.o -rdynamic -Xlinker -no_deduplicate -Xlinker -objc_abi_version -Xlinker 2 -Xlinker -dependency_info -Xlinker /Users/fukushimatakumi/Library/Developer/Xcode/DerivedData/SugarBeat-hgoxfxbbugxkfsbmqcjlbmjeaqyg/Build/Intermediates.noindex/Firebase.build/Debug-iphonesimulator/FirebaseAuthInternal.build/Objects-normal/arm64/FirebaseAuthInternal_dependency_info.dat -fobjc-arc -fobjc-link-runtime -o /Users/fukushimatakumi/Library/Developer/Xcode/DerivedData/SugarBeat-hgoxfxbbugxkfsbmqcjlbmjeaqyg/Build/Products/Debug-iphonesimulator/FirebaseAuthInternal.o

RegisterExecutionPolicyException /Users/fukushimatakumi/Library/Developer/Xcode/DerivedData/SugarBeat-hgoxfxbbugxkfsbmqcjlbmjeaqyg/Build/Products/Debug-iphonesimulator/UserMessagingPlatformTarget.o (in target 'UserMessagingPlatformTarget' from project 'GoogleUserMessagingPlatform')
    cd /Users/fukushimatakumi/Library/Developer/Xcode/DerivedData/SugarBeat-hgoxfxbbugxkfsbmqcjlbmjeaqyg/SourcePackages/checkouts/swift-package-manager-google-user-messaging-platform
    builtin-RegisterExecutionPolicyException /Users/fukushimatakumi/Library/Developer/Xcode/DerivedData/SugarBeat-hgoxfxbbugxkfsbmqcjlbmjeaqyg/Build/Products/Debug-iphonesimulator/UserMessagingPlatformTarget.o

ScanDependencies /Users/fukushimatakumi/Library/Developer/Xcode/DerivedData/SugarBeat-hgoxfxbbugxkfsbmqcjlbmjeaqyg/Build/Intermediates.noindex/gRPC.build/Debug-iphonesimulator/grpcppWrapper.build/Objects-normal/arm64/resource_bundle_accessor.o /Users/fukushimatakumi/Library/Developer/Xcode/DerivedData/SugarBeat-hgoxfxbbugxkfsbmqcjlbmjeaqyg/Build/Intermediates.noindex/gRPC.build/Debug-iphonesimulator/grpcppWrapper.build/DerivedSources/resource_bundle_accessor.m normal arm64 objective-c com.apple.compilers.llvm.clang.1_0.compiler (in target 'grpcppWrapper' from project 'gRPC')
    cd /Users/fukushimatakumi/develop/sugarbeat/sugarbeat-front
    
    Using response file: /Users/fukushimatakumi/Library/Developer/Xcode/DerivedData/SugarBeat-hgoxfxbbugxkfsbmqcjlbmjeaqyg/Build/Intermediates.noindex/gRPC.build/Debug-iphonesimulator/grpcppWrapper.build/Objects-normal/arm64/e6072d4f65d7061329687fe24e3d63a7-common-args.resp
    
    builtin-ScanDependencies -o /Users/fukushimatakumi/Library/Developer/Xcode/DerivedData/SugarBeat-hgoxfxbbugxkfsbmqcjlbmjeaqyg/Build/Intermediates.noindex/gRPC.build/Debug-iphonesimulator/grpcppWrapper.build/Objects-normal/arm64/resource_bundle_accessor.o.scan -- /Applications/Xcode.app/Contents/Developer/Toolchains/XcodeDefault.xctoolchain/usr/bin/clang -x objective-c -ivfsstatcache /Users/fukushimatakumi/Library/Developer/Xcode/DerivedData/SDKStatCaches.noindex/iphonesimulator18.4-22E235-71825a6d136aa4733edcbe86ece5525b.sdkstatcache -fmessage-length\=0 -fdiagnostics-show-note-include-stack -fmacro-backtrace-limit\=0 -fno-color-diagnostics -fmodules-prune-interval\=86400 -fmodules-prune-after\=345600 -fbuild-session-file\=/Users/fukushimatakumi/Library/Developer/Xcode/DerivedData/ModuleCache.noindex/Session.modulevalidation -fmodules-validate-once-per-build-session -Wnon-modular-include-in-framework-module -Werror\=non-modular-include-in-framework-module -Wno-trigraphs -Wno-missing-field-initializers -Wno-missing-prototypes -Wno-return-type -Wno-implicit-atomic-properties -Wno-objc-interface-ivars -Wno-arc-repeated-use-of-weak -Wno-missing-braces -Wparentheses -Wswitch -Wno-unused-function -Wno-unused-label -Wno-unused-parameter -Wno-unused-variable -Wunused-value -Wno-empty-body -Wno-uninitialized -Wno-unknown-pragmas -w -Wno-shadow -Wno-four-char-constants -Wno-conversion -Wno-constant-conversion -Wno-int-conversion -Wno-bool-conversion -Wno-enum-conversion -Wno-float-conversion -Wno-non-literal-null-conversion -Wno-objc-literal-conversion -Wshorten-64-to-32 -Wpointer-sign -Wno-newline-eof -Wno-selector -Wno-strict-selector-match -Wno-undeclared-selector -Wno-deprecated-implementations -Wno-implicit-fallthrough -fstrict-aliasing -Wprotocol -Wdeprecated-declarations -Wno-sign-conversion -Wno-infinite-recursion -Wno-comma -Wno-block-capture-autoreleasing -Wno-strict-prototypes -Wno-semicolon-before-method-body -index-store-path /Users/fukushimatakumi/Library/Developer/Xcode/DerivedData/SugarBeat-hgoxfxbbugxkfsbmqcjlbmjeaqyg/Index.noindex/DataStore @/Users/fukushimatakumi/Library/Developer/Xcode/DerivedData/SugarBeat-hgoxfxbbugxkfsbmqcjlbmjeaqyg/Build/Intermediates.noindex/gRPC.build/Debug-iphonesimulator/grpcppWrapper.build/Objects-normal/arm64/e6072d4f65d7061329687fe24e3d63a7-common-args.resp -include /Users/fukushimatakumi/Library/Developer/Xcode/DerivedData/SugarBeat-hgoxfxbbugxkfsbmqcjlbmjeaqyg/Build/Intermediates.noindex/gRPC.build/Debug-iphonesimulator/grpcppWrapper.build/DerivedSources/resource_bundle_accessor.h -MMD -MT dependencies -MF /Users/fukushimatakumi/Library/Developer/Xcode/DerivedData/SugarBeat-hgoxfxbbugxkfsbmqcjlbmjeaqyg/Build/Intermediates.noindex/gRPC.build/Debug-iphonesimulator/grpcppWrapper.build/Objects-normal/arm64/resource_bundle_accessor.d --serialize-diagnostics /Users/fukushimatakumi/Library/Developer/Xcode/DerivedData/SugarBeat-hgoxfxbbugxkfsbmqcjlbmjeaqyg/Build/Intermediates.noindex/gRPC.build/Debug-iphonesimulator/grpcppWrapper.build/Objects-normal/arm64/resource_bundle_accessor.dia -c /Users/fukushimatakumi/Library/Developer/Xcode/DerivedData/SugarBeat-hgoxfxbbugxkfsbmqcjlbmjeaqyg/Build/Intermediates.noindex/gRPC.build/Debug-iphonesimulator/grpcppWrapper.build/DerivedSources/resource_bundle_accessor.m -o /Users/fukushimatakumi/Library/Developer/Xcode/DerivedData/SugarBeat-hgoxfxbbugxkfsbmqcjlbmjeaqyg/Build/Intermediates.noindex/gRPC.build/Debug-iphonesimulator/grpcppWrapper.build/Objects-normal/arm64/resource_bundle_accessor.o -index-unit-output-path /gRPC.build/Debug-iphonesimulator/grpcppWrapper.build/Objects-normal/arm64/resource_bundle_accessor.o

ScanDependencies /Users/fukushimatakumi/Library/Developer/Xcode/DerivedData/SugarBeat-hgoxfxbbugxkfsbmqcjlbmjeaqyg/Build/Intermediates.noindex/gRPC.build/Debug-iphonesimulator/grpcppWrapper.build/Objects-normal/arm64/empty.o /Users/fukushimatakumi/Library/Developer/Xcode/DerivedData/SugarBeat-hgoxfxbbugxkfsbmqcjlbmjeaqyg/SourcePackages/checkouts/grpc-binary/grpcpp-Wrapper/empty.m normal arm64 objective-c com.apple.compilers.llvm.clang.1_0.compiler (in target 'grpcppWrapper' from project 'gRPC')
    cd /Users/fukushimatakumi/develop/sugarbeat/sugarbeat-front
    
    Using response file: /Users/fukushimatakumi/Library/Developer/Xcode/DerivedData/SugarBeat-hgoxfxbbugxkfsbmqcjlbmjeaqyg/Build/Intermediates.noindex/gRPC.build/Debug-iphonesimulator/grpcppWrapper.build/Objects-normal/arm64/e6072d4f65d7061329687fe24e3d63a7-common-args.resp
    
    builtin-ScanDependencies -o /Users/fukushimatakumi/Library/Developer/Xcode/DerivedData/SugarBeat-hgoxfxbbugxkfsbmqcjlbmjeaqyg/Build/Intermediates.noindex/gRPC.build/Debug-iphonesimulator/grpcppWrapper.build/Objects-normal/arm64/empty.o.scan -- /Applications/Xcode.app/Contents/Developer/Toolchains/XcodeDefault.xctoolchain/usr/bin/clang -x objective-c -ivfsstatcache /Users/fukushimatakumi/Library/Developer/Xcode/DerivedData/SDKStatCaches.noindex/iphonesimulator18.4-22E235-71825a6d136aa4733edcbe86ece5525b.sdkstatcache -fmessage-length\=0 -fdiagnostics-show-note-include-stack -fmacro-backtrace-limit\=0 -fno-color-diagnostics -fmodules-prune-interval\=86400 -fmodules-prune-after\=345600 -fbuild-session-file\=/Users/fukushimatakumi/Library/Developer/Xcode/DerivedData/ModuleCache.noindex/Session.modulevalidation -fmodules-validate-once-per-build-session -Wnon-modular-include-in-framework-module -Werror\=non-modular-include-in-framework-module -Wno-trigraphs -Wno-missing-field-initializers -Wno-missing-prototypes -Wno-return-type -Wno-implicit-atomic-properties -Wno-objc-interface-ivars -Wno-arc-repeated-use-of-weak -Wno-missing-braces -Wparentheses -Wswitch -Wno-unused-function -Wno-unused-label -Wno-unused-parameter -Wno-unused-variable -Wunused-value -Wno-empty-body -Wno-uninitialized -Wno-unknown-pragmas -w -Wno-shadow -Wno-four-char-constants -Wno-conversion -Wno-constant-conversion -Wno-int-conversion -Wno-bool-conversion -Wno-enum-conversion -Wno-float-conversion -Wno-non-literal-null-conversion -Wno-objc-literal-conversion -Wshorten-64-to-32 -Wpointer-sign -Wno-newline-eof -Wno-selector -Wno-strict-selector-match -Wno-undeclared-selector -Wno-deprecated-implementations -Wno-implicit-fallthrough -fstrict-aliasing -Wprotocol -Wdeprecated-declarations -Wno-sign-conversion -Wno-infinite-recursion -Wno-comma -Wno-block-capture-autoreleasing -Wno-strict-prototypes -Wno-semicolon-before-method-body -index-store-path /Users/fukushimatakumi/Library/Developer/Xcode/DerivedData/SugarBeat-hgoxfxbbugxkfsbmqcjlbmjeaqyg/Index.noindex/DataStore @/Users/fukushimatakumi/Library/Developer/Xcode/DerivedData/SugarBeat-hgoxfxbbugxkfsbmqcjlbmjeaqyg/Build/Intermediates.noindex/gRPC.build/Debug-iphonesimulator/grpcppWrapper.build/Objects-normal/arm64/e6072d4f65d7061329687fe24e3d63a7-common-args.resp -include /Users/fukushimatakumi/Library/Developer/Xcode/DerivedData/SugarBeat-hgoxfxbbugxkfsbmqcjlbmjeaqyg/Build/Intermediates.noindex/gRPC.build/Debug-iphonesimulator/grpcppWrapper.build/DerivedSources/resource_bundle_accessor.h -MMD -MT dependencies -MF /Users/fukushimatakumi/Library/Developer/Xcode/DerivedData/SugarBeat-hgoxfxbbugxkfsbmqcjlbmjeaqyg/Build/Intermediates.noindex/gRPC.build/Debug-iphonesimulator/grpcppWrapper.build/Objects-normal/arm64/empty.d --serialize-diagnostics /Users/fukushimatakumi/Library/Developer/Xcode/DerivedData/SugarBeat-hgoxfxbbugxkfsbmqcjlbmjeaqyg/Build/Intermediates.noindex/gRPC.build/Debug-iphonesimulator/grpcppWrapper.build/Objects-normal/arm64/empty.dia -c /Users/fukushimatakumi/Library/Developer/Xcode/DerivedData/SugarBeat-hgoxfxbbugxkfsbmqcjlbmjeaqyg/SourcePackages/checkouts/grpc-binary/grpcpp-Wrapper/empty.m -o /Users/fukushimatakumi/Library/Developer/Xcode/DerivedData/SugarBeat-hgoxfxbbugxkfsbmqcjlbmjeaqyg/Build/Intermediates.noindex/gRPC.build/Debug-iphonesimulator/grpcppWrapper.build/Objects-normal/arm64/empty.o -index-unit-output-path /gRPC.build/Debug-iphonesimulator/grpcppWrapper.build/Objects-normal/arm64/empty.o

Touch /Users/fukushimatakumi/Library/Developer/Xcode/DerivedData/SugarBeat-hgoxfxbbugxkfsbmqcjlbmjeaqyg/Build/Products/Debug-iphonesimulator/AppAuth_AppAuth.bundle (in target 'AppAuth_AppAuth' from project 'AppAuth')
    cd /Users/fukushimatakumi/Library/Developer/Xcode/DerivedData/SugarBeat-hgoxfxbbugxkfsbmqcjlbmjeaqyg/SourcePackages/checkouts/AppAuth-iOS
    /usr/bin/touch -c /Users/fukushimatakumi/Library/Developer/Xcode/DerivedData/SugarBeat-hgoxfxbbugxkfsbmqcjlbmjeaqyg/Build/Products/Debug-iphonesimulator/AppAuth_AppAuth.bundle

Ld /Users/fukushimatakumi/Library/Developer/Xcode/DerivedData/SugarBeat-hgoxfxbbugxkfsbmqcjlbmjeaqyg/Build/Products/Debug-iphonesimulator/GTMSessionFetcherCore.o normal (in target 'GTMSessionFetcherCore' from project 'GTMSessionFetcher')
    cd /Users/fukushimatakumi/Library/Developer/Xcode/DerivedData/SugarBeat-hgoxfxbbugxkfsbmqcjlbmjeaqyg/SourcePackages/checkouts/gtm-session-fetcher
    /Applications/Xcode.app/Contents/Developer/Toolchains/XcodeDefault.xctoolchain/usr/bin/clang -Xlinker -reproducible -target arm64-apple-ios12.0-simulator -r -isysroot /Applications/Xcode.app/Contents/Developer/Platforms/iPhoneSimulator.platform/Developer/SDKs/iPhoneSimulator18.4.sdk -O0 -w -L/Users/fukushimatakumi/Library/Developer/Xcode/DerivedData/SugarBeat-hgoxfxbbugxkfsbmqcjlbmjeaqyg/Build/Intermediates.noindex/EagerLinkingTBDs/Debug-iphonesimulator -L/Users/fukushimatakumi/Library/Developer/Xcode/DerivedData/SugarBeat-hgoxfxbbugxkfsbmqcjlbmjeaqyg/Build/Products/Debug-iphonesimulator -L/Applications/Xcode.app/Contents/Developer/Platforms/iPhoneSimulator.platform/Developer/usr/lib -F/Users/fukushimatakumi/Library/Developer/Xcode/DerivedData/SugarBeat-hgoxfxbbugxkfsbmqcjlbmjeaqyg/Build/Intermediates.noindex/EagerLinkingTBDs/Debug-iphonesimulator -F/Users/fukushimatakumi/Library/Developer/Xcode/DerivedData/SugarBeat-hgoxfxbbugxkfsbmqcjlbmjeaqyg/Build/Products/Debug-iphonesimulator -iframework /Applications/Xcode.app/Contents/Developer/Platforms/iPhoneSimulator.platform/Developer/Library/Frameworks -iframework /Applications/Xcode.app/Contents/Developer/Platforms/iPhoneSimulator.platform/Developer/SDKs/iPhoneSimulator18.4.sdk/Developer/Library/Frameworks -filelist /Users/fukushimatakumi/Library/Developer/Xcode/DerivedData/SugarBeat-hgoxfxbbugxkfsbmqcjlbmjeaqyg/Build/Intermediates.noindex/GTMSessionFetcher.build/Debug-iphonesimulator/GTMSessionFetcherCore.build/Objects-normal/arm64/GTMSessionFetcherCore.LinkFileList -nostdlib -Xlinker -object_path_lto -Xlinker /Users/fukushimatakumi/Library/Developer/Xcode/DerivedData/SugarBeat-hgoxfxbbugxkfsbmqcjlbmjeaqyg/Build/Intermediates.noindex/GTMSessionFetcher.build/Debug-iphonesimulator/GTMSessionFetcherCore.build/Objects-normal/arm64/GTMSessionFetcherCore_lto.o -rdynamic -Xlinker -no_deduplicate -Xlinker -objc_abi_version -Xlinker 2 -Xlinker -dependency_info -Xlinker /Users/fukushimatakumi/Library/Developer/Xcode/DerivedData/SugarBeat-hgoxfxbbugxkfsbmqcjlbmjeaqyg/Build/Intermediates.noindex/GTMSessionFetcher.build/Debug-iphonesimulator/GTMSessionFetcherCore.build/Objects-normal/arm64/GTMSessionFetcherCore_dependency_info.dat -fobjc-arc -fobjc-link-runtime -o /Users/fukushimatakumi/Library/Developer/Xcode/DerivedData/SugarBeat-hgoxfxbbugxkfsbmqcjlbmjeaqyg/Build/Products/Debug-iphonesimulator/GTMSessionFetcherCore.o

Ld /Users/fukushimatakumi/Library/Developer/Xcode/DerivedData/SugarBeat-hgoxfxbbugxkfsbmqcjlbmjeaqyg/Build/Products/Debug-iphonesimulator/FirebaseCoreExtension.o normal (in target 'FirebaseCoreExtension' from project 'Firebase')
    cd /Users/fukushimatakumi/Library/Developer/Xcode/DerivedData/SugarBeat-hgoxfxbbugxkfsbmqcjlbmjeaqyg/SourcePackages/checkouts/firebase-ios-sdk
    /Applications/Xcode.app/Contents/Developer/Toolchains/XcodeDefault.xctoolchain/usr/bin/clang -Xlinker -reproducible -target arm64-apple-ios15.0-simulator -r -isysroot /Applications/Xcode.app/Contents/Developer/Platforms/iPhoneSimulator.platform/Developer/SDKs/iPhoneSimulator18.4.sdk -O0 -w -L/Users/fukushimatakumi/Library/Developer/Xcode/DerivedData/SugarBeat-hgoxfxbbugxkfsbmqcjlbmjeaqyg/Build/Intermediates.noindex/EagerLinkingTBDs/Debug-iphonesimulator -L/Users/fukushimatakumi/Library/Developer/Xcode/DerivedData/SugarBeat-hgoxfxbbugxkfsbmqcjlbmjeaqyg/Build/Products/Debug-iphonesimulator -L/Applications/Xcode.app/Contents/Developer/Platforms/iPhoneSimulator.platform/Developer/usr/lib -F/Users/fukushimatakumi/Library/Developer/Xcode/DerivedData/SugarBeat-hgoxfxbbugxkfsbmqcjlbmjeaqyg/Build/Intermediates.noindex/EagerLinkingTBDs/Debug-iphonesimulator -F/Users/fukushimatakumi/Library/Developer/Xcode/DerivedData/SugarBeat-hgoxfxbbugxkfsbmqcjlbmjeaqyg/Build/Products/Debug-iphonesimulator -iframework /Applications/Xcode.app/Contents/Developer/Platforms/iPhoneSimulator.platform/Developer/Library/Frameworks -iframework /Applications/Xcode.app/Contents/Developer/Platforms/iPhoneSimulator.platform/Developer/SDKs/iPhoneSimulator18.4.sdk/Developer/Library/Frameworks -filelist /Users/fukushimatakumi/Library/Developer/Xcode/DerivedData/SugarBeat-hgoxfxbbugxkfsbmqcjlbmjeaqyg/Build/Intermediates.noindex/Firebase.build/Debug-iphonesimulator/FirebaseCoreExtension.build/Objects-normal/arm64/FirebaseCoreExtension.LinkFileList -nostdlib -Xlinker -object_path_lto -Xlinker /Users/fukushimatakumi/Library/Developer/Xcode/DerivedData/SugarBeat-hgoxfxbbugxkfsbmqcjlbmjeaqyg/Build/Intermediates.noindex/Firebase.build/Debug-iphonesimulator/FirebaseCoreExtension.build/Objects-normal/arm64/FirebaseCoreExtension_lto.o -rdynamic -Xlinker -no_deduplicate -Xlinker -objc_abi_version -Xlinker 2 -Xlinker -dependency_info -Xlinker /Users/fukushimatakumi/Library/Developer/Xcode/DerivedData/SugarBeat-hgoxfxbbugxkfsbmqcjlbmjeaqyg/Build/Intermediates.noindex/Firebase.build/Debug-iphonesimulator/FirebaseCoreExtension.build/Objects-normal/arm64/FirebaseCoreExtension_dependency_info.dat -fobjc-arc -fobjc-link-runtime -o /Users/fukushimatakumi/Library/Developer/Xcode/DerivedData/SugarBeat-hgoxfxbbugxkfsbmqcjlbmjeaqyg/Build/Products/Debug-iphonesimulator/FirebaseCoreExtension.o

SwiftDriver FirebaseFirestore normal arm64 com.apple.xcode.tools.swift.compiler (in target 'FirebaseFirestore' from project 'Firebase')
    cd /Users/fukushimatakumi/develop/sugarbeat/sugarbeat-front
    builtin-SwiftDriver -- /Applications/Xcode.app/Contents/Developer/Toolchains/XcodeDefault.xctoolchain/usr/bin/swiftc -module-name FirebaseFirestore -Onone -enforce-exclusivity\=checked @/Users/fukushimatakumi/Library/Developer/Xcode/DerivedData/SugarBeat-hgoxfxbbugxkfsbmqcjlbmjeaqyg/Build/Intermediates.noindex/Firebase.build/Debug-iphonesimulator/FirebaseFirestore.build/Objects-normal/arm64/FirebaseFirestore.SwiftFileList -DSWIFT_PACKAGE -DDEBUG -Xcc -fmodule-map-file\=/Users/fukushimatakumi/Library/Developer/Xcode/DerivedData/SugarBeat-hgoxfxbbugxkfsbmqcjlbmjeaqyg/Build/Intermediates.noindex/GeneratedModuleMaps-iphonesimulator/GoogleUtilities-NSData.modulemap -Xcc -fmodule-map-file\=/Users/fukushimatakumi/Library/Developer/Xcode/DerivedData/SugarBeat-hgoxfxbbugxkfsbmqcjlbmjeaqyg/Build/Intermediates.noindex/GeneratedModuleMaps-iphonesimulator/GoogleUtilities-Environment.modulemap -Xcc -fmodule-map-file\=/Users/fukushimatakumi/Library/Developer/Xcode/DerivedData/SugarBeat-hgoxfxbbugxkfsbmqcjlbmjeaqyg/Build/Intermediates.noindex/GeneratedModuleMaps-iphonesimulator/third-party-IsAppEncrypted.modulemap -Xcc -fmodule-map-file\=/Users/fukushimatakumi/Library/Developer/Xcode/DerivedData/SugarBeat-hgoxfxbbugxkfsbmqcjlbmjeaqyg/Build/Intermediates.noindex/GeneratedModuleMaps-iphonesimulator/GoogleUtilities-Logger.modulemap -Xcc -fmodule-map-file\=/Users/fukushimatakumi/Library/Developer/Xcode/DerivedData/SugarBeat-hgoxfxbbugxkfsbmqcjlbmjeaqyg/Build/Intermediates.noindex/GeneratedModuleMaps-iphonesimulator/abslWrapper.modulemap -Xcc -fmodule-map-file\=/Users/fukushimatakumi/Library/Developer/Xcode/DerivedData/SugarBeat-hgoxfxbbugxkfsbmqcjlbmjeaqyg/Build/Intermediates.noindex/GeneratedModuleMaps-iphonesimulator/opensslWrapper.modulemap -Xcc -fmodule-map-file\=/Users/fukushimatakumi/Library/Developer/Xcode/DerivedData/SugarBeat-hgoxfxbbugxkfsbmqcjlbmjeaqyg/Build/Intermediates.noindex/GeneratedModuleMaps-iphonesimulator/grpcWrapper.modulemap -Xcc -fmodule-map-file\=/Users/fukushimatakumi/Library/Developer/Xcode/DerivedData/SugarBeat-hgoxfxbbugxkfsbmqcjlbmjeaqyg/Build/Intermediates.noindex/GeneratedModuleMaps-iphonesimulator/grpcppWrapper.modulemap -Xcc -fmodule-map-file\=/Users/fukushimatakumi/Library/Developer/Xcode/DerivedData/SugarBeat-hgoxfxbbugxkfsbmqcjlbmjeaqyg/Build/Intermediates.noindex/GeneratedModuleMaps-iphonesimulator/nanopb.modulemap -Xcc -fmodule-map-file\=/Users/fukushimatakumi/Library/Developer/Xcode/DerivedData/SugarBeat-hgoxfxbbugxkfsbmqcjlbmjeaqyg/Build/Intermediates.noindex/GeneratedModuleMaps-iphonesimulator/leveldb.modulemap -Xcc -fmodule-map-file\=/Users/fukushimatakumi/Library/Developer/Xcode/DerivedData/SugarBeat-hgoxfxbbugxkfsbmqcjlbmjeaqyg/Build/Intermediates.noindex/GeneratedModuleMaps-iphonesimulator/FirebaseCoreExtension.modulemap -Xcc -fmodule-map-file\=/Users/fukushimatakumi/Library/Developer/Xcode/DerivedData/SugarBeat-hgoxfxbbugxkfsbmqcjlbmjeaqyg/Build/Intermediates.noindex/GeneratedModuleMaps-iphonesimulator/FirebaseCore.modulemap -Xcc -fmodule-map-file\=/Users/fukushimatakumi/Library/Developer/Xcode/DerivedData/SugarBeat-hgoxfxbbugxkfsbmqcjlbmjeaqyg/Build/Intermediates.noindex/GeneratedModuleMaps-iphonesimulator/FirebaseAppCheckInterop.modulemap -Xcc -fmodule-map-file\=/Users/fukushimatakumi/Library/Developer/Xcode/DerivedData/SugarBeat-hgoxfxbbugxkfsbmqcjlbmjeaqyg/Build/Intermediates.noindex/GeneratedModuleMaps-iphonesimulator/FirebaseFirestoreInternalWrapper.modulemap -DXcode -plugin-path /Applications/Xcode.app/Contents/Developer/Toolchains/XcodeDefault.xctoolchain/usr/lib/swift/host/plugins/testing -enable-experimental-feature DebugDescriptionMacro -sdk /Applications/Xcode.app/Contents/Developer/Platforms/iPhoneSimulator.platform/Developer/SDKs/iPhoneSimulator18.4.sdk -target arm64-apple-ios15.0-simulator -g -module-cache-path /Users/fukushimatakumi/Library/Developer/Xcode/DerivedData/ModuleCache.noindex -Xfrontend -serialize-debugging-options -enable-testing -suppress-warnings -index-store-path /Users/fukushimatakumi/Library/Developer/Xcode/DerivedData/SugarBeat-hgoxfxbbugxkfsbmqcjlbmjeaqyg/Index.noindex/DataStore -swift-version 5 -I /Users/fukushimatakumi/Library/Developer/Xcode/DerivedData/SugarBeat-hgoxfxbbugxkfsbmqcjlbmjeaqyg/Build/Products/Debug-iphonesimulator -I /Applications/Xcode.app/Contents/Developer/Platforms/iPhoneSimulator.platform/Developer/usr/lib -F /Users/fukushimatakumi/Library/Developer/Xcode/DerivedData/SugarBeat-hgoxfxbbugxkfsbmqcjlbmjeaqyg/Build/Products/Debug-iphonesimulator/PackageFrameworks -F /Users/fukushimatakumi/Library/Developer/Xcode/DerivedData/SugarBeat-hgoxfxbbugxkfsbmqcjlbmjeaqyg/Build/Products/Debug-iphonesimulator/PackageFrameworks -F /Users/fukushimatakumi/Library/Developer/Xcode/DerivedData/SugarBeat-hgoxfxbbugxkfsbmqcjlbmjeaqyg/Build/Products/Debug-iphonesimulator/PackageFrameworks -F /Users/fukushimatakumi/Library/Developer/Xcode/DerivedData/SugarBeat-hgoxfxbbugxkfsbmqcjlbmjeaqyg/Build/Products/Debug-iphonesimulator/PackageFrameworks -F /Users/fukushimatakumi/Library/Developer/Xcode/DerivedData/SugarBeat-hgoxfxbbugxkfsbmqcjlbmjeaqyg/Build/Products/Debug-iphonesimulator/PackageFrameworks -F /Users/fukushimatakumi/Library/Developer/Xcode/DerivedData/SugarBeat-hgoxfxbbugxkfsbmqcjlbmjeaqyg/Build/Products/Debug-iphonesimulator/PackageFrameworks -F /Users/fukushimatakumi/Library/Developer/Xcode/DerivedData/SugarBeat-hgoxfxbbugxkfsbmqcjlbmjeaqyg/Build/Products/Debug-iphonesimulator/PackageFrameworks -F /Users/fukushimatakumi/Library/Developer/Xcode/DerivedData/SugarBeat-hgoxfxbbugxkfsbmqcjlbmjeaqyg/Build/Products/Debug-iphonesimulator/PackageFrameworks -F /Users/fukushimatakumi/Library/Developer/Xcode/DerivedData/SugarBeat-hgoxfxbbugxkfsbmqcjlbmjeaqyg/Build/Products/Debug-iphonesimulator/PackageFrameworks -F /Users/fukushimatakumi/Library/Developer/Xcode/DerivedData/SugarBeat-hgoxfxbbugxkfsbmqcjlbmjeaqyg/Build/Products/Debug-iphonesimulator/PackageFrameworks -F /Users/fukushimatakumi/Library/Developer/Xcode/DerivedData/SugarBeat-hgoxfxbbugxkfsbmqcjlbmjeaqyg/Build/Products/Debug-iphonesimulator/PackageFrameworks -F /Users/fukushimatakumi/Library/Developer/Xcode/DerivedData/SugarBeat-hgoxfxbbugxkfsbmqcjlbmjeaqyg/Build/Products/Debug-iphonesimulator/PackageFrameworks -F /Users/fukushimatakumi/Library/Developer/Xcode/DerivedData/SugarBeat-hgoxfxbbugxkfsbmqcjlbmjeaqyg/Build/Products/Debug-iphonesimulator/PackageFrameworks -F /Users/fukushimatakumi/Library/Developer/Xcode/DerivedData/SugarBeat-hgoxfxbbugxkfsbmqcjlbmjeaqyg/Build/Products/Debug-iphonesimulator/PackageFrameworks -F /Users/fukushimatakumi/Library/Developer/Xcode/DerivedData/SugarBeat-hgoxfxbbugxkfsbmqcjlbmjeaqyg/Build/Products/Debug-iphonesimulator/PackageFrameworks -F /Users/fukushimatakumi/Library/Developer/Xcode/DerivedData/SugarBeat-hgoxfxbbugxkfsbmqcjlbmjeaqyg/Build/Products/Debug-iphonesimulator/PackageFrameworks -F /Users/fukushimatakumi/Library/Developer/Xcode/DerivedData/SugarBeat-hgoxfxbbugxkfsbmqcjlbmjeaqyg/Build/Products/Debug-iphonesimulator/PackageFrameworks -F /Users/fukushimatakumi/Library/Developer/Xcode/DerivedData/SugarBeat-hgoxfxbbugxkfsbmqcjlbmjeaqyg/Build/Products/Debug-iphonesimulator -F /Applications/Xcode.app/Contents/Developer/Platforms/iPhoneSimulator.platform/Developer/Library/Frameworks -F /Applications/Xcode.app/Contents/Developer/Platforms/iPhoneSimulator.platform/Developer/SDKs/iPhoneSimulator18.4.sdk/Developer/Library/Frameworks -c -j10 -enable-batch-mode -incremental -Xcc -ivfsstatcache -Xcc /Users/fukushimatakumi/Library/Developer/Xcode/DerivedData/SDKStatCaches.noindex/iphonesimulator18.4-22E235-71825a6d136aa4733edcbe86ece5525b.sdkstatcache -output-file-map /Users/fukushimatakumi/Library/Developer/Xcode/DerivedData/SugarBeat-hgoxfxbbugxkfsbmqcjlbmjeaqyg/Build/Intermediates.noindex/Firebase.build/Debug-iphonesimulator/FirebaseFirestore.build/Objects-normal/arm64/FirebaseFirestore-OutputFileMap.json -use-frontend-parseable-output -save-temps -no-color-diagnostics -serialize-diagnostics -emit-dependencies -emit-module -emit-module-path /Users/fukushimatakumi/Library/Developer/Xcode/DerivedData/SugarBeat-hgoxfxbbugxkfsbmqcjlbmjeaqyg/Build/Intermediates.noindex/Firebase.build/Debug-iphonesimulator/FirebaseFirestore.build/Objects-normal/arm64/FirebaseFirestore.swiftmodule -user-module-version 12.7.0 -validate-clang-modules-once -clang-build-session-file /Users/fukushimatakumi/Library/Developer/Xcode/DerivedData/ModuleCache.noindex/Session.modulevalidation -package-name firebase_ios_sdk -Xcc -I/Users/fukushimatakumi/Library/Developer/Xcode/DerivedData/SugarBeat-hgoxfxbbugxkfsbmqcjlbmjeaqyg/Build/Intermediates.noindex/Firebase.build/Debug-iphonesimulator/FirebaseFirestore.build/swift-overrides.hmap -emit-const-values -Xfrontend -const-gather-protocols-file -Xfrontend /Users/fukushimatakumi/Library/Developer/Xcode/DerivedData/SugarBeat-hgoxfxbbugxkfsbmqcjlbmjeaqyg/Build/Intermediates.noindex/Firebase.build/Debug-iphonesimulator/FirebaseFirestore.build/Objects-normal/arm64/FirebaseFirestore_const_extract_protocols.json -Xcc -I/Users/fukushimatakumi/Library/Developer/Xcode/DerivedData/SugarBeat-hgoxfxbbugxkfsbmqcjlbmjeaqyg/SourcePackages/checkouts/GoogleUtilities/GoogleUtilities/NSData+zlib/Public -Xcc -I/Users/fukushimatakumi/Library/Developer/Xcode/DerivedData/SugarBeat-hgoxfxbbugxkfsbmqcjlbmjeaqyg/SourcePackages/checkouts/GoogleUtilities/GoogleUtilities/Environment/Public -Xcc -I/Users/fukushimatakumi/Library/Developer/Xcode/DerivedData/SugarBeat-hgoxfxbbugxkfsbmqcjlbmjeaqyg/SourcePackages/checkouts/GoogleUtilities/third_party/IsAppEncrypted/Public -Xcc -I/Users/fukushimatakumi/Library/Developer/Xcode/DerivedData/SugarBeat-hgoxfxbbugxkfsbmqcjlbmjeaqyg/SourcePackages/checkouts/GoogleUtilities/GoogleUtilities/Logger/Public -Xcc -I/Users/fukushimatakumi/Library/Developer/Xcode/DerivedData/SugarBeat-hgoxfxbbugxkfsbmqcjlbmjeaqyg/SourcePackages/checkouts/abseil-cpp-binary/absl-Wrapper/include -Xcc -I/Users/fukushimatakumi/Library/Developer/Xcode/DerivedData/SugarBeat-hgoxfxbbugxkfsbmqcjlbmjeaqyg/SourcePackages/checkouts/grpc-binary/openssl-grpc-Wrapper/include -Xcc -I/Users/fukushimatakumi/Library/Developer/Xcode/DerivedData/SugarBeat-hgoxfxbbugxkfsbmqcjlbmjeaqyg/SourcePackages/checkouts/grpc-binary/grpc-Wrapper/include -Xcc -I/Users/fukushimatakumi/Library/Developer/Xcode/DerivedData/SugarBeat-hgoxfxbbugxkfsbmqcjlbmjeaqyg/SourcePackages/checkouts/grpc-binary/grpcpp-Wrapper/include -Xcc -I/Users/fukushimatakumi/Library/Developer/Xcode/DerivedData/SugarBeat-hgoxfxbbugxkfsbmqcjlbmjeaqyg/SourcePackages/checkouts/nanopb/spm_headers -Xcc -I/Users/fukushimatakumi/Library/Developer/Xcode/DerivedData/SugarBeat-hgoxfxbbugxkfsbmqcjlbmjeaqyg/SourcePackages/checkouts/leveldb/include -Xcc -I/Users/fukushimatakumi/Library/Developer/Xcode/DerivedData/SugarBeat-hgoxfxbbugxkfsbmqcjlbmjeaqyg/SourcePackages/checkouts/firebase-ios-sdk/FirebaseCore/Extension -Xcc -I/Users/fukushimatakumi/Library/Developer/Xcode/DerivedData/SugarBeat-hgoxfxbbugxkfsbmqcjlbmjeaqyg/SourcePackages/checkouts/firebase-ios-sdk/FirebaseCore/Sources/Public -Xcc -I/Users/fukushimatakumi/Library/Developer/Xcode/DerivedData/SugarBeat-hgoxfxbbugxkfsbmqcjlbmjeaqyg/SourcePackages/checkouts/firebase-ios-sdk/CoreOnly/Sources -Xcc -I/Users/fukushimatakumi/Library/Developer/Xcode/DerivedData/SugarBeat-hgoxfxbbugxkfsbmqcjlbmjeaqyg/SourcePackages/checkouts/firebase-ios-sdk/FirebaseAppCheck/Interop/Public -Xcc -I/Users/fukushimatakumi/Library/Developer/Xcode/DerivedData/SugarBeat-hgoxfxbbugxkfsbmqcjlbmjeaqyg/SourcePackages/checkouts/firebase-ios-sdk/FirebaseFirestoreInternal -Xcc -I/Users/fukushimatakumi/Library/Developer/Xcode/DerivedData/SugarBeat-hgoxfxbbugxkfsbmqcjlbmjeaqyg/Build/Products/Debug-iphonesimulator/include -Xcc -I/Users/fukushimatakumi/Library/Developer/Xcode/DerivedData/SugarBeat-hgoxfxbbugxkfsbmqcjlbmjeaqyg/Build/Intermediates.noindex/Firebase.build/Debug-iphonesimulator/FirebaseFirestore.build/DerivedSources-normal/arm64 -Xcc -I/Users/fukushimatakumi/Library/Developer/Xcode/DerivedData/SugarBeat-hgoxfxbbugxkfsbmqcjlbmjeaqyg/Build/Intermediates.noindex/Firebase.build/Debug-iphonesimulator/FirebaseFirestore.build/DerivedSources/arm64 -Xcc -I/Users/fukushimatakumi/Library/Developer/Xcode/DerivedData/SugarBeat-hgoxfxbbugxkfsbmqcjlbmjeaqyg/Build/Intermediates.noindex/Firebase.build/Debug-iphonesimulator/FirebaseFirestore.build/DerivedSources -Xcc -DSWIFT_PACKAGE -Xcc -DDEBUG\=1 -emit-objc-header -emit-objc-header-path /Users/fukushimatakumi/Library/Developer/Xcode/DerivedData/SugarBeat-hgoxfxbbugxkfsbmqcjlbmjeaqyg/Build/Intermediates.noindex/Firebase.build/Debug-iphonesimulator/FirebaseFirestore.build/Objects-normal/arm64/FirebaseFirestore-Swift.h -working-directory /Users/fukushimatakumi/develop/sugarbeat/sugarbeat-front -experimental-emit-module-separately -disable-cmo

Ld /Users/fukushimatakumi/Library/Developer/Xcode/DerivedData/SugarBeat-hgoxfxbbugxkfsbmqcjlbmjeaqyg/Build/Products/Debug-iphonesimulator/AppAuthCore.o normal (in target 'AppAuthCore' from project 'AppAuth')
    cd /Users/fukushimatakumi/Library/Developer/Xcode/DerivedData/SugarBeat-hgoxfxbbugxkfsbmqcjlbmjeaqyg/SourcePackages/checkouts/AppAuth-iOS
    /Applications/Xcode.app/Contents/Developer/Toolchains/XcodeDefault.xctoolchain/usr/bin/clang -Xlinker -reproducible -target arm64-apple-ios12.0-simulator -r -isysroot /Applications/Xcode.app/Contents/Developer/Platforms/iPhoneSimulator.platform/Developer/SDKs/iPhoneSimulator18.4.sdk -O0 -w -L/Users/fukushimatakumi/Library/Developer/Xcode/DerivedData/SugarBeat-hgoxfxbbugxkfsbmqcjlbmjeaqyg/Build/Intermediates.noindex/EagerLinkingTBDs/Debug-iphonesimulator -L/Users/fukushimatakumi/Library/Developer/Xcode/DerivedData/SugarBeat-hgoxfxbbugxkfsbmqcjlbmjeaqyg/Build/Products/Debug-iphonesimulator -L/Applications/Xcode.app/Contents/Developer/Platforms/iPhoneSimulator.platform/Developer/usr/lib -F/Users/fukushimatakumi/Library/Developer/Xcode/DerivedData/SugarBeat-hgoxfxbbugxkfsbmqcjlbmjeaqyg/Build/Intermediates.noindex/EagerLinkingTBDs/Debug-iphonesimulator -F/Users/fukushimatakumi/Library/Developer/Xcode/DerivedData/SugarBeat-hgoxfxbbugxkfsbmqcjlbmjeaqyg/Build/Products/Debug-iphonesimulator -iframework /Applications/Xcode.app/Contents/Developer/Platforms/iPhoneSimulator.platform/Developer/Library/Frameworks -iframework /Applications/Xcode.app/Contents/Developer/Platforms/iPhoneSimulator.platform/Developer/SDKs/iPhoneSimulator18.4.sdk/Developer/Library/Frameworks -filelist /Users/fukushimatakumi/Library/Developer/Xcode/DerivedData/SugarBeat-hgoxfxbbugxkfsbmqcjlbmjeaqyg/Build/Intermediates.noindex/AppAuth.build/Debug-iphonesimulator/AppAuthCore.build/Objects-normal/arm64/AppAuthCore.LinkFileList -nostdlib -Xlinker -object_path_lto -Xlinker /Users/fukushimatakumi/Library/Developer/Xcode/DerivedData/SugarBeat-hgoxfxbbugxkfsbmqcjlbmjeaqyg/Build/Intermediates.noindex/AppAuth.build/Debug-iphonesimulator/AppAuthCore.build/Objects-normal/arm64/AppAuthCore_lto.o -rdynamic -Xlinker -no_deduplicate -Xlinker -objc_abi_version -Xlinker 2 -Xlinker -dependency_info -Xlinker /Users/fukushimatakumi/Library/Developer/Xcode/DerivedData/SugarBeat-hgoxfxbbugxkfsbmqcjlbmjeaqyg/Build/Intermediates.noindex/AppAuth.build/Debug-iphonesimulator/AppAuthCore.build/Objects-normal/arm64/AppAuthCore_dependency_info.dat -fobjc-arc -fobjc-link-runtime -o /Users/fukushimatakumi/Library/Developer/Xcode/DerivedData/SugarBeat-hgoxfxbbugxkfsbmqcjlbmjeaqyg/Build/Products/Debug-iphonesimulator/AppAuthCore.o

RegisterExecutionPolicyException /Users/fukushimatakumi/Library/Developer/Xcode/DerivedData/SugarBeat-hgoxfxbbugxkfsbmqcjlbmjeaqyg/Build/Products/Debug-iphonesimulator/nanopb.o (in target 'nanopb' from project 'nanopb')
    cd /Users/fukushimatakumi/Library/Developer/Xcode/DerivedData/SugarBeat-hgoxfxbbugxkfsbmqcjlbmjeaqyg/SourcePackages/checkouts/nanopb
    builtin-RegisterExecutionPolicyException /Users/fukushimatakumi/Library/Developer/Xcode/DerivedData/SugarBeat-hgoxfxbbugxkfsbmqcjlbmjeaqyg/Build/Products/Debug-iphonesimulator/nanopb.o

RegisterExecutionPolicyException /Users/fukushimatakumi/Library/Developer/Xcode/DerivedData/SugarBeat-hgoxfxbbugxkfsbmqcjlbmjeaqyg/Build/Products/Debug-iphonesimulator/FirebaseSharedSwift.o (in target 'FirebaseSharedSwift' from project 'Firebase')
    cd /Users/fukushimatakumi/Library/Developer/Xcode/DerivedData/SugarBeat-hgoxfxbbugxkfsbmqcjlbmjeaqyg/SourcePackages/checkouts/firebase-ios-sdk
    builtin-RegisterExecutionPolicyException /Users/fukushimatakumi/Library/Developer/Xcode/DerivedData/SugarBeat-hgoxfxbbugxkfsbmqcjlbmjeaqyg/Build/Products/Debug-iphonesimulator/FirebaseSharedSwift.o

Ld /Users/fukushimatakumi/Library/Developer/Xcode/DerivedData/SugarBeat-hgoxfxbbugxkfsbmqcjlbmjeaqyg/Build/Products/Debug-iphonesimulator/GoogleMobileAdsTarget.o normal (in target 'GoogleMobileAdsTarget' from project 'GoogleMobileAds')
    cd /Users/fukushimatakumi/Library/Developer/Xcode/DerivedData/SugarBeat-hgoxfxbbugxkfsbmqcjlbmjeaqyg/SourcePackages/checkouts/swift-package-manager-google-mobile-ads
    /Applications/Xcode.app/Contents/Developer/Toolchains/XcodeDefault.xctoolchain/usr/bin/clang -Xlinker -reproducible -target arm64-apple-ios12.0-simulator -r -isysroot /Applications/Xcode.app/Contents/Developer/Platforms/iPhoneSimulator.platform/Developer/SDKs/iPhoneSimulator18.4.sdk -O0 -w -L/Users/fukushimatakumi/Library/Developer/Xcode/DerivedData/SugarBeat-hgoxfxbbugxkfsbmqcjlbmjeaqyg/Build/Intermediates.noindex/EagerLinkingTBDs/Debug-iphonesimulator -L/Users/fukushimatakumi/Library/Developer/Xcode/DerivedData/SugarBeat-hgoxfxbbugxkfsbmqcjlbmjeaqyg/Build/Products/Debug-iphonesimulator -L/Applications/Xcode.app/Contents/Developer/Platforms/iPhoneSimulator.platform/Developer/usr/lib -F/Users/fukushimatakumi/Library/Developer/Xcode/DerivedData/SugarBeat-hgoxfxbbugxkfsbmqcjlbmjeaqyg/Build/Intermediates.noindex/EagerLinkingTBDs/Debug-iphonesimulator -F/Users/fukushimatakumi/Library/Developer/Xcode/DerivedData/SugarBeat-hgoxfxbbugxkfsbmqcjlbmjeaqyg/Build/Products/Debug-iphonesimulator/PackageFrameworks -F/Users/fukushimatakumi/Library/Developer/Xcode/DerivedData/SugarBeat-hgoxfxbbugxkfsbmqcjlbmjeaqyg/Build/Products/Debug-iphonesimulator -iframework /Applications/Xcode.app/Contents/Developer/Platforms/iPhoneSimulator.platform/Developer/Library/Frameworks -iframework /Applications/Xcode.app/Contents/Developer/Platforms/iPhoneSimulator.platform/Developer/SDKs/iPhoneSimulator18.4.sdk/Developer/Library/Frameworks -filelist /Users/fukushimatakumi/Library/Developer/Xcode/DerivedData/SugarBeat-hgoxfxbbugxkfsbmqcjlbmjeaqyg/Build/Intermediates.noindex/GoogleMobileAds.build/Debug-iphonesimulator/GoogleMobileAdsTarget.build/Objects-normal/arm64/GoogleMobileAdsTarget.LinkFileList -nostdlib -Xlinker -object_path_lto -Xlinker /Users/fukushimatakumi/Library/Developer/Xcode/DerivedData/SugarBeat-hgoxfxbbugxkfsbmqcjlbmjeaqyg/Build/Intermediates.noindex/GoogleMobileAds.build/Debug-iphonesimulator/GoogleMobileAdsTarget.build/Objects-normal/arm64/GoogleMobileAdsTarget_lto.o -rdynamic -Xlinker -no_deduplicate -Xlinker -objc_abi_version -Xlinker 2 -Xlinker -dependency_info -Xlinker /Users/fukushimatakumi/Library/Developer/Xcode/DerivedData/SugarBeat-hgoxfxbbugxkfsbmqcjlbmjeaqyg/Build/Intermediates.noindex/GoogleMobileAds.build/Debug-iphonesimulator/GoogleMobileAdsTarget.build/Objects-normal/arm64/GoogleMobileAdsTarget_dependency_info.dat -fobjc-link-runtime -L/Applications/Xcode.app/Contents/Developer/Toolchains/XcodeDefault.xctoolchain/usr/lib/swift/iphonesimulator -L/usr/lib/swift -Xlinker -add_ast_path -Xlinker /Users/fukushimatakumi/Library/Developer/Xcode/DerivedData/SugarBeat-hgoxfxbbugxkfsbmqcjlbmjeaqyg/Build/Intermediates.noindex/GoogleMobileAds.build/Debug-iphonesimulator/GoogleMobileAdsTarget.build/Objects-normal/arm64/GoogleMobileAdsTarget.swiftmodule -o /Users/fukushimatakumi/Library/Developer/Xcode/DerivedData/SugarBeat-hgoxfxbbugxkfsbmqcjlbmjeaqyg/Build/Products/Debug-iphonesimulator/GoogleMobileAdsTarget.o

RegisterExecutionPolicyException /Users/fukushimatakumi/Library/Developer/Xcode/DerivedData/SugarBeat-hgoxfxbbugxkfsbmqcjlbmjeaqyg/Build/Products/Debug-iphonesimulator/abslWrapper.o (in target 'abslWrapper' from project 'abseil')
    cd /Users/fukushimatakumi/Library/Developer/Xcode/DerivedData/SugarBeat-hgoxfxbbugxkfsbmqcjlbmjeaqyg/SourcePackages/checkouts/abseil-cpp-binary
    builtin-RegisterExecutionPolicyException /Users/fukushimatakumi/Library/Developer/Xcode/DerivedData/SugarBeat-hgoxfxbbugxkfsbmqcjlbmjeaqyg/Build/Products/Debug-iphonesimulator/abslWrapper.o

RegisterExecutionPolicyException /Users/fukushimatakumi/Library/Developer/Xcode/DerivedData/SugarBeat-hgoxfxbbugxkfsbmqcjlbmjeaqyg/Build/Products/Debug-iphonesimulator/opensslWrapper.o (in target 'opensslWrapper' from project 'gRPC')
    cd /Users/fukushimatakumi/Library/Developer/Xcode/DerivedData/SugarBeat-hgoxfxbbugxkfsbmqcjlbmjeaqyg/SourcePackages/checkouts/grpc-binary
    builtin-RegisterExecutionPolicyException /Users/fukushimatakumi/Library/Developer/Xcode/DerivedData/SugarBeat-hgoxfxbbugxkfsbmqcjlbmjeaqyg/Build/Products/Debug-iphonesimulator/opensslWrapper.o

RegisterExecutionPolicyException /Users/fukushimatakumi/Library/Developer/Xcode/DerivedData/SugarBeat-hgoxfxbbugxkfsbmqcjlbmjeaqyg/Build/Products/Debug-iphonesimulator/leveldb.o (in target 'leveldb' from project 'leveldb')
    cd /Users/fukushimatakumi/Library/Developer/Xcode/DerivedData/SugarBeat-hgoxfxbbugxkfsbmqcjlbmjeaqyg/SourcePackages/checkouts/leveldb
    builtin-RegisterExecutionPolicyException /Users/fukushimatakumi/Library/Developer/Xcode/DerivedData/SugarBeat-hgoxfxbbugxkfsbmqcjlbmjeaqyg/Build/Products/Debug-iphonesimulator/leveldb.o

CompileC /Users/fukushimatakumi/Library/Developer/Xcode/DerivedData/SugarBeat-hgoxfxbbugxkfsbmqcjlbmjeaqyg/Build/Intermediates.noindex/gRPC.build/Debug-iphonesimulator/grpcppWrapper.build/Objects-normal/arm64/empty.o /Users/fukushimatakumi/Library/Developer/Xcode/DerivedData/SugarBeat-hgoxfxbbugxkfsbmqcjlbmjeaqyg/SourcePackages/checkouts/grpc-binary/grpcpp-Wrapper/empty.m normal arm64 objective-c com.apple.compilers.llvm.clang.1_0.compiler (in target 'grpcppWrapper' from project 'gRPC')
    cd /Users/fukushimatakumi/develop/sugarbeat/sugarbeat-front
    
    Using response file: /Users/fukushimatakumi/Library/Developer/Xcode/DerivedData/SugarBeat-hgoxfxbbugxkfsbmqcjlbmjeaqyg/Build/Intermediates.noindex/gRPC.build/Debug-iphonesimulator/grpcppWrapper.build/Objects-normal/arm64/e6072d4f65d7061329687fe24e3d63a7-common-args.resp
    
    /Applications/Xcode.app/Contents/Developer/Toolchains/XcodeDefault.xctoolchain/usr/bin/clang -x objective-c -ivfsstatcache /Users/fukushimatakumi/Library/Developer/Xcode/DerivedData/SDKStatCaches.noindex/iphonesimulator18.4-22E235-71825a6d136aa4733edcbe86ece5525b.sdkstatcache -fmessage-length\=0 -fdiagnostics-show-note-include-stack -fmacro-backtrace-limit\=0 -fno-color-diagnostics -fmodules-prune-interval\=86400 -fmodules-prune-after\=345600 -fbuild-session-file\=/Users/fukushimatakumi/Library/Developer/Xcode/DerivedData/ModuleCache.noindex/Session.modulevalidation -fmodules-validate-once-per-build-session -Wnon-modular-include-in-framework-module -Werror\=non-modular-include-in-framework-module -Wno-trigraphs -Wno-missing-field-initializers -Wno-missing-prototypes -Wno-return-type -Wno-implicit-atomic-properties -Wno-objc-interface-ivars -Wno-arc-repeated-use-of-weak -Wno-missing-braces -Wparentheses -Wswitch -Wno-unused-function -Wno-unused-label -Wno-unused-parameter -Wno-unused-variable -Wunused-value -Wno-empty-body -Wno-uninitialized -Wno-unknown-pragmas -w -Wno-shadow -Wno-four-char-constants -Wno-conversion -Wno-constant-conversion -Wno-int-conversion -Wno-bool-conversion -Wno-enum-conversion -Wno-float-conversion -Wno-non-literal-null-conversion -Wno-objc-literal-conversion -Wshorten-64-to-32 -Wpointer-sign -Wno-newline-eof -Wno-selector -Wno-strict-selector-match -Wno-undeclared-selector -Wno-deprecated-implementations -Wno-implicit-fallthrough -fstrict-aliasing -Wprotocol -Wdeprecated-declarations -Wno-sign-conversion -Wno-infinite-recursion -Wno-comma -Wno-block-capture-autoreleasing -Wno-strict-prototypes -Wno-semicolon-before-method-body -index-store-path /Users/fukushimatakumi/Library/Developer/Xcode/DerivedData/SugarBeat-hgoxfxbbugxkfsbmqcjlbmjeaqyg/Index.noindex/DataStore @/Users/fukushimatakumi/Library/Developer/Xcode/DerivedData/SugarBeat-hgoxfxbbugxkfsbmqcjlbmjeaqyg/Build/Intermediates.noindex/gRPC.build/Debug-iphonesimulator/grpcppWrapper.build/Objects-normal/arm64/e6072d4f65d7061329687fe24e3d63a7-common-args.resp -include /Users/fukushimatakumi/Library/Developer/Xcode/DerivedData/SugarBeat-hgoxfxbbugxkfsbmqcjlbmjeaqyg/Build/Intermediates.noindex/gRPC.build/Debug-iphonesimulator/grpcppWrapper.build/DerivedSources/resource_bundle_accessor.h -MMD -MT dependencies -MF /Users/fukushimatakumi/Library/Developer/Xcode/DerivedData/SugarBeat-hgoxfxbbugxkfsbmqcjlbmjeaqyg/Build/Intermediates.noindex/gRPC.build/Debug-iphonesimulator/grpcppWrapper.build/Objects-normal/arm64/empty.d --serialize-diagnostics /Users/fukushimatakumi/Library/Developer/Xcode/DerivedData/SugarBeat-hgoxfxbbugxkfsbmqcjlbmjeaqyg/Build/Intermediates.noindex/gRPC.build/Debug-iphonesimulator/grpcppWrapper.build/Objects-normal/arm64/empty.dia -c /Users/fukushimatakumi/Library/Developer/Xcode/DerivedData/SugarBeat-hgoxfxbbugxkfsbmqcjlbmjeaqyg/SourcePackages/checkouts/grpc-binary/grpcpp-Wrapper/empty.m -o /Users/fukushimatakumi/Library/Developer/Xcode/DerivedData/SugarBeat-hgoxfxbbugxkfsbmqcjlbmjeaqyg/Build/Intermediates.noindex/gRPC.build/Debug-iphonesimulator/grpcppWrapper.build/Objects-normal/arm64/empty.o -index-unit-output-path /gRPC.build/Debug-iphonesimulator/grpcppWrapper.build/Objects-normal/arm64/empty.o

RegisterExecutionPolicyException /Users/fukushimatakumi/Library/Developer/Xcode/DerivedData/SugarBeat-hgoxfxbbugxkfsbmqcjlbmjeaqyg/Build/Products/Debug-iphonesimulator/GoogleUtilities-NSData.o (in target 'GoogleUtilities-NSData' from project 'GoogleUtilities')
    cd /Users/fukushimatakumi/Library/Developer/Xcode/DerivedData/SugarBeat-hgoxfxbbugxkfsbmqcjlbmjeaqyg/SourcePackages/checkouts/GoogleUtilities
    builtin-RegisterExecutionPolicyException /Users/fukushimatakumi/Library/Developer/Xcode/DerivedData/SugarBeat-hgoxfxbbugxkfsbmqcjlbmjeaqyg/Build/Products/Debug-iphonesimulator/GoogleUtilities-NSData.o

RegisterExecutionPolicyException /Users/fukushimatakumi/Library/Developer/Xcode/DerivedData/SugarBeat-hgoxfxbbugxkfsbmqcjlbmjeaqyg/Build/Products/Debug-iphonesimulator/FirebaseFirestoreInternalWrapper.o (in target 'FirebaseFirestoreInternalWrapper' from project 'Firebase')
    cd /Users/fukushimatakumi/Library/Developer/Xcode/DerivedData/SugarBeat-hgoxfxbbugxkfsbmqcjlbmjeaqyg/SourcePackages/checkouts/firebase-ios-sdk
    builtin-RegisterExecutionPolicyException /Users/fukushimatakumi/Library/Developer/Xcode/DerivedData/SugarBeat-hgoxfxbbugxkfsbmqcjlbmjeaqyg/Build/Products/Debug-iphonesimulator/FirebaseFirestoreInternalWrapper.o

RegisterExecutionPolicyException /Users/fukushimatakumi/Library/Developer/Xcode/DerivedData/SugarBeat-hgoxfxbbugxkfsbmqcjlbmjeaqyg/Build/Products/Debug-iphonesimulator/FBLPromises.o (in target 'FBLPromises' from project 'Promises')
    cd /Users/fukushimatakumi/Library/Developer/Xcode/DerivedData/SugarBeat-hgoxfxbbugxkfsbmqcjlbmjeaqyg/SourcePackages/checkouts/promises
    builtin-RegisterExecutionPolicyException /Users/fukushimatakumi/Library/Developer/Xcode/DerivedData/SugarBeat-hgoxfxbbugxkfsbmqcjlbmjeaqyg/Build/Products/Debug-iphonesimulator/FBLPromises.o

SwiftEmitModule normal arm64 Emitting\ module\ for\ FirebaseFirestore (in target 'FirebaseFirestore' from project 'Firebase')
EmitSwiftModule normal arm64 (in target 'FirebaseFirestore' from project 'Firebase')
    cd /Users/fukushimatakumi/develop/sugarbeat/sugarbeat-front
    

CompileC /Users/fukushimatakumi/Library/Developer/Xcode/DerivedData/SugarBeat-hgoxfxbbugxkfsbmqcjlbmjeaqyg/Build/Intermediates.noindex/gRPC.build/Debug-iphonesimulator/grpcppWrapper.build/Objects-normal/arm64/resource_bundle_accessor.o /Users/fukushimatakumi/Library/Developer/Xcode/DerivedData/SugarBeat-hgoxfxbbugxkfsbmqcjlbmjeaqyg/Build/Intermediates.noindex/gRPC.build/Debug-iphonesimulator/grpcppWrapper.build/DerivedSources/resource_bundle_accessor.m normal arm64 objective-c com.apple.compilers.llvm.clang.1_0.compiler (in target 'grpcppWrapper' from project 'gRPC')
    cd /Users/fukushimatakumi/develop/sugarbeat/sugarbeat-front
    
    Using response file: /Users/fukushimatakumi/Library/Developer/Xcode/DerivedData/SugarBeat-hgoxfxbbugxkfsbmqcjlbmjeaqyg/Build/Intermediates.noindex/gRPC.build/Debug-iphonesimulator/grpcppWrapper.build/Objects-normal/arm64/e6072d4f65d7061329687fe24e3d63a7-common-args.resp
    
    /Applications/Xcode.app/Contents/Developer/Toolchains/XcodeDefault.xctoolchain/usr/bin/clang -x objective-c -ivfsstatcache /Users/fukushimatakumi/Library/Developer/Xcode/DerivedData/SDKStatCaches.noindex/iphonesimulator18.4-22E235-71825a6d136aa4733edcbe86ece5525b.sdkstatcache -fmessage-length\=0 -fdiagnostics-show-note-include-stack -fmacro-backtrace-limit\=0 -fno-color-diagnostics -fmodules-prune-interval\=86400 -fmodules-prune-after\=345600 -fbuild-session-file\=/Users/fukushimatakumi/Library/Developer/Xcode/DerivedData/ModuleCache.noindex/Session.modulevalidation -fmodules-validate-once-per-build-session -Wnon-modular-include-in-framework-module -Werror\=non-modular-include-in-framework-module -Wno-trigraphs -Wno-missing-field-initializers -Wno-missing-prototypes -Wno-return-type -Wno-implicit-atomic-properties -Wno-objc-interface-ivars -Wno-arc-repeated-use-of-weak -Wno-missing-braces -Wparentheses -Wswitch -Wno-unused-function -Wno-unused-label -Wno-unused-parameter -Wno-unused-variable -Wunused-value -Wno-empty-body -Wno-uninitialized -Wno-unknown-pragmas -w -Wno-shadow -Wno-four-char-constants -Wno-conversion -Wno-constant-conversion -Wno-int-conversion -Wno-bool-conversion -Wno-enum-conversion -Wno-float-conversion -Wno-non-literal-null-conversion -Wno-objc-literal-conversion -Wshorten-64-to-32 -Wpointer-sign -Wno-newline-eof -Wno-selector -Wno-strict-selector-match -Wno-undeclared-selector -Wno-deprecated-implementations -Wno-implicit-fallthrough -fstrict-aliasing -Wprotocol -Wdeprecated-declarations -Wno-sign-conversion -Wno-infinite-recursion -Wno-comma -Wno-block-capture-autoreleasing -Wno-strict-prototypes -Wno-semicolon-before-method-body -index-store-path /Users/fukushimatakumi/Library/Developer/Xcode/DerivedData/SugarBeat-hgoxfxbbugxkfsbmqcjlbmjeaqyg/Index.noindex/DataStore @/Users/fukushimatakumi/Library/Developer/Xcode/DerivedData/SugarBeat-hgoxfxbbugxkfsbmqcjlbmjeaqyg/Build/Intermediates.noindex/gRPC.build/Debug-iphonesimulator/grpcppWrapper.build/Objects-normal/arm64/e6072d4f65d7061329687fe24e3d63a7-common-args.resp -include /Users/fukushimatakumi/Library/Developer/Xcode/DerivedData/SugarBeat-hgoxfxbbugxkfsbmqcjlbmjeaqyg/Build/Intermediates.noindex/gRPC.build/Debug-iphonesimulator/grpcppWrapper.build/DerivedSources/resource_bundle_accessor.h -MMD -MT dependencies -MF /Users/fukushimatakumi/Library/Developer/Xcode/DerivedData/SugarBeat-hgoxfxbbugxkfsbmqcjlbmjeaqyg/Build/Intermediates.noindex/gRPC.build/Debug-iphonesimulator/grpcppWrapper.build/Objects-normal/arm64/resource_bundle_accessor.d --serialize-diagnostics /Users/fukushimatakumi/Library/Developer/Xcode/DerivedData/SugarBeat-hgoxfxbbugxkfsbmqcjlbmjeaqyg/Build/Intermediates.noindex/gRPC.build/Debug-iphonesimulator/grpcppWrapper.build/Objects-normal/arm64/resource_bundle_accessor.dia -c /Users/fukushimatakumi/Library/Developer/Xcode/DerivedData/SugarBeat-hgoxfxbbugxkfsbmqcjlbmjeaqyg/Build/Intermediates.noindex/gRPC.build/Debug-iphonesimulator/grpcppWrapper.build/DerivedSources/resource_bundle_accessor.m -o /Users/fukushimatakumi/Library/Developer/Xcode/DerivedData/SugarBeat-hgoxfxbbugxkfsbmqcjlbmjeaqyg/Build/Intermediates.noindex/gRPC.build/Debug-iphonesimulator/grpcppWrapper.build/Objects-normal/arm64/resource_bundle_accessor.o -index-unit-output-path /gRPC.build/Debug-iphonesimulator/grpcppWrapper.build/Objects-normal/arm64/resource_bundle_accessor.o

SwiftCompile normal arm64 Compiling\ DocumentReference+WriteEncodable.swift,\ DocumentSnapshot+ReadDecodable.swift,\ EncoderDecoder.swift /Users/fukushimatakumi/Library/Developer/Xcode/DerivedData/SugarBeat-hgoxfxbbugxkfsbmqcjlbmjeaqyg/SourcePackages/checkouts/firebase-ios-sdk/Firestore/Swift/Source/Codable/DocumentReference+WriteEncodable.swift /Users/fukushimatakumi/Library/Developer/Xcode/DerivedData/SugarBeat-hgoxfxbbugxkfsbmqcjlbmjeaqyg/SourcePackages/checkouts/firebase-ios-sdk/Firestore/Swift/Source/Codable/DocumentSnapshot+ReadDecodable.swift /Users/fukushimatakumi/Library/Developer/Xcode/DerivedData/SugarBeat-hgoxfxbbugxkfsbmqcjlbmjeaqyg/SourcePackages/checkouts/firebase-ios-sdk/Firestore/Swift/Source/Codable/EncoderDecoder.swift (in target 'FirebaseFirestore' from project 'Firebase')

SwiftCompile normal arm64 /Users/fukushimatakumi/Library/Developer/Xcode/DerivedData/SugarBeat-hgoxfxbbugxkfsbmqcjlbmjeaqyg/SourcePackages/checkouts/firebase-ios-sdk/Firestore/Swift/Source/Codable/DocumentReference+WriteEncodable.swift (in target 'FirebaseFirestore' from project 'Firebase')
    cd /Users/fukushimatakumi/develop/sugarbeat/sugarbeat-front
    

SwiftCompile normal arm64 /Users/fukushimatakumi/Library/Developer/Xcode/DerivedData/SugarBeat-hgoxfxbbugxkfsbmqcjlbmjeaqyg/SourcePackages/checkouts/firebase-ios-sdk/Firestore/Swift/Source/Codable/DocumentSnapshot+ReadDecodable.swift (in target 'FirebaseFirestore' from project 'Firebase')
    cd /Users/fukushimatakumi/develop/sugarbeat/sugarbeat-front
    

SwiftCompile normal arm64 /Users/fukushimatakumi/Library/Developer/Xcode/DerivedData/SugarBeat-hgoxfxbbugxkfsbmqcjlbmjeaqyg/SourcePackages/checkouts/firebase-ios-sdk/Firestore/Swift/Source/Codable/EncoderDecoder.swift (in target 'FirebaseFirestore' from project 'Firebase')
    cd /Users/fukushimatakumi/develop/sugarbeat/sugarbeat-front
    

SwiftCompile normal arm64 Compiling\ VectorValue+Swift.swift,\ SwiftHeaderWorkaround.swift /Users/fukushimatakumi/Library/Developer/Xcode/DerivedData/SugarBeat-hgoxfxbbugxkfsbmqcjlbmjeaqyg/SourcePackages/checkouts/firebase-ios-sdk/Firestore/Swift/Source/SwiftAPI/VectorValue+Swift.swift /Users/fukushimatakumi/Library/Developer/Xcode/DerivedData/SugarBeat-hgoxfxbbugxkfsbmqcjlbmjeaqyg/SourcePackages/checkouts/firebase-ios-sdk/Firestore/Swift/Source/SwiftHeaderWorkaround.swift (in target 'FirebaseFirestore' from project 'Firebase')

SwiftCompile normal arm64 /Users/fukushimatakumi/Library/Developer/Xcode/DerivedData/SugarBeat-hgoxfxbbugxkfsbmqcjlbmjeaqyg/SourcePackages/checkouts/firebase-ios-sdk/Firestore/Swift/Source/SwiftAPI/VectorValue+Swift.swift (in target 'FirebaseFirestore' from project 'Firebase')
    cd /Users/fukushimatakumi/develop/sugarbeat/sugarbeat-front
    

SwiftCompile normal arm64 /Users/fukushimatakumi/Library/Developer/Xcode/DerivedData/SugarBeat-hgoxfxbbugxkfsbmqcjlbmjeaqyg/SourcePackages/checkouts/firebase-ios-sdk/Firestore/Swift/Source/SwiftHeaderWorkaround.swift (in target 'FirebaseFirestore' from project 'Firebase')
    cd /Users/fukushimatakumi/develop/sugarbeat/sugarbeat-front
    

SwiftCompile normal arm64 Compiling\ ExplicitNull.swift,\ FieldValue+Encodable.swift,\ GeoPoint+Codable.swift /Users/fukushimatakumi/Library/Developer/Xcode/DerivedData/SugarBeat-hgoxfxbbugxkfsbmqcjlbmjeaqyg/SourcePackages/checkouts/firebase-ios-sdk/Firestore/Swift/Source/Codable/ExplicitNull.swift /Users/fukushimatakumi/Library/Developer/Xcode/DerivedData/SugarBeat-hgoxfxbbugxkfsbmqcjlbmjeaqyg/SourcePackages/checkouts/firebase-ios-sdk/Firestore/Swift/Source/Codable/FieldValue+Encodable.swift /Users/fukushimatakumi/Library/Developer/Xcode/DerivedData/SugarBeat-hgoxfxbbugxkfsbmqcjlbmjeaqyg/SourcePackages/checkouts/firebase-ios-sdk/Firestore/Swift/Source/Codable/GeoPoint+Codable.swift (in target 'FirebaseFirestore' from project 'Firebase')
SwiftCompile normal arm64 /Users/fukushimatakumi/Library/Developer/Xcode/DerivedData/SugarBeat-hgoxfxbbugxkfsbmqcjlbmjeaqyg/SourcePackages/checkouts/firebase-ios-sdk/Firestore/Swift/Source/Codable/ExplicitNull.swift (in target 'FirebaseFirestore' from project 'Firebase')
    cd /Users/fukushimatakumi/develop/sugarbeat/sugarbeat-front
    

SwiftCompile normal arm64 /Users/fukushimatakumi/Library/Developer/Xcode/DerivedData/SugarBeat-hgoxfxbbugxkfsbmqcjlbmjeaqyg/SourcePackages/checkouts/firebase-ios-sdk/Firestore/Swift/Source/Codable/FieldValue+Encodable.swift (in target 'FirebaseFirestore' from project 'Firebase')
    cd /Users/fukushimatakumi/develop/sugarbeat/sugarbeat-front
    

SwiftCompile normal arm64 /Users/fukushimatakumi/Library/Developer/Xcode/DerivedData/SugarBeat-hgoxfxbbugxkfsbmqcjlbmjeaqyg/SourcePackages/checkouts/firebase-ios-sdk/Firestore/Swift/Source/Codable/GeoPoint+Codable.swift (in target 'FirebaseFirestore' from project 'Firebase')
    cd /Users/fukushimatakumi/develop/sugarbeat/sugarbeat-front
    

SwiftCompile normal arm64 Compiling\ CodableErrors.swift,\ CodablePassThroughTypes.swift,\ CollectionReference+WriteEncodable.swift /Users/fukushimatakumi/Library/Developer/Xcode/DerivedData/SugarBeat-hgoxfxbbugxkfsbmqcjlbmjeaqyg/SourcePackages/checkouts/firebase-ios-sdk/Firestore/Swift/Source/Codable/CodableErrors.swift /Users/fukushimatakumi/Library/Developer/Xcode/DerivedData/SugarBeat-hgoxfxbbugxkfsbmqcjlbmjeaqyg/SourcePackages/checkouts/firebase-ios-sdk/Firestore/Swift/Source/Codable/CodablePassThroughTypes.swift /Users/fukushimatakumi/Library/Developer/Xcode/DerivedData/SugarBeat-hgoxfxbbugxkfsbmqcjlbmjeaqyg/SourcePackages/checkouts/firebase-ios-sdk/Firestore/Swift/Source/Codable/CollectionReference+WriteEncodable.swift (in target 'FirebaseFirestore' from project 'Firebase')

SwiftCompile normal arm64 /Users/fukushimatakumi/Library/Developer/Xcode/DerivedData/SugarBeat-hgoxfxbbugxkfsbmqcjlbmjeaqyg/SourcePackages/checkouts/firebase-ios-sdk/Firestore/Swift/Source/Codable/CodableErrors.swift (in target 'FirebaseFirestore' from project 'Firebase')
    cd /Users/fukushimatakumi/develop/sugarbeat/sugarbeat-front
    

SwiftCompile normal arm64 /Users/fukushimatakumi/Library/Developer/Xcode/DerivedData/SugarBeat-hgoxfxbbugxkfsbmqcjlbmjeaqyg/SourcePackages/checkouts/firebase-ios-sdk/Firestore/Swift/Source/Codable/CodablePassThroughTypes.swift (in target 'FirebaseFirestore' from project 'Firebase')
    cd /Users/fukushimatakumi/develop/sugarbeat/sugarbeat-front
    

SwiftCompile normal arm64 /Users/fukushimatakumi/Library/Developer/Xcode/DerivedData/SugarBeat-hgoxfxbbugxkfsbmqcjlbmjeaqyg/SourcePackages/checkouts/firebase-ios-sdk/Firestore/Swift/Source/Codable/CollectionReference+WriteEncodable.swift (in target 'FirebaseFirestore' from project 'Firebase')
    cd /Users/fukushimatakumi/develop/sugarbeat/sugarbeat-front
    

SwiftCompile normal arm64 Compiling\ resource_bundle_accessor.swift,\ CollectionReference+AsyncAwait.swift,\ Firestore+AsyncAwait.swift /Users/fukushimatakumi/Library/Developer/Xcode/DerivedData/SugarBeat-hgoxfxbbugxkfsbmqcjlbmjeaqyg/Build/Intermediates.noindex/Firebase.build/Debug-iphonesimulator/FirebaseFirestore.build/DerivedSources/resource_bundle_accessor.swift /Users/fukushimatakumi/Library/Developer/Xcode/DerivedData/SugarBeat-hgoxfxbbugxkfsbmqcjlbmjeaqyg/SourcePackages/checkouts/firebase-ios-sdk/Firestore/Swift/Source/AsyncAwait/CollectionReference+AsyncAwait.swift /Users/fukushimatakumi/Library/Developer/Xcode/DerivedData/SugarBeat-hgoxfxbbugxkfsbmqcjlbmjeaqyg/SourcePackages/checkouts/firebase-ios-sdk/Firestore/Swift/Source/AsyncAwait/Firestore+AsyncAwait.swift (in target 'FirebaseFirestore' from project 'Firebase')

SwiftCompile normal arm64 /Users/fukushimatakumi/Library/Developer/Xcode/DerivedData/SugarBeat-hgoxfxbbugxkfsbmqcjlbmjeaqyg/Build/Intermediates.noindex/Firebase.build/Debug-iphonesimulator/FirebaseFirestore.build/DerivedSources/resource_bundle_accessor.swift (in target 'FirebaseFirestore' from project 'Firebase')
    cd /Users/fukushimatakumi/develop/sugarbeat/sugarbeat-front
    

SwiftCompile normal arm64 /Users/fukushimatakumi/Library/Developer/Xcode/DerivedData/SugarBeat-hgoxfxbbugxkfsbmqcjlbmjeaqyg/SourcePackages/checkouts/firebase-ios-sdk/Firestore/Swift/Source/AsyncAwait/CollectionReference+AsyncAwait.swift (in target 'FirebaseFirestore' from project 'Firebase')
    cd /Users/fukushimatakumi/develop/sugarbeat/sugarbeat-front
    

SwiftCompile normal arm64 /Users/fukushimatakumi/Library/Developer/Xcode/DerivedData/SugarBeat-hgoxfxbbugxkfsbmqcjlbmjeaqyg/SourcePackages/checkouts/firebase-ios-sdk/Firestore/Swift/Source/AsyncAwait/Firestore+AsyncAwait.swift (in target 'FirebaseFirestore' from project 'Firebase')
    cd /Users/fukushimatakumi/develop/sugarbeat/sugarbeat-front
    

SwiftCompile normal arm64 Compiling\ DocumentID.swift,\ DocumentReference+Codable.swift,\ DocumentReference+ReadDecodable.swift /Users/fukushimatakumi/Library/Developer/Xcode/DerivedData/SugarBeat-hgoxfxbbugxkfsbmqcjlbmjeaqyg/SourcePackages/checkouts/firebase-ios-sdk/Firestore/Swift/Source/Codable/DocumentID.swift /Users/fukushimatakumi/Library/Developer/Xcode/DerivedData/SugarBeat-hgoxfxbbugxkfsbmqcjlbmjeaqyg/SourcePackages/checkouts/firebase-ios-sdk/Firestore/Swift/Source/Codable/DocumentReference+Codable.swift /Users/fukushimatakumi/Library/Developer/Xcode/DerivedData/SugarBeat-hgoxfxbbugxkfsbmqcjlbmjeaqyg/SourcePackages/checkouts/firebase-ios-sdk/Firestore/Swift/Source/Codable/DocumentReference+ReadDecodable.swift (in target 'FirebaseFirestore' from project 'Firebase')

SwiftCompile normal arm64 /Users/fukushimatakumi/Library/Developer/Xcode/DerivedData/SugarBeat-hgoxfxbbugxkfsbmqcjlbmjeaqyg/SourcePackages/checkouts/firebase-ios-sdk/Firestore/Swift/Source/Codable/DocumentID.swift (in target 'FirebaseFirestore' from project 'Firebase')
    cd /Users/fukushimatakumi/develop/sugarbeat/sugarbeat-front
    

SwiftCompile normal arm64 /Users/fukushimatakumi/Library/Developer/Xcode/DerivedData/SugarBeat-hgoxfxbbugxkfsbmqcjlbmjeaqyg/SourcePackages/checkouts/firebase-ios-sdk/Firestore/Swift/Source/Codable/DocumentReference+Codable.swift (in target 'FirebaseFirestore' from project 'Firebase')
    cd /Users/fukushimatakumi/develop/sugarbeat/sugarbeat-front
    

SwiftCompile normal arm64 /Users/fukushimatakumi/Library/Developer/Xcode/DerivedData/SugarBeat-hgoxfxbbugxkfsbmqcjlbmjeaqyg/SourcePackages/checkouts/firebase-ios-sdk/Firestore/Swift/Source/Codable/DocumentReference+ReadDecodable.swift (in target 'FirebaseFirestore' from project 'Firebase')
    cd /Users/fukushimatakumi/develop/sugarbeat/sugarbeat-front
    

SwiftCompile normal arm64 Compiling\ QueryPredicate.swift,\ FieldValue+Swift.swift /Users/fukushimatakumi/Library/Developer/Xcode/DerivedData/SugarBeat-hgoxfxbbugxkfsbmqcjlbmjeaqyg/SourcePackages/checkouts/firebase-ios-sdk/Firestore/Swift/Source/PropertyWrapper/QueryPredicate.swift /Users/fukushimatakumi/Library/Developer/Xcode/DerivedData/SugarBeat-hgoxfxbbugxkfsbmqcjlbmjeaqyg/SourcePackages/checkouts/firebase-ios-sdk/Firestore/Swift/Source/SwiftAPI/FieldValue+Swift.swift (in target 'FirebaseFirestore' from project 'Firebase')

SwiftCompile normal arm64 /Users/fukushimatakumi/Library/Developer/Xcode/DerivedData/SugarBeat-hgoxfxbbugxkfsbmqcjlbmjeaqyg/SourcePackages/checkouts/firebase-ios-sdk/Firestore/Swift/Source/PropertyWrapper/QueryPredicate.swift (in target 'FirebaseFirestore' from project 'Firebase')
    cd /Users/fukushimatakumi/develop/sugarbeat/sugarbeat-front
    

SwiftCompile normal arm64 /Users/fukushimatakumi/Library/Developer/Xcode/DerivedData/SugarBeat-hgoxfxbbugxkfsbmqcjlbmjeaqyg/SourcePackages/checkouts/firebase-ios-sdk/Firestore/Swift/Source/SwiftAPI/FieldValue+Swift.swift (in target 'FirebaseFirestore' from project 'Firebase')
    cd /Users/fukushimatakumi/develop/sugarbeat/sugarbeat-front
    

CompileC /Users/fukushimatakumi/Library/Developer/Xcode/DerivedData/SugarBeat-hgoxfxbbugxkfsbmqcjlbmjeaqyg/Build/Intermediates.noindex/Firebase.build/Debug-iphonesimulator/FirebaseCore.build/Objects-normal/arm64/FIRApp.o /Users/fukushimatakumi/Library/Developer/Xcode/DerivedData/SugarBeat-hgoxfxbbugxkfsbmqcjlbmjeaqyg/SourcePackages/checkouts/firebase-ios-sdk/FirebaseCore/Sources/FIRApp.m normal arm64 objective-c com.apple.compilers.llvm.clang.1_0.compiler (in target 'FirebaseCore' from project 'Firebase')
    cd /Users/fukushimatakumi/develop/sugarbeat/sugarbeat-front
    
    Using response file: /Users/fukushimatakumi/Library/Developer/Xcode/DerivedData/SugarBeat-hgoxfxbbugxkfsbmqcjlbmjeaqyg/Build/Intermediates.noindex/Firebase.build/Debug-iphonesimulator/FirebaseCore.build/Objects-normal/arm64/e6072d4f65d7061329687fe24e3d63a7-common-args.resp
    
    /Applications/Xcode.app/Contents/Developer/Toolchains/XcodeDefault.xctoolchain/usr/bin/clang -x objective-c -ivfsstatcache /Users/fukushimatakumi/Library/Developer/Xcode/DerivedData/SDKStatCaches.noindex/iphonesimulator18.4-22E235-71825a6d136aa4733edcbe86ece5525b.sdkstatcache -fmessage-length\=0 -fdiagnostics-show-note-include-stack -fmacro-backtrace-limit\=0 -fno-color-diagnostics -fmodules-prune-interval\=86400 -fmodules-prune-after\=345600 -fbuild-session-file\=/Users/fukushimatakumi/Library/Developer/Xcode/DerivedData/ModuleCache.noindex/Session.modulevalidation -fmodules-validate-once-per-build-session -Wnon-modular-include-in-framework-module -Werror\=non-modular-include-in-framework-module -Wno-trigraphs -Wno-missing-field-initializers -Wno-missing-prototypes -Wno-return-type -Wno-implicit-atomic-properties -Wno-objc-interface-ivars -Wno-arc-repeated-use-of-weak -Wno-missing-braces -Wparentheses -Wswitch -Wno-unused-function -Wno-unused-label -Wno-unused-parameter -Wno-unused-variable -Wunused-value -Wno-empty-body -Wno-uninitialized -Wno-unknown-pragmas -w -Wno-shadow -Wno-four-char-constants -Wno-conversion -Wno-constant-conversion -Wno-int-conversion -Wno-bool-conversion -Wno-enum-conversion -Wno-float-conversion -Wno-non-literal-null-conversion -Wno-objc-literal-conversion -Wshorten-64-to-32 -Wpointer-sign -Wno-newline-eof -Wno-selector -Wno-strict-selector-match -Wno-undeclared-selector -Wno-deprecated-implementations -Wno-implicit-fallthrough -fstrict-aliasing -Wprotocol -Wdeprecated-declarations -Wno-sign-conversion -Wno-infinite-recursion -Wno-comma -Wno-block-capture-autoreleasing -Wno-strict-prototypes -Wno-semicolon-before-method-body -index-store-path /Users/fukushimatakumi/Library/Developer/Xcode/DerivedData/SugarBeat-hgoxfxbbugxkfsbmqcjlbmjeaqyg/Index.noindex/DataStore @/Users/fukushimatakumi/Library/Developer/Xcode/DerivedData/SugarBeat-hgoxfxbbugxkfsbmqcjlbmjeaqyg/Build/Intermediates.noindex/Firebase.build/Debug-iphonesimulator/FirebaseCore.build/Objects-normal/arm64/e6072d4f65d7061329687fe24e3d63a7-common-args.resp -include /Users/fukushimatakumi/Library/Developer/Xcode/DerivedData/SugarBeat-hgoxfxbbugxkfsbmqcjlbmjeaqyg/Build/Intermediates.noindex/Firebase.build/Debug-iphonesimulator/FirebaseCore.build/DerivedSources/resource_bundle_accessor.h -MMD -MT dependencies -MF /Users/fukushimatakumi/Library/Developer/Xcode/DerivedData/SugarBeat-hgoxfxbbugxkfsbmqcjlbmjeaqyg/Build/Intermediates.noindex/Firebase.build/Debug-iphonesimulator/FirebaseCore.build/Objects-normal/arm64/FIRApp.d --serialize-diagnostics /Users/fukushimatakumi/Library/Developer/Xcode/DerivedData/SugarBeat-hgoxfxbbugxkfsbmqcjlbmjeaqyg/Build/Intermediates.noindex/Firebase.build/Debug-iphonesimulator/FirebaseCore.build/Objects-normal/arm64/FIRApp.dia -c /Users/fukushimatakumi/Library/Developer/Xcode/DerivedData/SugarBeat-hgoxfxbbugxkfsbmqcjlbmjeaqyg/SourcePackages/checkouts/firebase-ios-sdk/FirebaseCore/Sources/FIRApp.m -o /Users/fukushimatakumi/Library/Developer/Xcode/DerivedData/SugarBeat-hgoxfxbbugxkfsbmqcjlbmjeaqyg/Build/Intermediates.noindex/Firebase.build/Debug-iphonesimulator/FirebaseCore.build/Objects-normal/arm64/FIRApp.o -index-unit-output-path /Firebase.build/Debug-iphonesimulator/FirebaseCore.build/Objects-normal/arm64/FIRApp.o

SwiftDriverJobDiscovery normal arm64 Compiling resource_bundle_accessor.swift, ActionCodeInfo.swift, ActionCodeOperation.swift, ActionCodeSettings.swift, ActionCodeURL.swift, Auth.swift, AuthComponent.swift, AuthDataResult.swift, AuthDispatcher.swift, AuthGlobalWorkQueue.swift, AuthOperationType.swift, AuthSettings.swift, AuthTokenResult.swift, AuthCredential.swift (in target 'FirebaseAuth' from project 'Firebase')

SwiftCompile normal arm64 Compiling\ WriteBatch+WriteEncodable.swift,\ FirestoreQuery.swift,\ FirestoreQueryObservable.swift /Users/fukushimatakumi/Library/Developer/Xcode/DerivedData/SugarBeat-hgoxfxbbugxkfsbmqcjlbmjeaqyg/SourcePackages/checkouts/firebase-ios-sdk/Firestore/Swift/Source/Codable/WriteBatch+WriteEncodable.swift /Users/fukushimatakumi/Library/Developer/Xcode/DerivedData/SugarBeat-hgoxfxbbugxkfsbmqcjlbmjeaqyg/SourcePackages/checkouts/firebase-ios-sdk/Firestore/Swift/Source/PropertyWrapper/FirestoreQuery.swift /Users/fukushimatakumi/Library/Developer/Xcode/DerivedData/SugarBeat-hgoxfxbbugxkfsbmqcjlbmjeaqyg/SourcePackages/checkouts/firebase-ios-sdk/Firestore/Swift/Source/PropertyWrapper/FirestoreQueryObservable.swift (in target 'FirebaseFirestore' from project 'Firebase')
SwiftCompile normal arm64 /Users/fukushimatakumi/Library/Developer/Xcode/DerivedData/SugarBeat-hgoxfxbbugxkfsbmqcjlbmjeaqyg/SourcePackages/checkouts/firebase-ios-sdk/Firestore/Swift/Source/Codable/WriteBatch+WriteEncodable.swift (in target 'FirebaseFirestore' from project 'Firebase')
    cd /Users/fukushimatakumi/develop/sugarbeat/sugarbeat-front
    

SwiftCompile normal arm64 /Users/fukushimatakumi/Library/Developer/Xcode/DerivedData/SugarBeat-hgoxfxbbugxkfsbmqcjlbmjeaqyg/SourcePackages/checkouts/firebase-ios-sdk/Firestore/Swift/Source/PropertyWrapper/FirestoreQuery.swift (in target 'FirebaseFirestore' from project 'Firebase')
    cd /Users/fukushimatakumi/develop/sugarbeat/sugarbeat-front
    

SwiftCompile normal arm64 /Users/fukushimatakumi/Library/Developer/Xcode/DerivedData/SugarBeat-hgoxfxbbugxkfsbmqcjlbmjeaqyg/SourcePackages/checkouts/firebase-ios-sdk/Firestore/Swift/Source/PropertyWrapper/FirestoreQueryObservable.swift (in target 'FirebaseFirestore' from project 'Firebase')
    cd /Users/fukushimatakumi/develop/sugarbeat/sugarbeat-front
    

PrecompileModule /Users/fukushimatakumi/Library/Developer/Xcode/DerivedData/SugarBeat-hgoxfxbbugxkfsbmqcjlbmjeaqyg/Build/Intermediates.noindex/ExplicitPrecompiledModules/ObjectiveC-4QM9P9XQV49QGJOU2ROWQO5O8.scan
    cd /Users/fukushimatakumi/develop/sugarbeat/sugarbeat-front
    builtin-precompileModule /Users/fukushimatakumi/Library/Developer/Xcode/DerivedData/SugarBeat-hgoxfxbbugxkfsbmqcjlbmjeaqyg/Build/Intermediates.noindex/ExplicitPrecompiledModules/ObjectiveC-4QM9P9XQV49QGJOU2ROWQO5O8.scan

SwiftCompile normal arm64 Compiling\ TimestampEncodingStrategy.swift,\ Transaction+WriteEncodable.swift,\ VectorValue+Codable.swift /Users/fukushimatakumi/Library/Developer/Xcode/DerivedData/SugarBeat-hgoxfxbbugxkfsbmqcjlbmjeaqyg/SourcePackages/checkouts/firebase-ios-sdk/Firestore/Swift/Source/Codable/TimestampEncodingStrategy.swift /Users/fukushimatakumi/Library/Developer/Xcode/DerivedData/SugarBeat-hgoxfxbbugxkfsbmqcjlbmjeaqyg/SourcePackages/checkouts/firebase-ios-sdk/Firestore/Swift/Source/Codable/Transaction+WriteEncodable.swift /Users/fukushimatakumi/Library/Developer/Xcode/DerivedData/SugarBeat-hgoxfxbbugxkfsbmqcjlbmjeaqyg/SourcePackages/checkouts/firebase-ios-sdk/Firestore/Swift/Source/Codable/VectorValue+Codable.swift (in target 'FirebaseFirestore' from project 'Firebase')

SwiftCompile normal arm64 /Users/fukushimatakumi/Library/Developer/Xcode/DerivedData/SugarBeat-hgoxfxbbugxkfsbmqcjlbmjeaqyg/SourcePackages/checkouts/firebase-ios-sdk/Firestore/Swift/Source/Codable/TimestampEncodingStrategy.swift (in target 'FirebaseFirestore' from project 'Firebase')
    cd /Users/fukushimatakumi/develop/sugarbeat/sugarbeat-front
    

SwiftCompile normal arm64 /Users/fukushimatakumi/Library/Developer/Xcode/DerivedData/SugarBeat-hgoxfxbbugxkfsbmqcjlbmjeaqyg/SourcePackages/checkouts/firebase-ios-sdk/Firestore/Swift/Source/Codable/Transaction+WriteEncodable.swift (in target 'FirebaseFirestore' from project 'Firebase')
    cd /Users/fukushimatakumi/develop/sugarbeat/sugarbeat-front
    

SwiftCompile normal arm64 /Users/fukushimatakumi/Library/Developer/Xcode/DerivedData/SugarBeat-hgoxfxbbugxkfsbmqcjlbmjeaqyg/SourcePackages/checkouts/firebase-ios-sdk/Firestore/Swift/Source/Codable/VectorValue+Codable.swift (in target 'FirebaseFirestore' from project 'Firebase')
    cd /Users/fukushimatakumi/develop/sugarbeat/sugarbeat-front
    

PrecompileModule /Users/fukushimatakumi/Library/Developer/Xcode/DerivedData/SugarBeat-hgoxfxbbugxkfsbmqcjlbmjeaqyg/Build/Intermediates.noindex/ExplicitPrecompiledModules/os_object-6TUM52EUWRIU0YATUVGZ596KC.scan
    cd /Users/fukushimatakumi/develop/sugarbeat/sugarbeat-front
    builtin-precompileModule /Users/fukushimatakumi/Library/Developer/Xcode/DerivedData/SugarBeat-hgoxfxbbugxkfsbmqcjlbmjeaqyg/Build/Intermediates.noindex/ExplicitPrecompiledModules/os_object-6TUM52EUWRIU0YATUVGZ596KC.scan

SwiftDriverJobDiscovery normal arm64 Compiling CodableErrors.swift, CodablePassThroughTypes.swift, CollectionReference+WriteEncodable.swift (in target 'FirebaseFirestore' from project 'Firebase')

SwiftCompile normal arm64 Compiling\ ServerTimestamp.swift,\ Timestamp+Codable.swift,\ TimestampDecodingStrategy.swift /Users/fukushimatakumi/Library/Developer/Xcode/DerivedData/SugarBeat-hgoxfxbbugxkfsbmqcjlbmjeaqyg/SourcePackages/checkouts/firebase-ios-sdk/Firestore/Swift/Source/Codable/ServerTimestamp.swift /Users/fukushimatakumi/Library/Developer/Xcode/DerivedData/SugarBeat-hgoxfxbbugxkfsbmqcjlbmjeaqyg/SourcePackages/checkouts/firebase-ios-sdk/Firestore/Swift/Source/Codable/Timestamp+Codable.swift /Users/fukushimatakumi/Library/Developer/Xcode/DerivedData/SugarBeat-hgoxfxbbugxkfsbmqcjlbmjeaqyg/SourcePackages/checkouts/firebase-ios-sdk/Firestore/Swift/Source/Codable/TimestampDecodingStrategy.swift (in target 'FirebaseFirestore' from project 'Firebase')
SwiftCompile normal arm64 /Users/fukushimatakumi/Library/Developer/Xcode/DerivedData/SugarBeat-hgoxfxbbugxkfsbmqcjlbmjeaqyg/SourcePackages/checkouts/firebase-ios-sdk/Firestore/Swift/Source/Codable/ServerTimestamp.swift (in target 'FirebaseFirestore' from project 'Firebase')
    cd /Users/fukushimatakumi/develop/sugarbeat/sugarbeat-front
    

SwiftCompile normal arm64 /Users/fukushimatakumi/Library/Developer/Xcode/DerivedData/SugarBeat-hgoxfxbbugxkfsbmqcjlbmjeaqyg/SourcePackages/checkouts/firebase-ios-sdk/Firestore/Swift/Source/Codable/Timestamp+Codable.swift (in target 'FirebaseFirestore' from project 'Firebase')
    cd /Users/fukushimatakumi/develop/sugarbeat/sugarbeat-front
    

SwiftCompile normal arm64 /Users/fukushimatakumi/Library/Developer/Xcode/DerivedData/SugarBeat-hgoxfxbbugxkfsbmqcjlbmjeaqyg/SourcePackages/checkouts/firebase-ios-sdk/Firestore/Swift/Source/Codable/TimestampDecodingStrategy.swift (in target 'FirebaseFirestore' from project 'Firebase')
    cd /Users/fukushimatakumi/develop/sugarbeat/sugarbeat-front
    

SwiftDriverJobDiscovery normal arm64 Compiling VectorValue+Swift.swift, SwiftHeaderWorkaround.swift (in target 'FirebaseFirestore' from project 'Firebase')

SwiftDriver\ Compilation FirebaseAuth normal arm64 com.apple.xcode.tools.swift.compiler (in target 'FirebaseAuth' from project 'Firebase')
    cd /Users/fukushimatakumi/develop/sugarbeat/sugarbeat-front
    builtin-Swift-Compilation -- /Applications/Xcode.app/Contents/Developer/Toolchains/XcodeDefault.xctoolchain/usr/bin/swiftc -module-name FirebaseAuth -Onone -enforce-exclusivity\=checked @/Users/fukushimatakumi/Library/Developer/Xcode/DerivedData/SugarBeat-hgoxfxbbugxkfsbmqcjlbmjeaqyg/Build/Intermediates.noindex/Firebase.build/Debug-iphonesimulator/FirebaseAuth.build/Objects-normal/arm64/FirebaseAuth.SwiftFileList -DSWIFT_PACKAGE -DDEBUG -Xcc -fmodule-map-file\=/Users/fukushimatakumi/Library/Developer/Xcode/DerivedData/SugarBeat-hgoxfxbbugxkfsbmqcjlbmjeaqyg/Build/Intermediates.noindex/GeneratedModuleMaps-iphonesimulator/RecaptchaInterop.modulemap -Xcc -fmodule-map-file\=/Users/fukushimatakumi/Library/Developer/Xcode/DerivedData/SugarBeat-hgoxfxbbugxkfsbmqcjlbmjeaqyg/Build/Intermediates.noindex/GeneratedModuleMaps-iphonesimulator/GoogleUtilities-Network.modulemap -Xcc -fmodule-map-file\=/Users/fukushimatakumi/Library/Developer/Xcode/DerivedData/SugarBeat-hgoxfxbbugxkfsbmqcjlbmjeaqyg/Build/Intermediates.noindex/GeneratedModuleMaps-iphonesimulator/GoogleUtilities-Reachability.modulemap -Xcc -fmodule-map-file\=/Users/fukushimatakumi/Library/Developer/Xcode/DerivedData/SugarBeat-hgoxfxbbugxkfsbmqcjlbmjeaqyg/Build/Intermediates.noindex/GeneratedModuleMaps-iphonesimulator/GoogleUtilities-NSData.modulemap -Xcc -fmodule-map-file\=/Users/fukushimatakumi/Library/Developer/Xcode/DerivedData/SugarBeat-hgoxfxbbugxkfsbmqcjlbmjeaqyg/Build/Intermediates.noindex/GeneratedModuleMaps-iphonesimulator/GoogleUtilities-Logger.modulemap -Xcc -fmodule-map-file\=/Users/fukushimatakumi/Library/Developer/Xcode/DerivedData/SugarBeat-hgoxfxbbugxkfsbmqcjlbmjeaqyg/Build/Intermediates.noindex/GeneratedModuleMaps-iphonesimulator/GoogleUtilities-Environment.modulemap -Xcc -fmodule-map-file\=/Users/fukushimatakumi/Library/Developer/Xcode/DerivedData/SugarBeat-hgoxfxbbugxkfsbmqcjlbmjeaqyg/Build/Intermediates.noindex/GeneratedModuleMaps-iphonesimulator/third-party-IsAppEncrypted.modulemap -Xcc -fmodule-map-file\=/Users/fukushimatakumi/Library/Developer/Xcode/DerivedData/SugarBeat-hgoxfxbbugxkfsbmqcjlbmjeaqyg/Build/Intermediates.noindex/GeneratedModuleMaps-iphonesimulator/GoogleUtilities-AppDelegateSwizzler.modulemap -Xcc -fmodule-map-file\=/Users/fukushimatakumi/Library/Developer/Xcode/DerivedData/SugarBeat-hgoxfxbbugxkfsbmqcjlbmjeaqyg/Build/Intermediates.noindex/GeneratedModuleMaps-iphonesimulator/GTMSessionFetcherCore.modulemap -Xcc -fmodule-map-file\=/Users/fukushimatakumi/Library/Developer/Xcode/DerivedData/SugarBeat-hgoxfxbbugxkfsbmqcjlbmjeaqyg/Build/Intermediates.noindex/GeneratedModuleMaps-iphonesimulator/FirebaseCoreExtension.modulemap -Xcc -fmodule-map-file\=/Users/fukushimatakumi/Library/Developer/Xcode/DerivedData/SugarBeat-hgoxfxbbugxkfsbmqcjlbmjeaqyg/Build/Intermediates.noindex/GeneratedModuleMaps-iphonesimulator/FirebaseCore.modulemap -Xcc -fmodule-map-file\=/Users/fukushimatakumi/Library/Developer/Xcode/DerivedData/SugarBeat-hgoxfxbbugxkfsbmqcjlbmjeaqyg/Build/Intermediates.noindex/GeneratedModuleMaps-iphonesimulator/FirebaseAuthInternal.modulemap -Xcc -fmodule-map-file\=/Users/fukushimatakumi/Library/Developer/Xcode/DerivedData/SugarBeat-hgoxfxbbugxkfsbmqcjlbmjeaqyg/Build/Intermediates.noindex/GeneratedModuleMaps-iphonesimulator/FirebaseAuthInterop.modulemap -Xcc -fmodule-map-file\=/Users/fukushimatakumi/Library/Developer/Xcode/DerivedData/SugarBeat-hgoxfxbbugxkfsbmqcjlbmjeaqyg/Build/Intermediates.noindex/GeneratedModuleMaps-iphonesimulator/FirebaseAppCheckInterop.modulemap -DXcode -plugin-path /Applications/Xcode.app/Contents/Developer/Toolchains/XcodeDefault.xctoolchain/usr/lib/swift/host/plugins/testing -enable-experimental-feature DebugDescriptionMacro -sdk /Applications/Xcode.app/Contents/Developer/Platforms/iPhoneSimulator.platform/Developer/SDKs/iPhoneSimulator18.4.sdk -target arm64-apple-ios15.0-simulator -g -module-cache-path /Users/fukushimatakumi/Library/Developer/Xcode/DerivedData/ModuleCache.noindex -Xfrontend -serialize-debugging-options -enable-testing -suppress-warnings -index-store-path /Users/fukushimatakumi/Library/Developer/Xcode/DerivedData/SugarBeat-hgoxfxbbugxkfsbmqcjlbmjeaqyg/Index.noindex/DataStore -swift-version 5 -I /Users/fukushimatakumi/Library/Developer/Xcode/DerivedData/SugarBeat-hgoxfxbbugxkfsbmqcjlbmjeaqyg/Build/Products/Debug-iphonesimulator -I /Applications/Xcode.app/Contents/Developer/Platforms/iPhoneSimulator.platform/Developer/usr/lib -F /Users/fukushimatakumi/Library/Developer/Xcode/DerivedData/SugarBeat-hgoxfxbbugxkfsbmqcjlbmjeaqyg/Build/Products/Debug-iphonesimulator/PackageFrameworks -F /Users/fukushimatakumi/Library/Developer/Xcode/DerivedData/SugarBeat-hgoxfxbbugxkfsbmqcjlbmjeaqyg/Build/Products/Debug-iphonesimulator/PackageFrameworks -F /Users/fukushimatakumi/Library/Developer/Xcode/DerivedData/SugarBeat-hgoxfxbbugxkfsbmqcjlbmjeaqyg/Build/Products/Debug-iphonesimulator/PackageFrameworks -F /Users/fukushimatakumi/Library/Developer/Xcode/DerivedData/SugarBeat-hgoxfxbbugxkfsbmqcjlbmjeaqyg/Build/Products/Debug-iphonesimulator/PackageFrameworks -F /Users/fukushimatakumi/Library/Developer/Xcode/DerivedData/SugarBeat-hgoxfxbbugxkfsbmqcjlbmjeaqyg/Build/Products/Debug-iphonesimulator/PackageFrameworks -F /Users/fukushimatakumi/Library/Developer/Xcode/DerivedData/SugarBeat-hgoxfxbbugxkfsbmqcjlbmjeaqyg/Build/Products/Debug-iphonesimulator/PackageFrameworks -F /Users/fukushimatakumi/Library/Developer/Xcode/DerivedData/SugarBeat-hgoxfxbbugxkfsbmqcjlbmjeaqyg/Build/Products/Debug-iphonesimulator/PackageFrameworks -F /Users/fukushimatakumi/Library/Developer/Xcode/DerivedData/SugarBeat-hgoxfxbbugxkfsbmqcjlbmjeaqyg/Build/Products/Debug-iphonesimulator/PackageFrameworks -F /Users/fukushimatakumi/Library/Developer/Xcode/DerivedData/SugarBeat-hgoxfxbbugxkfsbmqcjlbmjeaqyg/Build/Products/Debug-iphonesimulator/PackageFrameworks -F /Users/fukushimatakumi/Library/Developer/Xcode/DerivedData/SugarBeat-hgoxfxbbugxkfsbmqcjlbmjeaqyg/Build/Products/Debug-iphonesimulator/PackageFrameworks -F /Users/fukushimatakumi/Library/Developer/Xcode/DerivedData/SugarBeat-hgoxfxbbugxkfsbmqcjlbmjeaqyg/Build/Products/Debug-iphonesimulator/PackageFrameworks -F /Users/fukushimatakumi/Library/Developer/Xcode/DerivedData/SugarBeat-hgoxfxbbugxkfsbmqcjlbmjeaqyg/Build/Products/Debug-iphonesimulator/PackageFrameworks -F /Users/fukushimatakumi/Library/Developer/Xcode/DerivedData/SugarBeat-hgoxfxbbugxkfsbmqcjlbmjeaqyg/Build/Products/Debug-iphonesimulator/PackageFrameworks -F /Users/fukushimatakumi/Library/Developer/Xcode/DerivedData/SugarBeat-hgoxfxbbugxkfsbmqcjlbmjeaqyg/Build/Products/Debug-iphonesimulator/PackageFrameworks -F /Users/fukushimatakumi/Library/Developer/Xcode/DerivedData/SugarBeat-hgoxfxbbugxkfsbmqcjlbmjeaqyg/Build/Products/Debug-iphonesimulator/PackageFrameworks -F /Users/fukushimatakumi/Library/Developer/Xcode/DerivedData/SugarBeat-hgoxfxbbugxkfsbmqcjlbmjeaqyg/Build/Products/Debug-iphonesimulator/PackageFrameworks -F /Users/fukushimatakumi/Library/Developer/Xcode/DerivedData/SugarBeat-hgoxfxbbugxkfsbmqcjlbmjeaqyg/Build/Products/Debug-iphonesimulator -F /Applications/Xcode.app/Contents/Developer/Platforms/iPhoneSimulator.platform/Developer/Library/Frameworks -F /Applications/Xcode.app/Contents/Developer/Platforms/iPhoneSimulator.platform/Developer/SDKs/iPhoneSimulator18.4.sdk/Developer/Library/Frameworks -c -j10 -enable-batch-mode -incremental -Xcc -ivfsstatcache -Xcc /Users/fukushimatakumi/Library/Developer/Xcode/DerivedData/SDKStatCaches.noindex/iphonesimulator18.4-22E235-71825a6d136aa4733edcbe86ece5525b.sdkstatcache -output-file-map /Users/fukushimatakumi/Library/Developer/Xcode/DerivedData/SugarBeat-hgoxfxbbugxkfsbmqcjlbmjeaqyg/Build/Intermediates.noindex/Firebase.build/Debug-iphonesimulator/FirebaseAuth.build/Objects-normal/arm64/FirebaseAuth-OutputFileMap.json -use-frontend-parseable-output -save-temps -no-color-diagnostics -serialize-diagnostics -emit-dependencies -emit-module -emit-module-path /Users/fukushimatakumi/Library/Developer/Xcode/DerivedData/SugarBeat-hgoxfxbbugxkfsbmqcjlbmjeaqyg/Build/Intermediates.noindex/Firebase.build/Debug-iphonesimulator/FirebaseAuth.build/Objects-normal/arm64/FirebaseAuth.swiftmodule -user-module-version 12.7.0 -validate-clang-modules-once -clang-build-session-file /Users/fukushimatakumi/Library/Developer/Xcode/DerivedData/ModuleCache.noindex/Session.modulevalidation -package-name firebase_ios_sdk -Xcc -I/Users/fukushimatakumi/Library/Developer/Xcode/DerivedData/SugarBeat-hgoxfxbbugxkfsbmqcjlbmjeaqyg/Build/Intermediates.noindex/Firebase.build/Debug-iphonesimulator/FirebaseAuth.build/swift-overrides.hmap -emit-const-values -Xfrontend -const-gather-protocols-file -Xfrontend /Users/fukushimatakumi/Library/Developer/Xcode/DerivedData/SugarBeat-hgoxfxbbugxkfsbmqcjlbmjeaqyg/Build/Intermediates.noindex/Firebase.build/Debug-iphonesimulator/FirebaseAuth.build/Objects-normal/arm64/FirebaseAuth_const_extract_protocols.json -Xcc -I/Users/fukushimatakumi/Library/Developer/Xcode/DerivedData/SugarBeat-hgoxfxbbugxkfsbmqcjlbmjeaqyg/SourcePackages/checkouts/interop-ios-for-google-sdks/RecaptchaEnterprise/RecaptchaInterop/Public -Xcc -I/Users/fukushimatakumi/Library/Developer/Xcode/DerivedData/SugarBeat-hgoxfxbbugxkfsbmqcjlbmjeaqyg/SourcePackages/checkouts/GoogleUtilities/GoogleUtilities/Network/Public -Xcc -I/Users/fukushimatakumi/Library/Developer/Xcode/DerivedData/SugarBeat-hgoxfxbbugxkfsbmqcjlbmjeaqyg/SourcePackages/checkouts/GoogleUtilities/GoogleUtilities/Reachability/Public -Xcc -I/Users/fukushimatakumi/Library/Developer/Xcode/DerivedData/SugarBeat-hgoxfxbbugxkfsbmqcjlbmjeaqyg/SourcePackages/checkouts/GoogleUtilities/GoogleUtilities/NSData+zlib/Public -Xcc -I/Users/fukushimatakumi/Library/Developer/Xcode/DerivedData/SugarBeat-hgoxfxbbugxkfsbmqcjlbmjeaqyg/SourcePackages/checkouts/GoogleUtilities/GoogleUtilities/Logger/Public -Xcc -I/Users/fukushimatakumi/Library/Developer/Xcode/DerivedData/SugarBeat-hgoxfxbbugxkfsbmqcjlbmjeaqyg/SourcePackages/checkouts/GoogleUtilities/GoogleUtilities/Environment/Public -Xcc -I/Users/fukushimatakumi/Library/Developer/Xcode/DerivedData/SugarBeat-hgoxfxbbugxkfsbmqcjlbmjeaqyg/SourcePackages/checkouts/GoogleUtilities/third_party/IsAppEncrypted/Public -Xcc -I/Users/fukushimatakumi/Library/Developer/Xcode/DerivedData/SugarBeat-hgoxfxbbugxkfsbmqcjlbmjeaqyg/SourcePackages/checkouts/GoogleUtilities/GoogleUtilities/AppDelegateSwizzler/Public -Xcc -I/Users/fukushimatakumi/Library/Developer/Xcode/DerivedData/SugarBeat-hgoxfxbbugxkfsbmqcjlbmjeaqyg/SourcePackages/checkouts/gtm-session-fetcher/Sources/Core/Public -Xcc -I/Users/fukushimatakumi/Library/Developer/Xcode/DerivedData/SugarBeat-hgoxfxbbugxkfsbmqcjlbmjeaqyg/SourcePackages/checkouts/firebase-ios-sdk/FirebaseCore/Extension -Xcc -I/Users/fukushimatakumi/Library/Developer/Xcode/DerivedData/SugarBeat-hgoxfxbbugxkfsbmqcjlbmjeaqyg/SourcePackages/checkouts/firebase-ios-sdk/FirebaseCore/Sources/Public -Xcc -I/Users/fukushimatakumi/Library/Developer/Xcode/DerivedData/SugarBeat-hgoxfxbbugxkfsbmqcjlbmjeaqyg/SourcePackages/checkouts/firebase-ios-sdk/CoreOnly/Sources -Xcc -I/Users/fukushimatakumi/Library/Developer/Xcode/DerivedData/SugarBeat-hgoxfxbbugxkfsbmqcjlbmjeaqyg/SourcePackages/checkouts/firebase-ios-sdk/FirebaseAuth/Sources/Public -Xcc -I/Users/fukushimatakumi/Library/Developer/Xcode/DerivedData/SugarBeat-hgoxfxbbugxkfsbmqcjlbmjeaqyg/SourcePackages/checkouts/firebase-ios-sdk/FirebaseAuth/Interop/Public -Xcc -I/Users/fukushimatakumi/Library/Developer/Xcode/DerivedData/SugarBeat-hgoxfxbbugxkfsbmqcjlbmjeaqyg/SourcePackages/checkouts/firebase-ios-sdk/FirebaseAppCheck/Interop/Public -Xcc -I/Users/fukushimatakumi/Library/Developer/Xcode/DerivedData/SugarBeat-hgoxfxbbugxkfsbmqcjlbmjeaqyg/Build/Products/Debug-iphonesimulator/include -Xcc -I/Users/fukushimatakumi/Library/Developer/Xcode/DerivedData/SugarBeat-hgoxfxbbugxkfsbmqcjlbmjeaqyg/Build/Intermediates.noindex/Firebase.build/Debug-iphonesimulator/FirebaseAuth.build/DerivedSources-normal/arm64 -Xcc -I/Users/fukushimatakumi/Library/Developer/Xcode/DerivedData/SugarBeat-hgoxfxbbugxkfsbmqcjlbmjeaqyg/Build/Intermediates.noindex/Firebase.build/Debug-iphonesimulator/FirebaseAuth.build/DerivedSources/arm64 -Xcc -I/Users/fukushimatakumi/Library/Developer/Xcode/DerivedData/SugarBeat-hgoxfxbbugxkfsbmqcjlbmjeaqyg/Build/Intermediates.noindex/Firebase.build/Debug-iphonesimulator/FirebaseAuth.build/DerivedSources -Xcc -DSWIFT_PACKAGE -Xcc -DDEBUG\=1 -emit-objc-header -emit-objc-header-path /Users/fukushimatakumi/Library/Developer/Xcode/DerivedData/SugarBeat-hgoxfxbbugxkfsbmqcjlbmjeaqyg/Build/Intermediates.noindex/Firebase.build/Debug-iphonesimulator/FirebaseAuth.build/Objects-normal/arm64/FirebaseAuth-Swift.h -working-directory /Users/fukushimatakumi/develop/sugarbeat/sugarbeat-front -experimental-emit-module-separately -disable-cmo

SwiftDriverJobDiscovery normal arm64 Compiling DocumentReference+WriteEncodable.swift, DocumentSnapshot+ReadDecodable.swift, EncoderDecoder.swift (in target 'FirebaseFirestore' from project 'Firebase')

SwiftDriverJobDiscovery normal arm64 Compiling QueryPredicate.swift, FieldValue+Swift.swift (in target 'FirebaseFirestore' from project 'Firebase')

RegisterExecutionPolicyException /Users/fukushimatakumi/Library/Developer/Xcode/DerivedData/SugarBeat-hgoxfxbbugxkfsbmqcjlbmjeaqyg/Build/Products/Debug-iphonesimulator/grpcWrapper.o (in target 'grpcWrapper' from project 'gRPC')
    cd /Users/fukushimatakumi/Library/Developer/Xcode/DerivedData/SugarBeat-hgoxfxbbugxkfsbmqcjlbmjeaqyg/SourcePackages/checkouts/grpc-binary
    builtin-RegisterExecutionPolicyException /Users/fukushimatakumi/Library/Developer/Xcode/DerivedData/SugarBeat-hgoxfxbbugxkfsbmqcjlbmjeaqyg/Build/Products/Debug-iphonesimulator/grpcWrapper.o

RegisterExecutionPolicyException /Users/fukushimatakumi/Library/Developer/Xcode/DerivedData/SugarBeat-hgoxfxbbugxkfsbmqcjlbmjeaqyg/Build/Products/Debug-iphonesimulator/GoogleUtilities-Environment.o (in target 'GoogleUtilities-Environment' from project 'GoogleUtilities')
    cd /Users/fukushimatakumi/Library/Developer/Xcode/DerivedData/SugarBeat-hgoxfxbbugxkfsbmqcjlbmjeaqyg/SourcePackages/checkouts/GoogleUtilities
    builtin-RegisterExecutionPolicyException /Users/fukushimatakumi/Library/Developer/Xcode/DerivedData/SugarBeat-hgoxfxbbugxkfsbmqcjlbmjeaqyg/Build/Products/Debug-iphonesimulator/GoogleUtilities-Environment.o

ExtractAppIntentsMetadata (in target 'GoogleMobileAdsTarget' from project 'GoogleMobileAds')
    cd /Users/fukushimatakumi/Library/Developer/Xcode/DerivedData/SugarBeat-hgoxfxbbugxkfsbmqcjlbmjeaqyg/SourcePackages/checkouts/swift-package-manager-google-mobile-ads
    /Applications/Xcode.app/Contents/Developer/Toolchains/XcodeDefault.xctoolchain/usr/bin/appintentsmetadataprocessor --toolchain-dir /Applications/Xcode.app/Contents/Developer/Toolchains/XcodeDefault.xctoolchain --module-name GoogleMobileAdsTarget --sdk-root /Applications/Xcode.app/Contents/Developer/Platforms/iPhoneSimulator.platform/Developer/SDKs/iPhoneSimulator18.4.sdk --xcode-version 16E140 --platform-family iOS --deployment-target 12.0 --bundle-identifier swift-package-manager-google-mobile-ads.GoogleMobileAdsTarget --output /Users/fukushimatakumi/Library/Developer/Xcode/DerivedData/SugarBeat-hgoxfxbbugxkfsbmqcjlbmjeaqyg/Build/Products/Debug-iphonesimulator/GoogleMobileAdsTarget.appintents --target-triple arm64-apple-ios12.0-simulator --binary-file /Users/fukushimatakumi/Library/Developer/Xcode/DerivedData/SugarBeat-hgoxfxbbugxkfsbmqcjlbmjeaqyg/Build/Products/Debug-iphonesimulator/GoogleMobileAdsTarget.o --dependency-file /Users/fukushimatakumi/Library/Developer/Xcode/DerivedData/SugarBeat-hgoxfxbbugxkfsbmqcjlbmjeaqyg/Build/Intermediates.noindex/GoogleMobileAds.build/Debug-iphonesimulator/GoogleMobileAdsTarget.build/Objects-normal/arm64/GoogleMobileAdsTarget_dependency_info.dat --stringsdata-file /Users/fukushimatakumi/Library/Developer/Xcode/DerivedData/SugarBeat-hgoxfxbbugxkfsbmqcjlbmjeaqyg/Build/Intermediates.noindex/GoogleMobileAds.build/Debug-iphonesimulator/GoogleMobileAdsTarget.build/Objects-normal/arm64/ExtractedAppShortcutsMetadata.stringsdata --source-file-list /Users/fukushimatakumi/Library/Developer/Xcode/DerivedData/SugarBeat-hgoxfxbbugxkfsbmqcjlbmjeaqyg/Build/Intermediates.noindex/GoogleMobileAds.build/Debug-iphonesimulator/GoogleMobileAdsTarget.build/Objects-normal/arm64/GoogleMobileAdsTarget.SwiftFileList --metadata-file-list /Users/fukushimatakumi/Library/Developer/Xcode/DerivedData/SugarBeat-hgoxfxbbugxkfsbmqcjlbmjeaqyg/Build/Intermediates.noindex/GoogleMobileAds.build/Debug-iphonesimulator/GoogleMobileAdsTarget.build/GoogleMobileAdsTarget.DependencyMetadataFileList --static-metadata-file-list /Users/fukushimatakumi/Library/Developer/Xcode/DerivedData/SugarBeat-hgoxfxbbugxkfsbmqcjlbmjeaqyg/Build/Intermediates.noindex/GoogleMobileAds.build/Debug-iphonesimulator/GoogleMobileAdsTarget.build/GoogleMobileAdsTarget.DependencyStaticMetadataFileList --swift-const-vals-list /Users/fukushimatakumi/Library/Developer/Xcode/DerivedData/SugarBeat-hgoxfxbbugxkfsbmqcjlbmjeaqyg/Build/Intermediates.noindex/GoogleMobileAds.build/Debug-iphonesimulator/GoogleMobileAdsTarget.build/Objects-normal/arm64/GoogleMobileAdsTarget.SwiftConstValuesFileList --force --compile-time-extraction --deployment-aware-processing --validate-assistant-intents --no-app-shortcuts-localization
2026-01-13 23:18:14.083 appintentsmetadataprocessor[16101:13988380] Starting appintentsmetadataprocessor export
2026-01-13 23:18:14.125 appintentsmetadataprocessor[16101:13988380] Extracted no relevant App Intents symbols, skipping writing output

PrecompileModule /Users/fukushimatakumi/Library/Developer/Xcode/DerivedData/SugarBeat-hgoxfxbbugxkfsbmqcjlbmjeaqyg/Build/Intermediates.noindex/ExplicitPrecompiledModules/os_workgroup-AN4K0T2JQCEDRKSPAM79P8NTE.scan
    cd /Users/fukushimatakumi/develop/sugarbeat/sugarbeat-front
    builtin-precompileModule /Users/fukushimatakumi/Library/Developer/Xcode/DerivedData/SugarBeat-hgoxfxbbugxkfsbmqcjlbmjeaqyg/Build/Intermediates.noindex/ExplicitPrecompiledModules/os_workgroup-AN4K0T2JQCEDRKSPAM79P8NTE.scan

RegisterExecutionPolicyException /Users/fukushimatakumi/Library/Developer/Xcode/DerivedData/SugarBeat-hgoxfxbbugxkfsbmqcjlbmjeaqyg/Build/Products/Debug-iphonesimulator/FirebaseAuthInternal.o (in target 'FirebaseAuthInternal' from project 'Firebase')
    cd /Users/fukushimatakumi/Library/Developer/Xcode/DerivedData/SugarBeat-hgoxfxbbugxkfsbmqcjlbmjeaqyg/SourcePackages/checkouts/firebase-ios-sdk
    builtin-RegisterExecutionPolicyException /Users/fukushimatakumi/Library/Developer/Xcode/DerivedData/SugarBeat-hgoxfxbbugxkfsbmqcjlbmjeaqyg/Build/Products/Debug-iphonesimulator/FirebaseAuthInternal.o

Ld /Users/fukushimatakumi/Library/Developer/Xcode/DerivedData/SugarBeat-hgoxfxbbugxkfsbmqcjlbmjeaqyg/Build/Products/Debug-iphonesimulator/GoogleUtilities-Logger.o normal (in target 'GoogleUtilities-Logger' from project 'GoogleUtilities')
    cd /Users/fukushimatakumi/Library/Developer/Xcode/DerivedData/SugarBeat-hgoxfxbbugxkfsbmqcjlbmjeaqyg/SourcePackages/checkouts/GoogleUtilities
    /Applications/Xcode.app/Contents/Developer/Toolchains/XcodeDefault.xctoolchain/usr/bin/clang -Xlinker -reproducible -target arm64-apple-ios12.0-simulator -r -isysroot /Applications/Xcode.app/Contents/Developer/Platforms/iPhoneSimulator.platform/Developer/SDKs/iPhoneSimulator18.4.sdk -O0 -w -L/Users/fukushimatakumi/Library/Developer/Xcode/DerivedData/SugarBeat-hgoxfxbbugxkfsbmqcjlbmjeaqyg/Build/Intermediates.noindex/EagerLinkingTBDs/Debug-iphonesimulator -L/Users/fukushimatakumi/Library/Developer/Xcode/DerivedData/SugarBeat-hgoxfxbbugxkfsbmqcjlbmjeaqyg/Build/Products/Debug-iphonesimulator -L/Applications/Xcode.app/Contents/Developer/Platforms/iPhoneSimulator.platform/Developer/usr/lib -F/Users/fukushimatakumi/Library/Developer/Xcode/DerivedData/SugarBeat-hgoxfxbbugxkfsbmqcjlbmjeaqyg/Build/Intermediates.noindex/EagerLinkingTBDs/Debug-iphonesimulator -F/Users/fukushimatakumi/Library/Developer/Xcode/DerivedData/SugarBeat-hgoxfxbbugxkfsbmqcjlbmjeaqyg/Build/Products/Debug-iphonesimulator/PackageFrameworks -F/Users/fukushimatakumi/Library/Developer/Xcode/DerivedData/SugarBeat-hgoxfxbbugxkfsbmqcjlbmjeaqyg/Build/Products/Debug-iphonesimulator/PackageFrameworks -F/Users/fukushimatakumi/Library/Developer/Xcode/DerivedData/SugarBeat-hgoxfxbbugxkfsbmqcjlbmjeaqyg/Build/Products/Debug-iphonesimulator -iframework /Applications/Xcode.app/Contents/Developer/Platforms/iPhoneSimulator.platform/Developer/Library/Frameworks -iframework /Applications/Xcode.app/Contents/Developer/Platforms/iPhoneSimulator.platform/Developer/SDKs/iPhoneSimulator18.4.sdk/Developer/Library/Frameworks -filelist /Users/fukushimatakumi/Library/Developer/Xcode/DerivedData/SugarBeat-hgoxfxbbugxkfsbmqcjlbmjeaqyg/Build/Intermediates.noindex/GoogleUtilities.build/Debug-iphonesimulator/GoogleUtilities-Logger.build/Objects-normal/arm64/GoogleUtilities-Logger.LinkFileList -nostdlib -Xlinker -object_path_lto -Xlinker /Users/fukushimatakumi/Library/Developer/Xcode/DerivedData/SugarBeat-hgoxfxbbugxkfsbmqcjlbmjeaqyg/Build/Intermediates.noindex/GoogleUtilities.build/Debug-iphonesimulator/GoogleUtilities-Logger.build/Objects-normal/arm64/GoogleUtilities-Logger_lto.o -rdynamic -Xlinker -no_deduplicate -Xlinker -objc_abi_version -Xlinker 2 -Xlinker -dependency_info -Xlinker /Users/fukushimatakumi/Library/Developer/Xcode/DerivedData/SugarBeat-hgoxfxbbugxkfsbmqcjlbmjeaqyg/Build/Intermediates.noindex/GoogleUtilities.build/Debug-iphonesimulator/GoogleUtilities-Logger.build/Objects-normal/arm64/GoogleUtilities-Logger_dependency_info.dat -fobjc-arc -fobjc-link-runtime -o /Users/fukushimatakumi/Library/Developer/Xcode/DerivedData/SugarBeat-hgoxfxbbugxkfsbmqcjlbmjeaqyg/Build/Products/Debug-iphonesimulator/GoogleUtilities-Logger.o

PrecompileModule /Users/fukushimatakumi/Library/Developer/Xcode/DerivedData/SugarBeat-hgoxfxbbugxkfsbmqcjlbmjeaqyg/Build/Intermediates.noindex/ExplicitPrecompiledModules/Dispatch-74RXE2B29POF4IAO81QKNFY9F.scan
    cd /Users/fukushimatakumi/develop/sugarbeat/sugarbeat-front
    builtin-precompileModule /Users/fukushimatakumi/Library/Developer/Xcode/DerivedData/SugarBeat-hgoxfxbbugxkfsbmqcjlbmjeaqyg/Build/Intermediates.noindex/ExplicitPrecompiledModules/Dispatch-74RXE2B29POF4IAO81QKNFY9F.scan

Ld /Users/fukushimatakumi/Library/Developer/Xcode/DerivedData/SugarBeat-hgoxfxbbugxkfsbmqcjlbmjeaqyg/Build/Products/Debug-iphonesimulator/FirebaseCoreInternal.o normal (in target 'FirebaseCoreInternal' from project 'Firebase')
    cd /Users/fukushimatakumi/Library/Developer/Xcode/DerivedData/SugarBeat-hgoxfxbbugxkfsbmqcjlbmjeaqyg/SourcePackages/checkouts/firebase-ios-sdk
    /Applications/Xcode.app/Contents/Developer/Toolchains/XcodeDefault.xctoolchain/usr/bin/clang -Xlinker -reproducible -target arm64-apple-ios15.0-simulator -r -isysroot /Applications/Xcode.app/Contents/Developer/Platforms/iPhoneSimulator.platform/Developer/SDKs/iPhoneSimulator18.4.sdk -O0 -w -L/Users/fukushimatakumi/Library/Developer/Xcode/DerivedData/SugarBeat-hgoxfxbbugxkfsbmqcjlbmjeaqyg/Build/Intermediates.noindex/EagerLinkingTBDs/Debug-iphonesimulator -L/Users/fukushimatakumi/Library/Developer/Xcode/DerivedData/SugarBeat-hgoxfxbbugxkfsbmqcjlbmjeaqyg/Build/Products/Debug-iphonesimulator -L/Applications/Xcode.app/Contents/Developer/Platforms/iPhoneSimulator.platform/Developer/usr/lib -F/Users/fukushimatakumi/Library/Developer/Xcode/DerivedData/SugarBeat-hgoxfxbbugxkfsbmqcjlbmjeaqyg/Build/Intermediates.noindex/EagerLinkingTBDs/Debug-iphonesimulator -F/Users/fukushimatakumi/Library/Developer/Xcode/DerivedData/SugarBeat-hgoxfxbbugxkfsbmqcjlbmjeaqyg/Build/Products/Debug-iphonesimulator/PackageFrameworks -F/Users/fukushimatakumi/Library/Developer/Xcode/DerivedData/SugarBeat-hgoxfxbbugxkfsbmqcjlbmjeaqyg/Build/Products/Debug-iphonesimulator -iframework /Applications/Xcode.app/Contents/Developer/Platforms/iPhoneSimulator.platform/Developer/Library/Frameworks -iframework /Applications/Xcode.app/Contents/Developer/Platforms/iPhoneSimulator.platform/Developer/SDKs/iPhoneSimulator18.4.sdk/Developer/Library/Frameworks -filelist /Users/fukushimatakumi/Library/Developer/Xcode/DerivedData/SugarBeat-hgoxfxbbugxkfsbmqcjlbmjeaqyg/Build/Intermediates.noindex/Firebase.build/Debug-iphonesimulator/FirebaseCoreInternal.build/Objects-normal/arm64/FirebaseCoreInternal.LinkFileList -nostdlib -Xlinker -object_path_lto -Xlinker /Users/fukushimatakumi/Library/Developer/Xcode/DerivedData/SugarBeat-hgoxfxbbugxkfsbmqcjlbmjeaqyg/Build/Intermediates.noindex/Firebase.build/Debug-iphonesimulator/FirebaseCoreInternal.build/Objects-normal/arm64/FirebaseCoreInternal_lto.o -rdynamic -Xlinker -no_deduplicate -Xlinker -objc_abi_version -Xlinker 2 -Xlinker -dependency_info -Xlinker /Users/fukushimatakumi/Library/Developer/Xcode/DerivedData/SugarBeat-hgoxfxbbugxkfsbmqcjlbmjeaqyg/Build/Intermediates.noindex/Firebase.build/Debug-iphonesimulator/FirebaseCoreInternal.build/Objects-normal/arm64/FirebaseCoreInternal_dependency_info.dat -fobjc-link-runtime -L/Applications/Xcode.app/Contents/Developer/Toolchains/XcodeDefault.xctoolchain/usr/lib/swift/iphonesimulator -L/usr/lib/swift -Xlinker -add_ast_path -Xlinker /Users/fukushimatakumi/Library/Developer/Xcode/DerivedData/SugarBeat-hgoxfxbbugxkfsbmqcjlbmjeaqyg/Build/Intermediates.noindex/Firebase.build/Debug-iphonesimulator/FirebaseCoreInternal.build/Objects-normal/arm64/FirebaseCoreInternal.swiftmodule -o /Users/fukushimatakumi/Library/Developer/Xcode/DerivedData/SugarBeat-hgoxfxbbugxkfsbmqcjlbmjeaqyg/Build/Products/Debug-iphonesimulator/FirebaseCoreInternal.o

SwiftDriverJobDiscovery normal arm64 Compiling DocumentID.swift, DocumentReference+Codable.swift, DocumentReference+ReadDecodable.swift (in target 'FirebaseFirestore' from project 'Firebase')

Ld /Users/fukushimatakumi/Library/Developer/Xcode/DerivedData/SugarBeat-hgoxfxbbugxkfsbmqcjlbmjeaqyg/Build/Products/Debug-iphonesimulator/grpcppWrapper.o normal (in target 'grpcppWrapper' from project 'gRPC')
    cd /Users/fukushimatakumi/Library/Developer/Xcode/DerivedData/SugarBeat-hgoxfxbbugxkfsbmqcjlbmjeaqyg/SourcePackages/checkouts/grpc-binary
    /Applications/Xcode.app/Contents/Developer/Toolchains/XcodeDefault.xctoolchain/usr/bin/clang -Xlinker -reproducible -target arm64-apple-ios12.0-simulator -r -isysroot /Applications/Xcode.app/Contents/Developer/Platforms/iPhoneSimulator.platform/Developer/SDKs/iPhoneSimulator18.4.sdk -O0 -w -L/Users/fukushimatakumi/Library/Developer/Xcode/DerivedData/SugarBeat-hgoxfxbbugxkfsbmqcjlbmjeaqyg/Build/Intermediates.noindex/EagerLinkingTBDs/Debug-iphonesimulator -L/Users/fukushimatakumi/Library/Developer/Xcode/DerivedData/SugarBeat-hgoxfxbbugxkfsbmqcjlbmjeaqyg/Build/Products/Debug-iphonesimulator -L/Applications/Xcode.app/Contents/Developer/Platforms/iPhoneSimulator.platform/Developer/usr/lib -F/Users/fukushimatakumi/Library/Developer/Xcode/DerivedData/SugarBeat-hgoxfxbbugxkfsbmqcjlbmjeaqyg/Build/Intermediates.noindex/EagerLinkingTBDs/Debug-iphonesimulator -F/Users/fukushimatakumi/Library/Developer/Xcode/DerivedData/SugarBeat-hgoxfxbbugxkfsbmqcjlbmjeaqyg/Build/Products/Debug-iphonesimulator/PackageFrameworks -F/Users/fukushimatakumi/Library/Developer/Xcode/DerivedData/SugarBeat-hgoxfxbbugxkfsbmqcjlbmjeaqyg/Build/Products/Debug-iphonesimulator/PackageFrameworks -F/Users/fukushimatakumi/Library/Developer/Xcode/DerivedData/SugarBeat-hgoxfxbbugxkfsbmqcjlbmjeaqyg/Build/Products/Debug-iphonesimulator/PackageFrameworks -F/Users/fukushimatakumi/Library/Developer/Xcode/DerivedData/SugarBeat-hgoxfxbbugxkfsbmqcjlbmjeaqyg/Build/Products/Debug-iphonesimulator -iframework /Applications/Xcode.app/Contents/Developer/Platforms/iPhoneSimulator.platform/Developer/Library/Frameworks -iframework /Applications/Xcode.app/Contents/Developer/Platforms/iPhoneSimulator.platform/Developer/SDKs/iPhoneSimulator18.4.sdk/Developer/Library/Frameworks -filelist /Users/fukushimatakumi/Library/Developer/Xcode/DerivedData/SugarBeat-hgoxfxbbugxkfsbmqcjlbmjeaqyg/Build/Intermediates.noindex/gRPC.build/Debug-iphonesimulator/grpcppWrapper.build/Objects-normal/arm64/grpcppWrapper.LinkFileList -nostdlib -Xlinker -object_path_lto -Xlinker /Users/fukushimatakumi/Library/Developer/Xcode/DerivedData/SugarBeat-hgoxfxbbugxkfsbmqcjlbmjeaqyg/Build/Intermediates.noindex/gRPC.build/Debug-iphonesimulator/grpcppWrapper.build/Objects-normal/arm64/grpcppWrapper_lto.o -rdynamic -Xlinker -no_deduplicate -Xlinker -objc_abi_version -Xlinker 2 -Xlinker -dependency_info -Xlinker /Users/fukushimatakumi/Library/Developer/Xcode/DerivedData/SugarBeat-hgoxfxbbugxkfsbmqcjlbmjeaqyg/Build/Intermediates.noindex/gRPC.build/Debug-iphonesimulator/grpcppWrapper.build/Objects-normal/arm64/grpcppWrapper_dependency_info.dat -fobjc-arc -fobjc-link-runtime -o /Users/fukushimatakumi/Library/Developer/Xcode/DerivedData/SugarBeat-hgoxfxbbugxkfsbmqcjlbmjeaqyg/Build/Products/Debug-iphonesimulator/grpcppWrapper.o

RegisterExecutionPolicyException /Users/fukushimatakumi/Library/Developer/Xcode/DerivedData/SugarBeat-hgoxfxbbugxkfsbmqcjlbmjeaqyg/Build/Products/Debug-iphonesimulator/FirebaseCoreExtension.o (in target 'FirebaseCoreExtension' from project 'Firebase')
    cd /Users/fukushimatakumi/Library/Developer/Xcode/DerivedData/SugarBeat-hgoxfxbbugxkfsbmqcjlbmjeaqyg/SourcePackages/checkouts/firebase-ios-sdk
    builtin-RegisterExecutionPolicyException /Users/fukushimatakumi/Library/Developer/Xcode/DerivedData/SugarBeat-hgoxfxbbugxkfsbmqcjlbmjeaqyg/Build/Products/Debug-iphonesimulator/FirebaseCoreExtension.o

PrecompileModule /Users/fukushimatakumi/Library/Developer/Xcode/DerivedData/SugarBeat-hgoxfxbbugxkfsbmqcjlbmjeaqyg/Build/Intermediates.noindex/ExplicitPrecompiledModules/XPC-6C6051GM8XF1NBC5HJXAJ03ZF.scan
    cd /Users/fukushimatakumi/develop/sugarbeat/sugarbeat-front
    builtin-precompileModule /Users/fukushimatakumi/Library/Developer/Xcode/DerivedData/SugarBeat-hgoxfxbbugxkfsbmqcjlbmjeaqyg/Build/Intermediates.noindex/ExplicitPrecompiledModules/XPC-6C6051GM8XF1NBC5HJXAJ03ZF.scan

PrecompileModule /Users/fukushimatakumi/Library/Developer/Xcode/DerivedData/SugarBeat-hgoxfxbbugxkfsbmqcjlbmjeaqyg/Build/Intermediates.noindex/ExplicitPrecompiledModules/CoreFoundation-1Z03EN3U2602RM5I5352N5ZDA.scan
    cd /Users/fukushimatakumi/develop/sugarbeat/sugarbeat-front
    builtin-precompileModule /Users/fukushimatakumi/Library/Developer/Xcode/DerivedData/SugarBeat-hgoxfxbbugxkfsbmqcjlbmjeaqyg/Build/Intermediates.noindex/ExplicitPrecompiledModules/CoreFoundation-1Z03EN3U2602RM5I5352N5ZDA.scan

RegisterExecutionPolicyException /Users/fukushimatakumi/Library/Developer/Xcode/DerivedData/SugarBeat-hgoxfxbbugxkfsbmqcjlbmjeaqyg/Build/Products/Debug-iphonesimulator/GTMSessionFetcherCore.o (in target 'GTMSessionFetcherCore' from project 'GTMSessionFetcher')
    cd /Users/fukushimatakumi/Library/Developer/Xcode/DerivedData/SugarBeat-hgoxfxbbugxkfsbmqcjlbmjeaqyg/SourcePackages/checkouts/gtm-session-fetcher
    builtin-RegisterExecutionPolicyException /Users/fukushimatakumi/Library/Developer/Xcode/DerivedData/SugarBeat-hgoxfxbbugxkfsbmqcjlbmjeaqyg/Build/Products/Debug-iphonesimulator/GTMSessionFetcherCore.o

RegisterExecutionPolicyException /Users/fukushimatakumi/Library/Developer/Xcode/DerivedData/SugarBeat-hgoxfxbbugxkfsbmqcjlbmjeaqyg/Build/Products/Debug-iphonesimulator/AppAuthCore.o (in target 'AppAuthCore' from project 'AppAuth')
    cd /Users/fukushimatakumi/Library/Developer/Xcode/DerivedData/SugarBeat-hgoxfxbbugxkfsbmqcjlbmjeaqyg/SourcePackages/checkouts/AppAuth-iOS
    builtin-RegisterExecutionPolicyException /Users/fukushimatakumi/Library/Developer/Xcode/DerivedData/SugarBeat-hgoxfxbbugxkfsbmqcjlbmjeaqyg/Build/Products/Debug-iphonesimulator/AppAuthCore.o

ExtractAppIntentsMetadata (in target 'FirebaseCoreInternal' from project 'Firebase')
    cd /Users/fukushimatakumi/Library/Developer/Xcode/DerivedData/SugarBeat-hgoxfxbbugxkfsbmqcjlbmjeaqyg/SourcePackages/checkouts/firebase-ios-sdk
    /Applications/Xcode.app/Contents/Developer/Toolchains/XcodeDefault.xctoolchain/usr/bin/appintentsmetadataprocessor --toolchain-dir /Applications/Xcode.app/Contents/Developer/Toolchains/XcodeDefault.xctoolchain --module-name FirebaseCoreInternal --sdk-root /Applications/Xcode.app/Contents/Developer/Platforms/iPhoneSimulator.platform/Developer/SDKs/iPhoneSimulator18.4.sdk --xcode-version 16E140 --platform-family iOS --deployment-target 15.0 --bundle-identifier firebase-ios-sdk.FirebaseCoreInternal --output /Users/fukushimatakumi/Library/Developer/Xcode/DerivedData/SugarBeat-hgoxfxbbugxkfsbmqcjlbmjeaqyg/Build/Products/Debug-iphonesimulator/FirebaseCoreInternal.appintents --target-triple arm64-apple-ios15.0-simulator --binary-file /Users/fukushimatakumi/Library/Developer/Xcode/DerivedData/SugarBeat-hgoxfxbbugxkfsbmqcjlbmjeaqyg/Build/Products/Debug-iphonesimulator/FirebaseCoreInternal.o --dependency-file /Users/fukushimatakumi/Library/Developer/Xcode/DerivedData/SugarBeat-hgoxfxbbugxkfsbmqcjlbmjeaqyg/Build/Intermediates.noindex/Firebase.build/Debug-iphonesimulator/FirebaseCoreInternal.build/Objects-normal/arm64/FirebaseCoreInternal_dependency_info.dat --stringsdata-file /Users/fukushimatakumi/Library/Developer/Xcode/DerivedData/SugarBeat-hgoxfxbbugxkfsbmqcjlbmjeaqyg/Build/Intermediates.noindex/Firebase.build/Debug-iphonesimulator/FirebaseCoreInternal.build/Objects-normal/arm64/ExtractedAppShortcutsMetadata.stringsdata --source-file-list /Users/fukushimatakumi/Library/Developer/Xcode/DerivedData/SugarBeat-hgoxfxbbugxkfsbmqcjlbmjeaqyg/Build/Intermediates.noindex/Firebase.build/Debug-iphonesimulator/FirebaseCoreInternal.build/Objects-normal/arm64/FirebaseCoreInternal.SwiftFileList --metadata-file-list /Users/fukushimatakumi/Library/Developer/Xcode/DerivedData/SugarBeat-hgoxfxbbugxkfsbmqcjlbmjeaqyg/Build/Intermediates.noindex/Firebase.build/Debug-iphonesimulator/FirebaseCoreInternal.build/FirebaseCoreInternal.DependencyMetadataFileList --static-metadata-file-list /Users/fukushimatakumi/Library/Developer/Xcode/DerivedData/SugarBeat-hgoxfxbbugxkfsbmqcjlbmjeaqyg/Build/Intermediates.noindex/Firebase.build/Debug-iphonesimulator/FirebaseCoreInternal.build/FirebaseCoreInternal.DependencyStaticMetadataFileList --swift-const-vals-list /Users/fukushimatakumi/Library/Developer/Xcode/DerivedData/SugarBeat-hgoxfxbbugxkfsbmqcjlbmjeaqyg/Build/Intermediates.noindex/Firebase.build/Debug-iphonesimulator/FirebaseCoreInternal.build/Objects-normal/arm64/FirebaseCoreInternal.SwiftConstValuesFileList --force --compile-time-extraction --deployment-aware-processing --validate-assistant-intents --no-app-shortcuts-localization
2026-01-13 23:18:14.177 appintentsmetadataprocessor[16112:13988436] Starting appintentsmetadataprocessor export
2026-01-13 23:18:14.217 appintentsmetadataprocessor[16112:13988436] Extracted no relevant App Intents symbols, skipping writing output

RegisterExecutionPolicyException /Users/fukushimatakumi/Library/Developer/Xcode/DerivedData/SugarBeat-hgoxfxbbugxkfsbmqcjlbmjeaqyg/Build/Products/Debug-iphonesimulator/GoogleUtilities-Logger.o (in target 'GoogleUtilities-Logger' from project 'GoogleUtilities')
    cd /Users/fukushimatakumi/Library/Developer/Xcode/DerivedData/SugarBeat-hgoxfxbbugxkfsbmqcjlbmjeaqyg/SourcePackages/checkouts/GoogleUtilities
    builtin-RegisterExecutionPolicyException /Users/fukushimatakumi/Library/Developer/Xcode/DerivedData/SugarBeat-hgoxfxbbugxkfsbmqcjlbmjeaqyg/Build/Products/Debug-iphonesimulator/GoogleUtilities-Logger.o

Ld /Users/fukushimatakumi/Library/Developer/Xcode/DerivedData/SugarBeat-hgoxfxbbugxkfsbmqcjlbmjeaqyg/Build/Products/Debug-iphonesimulator/AppAuth.o normal (in target 'AppAuth' from project 'AppAuth')
    cd /Users/fukushimatakumi/Library/Developer/Xcode/DerivedData/SugarBeat-hgoxfxbbugxkfsbmqcjlbmjeaqyg/SourcePackages/checkouts/AppAuth-iOS
    /Applications/Xcode.app/Contents/Developer/Toolchains/XcodeDefault.xctoolchain/usr/bin/clang -Xlinker -reproducible -target arm64-apple-ios12.0-simulator -r -isysroot /Applications/Xcode.app/Contents/Developer/Platforms/iPhoneSimulator.platform/Developer/SDKs/iPhoneSimulator18.4.sdk -O0 -w -L/Users/fukushimatakumi/Library/Developer/Xcode/DerivedData/SugarBeat-hgoxfxbbugxkfsbmqcjlbmjeaqyg/Build/Intermediates.noindex/EagerLinkingTBDs/Debug-iphonesimulator -L/Users/fukushimatakumi/Library/Developer/Xcode/DerivedData/SugarBeat-hgoxfxbbugxkfsbmqcjlbmjeaqyg/Build/Products/Debug-iphonesimulator -L/Applications/Xcode.app/Contents/Developer/Platforms/iPhoneSimulator.platform/Developer/usr/lib -F/Users/fukushimatakumi/Library/Developer/Xcode/DerivedData/SugarBeat-hgoxfxbbugxkfsbmqcjlbmjeaqyg/Build/Intermediates.noindex/EagerLinkingTBDs/Debug-iphonesimulator -F/Users/fukushimatakumi/Library/Developer/Xcode/DerivedData/SugarBeat-hgoxfxbbugxkfsbmqcjlbmjeaqyg/Build/Products/Debug-iphonesimulator/PackageFrameworks -F/Users/fukushimatakumi/Library/Developer/Xcode/DerivedData/SugarBeat-hgoxfxbbugxkfsbmqcjlbmjeaqyg/Build/Products/Debug-iphonesimulator -iframework /Applications/Xcode.app/Contents/Developer/Platforms/iPhoneSimulator.platform/Developer/Library/Frameworks -iframework /Applications/Xcode.app/Contents/Developer/Platforms/iPhoneSimulator.platform/Developer/SDKs/iPhoneSimulator18.4.sdk/Developer/Library/Frameworks -filelist /Users/fukushimatakumi/Library/Developer/Xcode/DerivedData/SugarBeat-hgoxfxbbugxkfsbmqcjlbmjeaqyg/Build/Intermediates.noindex/AppAuth.build/Debug-iphonesimulator/AppAuth.build/Objects-normal/arm64/AppAuth.LinkFileList -nostdlib -Xlinker -object_path_lto -Xlinker /Users/fukushimatakumi/Library/Developer/Xcode/DerivedData/SugarBeat-hgoxfxbbugxkfsbmqcjlbmjeaqyg/Build/Intermediates.noindex/AppAuth.build/Debug-iphonesimulator/AppAuth.build/Objects-normal/arm64/AppAuth_lto.o -rdynamic -Xlinker -no_deduplicate -Xlinker -objc_abi_version -Xlinker 2 -Xlinker -dependency_info -Xlinker /Users/fukushimatakumi/Library/Developer/Xcode/DerivedData/SugarBeat-hgoxfxbbugxkfsbmqcjlbmjeaqyg/Build/Intermediates.noindex/AppAuth.build/Debug-iphonesimulator/AppAuth.build/Objects-normal/arm64/AppAuth_dependency_info.dat -fobjc-arc -fobjc-link-runtime -o /Users/fukushimatakumi/Library/Developer/Xcode/DerivedData/SugarBeat-hgoxfxbbugxkfsbmqcjlbmjeaqyg/Build/Products/Debug-iphonesimulator/AppAuth.o

RegisterExecutionPolicyException /Users/fukushimatakumi/Library/Developer/Xcode/DerivedData/SugarBeat-hgoxfxbbugxkfsbmqcjlbmjeaqyg/Build/Products/Debug-iphonesimulator/GoogleMobileAdsTarget.o (in target 'GoogleMobileAdsTarget' from project 'GoogleMobileAds')
    cd /Users/fukushimatakumi/Library/Developer/Xcode/DerivedData/SugarBeat-hgoxfxbbugxkfsbmqcjlbmjeaqyg/SourcePackages/checkouts/swift-package-manager-google-mobile-ads
    builtin-RegisterExecutionPolicyException /Users/fukushimatakumi/Library/Developer/Xcode/DerivedData/SugarBeat-hgoxfxbbugxkfsbmqcjlbmjeaqyg/Build/Products/Debug-iphonesimulator/GoogleMobileAdsTarget.o

SwiftDriverJobDiscovery normal arm64 Compiling resource_bundle_accessor.swift, CollectionReference+AsyncAwait.swift, Firestore+AsyncAwait.swift (in target 'FirebaseFirestore' from project 'Firebase')

SwiftDriverJobDiscovery normal arm64 Compiling TimestampEncodingStrategy.swift, Transaction+WriteEncodable.swift, VectorValue+Codable.swift (in target 'FirebaseFirestore' from project 'Firebase')

Ld /Users/fukushimatakumi/Library/Developer/Xcode/DerivedData/SugarBeat-hgoxfxbbugxkfsbmqcjlbmjeaqyg/Build/Products/Debug-iphonesimulator/GTMAppAuth.o normal (in target 'GTMAppAuth' from project 'GTMAppAuth')
    cd /Users/fukushimatakumi/Library/Developer/Xcode/DerivedData/SugarBeat-hgoxfxbbugxkfsbmqcjlbmjeaqyg/SourcePackages/checkouts/GTMAppAuth
    /Applications/Xcode.app/Contents/Developer/Toolchains/XcodeDefault.xctoolchain/usr/bin/clang -Xlinker -reproducible -target arm64-apple-ios12.0-simulator -r -isysroot /Applications/Xcode.app/Contents/Developer/Platforms/iPhoneSimulator.platform/Developer/SDKs/iPhoneSimulator18.4.sdk -O0 -w -L/Users/fukushimatakumi/Library/Developer/Xcode/DerivedData/SugarBeat-hgoxfxbbugxkfsbmqcjlbmjeaqyg/Build/Intermediates.noindex/EagerLinkingTBDs/Debug-iphonesimulator -L/Users/fukushimatakumi/Library/Developer/Xcode/DerivedData/SugarBeat-hgoxfxbbugxkfsbmqcjlbmjeaqyg/Build/Products/Debug-iphonesimulator -L/Applications/Xcode.app/Contents/Developer/Platforms/iPhoneSimulator.platform/Developer/usr/lib -F/Users/fukushimatakumi/Library/Developer/Xcode/DerivedData/SugarBeat-hgoxfxbbugxkfsbmqcjlbmjeaqyg/Build/Intermediates.noindex/EagerLinkingTBDs/Debug-iphonesimulator -F/Users/fukushimatakumi/Library/Developer/Xcode/DerivedData/SugarBeat-hgoxfxbbugxkfsbmqcjlbmjeaqyg/Build/Products/Debug-iphonesimulator/PackageFrameworks -F/Users/fukushimatakumi/Library/Developer/Xcode/DerivedData/SugarBeat-hgoxfxbbugxkfsbmqcjlbmjeaqyg/Build/Products/Debug-iphonesimulator/PackageFrameworks -F/Users/fukushimatakumi/Library/Developer/Xcode/DerivedData/SugarBeat-hgoxfxbbugxkfsbmqcjlbmjeaqyg/Build/Products/Debug-iphonesimulator -iframework /Applications/Xcode.app/Contents/Developer/Platforms/iPhoneSimulator.platform/Developer/Library/Frameworks -iframework /Applications/Xcode.app/Contents/Developer/Platforms/iPhoneSimulator.platform/Developer/SDKs/iPhoneSimulator18.4.sdk/Developer/Library/Frameworks -filelist /Users/fukushimatakumi/Library/Developer/Xcode/DerivedData/SugarBeat-hgoxfxbbugxkfsbmqcjlbmjeaqyg/Build/Intermediates.noindex/GTMAppAuth.build/Debug-iphonesimulator/GTMAppAuth.build/Objects-normal/arm64/GTMAppAuth.LinkFileList -nostdlib -Xlinker -object_path_lto -Xlinker /Users/fukushimatakumi/Library/Developer/Xcode/DerivedData/SugarBeat-hgoxfxbbugxkfsbmqcjlbmjeaqyg/Build/Intermediates.noindex/GTMAppAuth.build/Debug-iphonesimulator/GTMAppAuth.build/Objects-normal/arm64/GTMAppAuth_lto.o -rdynamic -Xlinker -no_deduplicate -Xlinker -objc_abi_version -Xlinker 2 -Xlinker -dependency_info -Xlinker /Users/fukushimatakumi/Library/Developer/Xcode/DerivedData/SugarBeat-hgoxfxbbugxkfsbmqcjlbmjeaqyg/Build/Intermediates.noindex/GTMAppAuth.build/Debug-iphonesimulator/GTMAppAuth.build/Objects-normal/arm64/GTMAppAuth_dependency_info.dat -fobjc-link-runtime -L/Applications/Xcode.app/Contents/Developer/Toolchains/XcodeDefault.xctoolchain/usr/lib/swift/iphonesimulator -L/usr/lib/swift -Xlinker -add_ast_path -Xlinker /Users/fukushimatakumi/Library/Developer/Xcode/DerivedData/SugarBeat-hgoxfxbbugxkfsbmqcjlbmjeaqyg/Build/Intermediates.noindex/GTMAppAuth.build/Debug-iphonesimulator/GTMAppAuth.build/Objects-normal/arm64/GTMAppAuth.swiftmodule -o /Users/fukushimatakumi/Library/Developer/Xcode/DerivedData/SugarBeat-hgoxfxbbugxkfsbmqcjlbmjeaqyg/Build/Products/Debug-iphonesimulator/GTMAppAuth.o

RegisterExecutionPolicyException /Users/fukushimatakumi/Library/Developer/Xcode/DerivedData/SugarBeat-hgoxfxbbugxkfsbmqcjlbmjeaqyg/Build/Products/Debug-iphonesimulator/grpcppWrapper.o (in target 'grpcppWrapper' from project 'gRPC')
    cd /Users/fukushimatakumi/Library/Developer/Xcode/DerivedData/SugarBeat-hgoxfxbbugxkfsbmqcjlbmjeaqyg/SourcePackages/checkouts/grpc-binary
    builtin-RegisterExecutionPolicyException /Users/fukushimatakumi/Library/Developer/Xcode/DerivedData/SugarBeat-hgoxfxbbugxkfsbmqcjlbmjeaqyg/Build/Products/Debug-iphonesimulator/grpcppWrapper.o

Ld /Users/fukushimatakumi/Library/Developer/Xcode/DerivedData/SugarBeat-hgoxfxbbugxkfsbmqcjlbmjeaqyg/Build/Products/Debug-iphonesimulator/GoogleUtilities-UserDefaults.o normal (in target 'GoogleUtilities-UserDefaults' from project 'GoogleUtilities')
    cd /Users/fukushimatakumi/Library/Developer/Xcode/DerivedData/SugarBeat-hgoxfxbbugxkfsbmqcjlbmjeaqyg/SourcePackages/checkouts/GoogleUtilities
    /Applications/Xcode.app/Contents/Developer/Toolchains/XcodeDefault.xctoolchain/usr/bin/clang -Xlinker -reproducible -target arm64-apple-ios12.0-simulator -r -isysroot /Applications/Xcode.app/Contents/Developer/Platforms/iPhoneSimulator.platform/Developer/SDKs/iPhoneSimulator18.4.sdk -O0 -w -L/Users/fukushimatakumi/Library/Developer/Xcode/DerivedData/SugarBeat-hgoxfxbbugxkfsbmqcjlbmjeaqyg/Build/Intermediates.noindex/EagerLinkingTBDs/Debug-iphonesimulator -L/Users/fukushimatakumi/Library/Developer/Xcode/DerivedData/SugarBeat-hgoxfxbbugxkfsbmqcjlbmjeaqyg/Build/Products/Debug-iphonesimulator -L/Applications/Xcode.app/Contents/Developer/Platforms/iPhoneSimulator.platform/Developer/usr/lib -F/Users/fukushimatakumi/Library/Developer/Xcode/DerivedData/SugarBeat-hgoxfxbbugxkfsbmqcjlbmjeaqyg/Build/Intermediates.noindex/EagerLinkingTBDs/Debug-iphonesimulator -F/Users/fukushimatakumi/Library/Developer/Xcode/DerivedData/SugarBeat-hgoxfxbbugxkfsbmqcjlbmjeaqyg/Build/Products/Debug-iphonesimulator/PackageFrameworks -F/Users/fukushimatakumi/Library/Developer/Xcode/DerivedData/SugarBeat-hgoxfxbbugxkfsbmqcjlbmjeaqyg/Build/Products/Debug-iphonesimulator/PackageFrameworks -F/Users/fukushimatakumi/Library/Developer/Xcode/DerivedData/SugarBeat-hgoxfxbbugxkfsbmqcjlbmjeaqyg/Build/Products/Debug-iphonesimulator/PackageFrameworks -F/Users/fukushimatakumi/Library/Developer/Xcode/DerivedData/SugarBeat-hgoxfxbbugxkfsbmqcjlbmjeaqyg/Build/Products/Debug-iphonesimulator -iframework /Applications/Xcode.app/Contents/Developer/Platforms/iPhoneSimulator.platform/Developer/Library/Frameworks -iframework /Applications/Xcode.app/Contents/Developer/Platforms/iPhoneSimulator.platform/Developer/SDKs/iPhoneSimulator18.4.sdk/Developer/Library/Frameworks -filelist /Users/fukushimatakumi/Library/Developer/Xcode/DerivedData/SugarBeat-hgoxfxbbugxkfsbmqcjlbmjeaqyg/Build/Intermediates.noindex/GoogleUtilities.build/Debug-iphonesimulator/GoogleUtilities-UserDefaults.build/Objects-normal/arm64/GoogleUtilities-UserDefaults.LinkFileList -nostdlib -Xlinker -object_path_lto -Xlinker /Users/fukushimatakumi/Library/Developer/Xcode/DerivedData/SugarBeat-hgoxfxbbugxkfsbmqcjlbmjeaqyg/Build/Intermediates.noindex/GoogleUtilities.build/Debug-iphonesimulator/GoogleUtilities-UserDefaults.build/Objects-normal/arm64/GoogleUtilities-UserDefaults_lto.o -rdynamic -Xlinker -no_deduplicate -Xlinker -objc_abi_version -Xlinker 2 -Xlinker -dependency_info -Xlinker /Users/fukushimatakumi/Library/Developer/Xcode/DerivedData/SugarBeat-hgoxfxbbugxkfsbmqcjlbmjeaqyg/Build/Intermediates.noindex/GoogleUtilities.build/Debug-iphonesimulator/GoogleUtilities-UserDefaults.build/Objects-normal/arm64/GoogleUtilities-UserDefaults_dependency_info.dat -fobjc-arc -fobjc-link-runtime -o /Users/fukushimatakumi/Library/Developer/Xcode/DerivedData/SugarBeat-hgoxfxbbugxkfsbmqcjlbmjeaqyg/Build/Products/Debug-iphonesimulator/GoogleUtilities-UserDefaults.o

Ld /Users/fukushimatakumi/Library/Developer/Xcode/DerivedData/SugarBeat-hgoxfxbbugxkfsbmqcjlbmjeaqyg/Build/Products/Debug-iphonesimulator/GoogleUtilities-Reachability.o normal (in target 'GoogleUtilities-Reachability' from project 'GoogleUtilities')
    cd /Users/fukushimatakumi/Library/Developer/Xcode/DerivedData/SugarBeat-hgoxfxbbugxkfsbmqcjlbmjeaqyg/SourcePackages/checkouts/GoogleUtilities
    /Applications/Xcode.app/Contents/Developer/Toolchains/XcodeDefault.xctoolchain/usr/bin/clang -Xlinker -reproducible -target arm64-apple-ios12.0-simulator -r -isysroot /Applications/Xcode.app/Contents/Developer/Platforms/iPhoneSimulator.platform/Developer/SDKs/iPhoneSimulator18.4.sdk -O0 -w -L/Users/fukushimatakumi/Library/Developer/Xcode/DerivedData/SugarBeat-hgoxfxbbugxkfsbmqcjlbmjeaqyg/Build/Intermediates.noindex/EagerLinkingTBDs/Debug-iphonesimulator -L/Users/fukushimatakumi/Library/Developer/Xcode/DerivedData/SugarBeat-hgoxfxbbugxkfsbmqcjlbmjeaqyg/Build/Products/Debug-iphonesimulator -L/Applications/Xcode.app/Contents/Developer/Platforms/iPhoneSimulator.platform/Developer/usr/lib -F/Users/fukushimatakumi/Library/Developer/Xcode/DerivedData/SugarBeat-hgoxfxbbugxkfsbmqcjlbmjeaqyg/Build/Intermediates.noindex/EagerLinkingTBDs/Debug-iphonesimulator -F/Users/fukushimatakumi/Library/Developer/Xcode/DerivedData/SugarBeat-hgoxfxbbugxkfsbmqcjlbmjeaqyg/Build/Products/Debug-iphonesimulator/PackageFrameworks -F/Users/fukushimatakumi/Library/Developer/Xcode/DerivedData/SugarBeat-hgoxfxbbugxkfsbmqcjlbmjeaqyg/Build/Products/Debug-iphonesimulator/PackageFrameworks -F/Users/fukushimatakumi/Library/Developer/Xcode/DerivedData/SugarBeat-hgoxfxbbugxkfsbmqcjlbmjeaqyg/Build/Products/Debug-iphonesimulator/PackageFrameworks -F/Users/fukushimatakumi/Library/Developer/Xcode/DerivedData/SugarBeat-hgoxfxbbugxkfsbmqcjlbmjeaqyg/Build/Products/Debug-iphonesimulator -iframework /Applications/Xcode.app/Contents/Developer/Platforms/iPhoneSimulator.platform/Developer/Library/Frameworks -iframework /Applications/Xcode.app/Contents/Developer/Platforms/iPhoneSimulator.platform/Developer/SDKs/iPhoneSimulator18.4.sdk/Developer/Library/Frameworks -filelist /Users/fukushimatakumi/Library/Developer/Xcode/DerivedData/SugarBeat-hgoxfxbbugxkfsbmqcjlbmjeaqyg/Build/Intermediates.noindex/GoogleUtilities.build/Debug-iphonesimulator/GoogleUtilities-Reachability.build/Objects-normal/arm64/GoogleUtilities-Reachability.LinkFileList -nostdlib -Xlinker -object_path_lto -Xlinker /Users/fukushimatakumi/Library/Developer/Xcode/DerivedData/SugarBeat-hgoxfxbbugxkfsbmqcjlbmjeaqyg/Build/Intermediates.noindex/GoogleUtilities.build/Debug-iphonesimulator/GoogleUtilities-Reachability.build/Objects-normal/arm64/GoogleUtilities-Reachability_lto.o -rdynamic -Xlinker -no_deduplicate -Xlinker -objc_abi_version -Xlinker 2 -Xlinker -dependency_info -Xlinker /Users/fukushimatakumi/Library/Developer/Xcode/DerivedData/SugarBeat-hgoxfxbbugxkfsbmqcjlbmjeaqyg/Build/Intermediates.noindex/GoogleUtilities.build/Debug-iphonesimulator/GoogleUtilities-Reachability.build/Objects-normal/arm64/GoogleUtilities-Reachability_dependency_info.dat -fobjc-arc -fobjc-link-runtime -o /Users/fukushimatakumi/Library/Developer/Xcode/DerivedData/SugarBeat-hgoxfxbbugxkfsbmqcjlbmjeaqyg/Build/Products/Debug-iphonesimulator/GoogleUtilities-Reachability.o

RegisterExecutionPolicyException /Users/fukushimatakumi/Library/Developer/Xcode/DerivedData/SugarBeat-hgoxfxbbugxkfsbmqcjlbmjeaqyg/Build/Products/Debug-iphonesimulator/AppAuth.o (in target 'AppAuth' from project 'AppAuth')
    cd /Users/fukushimatakumi/Library/Developer/Xcode/DerivedData/SugarBeat-hgoxfxbbugxkfsbmqcjlbmjeaqyg/SourcePackages/checkouts/AppAuth-iOS
    builtin-RegisterExecutionPolicyException /Users/fukushimatakumi/Library/Developer/Xcode/DerivedData/SugarBeat-hgoxfxbbugxkfsbmqcjlbmjeaqyg/Build/Products/Debug-iphonesimulator/AppAuth.o

PrecompileModule /Users/fukushimatakumi/Library/Developer/Xcode/DerivedData/SugarBeat-hgoxfxbbugxkfsbmqcjlbmjeaqyg/Build/Intermediates.noindex/ExplicitPrecompiledModules/Security-9HFQL48OTFB99I7TD63TJ8QJV.scan
    cd /Users/fukushimatakumi/develop/sugarbeat/sugarbeat-front
    builtin-precompileModule /Users/fukushimatakumi/Library/Developer/Xcode/DerivedData/SugarBeat-hgoxfxbbugxkfsbmqcjlbmjeaqyg/Build/Intermediates.noindex/ExplicitPrecompiledModules/Security-9HFQL48OTFB99I7TD63TJ8QJV.scan

PrecompileModule /Users/fukushimatakumi/Library/Developer/Xcode/DerivedData/SugarBeat-hgoxfxbbugxkfsbmqcjlbmjeaqyg/Build/Intermediates.noindex/ExplicitPrecompiledModules/CoreAudioTypes-37RJK6OBK526JO03PL0VS2HKH.scan
    cd /Users/fukushimatakumi/develop/sugarbeat/sugarbeat-front
    builtin-precompileModule /Users/fukushimatakumi/Library/Developer/Xcode/DerivedData/SugarBeat-hgoxfxbbugxkfsbmqcjlbmjeaqyg/Build/Intermediates.noindex/ExplicitPrecompiledModules/CoreAudioTypes-37RJK6OBK526JO03PL0VS2HKH.scan

PrecompileModule /Users/fukushimatakumi/Library/Developer/Xcode/DerivedData/SugarBeat-hgoxfxbbugxkfsbmqcjlbmjeaqyg/Build/Intermediates.noindex/ExplicitPrecompiledModules/CoreGraphics-B3MFZHODVZQAXUOI24DAR696Q.scan
    cd /Users/fukushimatakumi/develop/sugarbeat/sugarbeat-front
    builtin-precompileModule /Users/fukushimatakumi/Library/Developer/Xcode/DerivedData/SugarBeat-hgoxfxbbugxkfsbmqcjlbmjeaqyg/Build/Intermediates.noindex/ExplicitPrecompiledModules/CoreGraphics-B3MFZHODVZQAXUOI24DAR696Q.scan

PrecompileModule /Users/fukushimatakumi/Library/Developer/Xcode/DerivedData/SugarBeat-hgoxfxbbugxkfsbmqcjlbmjeaqyg/Build/Intermediates.noindex/ExplicitPrecompiledModules/CFNetwork-9II8FBTBEVSOLL3W8IHAJEO6F.scan
    cd /Users/fukushimatakumi/develop/sugarbeat/sugarbeat-front
    builtin-precompileModule /Users/fukushimatakumi/Library/Developer/Xcode/DerivedData/SugarBeat-hgoxfxbbugxkfsbmqcjlbmjeaqyg/Build/Intermediates.noindex/ExplicitPrecompiledModules/CFNetwork-9II8FBTBEVSOLL3W8IHAJEO6F.scan

ExtractAppIntentsMetadata (in target 'GTMAppAuth' from project 'GTMAppAuth')
    cd /Users/fukushimatakumi/Library/Developer/Xcode/DerivedData/SugarBeat-hgoxfxbbugxkfsbmqcjlbmjeaqyg/SourcePackages/checkouts/GTMAppAuth
    /Applications/Xcode.app/Contents/Developer/Toolchains/XcodeDefault.xctoolchain/usr/bin/appintentsmetadataprocessor --toolchain-dir /Applications/Xcode.app/Contents/Developer/Toolchains/XcodeDefault.xctoolchain --module-name GTMAppAuth --sdk-root /Applications/Xcode.app/Contents/Developer/Platforms/iPhoneSimulator.platform/Developer/SDKs/iPhoneSimulator18.4.sdk --xcode-version 16E140 --platform-family iOS --deployment-target 12.0 --bundle-identifier gtmappauth.GTMAppAuth --output /Users/fukushimatakumi/Library/Developer/Xcode/DerivedData/SugarBeat-hgoxfxbbugxkfsbmqcjlbmjeaqyg/Build/Products/Debug-iphonesimulator/GTMAppAuth.appintents --target-triple arm64-apple-ios12.0-simulator --binary-file /Users/fukushimatakumi/Library/Developer/Xcode/DerivedData/SugarBeat-hgoxfxbbugxkfsbmqcjlbmjeaqyg/Build/Products/Debug-iphonesimulator/GTMAppAuth.o --dependency-file /Users/fukushimatakumi/Library/Developer/Xcode/DerivedData/SugarBeat-hgoxfxbbugxkfsbmqcjlbmjeaqyg/Build/Intermediates.noindex/GTMAppAuth.build/Debug-iphonesimulator/GTMAppAuth.build/Objects-normal/arm64/GTMAppAuth_dependency_info.dat --stringsdata-file /Users/fukushimatakumi/Library/Developer/Xcode/DerivedData/SugarBeat-hgoxfxbbugxkfsbmqcjlbmjeaqyg/Build/Intermediates.noindex/GTMAppAuth.build/Debug-iphonesimulator/GTMAppAuth.build/Objects-normal/arm64/ExtractedAppShortcutsMetadata.stringsdata --source-file-list /Users/fukushimatakumi/Library/Developer/Xcode/DerivedData/SugarBeat-hgoxfxbbugxkfsbmqcjlbmjeaqyg/Build/Intermediates.noindex/GTMAppAuth.build/Debug-iphonesimulator/GTMAppAuth.build/Objects-normal/arm64/GTMAppAuth.SwiftFileList --metadata-file-list /Users/fukushimatakumi/Library/Developer/Xcode/DerivedData/SugarBeat-hgoxfxbbugxkfsbmqcjlbmjeaqyg/Build/Intermediates.noindex/GTMAppAuth.build/Debug-iphonesimulator/GTMAppAuth.build/GTMAppAuth.DependencyMetadataFileList --static-metadata-file-list /Users/fukushimatakumi/Library/Developer/Xcode/DerivedData/SugarBeat-hgoxfxbbugxkfsbmqcjlbmjeaqyg/Build/Intermediates.noindex/GTMAppAuth.build/Debug-iphonesimulator/GTMAppAuth.build/GTMAppAuth.DependencyStaticMetadataFileList --swift-const-vals-list /Users/fukushimatakumi/Library/Developer/Xcode/DerivedData/SugarBeat-hgoxfxbbugxkfsbmqcjlbmjeaqyg/Build/Intermediates.noindex/GTMAppAuth.build/Debug-iphonesimulator/GTMAppAuth.build/Objects-normal/arm64/GTMAppAuth.SwiftConstValuesFileList --force --compile-time-extraction --deployment-aware-processing --validate-assistant-intents --no-app-shortcuts-localization
2026-01-13 23:18:14.250 appintentsmetadataprocessor[16125:13988489] Starting appintentsmetadataprocessor export
2026-01-13 23:18:14.289 appintentsmetadataprocessor[16125:13988489] Extracted no relevant App Intents symbols, skipping writing output

RegisterExecutionPolicyException /Users/fukushimatakumi/Library/Developer/Xcode/DerivedData/SugarBeat-hgoxfxbbugxkfsbmqcjlbmjeaqyg/Build/Products/Debug-iphonesimulator/FirebaseCoreInternal.o (in target 'FirebaseCoreInternal' from project 'Firebase')
    cd /Users/fukushimatakumi/Library/Developer/Xcode/DerivedData/SugarBeat-hgoxfxbbugxkfsbmqcjlbmjeaqyg/SourcePackages/checkouts/firebase-ios-sdk
    builtin-RegisterExecutionPolicyException /Users/fukushimatakumi/Library/Developer/Xcode/DerivedData/SugarBeat-hgoxfxbbugxkfsbmqcjlbmjeaqyg/Build/Products/Debug-iphonesimulator/FirebaseCoreInternal.o

SwiftDriverJobDiscovery normal arm64 Emitting module for FirebaseFirestore (in target 'FirebaseFirestore' from project 'Firebase')

SwiftDriver\ Compilation\ Requirements FirebaseFirestore normal arm64 com.apple.xcode.tools.swift.compiler (in target 'FirebaseFirestore' from project 'Firebase')
    cd /Users/fukushimatakumi/develop/sugarbeat/sugarbeat-front
    builtin-Swift-Compilation-Requirements -- /Applications/Xcode.app/Contents/Developer/Toolchains/XcodeDefault.xctoolchain/usr/bin/swiftc -module-name FirebaseFirestore -Onone -enforce-exclusivity\=checked @/Users/fukushimatakumi/Library/Developer/Xcode/DerivedData/SugarBeat-hgoxfxbbugxkfsbmqcjlbmjeaqyg/Build/Intermediates.noindex/Firebase.build/Debug-iphonesimulator/FirebaseFirestore.build/Objects-normal/arm64/FirebaseFirestore.SwiftFileList -DSWIFT_PACKAGE -DDEBUG -Xcc -fmodule-map-file\=/Users/fukushimatakumi/Library/Developer/Xcode/DerivedData/SugarBeat-hgoxfxbbugxkfsbmqcjlbmjeaqyg/Build/Intermediates.noindex/GeneratedModuleMaps-iphonesimulator/GoogleUtilities-NSData.modulemap -Xcc -fmodule-map-file\=/Users/fukushimatakumi/Library/Developer/Xcode/DerivedData/SugarBeat-hgoxfxbbugxkfsbmqcjlbmjeaqyg/Build/Intermediates.noindex/GeneratedModuleMaps-iphonesimulator/GoogleUtilities-Environment.modulemap -Xcc -fmodule-map-file\=/Users/fukushimatakumi/Library/Developer/Xcode/DerivedData/SugarBeat-hgoxfxbbugxkfsbmqcjlbmjeaqyg/Build/Intermediates.noindex/GeneratedModuleMaps-iphonesimulator/third-party-IsAppEncrypted.modulemap -Xcc -fmodule-map-file\=/Users/fukushimatakumi/Library/Developer/Xcode/DerivedData/SugarBeat-hgoxfxbbugxkfsbmqcjlbmjeaqyg/Build/Intermediates.noindex/GeneratedModuleMaps-iphonesimulator/GoogleUtilities-Logger.modulemap -Xcc -fmodule-map-file\=/Users/fukushimatakumi/Library/Developer/Xcode/DerivedData/SugarBeat-hgoxfxbbugxkfsbmqcjlbmjeaqyg/Build/Intermediates.noindex/GeneratedModuleMaps-iphonesimulator/abslWrapper.modulemap -Xcc -fmodule-map-file\=/Users/fukushimatakumi/Library/Developer/Xcode/DerivedData/SugarBeat-hgoxfxbbugxkfsbmqcjlbmjeaqyg/Build/Intermediates.noindex/GeneratedModuleMaps-iphonesimulator/opensslWrapper.modulemap -Xcc -fmodule-map-file\=/Users/fukushimatakumi/Library/Developer/Xcode/DerivedData/SugarBeat-hgoxfxbbugxkfsbmqcjlbmjeaqyg/Build/Intermediates.noindex/GeneratedModuleMaps-iphonesimulator/grpcWrapper.modulemap -Xcc -fmodule-map-file\=/Users/fukushimatakumi/Library/Developer/Xcode/DerivedData/SugarBeat-hgoxfxbbugxkfsbmqcjlbmjeaqyg/Build/Intermediates.noindex/GeneratedModuleMaps-iphonesimulator/grpcppWrapper.modulemap -Xcc -fmodule-map-file\=/Users/fukushimatakumi/Library/Developer/Xcode/DerivedData/SugarBeat-hgoxfxbbugxkfsbmqcjlbmjeaqyg/Build/Intermediates.noindex/GeneratedModuleMaps-iphonesimulator/nanopb.modulemap -Xcc -fmodule-map-file\=/Users/fukushimatakumi/Library/Developer/Xcode/DerivedData/SugarBeat-hgoxfxbbugxkfsbmqcjlbmjeaqyg/Build/Intermediates.noindex/GeneratedModuleMaps-iphonesimulator/leveldb.modulemap -Xcc -fmodule-map-file\=/Users/fukushimatakumi/Library/Developer/Xcode/DerivedData/SugarBeat-hgoxfxbbugxkfsbmqcjlbmjeaqyg/Build/Intermediates.noindex/GeneratedModuleMaps-iphonesimulator/FirebaseCoreExtension.modulemap -Xcc -fmodule-map-file\=/Users/fukushimatakumi/Library/Developer/Xcode/DerivedData/SugarBeat-hgoxfxbbugxkfsbmqcjlbmjeaqyg/Build/Intermediates.noindex/GeneratedModuleMaps-iphonesimulator/FirebaseCore.modulemap -Xcc -fmodule-map-file\=/Users/fukushimatakumi/Library/Developer/Xcode/DerivedData/SugarBeat-hgoxfxbbugxkfsbmqcjlbmjeaqyg/Build/Intermediates.noindex/GeneratedModuleMaps-iphonesimulator/FirebaseAppCheckInterop.modulemap -Xcc -fmodule-map-file\=/Users/fukushimatakumi/Library/Developer/Xcode/DerivedData/SugarBeat-hgoxfxbbugxkfsbmqcjlbmjeaqyg/Build/Intermediates.noindex/GeneratedModuleMaps-iphonesimulator/FirebaseFirestoreInternalWrapper.modulemap -DXcode -plugin-path /Applications/Xcode.app/Contents/Developer/Toolchains/XcodeDefault.xctoolchain/usr/lib/swift/host/plugins/testing -enable-experimental-feature DebugDescriptionMacro -sdk /Applications/Xcode.app/Contents/Developer/Platforms/iPhoneSimulator.platform/Developer/SDKs/iPhoneSimulator18.4.sdk -target arm64-apple-ios15.0-simulator -g -module-cache-path /Users/fukushimatakumi/Library/Developer/Xcode/DerivedData/ModuleCache.noindex -Xfrontend -serialize-debugging-options -enable-testing -suppress-warnings -index-store-path /Users/fukushimatakumi/Library/Developer/Xcode/DerivedData/SugarBeat-hgoxfxbbugxkfsbmqcjlbmjeaqyg/Index.noindex/DataStore -swift-version 5 -I /Users/fukushimatakumi/Library/Developer/Xcode/DerivedData/SugarBeat-hgoxfxbbugxkfsbmqcjlbmjeaqyg/Build/Products/Debug-iphonesimulator -I /Applications/Xcode.app/Contents/Developer/Platforms/iPhoneSimulator.platform/Developer/usr/lib -F /Users/fukushimatakumi/Library/Developer/Xcode/DerivedData/SugarBeat-hgoxfxbbugxkfsbmqcjlbmjeaqyg/Build/Products/Debug-iphonesimulator/PackageFrameworks -F /Users/fukushimatakumi/Library/Developer/Xcode/DerivedData/SugarBeat-hgoxfxbbugxkfsbmqcjlbmjeaqyg/Build/Products/Debug-iphonesimulator/PackageFrameworks -F /Users/fukushimatakumi/Library/Developer/Xcode/DerivedData/SugarBeat-hgoxfxbbugxkfsbmqcjlbmjeaqyg/Build/Products/Debug-iphonesimulator/PackageFrameworks -F /Users/fukushimatakumi/Library/Developer/Xcode/DerivedData/SugarBeat-hgoxfxbbugxkfsbmqcjlbmjeaqyg/Build/Products/Debug-iphonesimulator/PackageFrameworks -F /Users/fukushimatakumi/Library/Developer/Xcode/DerivedData/SugarBeat-hgoxfxbbugxkfsbmqcjlbmjeaqyg/Build/Products/Debug-iphonesimulator/PackageFrameworks -F /Users/fukushimatakumi/Library/Developer/Xcode/DerivedData/SugarBeat-hgoxfxbbugxkfsbmqcjlbmjeaqyg/Build/Products/Debug-iphonesimulator/PackageFrameworks -F /Users/fukushimatakumi/Library/Developer/Xcode/DerivedData/SugarBeat-hgoxfxbbugxkfsbmqcjlbmjeaqyg/Build/Products/Debug-iphonesimulator/PackageFrameworks -F /Users/fukushimatakumi/Library/Developer/Xcode/DerivedData/SugarBeat-hgoxfxbbugxkfsbmqcjlbmjeaqyg/Build/Products/Debug-iphonesimulator/PackageFrameworks -F /Users/fukushimatakumi/Library/Developer/Xcode/DerivedData/SugarBeat-hgoxfxbbugxkfsbmqcjlbmjeaqyg/Build/Products/Debug-iphonesimulator/PackageFrameworks -F /Users/fukushimatakumi/Library/Developer/Xcode/DerivedData/SugarBeat-hgoxfxbbugxkfsbmqcjlbmjeaqyg/Build/Products/Debug-iphonesimulator/PackageFrameworks -F /Users/fukushimatakumi/Library/Developer/Xcode/DerivedData/SugarBeat-hgoxfxbbugxkfsbmqcjlbmjeaqyg/Build/Products/Debug-iphonesimulator/PackageFrameworks -F /Users/fukushimatakumi/Library/Developer/Xcode/DerivedData/SugarBeat-hgoxfxbbugxkfsbmqcjlbmjeaqyg/Build/Products/Debug-iphonesimulator/PackageFrameworks -F /Users/fukushimatakumi/Library/Developer/Xcode/DerivedData/SugarBeat-hgoxfxbbugxkfsbmqcjlbmjeaqyg/Build/Products/Debug-iphonesimulator/PackageFrameworks -F /Users/fukushimatakumi/Library/Developer/Xcode/DerivedData/SugarBeat-hgoxfxbbugxkfsbmqcjlbmjeaqyg/Build/Products/Debug-iphonesimulator/PackageFrameworks -F /Users/fukushimatakumi/Library/Developer/Xcode/DerivedData/SugarBeat-hgoxfxbbugxkfsbmqcjlbmjeaqyg/Build/Products/Debug-iphonesimulator/PackageFrameworks -F /Users/fukushimatakumi/Library/Developer/Xcode/DerivedData/SugarBeat-hgoxfxbbugxkfsbmqcjlbmjeaqyg/Build/Products/Debug-iphonesimulator/PackageFrameworks -F /Users/fukushimatakumi/Library/Developer/Xcode/DerivedData/SugarBeat-hgoxfxbbugxkfsbmqcjlbmjeaqyg/Build/Products/Debug-iphonesimulator/PackageFrameworks -F /Users/fukushimatakumi/Library/Developer/Xcode/DerivedData/SugarBeat-hgoxfxbbugxkfsbmqcjlbmjeaqyg/Build/Products/Debug-iphonesimulator -F /Applications/Xcode.app/Contents/Developer/Platforms/iPhoneSimulator.platform/Developer/Library/Frameworks -F /Applications/Xcode.app/Contents/Developer/Platforms/iPhoneSimulator.platform/Developer/SDKs/iPhoneSimulator18.4.sdk/Developer/Library/Frameworks -c -j10 -enable-batch-mode -incremental -Xcc -ivfsstatcache -Xcc /Users/fukushimatakumi/Library/Developer/Xcode/DerivedData/SDKStatCaches.noindex/iphonesimulator18.4-22E235-71825a6d136aa4733edcbe86ece5525b.sdkstatcache -output-file-map /Users/fukushimatakumi/Library/Developer/Xcode/DerivedData/SugarBeat-hgoxfxbbugxkfsbmqcjlbmjeaqyg/Build/Intermediates.noindex/Firebase.build/Debug-iphonesimulator/FirebaseFirestore.build/Objects-normal/arm64/FirebaseFirestore-OutputFileMap.json -use-frontend-parseable-output -save-temps -no-color-diagnostics -serialize-diagnostics -emit-dependencies -emit-module -emit-module-path /Users/fukushimatakumi/Library/Developer/Xcode/DerivedData/SugarBeat-hgoxfxbbugxkfsbmqcjlbmjeaqyg/Build/Intermediates.noindex/Firebase.build/Debug-iphonesimulator/FirebaseFirestore.build/Objects-normal/arm64/FirebaseFirestore.swiftmodule -user-module-version 12.7.0 -validate-clang-modules-once -clang-build-session-file /Users/fukushimatakumi/Library/Developer/Xcode/DerivedData/ModuleCache.noindex/Session.modulevalidation -package-name firebase_ios_sdk -Xcc -I/Users/fukushimatakumi/Library/Developer/Xcode/DerivedData/SugarBeat-hgoxfxbbugxkfsbmqcjlbmjeaqyg/Build/Intermediates.noindex/Firebase.build/Debug-iphonesimulator/FirebaseFirestore.build/swift-overrides.hmap -emit-const-values -Xfrontend -const-gather-protocols-file -Xfrontend /Users/fukushimatakumi/Library/Developer/Xcode/DerivedData/SugarBeat-hgoxfxbbugxkfsbmqcjlbmjeaqyg/Build/Intermediates.noindex/Firebase.build/Debug-iphonesimulator/FirebaseFirestore.build/Objects-normal/arm64/FirebaseFirestore_const_extract_protocols.json -Xcc -I/Users/fukushimatakumi/Library/Developer/Xcode/DerivedData/SugarBeat-hgoxfxbbugxkfsbmqcjlbmjeaqyg/SourcePackages/checkouts/GoogleUtilities/GoogleUtilities/NSData+zlib/Public -Xcc -I/Users/fukushimatakumi/Library/Developer/Xcode/DerivedData/SugarBeat-hgoxfxbbugxkfsbmqcjlbmjeaqyg/SourcePackages/checkouts/GoogleUtilities/GoogleUtilities/Environment/Public -Xcc -I/Users/fukushimatakumi/Library/Developer/Xcode/DerivedData/SugarBeat-hgoxfxbbugxkfsbmqcjlbmjeaqyg/SourcePackages/checkouts/GoogleUtilities/third_party/IsAppEncrypted/Public -Xcc -I/Users/fukushimatakumi/Library/Developer/Xcode/DerivedData/SugarBeat-hgoxfxbbugxkfsbmqcjlbmjeaqyg/SourcePackages/checkouts/GoogleUtilities/GoogleUtilities/Logger/Public -Xcc -I/Users/fukushimatakumi/Library/Developer/Xcode/DerivedData/SugarBeat-hgoxfxbbugxkfsbmqcjlbmjeaqyg/SourcePackages/checkouts/abseil-cpp-binary/absl-Wrapper/include -Xcc -I/Users/fukushimatakumi/Library/Developer/Xcode/DerivedData/SugarBeat-hgoxfxbbugxkfsbmqcjlbmjeaqyg/SourcePackages/checkouts/grpc-binary/openssl-grpc-Wrapper/include -Xcc -I/Users/fukushimatakumi/Library/Developer/Xcode/DerivedData/SugarBeat-hgoxfxbbugxkfsbmqcjlbmjeaqyg/SourcePackages/checkouts/grpc-binary/grpc-Wrapper/include -Xcc -I/Users/fukushimatakumi/Library/Developer/Xcode/DerivedData/SugarBeat-hgoxfxbbugxkfsbmqcjlbmjeaqyg/SourcePackages/checkouts/grpc-binary/grpcpp-Wrapper/include -Xcc -I/Users/fukushimatakumi/Library/Developer/Xcode/DerivedData/SugarBeat-hgoxfxbbugxkfsbmqcjlbmjeaqyg/SourcePackages/checkouts/nanopb/spm_headers -Xcc -I/Users/fukushimatakumi/Library/Developer/Xcode/DerivedData/SugarBeat-hgoxfxbbugxkfsbmqcjlbmjeaqyg/SourcePackages/checkouts/leveldb/include -Xcc -I/Users/fukushimatakumi/Library/Developer/Xcode/DerivedData/SugarBeat-hgoxfxbbugxkfsbmqcjlbmjeaqyg/SourcePackages/checkouts/firebase-ios-sdk/FirebaseCore/Extension -Xcc -I/Users/fukushimatakumi/Library/Developer/Xcode/DerivedData/SugarBeat-hgoxfxbbugxkfsbmqcjlbmjeaqyg/SourcePackages/checkouts/firebase-ios-sdk/FirebaseCore/Sources/Public -Xcc -I/Users/fukushimatakumi/Library/Developer/Xcode/DerivedData/SugarBeat-hgoxfxbbugxkfsbmqcjlbmjeaqyg/SourcePackages/checkouts/firebase-ios-sdk/CoreOnly/Sources -Xcc -I/Users/fukushimatakumi/Library/Developer/Xcode/DerivedData/SugarBeat-hgoxfxbbugxkfsbmqcjlbmjeaqyg/SourcePackages/checkouts/firebase-ios-sdk/FirebaseAppCheck/Interop/Public -Xcc -I/Users/fukushimatakumi/Library/Developer/Xcode/DerivedData/SugarBeat-hgoxfxbbugxkfsbmqcjlbmjeaqyg/SourcePackages/checkouts/firebase-ios-sdk/FirebaseFirestoreInternal -Xcc -I/Users/fukushimatakumi/Library/Developer/Xcode/DerivedData/SugarBeat-hgoxfxbbugxkfsbmqcjlbmjeaqyg/Build/Products/Debug-iphonesimulator/include -Xcc -I/Users/fukushimatakumi/Library/Developer/Xcode/DerivedData/SugarBeat-hgoxfxbbugxkfsbmqcjlbmjeaqyg/Build/Intermediates.noindex/Firebase.build/Debug-iphonesimulator/FirebaseFirestore.build/DerivedSources-normal/arm64 -Xcc -I/Users/fukushimatakumi/Library/Developer/Xcode/DerivedData/SugarBeat-hgoxfxbbugxkfsbmqcjlbmjeaqyg/Build/Intermediates.noindex/Firebase.build/Debug-iphonesimulator/FirebaseFirestore.build/DerivedSources/arm64 -Xcc -I/Users/fukushimatakumi/Library/Developer/Xcode/DerivedData/SugarBeat-hgoxfxbbugxkfsbmqcjlbmjeaqyg/Build/Intermediates.noindex/Firebase.build/Debug-iphonesimulator/FirebaseFirestore.build/DerivedSources -Xcc -DSWIFT_PACKAGE -Xcc -DDEBUG\=1 -emit-objc-header -emit-objc-header-path /Users/fukushimatakumi/Library/Developer/Xcode/DerivedData/SugarBeat-hgoxfxbbugxkfsbmqcjlbmjeaqyg/Build/Intermediates.noindex/Firebase.build/Debug-iphonesimulator/FirebaseFirestore.build/Objects-normal/arm64/FirebaseFirestore-Swift.h -working-directory /Users/fukushimatakumi/develop/sugarbeat/sugarbeat-front -experimental-emit-module-separately -disable-cmo

RegisterExecutionPolicyException /Users/fukushimatakumi/Library/Developer/Xcode/DerivedData/SugarBeat-hgoxfxbbugxkfsbmqcjlbmjeaqyg/Build/Products/Debug-iphonesimulator/GoogleUtilities-UserDefaults.o (in target 'GoogleUtilities-UserDefaults' from project 'GoogleUtilities')
    cd /Users/fukushimatakumi/Library/Developer/Xcode/DerivedData/SugarBeat-hgoxfxbbugxkfsbmqcjlbmjeaqyg/SourcePackages/checkouts/GoogleUtilities
    builtin-RegisterExecutionPolicyException /Users/fukushimatakumi/Library/Developer/Xcode/DerivedData/SugarBeat-hgoxfxbbugxkfsbmqcjlbmjeaqyg/Build/Products/Debug-iphonesimulator/GoogleUtilities-UserDefaults.o

SwiftMergeGeneratedHeaders /Users/fukushimatakumi/Library/Developer/Xcode/DerivedData/SugarBeat-hgoxfxbbugxkfsbmqcjlbmjeaqyg/Build/Intermediates.noindex/GeneratedModuleMaps-iphonesimulator/FirebaseFirestore-Swift.h /Users/fukushimatakumi/Library/Developer/Xcode/DerivedData/SugarBeat-hgoxfxbbugxkfsbmqcjlbmjeaqyg/Build/Intermediates.noindex/Firebase.build/Debug-iphonesimulator/FirebaseFirestore.build/Objects-normal/arm64/FirebaseFirestore-Swift.h (in target 'FirebaseFirestore' from project 'Firebase')
    cd /Users/fukushimatakumi/Library/Developer/Xcode/DerivedData/SugarBeat-hgoxfxbbugxkfsbmqcjlbmjeaqyg/SourcePackages/checkouts/firebase-ios-sdk
    builtin-swiftHeaderTool -arch arm64 /Users/fukushimatakumi/Library/Developer/Xcode/DerivedData/SugarBeat-hgoxfxbbugxkfsbmqcjlbmjeaqyg/Build/Intermediates.noindex/Firebase.build/Debug-iphonesimulator/FirebaseFirestore.build/Objects-normal/arm64/FirebaseFirestore-Swift.h -o /Users/fukushimatakumi/Library/Developer/Xcode/DerivedData/SugarBeat-hgoxfxbbugxkfsbmqcjlbmjeaqyg/Build/Intermediates.noindex/GeneratedModuleMaps-iphonesimulator/FirebaseFirestore-Swift.h

Copy /Users/fukushimatakumi/Library/Developer/Xcode/DerivedData/SugarBeat-hgoxfxbbugxkfsbmqcjlbmjeaqyg/Build/Products/Debug-iphonesimulator/FirebaseFirestore.swiftmodule/arm64-apple-ios-simulator.swiftmodule /Users/fukushimatakumi/Library/Developer/Xcode/DerivedData/SugarBeat-hgoxfxbbugxkfsbmqcjlbmjeaqyg/Build/Intermediates.noindex/Firebase.build/Debug-iphonesimulator/FirebaseFirestore.build/Objects-normal/arm64/FirebaseFirestore.swiftmodule (in target 'FirebaseFirestore' from project 'Firebase')
    cd /Users/fukushimatakumi/Library/Developer/Xcode/DerivedData/SugarBeat-hgoxfxbbugxkfsbmqcjlbmjeaqyg/SourcePackages/checkouts/firebase-ios-sdk
    builtin-copy -exclude .DS_Store -exclude CVS -exclude .svn -exclude .git -exclude .hg -resolve-src-symlinks -rename /Users/fukushimatakumi/Library/Developer/Xcode/DerivedData/SugarBeat-hgoxfxbbugxkfsbmqcjlbmjeaqyg/Build/Intermediates.noindex/Firebase.build/Debug-iphonesimulator/FirebaseFirestore.build/Objects-normal/arm64/FirebaseFirestore.swiftmodule /Users/fukushimatakumi/Library/Developer/Xcode/DerivedData/SugarBeat-hgoxfxbbugxkfsbmqcjlbmjeaqyg/Build/Products/Debug-iphonesimulator/FirebaseFirestore.swiftmodule/arm64-apple-ios-simulator.swiftmodule

Copy /Users/fukushimatakumi/Library/Developer/Xcode/DerivedData/SugarBeat-hgoxfxbbugxkfsbmqcjlbmjeaqyg/Build/Products/Debug-iphonesimulator/FirebaseFirestore.swiftmodule/arm64-apple-ios-simulator.swiftdoc /Users/fukushimatakumi/Library/Developer/Xcode/DerivedData/SugarBeat-hgoxfxbbugxkfsbmqcjlbmjeaqyg/Build/Intermediates.noindex/Firebase.build/Debug-iphonesimulator/FirebaseFirestore.build/Objects-normal/arm64/FirebaseFirestore.swiftdoc (in target 'FirebaseFirestore' from project 'Firebase')
    cd /Users/fukushimatakumi/Library/Developer/Xcode/DerivedData/SugarBeat-hgoxfxbbugxkfsbmqcjlbmjeaqyg/SourcePackages/checkouts/firebase-ios-sdk
    builtin-copy -exclude .DS_Store -exclude CVS -exclude .svn -exclude .git -exclude .hg -resolve-src-symlinks -rename /Users/fukushimatakumi/Library/Developer/Xcode/DerivedData/SugarBeat-hgoxfxbbugxkfsbmqcjlbmjeaqyg/Build/Intermediates.noindex/Firebase.build/Debug-iphonesimulator/FirebaseFirestore.build/Objects-normal/arm64/FirebaseFirestore.swiftdoc /Users/fukushimatakumi/Library/Developer/Xcode/DerivedData/SugarBeat-hgoxfxbbugxkfsbmqcjlbmjeaqyg/Build/Products/Debug-iphonesimulator/FirebaseFirestore.swiftmodule/arm64-apple-ios-simulator.swiftdoc

Copy /Users/fukushimatakumi/Library/Developer/Xcode/DerivedData/SugarBeat-hgoxfxbbugxkfsbmqcjlbmjeaqyg/Build/Products/Debug-iphonesimulator/FirebaseFirestore.swiftmodule/arm64-apple-ios-simulator.abi.json /Users/fukushimatakumi/Library/Developer/Xcode/DerivedData/SugarBeat-hgoxfxbbugxkfsbmqcjlbmjeaqyg/Build/Intermediates.noindex/Firebase.build/Debug-iphonesimulator/FirebaseFirestore.build/Objects-normal/arm64/FirebaseFirestore.abi.json (in target 'FirebaseFirestore' from project 'Firebase')
    cd /Users/fukushimatakumi/Library/Developer/Xcode/DerivedData/SugarBeat-hgoxfxbbugxkfsbmqcjlbmjeaqyg/SourcePackages/checkouts/firebase-ios-sdk
    builtin-copy -exclude .DS_Store -exclude CVS -exclude .svn -exclude .git -exclude .hg -resolve-src-symlinks -rename /Users/fukushimatakumi/Library/Developer/Xcode/DerivedData/SugarBeat-hgoxfxbbugxkfsbmqcjlbmjeaqyg/Build/Intermediates.noindex/Firebase.build/Debug-iphonesimulator/FirebaseFirestore.build/Objects-normal/arm64/FirebaseFirestore.abi.json /Users/fukushimatakumi/Library/Developer/Xcode/DerivedData/SugarBeat-hgoxfxbbugxkfsbmqcjlbmjeaqyg/Build/Products/Debug-iphonesimulator/FirebaseFirestore.swiftmodule/arm64-apple-ios-simulator.abi.json

Copy /Users/fukushimatakumi/Library/Developer/Xcode/DerivedData/SugarBeat-hgoxfxbbugxkfsbmqcjlbmjeaqyg/Build/Products/Debug-iphonesimulator/FirebaseFirestore.swiftmodule/Project/arm64-apple-ios-simulator.swiftsourceinfo /Users/fukushimatakumi/Library/Developer/Xcode/DerivedData/SugarBeat-hgoxfxbbugxkfsbmqcjlbmjeaqyg/Build/Intermediates.noindex/Firebase.build/Debug-iphonesimulator/FirebaseFirestore.build/Objects-normal/arm64/FirebaseFirestore.swiftsourceinfo (in target 'FirebaseFirestore' from project 'Firebase')
    cd /Users/fukushimatakumi/Library/Developer/Xcode/DerivedData/SugarBeat-hgoxfxbbugxkfsbmqcjlbmjeaqyg/SourcePackages/checkouts/firebase-ios-sdk
    builtin-copy -exclude .DS_Store -exclude CVS -exclude .svn -exclude .git -exclude .hg -resolve-src-symlinks -rename /Users/fukushimatakumi/Library/Developer/Xcode/DerivedData/SugarBeat-hgoxfxbbugxkfsbmqcjlbmjeaqyg/Build/Intermediates.noindex/Firebase.build/Debug-iphonesimulator/FirebaseFirestore.build/Objects-normal/arm64/FirebaseFirestore.swiftsourceinfo /Users/fukushimatakumi/Library/Developer/Xcode/DerivedData/SugarBeat-hgoxfxbbugxkfsbmqcjlbmjeaqyg/Build/Products/Debug-iphonesimulator/FirebaseFirestore.swiftmodule/Project/arm64-apple-ios-simulator.swiftsourceinfo

PrecompileModule /Users/fukushimatakumi/Library/Developer/Xcode/DerivedData/SugarBeat-hgoxfxbbugxkfsbmqcjlbmjeaqyg/Build/Intermediates.noindex/ExplicitPrecompiledModules/CoreAudio-EVW1ZDWACVAEW0G7LR7FORHHX.scan
    cd /Users/fukushimatakumi/develop/sugarbeat/sugarbeat-front
    builtin-precompileModule /Users/fukushimatakumi/Library/Developer/Xcode/DerivedData/SugarBeat-hgoxfxbbugxkfsbmqcjlbmjeaqyg/Build/Intermediates.noindex/ExplicitPrecompiledModules/CoreAudio-EVW1ZDWACVAEW0G7LR7FORHHX.scan

PrecompileModule /Users/fukushimatakumi/Library/Developer/Xcode/DerivedData/SugarBeat-hgoxfxbbugxkfsbmqcjlbmjeaqyg/Build/Intermediates.noindex/ExplicitPrecompiledModules/Foundation-A5M8SU5JY0XS1GWAEN9UW9M6E.scan
    cd /Users/fukushimatakumi/develop/sugarbeat/sugarbeat-front
    builtin-precompileModule /Users/fukushimatakumi/Library/Developer/Xcode/DerivedData/SugarBeat-hgoxfxbbugxkfsbmqcjlbmjeaqyg/Build/Intermediates.noindex/ExplicitPrecompiledModules/Foundation-A5M8SU5JY0XS1GWAEN9UW9M6E.scan

RegisterExecutionPolicyException /Users/fukushimatakumi/Library/Developer/Xcode/DerivedData/SugarBeat-hgoxfxbbugxkfsbmqcjlbmjeaqyg/Build/Products/Debug-iphonesimulator/GoogleUtilities-Reachability.o (in target 'GoogleUtilities-Reachability' from project 'GoogleUtilities')
    cd /Users/fukushimatakumi/Library/Developer/Xcode/DerivedData/SugarBeat-hgoxfxbbugxkfsbmqcjlbmjeaqyg/SourcePackages/checkouts/GoogleUtilities
    builtin-RegisterExecutionPolicyException /Users/fukushimatakumi/Library/Developer/Xcode/DerivedData/SugarBeat-hgoxfxbbugxkfsbmqcjlbmjeaqyg/Build/Products/Debug-iphonesimulator/GoogleUtilities-Reachability.o

Ld /Users/fukushimatakumi/Library/Developer/Xcode/DerivedData/SugarBeat-hgoxfxbbugxkfsbmqcjlbmjeaqyg/Build/Products/Debug-iphonesimulator/FirebaseCore.o normal (in target 'FirebaseCore' from project 'Firebase')
    cd /Users/fukushimatakumi/Library/Developer/Xcode/DerivedData/SugarBeat-hgoxfxbbugxkfsbmqcjlbmjeaqyg/SourcePackages/checkouts/firebase-ios-sdk
    /Applications/Xcode.app/Contents/Developer/Toolchains/XcodeDefault.xctoolchain/usr/bin/clang -Xlinker -reproducible -target arm64-apple-ios15.0-simulator -r -isysroot /Applications/Xcode.app/Contents/Developer/Platforms/iPhoneSimulator.platform/Developer/SDKs/iPhoneSimulator18.4.sdk -O0 -w -L/Users/fukushimatakumi/Library/Developer/Xcode/DerivedData/SugarBeat-hgoxfxbbugxkfsbmqcjlbmjeaqyg/Build/Intermediates.noindex/EagerLinkingTBDs/Debug-iphonesimulator -L/Users/fukushimatakumi/Library/Developer/Xcode/DerivedData/SugarBeat-hgoxfxbbugxkfsbmqcjlbmjeaqyg/Build/Products/Debug-iphonesimulator -L/Applications/Xcode.app/Contents/Developer/Platforms/iPhoneSimulator.platform/Developer/usr/lib -F/Users/fukushimatakumi/Library/Developer/Xcode/DerivedData/SugarBeat-hgoxfxbbugxkfsbmqcjlbmjeaqyg/Build/Intermediates.noindex/EagerLinkingTBDs/Debug-iphonesimulator -F/Users/fukushimatakumi/Library/Developer/Xcode/DerivedData/SugarBeat-hgoxfxbbugxkfsbmqcjlbmjeaqyg/Build/Products/Debug-iphonesimulator/PackageFrameworks -F/Users/fukushimatakumi/Library/Developer/Xcode/DerivedData/SugarBeat-hgoxfxbbugxkfsbmqcjlbmjeaqyg/Build/Products/Debug-iphonesimulator/PackageFrameworks -F/Users/fukushimatakumi/Library/Developer/Xcode/DerivedData/SugarBeat-hgoxfxbbugxkfsbmqcjlbmjeaqyg/Build/Products/Debug-iphonesimulator/PackageFrameworks -F/Users/fukushimatakumi/Library/Developer/Xcode/DerivedData/SugarBeat-hgoxfxbbugxkfsbmqcjlbmjeaqyg/Build/Products/Debug-iphonesimulator/PackageFrameworks -F/Users/fukushimatakumi/Library/Developer/Xcode/DerivedData/SugarBeat-hgoxfxbbugxkfsbmqcjlbmjeaqyg/Build/Products/Debug-iphonesimulator/PackageFrameworks -F/Users/fukushimatakumi/Library/Developer/Xcode/DerivedData/SugarBeat-hgoxfxbbugxkfsbmqcjlbmjeaqyg/Build/Products/Debug-iphonesimulator/PackageFrameworks -F/Users/fukushimatakumi/Library/Developer/Xcode/DerivedData/SugarBeat-hgoxfxbbugxkfsbmqcjlbmjeaqyg/Build/Products/Debug-iphonesimulator -iframework /Applications/Xcode.app/Contents/Developer/Platforms/iPhoneSimulator.platform/Developer/Library/Frameworks -iframework /Applications/Xcode.app/Contents/Developer/Platforms/iPhoneSimulator.platform/Developer/SDKs/iPhoneSimulator18.4.sdk/Developer/Library/Frameworks -filelist /Users/fukushimatakumi/Library/Developer/Xcode/DerivedData/SugarBeat-hgoxfxbbugxkfsbmqcjlbmjeaqyg/Build/Intermediates.noindex/Firebase.build/Debug-iphonesimulator/FirebaseCore.build/Objects-normal/arm64/FirebaseCore.LinkFileList -nostdlib -Xlinker -object_path_lto -Xlinker /Users/fukushimatakumi/Library/Developer/Xcode/DerivedData/SugarBeat-hgoxfxbbugxkfsbmqcjlbmjeaqyg/Build/Intermediates.noindex/Firebase.build/Debug-iphonesimulator/FirebaseCore.build/Objects-normal/arm64/FirebaseCore_lto.o -rdynamic -Xlinker -no_deduplicate -Xlinker -objc_abi_version -Xlinker 2 -Xlinker -dependency_info -Xlinker /Users/fukushimatakumi/Library/Developer/Xcode/DerivedData/SugarBeat-hgoxfxbbugxkfsbmqcjlbmjeaqyg/Build/Intermediates.noindex/Firebase.build/Debug-iphonesimulator/FirebaseCore.build/Objects-normal/arm64/FirebaseCore_dependency_info.dat -fobjc-arc -fobjc-link-runtime -o /Users/fukushimatakumi/Library/Developer/Xcode/DerivedData/SugarBeat-hgoxfxbbugxkfsbmqcjlbmjeaqyg/Build/Products/Debug-iphonesimulator/FirebaseCore.o

ProcessProductPackaging /Users/fukushimatakumi/develop/sugarbeat/sugarbeat-front/SugarBeat/SugarBeat.entitlements /Users/fukushimatakumi/Library/Developer/Xcode/DerivedData/SugarBeat-hgoxfxbbugxkfsbmqcjlbmjeaqyg/Build/Intermediates.noindex/SugarBeat.build/Debug-iphonesimulator/SugarBeat.build/SugarBeat.app.xcent (in target 'SugarBeat' from project 'SugarBeat')
    cd /Users/fukushimatakumi/develop/sugarbeat/sugarbeat-front
    
    Entitlements:
    
    {
}
    
    builtin-productPackagingUtility /Users/fukushimatakumi/develop/sugarbeat/sugarbeat-front/SugarBeat/SugarBeat.entitlements -entitlements -format xml -o /Users/fukushimatakumi/Library/Developer/Xcode/DerivedData/SugarBeat-hgoxfxbbugxkfsbmqcjlbmjeaqyg/Build/Intermediates.noindex/SugarBeat.build/Debug-iphonesimulator/SugarBeat.build/SugarBeat.app.xcent

ProcessProductPackaging /Users/fukushimatakumi/develop/sugarbeat/sugarbeat-front/SugarBeat/SugarBeat.entitlements /Users/fukushimatakumi/Library/Developer/Xcode/DerivedData/SugarBeat-hgoxfxbbugxkfsbmqcjlbmjeaqyg/Build/Intermediates.noindex/SugarBeat.build/Debug-iphonesimulator/SugarBeat.build/SugarBeat.app-Simulated.xcent (in target 'SugarBeat' from project 'SugarBeat')
    cd /Users/fukushimatakumi/develop/sugarbeat/sugarbeat-front
    
    Entitlements:
    
    {
    "application-identifier" = "M86QCKBHW8.com.sugarbeat.SugarBeat";
}
    
    builtin-productPackagingUtility /Users/fukushimatakumi/develop/sugarbeat/sugarbeat-front/SugarBeat/SugarBeat.entitlements -entitlements -format xml -o /Users/fukushimatakumi/Library/Developer/Xcode/DerivedData/SugarBeat-hgoxfxbbugxkfsbmqcjlbmjeaqyg/Build/Intermediates.noindex/SugarBeat.build/Debug-iphonesimulator/SugarBeat.build/SugarBeat.app-Simulated.xcent

ProcessProductPackagingDER /Users/fukushimatakumi/Library/Developer/Xcode/DerivedData/SugarBeat-hgoxfxbbugxkfsbmqcjlbmjeaqyg/Build/Intermediates.noindex/SugarBeat.build/Debug-iphonesimulator/SugarBeat.build/SugarBeat.app.xcent /Users/fukushimatakumi/Library/Developer/Xcode/DerivedData/SugarBeat-hgoxfxbbugxkfsbmqcjlbmjeaqyg/Build/Intermediates.noindex/SugarBeat.build/Debug-iphonesimulator/SugarBeat.build/SugarBeat.app.xcent.der (in target 'SugarBeat' from project 'SugarBeat')
    cd /Users/fukushimatakumi/develop/sugarbeat/sugarbeat-front
    /usr/bin/derq query -f xml -i /Users/fukushimatakumi/Library/Developer/Xcode/DerivedData/SugarBeat-hgoxfxbbugxkfsbmqcjlbmjeaqyg/Build/Intermediates.noindex/SugarBeat.build/Debug-iphonesimulator/SugarBeat.build/SugarBeat.app.xcent -o /Users/fukushimatakumi/Library/Developer/Xcode/DerivedData/SugarBeat-hgoxfxbbugxkfsbmqcjlbmjeaqyg/Build/Intermediates.noindex/SugarBeat.build/Debug-iphonesimulator/SugarBeat.build/SugarBeat.app.xcent.der --raw

ProcessProductPackagingDER /Users/fukushimatakumi/Library/Developer/Xcode/DerivedData/SugarBeat-hgoxfxbbugxkfsbmqcjlbmjeaqyg/Build/Intermediates.noindex/SugarBeat.build/Debug-iphonesimulator/SugarBeat.build/SugarBeat.app-Simulated.xcent /Users/fukushimatakumi/Library/Developer/Xcode/DerivedData/SugarBeat-hgoxfxbbugxkfsbmqcjlbmjeaqyg/Build/Intermediates.noindex/SugarBeat.build/Debug-iphonesimulator/SugarBeat.build/SugarBeat.app-Simulated.xcent.der (in target 'SugarBeat' from project 'SugarBeat')
    cd /Users/fukushimatakumi/develop/sugarbeat/sugarbeat-front
    /usr/bin/derq query -f xml -i /Users/fukushimatakumi/Library/Developer/Xcode/DerivedData/SugarBeat-hgoxfxbbugxkfsbmqcjlbmjeaqyg/Build/Intermediates.noindex/SugarBeat.build/Debug-iphonesimulator/SugarBeat.build/SugarBeat.app-Simulated.xcent -o /Users/fukushimatakumi/Library/Developer/Xcode/DerivedData/SugarBeat-hgoxfxbbugxkfsbmqcjlbmjeaqyg/Build/Intermediates.noindex/SugarBeat.build/Debug-iphonesimulator/SugarBeat.build/SugarBeat.app-Simulated.xcent.der --raw

PrecompileModule /Users/fukushimatakumi/Library/Developer/Xcode/DerivedData/SugarBeat-hgoxfxbbugxkfsbmqcjlbmjeaqyg/Build/Intermediates.noindex/ExplicitPrecompiledModules/ImageIO-4AJRQETDJW5KBAGCUR2TVYSV6.scan
    cd /Users/fukushimatakumi/develop/sugarbeat/sugarbeat-front
    builtin-precompileModule /Users/fukushimatakumi/Library/Developer/Xcode/DerivedData/SugarBeat-hgoxfxbbugxkfsbmqcjlbmjeaqyg/Build/Intermediates.noindex/ExplicitPrecompiledModules/ImageIO-4AJRQETDJW5KBAGCUR2TVYSV6.scan

PrecompileModule /Users/fukushimatakumi/Library/Developer/Xcode/DerivedData/SugarBeat-hgoxfxbbugxkfsbmqcjlbmjeaqyg/Build/Intermediates.noindex/ExplicitPrecompiledModules/CoreText-5DARYR3UZYHZBTK7F4TPBAQOF.scan
    cd /Users/fukushimatakumi/develop/sugarbeat/sugarbeat-front
    builtin-precompileModule /Users/fukushimatakumi/Library/Developer/Xcode/DerivedData/SugarBeat-hgoxfxbbugxkfsbmqcjlbmjeaqyg/Build/Intermediates.noindex/ExplicitPrecompiledModules/CoreText-5DARYR3UZYHZBTK7F4TPBAQOF.scan

ScanDependencies /Users/fukushimatakumi/Library/Developer/Xcode/DerivedData/SugarBeat-hgoxfxbbugxkfsbmqcjlbmjeaqyg/Build/Intermediates.noindex/Firebase.build/Debug-iphonesimulator/FirebaseFirestoreTarget.build/Objects-normal/arm64/dummy.o /Users/fukushimatakumi/Library/Developer/Xcode/DerivedData/SugarBeat-hgoxfxbbugxkfsbmqcjlbmjeaqyg/SourcePackages/checkouts/firebase-ios-sdk/SwiftPM-PlatformExclude/FirebaseFirestoreWrap/dummy.m normal arm64 objective-c com.apple.compilers.llvm.clang.1_0.compiler (in target 'FirebaseFirestoreTarget' from project 'Firebase')
    cd /Users/fukushimatakumi/develop/sugarbeat/sugarbeat-front
    
    Using response file: /Users/fukushimatakumi/Library/Developer/Xcode/DerivedData/SugarBeat-hgoxfxbbugxkfsbmqcjlbmjeaqyg/Build/Intermediates.noindex/Firebase.build/Debug-iphonesimulator/FirebaseFirestoreTarget.build/Objects-normal/arm64/e6072d4f65d7061329687fe24e3d63a7-common-args.resp
    
    builtin-ScanDependencies -o /Users/fukushimatakumi/Library/Developer/Xcode/DerivedData/SugarBeat-hgoxfxbbugxkfsbmqcjlbmjeaqyg/Build/Intermediates.noindex/Firebase.build/Debug-iphonesimulator/FirebaseFirestoreTarget.build/Objects-normal/arm64/dummy.o.scan -- /Applications/Xcode.app/Contents/Developer/Toolchains/XcodeDefault.xctoolchain/usr/bin/clang -x objective-c -ivfsstatcache /Users/fukushimatakumi/Library/Developer/Xcode/DerivedData/SDKStatCaches.noindex/iphonesimulator18.4-22E235-71825a6d136aa4733edcbe86ece5525b.sdkstatcache -fmessage-length\=0 -fdiagnostics-show-note-include-stack -fmacro-backtrace-limit\=0 -fno-color-diagnostics -fmodules-prune-interval\=86400 -fmodules-prune-after\=345600 -fbuild-session-file\=/Users/fukushimatakumi/Library/Developer/Xcode/DerivedData/ModuleCache.noindex/Session.modulevalidation -fmodules-validate-once-per-build-session -Wnon-modular-include-in-framework-module -Werror\=non-modular-include-in-framework-module -Wno-trigraphs -Wno-missing-field-initializers -Wno-missing-prototypes -Wno-return-type -Wno-implicit-atomic-properties -Wno-objc-interface-ivars -Wno-arc-repeated-use-of-weak -Wno-missing-braces -Wparentheses -Wswitch -Wno-unused-function -Wno-unused-label -Wno-unused-parameter -Wno-unused-variable -Wunused-value -Wno-empty-body -Wno-uninitialized -Wno-unknown-pragmas -w -Wno-shadow -Wno-four-char-constants -Wno-conversion -Wno-constant-conversion -Wno-int-conversion -Wno-bool-conversion -Wno-enum-conversion -Wno-float-conversion -Wno-non-literal-null-conversion -Wno-objc-literal-conversion -Wshorten-64-to-32 -Wpointer-sign -Wno-newline-eof -Wno-selector -Wno-strict-selector-match -Wno-undeclared-selector -Wno-deprecated-implementations -Wno-implicit-fallthrough -fstrict-aliasing -Wprotocol -Wdeprecated-declarations -Wno-sign-conversion -Wno-infinite-recursion -Wno-comma -Wno-block-capture-autoreleasing -Wno-strict-prototypes -Wno-semicolon-before-method-body -index-store-path /Users/fukushimatakumi/Library/Developer/Xcode/DerivedData/SugarBeat-hgoxfxbbugxkfsbmqcjlbmjeaqyg/Index.noindex/DataStore @/Users/fukushimatakumi/Library/Developer/Xcode/DerivedData/SugarBeat-hgoxfxbbugxkfsbmqcjlbmjeaqyg/Build/Intermediates.noindex/Firebase.build/Debug-iphonesimulator/FirebaseFirestoreTarget.build/Objects-normal/arm64/e6072d4f65d7061329687fe24e3d63a7-common-args.resp -MMD -MT dependencies -MF /Users/fukushimatakumi/Library/Developer/Xcode/DerivedData/SugarBeat-hgoxfxbbugxkfsbmqcjlbmjeaqyg/Build/Intermediates.noindex/Firebase.build/Debug-iphonesimulator/FirebaseFirestoreTarget.build/Objects-normal/arm64/dummy.d --serialize-diagnostics /Users/fukushimatakumi/Library/Developer/Xcode/DerivedData/SugarBeat-hgoxfxbbugxkfsbmqcjlbmjeaqyg/Build/Intermediates.noindex/Firebase.build/Debug-iphonesimulator/FirebaseFirestoreTarget.build/Objects-normal/arm64/dummy.dia -c /Users/fukushimatakumi/Library/Developer/Xcode/DerivedData/SugarBeat-hgoxfxbbugxkfsbmqcjlbmjeaqyg/SourcePackages/checkouts/firebase-ios-sdk/SwiftPM-PlatformExclude/FirebaseFirestoreWrap/dummy.m -o /Users/fukushimatakumi/Library/Developer/Xcode/DerivedData/SugarBeat-hgoxfxbbugxkfsbmqcjlbmjeaqyg/Build/Intermediates.noindex/Firebase.build/Debug-iphonesimulator/FirebaseFirestoreTarget.build/Objects-normal/arm64/dummy.o -index-unit-output-path /Firebase.build/Debug-iphonesimulator/FirebaseFirestoreTarget.build/Objects-normal/arm64/dummy.o

SwiftDriverJobDiscovery normal arm64 Compiling ExplicitNull.swift, FieldValue+Encodable.swift, GeoPoint+Codable.swift (in target 'FirebaseFirestore' from project 'Firebase')

SwiftDriverJobDiscovery normal arm64 Compiling WriteBatch+WriteEncodable.swift, FirestoreQuery.swift, FirestoreQueryObservable.swift (in target 'FirebaseFirestore' from project 'Firebase')

PrecompileModule /Users/fukushimatakumi/Library/Developer/Xcode/DerivedData/SugarBeat-hgoxfxbbugxkfsbmqcjlbmjeaqyg/Build/Intermediates.noindex/ExplicitPrecompiledModules/TargetConditionals-9SS2JLRJ46CDT3D4SGC8KSM6I.scan
    cd /Users/fukushimatakumi/develop/sugarbeat/sugarbeat-front
    builtin-precompileModule /Users/fukushimatakumi/Library/Developer/Xcode/DerivedData/SugarBeat-hgoxfxbbugxkfsbmqcjlbmjeaqyg/Build/Intermediates.noindex/ExplicitPrecompiledModules/TargetConditionals-9SS2JLRJ46CDT3D4SGC8KSM6I.scan

Ld /Users/fukushimatakumi/Library/Developer/Xcode/DerivedData/SugarBeat-hgoxfxbbugxkfsbmqcjlbmjeaqyg/Build/Products/Debug-iphonesimulator/AppCheckCore.o normal (in target 'AppCheckCore' from project 'AppCheck')
    cd /Users/fukushimatakumi/Library/Developer/Xcode/DerivedData/SugarBeat-hgoxfxbbugxkfsbmqcjlbmjeaqyg/SourcePackages/checkouts/app-check
    /Applications/Xcode.app/Contents/Developer/Toolchains/XcodeDefault.xctoolchain/usr/bin/clang -Xlinker -reproducible -target arm64-apple-ios12.0-simulator -r -isysroot /Applications/Xcode.app/Contents/Developer/Platforms/iPhoneSimulator.platform/Developer/SDKs/iPhoneSimulator18.4.sdk -O0 -w -L/Users/fukushimatakumi/Library/Developer/Xcode/DerivedData/SugarBeat-hgoxfxbbugxkfsbmqcjlbmjeaqyg/Build/Intermediates.noindex/EagerLinkingTBDs/Debug-iphonesimulator -L/Users/fukushimatakumi/Library/Developer/Xcode/DerivedData/SugarBeat-hgoxfxbbugxkfsbmqcjlbmjeaqyg/Build/Products/Debug-iphonesimulator -L/Applications/Xcode.app/Contents/Developer/Platforms/iPhoneSimulator.platform/Developer/usr/lib -F/Users/fukushimatakumi/Library/Developer/Xcode/DerivedData/SugarBeat-hgoxfxbbugxkfsbmqcjlbmjeaqyg/Build/Intermediates.noindex/EagerLinkingTBDs/Debug-iphonesimulator -F/Users/fukushimatakumi/Library/Developer/Xcode/DerivedData/SugarBeat-hgoxfxbbugxkfsbmqcjlbmjeaqyg/Build/Products/Debug-iphonesimulator/PackageFrameworks -F/Users/fukushimatakumi/Library/Developer/Xcode/DerivedData/SugarBeat-hgoxfxbbugxkfsbmqcjlbmjeaqyg/Build/Products/Debug-iphonesimulator/PackageFrameworks -F/Users/fukushimatakumi/Library/Developer/Xcode/DerivedData/SugarBeat-hgoxfxbbugxkfsbmqcjlbmjeaqyg/Build/Products/Debug-iphonesimulator/PackageFrameworks -F/Users/fukushimatakumi/Library/Developer/Xcode/DerivedData/SugarBeat-hgoxfxbbugxkfsbmqcjlbmjeaqyg/Build/Products/Debug-iphonesimulator/PackageFrameworks -F/Users/fukushimatakumi/Library/Developer/Xcode/DerivedData/SugarBeat-hgoxfxbbugxkfsbmqcjlbmjeaqyg/Build/Products/Debug-iphonesimulator/PackageFrameworks -F/Users/fukushimatakumi/Library/Developer/Xcode/DerivedData/SugarBeat-hgoxfxbbugxkfsbmqcjlbmjeaqyg/Build/Products/Debug-iphonesimulator -iframework /Applications/Xcode.app/Contents/Developer/Platforms/iPhoneSimulator.platform/Developer/Library/Frameworks -iframework /Applications/Xcode.app/Contents/Developer/Platforms/iPhoneSimulator.platform/Developer/SDKs/iPhoneSimulator18.4.sdk/Developer/Library/Frameworks -filelist /Users/fukushimatakumi/Library/Developer/Xcode/DerivedData/SugarBeat-hgoxfxbbugxkfsbmqcjlbmjeaqyg/Build/Intermediates.noindex/AppCheck.build/Debug-iphonesimulator/AppCheckCore.build/Objects-normal/arm64/AppCheckCore.LinkFileList -nostdlib -Xlinker -object_path_lto -Xlinker /Users/fukushimatakumi/Library/Developer/Xcode/DerivedData/SugarBeat-hgoxfxbbugxkfsbmqcjlbmjeaqyg/Build/Intermediates.noindex/AppCheck.build/Debug-iphonesimulator/AppCheckCore.build/Objects-normal/arm64/AppCheckCore_lto.o -rdynamic -Xlinker -no_deduplicate -Xlinker -objc_abi_version -Xlinker 2 -Xlinker -dependency_info -Xlinker /Users/fukushimatakumi/Library/Developer/Xcode/DerivedData/SugarBeat-hgoxfxbbugxkfsbmqcjlbmjeaqyg/Build/Intermediates.noindex/AppCheck.build/Debug-iphonesimulator/AppCheckCore.build/Objects-normal/arm64/AppCheckCore_dependency_info.dat -fobjc-arc -fobjc-link-runtime -o /Users/fukushimatakumi/Library/Developer/Xcode/DerivedData/SugarBeat-hgoxfxbbugxkfsbmqcjlbmjeaqyg/Build/Products/Debug-iphonesimulator/AppCheckCore.o

Ld /Users/fukushimatakumi/Library/Developer/Xcode/DerivedData/SugarBeat-hgoxfxbbugxkfsbmqcjlbmjeaqyg/Build/Products/Debug-iphonesimulator/GoogleUtilities-Network.o normal (in target 'GoogleUtilities-Network' from project 'GoogleUtilities')
    cd /Users/fukushimatakumi/Library/Developer/Xcode/DerivedData/SugarBeat-hgoxfxbbugxkfsbmqcjlbmjeaqyg/SourcePackages/checkouts/GoogleUtilities
    /Applications/Xcode.app/Contents/Developer/Toolchains/XcodeDefault.xctoolchain/usr/bin/clang -Xlinker -reproducible -target arm64-apple-ios12.0-simulator -r -isysroot /Applications/Xcode.app/Contents/Developer/Platforms/iPhoneSimulator.platform/Developer/SDKs/iPhoneSimulator18.4.sdk -O0 -w -L/Users/fukushimatakumi/Library/Developer/Xcode/DerivedData/SugarBeat-hgoxfxbbugxkfsbmqcjlbmjeaqyg/Build/Intermediates.noindex/EagerLinkingTBDs/Debug-iphonesimulator -L/Users/fukushimatakumi/Library/Developer/Xcode/DerivedData/SugarBeat-hgoxfxbbugxkfsbmqcjlbmjeaqyg/Build/Products/Debug-iphonesimulator -L/Applications/Xcode.app/Contents/Developer/Platforms/iPhoneSimulator.platform/Developer/usr/lib -F/Users/fukushimatakumi/Library/Developer/Xcode/DerivedData/SugarBeat-hgoxfxbbugxkfsbmqcjlbmjeaqyg/Build/Intermediates.noindex/EagerLinkingTBDs/Debug-iphonesimulator -F/Users/fukushimatakumi/Library/Developer/Xcode/DerivedData/SugarBeat-hgoxfxbbugxkfsbmqcjlbmjeaqyg/Build/Products/Debug-iphonesimulator/PackageFrameworks -F/Users/fukushimatakumi/Library/Developer/Xcode/DerivedData/SugarBeat-hgoxfxbbugxkfsbmqcjlbmjeaqyg/Build/Products/Debug-iphonesimulator/PackageFrameworks -F/Users/fukushimatakumi/Library/Developer/Xcode/DerivedData/SugarBeat-hgoxfxbbugxkfsbmqcjlbmjeaqyg/Build/Products/Debug-iphonesimulator/PackageFrameworks -F/Users/fukushimatakumi/Library/Developer/Xcode/DerivedData/SugarBeat-hgoxfxbbugxkfsbmqcjlbmjeaqyg/Build/Products/Debug-iphonesimulator/PackageFrameworks -F/Users/fukushimatakumi/Library/Developer/Xcode/DerivedData/SugarBeat-hgoxfxbbugxkfsbmqcjlbmjeaqyg/Build/Products/Debug-iphonesimulator/PackageFrameworks -F/Users/fukushimatakumi/Library/Developer/Xcode/DerivedData/SugarBeat-hgoxfxbbugxkfsbmqcjlbmjeaqyg/Build/Products/Debug-iphonesimulator -iframework /Applications/Xcode.app/Contents/Developer/Platforms/iPhoneSimulator.platform/Developer/Library/Frameworks -iframework /Applications/Xcode.app/Contents/Developer/Platforms/iPhoneSimulator.platform/Developer/SDKs/iPhoneSimulator18.4.sdk/Developer/Library/Frameworks -filelist /Users/fukushimatakumi/Library/Developer/Xcode/DerivedData/SugarBeat-hgoxfxbbugxkfsbmqcjlbmjeaqyg/Build/Intermediates.noindex/GoogleUtilities.build/Debug-iphonesimulator/GoogleUtilities-Network.build/Objects-normal/arm64/GoogleUtilities-Network.LinkFileList -nostdlib -Xlinker -object_path_lto -Xlinker /Users/fukushimatakumi/Library/Developer/Xcode/DerivedData/SugarBeat-hgoxfxbbugxkfsbmqcjlbmjeaqyg/Build/Intermediates.noindex/GoogleUtilities.build/Debug-iphonesimulator/GoogleUtilities-Network.build/Objects-normal/arm64/GoogleUtilities-Network_lto.o -rdynamic -Xlinker -no_deduplicate -Xlinker -objc_abi_version -Xlinker 2 -Xlinker -dependency_info -Xlinker /Users/fukushimatakumi/Library/Developer/Xcode/DerivedData/SugarBeat-hgoxfxbbugxkfsbmqcjlbmjeaqyg/Build/Intermediates.noindex/GoogleUtilities.build/Debug-iphonesimulator/GoogleUtilities-Network.build/Objects-normal/arm64/GoogleUtilities-Network_dependency_info.dat -fobjc-arc -fobjc-link-runtime -o /Users/fukushimatakumi/Library/Developer/Xcode/DerivedData/SugarBeat-hgoxfxbbugxkfsbmqcjlbmjeaqyg/Build/Products/Debug-iphonesimulator/GoogleUtilities-Network.o

MkDir /Users/fukushimatakumi/Library/Developer/Xcode/DerivedData/SugarBeat-hgoxfxbbugxkfsbmqcjlbmjeaqyg/Build/Intermediates.noindex/SugarBeat.build/Debug-iphonesimulator/SugarBeat.build/assetcatalog_output/thinned (in target 'SugarBeat' from project 'SugarBeat')
    cd /Users/fukushimatakumi/develop/sugarbeat/sugarbeat-front
    /bin/mkdir -p /Users/fukushimatakumi/Library/Developer/Xcode/DerivedData/SugarBeat-hgoxfxbbugxkfsbmqcjlbmjeaqyg/Build/Intermediates.noindex/SugarBeat.build/Debug-iphonesimulator/SugarBeat.build/assetcatalog_output/thinned

MkDir /Users/fukushimatakumi/Library/Developer/Xcode/DerivedData/SugarBeat-hgoxfxbbugxkfsbmqcjlbmjeaqyg/Build/Intermediates.noindex/SugarBeat.build/Debug-iphonesimulator/SugarBeat.build/assetcatalog_output/unthinned (in target 'SugarBeat' from project 'SugarBeat')
    cd /Users/fukushimatakumi/develop/sugarbeat/sugarbeat-front
    /bin/mkdir -p /Users/fukushimatakumi/Library/Developer/Xcode/DerivedData/SugarBeat-hgoxfxbbugxkfsbmqcjlbmjeaqyg/Build/Intermediates.noindex/SugarBeat.build/Debug-iphonesimulator/SugarBeat.build/assetcatalog_output/unthinned

GenerateAssetSymbols /Users/fukushimatakumi/develop/sugarbeat/sugarbeat-front/SugarBeat/Assets.xcassets (in target 'SugarBeat' from project 'SugarBeat')
    cd /Users/fukushimatakumi/develop/sugarbeat/sugarbeat-front
    /Applications/Xcode.app/Contents/Developer/usr/bin/actool /Users/fukushimatakumi/develop/sugarbeat/sugarbeat-front/SugarBeat/Assets.xcassets --compile /Users/fukushimatakumi/Library/Developer/Xcode/DerivedData/SugarBeat-hgoxfxbbugxkfsbmqcjlbmjeaqyg/Build/Products/Debug-iphonesimulator/SugarBeat.app --output-format human-readable-text --notices --warnings --export-dependency-info /Users/fukushimatakumi/Library/Developer/Xcode/DerivedData/SugarBeat-hgoxfxbbugxkfsbmqcjlbmjeaqyg/Build/Intermediates.noindex/SugarBeat.build/Debug-iphonesimulator/SugarBeat.build/assetcatalog_dependencies --output-partial-info-plist /Users/fukushimatakumi/Library/Developer/Xcode/DerivedData/SugarBeat-hgoxfxbbugxkfsbmqcjlbmjeaqyg/Build/Intermediates.noindex/SugarBeat.build/Debug-iphonesimulator/SugarBeat.build/assetcatalog_generated_info.plist --app-icon AppIcon --compress-pngs --enable-on-demand-resources YES --development-region ja --target-device iphone --target-device ipad --minimum-deployment-target 16.0 --platform iphonesimulator --bundle-identifier com.sugarbeat.SugarBeat --generate-swift-asset-symbol-extensions NO --generate-swift-asset-symbols /Users/fukushimatakumi/Library/Developer/Xcode/DerivedData/SugarBeat-hgoxfxbbugxkfsbmqcjlbmjeaqyg/Build/Intermediates.noindex/SugarBeat.build/Debug-iphonesimulator/SugarBeat.build/DerivedSources/GeneratedAssetSymbols.swift --generate-objc-asset-symbols /Users/fukushimatakumi/Library/Developer/Xcode/DerivedData/SugarBeat-hgoxfxbbugxkfsbmqcjlbmjeaqyg/Build/Intermediates.noindex/SugarBeat.build/Debug-iphonesimulator/SugarBeat.build/DerivedSources/GeneratedAssetSymbols.h --generate-asset-symbol-index /Users/fukushimatakumi/Library/Developer/Xcode/DerivedData/SugarBeat-hgoxfxbbugxkfsbmqcjlbmjeaqyg/Build/Intermediates.noindex/SugarBeat.build/Debug-iphonesimulator/SugarBeat.build/DerivedSources/GeneratedAssetSymbols-Index.plist
/* com.apple.actool.compilation-results */
/Users/fukushimatakumi/Library/Developer/Xcode/DerivedData/SugarBeat-hgoxfxbbugxkfsbmqcjlbmjeaqyg/Build/Intermediates.noindex/SugarBeat.build/Debug-iphonesimulator/SugarBeat.build/DerivedSources/GeneratedAssetSymbols-Index.plist
/Users/fukushimatakumi/Library/Developer/Xcode/DerivedData/SugarBeat-hgoxfxbbugxkfsbmqcjlbmjeaqyg/Build/Intermediates.noindex/SugarBeat.build/Debug-iphonesimulator/SugarBeat.build/DerivedSources/GeneratedAssetSymbols.h
/Users/fukushimatakumi/Library/Developer/Xcode/DerivedData/SugarBeat-hgoxfxbbugxkfsbmqcjlbmjeaqyg/Build/Intermediates.noindex/SugarBeat.build/Debug-iphonesimulator/SugarBeat.build/DerivedSources/GeneratedAssetSymbols.swift


CompileAssetCatalogVariant thinned /Users/fukushimatakumi/Library/Developer/Xcode/DerivedData/SugarBeat-hgoxfxbbugxkfsbmqcjlbmjeaqyg/Build/Products/Debug-iphonesimulator/SugarBeat.app /Users/fukushimatakumi/develop/sugarbeat/sugarbeat-front/SugarBeat/Assets.xcassets (in target 'SugarBeat' from project 'SugarBeat')
    cd /Users/fukushimatakumi/develop/sugarbeat/sugarbeat-front
    /Applications/Xcode.app/Contents/Developer/usr/bin/actool /Users/fukushimatakumi/develop/sugarbeat/sugarbeat-front/SugarBeat/Assets.xcassets --compile /Users/fukushimatakumi/Library/Developer/Xcode/DerivedData/SugarBeat-hgoxfxbbugxkfsbmqcjlbmjeaqyg/Build/Intermediates.noindex/SugarBeat.build/Debug-iphonesimulator/SugarBeat.build/assetcatalog_output/thinned --output-format human-readable-text --notices --warnings --export-dependency-info /Users/fukushimatakumi/Library/Developer/Xcode/DerivedData/SugarBeat-hgoxfxbbugxkfsbmqcjlbmjeaqyg/Build/Intermediates.noindex/SugarBeat.build/Debug-iphonesimulator/SugarBeat.build/assetcatalog_dependencies_thinned --output-partial-info-plist /Users/fukushimatakumi/Library/Developer/Xcode/DerivedData/SugarBeat-hgoxfxbbugxkfsbmqcjlbmjeaqyg/Build/Intermediates.noindex/SugarBeat.build/Debug-iphonesimulator/SugarBeat.build/assetcatalog_generated_info.plist_thinned --app-icon AppIcon --compress-pngs --enable-on-demand-resources YES --filter-for-thinning-device-configuration iPhone17,3 --filter-for-device-os-version 18.4 --development-region ja --target-device iphone --target-device ipad --minimum-deployment-target 16.0 --platform iphonesimulator

SwiftDriverJobDiscovery normal arm64 Compiling ServerTimestamp.swift, Timestamp+Codable.swift, TimestampDecodingStrategy.swift (in target 'FirebaseFirestore' from project 'Firebase')

SwiftDriver\ Compilation FirebaseFirestore normal arm64 com.apple.xcode.tools.swift.compiler (in target 'FirebaseFirestore' from project 'Firebase')
    cd /Users/fukushimatakumi/develop/sugarbeat/sugarbeat-front
    builtin-Swift-Compilation -- /Applications/Xcode.app/Contents/Developer/Toolchains/XcodeDefault.xctoolchain/usr/bin/swiftc -module-name FirebaseFirestore -Onone -enforce-exclusivity\=checked @/Users/fukushimatakumi/Library/Developer/Xcode/DerivedData/SugarBeat-hgoxfxbbugxkfsbmqcjlbmjeaqyg/Build/Intermediates.noindex/Firebase.build/Debug-iphonesimulator/FirebaseFirestore.build/Objects-normal/arm64/FirebaseFirestore.SwiftFileList -DSWIFT_PACKAGE -DDEBUG -Xcc -fmodule-map-file\=/Users/fukushimatakumi/Library/Developer/Xcode/DerivedData/SugarBeat-hgoxfxbbugxkfsbmqcjlbmjeaqyg/Build/Intermediates.noindex/GeneratedModuleMaps-iphonesimulator/GoogleUtilities-NSData.modulemap -Xcc -fmodule-map-file\=/Users/fukushimatakumi/Library/Developer/Xcode/DerivedData/SugarBeat-hgoxfxbbugxkfsbmqcjlbmjeaqyg/Build/Intermediates.noindex/GeneratedModuleMaps-iphonesimulator/GoogleUtilities-Environment.modulemap -Xcc -fmodule-map-file\=/Users/fukushimatakumi/Library/Developer/Xcode/DerivedData/SugarBeat-hgoxfxbbugxkfsbmqcjlbmjeaqyg/Build/Intermediates.noindex/GeneratedModuleMaps-iphonesimulator/third-party-IsAppEncrypted.modulemap -Xcc -fmodule-map-file\=/Users/fukushimatakumi/Library/Developer/Xcode/DerivedData/SugarBeat-hgoxfxbbugxkfsbmqcjlbmjeaqyg/Build/Intermediates.noindex/GeneratedModuleMaps-iphonesimulator/GoogleUtilities-Logger.modulemap -Xcc -fmodule-map-file\=/Users/fukushimatakumi/Library/Developer/Xcode/DerivedData/SugarBeat-hgoxfxbbugxkfsbmqcjlbmjeaqyg/Build/Intermediates.noindex/GeneratedModuleMaps-iphonesimulator/abslWrapper.modulemap -Xcc -fmodule-map-file\=/Users/fukushimatakumi/Library/Developer/Xcode/DerivedData/SugarBeat-hgoxfxbbugxkfsbmqcjlbmjeaqyg/Build/Intermediates.noindex/GeneratedModuleMaps-iphonesimulator/opensslWrapper.modulemap -Xcc -fmodule-map-file\=/Users/fukushimatakumi/Library/Developer/Xcode/DerivedData/SugarBeat-hgoxfxbbugxkfsbmqcjlbmjeaqyg/Build/Intermediates.noindex/GeneratedModuleMaps-iphonesimulator/grpcWrapper.modulemap -Xcc -fmodule-map-file\=/Users/fukushimatakumi/Library/Developer/Xcode/DerivedData/SugarBeat-hgoxfxbbugxkfsbmqcjlbmjeaqyg/Build/Intermediates.noindex/GeneratedModuleMaps-iphonesimulator/grpcppWrapper.modulemap -Xcc -fmodule-map-file\=/Users/fukushimatakumi/Library/Developer/Xcode/DerivedData/SugarBeat-hgoxfxbbugxkfsbmqcjlbmjeaqyg/Build/Intermediates.noindex/GeneratedModuleMaps-iphonesimulator/nanopb.modulemap -Xcc -fmodule-map-file\=/Users/fukushimatakumi/Library/Developer/Xcode/DerivedData/SugarBeat-hgoxfxbbugxkfsbmqcjlbmjeaqyg/Build/Intermediates.noindex/GeneratedModuleMaps-iphonesimulator/leveldb.modulemap -Xcc -fmodule-map-file\=/Users/fukushimatakumi/Library/Developer/Xcode/DerivedData/SugarBeat-hgoxfxbbugxkfsbmqcjlbmjeaqyg/Build/Intermediates.noindex/GeneratedModuleMaps-iphonesimulator/FirebaseCoreExtension.modulemap -Xcc -fmodule-map-file\=/Users/fukushimatakumi/Library/Developer/Xcode/DerivedData/SugarBeat-hgoxfxbbugxkfsbmqcjlbmjeaqyg/Build/Intermediates.noindex/GeneratedModuleMaps-iphonesimulator/FirebaseCore.modulemap -Xcc -fmodule-map-file\=/Users/fukushimatakumi/Library/Developer/Xcode/DerivedData/SugarBeat-hgoxfxbbugxkfsbmqcjlbmjeaqyg/Build/Intermediates.noindex/GeneratedModuleMaps-iphonesimulator/FirebaseAppCheckInterop.modulemap -Xcc -fmodule-map-file\=/Users/fukushimatakumi/Library/Developer/Xcode/DerivedData/SugarBeat-hgoxfxbbugxkfsbmqcjlbmjeaqyg/Build/Intermediates.noindex/GeneratedModuleMaps-iphonesimulator/FirebaseFirestoreInternalWrapper.modulemap -DXcode -plugin-path /Applications/Xcode.app/Contents/Developer/Toolchains/XcodeDefault.xctoolchain/usr/lib/swift/host/plugins/testing -enable-experimental-feature DebugDescriptionMacro -sdk /Applications/Xcode.app/Contents/Developer/Platforms/iPhoneSimulator.platform/Developer/SDKs/iPhoneSimulator18.4.sdk -target arm64-apple-ios15.0-simulator -g -module-cache-path /Users/fukushimatakumi/Library/Developer/Xcode/DerivedData/ModuleCache.noindex -Xfrontend -serialize-debugging-options -enable-testing -suppress-warnings -index-store-path /Users/fukushimatakumi/Library/Developer/Xcode/DerivedData/SugarBeat-hgoxfxbbugxkfsbmqcjlbmjeaqyg/Index.noindex/DataStore -swift-version 5 -I /Users/fukushimatakumi/Library/Developer/Xcode/DerivedData/SugarBeat-hgoxfxbbugxkfsbmqcjlbmjeaqyg/Build/Products/Debug-iphonesimulator -I /Applications/Xcode.app/Contents/Developer/Platforms/iPhoneSimulator.platform/Developer/usr/lib -F /Users/fukushimatakumi/Library/Developer/Xcode/DerivedData/SugarBeat-hgoxfxbbugxkfsbmqcjlbmjeaqyg/Build/Products/Debug-iphonesimulator/PackageFrameworks -F /Users/fukushimatakumi/Library/Developer/Xcode/DerivedData/SugarBeat-hgoxfxbbugxkfsbmqcjlbmjeaqyg/Build/Products/Debug-iphonesimulator/PackageFrameworks -F /Users/fukushimatakumi/Library/Developer/Xcode/DerivedData/SugarBeat-hgoxfxbbugxkfsbmqcjlbmjeaqyg/Build/Products/Debug-iphonesimulator/PackageFrameworks -F /Users/fukushimatakumi/Library/Developer/Xcode/DerivedData/SugarBeat-hgoxfxbbugxkfsbmqcjlbmjeaqyg/Build/Products/Debug-iphonesimulator/PackageFrameworks -F /Users/fukushimatakumi/Library/Developer/Xcode/DerivedData/SugarBeat-hgoxfxbbugxkfsbmqcjlbmjeaqyg/Build/Products/Debug-iphonesimulator/PackageFrameworks -F /Users/fukushimatakumi/Library/Developer/Xcode/DerivedData/SugarBeat-hgoxfxbbugxkfsbmqcjlbmjeaqyg/Build/Products/Debug-iphonesimulator/PackageFrameworks -F /Users/fukushimatakumi/Library/Developer/Xcode/DerivedData/SugarBeat-hgoxfxbbugxkfsbmqcjlbmjeaqyg/Build/Products/Debug-iphonesimulator/PackageFrameworks -F /Users/fukushimatakumi/Library/Developer/Xcode/DerivedData/SugarBeat-hgoxfxbbugxkfsbmqcjlbmjeaqyg/Build/Products/Debug-iphonesimulator/PackageFrameworks -F /Users/fukushimatakumi/Library/Developer/Xcode/DerivedData/SugarBeat-hgoxfxbbugxkfsbmqcjlbmjeaqyg/Build/Products/Debug-iphonesimulator/PackageFrameworks -F /Users/fukushimatakumi/Library/Developer/Xcode/DerivedData/SugarBeat-hgoxfxbbugxkfsbmqcjlbmjeaqyg/Build/Products/Debug-iphonesimulator/PackageFrameworks -F /Users/fukushimatakumi/Library/Developer/Xcode/DerivedData/SugarBeat-hgoxfxbbugxkfsbmqcjlbmjeaqyg/Build/Products/Debug-iphonesimulator/PackageFrameworks -F /Users/fukushimatakumi/Library/Developer/Xcode/DerivedData/SugarBeat-hgoxfxbbugxkfsbmqcjlbmjeaqyg/Build/Products/Debug-iphonesimulator/PackageFrameworks -F /Users/fukushimatakumi/Library/Developer/Xcode/DerivedData/SugarBeat-hgoxfxbbugxkfsbmqcjlbmjeaqyg/Build/Products/Debug-iphonesimulator/PackageFrameworks -F /Users/fukushimatakumi/Library/Developer/Xcode/DerivedData/SugarBeat-hgoxfxbbugxkfsbmqcjlbmjeaqyg/Build/Products/Debug-iphonesimulator/PackageFrameworks -F /Users/fukushimatakumi/Library/Developer/Xcode/DerivedData/SugarBeat-hgoxfxbbugxkfsbmqcjlbmjeaqyg/Build/Products/Debug-iphonesimulator/PackageFrameworks -F /Users/fukushimatakumi/Library/Developer/Xcode/DerivedData/SugarBeat-hgoxfxbbugxkfsbmqcjlbmjeaqyg/Build/Products/Debug-iphonesimulator/PackageFrameworks -F /Users/fukushimatakumi/Library/Developer/Xcode/DerivedData/SugarBeat-hgoxfxbbugxkfsbmqcjlbmjeaqyg/Build/Products/Debug-iphonesimulator/PackageFrameworks -F /Users/fukushimatakumi/Library/Developer/Xcode/DerivedData/SugarBeat-hgoxfxbbugxkfsbmqcjlbmjeaqyg/Build/Products/Debug-iphonesimulator -F /Applications/Xcode.app/Contents/Developer/Platforms/iPhoneSimulator.platform/Developer/Library/Frameworks -F /Applications/Xcode.app/Contents/Developer/Platforms/iPhoneSimulator.platform/Developer/SDKs/iPhoneSimulator18.4.sdk/Developer/Library/Frameworks -c -j10 -enable-batch-mode -incremental -Xcc -ivfsstatcache -Xcc /Users/fukushimatakumi/Library/Developer/Xcode/DerivedData/SDKStatCaches.noindex/iphonesimulator18.4-22E235-71825a6d136aa4733edcbe86ece5525b.sdkstatcache -output-file-map /Users/fukushimatakumi/Library/Developer/Xcode/DerivedData/SugarBeat-hgoxfxbbugxkfsbmqcjlbmjeaqyg/Build/Intermediates.noindex/Firebase.build/Debug-iphonesimulator/FirebaseFirestore.build/Objects-normal/arm64/FirebaseFirestore-OutputFileMap.json -use-frontend-parseable-output -save-temps -no-color-diagnostics -serialize-diagnostics -emit-dependencies -emit-module -emit-module-path /Users/fukushimatakumi/Library/Developer/Xcode/DerivedData/SugarBeat-hgoxfxbbugxkfsbmqcjlbmjeaqyg/Build/Intermediates.noindex/Firebase.build/Debug-iphonesimulator/FirebaseFirestore.build/Objects-normal/arm64/FirebaseFirestore.swiftmodule -user-module-version 12.7.0 -validate-clang-modules-once -clang-build-session-file /Users/fukushimatakumi/Library/Developer/Xcode/DerivedData/ModuleCache.noindex/Session.modulevalidation -package-name firebase_ios_sdk -Xcc -I/Users/fukushimatakumi/Library/Developer/Xcode/DerivedData/SugarBeat-hgoxfxbbugxkfsbmqcjlbmjeaqyg/Build/Intermediates.noindex/Firebase.build/Debug-iphonesimulator/FirebaseFirestore.build/swift-overrides.hmap -emit-const-values -Xfrontend -const-gather-protocols-file -Xfrontend /Users/fukushimatakumi/Library/Developer/Xcode/DerivedData/SugarBeat-hgoxfxbbugxkfsbmqcjlbmjeaqyg/Build/Intermediates.noindex/Firebase.build/Debug-iphonesimulator/FirebaseFirestore.build/Objects-normal/arm64/FirebaseFirestore_const_extract_protocols.json -Xcc -I/Users/fukushimatakumi/Library/Developer/Xcode/DerivedData/SugarBeat-hgoxfxbbugxkfsbmqcjlbmjeaqyg/SourcePackages/checkouts/GoogleUtilities/GoogleUtilities/NSData+zlib/Public -Xcc -I/Users/fukushimatakumi/Library/Developer/Xcode/DerivedData/SugarBeat-hgoxfxbbugxkfsbmqcjlbmjeaqyg/SourcePackages/checkouts/GoogleUtilities/GoogleUtilities/Environment/Public -Xcc -I/Users/fukushimatakumi/Library/Developer/Xcode/DerivedData/SugarBeat-hgoxfxbbugxkfsbmqcjlbmjeaqyg/SourcePackages/checkouts/GoogleUtilities/third_party/IsAppEncrypted/Public -Xcc -I/Users/fukushimatakumi/Library/Developer/Xcode/DerivedData/SugarBeat-hgoxfxbbugxkfsbmqcjlbmjeaqyg/SourcePackages/checkouts/GoogleUtilities/GoogleUtilities/Logger/Public -Xcc -I/Users/fukushimatakumi/Library/Developer/Xcode/DerivedData/SugarBeat-hgoxfxbbugxkfsbmqcjlbmjeaqyg/SourcePackages/checkouts/abseil-cpp-binary/absl-Wrapper/include -Xcc -I/Users/fukushimatakumi/Library/Developer/Xcode/DerivedData/SugarBeat-hgoxfxbbugxkfsbmqcjlbmjeaqyg/SourcePackages/checkouts/grpc-binary/openssl-grpc-Wrapper/include -Xcc -I/Users/fukushimatakumi/Library/Developer/Xcode/DerivedData/SugarBeat-hgoxfxbbugxkfsbmqcjlbmjeaqyg/SourcePackages/checkouts/grpc-binary/grpc-Wrapper/include -Xcc -I/Users/fukushimatakumi/Library/Developer/Xcode/DerivedData/SugarBeat-hgoxfxbbugxkfsbmqcjlbmjeaqyg/SourcePackages/checkouts/grpc-binary/grpcpp-Wrapper/include -Xcc -I/Users/fukushimatakumi/Library/Developer/Xcode/DerivedData/SugarBeat-hgoxfxbbugxkfsbmqcjlbmjeaqyg/SourcePackages/checkouts/nanopb/spm_headers -Xcc -I/Users/fukushimatakumi/Library/Developer/Xcode/DerivedData/SugarBeat-hgoxfxbbugxkfsbmqcjlbmjeaqyg/SourcePackages/checkouts/leveldb/include -Xcc -I/Users/fukushimatakumi/Library/Developer/Xcode/DerivedData/SugarBeat-hgoxfxbbugxkfsbmqcjlbmjeaqyg/SourcePackages/checkouts/firebase-ios-sdk/FirebaseCore/Extension -Xcc -I/Users/fukushimatakumi/Library/Developer/Xcode/DerivedData/SugarBeat-hgoxfxbbugxkfsbmqcjlbmjeaqyg/SourcePackages/checkouts/firebase-ios-sdk/FirebaseCore/Sources/Public -Xcc -I/Users/fukushimatakumi/Library/Developer/Xcode/DerivedData/SugarBeat-hgoxfxbbugxkfsbmqcjlbmjeaqyg/SourcePackages/checkouts/firebase-ios-sdk/CoreOnly/Sources -Xcc -I/Users/fukushimatakumi/Library/Developer/Xcode/DerivedData/SugarBeat-hgoxfxbbugxkfsbmqcjlbmjeaqyg/SourcePackages/checkouts/firebase-ios-sdk/FirebaseAppCheck/Interop/Public -Xcc -I/Users/fukushimatakumi/Library/Developer/Xcode/DerivedData/SugarBeat-hgoxfxbbugxkfsbmqcjlbmjeaqyg/SourcePackages/checkouts/firebase-ios-sdk/FirebaseFirestoreInternal -Xcc -I/Users/fukushimatakumi/Library/Developer/Xcode/DerivedData/SugarBeat-hgoxfxbbugxkfsbmqcjlbmjeaqyg/Build/Products/Debug-iphonesimulator/include -Xcc -I/Users/fukushimatakumi/Library/Developer/Xcode/DerivedData/SugarBeat-hgoxfxbbugxkfsbmqcjlbmjeaqyg/Build/Intermediates.noindex/Firebase.build/Debug-iphonesimulator/FirebaseFirestore.build/DerivedSources-normal/arm64 -Xcc -I/Users/fukushimatakumi/Library/Developer/Xcode/DerivedData/SugarBeat-hgoxfxbbugxkfsbmqcjlbmjeaqyg/Build/Intermediates.noindex/Firebase.build/Debug-iphonesimulator/FirebaseFirestore.build/DerivedSources/arm64 -Xcc -I/Users/fukushimatakumi/Library/Developer/Xcode/DerivedData/SugarBeat-hgoxfxbbugxkfsbmqcjlbmjeaqyg/Build/Intermediates.noindex/Firebase.build/Debug-iphonesimulator/FirebaseFirestore.build/DerivedSources -Xcc -DSWIFT_PACKAGE -Xcc -DDEBUG\=1 -emit-objc-header -emit-objc-header-path /Users/fukushimatakumi/Library/Developer/Xcode/DerivedData/SugarBeat-hgoxfxbbugxkfsbmqcjlbmjeaqyg/Build/Intermediates.noindex/Firebase.build/Debug-iphonesimulator/FirebaseFirestore.build/Objects-normal/arm64/FirebaseFirestore-Swift.h -working-directory /Users/fukushimatakumi/develop/sugarbeat/sugarbeat-front -experimental-emit-module-separately -disable-cmo

RegisterExecutionPolicyException /Users/fukushimatakumi/Library/Developer/Xcode/DerivedData/SugarBeat-hgoxfxbbugxkfsbmqcjlbmjeaqyg/Build/Products/Debug-iphonesimulator/GTMAppAuth.o (in target 'GTMAppAuth' from project 'GTMAppAuth')
    cd /Users/fukushimatakumi/Library/Developer/Xcode/DerivedData/SugarBeat-hgoxfxbbugxkfsbmqcjlbmjeaqyg/SourcePackages/checkouts/GTMAppAuth
    builtin-RegisterExecutionPolicyException /Users/fukushimatakumi/Library/Developer/Xcode/DerivedData/SugarBeat-hgoxfxbbugxkfsbmqcjlbmjeaqyg/Build/Products/Debug-iphonesimulator/GTMAppAuth.o

CompileC /Users/fukushimatakumi/Library/Developer/Xcode/DerivedData/SugarBeat-hgoxfxbbugxkfsbmqcjlbmjeaqyg/Build/Intermediates.noindex/Firebase.build/Debug-iphonesimulator/FirebaseFirestoreTarget.build/Objects-normal/arm64/dummy.o /Users/fukushimatakumi/Library/Developer/Xcode/DerivedData/SugarBeat-hgoxfxbbugxkfsbmqcjlbmjeaqyg/SourcePackages/checkouts/firebase-ios-sdk/SwiftPM-PlatformExclude/FirebaseFirestoreWrap/dummy.m normal arm64 objective-c com.apple.compilers.llvm.clang.1_0.compiler (in target 'FirebaseFirestoreTarget' from project 'Firebase')
    cd /Users/fukushimatakumi/develop/sugarbeat/sugarbeat-front
    
    Using response file: /Users/fukushimatakumi/Library/Developer/Xcode/DerivedData/SugarBeat-hgoxfxbbugxkfsbmqcjlbmjeaqyg/Build/Intermediates.noindex/Firebase.build/Debug-iphonesimulator/FirebaseFirestoreTarget.build/Objects-normal/arm64/e6072d4f65d7061329687fe24e3d63a7-common-args.resp
    
    /Applications/Xcode.app/Contents/Developer/Toolchains/XcodeDefault.xctoolchain/usr/bin/clang -x objective-c -ivfsstatcache /Users/fukushimatakumi/Library/Developer/Xcode/DerivedData/SDKStatCaches.noindex/iphonesimulator18.4-22E235-71825a6d136aa4733edcbe86ece5525b.sdkstatcache -fmessage-length\=0 -fdiagnostics-show-note-include-stack -fmacro-backtrace-limit\=0 -fno-color-diagnostics -fmodules-prune-interval\=86400 -fmodules-prune-after\=345600 -fbuild-session-file\=/Users/fukushimatakumi/Library/Developer/Xcode/DerivedData/ModuleCache.noindex/Session.modulevalidation -fmodules-validate-once-per-build-session -Wnon-modular-include-in-framework-module -Werror\=non-modular-include-in-framework-module -Wno-trigraphs -Wno-missing-field-initializers -Wno-missing-prototypes -Wno-return-type -Wno-implicit-atomic-properties -Wno-objc-interface-ivars -Wno-arc-repeated-use-of-weak -Wno-missing-braces -Wparentheses -Wswitch -Wno-unused-function -Wno-unused-label -Wno-unused-parameter -Wno-unused-variable -Wunused-value -Wno-empty-body -Wno-uninitialized -Wno-unknown-pragmas -w -Wno-shadow -Wno-four-char-constants -Wno-conversion -Wno-constant-conversion -Wno-int-conversion -Wno-bool-conversion -Wno-enum-conversion -Wno-float-conversion -Wno-non-literal-null-conversion -Wno-objc-literal-conversion -Wshorten-64-to-32 -Wpointer-sign -Wno-newline-eof -Wno-selector -Wno-strict-selector-match -Wno-undeclared-selector -Wno-deprecated-implementations -Wno-implicit-fallthrough -fstrict-aliasing -Wprotocol -Wdeprecated-declarations -Wno-sign-conversion -Wno-infinite-recursion -Wno-comma -Wno-block-capture-autoreleasing -Wno-strict-prototypes -Wno-semicolon-before-method-body -index-store-path /Users/fukushimatakumi/Library/Developer/Xcode/DerivedData/SugarBeat-hgoxfxbbugxkfsbmqcjlbmjeaqyg/Index.noindex/DataStore @/Users/fukushimatakumi/Library/Developer/Xcode/DerivedData/SugarBeat-hgoxfxbbugxkfsbmqcjlbmjeaqyg/Build/Intermediates.noindex/Firebase.build/Debug-iphonesimulator/FirebaseFirestoreTarget.build/Objects-normal/arm64/e6072d4f65d7061329687fe24e3d63a7-common-args.resp -MMD -MT dependencies -MF /Users/fukushimatakumi/Library/Developer/Xcode/DerivedData/SugarBeat-hgoxfxbbugxkfsbmqcjlbmjeaqyg/Build/Intermediates.noindex/Firebase.build/Debug-iphonesimulator/FirebaseFirestoreTarget.build/Objects-normal/arm64/dummy.d --serialize-diagnostics /Users/fukushimatakumi/Library/Developer/Xcode/DerivedData/SugarBeat-hgoxfxbbugxkfsbmqcjlbmjeaqyg/Build/Intermediates.noindex/Firebase.build/Debug-iphonesimulator/FirebaseFirestoreTarget.build/Objects-normal/arm64/dummy.dia -c /Users/fukushimatakumi/Library/Developer/Xcode/DerivedData/SugarBeat-hgoxfxbbugxkfsbmqcjlbmjeaqyg/SourcePackages/checkouts/firebase-ios-sdk/SwiftPM-PlatformExclude/FirebaseFirestoreWrap/dummy.m -o /Users/fukushimatakumi/Library/Developer/Xcode/DerivedData/SugarBeat-hgoxfxbbugxkfsbmqcjlbmjeaqyg/Build/Intermediates.noindex/Firebase.build/Debug-iphonesimulator/FirebaseFirestoreTarget.build/Objects-normal/arm64/dummy.o -index-unit-output-path /Firebase.build/Debug-iphonesimulator/FirebaseFirestoreTarget.build/Objects-normal/arm64/dummy.o

RegisterExecutionPolicyException /Users/fukushimatakumi/Library/Developer/Xcode/DerivedData/SugarBeat-hgoxfxbbugxkfsbmqcjlbmjeaqyg/Build/Products/Debug-iphonesimulator/FirebaseCore.o (in target 'FirebaseCore' from project 'Firebase')
    cd /Users/fukushimatakumi/Library/Developer/Xcode/DerivedData/SugarBeat-hgoxfxbbugxkfsbmqcjlbmjeaqyg/SourcePackages/checkouts/firebase-ios-sdk
    builtin-RegisterExecutionPolicyException /Users/fukushimatakumi/Library/Developer/Xcode/DerivedData/SugarBeat-hgoxfxbbugxkfsbmqcjlbmjeaqyg/Build/Products/Debug-iphonesimulator/FirebaseCore.o

SwiftDriver SugarBeat normal arm64 com.apple.xcode.tools.swift.compiler (in target 'SugarBeat' from project 'SugarBeat')
    cd /Users/fukushimatakumi/develop/sugarbeat/sugarbeat-front
    builtin-SwiftDriver -- /Applications/Xcode.app/Contents/Developer/Toolchains/XcodeDefault.xctoolchain/usr/bin/swiftc -module-name SugarBeat -Onone -enforce-exclusivity\=checked @/Users/fukushimatakumi/Library/Developer/Xcode/DerivedData/SugarBeat-hgoxfxbbugxkfsbmqcjlbmjeaqyg/Build/Intermediates.noindex/SugarBeat.build/Debug-iphonesimulator/SugarBeat.build/Objects-normal/arm64/SugarBeat.SwiftFileList -DDEBUG -Xcc -fmodule-map-file\=/Users/fukushimatakumi/Library/Developer/Xcode/DerivedData/SugarBeat-hgoxfxbbugxkfsbmqcjlbmjeaqyg/Build/Intermediates.noindex/GeneratedModuleMaps-iphonesimulator/AppAuth.modulemap -Xcc -fmodule-map-file\=/Users/fukushimatakumi/Library/Developer/Xcode/DerivedData/SugarBeat-hgoxfxbbugxkfsbmqcjlbmjeaqyg/Build/Intermediates.noindex/GeneratedModuleMaps-iphonesimulator/AppAuthCore.modulemap -Xcc -fmodule-map-file\=/Users/fukushimatakumi/Library/Developer/Xcode/DerivedData/SugarBeat-hgoxfxbbugxkfsbmqcjlbmjeaqyg/Build/Intermediates.noindex/GeneratedModuleMaps-iphonesimulator/GoogleUtilities-UserDefaults.modulemap -Xcc -fmodule-map-file\=/Users/fukushimatakumi/Library/Developer/Xcode/DerivedData/SugarBeat-hgoxfxbbugxkfsbmqcjlbmjeaqyg/Build/Intermediates.noindex/GeneratedModuleMaps-iphonesimulator/AppCheckCore.modulemap -Xcc -fmodule-map-file\=/Users/fukushimatakumi/Library/Developer/Xcode/DerivedData/SugarBeat-hgoxfxbbugxkfsbmqcjlbmjeaqyg/Build/Intermediates.noindex/GeneratedModuleMaps-iphonesimulator/GoogleSignIn.modulemap -Xcc -fmodule-map-file\=/Users/fukushimatakumi/Library/Developer/Xcode/DerivedData/SugarBeat-hgoxfxbbugxkfsbmqcjlbmjeaqyg/Build/Intermediates.noindex/GeneratedModuleMaps-iphonesimulator/RecaptchaInterop.modulemap -Xcc -fmodule-map-file\=/Users/fukushimatakumi/Library/Developer/Xcode/DerivedData/SugarBeat-hgoxfxbbugxkfsbmqcjlbmjeaqyg/Build/Intermediates.noindex/GeneratedModuleMaps-iphonesimulator/GoogleUtilities-Network.modulemap -Xcc -fmodule-map-file\=/Users/fukushimatakumi/Library/Developer/Xcode/DerivedData/SugarBeat-hgoxfxbbugxkfsbmqcjlbmjeaqyg/Build/Intermediates.noindex/GeneratedModuleMaps-iphonesimulator/GoogleUtilities-Reachability.modulemap -Xcc -fmodule-map-file\=/Users/fukushimatakumi/Library/Developer/Xcode/DerivedData/SugarBeat-hgoxfxbbugxkfsbmqcjlbmjeaqyg/Build/Intermediates.noindex/GeneratedModuleMaps-iphonesimulator/GoogleUtilities-AppDelegateSwizzler.modulemap -Xcc -fmodule-map-file\=/Users/fukushimatakumi/Library/Developer/Xcode/DerivedData/SugarBeat-hgoxfxbbugxkfsbmqcjlbmjeaqyg/Build/Intermediates.noindex/GeneratedModuleMaps-iphonesimulator/GTMSessionFetcherCore.modulemap -Xcc -fmodule-map-file\=/Users/fukushimatakumi/Library/Developer/Xcode/DerivedData/SugarBeat-hgoxfxbbugxkfsbmqcjlbmjeaqyg/Build/Intermediates.noindex/GeneratedModuleMaps-iphonesimulator/FirebaseAuthInternal.modulemap -Xcc -fmodule-map-file\=/Users/fukushimatakumi/Library/Developer/Xcode/DerivedData/SugarBeat-hgoxfxbbugxkfsbmqcjlbmjeaqyg/Build/Intermediates.noindex/GeneratedModuleMaps-iphonesimulator/FirebaseAuthInterop.modulemap -Xcc -fmodule-map-file\=/Users/fukushimatakumi/Library/Developer/Xcode/DerivedData/SugarBeat-hgoxfxbbugxkfsbmqcjlbmjeaqyg/Build/Intermediates.noindex/GeneratedModuleMaps-iphonesimulator/GoogleUtilities-NSData.modulemap -Xcc -fmodule-map-file\=/Users/fukushimatakumi/Library/Developer/Xcode/DerivedData/SugarBeat-hgoxfxbbugxkfsbmqcjlbmjeaqyg/Build/Intermediates.noindex/GeneratedModuleMaps-iphonesimulator/GoogleUtilities-Environment.modulemap -Xcc -fmodule-map-file\=/Users/fukushimatakumi/Library/Developer/Xcode/DerivedData/SugarBeat-hgoxfxbbugxkfsbmqcjlbmjeaqyg/Build/Intermediates.noindex/GeneratedModuleMaps-iphonesimulator/third-party-IsAppEncrypted.modulemap -Xcc -fmodule-map-file\=/Users/fukushimatakumi/Library/Developer/Xcode/DerivedData/SugarBeat-hgoxfxbbugxkfsbmqcjlbmjeaqyg/Build/Intermediates.noindex/GeneratedModuleMaps-iphonesimulator/GoogleUtilities-Logger.modulemap -Xcc -fmodule-map-file\=/Users/fukushimatakumi/Library/Developer/Xcode/DerivedData/SugarBeat-hgoxfxbbugxkfsbmqcjlbmjeaqyg/Build/Intermediates.noindex/GeneratedModuleMaps-iphonesimulator/abslWrapper.modulemap -Xcc -fmodule-map-file\=/Users/fukushimatakumi/Library/Developer/Xcode/DerivedData/SugarBeat-hgoxfxbbugxkfsbmqcjlbmjeaqyg/Build/Intermediates.noindex/GeneratedModuleMaps-iphonesimulator/opensslWrapper.modulemap -Xcc -fmodule-map-file\=/Users/fukushimatakumi/Library/Developer/Xcode/DerivedData/SugarBeat-hgoxfxbbugxkfsbmqcjlbmjeaqyg/Build/Intermediates.noindex/GeneratedModuleMaps-iphonesimulator/grpcWrapper.modulemap -Xcc -fmodule-map-file\=/Users/fukushimatakumi/Library/Developer/Xcode/DerivedData/SugarBeat-hgoxfxbbugxkfsbmqcjlbmjeaqyg/Build/Intermediates.noindex/GeneratedModuleMaps-iphonesimulator/grpcppWrapper.modulemap -Xcc -fmodule-map-file\=/Users/fukushimatakumi/Library/Developer/Xcode/DerivedData/SugarBeat-hgoxfxbbugxkfsbmqcjlbmjeaqyg/Build/Intermediates.noindex/GeneratedModuleMaps-iphonesimulator/nanopb.modulemap -Xcc -fmodule-map-file\=/Users/fukushimatakumi/Library/Developer/Xcode/DerivedData/SugarBeat-hgoxfxbbugxkfsbmqcjlbmjeaqyg/Build/Intermediates.noindex/GeneratedModuleMaps-iphonesimulator/leveldb.modulemap -Xcc -fmodule-map-file\=/Users/fukushimatakumi/Library/Developer/Xcode/DerivedData/SugarBeat-hgoxfxbbugxkfsbmqcjlbmjeaqyg/Build/Intermediates.noindex/GeneratedModuleMaps-iphonesimulator/FirebaseCoreExtension.modulemap -Xcc -fmodule-map-file\=/Users/fukushimatakumi/Library/Developer/Xcode/DerivedData/SugarBeat-hgoxfxbbugxkfsbmqcjlbmjeaqyg/Build/Intermediates.noindex/GeneratedModuleMaps-iphonesimulator/FirebaseCore.modulemap -Xcc -fmodule-map-file\=/Users/fukushimatakumi/Library/Developer/Xcode/DerivedData/SugarBeat-hgoxfxbbugxkfsbmqcjlbmjeaqyg/Build/Intermediates.noindex/GeneratedModuleMaps-iphonesimulator/FirebaseAppCheckInterop.modulemap -Xcc -fmodule-map-file\=/Users/fukushimatakumi/Library/Developer/Xcode/DerivedData/SugarBeat-hgoxfxbbugxkfsbmqcjlbmjeaqyg/Build/Intermediates.noindex/GeneratedModuleMaps-iphonesimulator/FirebaseFirestoreInternalWrapper.modulemap -Xcc -fmodule-map-file\=/Users/fukushimatakumi/Library/Developer/Xcode/DerivedData/SugarBeat-hgoxfxbbugxkfsbmqcjlbmjeaqyg/Build/Intermediates.noindex/GeneratedModuleMaps-iphonesimulator/FirebaseFirestoreTarget.modulemap -Xcc -fmodule-map-file\=/Users/fukushimatakumi/Library/Developer/Xcode/DerivedData/SugarBeat-hgoxfxbbugxkfsbmqcjlbmjeaqyg/Build/Intermediates.noindex/GeneratedModuleMaps-iphonesimulator/UserMessagingPlatformTarget.modulemap -enable-bare-slash-regex -enable-experimental-feature DebugDescriptionMacro -sdk /Applications/Xcode.app/Contents/Developer/Platforms/iPhoneSimulator.platform/Developer/SDKs/iPhoneSimulator18.4.sdk -target arm64-apple-ios16.0-simulator -g -module-cache-path /Users/fukushimatakumi/Library/Developer/Xcode/DerivedData/ModuleCache.noindex -Xfrontend -serialize-debugging-options -enable-testing -index-store-path /Users/fukushimatakumi/Library/Developer/Xcode/DerivedData/SugarBeat-hgoxfxbbugxkfsbmqcjlbmjeaqyg/Index.noindex/DataStore -swift-version 5 -I /Users/fukushimatakumi/Library/Developer/Xcode/DerivedData/SugarBeat-hgoxfxbbugxkfsbmqcjlbmjeaqyg/Build/Products/Debug-iphonesimulator -F /Users/fukushimatakumi/Library/Developer/Xcode/DerivedData/SugarBeat-hgoxfxbbugxkfsbmqcjlbmjeaqyg/Build/Products/Debug-iphonesimulator/PackageFrameworks -F /Users/fukushimatakumi/Library/Developer/Xcode/DerivedData/SugarBeat-hgoxfxbbugxkfsbmqcjlbmjeaqyg/Build/Products/Debug-iphonesimulator/PackageFrameworks -F /Users/fukushimatakumi/Library/Developer/Xcode/DerivedData/SugarBeat-hgoxfxbbugxkfsbmqcjlbmjeaqyg/Build/Products/Debug-iphonesimulator/PackageFrameworks -F /Users/fukushimatakumi/Library/Developer/Xcode/DerivedData/SugarBeat-hgoxfxbbugxkfsbmqcjlbmjeaqyg/Build/Products/Debug-iphonesimulator/PackageFrameworks -F /Users/fukushimatakumi/Library/Developer/Xcode/DerivedData/SugarBeat-hgoxfxbbugxkfsbmqcjlbmjeaqyg/Build/Products/Debug-iphonesimulator/PackageFrameworks -F /Users/fukushimatakumi/Library/Developer/Xcode/DerivedData/SugarBeat-hgoxfxbbugxkfsbmqcjlbmjeaqyg/Build/Products/Debug-iphonesimulator/PackageFrameworks -F /Users/fukushimatakumi/Library/Developer/Xcode/DerivedData/SugarBeat-hgoxfxbbugxkfsbmqcjlbmjeaqyg/Build/Products/Debug-iphonesimulator/PackageFrameworks -F /Users/fukushimatakumi/Library/Developer/Xcode/DerivedData/SugarBeat-hgoxfxbbugxkfsbmqcjlbmjeaqyg/Build/Products/Debug-iphonesimulator/PackageFrameworks -F /Users/fukushimatakumi/Library/Developer/Xcode/DerivedData/SugarBeat-hgoxfxbbugxkfsbmqcjlbmjeaqyg/Build/Products/Debug-iphonesimulator/PackageFrameworks -F /Users/fukushimatakumi/Library/Developer/Xcode/DerivedData/SugarBeat-hgoxfxbbugxkfsbmqcjlbmjeaqyg/Build/Products/Debug-iphonesimulator/PackageFrameworks -F /Users/fukushimatakumi/Library/Developer/Xcode/DerivedData/SugarBeat-hgoxfxbbugxkfsbmqcjlbmjeaqyg/Build/Products/Debug-iphonesimulator/PackageFrameworks -F /Users/fukushimatakumi/Library/Developer/Xcode/DerivedData/SugarBeat-hgoxfxbbugxkfsbmqcjlbmjeaqyg/Build/Products/Debug-iphonesimulator/PackageFrameworks -F /Users/fukushimatakumi/Library/Developer/Xcode/DerivedData/SugarBeat-hgoxfxbbugxkfsbmqcjlbmjeaqyg/Build/Products/Debug-iphonesimulator/PackageFrameworks -F /Users/fukushimatakumi/Library/Developer/Xcode/DerivedData/SugarBeat-hgoxfxbbugxkfsbmqcjlbmjeaqyg/Build/Products/Debug-iphonesimulator/PackageFrameworks -F /Users/fukushimatakumi/Library/Developer/Xcode/DerivedData/SugarBeat-hgoxfxbbugxkfsbmqcjlbmjeaqyg/Build/Products/Debug-iphonesimulator/PackageFrameworks -F /Users/fukushimatakumi/Library/Developer/Xcode/DerivedData/SugarBeat-hgoxfxbbugxkfsbmqcjlbmjeaqyg/Build/Products/Debug-iphonesimulator/PackageFrameworks -F /Users/fukushimatakumi/Library/Developer/Xcode/DerivedData/SugarBeat-hgoxfxbbugxkfsbmqcjlbmjeaqyg/Build/Products/Debug-iphonesimulator/PackageFrameworks -F /Users/fukushimatakumi/Library/Developer/Xcode/DerivedData/SugarBeat-hgoxfxbbugxkfsbmqcjlbmjeaqyg/Build/Products/Debug-iphonesimulator/PackageFrameworks -F /Users/fukushimatakumi/Library/Developer/Xcode/DerivedData/SugarBeat-hgoxfxbbugxkfsbmqcjlbmjeaqyg/Build/Products/Debug-iphonesimulator/PackageFrameworks -F /Users/fukushimatakumi/Library/Developer/Xcode/DerivedData/SugarBeat-hgoxfxbbugxkfsbmqcjlbmjeaqyg/Build/Products/Debug-iphonesimulator/PackageFrameworks -F /Users/fukushimatakumi/Library/Developer/Xcode/DerivedData/SugarBeat-hgoxfxbbugxkfsbmqcjlbmjeaqyg/Build/Products/Debug-iphonesimulator/PackageFrameworks -F /Users/fukushimatakumi/Library/Developer/Xcode/DerivedData/SugarBeat-hgoxfxbbugxkfsbmqcjlbmjeaqyg/Build/Products/Debug-iphonesimulator/PackageFrameworks -F /Users/fukushimatakumi/Library/Developer/Xcode/DerivedData/SugarBeat-hgoxfxbbugxkfsbmqcjlbmjeaqyg/Build/Products/Debug-iphonesimulator/PackageFrameworks -F /Users/fukushimatakumi/Library/Developer/Xcode/DerivedData/SugarBeat-hgoxfxbbugxkfsbmqcjlbmjeaqyg/Build/Products/Debug-iphonesimulator/PackageFrameworks -F /Users/fukushimatakumi/Library/Developer/Xcode/DerivedData/SugarBeat-hgoxfxbbugxkfsbmqcjlbmjeaqyg/Build/Products/Debug-iphonesimulator/PackageFrameworks -F /Users/fukushimatakumi/Library/Developer/Xcode/DerivedData/SugarBeat-hgoxfxbbugxkfsbmqcjlbmjeaqyg/Build/Products/Debug-iphonesimulator/PackageFrameworks -F /Users/fukushimatakumi/Library/Developer/Xcode/DerivedData/SugarBeat-hgoxfxbbugxkfsbmqcjlbmjeaqyg/Build/Products/Debug-iphonesimulator/PackageFrameworks -F /Users/fukushimatakumi/Library/Developer/Xcode/DerivedData/SugarBeat-hgoxfxbbugxkfsbmqcjlbmjeaqyg/Build/Products/Debug-iphonesimulator/PackageFrameworks -F /Users/fukushimatakumi/Library/Developer/Xcode/DerivedData/SugarBeat-hgoxfxbbugxkfsbmqcjlbmjeaqyg/Build/Products/Debug-iphonesimulator/PackageFrameworks -F /Users/fukushimatakumi/Library/Developer/Xcode/DerivedData/SugarBeat-hgoxfxbbugxkfsbmqcjlbmjeaqyg/Build/Products/Debug-iphonesimulator/PackageFrameworks -F /Users/fukushimatakumi/Library/Developer/Xcode/DerivedData/SugarBeat-hgoxfxbbugxkfsbmqcjlbmjeaqyg/Build/Products/Debug-iphonesimulator/PackageFrameworks -F /Users/fukushimatakumi/Library/Developer/Xcode/DerivedData/SugarBeat-hgoxfxbbugxkfsbmqcjlbmjeaqyg/Build/Products/Debug-iphonesimulator/PackageFrameworks -F /Users/fukushimatakumi/Library/Developer/Xcode/DerivedData/SugarBeat-hgoxfxbbugxkfsbmqcjlbmjeaqyg/Build/Products/Debug-iphonesimulator/PackageFrameworks -F /Users/fukushimatakumi/Library/Developer/Xcode/DerivedData/SugarBeat-hgoxfxbbugxkfsbmqcjlbmjeaqyg/Build/Products/Debug-iphonesimulator/PackageFrameworks -F /Users/fukushimatakumi/Library/Developer/Xcode/DerivedData/SugarBeat-hgoxfxbbugxkfsbmqcjlbmjeaqyg/Build/Products/Debug-iphonesimulator/PackageFrameworks -F /Users/fukushimatakumi/Library/Developer/Xcode/DerivedData/SugarBeat-hgoxfxbbugxkfsbmqcjlbmjeaqyg/Build/Products/Debug-iphonesimulator/PackageFrameworks -F /Users/fukushimatakumi/Library/Developer/Xcode/DerivedData/SugarBeat-hgoxfxbbugxkfsbmqcjlbmjeaqyg/Build/Products/Debug-iphonesimulator/PackageFrameworks -F /Users/fukushimatakumi/Library/Developer/Xcode/DerivedData/SugarBeat-hgoxfxbbugxkfsbmqcjlbmjeaqyg/Build/Products/Debug-iphonesimulator/PackageFrameworks -F /Users/fukushimatakumi/Library/Developer/Xcode/DerivedData/SugarBeat-hgoxfxbbugxkfsbmqcjlbmjeaqyg/Build/Products/Debug-iphonesimulator -c -j10 -enable-batch-mode -incremental -Xcc -ivfsstatcache -Xcc /Users/fukushimatakumi/Library/Developer/Xcode/DerivedData/SDKStatCaches.noindex/iphonesimulator18.4-22E235-71825a6d136aa4733edcbe86ece5525b.sdkstatcache -output-file-map /Users/fukushimatakumi/Library/Developer/Xcode/DerivedData/SugarBeat-hgoxfxbbugxkfsbmqcjlbmjeaqyg/Build/Intermediates.noindex/SugarBeat.build/Debug-iphonesimulator/SugarBeat.build/Objects-normal/arm64/SugarBeat-OutputFileMap.json -use-frontend-parseable-output -save-temps -no-color-diagnostics -serialize-diagnostics -emit-dependencies -emit-module -emit-module-path /Users/fukushimatakumi/Library/Developer/Xcode/DerivedData/SugarBeat-hgoxfxbbugxkfsbmqcjlbmjeaqyg/Build/Intermediates.noindex/SugarBeat.build/Debug-iphonesimulator/SugarBeat.build/Objects-normal/arm64/SugarBeat.swiftmodule -validate-clang-modules-once -clang-build-session-file /Users/fukushimatakumi/Library/Developer/Xcode/DerivedData/ModuleCache.noindex/Session.modulevalidation -Xcc -I/Users/fukushimatakumi/Library/Developer/Xcode/DerivedData/SugarBeat-hgoxfxbbugxkfsbmqcjlbmjeaqyg/Build/Intermediates.noindex/SugarBeat.build/Debug-iphonesimulator/SugarBeat.build/swift-overrides.hmap -emit-const-values -Xfrontend -const-gather-protocols-file -Xfrontend /Users/fukushimatakumi/Library/Developer/Xcode/DerivedData/SugarBeat-hgoxfxbbugxkfsbmqcjlbmjeaqyg/Build/Intermediates.noindex/SugarBeat.build/Debug-iphonesimulator/SugarBeat.build/Objects-normal/arm64/SugarBeat_const_extract_protocols.json -Xcc -iquote -Xcc /Users/fukushimatakumi/Library/Developer/Xcode/DerivedData/SugarBeat-hgoxfxbbugxkfsbmqcjlbmjeaqyg/Build/Intermediates.noindex/SugarBeat.build/Debug-iphonesimulator/SugarBeat.build/SugarBeat-generated-files.hmap -Xcc -I/Users/fukushimatakumi/Library/Developer/Xcode/DerivedData/SugarBeat-hgoxfxbbugxkfsbmqcjlbmjeaqyg/Build/Intermediates.noindex/SugarBeat.build/Debug-iphonesimulator/SugarBeat.build/SugarBeat-own-target-headers.hmap -Xcc -I/Users/fukushimatakumi/Library/Developer/Xcode/DerivedData/SugarBeat-hgoxfxbbugxkfsbmqcjlbmjeaqyg/Build/Intermediates.noindex/SugarBeat.build/Debug-iphonesimulator/SugarBeat.build/SugarBeat-all-non-framework-target-headers.hmap -Xcc -ivfsoverlay -Xcc /Users/fukushimatakumi/Library/Developer/Xcode/DerivedData/SugarBeat-hgoxfxbbugxkfsbmqcjlbmjeaqyg/Build/Intermediates.noindex/SugarBeat.build/Debug-iphonesimulator/SugarBeat-9b4bfaf8f5d669518fd7cb2cde12d7cc-VFS-iphonesimulator/all-product-headers.yaml -Xcc -iquote -Xcc /Users/fukushimatakumi/Library/Developer/Xcode/DerivedData/SugarBeat-hgoxfxbbugxkfsbmqcjlbmjeaqyg/Build/Intermediates.noindex/SugarBeat.build/Debug-iphonesimulator/SugarBeat.build/SugarBeat-project-headers.hmap -Xcc -I/Users/fukushimatakumi/Library/Developer/Xcode/DerivedData/SugarBeat-hgoxfxbbugxkfsbmqcjlbmjeaqyg/SourcePackages/checkouts/AppAuth-iOS/Sources/AppAuth -Xcc -I/Users/fukushimatakumi/Library/Developer/Xcode/DerivedData/SugarBeat-hgoxfxbbugxkfsbmqcjlbmjeaqyg/SourcePackages/checkouts/AppAuth-iOS/Sources/AppAuthCore -Xcc -I/Users/fukushimatakumi/Library/Developer/Xcode/DerivedData/SugarBeat-hgoxfxbbugxkfsbmqcjlbmjeaqyg/SourcePackages/checkouts/promises/Sources/FBLPromises/include -Xcc -I/Users/fukushimatakumi/Library/Developer/Xcode/DerivedData/SugarBeat-hgoxfxbbugxkfsbmqcjlbmjeaqyg/SourcePackages/checkouts/GoogleUtilities/GoogleUtilities/UserDefaults/Public -Xcc -I/Users/fukushimatakumi/Library/Developer/Xcode/DerivedData/SugarBeat-hgoxfxbbugxkfsbmqcjlbmjeaqyg/SourcePackages/checkouts/app-check/AppCheckCore/Sources/Public -Xcc -I/Users/fukushimatakumi/Library/Developer/Xcode/DerivedData/SugarBeat-hgoxfxbbugxkfsbmqcjlbmjeaqyg/SourcePackages/checkouts/GoogleSignIn-iOS/GoogleSignIn/Sources/Public -Xcc -I/Users/fukushimatakumi/Library/Developer/Xcode/DerivedData/SugarBeat-hgoxfxbbugxkfsbmqcjlbmjeaqyg/SourcePackages/checkouts/interop-ios-for-google-sdks/RecaptchaEnterprise/RecaptchaInterop/Public -Xcc -I/Users/fukushimatakumi/Library/Developer/Xcode/DerivedData/SugarBeat-hgoxfxbbugxkfsbmqcjlbmjeaqyg/SourcePackages/checkouts/GoogleUtilities/GoogleUtilities/Network/Public -Xcc -I/Users/fukushimatakumi/Library/Developer/Xcode/DerivedData/SugarBeat-hgoxfxbbugxkfsbmqcjlbmjeaqyg/SourcePackages/checkouts/GoogleUtilities/GoogleUtilities/Reachability/Public -Xcc -I/Users/fukushimatakumi/Library/Developer/Xcode/DerivedData/SugarBeat-hgoxfxbbugxkfsbmqcjlbmjeaqyg/SourcePackages/checkouts/GoogleUtilities/GoogleUtilities/AppDelegateSwizzler/Public -Xcc -I/Users/fukushimatakumi/Library/Developer/Xcode/DerivedData/SugarBeat-hgoxfxbbugxkfsbmqcjlbmjeaqyg/SourcePackages/checkouts/gtm-session-fetcher/Sources/Core/Public -Xcc -I/Users/fukushimatakumi/Library/Developer/Xcode/DerivedData/SugarBeat-hgoxfxbbugxkfsbmqcjlbmjeaqyg/SourcePackages/checkouts/firebase-ios-sdk/FirebaseAuth/Sources/Public -Xcc -I/Users/fukushimatakumi/Library/Developer/Xcode/DerivedData/SugarBeat-hgoxfxbbugxkfsbmqcjlbmjeaqyg/SourcePackages/checkouts/firebase-ios-sdk/FirebaseAuth/Interop/Public -Xcc -I/Users/fukushimatakumi/Library/Developer/Xcode/DerivedData/SugarBeat-hgoxfxbbugxkfsbmqcjlbmjeaqyg/SourcePackages/checkouts/GoogleUtilities/GoogleUtilities/NSData+zlib/Public -Xcc -I/Users/fukushimatakumi/Library/Developer/Xcode/DerivedData/SugarBeat-hgoxfxbbugxkfsbmqcjlbmjeaqyg/SourcePackages/checkouts/GoogleUtilities/GoogleUtilities/Environment/Public -Xcc -I/Users/fukushimatakumi/Library/Developer/Xcode/DerivedData/SugarBeat-hgoxfxbbugxkfsbmqcjlbmjeaqyg/SourcePackages/checkouts/GoogleUtilities/third_party/IsAppEncrypted/Public -Xcc -I/Users/fukushimatakumi/Library/Developer/Xcode/DerivedData/SugarBeat-hgoxfxbbugxkfsbmqcjlbmjeaqyg/SourcePackages/checkouts/GoogleUtilities/GoogleUtilities/Logger/Public -Xcc -I/Users/fukushimatakumi/Library/Developer/Xcode/DerivedData/SugarBeat-hgoxfxbbugxkfsbmqcjlbmjeaqyg/SourcePackages/checkouts/abseil-cpp-binary/absl-Wrapper/include -Xcc -I/Users/fukushimatakumi/Library/Developer/Xcode/DerivedData/SugarBeat-hgoxfxbbugxkfsbmqcjlbmjeaqyg/SourcePackages/checkouts/grpc-binary/openssl-grpc-Wrapper/include -Xcc -I/Users/fukushimatakumi/Library/Developer/Xcode/DerivedData/SugarBeat-hgoxfxbbugxkfsbmqcjlbmjeaqyg/SourcePackages/checkouts/grpc-binary/grpc-Wrapper/include -Xcc -I/Users/fukushimatakumi/Library/Developer/Xcode/DerivedData/SugarBeat-hgoxfxbbugxkfsbmqcjlbmjeaqyg/SourcePackages/checkouts/grpc-binary/grpcpp-Wrapper/include -Xcc -I/Users/fukushimatakumi/Library/Developer/Xcode/DerivedData/SugarBeat-hgoxfxbbugxkfsbmqcjlbmjeaqyg/SourcePackages/checkouts/nanopb/spm_headers -Xcc -I/Users/fukushimatakumi/Library/Developer/Xcode/DerivedData/SugarBeat-hgoxfxbbugxkfsbmqcjlbmjeaqyg/SourcePackages/checkouts/leveldb/include -Xcc -I/Users/fukushimatakumi/Library/Developer/Xcode/DerivedData/SugarBeat-hgoxfxbbugxkfsbmqcjlbmjeaqyg/SourcePackages/checkouts/firebase-ios-sdk/FirebaseCore/Extension -Xcc -I/Users/fukushimatakumi/Library/Developer/Xcode/DerivedData/SugarBeat-hgoxfxbbugxkfsbmqcjlbmjeaqyg/SourcePackages/checkouts/firebase-ios-sdk/FirebaseCore/Sources/Public -Xcc -I/Users/fukushimatakumi/Library/Developer/Xcode/DerivedData/SugarBeat-hgoxfxbbugxkfsbmqcjlbmjeaqyg/SourcePackages/checkouts/firebase-ios-sdk/CoreOnly/Sources -Xcc -I/Users/fukushimatakumi/Library/Developer/Xcode/DerivedData/SugarBeat-hgoxfxbbugxkfsbmqcjlbmjeaqyg/SourcePackages/checkouts/firebase-ios-sdk/FirebaseAppCheck/Interop/Public -Xcc -I/Users/fukushimatakumi/Library/Developer/Xcode/DerivedData/SugarBeat-hgoxfxbbugxkfsbmqcjlbmjeaqyg/SourcePackages/checkouts/firebase-ios-sdk/FirebaseFirestoreInternal -Xcc -I/Users/fukushimatakumi/Library/Developer/Xcode/DerivedData/SugarBeat-hgoxfxbbugxkfsbmqcjlbmjeaqyg/SourcePackages/checkouts/firebase-ios-sdk/SwiftPM-PlatformExclude/FirebaseFirestoreWrap/include -Xcc -I/Users/fukushimatakumi/Library/Developer/Xcode/DerivedData/SugarBeat-hgoxfxbbugxkfsbmqcjlbmjeaqyg/SourcePackages/checkouts/swift-package-manager-google-user-messaging-platform/UserMessagingPlatformTarget/include -Xcc -I/Users/fukushimatakumi/Library/Developer/Xcode/DerivedData/SugarBeat-hgoxfxbbugxkfsbmqcjlbmjeaqyg/Build/Products/Debug-iphonesimulator/include -Xcc -I/Users/fukushimatakumi/Library/Developer/Xcode/DerivedData/SugarBeat-hgoxfxbbugxkfsbmqcjlbmjeaqyg/Build/Intermediates.noindex/SugarBeat.build/Debug-iphonesimulator/SugarBeat.build/DerivedSources-normal/arm64 -Xcc -I/Users/fukushimatakumi/Library/Developer/Xcode/DerivedData/SugarBeat-hgoxfxbbugxkfsbmqcjlbmjeaqyg/Build/Intermediates.noindex/SugarBeat.build/Debug-iphonesimulator/SugarBeat.build/DerivedSources/arm64 -Xcc -I/Users/fukushimatakumi/Library/Developer/Xcode/DerivedData/SugarBeat-hgoxfxbbugxkfsbmqcjlbmjeaqyg/Build/Intermediates.noindex/SugarBeat.build/Debug-iphonesimulator/SugarBeat.build/DerivedSources -Xcc -DDEBUG\=1 -emit-objc-header -emit-objc-header-path /Users/fukushimatakumi/Library/Developer/Xcode/DerivedData/SugarBeat-hgoxfxbbugxkfsbmqcjlbmjeaqyg/Build/Intermediates.noindex/SugarBeat.build/Debug-iphonesimulator/SugarBeat.build/Objects-normal/arm64/SugarBeat-Swift.h -working-directory /Users/fukushimatakumi/develop/sugarbeat/sugarbeat-front -experimental-emit-module-separately -disable-cmo

Ld /Users/fukushimatakumi/Library/Developer/Xcode/DerivedData/SugarBeat-hgoxfxbbugxkfsbmqcjlbmjeaqyg/Build/Products/Debug-iphonesimulator/FirebaseStorage.o normal (in target 'FirebaseStorage' from project 'Firebase')
    cd /Users/fukushimatakumi/Library/Developer/Xcode/DerivedData/SugarBeat-hgoxfxbbugxkfsbmqcjlbmjeaqyg/SourcePackages/checkouts/firebase-ios-sdk
    /Applications/Xcode.app/Contents/Developer/Toolchains/XcodeDefault.xctoolchain/usr/bin/clang -Xlinker -reproducible -target arm64-apple-ios15.0-simulator -r -isysroot /Applications/Xcode.app/Contents/Developer/Platforms/iPhoneSimulator.platform/Developer/SDKs/iPhoneSimulator18.4.sdk -O0 -w -L/Users/fukushimatakumi/Library/Developer/Xcode/DerivedData/SugarBeat-hgoxfxbbugxkfsbmqcjlbmjeaqyg/Build/Intermediates.noindex/EagerLinkingTBDs/Debug-iphonesimulator -L/Users/fukushimatakumi/Library/Developer/Xcode/DerivedData/SugarBeat-hgoxfxbbugxkfsbmqcjlbmjeaqyg/Build/Products/Debug-iphonesimulator -L/Applications/Xcode.app/Contents/Developer/Platforms/iPhoneSimulator.platform/Developer/usr/lib -F/Users/fukushimatakumi/Library/Developer/Xcode/DerivedData/SugarBeat-hgoxfxbbugxkfsbmqcjlbmjeaqyg/Build/Intermediates.noindex/EagerLinkingTBDs/Debug-iphonesimulator -F/Users/fukushimatakumi/Library/Developer/Xcode/DerivedData/SugarBeat-hgoxfxbbugxkfsbmqcjlbmjeaqyg/Build/Products/Debug-iphonesimulator/PackageFrameworks -F/Users/fukushimatakumi/Library/Developer/Xcode/DerivedData/SugarBeat-hgoxfxbbugxkfsbmqcjlbmjeaqyg/Build/Products/Debug-iphonesimulator/PackageFrameworks -F/Users/fukushimatakumi/Library/Developer/Xcode/DerivedData/SugarBeat-hgoxfxbbugxkfsbmqcjlbmjeaqyg/Build/Products/Debug-iphonesimulator/PackageFrameworks -F/Users/fukushimatakumi/Library/Developer/Xcode/DerivedData/SugarBeat-hgoxfxbbugxkfsbmqcjlbmjeaqyg/Build/Products/Debug-iphonesimulator/PackageFrameworks -F/Users/fukushimatakumi/Library/Developer/Xcode/DerivedData/SugarBeat-hgoxfxbbugxkfsbmqcjlbmjeaqyg/Build/Products/Debug-iphonesimulator/PackageFrameworks -F/Users/fukushimatakumi/Library/Developer/Xcode/DerivedData/SugarBeat-hgoxfxbbugxkfsbmqcjlbmjeaqyg/Build/Products/Debug-iphonesimulator/PackageFrameworks -F/Users/fukushimatakumi/Library/Developer/Xcode/DerivedData/SugarBeat-hgoxfxbbugxkfsbmqcjlbmjeaqyg/Build/Products/Debug-iphonesimulator/PackageFrameworks -F/Users/fukushimatakumi/Library/Developer/Xcode/DerivedData/SugarBeat-hgoxfxbbugxkfsbmqcjlbmjeaqyg/Build/Products/Debug-iphonesimulator/PackageFrameworks -F/Users/fukushimatakumi/Library/Developer/Xcode/DerivedData/SugarBeat-hgoxfxbbugxkfsbmqcjlbmjeaqyg/Build/Products/Debug-iphonesimulator/PackageFrameworks -F/Users/fukushimatakumi/Library/Developer/Xcode/DerivedData/SugarBeat-hgoxfxbbugxkfsbmqcjlbmjeaqyg/Build/Products/Debug-iphonesimulator/PackageFrameworks -F/Users/fukushimatakumi/Library/Developer/Xcode/DerivedData/SugarBeat-hgoxfxbbugxkfsbmqcjlbmjeaqyg/Build/Products/Debug-iphonesimulator/PackageFrameworks -F/Users/fukushimatakumi/Library/Developer/Xcode/DerivedData/SugarBeat-hgoxfxbbugxkfsbmqcjlbmjeaqyg/Build/Products/Debug-iphonesimulator -iframework /Applications/Xcode.app/Contents/Developer/Platforms/iPhoneSimulator.platform/Developer/Library/Frameworks -iframework /Applications/Xcode.app/Contents/Developer/Platforms/iPhoneSimulator.platform/Developer/SDKs/iPhoneSimulator18.4.sdk/Developer/Library/Frameworks -filelist /Users/fukushimatakumi/Library/Developer/Xcode/DerivedData/SugarBeat-hgoxfxbbugxkfsbmqcjlbmjeaqyg/Build/Intermediates.noindex/Firebase.build/Debug-iphonesimulator/FirebaseStorage.build/Objects-normal/arm64/FirebaseStorage.LinkFileList -nostdlib -Xlinker -object_path_lto -Xlinker /Users/fukushimatakumi/Library/Developer/Xcode/DerivedData/SugarBeat-hgoxfxbbugxkfsbmqcjlbmjeaqyg/Build/Intermediates.noindex/Firebase.build/Debug-iphonesimulator/FirebaseStorage.build/Objects-normal/arm64/FirebaseStorage_lto.o -rdynamic -Xlinker -no_deduplicate -Xlinker -objc_abi_version -Xlinker 2 -Xlinker -dependency_info -Xlinker /Users/fukushimatakumi/Library/Developer/Xcode/DerivedData/SugarBeat-hgoxfxbbugxkfsbmqcjlbmjeaqyg/Build/Intermediates.noindex/Firebase.build/Debug-iphonesimulator/FirebaseStorage.build/Objects-normal/arm64/FirebaseStorage_dependency_info.dat -fobjc-link-runtime -L/Applications/Xcode.app/Contents/Developer/Toolchains/XcodeDefault.xctoolchain/usr/lib/swift/iphonesimulator -L/usr/lib/swift -Xlinker -add_ast_path -Xlinker /Users/fukushimatakumi/Library/Developer/Xcode/DerivedData/SugarBeat-hgoxfxbbugxkfsbmqcjlbmjeaqyg/Build/Intermediates.noindex/Firebase.build/Debug-iphonesimulator/FirebaseStorage.build/Objects-normal/arm64/FirebaseStorage.swiftmodule -o /Users/fukushimatakumi/Library/Developer/Xcode/DerivedData/SugarBeat-hgoxfxbbugxkfsbmqcjlbmjeaqyg/Build/Products/Debug-iphonesimulator/FirebaseStorage.o

Ld /Users/fukushimatakumi/Library/Developer/Xcode/DerivedData/SugarBeat-hgoxfxbbugxkfsbmqcjlbmjeaqyg/Build/Products/Debug-iphonesimulator/FirebaseFirestore.o normal (in target 'FirebaseFirestore' from project 'Firebase')
    cd /Users/fukushimatakumi/Library/Developer/Xcode/DerivedData/SugarBeat-hgoxfxbbugxkfsbmqcjlbmjeaqyg/SourcePackages/checkouts/firebase-ios-sdk
    /Applications/Xcode.app/Contents/Developer/Toolchains/XcodeDefault.xctoolchain/usr/bin/clang -Xlinker -reproducible -target arm64-apple-ios15.0-simulator -r -isysroot /Applications/Xcode.app/Contents/Developer/Platforms/iPhoneSimulator.platform/Developer/SDKs/iPhoneSimulator18.4.sdk -O0 -w -L/Users/fukushimatakumi/Library/Developer/Xcode/DerivedData/SugarBeat-hgoxfxbbugxkfsbmqcjlbmjeaqyg/Build/Intermediates.noindex/EagerLinkingTBDs/Debug-iphonesimulator -L/Users/fukushimatakumi/Library/Developer/Xcode/DerivedData/SugarBeat-hgoxfxbbugxkfsbmqcjlbmjeaqyg/Build/Products/Debug-iphonesimulator -L/Applications/Xcode.app/Contents/Developer/Platforms/iPhoneSimulator.platform/Developer/usr/lib -F/Users/fukushimatakumi/Library/Developer/Xcode/DerivedData/SugarBeat-hgoxfxbbugxkfsbmqcjlbmjeaqyg/Build/Intermediates.noindex/EagerLinkingTBDs/Debug-iphonesimulator -F/Users/fukushimatakumi/Library/Developer/Xcode/DerivedData/SugarBeat-hgoxfxbbugxkfsbmqcjlbmjeaqyg/Build/Products/Debug-iphonesimulator/PackageFrameworks -F/Users/fukushimatakumi/Library/Developer/Xcode/DerivedData/SugarBeat-hgoxfxbbugxkfsbmqcjlbmjeaqyg/Build/Products/Debug-iphonesimulator/PackageFrameworks -F/Users/fukushimatakumi/Library/Developer/Xcode/DerivedData/SugarBeat-hgoxfxbbugxkfsbmqcjlbmjeaqyg/Build/Products/Debug-iphonesimulator/PackageFrameworks -F/Users/fukushimatakumi/Library/Developer/Xcode/DerivedData/SugarBeat-hgoxfxbbugxkfsbmqcjlbmjeaqyg/Build/Products/Debug-iphonesimulator/PackageFrameworks -F/Users/fukushimatakumi/Library/Developer/Xcode/DerivedData/SugarBeat-hgoxfxbbugxkfsbmqcjlbmjeaqyg/Build/Products/Debug-iphonesimulator/PackageFrameworks -F/Users/fukushimatakumi/Library/Developer/Xcode/DerivedData/SugarBeat-hgoxfxbbugxkfsbmqcjlbmjeaqyg/Build/Products/Debug-iphonesimulator/PackageFrameworks -F/Users/fukushimatakumi/Library/Developer/Xcode/DerivedData/SugarBeat-hgoxfxbbugxkfsbmqcjlbmjeaqyg/Build/Products/Debug-iphonesimulator/PackageFrameworks -F/Users/fukushimatakumi/Library/Developer/Xcode/DerivedData/SugarBeat-hgoxfxbbugxkfsbmqcjlbmjeaqyg/Build/Products/Debug-iphonesimulator/PackageFrameworks -F/Users/fukushimatakumi/Library/Developer/Xcode/DerivedData/SugarBeat-hgoxfxbbugxkfsbmqcjlbmjeaqyg/Build/Products/Debug-iphonesimulator/PackageFrameworks -F/Users/fukushimatakumi/Library/Developer/Xcode/DerivedData/SugarBeat-hgoxfxbbugxkfsbmqcjlbmjeaqyg/Build/Products/Debug-iphonesimulator/PackageFrameworks -F/Users/fukushimatakumi/Library/Developer/Xcode/DerivedData/SugarBeat-hgoxfxbbugxkfsbmqcjlbmjeaqyg/Build/Products/Debug-iphonesimulator/PackageFrameworks -F/Users/fukushimatakumi/Library/Developer/Xcode/DerivedData/SugarBeat-hgoxfxbbugxkfsbmqcjlbmjeaqyg/Build/Products/Debug-iphonesimulator/PackageFrameworks -F/Users/fukushimatakumi/Library/Developer/Xcode/DerivedData/SugarBeat-hgoxfxbbugxkfsbmqcjlbmjeaqyg/Build/Products/Debug-iphonesimulator/PackageFrameworks -F/Users/fukushimatakumi/Library/Developer/Xcode/DerivedData/SugarBeat-hgoxfxbbugxkfsbmqcjlbmjeaqyg/Build/Products/Debug-iphonesimulator/PackageFrameworks -F/Users/fukushimatakumi/Library/Developer/Xcode/DerivedData/SugarBeat-hgoxfxbbugxkfsbmqcjlbmjeaqyg/Build/Products/Debug-iphonesimulator/PackageFrameworks -F/Users/fukushimatakumi/Library/Developer/Xcode/DerivedData/SugarBeat-hgoxfxbbugxkfsbmqcjlbmjeaqyg/Build/Products/Debug-iphonesimulator/PackageFrameworks -F/Users/fukushimatakumi/Library/Developer/Xcode/DerivedData/SugarBeat-hgoxfxbbugxkfsbmqcjlbmjeaqyg/Build/Products/Debug-iphonesimulator/PackageFrameworks -F/Users/fukushimatakumi/Library/Developer/Xcode/DerivedData/SugarBeat-hgoxfxbbugxkfsbmqcjlbmjeaqyg/Build/Products/Debug-iphonesimulator -iframework /Applications/Xcode.app/Contents/Developer/Platforms/iPhoneSimulator.platform/Developer/Library/Frameworks -iframework /Applications/Xcode.app/Contents/Developer/Platforms/iPhoneSimulator.platform/Developer/SDKs/iPhoneSimulator18.4.sdk/Developer/Library/Frameworks -filelist /Users/fukushimatakumi/Library/Developer/Xcode/DerivedData/SugarBeat-hgoxfxbbugxkfsbmqcjlbmjeaqyg/Build/Intermediates.noindex/Firebase.build/Debug-iphonesimulator/FirebaseFirestore.build/Objects-normal/arm64/FirebaseFirestore.LinkFileList -nostdlib -Xlinker -object_path_lto -Xlinker /Users/fukushimatakumi/Library/Developer/Xcode/DerivedData/SugarBeat-hgoxfxbbugxkfsbmqcjlbmjeaqyg/Build/Intermediates.noindex/Firebase.build/Debug-iphonesimulator/FirebaseFirestore.build/Objects-normal/arm64/FirebaseFirestore_lto.o -rdynamic -Xlinker -no_deduplicate -Xlinker -objc_abi_version -Xlinker 2 -Xlinker -dependency_info -Xlinker /Users/fukushimatakumi/Library/Developer/Xcode/DerivedData/SugarBeat-hgoxfxbbugxkfsbmqcjlbmjeaqyg/Build/Intermediates.noindex/Firebase.build/Debug-iphonesimulator/FirebaseFirestore.build/Objects-normal/arm64/FirebaseFirestore_dependency_info.dat -fobjc-link-runtime -L/Applications/Xcode.app/Contents/Developer/Toolchains/XcodeDefault.xctoolchain/usr/lib/swift/iphonesimulator -L/usr/lib/swift -Xlinker -add_ast_path -Xlinker /Users/fukushimatakumi/Library/Developer/Xcode/DerivedData/SugarBeat-hgoxfxbbugxkfsbmqcjlbmjeaqyg/Build/Intermediates.noindex/Firebase.build/Debug-iphonesimulator/FirebaseFirestore.build/Objects-normal/arm64/FirebaseFirestore.swiftmodule -o /Users/fukushimatakumi/Library/Developer/Xcode/DerivedData/SugarBeat-hgoxfxbbugxkfsbmqcjlbmjeaqyg/Build/Products/Debug-iphonesimulator/FirebaseFirestore.o

RegisterExecutionPolicyException /Users/fukushimatakumi/Library/Developer/Xcode/DerivedData/SugarBeat-hgoxfxbbugxkfsbmqcjlbmjeaqyg/Build/Products/Debug-iphonesimulator/GoogleUtilities-Network.o (in target 'GoogleUtilities-Network' from project 'GoogleUtilities')
    cd /Users/fukushimatakumi/Library/Developer/Xcode/DerivedData/SugarBeat-hgoxfxbbugxkfsbmqcjlbmjeaqyg/SourcePackages/checkouts/GoogleUtilities
    builtin-RegisterExecutionPolicyException /Users/fukushimatakumi/Library/Developer/Xcode/DerivedData/SugarBeat-hgoxfxbbugxkfsbmqcjlbmjeaqyg/Build/Products/Debug-iphonesimulator/GoogleUtilities-Network.o

RegisterExecutionPolicyException /Users/fukushimatakumi/Library/Developer/Xcode/DerivedData/SugarBeat-hgoxfxbbugxkfsbmqcjlbmjeaqyg/Build/Products/Debug-iphonesimulator/AppCheckCore.o (in target 'AppCheckCore' from project 'AppCheck')
    cd /Users/fukushimatakumi/Library/Developer/Xcode/DerivedData/SugarBeat-hgoxfxbbugxkfsbmqcjlbmjeaqyg/SourcePackages/checkouts/app-check
    builtin-RegisterExecutionPolicyException /Users/fukushimatakumi/Library/Developer/Xcode/DerivedData/SugarBeat-hgoxfxbbugxkfsbmqcjlbmjeaqyg/Build/Products/Debug-iphonesimulator/AppCheckCore.o

Ld /Users/fukushimatakumi/Library/Developer/Xcode/DerivedData/SugarBeat-hgoxfxbbugxkfsbmqcjlbmjeaqyg/Build/Products/Debug-iphonesimulator/GoogleUtilities-AppDelegateSwizzler.o normal (in target 'GoogleUtilities-AppDelegateSwizzler' from project 'GoogleUtilities')
    cd /Users/fukushimatakumi/Library/Developer/Xcode/DerivedData/SugarBeat-hgoxfxbbugxkfsbmqcjlbmjeaqyg/SourcePackages/checkouts/GoogleUtilities
    /Applications/Xcode.app/Contents/Developer/Toolchains/XcodeDefault.xctoolchain/usr/bin/clang -Xlinker -reproducible -target arm64-apple-ios12.0-simulator -r -isysroot /Applications/Xcode.app/Contents/Developer/Platforms/iPhoneSimulator.platform/Developer/SDKs/iPhoneSimulator18.4.sdk -O0 -w -L/Users/fukushimatakumi/Library/Developer/Xcode/DerivedData/SugarBeat-hgoxfxbbugxkfsbmqcjlbmjeaqyg/Build/Intermediates.noindex/EagerLinkingTBDs/Debug-iphonesimulator -L/Users/fukushimatakumi/Library/Developer/Xcode/DerivedData/SugarBeat-hgoxfxbbugxkfsbmqcjlbmjeaqyg/Build/Products/Debug-iphonesimulator -L/Applications/Xcode.app/Contents/Developer/Platforms/iPhoneSimulator.platform/Developer/usr/lib -F/Users/fukushimatakumi/Library/Developer/Xcode/DerivedData/SugarBeat-hgoxfxbbugxkfsbmqcjlbmjeaqyg/Build/Intermediates.noindex/EagerLinkingTBDs/Debug-iphonesimulator -F/Users/fukushimatakumi/Library/Developer/Xcode/DerivedData/SugarBeat-hgoxfxbbugxkfsbmqcjlbmjeaqyg/Build/Products/Debug-iphonesimulator/PackageFrameworks -F/Users/fukushimatakumi/Library/Developer/Xcode/DerivedData/SugarBeat-hgoxfxbbugxkfsbmqcjlbmjeaqyg/Build/Products/Debug-iphonesimulator/PackageFrameworks -F/Users/fukushimatakumi/Library/Developer/Xcode/DerivedData/SugarBeat-hgoxfxbbugxkfsbmqcjlbmjeaqyg/Build/Products/Debug-iphonesimulator/PackageFrameworks -F/Users/fukushimatakumi/Library/Developer/Xcode/DerivedData/SugarBeat-hgoxfxbbugxkfsbmqcjlbmjeaqyg/Build/Products/Debug-iphonesimulator/PackageFrameworks -F/Users/fukushimatakumi/Library/Developer/Xcode/DerivedData/SugarBeat-hgoxfxbbugxkfsbmqcjlbmjeaqyg/Build/Products/Debug-iphonesimulator/PackageFrameworks -F/Users/fukushimatakumi/Library/Developer/Xcode/DerivedData/SugarBeat-hgoxfxbbugxkfsbmqcjlbmjeaqyg/Build/Products/Debug-iphonesimulator/PackageFrameworks -F/Users/fukushimatakumi/Library/Developer/Xcode/DerivedData/SugarBeat-hgoxfxbbugxkfsbmqcjlbmjeaqyg/Build/Products/Debug-iphonesimulator -iframework /Applications/Xcode.app/Contents/Developer/Platforms/iPhoneSimulator.platform/Developer/Library/Frameworks -iframework /Applications/Xcode.app/Contents/Developer/Platforms/iPhoneSimulator.platform/Developer/SDKs/iPhoneSimulator18.4.sdk/Developer/Library/Frameworks -filelist /Users/fukushimatakumi/Library/Developer/Xcode/DerivedData/SugarBeat-hgoxfxbbugxkfsbmqcjlbmjeaqyg/Build/Intermediates.noindex/GoogleUtilities.build/Debug-iphonesimulator/GoogleUtilities-AppDelegateSwizzler.build/Objects-normal/arm64/GoogleUtilities-AppDelegateSwizzler.LinkFileList -nostdlib -Xlinker -object_path_lto -Xlinker /Users/fukushimatakumi/Library/Developer/Xcode/DerivedData/SugarBeat-hgoxfxbbugxkfsbmqcjlbmjeaqyg/Build/Intermediates.noindex/GoogleUtilities.build/Debug-iphonesimulator/GoogleUtilities-AppDelegateSwizzler.build/Objects-normal/arm64/GoogleUtilities-AppDelegateSwizzler_lto.o -rdynamic -Xlinker -no_deduplicate -Xlinker -objc_abi_version -Xlinker 2 -Xlinker -dependency_info -Xlinker /Users/fukushimatakumi/Library/Developer/Xcode/DerivedData/SugarBeat-hgoxfxbbugxkfsbmqcjlbmjeaqyg/Build/Intermediates.noindex/GoogleUtilities.build/Debug-iphonesimulator/GoogleUtilities-AppDelegateSwizzler.build/Objects-normal/arm64/GoogleUtilities-AppDelegateSwizzler_dependency_info.dat -fobjc-arc -fobjc-link-runtime -o /Users/fukushimatakumi/Library/Developer/Xcode/DerivedData/SugarBeat-hgoxfxbbugxkfsbmqcjlbmjeaqyg/Build/Products/Debug-iphonesimulator/GoogleUtilities-AppDelegateSwizzler.o

ExtractAppIntentsMetadata (in target 'FirebaseFirestore' from project 'Firebase')
    cd /Users/fukushimatakumi/Library/Developer/Xcode/DerivedData/SugarBeat-hgoxfxbbugxkfsbmqcjlbmjeaqyg/SourcePackages/checkouts/firebase-ios-sdk
    /Applications/Xcode.app/Contents/Developer/Toolchains/XcodeDefault.xctoolchain/usr/bin/appintentsmetadataprocessor --toolchain-dir /Applications/Xcode.app/Contents/Developer/Toolchains/XcodeDefault.xctoolchain --module-name FirebaseFirestore --sdk-root /Applications/Xcode.app/Contents/Developer/Platforms/iPhoneSimulator.platform/Developer/SDKs/iPhoneSimulator18.4.sdk --xcode-version 16E140 --platform-family iOS --deployment-target 15.0 --bundle-identifier firebase-ios-sdk.FirebaseFirestore --output /Users/fukushimatakumi/Library/Developer/Xcode/DerivedData/SugarBeat-hgoxfxbbugxkfsbmqcjlbmjeaqyg/Build/Products/Debug-iphonesimulator/FirebaseFirestore.appintents --target-triple arm64-apple-ios15.0-simulator --binary-file /Users/fukushimatakumi/Library/Developer/Xcode/DerivedData/SugarBeat-hgoxfxbbugxkfsbmqcjlbmjeaqyg/Build/Products/Debug-iphonesimulator/FirebaseFirestore.o --dependency-file /Users/fukushimatakumi/Library/Developer/Xcode/DerivedData/SugarBeat-hgoxfxbbugxkfsbmqcjlbmjeaqyg/Build/Intermediates.noindex/Firebase.build/Debug-iphonesimulator/FirebaseFirestore.build/Objects-normal/arm64/FirebaseFirestore_dependency_info.dat --stringsdata-file /Users/fukushimatakumi/Library/Developer/Xcode/DerivedData/SugarBeat-hgoxfxbbugxkfsbmqcjlbmjeaqyg/Build/Intermediates.noindex/Firebase.build/Debug-iphonesimulator/FirebaseFirestore.build/Objects-normal/arm64/ExtractedAppShortcutsMetadata.stringsdata --source-file-list /Users/fukushimatakumi/Library/Developer/Xcode/DerivedData/SugarBeat-hgoxfxbbugxkfsbmqcjlbmjeaqyg/Build/Intermediates.noindex/Firebase.build/Debug-iphonesimulator/FirebaseFirestore.build/Objects-normal/arm64/FirebaseFirestore.SwiftFileList --metadata-file-list /Users/fukushimatakumi/Library/Developer/Xcode/DerivedData/SugarBeat-hgoxfxbbugxkfsbmqcjlbmjeaqyg/Build/Intermediates.noindex/Firebase.build/Debug-iphonesimulator/FirebaseFirestore.build/FirebaseFirestore.DependencyMetadataFileList --static-metadata-file-list /Users/fukushimatakumi/Library/Developer/Xcode/DerivedData/SugarBeat-hgoxfxbbugxkfsbmqcjlbmjeaqyg/Build/Intermediates.noindex/Firebase.build/Debug-iphonesimulator/FirebaseFirestore.build/FirebaseFirestore.DependencyStaticMetadataFileList --swift-const-vals-list /Users/fukushimatakumi/Library/Developer/Xcode/DerivedData/SugarBeat-hgoxfxbbugxkfsbmqcjlbmjeaqyg/Build/Intermediates.noindex/Firebase.build/Debug-iphonesimulator/FirebaseFirestore.build/Objects-normal/arm64/FirebaseFirestore.SwiftConstValuesFileList --force --compile-time-extraction --deployment-aware-processing --validate-assistant-intents --no-app-shortcuts-localization
2026-01-13 23:18:14.374 appintentsmetadataprocessor[16149:13988589] Starting appintentsmetadataprocessor export
2026-01-13 23:18:14.406 appintentsmetadataprocessor[16149:13988589] Extracted no relevant App Intents symbols, skipping writing output

ExtractAppIntentsMetadata (in target 'FirebaseStorage' from project 'Firebase')
    cd /Users/fukushimatakumi/Library/Developer/Xcode/DerivedData/SugarBeat-hgoxfxbbugxkfsbmqcjlbmjeaqyg/SourcePackages/checkouts/firebase-ios-sdk
    /Applications/Xcode.app/Contents/Developer/Toolchains/XcodeDefault.xctoolchain/usr/bin/appintentsmetadataprocessor --toolchain-dir /Applications/Xcode.app/Contents/Developer/Toolchains/XcodeDefault.xctoolchain --module-name FirebaseStorage --sdk-root /Applications/Xcode.app/Contents/Developer/Platforms/iPhoneSimulator.platform/Developer/SDKs/iPhoneSimulator18.4.sdk --xcode-version 16E140 --platform-family iOS --deployment-target 15.0 --bundle-identifier firebase-ios-sdk.FirebaseStorage --output /Users/fukushimatakumi/Library/Developer/Xcode/DerivedData/SugarBeat-hgoxfxbbugxkfsbmqcjlbmjeaqyg/Build/Products/Debug-iphonesimulator/FirebaseStorage.appintents --target-triple arm64-apple-ios15.0-simulator --binary-file /Users/fukushimatakumi/Library/Developer/Xcode/DerivedData/SugarBeat-hgoxfxbbugxkfsbmqcjlbmjeaqyg/Build/Products/Debug-iphonesimulator/FirebaseStorage.o --dependency-file /Users/fukushimatakumi/Library/Developer/Xcode/DerivedData/SugarBeat-hgoxfxbbugxkfsbmqcjlbmjeaqyg/Build/Intermediates.noindex/Firebase.build/Debug-iphonesimulator/FirebaseStorage.build/Objects-normal/arm64/FirebaseStorage_dependency_info.dat --stringsdata-file /Users/fukushimatakumi/Library/Developer/Xcode/DerivedData/SugarBeat-hgoxfxbbugxkfsbmqcjlbmjeaqyg/Build/Intermediates.noindex/Firebase.build/Debug-iphonesimulator/FirebaseStorage.build/Objects-normal/arm64/ExtractedAppShortcutsMetadata.stringsdata --source-file-list /Users/fukushimatakumi/Library/Developer/Xcode/DerivedData/SugarBeat-hgoxfxbbugxkfsbmqcjlbmjeaqyg/Build/Intermediates.noindex/Firebase.build/Debug-iphonesimulator/FirebaseStorage.build/Objects-normal/arm64/FirebaseStorage.SwiftFileList --metadata-file-list /Users/fukushimatakumi/Library/Developer/Xcode/DerivedData/SugarBeat-hgoxfxbbugxkfsbmqcjlbmjeaqyg/Build/Intermediates.noindex/Firebase.build/Debug-iphonesimulator/FirebaseStorage.build/FirebaseStorage.DependencyMetadataFileList --static-metadata-file-list /Users/fukushimatakumi/Library/Developer/Xcode/DerivedData/SugarBeat-hgoxfxbbugxkfsbmqcjlbmjeaqyg/Build/Intermediates.noindex/Firebase.build/Debug-iphonesimulator/FirebaseStorage.build/FirebaseStorage.DependencyStaticMetadataFileList --swift-const-vals-list /Users/fukushimatakumi/Library/Developer/Xcode/DerivedData/SugarBeat-hgoxfxbbugxkfsbmqcjlbmjeaqyg/Build/Intermediates.noindex/Firebase.build/Debug-iphonesimulator/FirebaseStorage.build/Objects-normal/arm64/FirebaseStorage.SwiftConstValuesFileList --force --compile-time-extraction --deployment-aware-processing --validate-assistant-intents --no-app-shortcuts-localization
2026-01-13 23:18:14.375 appintentsmetadataprocessor[16150:13988592] Starting appintentsmetadataprocessor export
2026-01-13 23:18:14.406 appintentsmetadataprocessor[16150:13988592] Extracted no relevant App Intents symbols, skipping writing output

RegisterExecutionPolicyException /Users/fukushimatakumi/Library/Developer/Xcode/DerivedData/SugarBeat-hgoxfxbbugxkfsbmqcjlbmjeaqyg/Build/Products/Debug-iphonesimulator/GoogleUtilities-AppDelegateSwizzler.o (in target 'GoogleUtilities-AppDelegateSwizzler' from project 'GoogleUtilities')
    cd /Users/fukushimatakumi/Library/Developer/Xcode/DerivedData/SugarBeat-hgoxfxbbugxkfsbmqcjlbmjeaqyg/SourcePackages/checkouts/GoogleUtilities
    builtin-RegisterExecutionPolicyException /Users/fukushimatakumi/Library/Developer/Xcode/DerivedData/SugarBeat-hgoxfxbbugxkfsbmqcjlbmjeaqyg/Build/Products/Debug-iphonesimulator/GoogleUtilities-AppDelegateSwizzler.o

SwiftCompile normal arm64 Compiling\ FirestoreUnreadManager.swift,\ FirestoreUserManager.swift,\ Report.swift,\ EditableImagePicker.swift,\ FeedViewModel.swift,\ FollowListView.swift,\ FollowingFeedView.swift /Users/fukushimatakumi/develop/sugarbeat/sugarbeat-front/SugarBeat/Services/FirestoreUnreadManager.swift /Users/fukushimatakumi/develop/sugarbeat/sugarbeat-front/SugarBeat/Services/FirestoreUserManager.swift /Users/fukushimatakumi/develop/sugarbeat/sugarbeat-front/SugarBeat/Models/Report.swift /Users/fukushimatakumi/develop/sugarbeat/sugarbeat-front/SugarBeat/Utils/EditableImagePicker.swift /Users/fukushimatakumi/develop/sugarbeat/sugarbeat-front/SugarBeat/ViewModels/FeedViewModel.swift /Users/fukushimatakumi/develop/sugarbeat/sugarbeat-front/SugarBeat/Views/FollowListView.swift /Users/fukushimatakumi/develop/sugarbeat/sugarbeat-front/SugarBeat/Views/FollowingFeedView.swift (in target 'SugarBeat' from project 'SugarBeat')
Failed frontend command:
/Applications/Xcode.app/Contents/Developer/Toolchains/XcodeDefault.xctoolchain/usr/bin/swift-frontend -frontend -c /Users/fukushimatakumi/develop/sugarbeat/sugarbeat-front/SugarBeat/Services/APIClient.swift /Users/fukushimatakumi/develop/sugarbeat/sugarbeat-front/SugarBeat/Utils/AdBannerView.swift /Users/fukushimatakumi/develop/sugarbeat/sugarbeat-front/SugarBeat/Utils/AdConfig.swift /Users/fukushimatakumi/develop/sugarbeat/sugarbeat-front/SugarBeat/Services/AuthManager.swift /Users/fukushimatakumi/develop/sugarbeat/sugarbeat-front/SugarBeat/Models/AuthModels.swift /Users/fukushimatakumi/develop/sugarbeat/sugarbeat-front/SugarBeat/Views/BlockedUsersView.swift /Users/fukushimatakumi/develop/sugarbeat/sugarbeat-front/SugarBeat/Models/Comment.swift /Users/fukushimatakumi/develop/sugarbeat/sugarbeat-front/SugarBeat/Services/CommentStateManager.swift /Users/fukushimatakumi/develop/sugarbeat/sugarbeat-front/SugarBeat/Views/CommentsView.swift /Users/fukushimatakumi/develop/sugarbeat/sugarbeat-front/SugarBeat/Views/ContentView.swift /Users/fukushimatakumi/develop/sugarbeat/sugarbeat-front/SugarBeat/Models/CreatePostRequest.swift /Users/fukushimatakumi/develop/sugarbeat/sugarbeat-front/SugarBeat/ViewModels/CreatePostViewModel.swift /Users/fukushimatakumi/develop/sugarbeat/sugarbeat-front/SugarBeat/Views/CreatePostView.swift /Users/fukushimatakumi/develop/sugarbeat/sugarbeat-front/SugarBeat/Models/CreateReportRequest.swift /Users/fukushimatakumi/develop/sugarbeat/sugarbeat-front/SugarBeat/Views/YouTubePlayerView.swift /Users/fukushimatakumi/develop/sugarbeat/sugarbeat-front/SugarBeat/Utils/YouTubeUtils.swift /Users/fukushimatakumi/develop/sugarbeat/sugarbeat-front/SugarBeat/Models/CreateCommentRequest.swift /Users/fukushimatakumi/develop/sugarbeat/sugarbeat-front/SugarBeat/Utils/FirebaseConfig.swift /Users/fukushimatakumi/develop/sugarbeat/sugarbeat-front/SugarBeat/Services/FirebaseStorageManager.swift /Users/fukushimatakumi/develop/sugarbeat/sugarbeat-front/SugarBeat/Services/FirestoreBlockManager.swift /Users/fukushimatakumi/develop/sugarbeat/sugarbeat-front/SugarBeat/Services/FirestoreCacheManager.swift /Users/fukushimatakumi/develop/sugarbeat/sugarbeat-front/SugarBeat/Services/FirestoreCommentManager.swift /Users/fukushimatakumi/develop/sugarbeat/sugarbeat-front/SugarBeat/Services/FirestoreFollowManager.swift /Users/fukushimatakumi/develop/sugarbeat/sugarbeat-front/SugarBeat/Services/FirestoreLikeManager.swift /Users/fukushimatakumi/develop/sugarbeat/sugarbeat-front/SugarBeat/Services/FirestoreListenerManager.swift /Users/fukushimatakumi/develop/sugarbeat/sugarbeat-front/SugarBeat/Services/FirestoreNotificationManager.swift /Users/fukushimatakumi/develop/sugarbeat/sugarbeat-front/SugarBeat/Services/FirestorePostManager.swift /Users/fukushimatakumi/develop/sugarbeat/sugarbeat-front/SugarBeat/Services/FirestoreReportManager.swift -primary-file /Users/fukushimatakumi/develop/sugarbeat/sugarbeat-front/SugarBeat/Services/FirestoreUnreadManager.swift -primary-file /Users/fukushimatakumi/develop/sugarbeat/sugarbeat-front/SugarBeat/Services/FirestoreUserManager.swift -primary-file /Users/fukushimatakumi/develop/sugarbeat/sugarbeat-front/SugarBeat/Models/Report.swift -primary-file /Users/fukushimatakumi/develop/sugarbeat/sugarbeat-front/SugarBeat/Utils/EditableImagePicker.swift -primary-file /Users/fukushimatakumi/develop/sugarbeat/sugarbeat-front/SugarBeat/ViewModels/FeedViewModel.swift -primary-file /Users/fukushimatakumi/develop/sugarbeat/sugarbeat-front/SugarBeat/Views/FollowListView.swift -primary-file /Users/fukushimatakumi/develop/sugarbeat/sugarbeat-front/SugarBeat/Views/FollowingFeedView.swift /Users/fukushimatakumi/develop/sugarbeat/sugarbeat-front/SugarBeat/Services/LikeStateManager.swift /Users/fukushimatakumi/develop/sugarbeat/sugarbeat-front/SugarBeat/Views/LoginView.swift /Users/fukushimatakumi/develop/sugarbeat/sugarbeat-front/SugarBeat/Services/MusicKitManager.swift /Users/fukushimatakumi/develop/sugarbeat/sugarbeat-front/SugarBeat/Models/MusicModels.swift /Users/fukushimatakumi/develop/sugarbeat/sugarbeat-front/SugarBeat/Views/MusicPermissionView.swift /Users/fukushimatakumi/develop/sugarbeat/sugarbeat-front/SugarBeat/Views/MyProfileView.swift /Users/fukushimatakumi/develop/sugarbeat/sugarbeat-front/SugarBeat/Models/Notification.swift /Users/fukushimatakumi/develop/sugarbeat/sugarbeat-front/SugarBeat/Views/NotificationsView.swift /Users/fukushimatakumi/develop/sugarbeat/sugarbeat-front/SugarBeat/Views/OnboardingView.swift /Users/fukushimatakumi/develop/sugarbeat/sugarbeat-front/SugarBeat/Services/PlaybackStateManager.swift /Users/fukushimatakumi/develop/sugarbeat/sugarbeat-front/SugarBeat/Models/Post.swift /Users/fukushimatakumi/develop/sugarbeat/sugarbeat-front/SugarBeat/Views/PostGridView.swift /Users/fukushimatakumi/develop/sugarbeat/sugarbeat-front/SugarBeat/Views/ProfileEditView.swift /Users/fukushimatakumi/develop/sugarbeat/sugarbeat-front/SugarBeat/Views/ProfileView.swift /Users/fukushimatakumi/develop/sugarbeat/sugarbeat-front/SugarBeat/Views/ReportCommentView.swift /Users/fukushimatakumi/develop/sugarbeat/sugarbeat-front/SugarBeat/Views/ReportPostView.swift /Users/fukushimatakumi/develop/sugarbeat/sugarbeat-front/SugarBeat/Views/RootViewWithAd.swift /Users/fukushimatakumi/develop/sugarbeat/sugarbeat-front/SugarBeat/Views/SearchView.swift /Users/fukushimatakumi/develop/sugarbeat/sugarbeat-front/SugarBeat/ViewModels/SearchViewModel.swift /Users/fukushimatakumi/develop/sugarbeat/sugarbeat-front/SugarBeat/Views/SignUpView.swift /Users/fukushimatakumi/develop/sugarbeat/sugarbeat-front/SugarBeat/Views/StoriesBarView.swift /Users/fukushimatakumi/develop/sugarbeat/sugarbeat-front/SugarBeat/SugarBeatApp.swift /Users/fukushimatakumi/develop/sugarbeat/sugarbeat-front/SugarBeat/Services/UnreadPostsManager.swift /Users/fukushimatakumi/develop/sugarbeat/sugarbeat-front/SugarBeat/Models/User.swift /Users/fukushimatakumi/develop/sugarbeat/sugarbeat-front/SugarBeat/Views/UserPostsListView.swift /Users/fukushimatakumi/develop/sugarbeat/sugarbeat-front/SugarBeat/Views/UserPostsView.swift /Users/fukushimatakumi/develop/sugarbeat/sugarbeat-front/SugarBeat/Views/UserProfileView.swift /Users/fukushimatakumi/develop/sugarbeat/sugarbeat-front/SugarBeat/ViewModels/UserProfileViewModel.swift /Users/fukushimatakumi/develop/sugarbeat/sugarbeat-front/SugarBeat/Views/UserSearchView.swift /Users/fukushimatakumi/develop/sugarbeat/sugarbeat-front/SugarBeat/Views/UsernameSetupView.swift /Users/fukushimatakumi/develop/sugarbeat/sugarbeat-front/SugarBeat/Views/WaveformRangeSelectorView.swift /Users/fukushimatakumi/Library/Developer/Xcode/DerivedData/SugarBeat-hgoxfxbbugxkfsbmqcjlbmjeaqyg/Build/Intermediates.noindex/SugarBeat.build/Debug-iphonesimulator/SugarBeat.build/DerivedSources/GeneratedAssetSymbols.swift -supplementary-output-file-map /Users/fukushimatakumi/Library/Developer/Xcode/DerivedData/SugarBeat-hgoxfxbbugxkfsbmqcjlbmjeaqyg/Build/Intermediates.noindex/SugarBeat.build/Debug-iphonesimulator/SugarBeat.build/Objects-normal/arm64/supplementaryOutputs-49 -target arm64-apple-ios16.0-simulator -Xllvm -aarch64-use-tbi -enable-objc-interop -sdk /Applications/Xcode.app/Contents/Developer/Platforms/iPhoneSimulator.platform/Developer/SDKs/iPhoneSimulator18.4.sdk -I /Users/fukushimatakumi/Library/Developer/Xcode/DerivedData/SugarBeat-hgoxfxbbugxkfsbmqcjlbmjeaqyg/Build/Products/Debug-iphonesimulator -F /Users/fukushimatakumi/Library/Developer/Xcode/DerivedData/SugarBeat-hgoxfxbbugxkfsbmqcjlbmjeaqyg/Build/Products/Debug-iphonesimulator/PackageFrameworks -F /Users/fukushimatakumi/Library/Developer/Xcode/DerivedData/SugarBeat-hgoxfxbbugxkfsbmqcjlbmjeaqyg/Build/Products/Debug-iphonesimulator/PackageFrameworks -F /Users/fukushimatakumi/Library/Developer/Xcode/DerivedData/SugarBeat-hgoxfxbbugxkfsbmqcjlbmjeaqyg/Build/Products/Debug-iphonesimulator/PackageFrameworks -F /Users/fukushimatakumi/Library/Developer/Xcode/DerivedData/SugarBeat-hgoxfxbbugxkfsbmqcjlbmjeaqyg/Build/Products/Debug-iphonesimulator/PackageFrameworks -F /Users/fukushimatakumi/Library/Developer/Xcode/DerivedData/SugarBeat-hgoxfxbbugxkfsbmqcjlbmjeaqyg/Build/Products/Debug-iphonesimulator/PackageFrameworks -F /Users/fukushimatakumi/Library/Developer/Xcode/DerivedData/SugarBeat-hgoxfxbbugxkfsbmqcjlbmjeaqyg/Build/Products/Debug-iphonesimulator/PackageFrameworks -F /Users/fukushimatakumi/Library/Developer/Xcode/DerivedData/SugarBeat-hgoxfxbbugxkfsbmqcjlbmjeaqyg/Build/Products/Debug-iphonesimulator/PackageFrameworks -F /Users/fukushimatakumi/Library/Developer/Xcode/DerivedData/SugarBeat-hgoxfxbbugxkfsbmqcjlbmjeaqyg/Build/Products/Debug-iphonesimulator/PackageFrameworks -F /Users/fukushimatakumi/Library/Developer/Xcode/DerivedData/SugarBeat-hgoxfxbbugxkfsbmqcjlbmjeaqyg/Build/Products/Debug-iphonesimulator/PackageFrameworks -F /Users/fukushimatakumi/Library/Developer/Xcode/DerivedData/SugarBeat-hgoxfxbbugxkfsbmqcjlbmjeaqyg/Build/Products/Debug-iphonesimulator/PackageFrameworks -F /Users/fukushimatakumi/Library/Developer/Xcode/DerivedData/SugarBeat-hgoxfxbbugxkfsbmqcjlbmjeaqyg/Build/Products/Debug-iphonesimulator/PackageFrameworks -F /Users/fukushimatakumi/Library/Developer/Xcode/DerivedData/SugarBeat-hgoxfxbbugxkfsbmqcjlbmjeaqyg/Build/Products/Debug-iphonesimulator/PackageFrameworks -F /Users/fukushimatakumi/Library/Developer/Xcode/DerivedData/SugarBeat-hgoxfxbbugxkfsbmqcjlbmjeaqyg/Build/Products/Debug-iphonesimulator/PackageFrameworks -F /Users/fukushimatakumi/Library/Developer/Xcode/DerivedData/SugarBeat-hgoxfxbbugxkfsbmqcjlbmjeaqyg/Build/Products/Debug-iphonesimulator/PackageFrameworks -F /Users/fukushimatakumi/Library/Developer/Xcode/DerivedData/SugarBeat-hgoxfxbbugxkfsbmqcjlbmjeaqyg/Build/Products/Debug-iphonesimulator/PackageFrameworks -F /Users/fukushimatakumi/Library/Developer/Xcode/DerivedData/SugarBeat-hgoxfxbbugxkfsbmqcjlbmjeaqyg/Build/Products/Debug-iphonesimulator/PackageFrameworks -F /Users/fukushimatakumi/Library/Developer/Xcode/DerivedData/SugarBeat-hgoxfxbbugxkfsbmqcjlbmjeaqyg/Build/Products/Debug-iphonesimulator/PackageFrameworks -F /Users/fukushimatakumi/Library/Developer/Xcode/DerivedData/SugarBeat-hgoxfxbbugxkfsbmqcjlbmjeaqyg/Build/Products/Debug-iphonesimulator/PackageFrameworks -F /Users/fukushimatakumi/Library/Developer/Xcode/DerivedData/SugarBeat-hgoxfxbbugxkfsbmqcjlbmjeaqyg/Build/Products/Debug-iphonesimulator/PackageFrameworks -F /Users/fukushimatakumi/Library/Developer/Xcode/DerivedData/SugarBeat-hgoxfxbbugxkfsbmqcjlbmjeaqyg/Build/Products/Debug-iphonesimulator/PackageFrameworks -F /Users/fukushimatakumi/Library/Developer/Xcode/DerivedData/SugarBeat-hgoxfxbbugxkfsbmqcjlbmjeaqyg/Build/Products/Debug-iphonesimulator/PackageFrameworks -F /Users/fukushimatakumi/Library/Developer/Xcode/DerivedData/SugarBeat-hgoxfxbbugxkfsbmqcjlbmjeaqyg/Build/Products/Debug-iphonesimulator/PackageFrameworks -F /Users/fukushimatakumi/Library/Developer/Xcode/DerivedData/SugarBeat-hgoxfxbbugxkfsbmqcjlbmjeaqyg/Build/Products/Debug-iphonesimulator/PackageFrameworks -F /Users/fukushimatakumi/Library/Developer/Xcode/DerivedData/SugarBeat-hgoxfxbbugxkfsbmqcjlbmjeaqyg/Build/Products/Debug-iphonesimulator/PackageFrameworks -F /Users/fukushimatakumi/Library/Developer/Xcode/DerivedData/SugarBeat-hgoxfxbbugxkfsbmqcjlbmjeaqyg/Build/Products/Debug-iphonesimulator/PackageFrameworks -F /Users/fukushimatakumi/Library/Developer/Xcode/DerivedData/SugarBeat-hgoxfxbbugxkfsbmqcjlbmjeaqyg/Build/Products/Debug-iphonesimulator/PackageFrameworks -F /Users/fukushimatakumi/Library/Developer/Xcode/DerivedData/SugarBeat-hgoxfxbbugxkfsbmqcjlbmjeaqyg/Build/Products/Debug-iphonesimulator/PackageFrameworks -F /Users/fukushimatakumi/Library/Developer/Xcode/DerivedData/SugarBeat-hgoxfxbbugxkfsbmqcjlbmjeaqyg/Build/Products/Debug-iphonesimulator/PackageFrameworks -F /Users/fukushimatakumi/Library/Developer/Xcode/DerivedData/SugarBeat-hgoxfxbbugxkfsbmqcjlbmjeaqyg/Build/Products/Debug-iphonesimulator/PackageFrameworks -F /Users/fukushimatakumi/Library/Developer/Xcode/DerivedData/SugarBeat-hgoxfxbbugxkfsbmqcjlbmjeaqyg/Build/Products/Debug-iphonesimulator/PackageFrameworks -F /Users/fukushimatakumi/Library/Developer/Xcode/DerivedData/SugarBeat-hgoxfxbbugxkfsbmqcjlbmjeaqyg/Build/Products/Debug-iphonesimulator/PackageFrameworks -F /Users/fukushimatakumi/Library/Developer/Xcode/DerivedData/SugarBeat-hgoxfxbbugxkfsbmqcjlbmjeaqyg/Build/Products/Debug-iphonesimulator/PackageFrameworks -F /Users/fukushimatakumi/Library/Developer/Xcode/DerivedData/SugarBeat-hgoxfxbbugxkfsbmqcjlbmjeaqyg/Build/Products/Debug-iphonesimulator/PackageFrameworks -F /Users/fukushimatakumi/Library/Developer/Xcode/DerivedData/SugarBeat-hgoxfxbbugxkfsbmqcjlbmjeaqyg/Build/Products/Debug-iphonesimulator/PackageFrameworks -F /Users/fukushimatakumi/Library/Developer/Xcode/DerivedData/SugarBeat-hgoxfxbbugxkfsbmqcjlbmjeaqyg/Build/Products/Debug-iphonesimulator/PackageFrameworks -F /Users/fukushimatakumi/Library/Developer/Xcode/DerivedData/SugarBeat-hgoxfxbbugxkfsbmqcjlbmjeaqyg/Build/Products/Debug-iphonesimulator/PackageFrameworks -F /Users/fukushimatakumi/Library/Developer/Xcode/DerivedData/SugarBeat-hgoxfxbbugxkfsbmqcjlbmjeaqyg/Build/Products/Debug-iphonesimulator/PackageFrameworks -F /Users/fukushimatakumi/Library/Developer/Xcode/DerivedData/SugarBeat-hgoxfxbbugxkfsbmqcjlbmjeaqyg/Build/Products/Debug-iphonesimulator/PackageFrameworks -F /Users/fukushimatakumi/Library/Developer/Xcode/DerivedData/SugarBeat-hgoxfxbbugxkfsbmqcjlbmjeaqyg/Build/Products/Debug-iphonesimulator -no-color-diagnostics -enable-testing -g -debug-info-format\=dwarf -dwarf-version\=4 -module-cache-path /Users/fukushimatakumi/Library/Developer/Xcode/DerivedData/ModuleCache.noindex -swift-version 5 -enforce-exclusivity\=checked -Onone -D DEBUG -serialize-debugging-options -const-gather-protocols-file /Users/fukushimatakumi/Library/Developer/Xcode/DerivedData/SugarBeat-hgoxfxbbugxkfsbmqcjlbmjeaqyg/Build/Intermediates.noindex/SugarBeat.build/Debug-iphonesimulator/SugarBeat.build/Objects-normal/arm64/SugarBeat_const_extract_protocols.json -enable-experimental-feature DebugDescriptionMacro -enable-bare-slash-regex -empty-abi-descriptor -validate-clang-modules-once -clang-build-session-file /Users/fukushimatakumi/Library/Developer/Xcode/DerivedData/ModuleCache.noindex/Session.modulevalidation -Xcc -working-directory -Xcc /Users/fukushimatakumi/develop/sugarbeat/sugarbeat-front -resource-dir /Applications/Xcode.app/Contents/Developer/Toolchains/XcodeDefault.xctoolchain/usr/lib/swift -enable-anonymous-context-mangled-names -file-compilation-dir /Users/fukushimatakumi/develop/sugarbeat/sugarbeat-front -Xcc -fmodule-map-file\=/Users/fukushimatakumi/Library/Developer/Xcode/DerivedData/SugarBeat-hgoxfxbbugxkfsbmqcjlbmjeaqyg/Build/Intermediates.noindex/GeneratedModuleMaps-iphonesimulator/AppAuth.modulemap -Xcc -fmodule-map-file\=/Users/fukushimatakumi/Library/Developer/Xcode/DerivedData/SugarBeat-hgoxfxbbugxkfsbmqcjlbmjeaqyg/Build/Intermediates.noindex/GeneratedModuleMaps-iphonesimulator/AppAuthCore.modulemap -Xcc -fmodule-map-file\=/Users/fukushimatakumi/Library/Developer/Xcode/DerivedData/SugarBeat-hgoxfxbbugxkfsbmqcjlbmjeaqyg/Build/Intermediates.noindex/GeneratedModuleMaps-iphonesimulator/GoogleUtilities-UserDefaults.modulemap -Xcc -fmodule-map-file\=/Users/fukushimatakumi/Library/Developer/Xcode/DerivedData/SugarBeat-hgoxfxbbugxkfsbmqcjlbmjeaqyg/Build/Intermediates.noindex/GeneratedModuleMaps-iphonesimulator/AppCheckCore.modulemap -Xcc -fmodule-map-file\=/Users/fukushimatakumi/Library/Developer/Xcode/DerivedData/SugarBeat-hgoxfxbbugxkfsbmqcjlbmjeaqyg/Build/Intermediates.noindex/GeneratedModuleMaps-iphonesimulator/GoogleSignIn.modulemap -Xcc -fmodule-map-file\=/Users/fukushimatakumi/Library/Developer/Xcode/DerivedData/SugarBeat-hgoxfxbbugxkfsbmqcjlbmjeaqyg/Build/Intermediates.noindex/GeneratedModuleMaps-iphonesimulator/RecaptchaInterop.modulemap -Xcc -fmodule-map-file\=/Users/fukushimatakumi/Library/Developer/Xcode/DerivedData/SugarBeat-hgoxfxbbugxkfsbmqcjlbmjeaqyg/Build/Intermediates.noindex/GeneratedModuleMaps-iphonesimulator/GoogleUtilities-Network.modulemap -Xcc -fmodule-map-file\=/Users/fukushimatakumi/Library/Developer/Xcode/DerivedData/SugarBeat-hgoxfxbbugxkfsbmqcjlbmjeaqyg/Build/Intermediates.noindex/GeneratedModuleMaps-iphonesimulator/GoogleUtilities-Reachability.modulemap -Xcc -fmodule-map-file\=/Users/fukushimatakumi/Library/Developer/Xcode/DerivedData/SugarBeat-hgoxfxbbugxkfsbmqcjlbmjeaqyg/Build/Intermediates.noindex/GeneratedModuleMaps-iphonesimulator/GoogleUtilities-AppDelegateSwizzler.modulemap -Xcc -fmodule-map-file\=/Users/fukushimatakumi/Library/Developer/Xcode/DerivedData/SugarBeat-hgoxfxbbugxkfsbmqcjlbmjeaqyg/Build/Intermediates.noindex/GeneratedModuleMaps-iphonesimulator/GTMSessionFetcherCore.modulemap -Xcc -fmodule-map-file\=/Users/fukushimatakumi/Library/Developer/Xcode/DerivedData/SugarBeat-hgoxfxbbugxkfsbmqcjlbmjeaqyg/Build/Intermediates.noindex/GeneratedModuleMaps-iphonesimulator/FirebaseAuthInternal.modulemap -Xcc -fmodule-map-file\=/Users/fukushimatakumi/Library/Developer/Xcode/DerivedData/SugarBeat-hgoxfxbbugxkfsbmqcjlbmjeaqyg/Build/Intermediates.noindex/GeneratedModuleMaps-iphonesimulator/FirebaseAuthInterop.modulemap -Xcc -fmodule-map-file\=/Users/fukushimatakumi/Library/Developer/Xcode/DerivedData/SugarBeat-hgoxfxbbugxkfsbmqcjlbmjeaqyg/Build/Intermediates.noindex/GeneratedModuleMaps-iphonesimulator/GoogleUtilities-NSData.modulemap -Xcc -fmodule-map-file\=/Users/fukushimatakumi/Library/Developer/Xcode/DerivedData/SugarBeat-hgoxfxbbugxkfsbmqcjlbmjeaqyg/Build/Intermediates.noindex/GeneratedModuleMaps-iphonesimulator/GoogleUtilities-Environment.modulemap -Xcc -fmodule-map-file\=/Users/fukushimatakumi/Library/Developer/Xcode/DerivedData/SugarBeat-hgoxfxbbugxkfsbmqcjlbmjeaqyg/Build/Intermediates.noindex/GeneratedModuleMaps-iphonesimulator/third-party-IsAppEncrypted.modulemap -Xcc -fmodule-map-file\=/Users/fukushimatakumi/Library/Developer/Xcode/DerivedData/SugarBeat-hgoxfxbbugxkfsbmqcjlbmjeaqyg/Build/Intermediates.noindex/GeneratedModuleMaps-iphonesimulator/GoogleUtilities-Logger.modulemap -Xcc -fmodule-map-file\=/Users/fukushimatakumi/Library/Developer/Xcode/DerivedData/SugarBeat-hgoxfxbbugxkfsbmqcjlbmjeaqyg/Build/Intermediates.noindex/GeneratedModuleMaps-iphonesimulator/abslWrapper.modulemap -Xcc -fmodule-map-file\=/Users/fukushimatakumi/Library/Developer/Xcode/DerivedData/SugarBeat-hgoxfxbbugxkfsbmqcjlbmjeaqyg/Build/Intermediates.noindex/GeneratedModuleMaps-iphonesimulator/opensslWrapper.modulemap -Xcc -fmodule-map-file\=/Users/fukushimatakumi/Library/Developer/Xcode/DerivedData/SugarBeat-hgoxfxbbugxkfsbmqcjlbmjeaqyg/Build/Intermediates.noindex/GeneratedModuleMaps-iphonesimulator/grpcWrapper.modulemap -Xcc -fmodule-map-file\=/Users/fukushimatakumi/Library/Developer/Xcode/DerivedData/SugarBeat-hgoxfxbbugxkfsbmqcjlbmjeaqyg/Build/Intermediates.noindex/GeneratedModuleMaps-iphonesimulator/grpcppWrapper.modulemap -Xcc -fmodule-map-file\=/Users/fukushimatakumi/Library/Developer/Xcode/DerivedData/SugarBeat-hgoxfxbbugxkfsbmqcjlbmjeaqyg/Build/Intermediates.noindex/GeneratedModuleMaps-iphonesimulator/nanopb.modulemap -Xcc -fmodule-map-file\=/Users/fukushimatakumi/Library/Developer/Xcode/DerivedData/SugarBeat-hgoxfxbbugxkfsbmqcjlbmjeaqyg/Build/Intermediates.noindex/GeneratedModuleMaps-iphonesimulator/leveldb.modulemap -Xcc -fmodule-map-file\=/Users/fukushimatakumi/Library/Developer/Xcode/DerivedData/SugarBeat-hgoxfxbbugxkfsbmqcjlbmjeaqyg/Build/Intermediates.noindex/GeneratedModuleMaps-iphonesimulator/FirebaseCoreExtension.modulemap -Xcc -fmodule-map-file\=/Users/fukushimatakumi/Library/Developer/Xcode/DerivedData/SugarBeat-hgoxfxbbugxkfsbmqcjlbmjeaqyg/Build/Intermediates.noindex/GeneratedModuleMaps-iphonesimulator/FirebaseCore.modulemap -Xcc -fmodule-map-file\=/Users/fukushimatakumi/Library/Developer/Xcode/DerivedData/SugarBeat-hgoxfxbbugxkfsbmqcjlbmjeaqyg/Build/Intermediates.noindex/GeneratedModuleMaps-iphonesimulator/FirebaseAppCheckInterop.modulemap -Xcc -fmodule-map-file\=/Users/fukushimatakumi/Library/Developer/Xcode/DerivedData/SugarBeat-hgoxfxbbugxkfsbmqcjlbmjeaqyg/Build/Intermediates.noindex/GeneratedModuleMaps-iphonesimulator/FirebaseFirestoreInternalWrapper.modulemap -Xcc -fmodule-map-file\=/Users/fukushimatakumi/Library/Developer/Xcode/DerivedData/SugarBeat-hgoxfxbbugxkfsbmqcjlbmjeaqyg/Build/Intermediates.noindex/GeneratedModuleMaps-iphonesimulator/FirebaseFirestoreTarget.modulemap -Xcc -fmodule-map-file\=/Users/fukushimatakumi/Library/Developer/Xcode/DerivedData/SugarBeat-hgoxfxbbugxkfsbmqcjlbmjeaqyg/Build/Intermediates.noindex/GeneratedModuleMaps-iphonesimulator/UserMessagingPlatformTarget.modulemap -Xcc -ivfsstatcache -Xcc /Users/fukushimatakumi/Library/Developer/Xcode/DerivedData/SDKStatCaches.noindex/iphonesimulator18.4-22E235-71825a6d136aa4733edcbe86ece5525b.sdkstatcache -Xcc -I/Users/fukushimatakumi/Library/Developer/Xcode/DerivedData/SugarBeat-hgoxfxbbugxkfsbmqcjlbmjeaqyg/Build/Intermediates.noindex/SugarBeat.build/Debug-iphonesimulator/SugarBeat.build/swift-overrides.hmap -Xcc -iquote -Xcc /Users/fukushimatakumi/Library/Developer/Xcode/DerivedData/SugarBeat-hgoxfxbbugxkfsbmqcjlbmjeaqyg/Build/Intermediates.noindex/SugarBeat.build/Debug-iphonesimulator/SugarBeat.build/SugarBeat-generated-files.hmap -Xcc -I/Users/fukushimatakumi/Library/Developer/Xcode/DerivedData/SugarBeat-hgoxfxbbugxkfsbmqcjlbmjeaqyg/Build/Intermediates.noindex/SugarBeat.build/Debug-iphonesimulator/SugarBeat.build/SugarBeat-own-target-headers.hmap -Xcc -I/Users/fukushimatakumi/Library/Developer/Xcode/DerivedData/SugarBeat-hgoxfxbbugxkfsbmqcjlbmjeaqyg/Build/Intermediates.noindex/SugarBeat.build/Debug-iphonesimulator/SugarBeat.build/SugarBeat-all-non-framework-target-headers.hmap -Xcc -ivfsoverlay -Xcc /Users/fukushimatakumi/Library/Developer/Xcode/DerivedData/SugarBeat-hgoxfxbbugxkfsbmqcjlbmjeaqyg/Build/Intermediates.noindex/SugarBeat.build/Debug-iphonesimulator/SugarBeat-9b4bfaf8f5d669518fd7cb2cde12d7cc-VFS-iphonesimulator/all-product-headers.yaml -Xcc -iquote -Xcc /Users/fukushimatakumi/Library/Developer/Xcode/DerivedData/SugarBeat-hgoxfxbbugxkfsbmqcjlbmjeaqyg/Build/Intermediates.noindex/SugarBeat.build/Debug-iphonesimulator/SugarBeat.build/SugarBeat-project-headers.hmap -Xcc -I/Users/fukushimatakumi/Library/Developer/Xcode/DerivedData/SugarBeat-hgoxfxbbugxkfsbmqcjlbmjeaqyg/SourcePackages/checkouts/AppAuth-iOS/Sources/AppAuth -Xcc -I/Users/fukushimatakumi/Library/Developer/Xcode/DerivedData/SugarBeat-hgoxfxbbugxkfsbmqcjlbmjeaqyg/SourcePackages/checkouts/AppAuth-iOS/Sources/AppAuthCore -Xcc -I/Users/fukushimatakumi/Library/Developer/Xcode/DerivedData/SugarBeat-hgoxfxbbugxkfsbmqcjlbmjeaqyg/SourcePackages/checkouts/promises/Sources/FBLPromises/include -Xcc -I/Users/fukushimatakumi/Library/Developer/Xcode/DerivedData/SugarBeat-hgoxfxbbugxkfsbmqcjlbmjeaqyg/SourcePackages/checkouts/GoogleUtilities/GoogleUtilities/UserDefaults/Public -Xcc -I/Users/fukushimatakumi/Library/Developer/Xcode/DerivedData/SugarBeat-hgoxfxbbugxkfsbmqcjlbmjeaqyg/SourcePackages/checkouts/app-check/AppCheckCore/Sources/Public -Xcc -I/Users/fukushimatakumi/Library/Developer/Xcode/DerivedData/SugarBeat-hgoxfxbbugxkfsbmqcjlbmjeaqyg/SourcePackages/checkouts/GoogleSignIn-iOS/GoogleSignIn/Sources/Public -Xcc -I/Users/fukushimatakumi/Library/Developer/Xcode/DerivedData/SugarBeat-hgoxfxbbugxkfsbmqcjlbmjeaqyg/SourcePackages/checkouts/interop-ios-for-google-sdks/RecaptchaEnterprise/RecaptchaInterop/Public -Xcc -I/Users/fukushimatakumi/Library/Developer/Xcode/DerivedData/SugarBeat-hgoxfxbbugxkfsbmqcjlbmjeaqyg/SourcePackages/checkouts/GoogleUtilities/GoogleUtilities/Network/Public -Xcc -I/Users/fukushimatakumi/Library/Developer/Xcode/DerivedData/SugarBeat-hgoxfxbbugxkfsbmqcjlbmjeaqyg/SourcePackages/checkouts/GoogleUtilities/GoogleUtilities/Reachability/Public -Xcc -I/Users/fukushimatakumi/Library/Developer/Xcode/DerivedData/SugarBeat-hgoxfxbbugxkfsbmqcjlbmjeaqyg/SourcePackages/checkouts/GoogleUtilities/GoogleUtilities/AppDelegateSwizzler/Public -Xcc -I/Users/fukushimatakumi/Library/Developer/Xcode/DerivedData/SugarBeat-hgoxfxbbugxkfsbmqcjlbmjeaqyg/SourcePackages/checkouts/gtm-session-fetcher/Sources/Core/Public -Xcc -I/Users/fukushimatakumi/Library/Developer/Xcode/DerivedData/SugarBeat-hgoxfxbbugxkfsbmqcjlbmjeaqyg/SourcePackages/checkouts/firebase-ios-sdk/FirebaseAuth/Sources/Public -Xcc -I/Users/fukushimatakumi/Library/Developer/Xcode/DerivedData/SugarBeat-hgoxfxbbugxkfsbmqcjlbmjeaqyg/SourcePackages/checkouts/firebase-ios-sdk/FirebaseAuth/Interop/Public -Xcc -I/Users/fukushimatakumi/Library/Developer/Xcode/DerivedData/SugarBeat-hgoxfxbbugxkfsbmqcjlbmjeaqyg/SourcePackages/checkouts/GoogleUtilities/GoogleUtilities/NSData+zlib/Public -Xcc -I/Users/fukushimatakumi/Library/Developer/Xcode/DerivedData/SugarBeat-hgoxfxbbugxkfsbmqcjlbmjeaqyg/SourcePackages/checkouts/GoogleUtilities/GoogleUtilities/Environment/Public -Xcc -I/Users/fukushimatakumi/Library/Developer/Xcode/DerivedData/SugarBeat-hgoxfxbbugxkfsbmqcjlbmjeaqyg/SourcePackages/checkouts/GoogleUtilities/third_party/IsAppEncrypted/Public -Xcc -I/Users/fukushimatakumi/Library/Developer/Xcode/DerivedData/SugarBeat-hgoxfxbbugxkfsbmqcjlbmjeaqyg/SourcePackages/checkouts/GoogleUtilities/GoogleUtilities/Logger/Public -Xcc -I/Users/fukushimatakumi/Library/Developer/Xcode/DerivedData/SugarBeat-hgoxfxbbugxkfsbmqcjlbmjeaqyg/SourcePackages/checkouts/abseil-cpp-binary/absl-Wrapper/include -Xcc -I/Users/fukushimatakumi/Library/Developer/Xcode/DerivedData/SugarBeat-hgoxfxbbugxkfsbmqcjlbmjeaqyg/SourcePackages/checkouts/grpc-binary/openssl-grpc-Wrapper/include -Xcc -I/Users/fukushimatakumi/Library/Developer/Xcode/DerivedData/SugarBeat-hgoxfxbbugxkfsbmqcjlbmjeaqyg/SourcePackages/checkouts/grpc-binary/grpc-Wrapper/include -Xcc -I/Users/fukushimatakumi/Library/Developer/Xcode/DerivedData/SugarBeat-hgoxfxbbugxkfsbmqcjlbmjeaqyg/SourcePackages/checkouts/grpc-binary/grpcpp-Wrapper/include -Xcc -I/Users/fukushimatakumi/Library/Developer/Xcode/DerivedData/SugarBeat-hgoxfxbbugxkfsbmqcjlbmjeaqyg/SourcePackages/checkouts/nanopb/spm_headers -Xcc -I/Users/fukushimatakumi/Library/Developer/Xcode/DerivedData/SugarBeat-hgoxfxbbugxkfsbmqcjlbmjeaqyg/SourcePackages/checkouts/leveldb/include -Xcc -I/Users/fukushimatakumi/Library/Developer/Xcode/DerivedData/SugarBeat-hgoxfxbbugxkfsbmqcjlbmjeaqyg/SourcePackages/checkouts/firebase-ios-sdk/FirebaseCore/Extension -Xcc -I/Users/fukushimatakumi/Library/Developer/Xcode/DerivedData/SugarBeat-hgoxfxbbugxkfsbmqcjlbmjeaqyg/SourcePackages/checkouts/firebase-ios-sdk/FirebaseCore/Sources/Public -Xcc -I/Users/fukushimatakumi/Library/Developer/Xcode/DerivedData/SugarBeat-hgoxfxbbugxkfsbmqcjlbmjeaqyg/SourcePackages/checkouts/firebase-ios-sdk/CoreOnly/Sources -Xcc -I/Users/fukushimatakumi/Library/Developer/Xcode/DerivedData/SugarBeat-hgoxfxbbugxkfsbmqcjlbmjeaqyg/SourcePackages/checkouts/firebase-ios-sdk/FirebaseAppCheck/Interop/Public -Xcc -I/Users/fukushimatakumi/Library/Developer/Xcode/DerivedData/SugarBeat-hgoxfxbbugxkfsbmqcjlbmjeaqyg/SourcePackages/checkouts/firebase-ios-sdk/FirebaseFirestoreInternal -Xcc -I/Users/fukushimatakumi/Library/Developer/Xcode/DerivedData/SugarBeat-hgoxfxbbugxkfsbmqcjlbmjeaqyg/SourcePackages/checkouts/firebase-ios-sdk/SwiftPM-PlatformExclude/FirebaseFirestoreWrap/include -Xcc -I/Users/fukushimatakumi/Library/Developer/Xcode/DerivedData/SugarBeat-hgoxfxbbugxkfsbmqcjlbmjeaqyg/SourcePackages/checkouts/swift-package-manager-google-user-messaging-platform/UserMessagingPlatformTarget/include -Xcc -I/Users/fukushimatakumi/Library/Developer/Xcode/DerivedData/SugarBeat-hgoxfxbbugxkfsbmqcjlbmjeaqyg/Build/Products/Debug-iphonesimulator/include -Xcc -I/Users/fukushimatakumi/Library/Developer/Xcode/DerivedData/SugarBeat-hgoxfxbbugxkfsbmqcjlbmjeaqyg/Build/Intermediates.noindex/SugarBeat.build/Debug-iphonesimulator/SugarBeat.build/DerivedSources-normal/arm64 -Xcc -I/Users/fukushimatakumi/Library/Developer/Xcode/DerivedData/SugarBeat-hgoxfxbbugxkfsbmqcjlbmjeaqyg/Build/Intermediates.noindex/SugarBeat.build/Debug-iphonesimulator/SugarBeat.build/DerivedSources/arm64 -Xcc -I/Users/fukushimatakumi/Library/Developer/Xcode/DerivedData/SugarBeat-hgoxfxbbugxkfsbmqcjlbmjeaqyg/Build/Intermediates.noindex/SugarBeat.build/Debug-iphonesimulator/SugarBeat.build/DerivedSources -Xcc -DDEBUG\=1 -module-name SugarBeat -frontend-parseable-output -disable-clang-spi -target-sdk-version 18.4 -target-sdk-name iphonesimulator18.4 -external-plugin-path /Applications/Xcode.app/Contents/Developer/Platforms/iPhoneOS.platform/Developer/usr/lib/swift/host/plugins\#/Applications/Xcode.app/Contents/Developer/Platforms/iPhoneOS.platform/Developer/usr/bin/swift-plugin-server -external-plugin-path /Applications/Xcode.app/Contents/Developer/Platforms/iPhoneOS.platform/Developer/usr/local/lib/swift/host/plugins\#/Applications/Xcode.app/Contents/Developer/Platforms/iPhoneOS.platform/Developer/usr/bin/swift-plugin-server -in-process-plugin-server-path /Applications/Xcode.app/Contents/Developer/Toolchains/XcodeDefault.xctoolchain/usr/lib/swift/host/libSwiftInProcPluginServer.dylib -plugin-path /Applications/Xcode.app/Contents/Developer/Toolchains/XcodeDefault.xctoolchain/usr/lib/swift/host/plugins -plugin-path /Applications/Xcode.app/Contents/Developer/Toolchains/XcodeDefault.xctoolchain/usr/local/lib/swift/host/plugins -o /Users/fukushimatakumi/Library/Developer/Xcode/DerivedData/SugarBeat-hgoxfxbbugxkfsbmqcjlbmjeaqyg/Build/Intermediates.noindex/SugarBeat.build/Debug-iphonesimulator/SugarBeat.build/Objects-normal/arm64/FirestoreUnreadManager-d51370f1f839db3b15b40bb08e3aff52.o -o /Users/fukushimatakumi/Library/Developer/Xcode/DerivedData/SugarBeat-hgoxfxbbugxkfsbmqcjlbmjeaqyg/Build/Intermediates.noindex/SugarBeat.build/Debug-iphonesimulator/SugarBeat.build/Objects-normal/arm64/FirestoreUserManager-d365975ad106947e63facd279d070af5.o -o /Users/fukushimatakumi/Library/Developer/Xcode/DerivedData/SugarBeat-hgoxfxbbugxkfsbmqcjlbmjeaqyg/Build/Intermediates.noindex/SugarBeat.build/Debug-iphonesimulator/SugarBeat.build/Objects-normal/arm64/Report-b4e9744d84435a23327486913552b585.o -o /Users/fukushimatakumi/Library/Developer/Xcode/DerivedData/SugarBeat-hgoxfxbbugxkfsbmqcjlbmjeaqyg/Build/Intermediates.noindex/SugarBeat.build/Debug-iphonesimulator/SugarBeat.build/Objects-normal/arm64/EditableImagePicker.o -o /Users/fukushimatakumi/Library/Developer/Xcode/DerivedData/SugarBeat-hgoxfxbbugxkfsbmqcjlbmjeaqyg/Build/Intermediates.noindex/SugarBeat.build/Debug-iphonesimulator/SugarBeat.build/Objects-normal/arm64/FeedViewModel.o -o /Users/fukushimatakumi/Library/Developer/Xcode/DerivedData/SugarBeat-hgoxfxbbugxkfsbmqcjlbmjeaqyg/Build/Intermediates.noindex/SugarBeat.build/Debug-iphonesimulator/SugarBeat.build/Objects-normal/arm64/FollowListView.o -o /Users/fukushimatakumi/Library/Developer/Xcode/DerivedData/SugarBeat-hgoxfxbbugxkfsbmqcjlbmjeaqyg/Build/Intermediates.noindex/SugarBeat.build/Debug-iphonesimulator/SugarBeat.build/Objects-normal/arm64/FollowingFeedView.o -index-unit-output-path /SugarBeat.build/Debug-iphonesimulator/SugarBeat.build/Objects-normal/arm64/FirestoreUnreadManager-d51370f1f839db3b15b40bb08e3aff52.o -index-unit-output-path /SugarBeat.build/Debug-iphonesimulator/SugarBeat.build/Objects-normal/arm64/FirestoreUserManager-d365975ad106947e63facd279d070af5.o -index-unit-output-path /SugarBeat.build/Debug-iphonesimulator/SugarBeat.build/Objects-normal/arm64/Report-b4e9744d84435a23327486913552b585.o -index-unit-output-path /SugarBeat.build/Debug-iphonesimulator/SugarBeat.build/Objects-normal/arm64/EditableImagePicker.o -index-unit-output-path /SugarBeat.build/Debug-iphonesimulator/SugarBeat.build/Objects-normal/arm64/FeedViewModel.o -index-unit-output-path /SugarBeat.build/Debug-iphonesimulator/SugarBeat.build/Objects-normal/arm64/FollowListView.o -index-unit-output-path /SugarBeat.build/Debug-iphonesimulator/SugarBeat.build/Objects-normal/arm64/FollowingFeedView.o -index-store-path /Users/fukushimatakumi/Library/Developer/Xcode/DerivedData/SugarBeat-hgoxfxbbugxkfsbmqcjlbmjeaqyg/Index.noindex/DataStore -index-system-modules

SwiftCompile normal arm64 /Users/fukushimatakumi/develop/sugarbeat/sugarbeat-front/SugarBeat/Services/FirestoreUnreadManager.swift (in target 'SugarBeat' from project 'SugarBeat')
    cd /Users/fukushimatakumi/develop/sugarbeat/sugarbeat-front
    
/Users/fukushimatakumi/develop/sugarbeat/sugarbeat-front/SugarBeat/Services/FirestoreUnreadManager.swift:54:19: warning: value 'currentUserId' was defined but never used; consider replacing with boolean test
        guard let currentUserId = Auth.auth().currentUser?.uid else {
              ~~~~^~~~~~~~~~~~~~~~
              (                                               ) != nil

SwiftCompile normal arm64 /Users/fukushimatakumi/develop/sugarbeat/sugarbeat-front/SugarBeat/Services/FirestoreUserManager.swift (in target 'SugarBeat' from project 'SugarBeat')
    cd /Users/fukushimatakumi/develop/sugarbeat/sugarbeat-front
    

SwiftCompile normal arm64 /Users/fukushimatakumi/develop/sugarbeat/sugarbeat-front/SugarBeat/Models/Report.swift (in target 'SugarBeat' from project 'SugarBeat')
    cd /Users/fukushimatakumi/develop/sugarbeat/sugarbeat-front
    

SwiftCompile normal arm64 /Users/fukushimatakumi/develop/sugarbeat/sugarbeat-front/SugarBeat/Utils/EditableImagePicker.swift (in target 'SugarBeat' from project 'SugarBeat')
    cd /Users/fukushimatakumi/develop/sugarbeat/sugarbeat-front
    

SwiftCompile normal arm64 /Users/fukushimatakumi/develop/sugarbeat/sugarbeat-front/SugarBeat/ViewModels/FeedViewModel.swift (in target 'SugarBeat' from project 'SugarBeat')
    cd /Users/fukushimatakumi/develop/sugarbeat/sugarbeat-front
    
/Users/fukushimatakumi/develop/sugarbeat/sugarbeat-front/SugarBeat/ViewModels/FeedViewModel.swift:32:23: warning: main actor-isolated property 'allUserPosts' can not be mutated from a Sendable closure; this is an error in the Swift 6 language mode
                self?.allUserPosts.removeAll { $0.id == userId }
                      ^
/Users/fukushimatakumi/develop/sugarbeat/sugarbeat-front/SugarBeat/ViewModels/FeedViewModel.swift:14:20: note: mutation of this property is only permitted within the actor
    @Published var allUserPosts: [UserPosts] = [] // All users including self, sorted by latest post
                   ^
/Users/fukushimatakumi/develop/sugarbeat/sugarbeat-front/SugarBeat/ViewModels/FeedViewModel.swift:45:37: warning: main actor-isolated property 'allUserPosts' can not be referenced from a Sendable closure; this is an error in the Swift 6 language mode
                for i in 0..<(self?.allUserPosts.count ?? 0) {
                                    ^
/Users/fukushimatakumi/develop/sugarbeat/sugarbeat-front/SugarBeat/ViewModels/FeedViewModel.swift:14:20: note: property declared here
    @Published var allUserPosts: [UserPosts] = [] // All users including self, sorted by latest post
                   ^
/Users/fukushimatakumi/develop/sugarbeat/sugarbeat-front/SugarBeat/ViewModels/FeedViewModel.swift:46:27: warning: main actor-isolated property 'allUserPosts' can not be mutated from a Sendable closure; this is an error in the Swift 6 language mode
                    self?.allUserPosts[i].posts.removeAll { $0.id == postId }
                          ^
/Users/fukushimatakumi/develop/sugarbeat/sugarbeat-front/SugarBeat/ViewModels/FeedViewModel.swift:14:20: note: mutation of this property is only permitted within the actor
    @Published var allUserPosts: [UserPosts] = [] // All users including self, sorted by latest post
                   ^
/Users/fukushimatakumi/develop/sugarbeat/sugarbeat-front/SugarBeat/ViewModels/FeedViewModel.swift:49:23: warning: main actor-isolated property 'allUserPosts' can not be mutated from a Sendable closure; this is an error in the Swift 6 language mode
                self?.allUserPosts.removeAll { $0.posts.isEmpty }
                      ^
/Users/fukushimatakumi/develop/sugarbeat/sugarbeat-front/SugarBeat/ViewModels/FeedViewModel.swift:14:20: note: mutation of this property is only permitted within the actor
    @Published var allUserPosts: [UserPosts] = [] // All users including self, sorted by latest post
                   ^
/Users/fukushimatakumi/develop/sugarbeat/sugarbeat-front/SugarBeat/ViewModels/FeedViewModel.swift:119:51: warning: left side of nil coalescing operator '??' has non-optional type 'Int', so the right side is never used
                            count: post.likeCount ?? 0
                                   ~~~~~~~~~~~~~~~^~~~
                                                 
/Users/fukushimatakumi/develop/sugarbeat/sugarbeat-front/SugarBeat/ViewModels/FeedViewModel.swift:123:54: warning: left side of nil coalescing operator '??' has non-optional type 'Int', so the right side is never used
                            count: post.commentCount ?? 0
                                   ~~~~~~~~~~~~~~~~~~^~~~
                                                    
/Users/fukushimatakumi/develop/sugarbeat/sugarbeat-front/SugarBeat/ViewModels/FeedViewModel.swift:244:55: warning: left side of nil coalescing operator '??' has non-optional type 'Int', so the right side is never used
                                count: post.likeCount ?? 0
                                       ~~~~~~~~~~~~~~~^~~~
                                                     
/Users/fukushimatakumi/develop/sugarbeat/sugarbeat-front/SugarBeat/ViewModels/FeedViewModel.swift:248:58: warning: left side of nil coalescing operator '??' has non-optional type 'Int', so the right side is never used
                                count: post.commentCount ?? 0
                                       ~~~~~~~~~~~~~~~~~~^~~~
                                                        

SwiftCompile normal arm64 /Users/fukushimatakumi/develop/sugarbeat/sugarbeat-front/SugarBeat/Views/FollowListView.swift (in target 'SugarBeat' from project 'SugarBeat')
    cd /Users/fukushimatakumi/develop/sugarbeat/sugarbeat-front
    

SwiftCompile normal arm64 /Users/fukushimatakumi/develop/sugarbeat/sugarbeat-front/SugarBeat/Views/FollowingFeedView.swift (in target 'SugarBeat' from project 'SugarBeat')
    cd /Users/fukushimatakumi/develop/sugarbeat/sugarbeat-front
    
/Users/fukushimatakumi/develop/sugarbeat/sugarbeat-front/SugarBeat/Views/FollowingFeedView.swift:147:20: warning: value 'postId' was defined but never used; consider replacing with boolean test
            if let postId = notification.userInfo?["postId"] as? String {
               ~~~~^~~~~~~~~                                 ~~~
                                                             is
/Users/fukushimatakumi/develop/sugarbeat/sugarbeat-front/SugarBeat/Views/FollowingFeedView.swift:160:20: warning: value 'userId' was defined but never used; consider replacing with boolean test
            if let userId = notification.userInfo?["userId"] as? String {
               ~~~~^~~~~~~~~                                 ~~~
                                                             is
/Users/fukushimatakumi/develop/sugarbeat/sugarbeat-front/SugarBeat/Views/FollowingFeedView.swift:180:38: error: cannot find 'FirestoreChannelManager' in scope
            var channels = try await FirestoreChannelManager.shared.getFollowedChannels(userId: currentUserId)
                                     ^~~~~~~~~~~~~~~~~~~~~~~
/Users/fukushimatakumi/develop/sugarbeat/sugarbeat-front/SugarBeat/Views/FollowingFeedView.swift:183:41: error: cannot find 'FirestoreChannelManager' in scope
            let ownChannels = try await FirestoreChannelManager.shared.getUserChannels(userId: currentUserId)
                                        ^~~~~~~~~~~~~~~~~~~~~~~

SwiftCompile normal arm64 Compiling\ StoriesBarView.swift,\ SugarBeatApp.swift,\ UnreadPostsManager.swift,\ User.swift,\ UserPostsListView.swift,\ UserPostsView.swift /Users/fukushimatakumi/develop/sugarbeat/sugarbeat-front/SugarBeat/Views/StoriesBarView.swift /Users/fukushimatakumi/develop/sugarbeat/sugarbeat-front/SugarBeat/SugarBeatApp.swift /Users/fukushimatakumi/develop/sugarbeat/sugarbeat-front/SugarBeat/Services/UnreadPostsManager.swift /Users/fukushimatakumi/develop/sugarbeat/sugarbeat-front/SugarBeat/Models/User.swift /Users/fukushimatakumi/develop/sugarbeat/sugarbeat-front/SugarBeat/Views/UserPostsListView.swift /Users/fukushimatakumi/develop/sugarbeat/sugarbeat-front/SugarBeat/Views/UserPostsView.swift (in target 'SugarBeat' from project 'SugarBeat')
SwiftCompile normal arm64 /Users/fukushimatakumi/develop/sugarbeat/sugarbeat-front/SugarBeat/Views/StoriesBarView.swift (in target 'SugarBeat' from project 'SugarBeat')
    cd /Users/fukushimatakumi/develop/sugarbeat/sugarbeat-front
    

SwiftCompile normal arm64 /Users/fukushimatakumi/develop/sugarbeat/sugarbeat-front/SugarBeat/SugarBeatApp.swift (in target 'SugarBeat' from project 'SugarBeat')
    cd /Users/fukushimatakumi/develop/sugarbeat/sugarbeat-front
    

SwiftCompile normal arm64 /Users/fukushimatakumi/develop/sugarbeat/sugarbeat-front/SugarBeat/Services/UnreadPostsManager.swift (in target 'SugarBeat' from project 'SugarBeat')
    cd /Users/fukushimatakumi/develop/sugarbeat/sugarbeat-front
    

SwiftCompile normal arm64 /Users/fukushimatakumi/develop/sugarbeat/sugarbeat-front/SugarBeat/Models/User.swift (in target 'SugarBeat' from project 'SugarBeat')
    cd /Users/fukushimatakumi/develop/sugarbeat/sugarbeat-front
    

SwiftCompile normal arm64 /Users/fukushimatakumi/develop/sugarbeat/sugarbeat-front/SugarBeat/Views/UserPostsListView.swift (in target 'SugarBeat' from project 'SugarBeat')
    cd /Users/fukushimatakumi/develop/sugarbeat/sugarbeat-front
    

SwiftCompile normal arm64 /Users/fukushimatakumi/develop/sugarbeat/sugarbeat-front/SugarBeat/Views/UserPostsView.swift (in target 'SugarBeat' from project 'SugarBeat')
    cd /Users/fukushimatakumi/develop/sugarbeat/sugarbeat-front
    

SwiftEmitModule normal arm64 Emitting\ module\ for\ SugarBeat (in target 'SugarBeat' from project 'SugarBeat')

EmitSwiftModule normal arm64 (in target 'SugarBeat' from project 'SugarBeat')
    cd /Users/fukushimatakumi/develop/sugarbeat/sugarbeat-front
    

SwiftCompile normal arm64 Compiling\ LikeStateManager.swift,\ LoginView.swift,\ MusicKitManager.swift,\ MusicModels.swift,\ MusicPermissionView.swift,\ MyProfileView.swift,\ Notification.swift /Users/fukushimatakumi/develop/sugarbeat/sugarbeat-front/SugarBeat/Services/LikeStateManager.swift /Users/fukushimatakumi/develop/sugarbeat/sugarbeat-front/SugarBeat/Views/LoginView.swift /Users/fukushimatakumi/develop/sugarbeat/sugarbeat-front/SugarBeat/Services/MusicKitManager.swift /Users/fukushimatakumi/develop/sugarbeat/sugarbeat-front/SugarBeat/Models/MusicModels.swift /Users/fukushimatakumi/develop/sugarbeat/sugarbeat-front/SugarBeat/Views/MusicPermissionView.swift /Users/fukushimatakumi/develop/sugarbeat/sugarbeat-front/SugarBeat/Views/MyProfileView.swift /Users/fukushimatakumi/develop/sugarbeat/sugarbeat-front/SugarBeat/Models/Notification.swift (in target 'SugarBeat' from project 'SugarBeat')

SwiftCompile normal arm64 /Users/fukushimatakumi/develop/sugarbeat/sugarbeat-front/SugarBeat/Services/LikeStateManager.swift (in target 'SugarBeat' from project 'SugarBeat')
    cd /Users/fukushimatakumi/develop/sugarbeat/sugarbeat-front
    

SwiftCompile normal arm64 /Users/fukushimatakumi/develop/sugarbeat/sugarbeat-front/SugarBeat/Views/LoginView.swift (in target 'SugarBeat' from project 'SugarBeat')
    cd /Users/fukushimatakumi/develop/sugarbeat/sugarbeat-front
    

SwiftCompile normal arm64 /Users/fukushimatakumi/develop/sugarbeat/sugarbeat-front/SugarBeat/Services/MusicKitManager.swift (in target 'SugarBeat' from project 'SugarBeat')
    cd /Users/fukushimatakumi/develop/sugarbeat/sugarbeat-front
    

SwiftCompile normal arm64 /Users/fukushimatakumi/develop/sugarbeat/sugarbeat-front/SugarBeat/Models/MusicModels.swift (in target 'SugarBeat' from project 'SugarBeat')
    cd /Users/fukushimatakumi/develop/sugarbeat/sugarbeat-front
    

SwiftCompile normal arm64 /Users/fukushimatakumi/develop/sugarbeat/sugarbeat-front/SugarBeat/Views/MusicPermissionView.swift (in target 'SugarBeat' from project 'SugarBeat')
    cd /Users/fukushimatakumi/develop/sugarbeat/sugarbeat-front
    

SwiftCompile normal arm64 /Users/fukushimatakumi/develop/sugarbeat/sugarbeat-front/SugarBeat/Views/MyProfileView.swift (in target 'SugarBeat' from project 'SugarBeat')
    cd /Users/fukushimatakumi/develop/sugarbeat/sugarbeat-front
    

SwiftCompile normal arm64 /Users/fukushimatakumi/develop/sugarbeat/sugarbeat-front/SugarBeat/Models/Notification.swift (in target 'SugarBeat' from project 'SugarBeat')
    cd /Users/fukushimatakumi/develop/sugarbeat/sugarbeat-front
    

SwiftCompile normal arm64 Compiling\ UserProfileView.swift,\ UserProfileViewModel.swift,\ UserSearchView.swift,\ UsernameSetupView.swift,\ WaveformRangeSelectorView.swift,\ GeneratedAssetSymbols.swift /Users/fukushimatakumi/develop/sugarbeat/sugarbeat-front/SugarBeat/Views/UserProfileView.swift /Users/fukushimatakumi/develop/sugarbeat/sugarbeat-front/SugarBeat/ViewModels/UserProfileViewModel.swift /Users/fukushimatakumi/develop/sugarbeat/sugarbeat-front/SugarBeat/Views/UserSearchView.swift /Users/fukushimatakumi/develop/sugarbeat/sugarbeat-front/SugarBeat/Views/UsernameSetupView.swift /Users/fukushimatakumi/develop/sugarbeat/sugarbeat-front/SugarBeat/Views/WaveformRangeSelectorView.swift /Users/fukushimatakumi/Library/Developer/Xcode/DerivedData/SugarBeat-hgoxfxbbugxkfsbmqcjlbmjeaqyg/Build/Intermediates.noindex/SugarBeat.build/Debug-iphonesimulator/SugarBeat.build/DerivedSources/GeneratedAssetSymbols.swift (in target 'SugarBeat' from project 'SugarBeat')
SwiftCompile normal arm64 /Users/fukushimatakumi/develop/sugarbeat/sugarbeat-front/SugarBeat/Views/UserProfileView.swift (in target 'SugarBeat' from project 'SugarBeat')
    cd /Users/fukushimatakumi/develop/sugarbeat/sugarbeat-front
    

SwiftCompile normal arm64 /Users/fukushimatakumi/develop/sugarbeat/sugarbeat-front/SugarBeat/ViewModels/UserProfileViewModel.swift (in target 'SugarBeat' from project 'SugarBeat')
    cd /Users/fukushimatakumi/develop/sugarbeat/sugarbeat-front
    

SwiftCompile normal arm64 /Users/fukushimatakumi/develop/sugarbeat/sugarbeat-front/SugarBeat/Views/UserSearchView.swift (in target 'SugarBeat' from project 'SugarBeat')
    cd /Users/fukushimatakumi/develop/sugarbeat/sugarbeat-front
    

SwiftCompile normal arm64 /Users/fukushimatakumi/develop/sugarbeat/sugarbeat-front/SugarBeat/Views/UsernameSetupView.swift (in target 'SugarBeat' from project 'SugarBeat')
    cd /Users/fukushimatakumi/develop/sugarbeat/sugarbeat-front
    

SwiftCompile normal arm64 /Users/fukushimatakumi/develop/sugarbeat/sugarbeat-front/SugarBeat/Views/WaveformRangeSelectorView.swift (in target 'SugarBeat' from project 'SugarBeat')
    cd /Users/fukushimatakumi/develop/sugarbeat/sugarbeat-front
    

SwiftCompile normal arm64 /Users/fukushimatakumi/Library/Developer/Xcode/DerivedData/SugarBeat-hgoxfxbbugxkfsbmqcjlbmjeaqyg/Build/Intermediates.noindex/SugarBeat.build/Debug-iphonesimulator/SugarBeat.build/DerivedSources/GeneratedAssetSymbols.swift (in target 'SugarBeat' from project 'SugarBeat')
    cd /Users/fukushimatakumi/develop/sugarbeat/sugarbeat-front
    

SwiftCompile normal arm64 Compiling\ YouTubePlayerView.swift,\ YouTubeUtils.swift,\ CreateCommentRequest.swift,\ FirebaseConfig.swift,\ FirebaseStorageManager.swift,\ FirestoreBlockManager.swift,\ FirestoreCacheManager.swift /Users/fukushimatakumi/develop/sugarbeat/sugarbeat-front/SugarBeat/Views/YouTubePlayerView.swift /Users/fukushimatakumi/develop/sugarbeat/sugarbeat-front/SugarBeat/Utils/YouTubeUtils.swift /Users/fukushimatakumi/develop/sugarbeat/sugarbeat-front/SugarBeat/Models/CreateCommentRequest.swift /Users/fukushimatakumi/develop/sugarbeat/sugarbeat-front/SugarBeat/Utils/FirebaseConfig.swift /Users/fukushimatakumi/develop/sugarbeat/sugarbeat-front/SugarBeat/Services/FirebaseStorageManager.swift /Users/fukushimatakumi/develop/sugarbeat/sugarbeat-front/SugarBeat/Services/FirestoreBlockManager.swift /Users/fukushimatakumi/develop/sugarbeat/sugarbeat-front/SugarBeat/Services/FirestoreCacheManager.swift (in target 'SugarBeat' from project 'SugarBeat')

SwiftCompile normal arm64 /Users/fukushimatakumi/develop/sugarbeat/sugarbeat-front/SugarBeat/Views/YouTubePlayerView.swift (in target 'SugarBeat' from project 'SugarBeat')
    cd /Users/fukushimatakumi/develop/sugarbeat/sugarbeat-front
    

SwiftCompile normal arm64 /Users/fukushimatakumi/develop/sugarbeat/sugarbeat-front/SugarBeat/Utils/YouTubeUtils.swift (in target 'SugarBeat' from project 'SugarBeat')
    cd /Users/fukushimatakumi/develop/sugarbeat/sugarbeat-front
    

SwiftCompile normal arm64 /Users/fukushimatakumi/develop/sugarbeat/sugarbeat-front/SugarBeat/Models/CreateCommentRequest.swift (in target 'SugarBeat' from project 'SugarBeat')
    cd /Users/fukushimatakumi/develop/sugarbeat/sugarbeat-front
    

SwiftCompile normal arm64 /Users/fukushimatakumi/develop/sugarbeat/sugarbeat-front/SugarBeat/Utils/FirebaseConfig.swift (in target 'SugarBeat' from project 'SugarBeat')
    cd /Users/fukushimatakumi/develop/sugarbeat/sugarbeat-front
    

SwiftCompile normal arm64 /Users/fukushimatakumi/develop/sugarbeat/sugarbeat-front/SugarBeat/Services/FirebaseStorageManager.swift (in target 'SugarBeat' from project 'SugarBeat')
    cd /Users/fukushimatakumi/develop/sugarbeat/sugarbeat-front
    
/Users/fukushimatakumi/develop/sugarbeat/sugarbeat-front/SugarBeat/Services/FirebaseStorageManager.swift:58:63: warning: conditional cast from 'StorageReference' to 'StorageReference' always succeeds
        guard let storageRef = storage.reference(forURL: url) as? StorageReference else {
                                                              ^
/Users/fukushimatakumi/develop/sugarbeat/sugarbeat-front/SugarBeat/Services/FirebaseStorageManager.swift:93:63: warning: conditional cast from 'StorageReference' to 'StorageReference' always succeeds
        guard let storageRef = storage.reference(forURL: url) as? StorageReference else {
                                                              ^
/Users/fukushimatakumi/develop/sugarbeat/sugarbeat-front/SugarBeat/Services/FirebaseStorageManager.swift:149:63: warning: conditional cast from 'StorageReference' to 'StorageReference' always succeeds
        guard let storageRef = storage.reference(forURL: url) as? StorageReference else {
                                                              ^
/Users/fukushimatakumi/develop/sugarbeat/sugarbeat-front/SugarBeat/Services/FirebaseStorageManager.swift:163:63: warning: conditional cast from 'StorageReference' to 'StorageReference' always succeeds
        guard let storageRef = storage.reference(forURL: url) as? StorageReference else {
                                                              ^

SwiftCompile normal arm64 /Users/fukushimatakumi/develop/sugarbeat/sugarbeat-front/SugarBeat/Services/FirestoreBlockManager.swift (in target 'SugarBeat' from project 'SugarBeat')
    cd /Users/fukushimatakumi/develop/sugarbeat/sugarbeat-front
    

SwiftCompile normal arm64 /Users/fukushimatakumi/develop/sugarbeat/sugarbeat-front/SugarBeat/Services/FirestoreCacheManager.swift (in target 'SugarBeat' from project 'SugarBeat')
    cd /Users/fukushimatakumi/develop/sugarbeat/sugarbeat-front
    

SwiftCompile normal arm64 Compiling\ FirestoreCommentManager.swift,\ FirestoreFollowManager.swift,\ FirestoreLikeManager.swift,\ FirestoreListenerManager.swift,\ FirestoreNotificationManager.swift,\ FirestorePostManager.swift,\ FirestoreReportManager.swift /Users/fukushimatakumi/develop/sugarbeat/sugarbeat-front/SugarBeat/Services/FirestoreCommentManager.swift /Users/fukushimatakumi/develop/sugarbeat/sugarbeat-front/SugarBeat/Services/FirestoreFollowManager.swift /Users/fukushimatakumi/develop/sugarbeat/sugarbeat-front/SugarBeat/Services/FirestoreLikeManager.swift /Users/fukushimatakumi/develop/sugarbeat/sugarbeat-front/SugarBeat/Services/FirestoreListenerManager.swift /Users/fukushimatakumi/develop/sugarbeat/sugarbeat-front/SugarBeat/Services/FirestoreNotificationManager.swift /Users/fukushimatakumi/develop/sugarbeat/sugarbeat-front/SugarBeat/Services/FirestorePostManager.swift /Users/fukushimatakumi/develop/sugarbeat/sugarbeat-front/SugarBeat/Services/FirestoreReportManager.swift (in target 'SugarBeat' from project 'SugarBeat')

SwiftCompile normal arm64 /Users/fukushimatakumi/develop/sugarbeat/sugarbeat-front/SugarBeat/Services/FirestoreCommentManager.swift (in target 'SugarBeat' from project 'SugarBeat')
    cd /Users/fukushimatakumi/develop/sugarbeat/sugarbeat-front
    

SwiftCompile normal arm64 /Users/fukushimatakumi/develop/sugarbeat/sugarbeat-front/SugarBeat/Services/FirestoreFollowManager.swift (in target 'SugarBeat' from project 'SugarBeat')
    cd /Users/fukushimatakumi/develop/sugarbeat/sugarbeat-front
    

SwiftCompile normal arm64 /Users/fukushimatakumi/develop/sugarbeat/sugarbeat-front/SugarBeat/Services/FirestoreLikeManager.swift (in target 'SugarBeat' from project 'SugarBeat')
    cd /Users/fukushimatakumi/develop/sugarbeat/sugarbeat-front
    

SwiftCompile normal arm64 /Users/fukushimatakumi/develop/sugarbeat/sugarbeat-front/SugarBeat/Services/FirestoreListenerManager.swift (in target 'SugarBeat' from project 'SugarBeat')
    cd /Users/fukushimatakumi/develop/sugarbeat/sugarbeat-front
    

SwiftCompile normal arm64 /Users/fukushimatakumi/develop/sugarbeat/sugarbeat-front/SugarBeat/Services/FirestoreNotificationManager.swift (in target 'SugarBeat' from project 'SugarBeat')
    cd /Users/fukushimatakumi/develop/sugarbeat/sugarbeat-front
    

SwiftCompile normal arm64 /Users/fukushimatakumi/develop/sugarbeat/sugarbeat-front/SugarBeat/Services/FirestorePostManager.swift (in target 'SugarBeat' from project 'SugarBeat')
    cd /Users/fukushimatakumi/develop/sugarbeat/sugarbeat-front
    

SwiftCompile normal arm64 /Users/fukushimatakumi/develop/sugarbeat/sugarbeat-front/SugarBeat/Services/FirestoreReportManager.swift (in target 'SugarBeat' from project 'SugarBeat')
    cd /Users/fukushimatakumi/develop/sugarbeat/sugarbeat-front
    

SwiftCompile normal arm64 Compiling\ NotificationsView.swift,\ OnboardingView.swift,\ PlaybackStateManager.swift,\ Post.swift,\ PostGridView.swift,\ ProfileEditView.swift,\ ProfileView.swift /Users/fukushimatakumi/develop/sugarbeat/sugarbeat-front/SugarBeat/Views/NotificationsView.swift /Users/fukushimatakumi/develop/sugarbeat/sugarbeat-front/SugarBeat/Views/OnboardingView.swift /Users/fukushimatakumi/develop/sugarbeat/sugarbeat-front/SugarBeat/Services/PlaybackStateManager.swift /Users/fukushimatakumi/develop/sugarbeat/sugarbeat-front/SugarBeat/Models/Post.swift /Users/fukushimatakumi/develop/sugarbeat/sugarbeat-front/SugarBeat/Views/PostGridView.swift /Users/fukushimatakumi/develop/sugarbeat/sugarbeat-front/SugarBeat/Views/ProfileEditView.swift /Users/fukushimatakumi/develop/sugarbeat/sugarbeat-front/SugarBeat/Views/ProfileView.swift (in target 'SugarBeat' from project 'SugarBeat')

SwiftCompile normal arm64 /Users/fukushimatakumi/develop/sugarbeat/sugarbeat-front/SugarBeat/Views/NotificationsView.swift (in target 'SugarBeat' from project 'SugarBeat')
    cd /Users/fukushimatakumi/develop/sugarbeat/sugarbeat-front
    

SwiftCompile normal arm64 /Users/fukushimatakumi/develop/sugarbeat/sugarbeat-front/SugarBeat/Views/OnboardingView.swift (in target 'SugarBeat' from project 'SugarBeat')
    cd /Users/fukushimatakumi/develop/sugarbeat/sugarbeat-front
    

SwiftCompile normal arm64 /Users/fukushimatakumi/develop/sugarbeat/sugarbeat-front/SugarBeat/Services/PlaybackStateManager.swift (in target 'SugarBeat' from project 'SugarBeat')
    cd /Users/fukushimatakumi/develop/sugarbeat/sugarbeat-front
    

SwiftCompile normal arm64 /Users/fukushimatakumi/develop/sugarbeat/sugarbeat-front/SugarBeat/Models/Post.swift (in target 'SugarBeat' from project 'SugarBeat')
    cd /Users/fukushimatakumi/develop/sugarbeat/sugarbeat-front
    

SwiftCompile normal arm64 /Users/fukushimatakumi/develop/sugarbeat/sugarbeat-front/SugarBeat/Views/PostGridView.swift (in target 'SugarBeat' from project 'SugarBeat')
    cd /Users/fukushimatakumi/develop/sugarbeat/sugarbeat-front
    

SwiftCompile normal arm64 /Users/fukushimatakumi/develop/sugarbeat/sugarbeat-front/SugarBeat/Views/ProfileEditView.swift (in target 'SugarBeat' from project 'SugarBeat')
    cd /Users/fukushimatakumi/develop/sugarbeat/sugarbeat-front
    

SwiftCompile normal arm64 /Users/fukushimatakumi/develop/sugarbeat/sugarbeat-front/SugarBeat/Views/ProfileView.swift (in target 'SugarBeat' from project 'SugarBeat')
    cd /Users/fukushimatakumi/develop/sugarbeat/sugarbeat-front
    

SwiftCompile normal arm64 Compiling\ ReportCommentView.swift,\ ReportPostView.swift,\ RootViewWithAd.swift,\ SearchView.swift,\ SearchViewModel.swift,\ SignUpView.swift /Users/fukushimatakumi/develop/sugarbeat/sugarbeat-front/SugarBeat/Views/ReportCommentView.swift /Users/fukushimatakumi/develop/sugarbeat/sugarbeat-front/SugarBeat/Views/ReportPostView.swift /Users/fukushimatakumi/develop/sugarbeat/sugarbeat-front/SugarBeat/Views/RootViewWithAd.swift /Users/fukushimatakumi/develop/sugarbeat/sugarbeat-front/SugarBeat/Views/SearchView.swift /Users/fukushimatakumi/develop/sugarbeat/sugarbeat-front/SugarBeat/ViewModels/SearchViewModel.swift /Users/fukushimatakumi/develop/sugarbeat/sugarbeat-front/SugarBeat/Views/SignUpView.swift (in target 'SugarBeat' from project 'SugarBeat')

SwiftCompile normal arm64 /Users/fukushimatakumi/develop/sugarbeat/sugarbeat-front/SugarBeat/Views/ReportCommentView.swift (in target 'SugarBeat' from project 'SugarBeat')
    cd /Users/fukushimatakumi/develop/sugarbeat/sugarbeat-front
    

SwiftCompile normal arm64 /Users/fukushimatakumi/develop/sugarbeat/sugarbeat-front/SugarBeat/Views/ReportPostView.swift (in target 'SugarBeat' from project 'SugarBeat')
    cd /Users/fukushimatakumi/develop/sugarbeat/sugarbeat-front
    

SwiftCompile normal arm64 /Users/fukushimatakumi/develop/sugarbeat/sugarbeat-front/SugarBeat/Views/RootViewWithAd.swift (in target 'SugarBeat' from project 'SugarBeat')
    cd /Users/fukushimatakumi/develop/sugarbeat/sugarbeat-front
    

SwiftCompile normal arm64 /Users/fukushimatakumi/develop/sugarbeat/sugarbeat-front/SugarBeat/Views/SearchView.swift (in target 'SugarBeat' from project 'SugarBeat')
    cd /Users/fukushimatakumi/develop/sugarbeat/sugarbeat-front
    

SwiftCompile normal arm64 /Users/fukushimatakumi/develop/sugarbeat/sugarbeat-front/SugarBeat/ViewModels/SearchViewModel.swift (in target 'SugarBeat' from project 'SugarBeat')
    cd /Users/fukushimatakumi/develop/sugarbeat/sugarbeat-front
    

SwiftCompile normal arm64 /Users/fukushimatakumi/develop/sugarbeat/sugarbeat-front/SugarBeat/Views/SignUpView.swift (in target 'SugarBeat' from project 'SugarBeat')
    cd /Users/fukushimatakumi/develop/sugarbeat/sugarbeat-front
    

CompileC /Users/fukushimatakumi/Library/Developer/Xcode/DerivedData/SugarBeat-hgoxfxbbugxkfsbmqcjlbmjeaqyg/Build/Intermediates.noindex/GoogleSignIn.build/Debug-iphonesimulator/GoogleSignIn.build/Objects-normal/arm64/resource_bundle_accessor.o /Users/fukushimatakumi/Library/Developer/Xcode/DerivedData/SugarBeat-hgoxfxbbugxkfsbmqcjlbmjeaqyg/Build/Intermediates.noindex/GoogleSignIn.build/Debug-iphonesimulator/GoogleSignIn.build/DerivedSources/resource_bundle_accessor.m normal arm64 objective-c com.apple.compilers.llvm.clang.1_0.compiler (in target 'GoogleSignIn' from project 'GoogleSignIn')
    cd /Users/fukushimatakumi/develop/sugarbeat/sugarbeat-front
    
    Using response file: /Users/fukushimatakumi/Library/Developer/Xcode/DerivedData/SugarBeat-hgoxfxbbugxkfsbmqcjlbmjeaqyg/Build/Intermediates.noindex/GoogleSignIn.build/Debug-iphonesimulator/GoogleSignIn.build/Objects-normal/arm64/e6072d4f65d7061329687fe24e3d63a7-common-args.resp
    
    /Applications/Xcode.app/Contents/Developer/Toolchains/XcodeDefault.xctoolchain/usr/bin/clang -x objective-c -ivfsstatcache /Users/fukushimatakumi/Library/Developer/Xcode/DerivedData/SDKStatCaches.noindex/iphonesimulator18.4-22E235-71825a6d136aa4733edcbe86ece5525b.sdkstatcache -fmessage-length\=0 -fdiagnostics-show-note-include-stack -fmacro-backtrace-limit\=0 -fno-color-diagnostics -fmodules-prune-interval\=86400 -fmodules-prune-after\=345600 -fbuild-session-file\=/Users/fukushimatakumi/Library/Developer/Xcode/DerivedData/ModuleCache.noindex/Session.modulevalidation -fmodules-validate-once-per-build-session -Wnon-modular-include-in-framework-module -Werror\=non-modular-include-in-framework-module -Wno-trigraphs -Wno-missing-field-initializers -Wno-missing-prototypes -Wno-return-type -Wno-implicit-atomic-properties -Wno-objc-interface-ivars -Wno-arc-repeated-use-of-weak -Wno-missing-braces -Wparentheses -Wswitch -Wno-unused-function -Wno-unused-label -Wno-unused-parameter -Wno-unused-variable -Wunused-value -Wno-empty-body -Wno-uninitialized -Wno-unknown-pragmas -w -Wno-shadow -Wno-four-char-constants -Wno-conversion -Wno-constant-conversion -Wno-int-conversion -Wno-bool-conversion -Wno-enum-conversion -Wno-float-conversion -Wno-non-literal-null-conversion -Wno-objc-literal-conversion -Wshorten-64-to-32 -Wpointer-sign -Wno-newline-eof -Wno-selector -Wno-strict-selector-match -Wno-undeclared-selector -Wno-deprecated-implementations -Wno-implicit-fallthrough -fstrict-aliasing -Wprotocol -Wdeprecated-declarations -Wno-sign-conversion -Wno-infinite-recursion -Wno-comma -Wno-block-capture-autoreleasing -Wno-strict-prototypes -Wno-semicolon-before-method-body -index-store-path /Users/fukushimatakumi/Library/Developer/Xcode/DerivedData/SugarBeat-hgoxfxbbugxkfsbmqcjlbmjeaqyg/Index.noindex/DataStore @/Users/fukushimatakumi/Library/Developer/Xcode/DerivedData/SugarBeat-hgoxfxbbugxkfsbmqcjlbmjeaqyg/Build/Intermediates.noindex/GoogleSignIn.build/Debug-iphonesimulator/GoogleSignIn.build/Objects-normal/arm64/e6072d4f65d7061329687fe24e3d63a7-common-args.resp -include /Users/fukushimatakumi/Library/Developer/Xcode/DerivedData/SugarBeat-hgoxfxbbugxkfsbmqcjlbmjeaqyg/Build/Intermediates.noindex/GoogleSignIn.build/Debug-iphonesimulator/GoogleSignIn.build/DerivedSources/resource_bundle_accessor.h -MMD -MT dependencies -MF /Users/fukushimatakumi/Library/Developer/Xcode/DerivedData/SugarBeat-hgoxfxbbugxkfsbmqcjlbmjeaqyg/Build/Intermediates.noindex/GoogleSignIn.build/Debug-iphonesimulator/GoogleSignIn.build/Objects-normal/arm64/resource_bundle_accessor.d --serialize-diagnostics /Users/fukushimatakumi/Library/Developer/Xcode/DerivedData/SugarBeat-hgoxfxbbugxkfsbmqcjlbmjeaqyg/Build/Intermediates.noindex/GoogleSignIn.build/Debug-iphonesimulator/GoogleSignIn.build/Objects-normal/arm64/resource_bundle_accessor.dia -c /Users/fukushimatakumi/Library/Developer/Xcode/DerivedData/SugarBeat-hgoxfxbbugxkfsbmqcjlbmjeaqyg/Build/Intermediates.noindex/GoogleSignIn.build/Debug-iphonesimulator/GoogleSignIn.build/DerivedSources/resource_bundle_accessor.m -o /Users/fukushimatakumi/Library/Developer/Xcode/DerivedData/SugarBeat-hgoxfxbbugxkfsbmqcjlbmjeaqyg/Build/Intermediates.noindex/GoogleSignIn.build/Debug-iphonesimulator/GoogleSignIn.build/Objects-normal/arm64/resource_bundle_accessor.o -index-unit-output-path /GoogleSignIn.build/Debug-iphonesimulator/GoogleSignIn.build/Objects-normal/arm64/resource_bundle_accessor.o

SwiftDriverJobDiscovery normal arm64 Compiling YouTubePlayerView.swift, YouTubeUtils.swift, CreateCommentRequest.swift, FirebaseConfig.swift, FirebaseStorageManager.swift, FirestoreBlockManager.swift, FirestoreCacheManager.swift (in target 'SugarBeat' from project 'SugarBeat')

CompileC /Users/fukushimatakumi/Library/Developer/Xcode/DerivedData/SugarBeat-hgoxfxbbugxkfsbmqcjlbmjeaqyg/Build/Intermediates.noindex/GoogleSignIn.build/Debug-iphonesimulator/GoogleSignIn.build/Objects-normal/arm64/GIDToken.o /Users/fukushimatakumi/Library/Developer/Xcode/DerivedData/SugarBeat-hgoxfxbbugxkfsbmqcjlbmjeaqyg/SourcePackages/checkouts/GoogleSignIn-iOS/GoogleSignIn/Sources/GIDToken.m normal arm64 objective-c com.apple.compilers.llvm.clang.1_0.compiler (in target 'GoogleSignIn' from project 'GoogleSignIn')
    cd /Users/fukushimatakumi/develop/sugarbeat/sugarbeat-front
    
    Using response file: /Users/fukushimatakumi/Library/Developer/Xcode/DerivedData/SugarBeat-hgoxfxbbugxkfsbmqcjlbmjeaqyg/Build/Intermediates.noindex/GoogleSignIn.build/Debug-iphonesimulator/GoogleSignIn.build/Objects-normal/arm64/e6072d4f65d7061329687fe24e3d63a7-common-args.resp
    
    /Applications/Xcode.app/Contents/Developer/Toolchains/XcodeDefault.xctoolchain/usr/bin/clang -x objective-c -ivfsstatcache /Users/fukushimatakumi/Library/Developer/Xcode/DerivedData/SDKStatCaches.noindex/iphonesimulator18.4-22E235-71825a6d136aa4733edcbe86ece5525b.sdkstatcache -fmessage-length\=0 -fdiagnostics-show-note-include-stack -fmacro-backtrace-limit\=0 -fno-color-diagnostics -fmodules-prune-interval\=86400 -fmodules-prune-after\=345600 -fbuild-session-file\=/Users/fukushimatakumi/Library/Developer/Xcode/DerivedData/ModuleCache.noindex/Session.modulevalidation -fmodules-validate-once-per-build-session -Wnon-modular-include-in-framework-module -Werror\=non-modular-include-in-framework-module -Wno-trigraphs -Wno-missing-field-initializers -Wno-missing-prototypes -Wno-return-type -Wno-implicit-atomic-properties -Wno-objc-interface-ivars -Wno-arc-repeated-use-of-weak -Wno-missing-braces -Wparentheses -Wswitch -Wno-unused-function -Wno-unused-label -Wno-unused-parameter -Wno-unused-variable -Wunused-value -Wno-empty-body -Wno-uninitialized -Wno-unknown-pragmas -w -Wno-shadow -Wno-four-char-constants -Wno-conversion -Wno-constant-conversion -Wno-int-conversion -Wno-bool-conversion -Wno-enum-conversion -Wno-float-conversion -Wno-non-literal-null-conversion -Wno-objc-literal-conversion -Wshorten-64-to-32 -Wpointer-sign -Wno-newline-eof -Wno-selector -Wno-strict-selector-match -Wno-undeclared-selector -Wno-deprecated-implementations -Wno-implicit-fallthrough -fstrict-aliasing -Wprotocol -Wdeprecated-declarations -Wno-sign-conversion -Wno-infinite-recursion -Wno-comma -Wno-block-capture-autoreleasing -Wno-strict-prototypes -Wno-semicolon-before-method-body -index-store-path /Users/fukushimatakumi/Library/Developer/Xcode/DerivedData/SugarBeat-hgoxfxbbugxkfsbmqcjlbmjeaqyg/Index.noindex/DataStore @/Users/fukushimatakumi/Library/Developer/Xcode/DerivedData/SugarBeat-hgoxfxbbugxkfsbmqcjlbmjeaqyg/Build/Intermediates.noindex/GoogleSignIn.build/Debug-iphonesimulator/GoogleSignIn.build/Objects-normal/arm64/e6072d4f65d7061329687fe24e3d63a7-common-args.resp -include /Users/fukushimatakumi/Library/Developer/Xcode/DerivedData/SugarBeat-hgoxfxbbugxkfsbmqcjlbmjeaqyg/Build/Intermediates.noindex/GoogleSignIn.build/Debug-iphonesimulator/GoogleSignIn.build/DerivedSources/resource_bundle_accessor.h -MMD -MT dependencies -MF /Users/fukushimatakumi/Library/Developer/Xcode/DerivedData/SugarBeat-hgoxfxbbugxkfsbmqcjlbmjeaqyg/Build/Intermediates.noindex/GoogleSignIn.build/Debug-iphonesimulator/GoogleSignIn.build/Objects-normal/arm64/GIDToken.d --serialize-diagnostics /Users/fukushimatakumi/Library/Developer/Xcode/DerivedData/SugarBeat-hgoxfxbbugxkfsbmqcjlbmjeaqyg/Build/Intermediates.noindex/GoogleSignIn.build/Debug-iphonesimulator/GoogleSignIn.build/Objects-normal/arm64/GIDToken.dia -c /Users/fukushimatakumi/Library/Developer/Xcode/DerivedData/SugarBeat-hgoxfxbbugxkfsbmqcjlbmjeaqyg/SourcePackages/checkouts/GoogleSignIn-iOS/GoogleSignIn/Sources/GIDToken.m -o /Users/fukushimatakumi/Library/Developer/Xcode/DerivedData/SugarBeat-hgoxfxbbugxkfsbmqcjlbmjeaqyg/Build/Intermediates.noindex/GoogleSignIn.build/Debug-iphonesimulator/GoogleSignIn.build/Objects-normal/arm64/GIDToken.o -index-unit-output-path /GoogleSignIn.build/Debug-iphonesimulator/GoogleSignIn.build/Objects-normal/arm64/GIDToken.o

CompileC /Users/fukushimatakumi/Library/Developer/Xcode/DerivedData/SugarBeat-hgoxfxbbugxkfsbmqcjlbmjeaqyg/Build/Intermediates.noindex/GoogleSignIn.build/Debug-iphonesimulator/GoogleSignIn.build/Objects-normal/arm64/GIDSignInStrings.o /Users/fukushimatakumi/Library/Developer/Xcode/DerivedData/SugarBeat-hgoxfxbbugxkfsbmqcjlbmjeaqyg/SourcePackages/checkouts/GoogleSignIn-iOS/GoogleSignIn/Sources/GIDSignInStrings.m normal arm64 objective-c com.apple.compilers.llvm.clang.1_0.compiler (in target 'GoogleSignIn' from project 'GoogleSignIn')
    cd /Users/fukushimatakumi/develop/sugarbeat/sugarbeat-front
    
    Using response file: /Users/fukushimatakumi/Library/Developer/Xcode/DerivedData/SugarBeat-hgoxfxbbugxkfsbmqcjlbmjeaqyg/Build/Intermediates.noindex/GoogleSignIn.build/Debug-iphonesimulator/GoogleSignIn.build/Objects-normal/arm64/e6072d4f65d7061329687fe24e3d63a7-common-args.resp
    
    /Applications/Xcode.app/Contents/Developer/Toolchains/XcodeDefault.xctoolchain/usr/bin/clang -x objective-c -ivfsstatcache /Users/fukushimatakumi/Library/Developer/Xcode/DerivedData/SDKStatCaches.noindex/iphonesimulator18.4-22E235-71825a6d136aa4733edcbe86ece5525b.sdkstatcache -fmessage-length\=0 -fdiagnostics-show-note-include-stack -fmacro-backtrace-limit\=0 -fno-color-diagnostics -fmodules-prune-interval\=86400 -fmodules-prune-after\=345600 -fbuild-session-file\=/Users/fukushimatakumi/Library/Developer/Xcode/DerivedData/ModuleCache.noindex/Session.modulevalidation -fmodules-validate-once-per-build-session -Wnon-modular-include-in-framework-module -Werror\=non-modular-include-in-framework-module -Wno-trigraphs -Wno-missing-field-initializers -Wno-missing-prototypes -Wno-return-type -Wno-implicit-atomic-properties -Wno-objc-interface-ivars -Wno-arc-repeated-use-of-weak -Wno-missing-braces -Wparentheses -Wswitch -Wno-unused-function -Wno-unused-label -Wno-unused-parameter -Wno-unused-variable -Wunused-value -Wno-empty-body -Wno-uninitialized -Wno-unknown-pragmas -w -Wno-shadow -Wno-four-char-constants -Wno-conversion -Wno-constant-conversion -Wno-int-conversion -Wno-bool-conversion -Wno-enum-conversion -Wno-float-conversion -Wno-non-literal-null-conversion -Wno-objc-literal-conversion -Wshorten-64-to-32 -Wpointer-sign -Wno-newline-eof -Wno-selector -Wno-strict-selector-match -Wno-undeclared-selector -Wno-deprecated-implementations -Wno-implicit-fallthrough -fstrict-aliasing -Wprotocol -Wdeprecated-declarations -Wno-sign-conversion -Wno-infinite-recursion -Wno-comma -Wno-block-capture-autoreleasing -Wno-strict-prototypes -Wno-semicolon-before-method-body -index-store-path /Users/fukushimatakumi/Library/Developer/Xcode/DerivedData/SugarBeat-hgoxfxbbugxkfsbmqcjlbmjeaqyg/Index.noindex/DataStore @/Users/fukushimatakumi/Library/Developer/Xcode/DerivedData/SugarBeat-hgoxfxbbugxkfsbmqcjlbmjeaqyg/Build/Intermediates.noindex/GoogleSignIn.build/Debug-iphonesimulator/GoogleSignIn.build/Objects-normal/arm64/e6072d4f65d7061329687fe24e3d63a7-common-args.resp -include /Users/fukushimatakumi/Library/Developer/Xcode/DerivedData/SugarBeat-hgoxfxbbugxkfsbmqcjlbmjeaqyg/Build/Intermediates.noindex/GoogleSignIn.build/Debug-iphonesimulator/GoogleSignIn.build/DerivedSources/resource_bundle_accessor.h -MMD -MT dependencies -MF /Users/fukushimatakumi/Library/Developer/Xcode/DerivedData/SugarBeat-hgoxfxbbugxkfsbmqcjlbmjeaqyg/Build/Intermediates.noindex/GoogleSignIn.build/Debug-iphonesimulator/GoogleSignIn.build/Objects-normal/arm64/GIDSignInStrings.d --serialize-diagnostics /Users/fukushimatakumi/Library/Developer/Xcode/DerivedData/SugarBeat-hgoxfxbbugxkfsbmqcjlbmjeaqyg/Build/Intermediates.noindex/GoogleSignIn.build/Debug-iphonesimulator/GoogleSignIn.build/Objects-normal/arm64/GIDSignInStrings.dia -c /Users/fukushimatakumi/Library/Developer/Xcode/DerivedData/SugarBeat-hgoxfxbbugxkfsbmqcjlbmjeaqyg/SourcePackages/checkouts/GoogleSignIn-iOS/GoogleSignIn/Sources/GIDSignInStrings.m -o /Users/fukushimatakumi/Library/Developer/Xcode/DerivedData/SugarBeat-hgoxfxbbugxkfsbmqcjlbmjeaqyg/Build/Intermediates.noindex/GoogleSignIn.build/Debug-iphonesimulator/GoogleSignIn.build/Objects-normal/arm64/GIDSignInStrings.o -index-unit-output-path /GoogleSignIn.build/Debug-iphonesimulator/GoogleSignIn.build/Objects-normal/arm64/GIDSignInStrings.o

CompileC /Users/fukushimatakumi/Library/Developer/Xcode/DerivedData/SugarBeat-hgoxfxbbugxkfsbmqcjlbmjeaqyg/Build/Intermediates.noindex/GoogleSignIn.build/Debug-iphonesimulator/GoogleSignIn.build/Objects-normal/arm64/GIDSignInPreferences.o /Users/fukushimatakumi/Library/Developer/Xcode/DerivedData/SugarBeat-hgoxfxbbugxkfsbmqcjlbmjeaqyg/SourcePackages/checkouts/GoogleSignIn-iOS/GoogleSignIn/Sources/GIDSignInPreferences.m normal arm64 objective-c com.apple.compilers.llvm.clang.1_0.compiler (in target 'GoogleSignIn' from project 'GoogleSignIn')
    cd /Users/fukushimatakumi/develop/sugarbeat/sugarbeat-front
    
    Using response file: /Users/fukushimatakumi/Library/Developer/Xcode/DerivedData/SugarBeat-hgoxfxbbugxkfsbmqcjlbmjeaqyg/Build/Intermediates.noindex/GoogleSignIn.build/Debug-iphonesimulator/GoogleSignIn.build/Objects-normal/arm64/e6072d4f65d7061329687fe24e3d63a7-common-args.resp
    
    /Applications/Xcode.app/Contents/Developer/Toolchains/XcodeDefault.xctoolchain/usr/bin/clang -x objective-c -ivfsstatcache /Users/fukushimatakumi/Library/Developer/Xcode/DerivedData/SDKStatCaches.noindex/iphonesimulator18.4-22E235-71825a6d136aa4733edcbe86ece5525b.sdkstatcache -fmessage-length\=0 -fdiagnostics-show-note-include-stack -fmacro-backtrace-limit\=0 -fno-color-diagnostics -fmodules-prune-interval\=86400 -fmodules-prune-after\=345600 -fbuild-session-file\=/Users/fukushimatakumi/Library/Developer/Xcode/DerivedData/ModuleCache.noindex/Session.modulevalidation -fmodules-validate-once-per-build-session -Wnon-modular-include-in-framework-module -Werror\=non-modular-include-in-framework-module -Wno-trigraphs -Wno-missing-field-initializers -Wno-missing-prototypes -Wno-return-type -Wno-implicit-atomic-properties -Wno-objc-interface-ivars -Wno-arc-repeated-use-of-weak -Wno-missing-braces -Wparentheses -Wswitch -Wno-unused-function -Wno-unused-label -Wno-unused-parameter -Wno-unused-variable -Wunused-value -Wno-empty-body -Wno-uninitialized -Wno-unknown-pragmas -w -Wno-shadow -Wno-four-char-constants -Wno-conversion -Wno-constant-conversion -Wno-int-conversion -Wno-bool-conversion -Wno-enum-conversion -Wno-float-conversion -Wno-non-literal-null-conversion -Wno-objc-literal-conversion -Wshorten-64-to-32 -Wpointer-sign -Wno-newline-eof -Wno-selector -Wno-strict-selector-match -Wno-undeclared-selector -Wno-deprecated-implementations -Wno-implicit-fallthrough -fstrict-aliasing -Wprotocol -Wdeprecated-declarations -Wno-sign-conversion -Wno-infinite-recursion -Wno-comma -Wno-block-capture-autoreleasing -Wno-strict-prototypes -Wno-semicolon-before-method-body -index-store-path /Users/fukushimatakumi/Library/Developer/Xcode/DerivedData/SugarBeat-hgoxfxbbugxkfsbmqcjlbmjeaqyg/Index.noindex/DataStore @/Users/fukushimatakumi/Library/Developer/Xcode/DerivedData/SugarBeat-hgoxfxbbugxkfsbmqcjlbmjeaqyg/Build/Intermediates.noindex/GoogleSignIn.build/Debug-iphonesimulator/GoogleSignIn.build/Objects-normal/arm64/e6072d4f65d7061329687fe24e3d63a7-common-args.resp -include /Users/fukushimatakumi/Library/Developer/Xcode/DerivedData/SugarBeat-hgoxfxbbugxkfsbmqcjlbmjeaqyg/Build/Intermediates.noindex/GoogleSignIn.build/Debug-iphonesimulator/GoogleSignIn.build/DerivedSources/resource_bundle_accessor.h -MMD -MT dependencies -MF /Users/fukushimatakumi/Library/Developer/Xcode/DerivedData/SugarBeat-hgoxfxbbugxkfsbmqcjlbmjeaqyg/Build/Intermediates.noindex/GoogleSignIn.build/Debug-iphonesimulator/GoogleSignIn.build/Objects-normal/arm64/GIDSignInPreferences.d --serialize-diagnostics /Users/fukushimatakumi/Library/Developer/Xcode/DerivedData/SugarBeat-hgoxfxbbugxkfsbmqcjlbmjeaqyg/Build/Intermediates.noindex/GoogleSignIn.build/Debug-iphonesimulator/GoogleSignIn.build/Objects-normal/arm64/GIDSignInPreferences.dia -c /Users/fukushimatakumi/Library/Developer/Xcode/DerivedData/SugarBeat-hgoxfxbbugxkfsbmqcjlbmjeaqyg/SourcePackages/checkouts/GoogleSignIn-iOS/GoogleSignIn/Sources/GIDSignInPreferences.m -o /Users/fukushimatakumi/Library/Developer/Xcode/DerivedData/SugarBeat-hgoxfxbbugxkfsbmqcjlbmjeaqyg/Build/Intermediates.noindex/GoogleSignIn.build/Debug-iphonesimulator/GoogleSignIn.build/Objects-normal/arm64/GIDSignInPreferences.o -index-unit-output-path /GoogleSignIn.build/Debug-iphonesimulator/GoogleSignIn.build/Objects-normal/arm64/GIDSignInPreferences.o

CompileC /Users/fukushimatakumi/Library/Developer/Xcode/DerivedData/SugarBeat-hgoxfxbbugxkfsbmqcjlbmjeaqyg/Build/Intermediates.noindex/GoogleSignIn.build/Debug-iphonesimulator/GoogleSignIn.build/Objects-normal/arm64/GIDSignInCallbackSchemes.o /Users/fukushimatakumi/Library/Developer/Xcode/DerivedData/SugarBeat-hgoxfxbbugxkfsbmqcjlbmjeaqyg/SourcePackages/checkouts/GoogleSignIn-iOS/GoogleSignIn/Sources/GIDSignInCallbackSchemes.m normal arm64 objective-c com.apple.compilers.llvm.clang.1_0.compiler (in target 'GoogleSignIn' from project 'GoogleSignIn')
    cd /Users/fukushimatakumi/develop/sugarbeat/sugarbeat-front
    
    Using response file: /Users/fukushimatakumi/Library/Developer/Xcode/DerivedData/SugarBeat-hgoxfxbbugxkfsbmqcjlbmjeaqyg/Build/Intermediates.noindex/GoogleSignIn.build/Debug-iphonesimulator/GoogleSignIn.build/Objects-normal/arm64/e6072d4f65d7061329687fe24e3d63a7-common-args.resp
    
    /Applications/Xcode.app/Contents/Developer/Toolchains/XcodeDefault.xctoolchain/usr/bin/clang -x objective-c -ivfsstatcache /Users/fukushimatakumi/Library/Developer/Xcode/DerivedData/SDKStatCaches.noindex/iphonesimulator18.4-22E235-71825a6d136aa4733edcbe86ece5525b.sdkstatcache -fmessage-length\=0 -fdiagnostics-show-note-include-stack -fmacro-backtrace-limit\=0 -fno-color-diagnostics -fmodules-prune-interval\=86400 -fmodules-prune-after\=345600 -fbuild-session-file\=/Users/fukushimatakumi/Library/Developer/Xcode/DerivedData/ModuleCache.noindex/Session.modulevalidation -fmodules-validate-once-per-build-session -Wnon-modular-include-in-framework-module -Werror\=non-modular-include-in-framework-module -Wno-trigraphs -Wno-missing-field-initializers -Wno-missing-prototypes -Wno-return-type -Wno-implicit-atomic-properties -Wno-objc-interface-ivars -Wno-arc-repeated-use-of-weak -Wno-missing-braces -Wparentheses -Wswitch -Wno-unused-function -Wno-unused-label -Wno-unused-parameter -Wno-unused-variable -Wunused-value -Wno-empty-body -Wno-uninitialized -Wno-unknown-pragmas -w -Wno-shadow -Wno-four-char-constants -Wno-conversion -Wno-constant-conversion -Wno-int-conversion -Wno-bool-conversion -Wno-enum-conversion -Wno-float-conversion -Wno-non-literal-null-conversion -Wno-objc-literal-conversion -Wshorten-64-to-32 -Wpointer-sign -Wno-newline-eof -Wno-selector -Wno-strict-selector-match -Wno-undeclared-selector -Wno-deprecated-implementations -Wno-implicit-fallthrough -fstrict-aliasing -Wprotocol -Wdeprecated-declarations -Wno-sign-conversion -Wno-infinite-recursion -Wno-comma -Wno-block-capture-autoreleasing -Wno-strict-prototypes -Wno-semicolon-before-method-body -index-store-path /Users/fukushimatakumi/Library/Developer/Xcode/DerivedData/SugarBeat-hgoxfxbbugxkfsbmqcjlbmjeaqyg/Index.noindex/DataStore @/Users/fukushimatakumi/Library/Developer/Xcode/DerivedData/SugarBeat-hgoxfxbbugxkfsbmqcjlbmjeaqyg/Build/Intermediates.noindex/GoogleSignIn.build/Debug-iphonesimulator/GoogleSignIn.build/Objects-normal/arm64/e6072d4f65d7061329687fe24e3d63a7-common-args.resp -include /Users/fukushimatakumi/Library/Developer/Xcode/DerivedData/SugarBeat-hgoxfxbbugxkfsbmqcjlbmjeaqyg/Build/Intermediates.noindex/GoogleSignIn.build/Debug-iphonesimulator/GoogleSignIn.build/DerivedSources/resource_bundle_accessor.h -MMD -MT dependencies -MF /Users/fukushimatakumi/Library/Developer/Xcode/DerivedData/SugarBeat-hgoxfxbbugxkfsbmqcjlbmjeaqyg/Build/Intermediates.noindex/GoogleSignIn.build/Debug-iphonesimulator/GoogleSignIn.build/Objects-normal/arm64/GIDSignInCallbackSchemes.d --serialize-diagnostics /Users/fukushimatakumi/Library/Developer/Xcode/DerivedData/SugarBeat-hgoxfxbbugxkfsbmqcjlbmjeaqyg/Build/Intermediates.noindex/GoogleSignIn.build/Debug-iphonesimulator/GoogleSignIn.build/Objects-normal/arm64/GIDSignInCallbackSchemes.dia -c /Users/fukushimatakumi/Library/Developer/Xcode/DerivedData/SugarBeat-hgoxfxbbugxkfsbmqcjlbmjeaqyg/SourcePackages/checkouts/GoogleSignIn-iOS/GoogleSignIn/Sources/GIDSignInCallbackSchemes.m -o /Users/fukushimatakumi/Library/Developer/Xcode/DerivedData/SugarBeat-hgoxfxbbugxkfsbmqcjlbmjeaqyg/Build/Intermediates.noindex/GoogleSignIn.build/Debug-iphonesimulator/GoogleSignIn.build/Objects-normal/arm64/GIDSignInCallbackSchemes.o -index-unit-output-path /GoogleSignIn.build/Debug-iphonesimulator/GoogleSignIn.build/Objects-normal/arm64/GIDSignInCallbackSchemes.o

CompileC /Users/fukushimatakumi/Library/Developer/Xcode/DerivedData/SugarBeat-hgoxfxbbugxkfsbmqcjlbmjeaqyg/Build/Intermediates.noindex/GoogleSignIn.build/Debug-iphonesimulator/GoogleSignIn.build/Objects-normal/arm64/GIDScopes.o /Users/fukushimatakumi/Library/Developer/Xcode/DerivedData/SugarBeat-hgoxfxbbugxkfsbmqcjlbmjeaqyg/SourcePackages/checkouts/GoogleSignIn-iOS/GoogleSignIn/Sources/GIDScopes.m normal arm64 objective-c com.apple.compilers.llvm.clang.1_0.compiler (in target 'GoogleSignIn' from project 'GoogleSignIn')
    cd /Users/fukushimatakumi/develop/sugarbeat/sugarbeat-front
    
    Using response file: /Users/fukushimatakumi/Library/Developer/Xcode/DerivedData/SugarBeat-hgoxfxbbugxkfsbmqcjlbmjeaqyg/Build/Intermediates.noindex/GoogleSignIn.build/Debug-iphonesimulator/GoogleSignIn.build/Objects-normal/arm64/e6072d4f65d7061329687fe24e3d63a7-common-args.resp
    
    /Applications/Xcode.app/Contents/Developer/Toolchains/XcodeDefault.xctoolchain/usr/bin/clang -x objective-c -ivfsstatcache /Users/fukushimatakumi/Library/Developer/Xcode/DerivedData/SDKStatCaches.noindex/iphonesimulator18.4-22E235-71825a6d136aa4733edcbe86ece5525b.sdkstatcache -fmessage-length\=0 -fdiagnostics-show-note-include-stack -fmacro-backtrace-limit\=0 -fno-color-diagnostics -fmodules-prune-interval\=86400 -fmodules-prune-after\=345600 -fbuild-session-file\=/Users/fukushimatakumi/Library/Developer/Xcode/DerivedData/ModuleCache.noindex/Session.modulevalidation -fmodules-validate-once-per-build-session -Wnon-modular-include-in-framework-module -Werror\=non-modular-include-in-framework-module -Wno-trigraphs -Wno-missing-field-initializers -Wno-missing-prototypes -Wno-return-type -Wno-implicit-atomic-properties -Wno-objc-interface-ivars -Wno-arc-repeated-use-of-weak -Wno-missing-braces -Wparentheses -Wswitch -Wno-unused-function -Wno-unused-label -Wno-unused-parameter -Wno-unused-variable -Wunused-value -Wno-empty-body -Wno-uninitialized -Wno-unknown-pragmas -w -Wno-shadow -Wno-four-char-constants -Wno-conversion -Wno-constant-conversion -Wno-int-conversion -Wno-bool-conversion -Wno-enum-conversion -Wno-float-conversion -Wno-non-literal-null-conversion -Wno-objc-literal-conversion -Wshorten-64-to-32 -Wpointer-sign -Wno-newline-eof -Wno-selector -Wno-strict-selector-match -Wno-undeclared-selector -Wno-deprecated-implementations -Wno-implicit-fallthrough -fstrict-aliasing -Wprotocol -Wdeprecated-declarations -Wno-sign-conversion -Wno-infinite-recursion -Wno-comma -Wno-block-capture-autoreleasing -Wno-strict-prototypes -Wno-semicolon-before-method-body -index-store-path /Users/fukushimatakumi/Library/Developer/Xcode/DerivedData/SugarBeat-hgoxfxbbugxkfsbmqcjlbmjeaqyg/Index.noindex/DataStore @/Users/fukushimatakumi/Library/Developer/Xcode/DerivedData/SugarBeat-hgoxfxbbugxkfsbmqcjlbmjeaqyg/Build/Intermediates.noindex/GoogleSignIn.build/Debug-iphonesimulator/GoogleSignIn.build/Objects-normal/arm64/e6072d4f65d7061329687fe24e3d63a7-common-args.resp -include /Users/fukushimatakumi/Library/Developer/Xcode/DerivedData/SugarBeat-hgoxfxbbugxkfsbmqcjlbmjeaqyg/Build/Intermediates.noindex/GoogleSignIn.build/Debug-iphonesimulator/GoogleSignIn.build/DerivedSources/resource_bundle_accessor.h -MMD -MT dependencies -MF /Users/fukushimatakumi/Library/Developer/Xcode/DerivedData/SugarBeat-hgoxfxbbugxkfsbmqcjlbmjeaqyg/Build/Intermediates.noindex/GoogleSignIn.build/Debug-iphonesimulator/GoogleSignIn.build/Objects-normal/arm64/GIDScopes.d --serialize-diagnostics /Users/fukushimatakumi/Library/Developer/Xcode/DerivedData/SugarBeat-hgoxfxbbugxkfsbmqcjlbmjeaqyg/Build/Intermediates.noindex/GoogleSignIn.build/Debug-iphonesimulator/GoogleSignIn.build/Objects-normal/arm64/GIDScopes.dia -c /Users/fukushimatakumi/Library/Developer/Xcode/DerivedData/SugarBeat-hgoxfxbbugxkfsbmqcjlbmjeaqyg/SourcePackages/checkouts/GoogleSignIn-iOS/GoogleSignIn/Sources/GIDScopes.m -o /Users/fukushimatakumi/Library/Developer/Xcode/DerivedData/SugarBeat-hgoxfxbbugxkfsbmqcjlbmjeaqyg/Build/Intermediates.noindex/GoogleSignIn.build/Debug-iphonesimulator/GoogleSignIn.build/Objects-normal/arm64/GIDScopes.o -index-unit-output-path /GoogleSignIn.build/Debug-iphonesimulator/GoogleSignIn.build/Objects-normal/arm64/GIDScopes.o

CompileC /Users/fukushimatakumi/Library/Developer/Xcode/DerivedData/SugarBeat-hgoxfxbbugxkfsbmqcjlbmjeaqyg/Build/Intermediates.noindex/GoogleSignIn.build/Debug-iphonesimulator/GoogleSignIn.build/Objects-normal/arm64/GIDProfileData.o /Users/fukushimatakumi/Library/Developer/Xcode/DerivedData/SugarBeat-hgoxfxbbugxkfsbmqcjlbmjeaqyg/SourcePackages/checkouts/GoogleSignIn-iOS/GoogleSignIn/Sources/GIDProfileData.m normal arm64 objective-c com.apple.compilers.llvm.clang.1_0.compiler (in target 'GoogleSignIn' from project 'GoogleSignIn')
    cd /Users/fukushimatakumi/develop/sugarbeat/sugarbeat-front
    
    Using response file: /Users/fukushimatakumi/Library/Developer/Xcode/DerivedData/SugarBeat-hgoxfxbbugxkfsbmqcjlbmjeaqyg/Build/Intermediates.noindex/GoogleSignIn.build/Debug-iphonesimulator/GoogleSignIn.build/Objects-normal/arm64/e6072d4f65d7061329687fe24e3d63a7-common-args.resp
    
    /Applications/Xcode.app/Contents/Developer/Toolchains/XcodeDefault.xctoolchain/usr/bin/clang -x objective-c -ivfsstatcache /Users/fukushimatakumi/Library/Developer/Xcode/DerivedData/SDKStatCaches.noindex/iphonesimulator18.4-22E235-71825a6d136aa4733edcbe86ece5525b.sdkstatcache -fmessage-length\=0 -fdiagnostics-show-note-include-stack -fmacro-backtrace-limit\=0 -fno-color-diagnostics -fmodules-prune-interval\=86400 -fmodules-prune-after\=345600 -fbuild-session-file\=/Users/fukushimatakumi/Library/Developer/Xcode/DerivedData/ModuleCache.noindex/Session.modulevalidation -fmodules-validate-once-per-build-session -Wnon-modular-include-in-framework-module -Werror\=non-modular-include-in-framework-module -Wno-trigraphs -Wno-missing-field-initializers -Wno-missing-prototypes -Wno-return-type -Wno-implicit-atomic-properties -Wno-objc-interface-ivars -Wno-arc-repeated-use-of-weak -Wno-missing-braces -Wparentheses -Wswitch -Wno-unused-function -Wno-unused-label -Wno-unused-parameter -Wno-unused-variable -Wunused-value -Wno-empty-body -Wno-uninitialized -Wno-unknown-pragmas -w -Wno-shadow -Wno-four-char-constants -Wno-conversion -Wno-constant-conversion -Wno-int-conversion -Wno-bool-conversion -Wno-enum-conversion -Wno-float-conversion -Wno-non-literal-null-conversion -Wno-objc-literal-conversion -Wshorten-64-to-32 -Wpointer-sign -Wno-newline-eof -Wno-selector -Wno-strict-selector-match -Wno-undeclared-selector -Wno-deprecated-implementations -Wno-implicit-fallthrough -fstrict-aliasing -Wprotocol -Wdeprecated-declarations -Wno-sign-conversion -Wno-infinite-recursion -Wno-comma -Wno-block-capture-autoreleasing -Wno-strict-prototypes -Wno-semicolon-before-method-body -index-store-path /Users/fukushimatakumi/Library/Developer/Xcode/DerivedData/SugarBeat-hgoxfxbbugxkfsbmqcjlbmjeaqyg/Index.noindex/DataStore @/Users/fukushimatakumi/Library/Developer/Xcode/DerivedData/SugarBeat-hgoxfxbbugxkfsbmqcjlbmjeaqyg/Build/Intermediates.noindex/GoogleSignIn.build/Debug-iphonesimulator/GoogleSignIn.build/Objects-normal/arm64/e6072d4f65d7061329687fe24e3d63a7-common-args.resp -include /Users/fukushimatakumi/Library/Developer/Xcode/DerivedData/SugarBeat-hgoxfxbbugxkfsbmqcjlbmjeaqyg/Build/Intermediates.noindex/GoogleSignIn.build/Debug-iphonesimulator/GoogleSignIn.build/DerivedSources/resource_bundle_accessor.h -MMD -MT dependencies -MF /Users/fukushimatakumi/Library/Developer/Xcode/DerivedData/SugarBeat-hgoxfxbbugxkfsbmqcjlbmjeaqyg/Build/Intermediates.noindex/GoogleSignIn.build/Debug-iphonesimulator/GoogleSignIn.build/Objects-normal/arm64/GIDProfileData.d --serialize-diagnostics /Users/fukushimatakumi/Library/Developer/Xcode/DerivedData/SugarBeat-hgoxfxbbugxkfsbmqcjlbmjeaqyg/Build/Intermediates.noindex/GoogleSignIn.build/Debug-iphonesimulator/GoogleSignIn.build/Objects-normal/arm64/GIDProfileData.dia -c /Users/fukushimatakumi/Library/Developer/Xcode/DerivedData/SugarBeat-hgoxfxbbugxkfsbmqcjlbmjeaqyg/SourcePackages/checkouts/GoogleSignIn-iOS/GoogleSignIn/Sources/GIDProfileData.m -o /Users/fukushimatakumi/Library/Developer/Xcode/DerivedData/SugarBeat-hgoxfxbbugxkfsbmqcjlbmjeaqyg/Build/Intermediates.noindex/GoogleSignIn.build/Debug-iphonesimulator/GoogleSignIn.build/Objects-normal/arm64/GIDProfileData.o -index-unit-output-path /GoogleSignIn.build/Debug-iphonesimulator/GoogleSignIn.build/Objects-normal/arm64/GIDProfileData.o

CompileC /Users/fukushimatakumi/Library/Developer/Xcode/DerivedData/SugarBeat-hgoxfxbbugxkfsbmqcjlbmjeaqyg/Build/Intermediates.noindex/GoogleSignIn.build/Debug-iphonesimulator/GoogleSignIn.build/Objects-normal/arm64/GIDMDMPasscodeState.o /Users/fukushimatakumi/Library/Developer/Xcode/DerivedData/SugarBeat-hgoxfxbbugxkfsbmqcjlbmjeaqyg/SourcePackages/checkouts/GoogleSignIn-iOS/GoogleSignIn/Sources/GIDMDMPasscodeState.m normal arm64 objective-c com.apple.compilers.llvm.clang.1_0.compiler (in target 'GoogleSignIn' from project 'GoogleSignIn')
    cd /Users/fukushimatakumi/develop/sugarbeat/sugarbeat-front
    
    Using response file: /Users/fukushimatakumi/Library/Developer/Xcode/DerivedData/SugarBeat-hgoxfxbbugxkfsbmqcjlbmjeaqyg/Build/Intermediates.noindex/GoogleSignIn.build/Debug-iphonesimulator/GoogleSignIn.build/Objects-normal/arm64/e6072d4f65d7061329687fe24e3d63a7-common-args.resp
    
    /Applications/Xcode.app/Contents/Developer/Toolchains/XcodeDefault.xctoolchain/usr/bin/clang -x objective-c -ivfsstatcache /Users/fukushimatakumi/Library/Developer/Xcode/DerivedData/SDKStatCaches.noindex/iphonesimulator18.4-22E235-71825a6d136aa4733edcbe86ece5525b.sdkstatcache -fmessage-length\=0 -fdiagnostics-show-note-include-stack -fmacro-backtrace-limit\=0 -fno-color-diagnostics -fmodules-prune-interval\=86400 -fmodules-prune-after\=345600 -fbuild-session-file\=/Users/fukushimatakumi/Library/Developer/Xcode/DerivedData/ModuleCache.noindex/Session.modulevalidation -fmodules-validate-once-per-build-session -Wnon-modular-include-in-framework-module -Werror\=non-modular-include-in-framework-module -Wno-trigraphs -Wno-missing-field-initializers -Wno-missing-prototypes -Wno-return-type -Wno-implicit-atomic-properties -Wno-objc-interface-ivars -Wno-arc-repeated-use-of-weak -Wno-missing-braces -Wparentheses -Wswitch -Wno-unused-function -Wno-unused-label -Wno-unused-parameter -Wno-unused-variable -Wunused-value -Wno-empty-body -Wno-uninitialized -Wno-unknown-pragmas -w -Wno-shadow -Wno-four-char-constants -Wno-conversion -Wno-constant-conversion -Wno-int-conversion -Wno-bool-conversion -Wno-enum-conversion -Wno-float-conversion -Wno-non-literal-null-conversion -Wno-objc-literal-conversion -Wshorten-64-to-32 -Wpointer-sign -Wno-newline-eof -Wno-selector -Wno-strict-selector-match -Wno-undeclared-selector -Wno-deprecated-implementations -Wno-implicit-fallthrough -fstrict-aliasing -Wprotocol -Wdeprecated-declarations -Wno-sign-conversion -Wno-infinite-recursion -Wno-comma -Wno-block-capture-autoreleasing -Wno-strict-prototypes -Wno-semicolon-before-method-body -index-store-path /Users/fukushimatakumi/Library/Developer/Xcode/DerivedData/SugarBeat-hgoxfxbbugxkfsbmqcjlbmjeaqyg/Index.noindex/DataStore @/Users/fukushimatakumi/Library/Developer/Xcode/DerivedData/SugarBeat-hgoxfxbbugxkfsbmqcjlbmjeaqyg/Build/Intermediates.noindex/GoogleSignIn.build/Debug-iphonesimulator/GoogleSignIn.build/Objects-normal/arm64/e6072d4f65d7061329687fe24e3d63a7-common-args.resp -include /Users/fukushimatakumi/Library/Developer/Xcode/DerivedData/SugarBeat-hgoxfxbbugxkfsbmqcjlbmjeaqyg/Build/Intermediates.noindex/GoogleSignIn.build/Debug-iphonesimulator/GoogleSignIn.build/DerivedSources/resource_bundle_accessor.h -MMD -MT dependencies -MF /Users/fukushimatakumi/Library/Developer/Xcode/DerivedData/SugarBeat-hgoxfxbbugxkfsbmqcjlbmjeaqyg/Build/Intermediates.noindex/GoogleSignIn.build/Debug-iphonesimulator/GoogleSignIn.build/Objects-normal/arm64/GIDMDMPasscodeState.d --serialize-diagnostics /Users/fukushimatakumi/Library/Developer/Xcode/DerivedData/SugarBeat-hgoxfxbbugxkfsbmqcjlbmjeaqyg/Build/Intermediates.noindex/GoogleSignIn.build/Debug-iphonesimulator/GoogleSignIn.build/Objects-normal/arm64/GIDMDMPasscodeState.dia -c /Users/fukushimatakumi/Library/Developer/Xcode/DerivedData/SugarBeat-hgoxfxbbugxkfsbmqcjlbmjeaqyg/SourcePackages/checkouts/GoogleSignIn-iOS/GoogleSignIn/Sources/GIDMDMPasscodeState.m -o /Users/fukushimatakumi/Library/Developer/Xcode/DerivedData/SugarBeat-hgoxfxbbugxkfsbmqcjlbmjeaqyg/Build/Intermediates.noindex/GoogleSignIn.build/Debug-iphonesimulator/GoogleSignIn.build/Objects-normal/arm64/GIDMDMPasscodeState.o -index-unit-output-path /GoogleSignIn.build/Debug-iphonesimulator/GoogleSignIn.build/Objects-normal/arm64/GIDMDMPasscodeState.o

CompileC /Users/fukushimatakumi/Library/Developer/Xcode/DerivedData/SugarBeat-hgoxfxbbugxkfsbmqcjlbmjeaqyg/Build/Intermediates.noindex/GoogleSignIn.build/Debug-iphonesimulator/GoogleSignIn.build/Objects-normal/arm64/GIDFakeAuthStateMigration.o /Users/fukushimatakumi/Library/Developer/Xcode/DerivedData/SugarBeat-hgoxfxbbugxkfsbmqcjlbmjeaqyg/SourcePackages/checkouts/GoogleSignIn-iOS/GoogleSignIn/Sources/GIDAuthStateMigration/Fake/GIDFakeAuthStateMigration.m normal arm64 objective-c com.apple.compilers.llvm.clang.1_0.compiler (in target 'GoogleSignIn' from project 'GoogleSignIn')
    cd /Users/fukushimatakumi/develop/sugarbeat/sugarbeat-front
    
    Using response file: /Users/fukushimatakumi/Library/Developer/Xcode/DerivedData/SugarBeat-hgoxfxbbugxkfsbmqcjlbmjeaqyg/Build/Intermediates.noindex/GoogleSignIn.build/Debug-iphonesimulator/GoogleSignIn.build/Objects-normal/arm64/e6072d4f65d7061329687fe24e3d63a7-common-args.resp
    
    /Applications/Xcode.app/Contents/Developer/Toolchains/XcodeDefault.xctoolchain/usr/bin/clang -x objective-c -ivfsstatcache /Users/fukushimatakumi/Library/Developer/Xcode/DerivedData/SDKStatCaches.noindex/iphonesimulator18.4-22E235-71825a6d136aa4733edcbe86ece5525b.sdkstatcache -fmessage-length\=0 -fdiagnostics-show-note-include-stack -fmacro-backtrace-limit\=0 -fno-color-diagnostics -fmodules-prune-interval\=86400 -fmodules-prune-after\=345600 -fbuild-session-file\=/Users/fukushimatakumi/Library/Developer/Xcode/DerivedData/ModuleCache.noindex/Session.modulevalidation -fmodules-validate-once-per-build-session -Wnon-modular-include-in-framework-module -Werror\=non-modular-include-in-framework-module -Wno-trigraphs -Wno-missing-field-initializers -Wno-missing-prototypes -Wno-return-type -Wno-implicit-atomic-properties -Wno-objc-interface-ivars -Wno-arc-repeated-use-of-weak -Wno-missing-braces -Wparentheses -Wswitch -Wno-unused-function -Wno-unused-label -Wno-unused-parameter -Wno-unused-variable -Wunused-value -Wno-empty-body -Wno-uninitialized -Wno-unknown-pragmas -w -Wno-shadow -Wno-four-char-constants -Wno-conversion -Wno-constant-conversion -Wno-int-conversion -Wno-bool-conversion -Wno-enum-conversion -Wno-float-conversion -Wno-non-literal-null-conversion -Wno-objc-literal-conversion -Wshorten-64-to-32 -Wpointer-sign -Wno-newline-eof -Wno-selector -Wno-strict-selector-match -Wno-undeclared-selector -Wno-deprecated-implementations -Wno-implicit-fallthrough -fstrict-aliasing -Wprotocol -Wdeprecated-declarations -Wno-sign-conversion -Wno-infinite-recursion -Wno-comma -Wno-block-capture-autoreleasing -Wno-strict-prototypes -Wno-semicolon-before-method-body -index-store-path /Users/fukushimatakumi/Library/Developer/Xcode/DerivedData/SugarBeat-hgoxfxbbugxkfsbmqcjlbmjeaqyg/Index.noindex/DataStore @/Users/fukushimatakumi/Library/Developer/Xcode/DerivedData/SugarBeat-hgoxfxbbugxkfsbmqcjlbmjeaqyg/Build/Intermediates.noindex/GoogleSignIn.build/Debug-iphonesimulator/GoogleSignIn.build/Objects-normal/arm64/e6072d4f65d7061329687fe24e3d63a7-common-args.resp -include /Users/fukushimatakumi/Library/Developer/Xcode/DerivedData/SugarBeat-hgoxfxbbugxkfsbmqcjlbmjeaqyg/Build/Intermediates.noindex/GoogleSignIn.build/Debug-iphonesimulator/GoogleSignIn.build/DerivedSources/resource_bundle_accessor.h -MMD -MT dependencies -MF /Users/fukushimatakumi/Library/Developer/Xcode/DerivedData/SugarBeat-hgoxfxbbugxkfsbmqcjlbmjeaqyg/Build/Intermediates.noindex/GoogleSignIn.build/Debug-iphonesimulator/GoogleSignIn.build/Objects-normal/arm64/GIDFakeAuthStateMigration.d --serialize-diagnostics /Users/fukushimatakumi/Library/Developer/Xcode/DerivedData/SugarBeat-hgoxfxbbugxkfsbmqcjlbmjeaqyg/Build/Intermediates.noindex/GoogleSignIn.build/Debug-iphonesimulator/GoogleSignIn.build/Objects-normal/arm64/GIDFakeAuthStateMigration.dia -c /Users/fukushimatakumi/Library/Developer/Xcode/DerivedData/SugarBeat-hgoxfxbbugxkfsbmqcjlbmjeaqyg/SourcePackages/checkouts/GoogleSignIn-iOS/GoogleSignIn/Sources/GIDAuthStateMigration/Fake/GIDFakeAuthStateMigration.m -o /Users/fukushimatakumi/Library/Developer/Xcode/DerivedData/SugarBeat-hgoxfxbbugxkfsbmqcjlbmjeaqyg/Build/Intermediates.noindex/GoogleSignIn.build/Debug-iphonesimulator/GoogleSignIn.build/Objects-normal/arm64/GIDFakeAuthStateMigration.o -index-unit-output-path /GoogleSignIn.build/Debug-iphonesimulator/GoogleSignIn.build/Objects-normal/arm64/GIDFakeAuthStateMigration.o

CompileC /Users/fukushimatakumi/Library/Developer/Xcode/DerivedData/SugarBeat-hgoxfxbbugxkfsbmqcjlbmjeaqyg/Build/Intermediates.noindex/GoogleSignIn.build/Debug-iphonesimulator/GoogleSignIn.build/Objects-normal/arm64/GIDConfiguration.o /Users/fukushimatakumi/Library/Developer/Xcode/DerivedData/SugarBeat-hgoxfxbbugxkfsbmqcjlbmjeaqyg/SourcePackages/checkouts/GoogleSignIn-iOS/GoogleSignIn/Sources/GIDConfiguration.m normal arm64 objective-c com.apple.compilers.llvm.clang.1_0.compiler (in target 'GoogleSignIn' from project 'GoogleSignIn')
    cd /Users/fukushimatakumi/develop/sugarbeat/sugarbeat-front
    
    Using response file: /Users/fukushimatakumi/Library/Developer/Xcode/DerivedData/SugarBeat-hgoxfxbbugxkfsbmqcjlbmjeaqyg/Build/Intermediates.noindex/GoogleSignIn.build/Debug-iphonesimulator/GoogleSignIn.build/Objects-normal/arm64/e6072d4f65d7061329687fe24e3d63a7-common-args.resp
    
    /Applications/Xcode.app/Contents/Developer/Toolchains/XcodeDefault.xctoolchain/usr/bin/clang -x objective-c -ivfsstatcache /Users/fukushimatakumi/Library/Developer/Xcode/DerivedData/SDKStatCaches.noindex/iphonesimulator18.4-22E235-71825a6d136aa4733edcbe86ece5525b.sdkstatcache -fmessage-length\=0 -fdiagnostics-show-note-include-stack -fmacro-backtrace-limit\=0 -fno-color-diagnostics -fmodules-prune-interval\=86400 -fmodules-prune-after\=345600 -fbuild-session-file\=/Users/fukushimatakumi/Library/Developer/Xcode/DerivedData/ModuleCache.noindex/Session.modulevalidation -fmodules-validate-once-per-build-session -Wnon-modular-include-in-framework-module -Werror\=non-modular-include-in-framework-module -Wno-trigraphs -Wno-missing-field-initializers -Wno-missing-prototypes -Wno-return-type -Wno-implicit-atomic-properties -Wno-objc-interface-ivars -Wno-arc-repeated-use-of-weak -Wno-missing-braces -Wparentheses -Wswitch -Wno-unused-function -Wno-unused-label -Wno-unused-parameter -Wno-unused-variable -Wunused-value -Wno-empty-body -Wno-uninitialized -Wno-unknown-pragmas -w -Wno-shadow -Wno-four-char-constants -Wno-conversion -Wno-constant-conversion -Wno-int-conversion -Wno-bool-conversion -Wno-enum-conversion -Wno-float-conversion -Wno-non-literal-null-conversion -Wno-objc-literal-conversion -Wshorten-64-to-32 -Wpointer-sign -Wno-newline-eof -Wno-selector -Wno-strict-selector-match -Wno-undeclared-selector -Wno-deprecated-implementations -Wno-implicit-fallthrough -fstrict-aliasing -Wprotocol -Wdeprecated-declarations -Wno-sign-conversion -Wno-infinite-recursion -Wno-comma -Wno-block-capture-autoreleasing -Wno-strict-prototypes -Wno-semicolon-before-method-body -index-store-path /Users/fukushimatakumi/Library/Developer/Xcode/DerivedData/SugarBeat-hgoxfxbbugxkfsbmqcjlbmjeaqyg/Index.noindex/DataStore @/Users/fukushimatakumi/Library/Developer/Xcode/DerivedData/SugarBeat-hgoxfxbbugxkfsbmqcjlbmjeaqyg/Build/Intermediates.noindex/GoogleSignIn.build/Debug-iphonesimulator/GoogleSignIn.build/Objects-normal/arm64/e6072d4f65d7061329687fe24e3d63a7-common-args.resp -include /Users/fukushimatakumi/Library/Developer/Xcode/DerivedData/SugarBeat-hgoxfxbbugxkfsbmqcjlbmjeaqyg/Build/Intermediates.noindex/GoogleSignIn.build/Debug-iphonesimulator/GoogleSignIn.build/DerivedSources/resource_bundle_accessor.h -MMD -MT dependencies -MF /Users/fukushimatakumi/Library/Developer/Xcode/DerivedData/SugarBeat-hgoxfxbbugxkfsbmqcjlbmjeaqyg/Build/Intermediates.noindex/GoogleSignIn.build/Debug-iphonesimulator/GoogleSignIn.build/Objects-normal/arm64/GIDConfiguration.d --serialize-diagnostics /Users/fukushimatakumi/Library/Developer/Xcode/DerivedData/SugarBeat-hgoxfxbbugxkfsbmqcjlbmjeaqyg/Build/Intermediates.noindex/GoogleSignIn.build/Debug-iphonesimulator/GoogleSignIn.build/Objects-normal/arm64/GIDConfiguration.dia -c /Users/fukushimatakumi/Library/Developer/Xcode/DerivedData/SugarBeat-hgoxfxbbugxkfsbmqcjlbmjeaqyg/SourcePackages/checkouts/GoogleSignIn-iOS/GoogleSignIn/Sources/GIDConfiguration.m -o /Users/fukushimatakumi/Library/Developer/Xcode/DerivedData/SugarBeat-hgoxfxbbugxkfsbmqcjlbmjeaqyg/Build/Intermediates.noindex/GoogleSignIn.build/Debug-iphonesimulator/GoogleSignIn.build/Objects-normal/arm64/GIDConfiguration.o -index-unit-output-path /GoogleSignIn.build/Debug-iphonesimulator/GoogleSignIn.build/Objects-normal/arm64/GIDConfiguration.o

CompileC /Users/fukushimatakumi/Library/Developer/Xcode/DerivedData/SugarBeat-hgoxfxbbugxkfsbmqcjlbmjeaqyg/Build/Intermediates.noindex/GoogleSignIn.build/Debug-iphonesimulator/GoogleSignIn.build/Objects-normal/arm64/GIDClaim.o /Users/fukushimatakumi/Library/Developer/Xcode/DerivedData/SugarBeat-hgoxfxbbugxkfsbmqcjlbmjeaqyg/SourcePackages/checkouts/GoogleSignIn-iOS/GoogleSignIn/Sources/GIDClaim.m normal arm64 objective-c com.apple.compilers.llvm.clang.1_0.compiler (in target 'GoogleSignIn' from project 'GoogleSignIn')
    cd /Users/fukushimatakumi/develop/sugarbeat/sugarbeat-front
    
    Using response file: /Users/fukushimatakumi/Library/Developer/Xcode/DerivedData/SugarBeat-hgoxfxbbugxkfsbmqcjlbmjeaqyg/Build/Intermediates.noindex/GoogleSignIn.build/Debug-iphonesimulator/GoogleSignIn.build/Objects-normal/arm64/e6072d4f65d7061329687fe24e3d63a7-common-args.resp
    
    /Applications/Xcode.app/Contents/Developer/Toolchains/XcodeDefault.xctoolchain/usr/bin/clang -x objective-c -ivfsstatcache /Users/fukushimatakumi/Library/Developer/Xcode/DerivedData/SDKStatCaches.noindex/iphonesimulator18.4-22E235-71825a6d136aa4733edcbe86ece5525b.sdkstatcache -fmessage-length\=0 -fdiagnostics-show-note-include-stack -fmacro-backtrace-limit\=0 -fno-color-diagnostics -fmodules-prune-interval\=86400 -fmodules-prune-after\=345600 -fbuild-session-file\=/Users/fukushimatakumi/Library/Developer/Xcode/DerivedData/ModuleCache.noindex/Session.modulevalidation -fmodules-validate-once-per-build-session -Wnon-modular-include-in-framework-module -Werror\=non-modular-include-in-framework-module -Wno-trigraphs -Wno-missing-field-initializers -Wno-missing-prototypes -Wno-return-type -Wno-implicit-atomic-properties -Wno-objc-interface-ivars -Wno-arc-repeated-use-of-weak -Wno-missing-braces -Wparentheses -Wswitch -Wno-unused-function -Wno-unused-label -Wno-unused-parameter -Wno-unused-variable -Wunused-value -Wno-empty-body -Wno-uninitialized -Wno-unknown-pragmas -w -Wno-shadow -Wno-four-char-constants -Wno-conversion -Wno-constant-conversion -Wno-int-conversion -Wno-bool-conversion -Wno-enum-conversion -Wno-float-conversion -Wno-non-literal-null-conversion -Wno-objc-literal-conversion -Wshorten-64-to-32 -Wpointer-sign -Wno-newline-eof -Wno-selector -Wno-strict-selector-match -Wno-undeclared-selector -Wno-deprecated-implementations -Wno-implicit-fallthrough -fstrict-aliasing -Wprotocol -Wdeprecated-declarations -Wno-sign-conversion -Wno-infinite-recursion -Wno-comma -Wno-block-capture-autoreleasing -Wno-strict-prototypes -Wno-semicolon-before-method-body -index-store-path /Users/fukushimatakumi/Library/Developer/Xcode/DerivedData/SugarBeat-hgoxfxbbugxkfsbmqcjlbmjeaqyg/Index.noindex/DataStore @/Users/fukushimatakumi/Library/Developer/Xcode/DerivedData/SugarBeat-hgoxfxbbugxkfsbmqcjlbmjeaqyg/Build/Intermediates.noindex/GoogleSignIn.build/Debug-iphonesimulator/GoogleSignIn.build/Objects-normal/arm64/e6072d4f65d7061329687fe24e3d63a7-common-args.resp -include /Users/fukushimatakumi/Library/Developer/Xcode/DerivedData/SugarBeat-hgoxfxbbugxkfsbmqcjlbmjeaqyg/Build/Intermediates.noindex/GoogleSignIn.build/Debug-iphonesimulator/GoogleSignIn.build/DerivedSources/resource_bundle_accessor.h -MMD -MT dependencies -MF /Users/fukushimatakumi/Library/Developer/Xcode/DerivedData/SugarBeat-hgoxfxbbugxkfsbmqcjlbmjeaqyg/Build/Intermediates.noindex/GoogleSignIn.build/Debug-iphonesimulator/GoogleSignIn.build/Objects-normal/arm64/GIDClaim.d --serialize-diagnostics /Users/fukushimatakumi/Library/Developer/Xcode/DerivedData/SugarBeat-hgoxfxbbugxkfsbmqcjlbmjeaqyg/Build/Intermediates.noindex/GoogleSignIn.build/Debug-iphonesimulator/GoogleSignIn.build/Objects-normal/arm64/GIDClaim.dia -c /Users/fukushimatakumi/Library/Developer/Xcode/DerivedData/SugarBeat-hgoxfxbbugxkfsbmqcjlbmjeaqyg/SourcePackages/checkouts/GoogleSignIn-iOS/GoogleSignIn/Sources/GIDClaim.m -o /Users/fukushimatakumi/Library/Developer/Xcode/DerivedData/SugarBeat-hgoxfxbbugxkfsbmqcjlbmjeaqyg/Build/Intermediates.noindex/GoogleSignIn.build/Debug-iphonesimulator/GoogleSignIn.build/Objects-normal/arm64/GIDClaim.o -index-unit-output-path /GoogleSignIn.build/Debug-iphonesimulator/GoogleSignIn.build/Objects-normal/arm64/GIDClaim.o

CompileC /Users/fukushimatakumi/Library/Developer/Xcode/DerivedData/SugarBeat-hgoxfxbbugxkfsbmqcjlbmjeaqyg/Build/Intermediates.noindex/GoogleSignIn.build/Debug-iphonesimulator/GoogleSignIn.build/Objects-normal/arm64/GIDCallbackQueue.o /Users/fukushimatakumi/Library/Developer/Xcode/DerivedData/SugarBeat-hgoxfxbbugxkfsbmqcjlbmjeaqyg/SourcePackages/checkouts/GoogleSignIn-iOS/GoogleSignIn/Sources/GIDCallbackQueue.m normal arm64 objective-c com.apple.compilers.llvm.clang.1_0.compiler (in target 'GoogleSignIn' from project 'GoogleSignIn')
    cd /Users/fukushimatakumi/develop/sugarbeat/sugarbeat-front
    
    Using response file: /Users/fukushimatakumi/Library/Developer/Xcode/DerivedData/SugarBeat-hgoxfxbbugxkfsbmqcjlbmjeaqyg/Build/Intermediates.noindex/GoogleSignIn.build/Debug-iphonesimulator/GoogleSignIn.build/Objects-normal/arm64/e6072d4f65d7061329687fe24e3d63a7-common-args.resp
    
    /Applications/Xcode.app/Contents/Developer/Toolchains/XcodeDefault.xctoolchain/usr/bin/clang -x objective-c -ivfsstatcache /Users/fukushimatakumi/Library/Developer/Xcode/DerivedData/SDKStatCaches.noindex/iphonesimulator18.4-22E235-71825a6d136aa4733edcbe86ece5525b.sdkstatcache -fmessage-length\=0 -fdiagnostics-show-note-include-stack -fmacro-backtrace-limit\=0 -fno-color-diagnostics -fmodules-prune-interval\=86400 -fmodules-prune-after\=345600 -fbuild-session-file\=/Users/fukushimatakumi/Library/Developer/Xcode/DerivedData/ModuleCache.noindex/Session.modulevalidation -fmodules-validate-once-per-build-session -Wnon-modular-include-in-framework-module -Werror\=non-modular-include-in-framework-module -Wno-trigraphs -Wno-missing-field-initializers -Wno-missing-prototypes -Wno-return-type -Wno-implicit-atomic-properties -Wno-objc-interface-ivars -Wno-arc-repeated-use-of-weak -Wno-missing-braces -Wparentheses -Wswitch -Wno-unused-function -Wno-unused-label -Wno-unused-parameter -Wno-unused-variable -Wunused-value -Wno-empty-body -Wno-uninitialized -Wno-unknown-pragmas -w -Wno-shadow -Wno-four-char-constants -Wno-conversion -Wno-constant-conversion -Wno-int-conversion -Wno-bool-conversion -Wno-enum-conversion -Wno-float-conversion -Wno-non-literal-null-conversion -Wno-objc-literal-conversion -Wshorten-64-to-32 -Wpointer-sign -Wno-newline-eof -Wno-selector -Wno-strict-selector-match -Wno-undeclared-selector -Wno-deprecated-implementations -Wno-implicit-fallthrough -fstrict-aliasing -Wprotocol -Wdeprecated-declarations -Wno-sign-conversion -Wno-infinite-recursion -Wno-comma -Wno-block-capture-autoreleasing -Wno-strict-prototypes -Wno-semicolon-before-method-body -index-store-path /Users/fukushimatakumi/Library/Developer/Xcode/DerivedData/SugarBeat-hgoxfxbbugxkfsbmqcjlbmjeaqyg/Index.noindex/DataStore @/Users/fukushimatakumi/Library/Developer/Xcode/DerivedData/SugarBeat-hgoxfxbbugxkfsbmqcjlbmjeaqyg/Build/Intermediates.noindex/GoogleSignIn.build/Debug-iphonesimulator/GoogleSignIn.build/Objects-normal/arm64/e6072d4f65d7061329687fe24e3d63a7-common-args.resp -include /Users/fukushimatakumi/Library/Developer/Xcode/DerivedData/SugarBeat-hgoxfxbbugxkfsbmqcjlbmjeaqyg/Build/Intermediates.noindex/GoogleSignIn.build/Debug-iphonesimulator/GoogleSignIn.build/DerivedSources/resource_bundle_accessor.h -MMD -MT dependencies -MF /Users/fukushimatakumi/Library/Developer/Xcode/DerivedData/SugarBeat-hgoxfxbbugxkfsbmqcjlbmjeaqyg/Build/Intermediates.noindex/GoogleSignIn.build/Debug-iphonesimulator/GoogleSignIn.build/Objects-normal/arm64/GIDCallbackQueue.d --serialize-diagnostics /Users/fukushimatakumi/Library/Developer/Xcode/DerivedData/SugarBeat-hgoxfxbbugxkfsbmqcjlbmjeaqyg/Build/Intermediates.noindex/GoogleSignIn.build/Debug-iphonesimulator/GoogleSignIn.build/Objects-normal/arm64/GIDCallbackQueue.dia -c /Users/fukushimatakumi/Library/Developer/Xcode/DerivedData/SugarBeat-hgoxfxbbugxkfsbmqcjlbmjeaqyg/SourcePackages/checkouts/GoogleSignIn-iOS/GoogleSignIn/Sources/GIDCallbackQueue.m -o /Users/fukushimatakumi/Library/Developer/Xcode/DerivedData/SugarBeat-hgoxfxbbugxkfsbmqcjlbmjeaqyg/Build/Intermediates.noindex/GoogleSignIn.build/Debug-iphonesimulator/GoogleSignIn.build/Objects-normal/arm64/GIDCallbackQueue.o -index-unit-output-path /GoogleSignIn.build/Debug-iphonesimulator/GoogleSignIn.build/Objects-normal/arm64/GIDCallbackQueue.o

PrecompileModule /Users/fukushimatakumi/Library/Developer/Xcode/DerivedData/SugarBeat-hgoxfxbbugxkfsbmqcjlbmjeaqyg/Build/Intermediates.noindex/ExplicitPrecompiledModules/Symbols-E2AEFB088XNSUJIE0VV8CD6QB.scan
    cd /Users/fukushimatakumi/develop/sugarbeat/sugarbeat-front
    builtin-precompileModule /Users/fukushimatakumi/Library/Developer/Xcode/DerivedData/SugarBeat-hgoxfxbbugxkfsbmqcjlbmjeaqyg/Build/Intermediates.noindex/ExplicitPrecompiledModules/Symbols-E2AEFB088XNSUJIE0VV8CD6QB.scan

PrecompileModule /Users/fukushimatakumi/Library/Developer/Xcode/DerivedData/SugarBeat-hgoxfxbbugxkfsbmqcjlbmjeaqyg/Build/Intermediates.noindex/ExplicitPrecompiledModules/LocalAuthentication-EIFITCX6KXPSO7JJMK0AZB2D.scan
    cd /Users/fukushimatakumi/develop/sugarbeat/sugarbeat-front
    builtin-precompileModule /Users/fukushimatakumi/Library/Developer/Xcode/DerivedData/SugarBeat-hgoxfxbbugxkfsbmqcjlbmjeaqyg/Build/Intermediates.noindex/ExplicitPrecompiledModules/LocalAuthentication-EIFITCX6KXPSO7JJMK0AZB2D.scan

SwiftDriverJobDiscovery normal arm64 Emitting module for SugarBeat (in target 'SugarBeat' from project 'SugarBeat')

SwiftDriver\ Compilation\ Requirements SugarBeat normal arm64 com.apple.xcode.tools.swift.compiler (in target 'SugarBeat' from project 'SugarBeat')
    cd /Users/fukushimatakumi/develop/sugarbeat/sugarbeat-front
    builtin-Swift-Compilation-Requirements -- /Applications/Xcode.app/Contents/Developer/Toolchains/XcodeDefault.xctoolchain/usr/bin/swiftc -module-name SugarBeat -Onone -enforce-exclusivity\=checked @/Users/fukushimatakumi/Library/Developer/Xcode/DerivedData/SugarBeat-hgoxfxbbugxkfsbmqcjlbmjeaqyg/Build/Intermediates.noindex/SugarBeat.build/Debug-iphonesimulator/SugarBeat.build/Objects-normal/arm64/SugarBeat.SwiftFileList -DDEBUG -Xcc -fmodule-map-file\=/Users/fukushimatakumi/Library/Developer/Xcode/DerivedData/SugarBeat-hgoxfxbbugxkfsbmqcjlbmjeaqyg/Build/Intermediates.noindex/GeneratedModuleMaps-iphonesimulator/AppAuth.modulemap -Xcc -fmodule-map-file\=/Users/fukushimatakumi/Library/Developer/Xcode/DerivedData/SugarBeat-hgoxfxbbugxkfsbmqcjlbmjeaqyg/Build/Intermediates.noindex/GeneratedModuleMaps-iphonesimulator/AppAuthCore.modulemap -Xcc -fmodule-map-file\=/Users/fukushimatakumi/Library/Developer/Xcode/DerivedData/SugarBeat-hgoxfxbbugxkfsbmqcjlbmjeaqyg/Build/Intermediates.noindex/GeneratedModuleMaps-iphonesimulator/GoogleUtilities-UserDefaults.modulemap -Xcc -fmodule-map-file\=/Users/fukushimatakumi/Library/Developer/Xcode/DerivedData/SugarBeat-hgoxfxbbugxkfsbmqcjlbmjeaqyg/Build/Intermediates.noindex/GeneratedModuleMaps-iphonesimulator/AppCheckCore.modulemap -Xcc -fmodule-map-file\=/Users/fukushimatakumi/Library/Developer/Xcode/DerivedData/SugarBeat-hgoxfxbbugxkfsbmqcjlbmjeaqyg/Build/Intermediates.noindex/GeneratedModuleMaps-iphonesimulator/GoogleSignIn.modulemap -Xcc -fmodule-map-file\=/Users/fukushimatakumi/Library/Developer/Xcode/DerivedData/SugarBeat-hgoxfxbbugxkfsbmqcjlbmjeaqyg/Build/Intermediates.noindex/GeneratedModuleMaps-iphonesimulator/RecaptchaInterop.modulemap -Xcc -fmodule-map-file\=/Users/fukushimatakumi/Library/Developer/Xcode/DerivedData/SugarBeat-hgoxfxbbugxkfsbmqcjlbmjeaqyg/Build/Intermediates.noindex/GeneratedModuleMaps-iphonesimulator/GoogleUtilities-Network.modulemap -Xcc -fmodule-map-file\=/Users/fukushimatakumi/Library/Developer/Xcode/DerivedData/SugarBeat-hgoxfxbbugxkfsbmqcjlbmjeaqyg/Build/Intermediates.noindex/GeneratedModuleMaps-iphonesimulator/GoogleUtilities-Reachability.modulemap -Xcc -fmodule-map-file\=/Users/fukushimatakumi/Library/Developer/Xcode/DerivedData/SugarBeat-hgoxfxbbugxkfsbmqcjlbmjeaqyg/Build/Intermediates.noindex/GeneratedModuleMaps-iphonesimulator/GoogleUtilities-AppDelegateSwizzler.modulemap -Xcc -fmodule-map-file\=/Users/fukushimatakumi/Library/Developer/Xcode/DerivedData/SugarBeat-hgoxfxbbugxkfsbmqcjlbmjeaqyg/Build/Intermediates.noindex/GeneratedModuleMaps-iphonesimulator/GTMSessionFetcherCore.modulemap -Xcc -fmodule-map-file\=/Users/fukushimatakumi/Library/Developer/Xcode/DerivedData/SugarBeat-hgoxfxbbugxkfsbmqcjlbmjeaqyg/Build/Intermediates.noindex/GeneratedModuleMaps-iphonesimulator/FirebaseAuthInternal.modulemap -Xcc -fmodule-map-file\=/Users/fukushimatakumi/Library/Developer/Xcode/DerivedData/SugarBeat-hgoxfxbbugxkfsbmqcjlbmjeaqyg/Build/Intermediates.noindex/GeneratedModuleMaps-iphonesimulator/FirebaseAuthInterop.modulemap -Xcc -fmodule-map-file\=/Users/fukushimatakumi/Library/Developer/Xcode/DerivedData/SugarBeat-hgoxfxbbugxkfsbmqcjlbmjeaqyg/Build/Intermediates.noindex/GeneratedModuleMaps-iphonesimulator/GoogleUtilities-NSData.modulemap -Xcc -fmodule-map-file\=/Users/fukushimatakumi/Library/Developer/Xcode/DerivedData/SugarBeat-hgoxfxbbugxkfsbmqcjlbmjeaqyg/Build/Intermediates.noindex/GeneratedModuleMaps-iphonesimulator/GoogleUtilities-Environment.modulemap -Xcc -fmodule-map-file\=/Users/fukushimatakumi/Library/Developer/Xcode/DerivedData/SugarBeat-hgoxfxbbugxkfsbmqcjlbmjeaqyg/Build/Intermediates.noindex/GeneratedModuleMaps-iphonesimulator/third-party-IsAppEncrypted.modulemap -Xcc -fmodule-map-file\=/Users/fukushimatakumi/Library/Developer/Xcode/DerivedData/SugarBeat-hgoxfxbbugxkfsbmqcjlbmjeaqyg/Build/Intermediates.noindex/GeneratedModuleMaps-iphonesimulator/GoogleUtilities-Logger.modulemap -Xcc -fmodule-map-file\=/Users/fukushimatakumi/Library/Developer/Xcode/DerivedData/SugarBeat-hgoxfxbbugxkfsbmqcjlbmjeaqyg/Build/Intermediates.noindex/GeneratedModuleMaps-iphonesimulator/abslWrapper.modulemap -Xcc -fmodule-map-file\=/Users/fukushimatakumi/Library/Developer/Xcode/DerivedData/SugarBeat-hgoxfxbbugxkfsbmqcjlbmjeaqyg/Build/Intermediates.noindex/GeneratedModuleMaps-iphonesimulator/opensslWrapper.modulemap -Xcc -fmodule-map-file\=/Users/fukushimatakumi/Library/Developer/Xcode/DerivedData/SugarBeat-hgoxfxbbugxkfsbmqcjlbmjeaqyg/Build/Intermediates.noindex/GeneratedModuleMaps-iphonesimulator/grpcWrapper.modulemap -Xcc -fmodule-map-file\=/Users/fukushimatakumi/Library/Developer/Xcode/DerivedData/SugarBeat-hgoxfxbbugxkfsbmqcjlbmjeaqyg/Build/Intermediates.noindex/GeneratedModuleMaps-iphonesimulator/grpcppWrapper.modulemap -Xcc -fmodule-map-file\=/Users/fukushimatakumi/Library/Developer/Xcode/DerivedData/SugarBeat-hgoxfxbbugxkfsbmqcjlbmjeaqyg/Build/Intermediates.noindex/GeneratedModuleMaps-iphonesimulator/nanopb.modulemap -Xcc -fmodule-map-file\=/Users/fukushimatakumi/Library/Developer/Xcode/DerivedData/SugarBeat-hgoxfxbbugxkfsbmqcjlbmjeaqyg/Build/Intermediates.noindex/GeneratedModuleMaps-iphonesimulator/leveldb.modulemap -Xcc -fmodule-map-file\=/Users/fukushimatakumi/Library/Developer/Xcode/DerivedData/SugarBeat-hgoxfxbbugxkfsbmqcjlbmjeaqyg/Build/Intermediates.noindex/GeneratedModuleMaps-iphonesimulator/FirebaseCoreExtension.modulemap -Xcc -fmodule-map-file\=/Users/fukushimatakumi/Library/Developer/Xcode/DerivedData/SugarBeat-hgoxfxbbugxkfsbmqcjlbmjeaqyg/Build/Intermediates.noindex/GeneratedModuleMaps-iphonesimulator/FirebaseCore.modulemap -Xcc -fmodule-map-file\=/Users/fukushimatakumi/Library/Developer/Xcode/DerivedData/SugarBeat-hgoxfxbbugxkfsbmqcjlbmjeaqyg/Build/Intermediates.noindex/GeneratedModuleMaps-iphonesimulator/FirebaseAppCheckInterop.modulemap -Xcc -fmodule-map-file\=/Users/fukushimatakumi/Library/Developer/Xcode/DerivedData/SugarBeat-hgoxfxbbugxkfsbmqcjlbmjeaqyg/Build/Intermediates.noindex/GeneratedModuleMaps-iphonesimulator/FirebaseFirestoreInternalWrapper.modulemap -Xcc -fmodule-map-file\=/Users/fukushimatakumi/Library/Developer/Xcode/DerivedData/SugarBeat-hgoxfxbbugxkfsbmqcjlbmjeaqyg/Build/Intermediates.noindex/GeneratedModuleMaps-iphonesimulator/FirebaseFirestoreTarget.modulemap -Xcc -fmodule-map-file\=/Users/fukushimatakumi/Library/Developer/Xcode/DerivedData/SugarBeat-hgoxfxbbugxkfsbmqcjlbmjeaqyg/Build/Intermediates.noindex/GeneratedModuleMaps-iphonesimulator/UserMessagingPlatformTarget.modulemap -enable-bare-slash-regex -enable-experimental-feature DebugDescriptionMacro -sdk /Applications/Xcode.app/Contents/Developer/Platforms/iPhoneSimulator.platform/Developer/SDKs/iPhoneSimulator18.4.sdk -target arm64-apple-ios16.0-simulator -g -module-cache-path /Users/fukushimatakumi/Library/Developer/Xcode/DerivedData/ModuleCache.noindex -Xfrontend -serialize-debugging-options -enable-testing -index-store-path /Users/fukushimatakumi/Library/Developer/Xcode/DerivedData/SugarBeat-hgoxfxbbugxkfsbmqcjlbmjeaqyg/Index.noindex/DataStore -swift-version 5 -I /Users/fukushimatakumi/Library/Developer/Xcode/DerivedData/SugarBeat-hgoxfxbbugxkfsbmqcjlbmjeaqyg/Build/Products/Debug-iphonesimulator -F /Users/fukushimatakumi/Library/Developer/Xcode/DerivedData/SugarBeat-hgoxfxbbugxkfsbmqcjlbmjeaqyg/Build/Products/Debug-iphonesimulator/PackageFrameworks -F /Users/fukushimatakumi/Library/Developer/Xcode/DerivedData/SugarBeat-hgoxfxbbugxkfsbmqcjlbmjeaqyg/Build/Products/Debug-iphonesimulator/PackageFrameworks -F /Users/fukushimatakumi/Library/Developer/Xcode/DerivedData/SugarBeat-hgoxfxbbugxkfsbmqcjlbmjeaqyg/Build/Products/Debug-iphonesimulator/PackageFrameworks -F /Users/fukushimatakumi/Library/Developer/Xcode/DerivedData/SugarBeat-hgoxfxbbugxkfsbmqcjlbmjeaqyg/Build/Products/Debug-iphonesimulator/PackageFrameworks -F /Users/fukushimatakumi/Library/Developer/Xcode/DerivedData/SugarBeat-hgoxfxbbugxkfsbmqcjlbmjeaqyg/Build/Products/Debug-iphonesimulator/PackageFrameworks -F /Users/fukushimatakumi/Library/Developer/Xcode/DerivedData/SugarBeat-hgoxfxbbugxkfsbmqcjlbmjeaqyg/Build/Products/Debug-iphonesimulator/PackageFrameworks -F /Users/fukushimatakumi/Library/Developer/Xcode/DerivedData/SugarBeat-hgoxfxbbugxkfsbmqcjlbmjeaqyg/Build/Products/Debug-iphonesimulator/PackageFrameworks -F /Users/fukushimatakumi/Library/Developer/Xcode/DerivedData/SugarBeat-hgoxfxbbugxkfsbmqcjlbmjeaqyg/Build/Products/Debug-iphonesimulator/PackageFrameworks -F /Users/fukushimatakumi/Library/Developer/Xcode/DerivedData/SugarBeat-hgoxfxbbugxkfsbmqcjlbmjeaqyg/Build/Products/Debug-iphonesimulator/PackageFrameworks -F /Users/fukushimatakumi/Library/Developer/Xcode/DerivedData/SugarBeat-hgoxfxbbugxkfsbmqcjlbmjeaqyg/Build/Products/Debug-iphonesimulator/PackageFrameworks -F /Users/fukushimatakumi/Library/Developer/Xcode/DerivedData/SugarBeat-hgoxfxbbugxkfsbmqcjlbmjeaqyg/Build/Products/Debug-iphonesimulator/PackageFrameworks -F /Users/fukushimatakumi/Library/Developer/Xcode/DerivedData/SugarBeat-hgoxfxbbugxkfsbmqcjlbmjeaqyg/Build/Products/Debug-iphonesimulator/PackageFrameworks -F /Users/fukushimatakumi/Library/Developer/Xcode/DerivedData/SugarBeat-hgoxfxbbugxkfsbmqcjlbmjeaqyg/Build/Products/Debug-iphonesimulator/PackageFrameworks -F /Users/fukushimatakumi/Library/Developer/Xcode/DerivedData/SugarBeat-hgoxfxbbugxkfsbmqcjlbmjeaqyg/Build/Products/Debug-iphonesimulator/PackageFrameworks -F /Users/fukushimatakumi/Library/Developer/Xcode/DerivedData/SugarBeat-hgoxfxbbugxkfsbmqcjlbmjeaqyg/Build/Products/Debug-iphonesimulator/PackageFrameworks -F /Users/fukushimatakumi/Library/Developer/Xcode/DerivedData/SugarBeat-hgoxfxbbugxkfsbmqcjlbmjeaqyg/Build/Products/Debug-iphonesimulator/PackageFrameworks -F /Users/fukushimatakumi/Library/Developer/Xcode/DerivedData/SugarBeat-hgoxfxbbugxkfsbmqcjlbmjeaqyg/Build/Products/Debug-iphonesimulator/PackageFrameworks -F /Users/fukushimatakumi/Library/Developer/Xcode/DerivedData/SugarBeat-hgoxfxbbugxkfsbmqcjlbmjeaqyg/Build/Products/Debug-iphonesimulator/PackageFrameworks -F /Users/fukushimatakumi/Library/Developer/Xcode/DerivedData/SugarBeat-hgoxfxbbugxkfsbmqcjlbmjeaqyg/Build/Products/Debug-iphonesimulator/PackageFrameworks -F /Users/fukushimatakumi/Library/Developer/Xcode/DerivedData/SugarBeat-hgoxfxbbugxkfsbmqcjlbmjeaqyg/Build/Products/Debug-iphonesimulator/PackageFrameworks -F /Users/fukushimatakumi/Library/Developer/Xcode/DerivedData/SugarBeat-hgoxfxbbugxkfsbmqcjlbmjeaqyg/Build/Products/Debug-iphonesimulator/PackageFrameworks -F /Users/fukushimatakumi/Library/Developer/Xcode/DerivedData/SugarBeat-hgoxfxbbugxkfsbmqcjlbmjeaqyg/Build/Products/Debug-iphonesimulator/PackageFrameworks -F /Users/fukushimatakumi/Library/Developer/Xcode/DerivedData/SugarBeat-hgoxfxbbugxkfsbmqcjlbmjeaqyg/Build/Products/Debug-iphonesimulator/PackageFrameworks -F /Users/fukushimatakumi/Library/Developer/Xcode/DerivedData/SugarBeat-hgoxfxbbugxkfsbmqcjlbmjeaqyg/Build/Products/Debug-iphonesimulator/PackageFrameworks -F /Users/fukushimatakumi/Library/Developer/Xcode/DerivedData/SugarBeat-hgoxfxbbugxkfsbmqcjlbmjeaqyg/Build/Products/Debug-iphonesimulator/PackageFrameworks -F /Users/fukushimatakumi/Library/Developer/Xcode/DerivedData/SugarBeat-hgoxfxbbugxkfsbmqcjlbmjeaqyg/Build/Products/Debug-iphonesimulator/PackageFrameworks -F /Users/fukushimatakumi/Library/Developer/Xcode/DerivedData/SugarBeat-hgoxfxbbugxkfsbmqcjlbmjeaqyg/Build/Products/Debug-iphonesimulator/PackageFrameworks -F /Users/fukushimatakumi/Library/Developer/Xcode/DerivedData/SugarBeat-hgoxfxbbugxkfsbmqcjlbmjeaqyg/Build/Products/Debug-iphonesimulator/PackageFrameworks -F /Users/fukushimatakumi/Library/Developer/Xcode/DerivedData/SugarBeat-hgoxfxbbugxkfsbmqcjlbmjeaqyg/Build/Products/Debug-iphonesimulator/PackageFrameworks -F /Users/fukushimatakumi/Library/Developer/Xcode/DerivedData/SugarBeat-hgoxfxbbugxkfsbmqcjlbmjeaqyg/Build/Products/Debug-iphonesimulator/PackageFrameworks -F /Users/fukushimatakumi/Library/Developer/Xcode/DerivedData/SugarBeat-hgoxfxbbugxkfsbmqcjlbmjeaqyg/Build/Products/Debug-iphonesimulator/PackageFrameworks -F /Users/fukushimatakumi/Library/Developer/Xcode/DerivedData/SugarBeat-hgoxfxbbugxkfsbmqcjlbmjeaqyg/Build/Products/Debug-iphonesimulator/PackageFrameworks -F /Users/fukushimatakumi/Library/Developer/Xcode/DerivedData/SugarBeat-hgoxfxbbugxkfsbmqcjlbmjeaqyg/Build/Products/Debug-iphonesimulator/PackageFrameworks -F /Users/fukushimatakumi/Library/Developer/Xcode/DerivedData/SugarBeat-hgoxfxbbugxkfsbmqcjlbmjeaqyg/Build/Products/Debug-iphonesimulator/PackageFrameworks -F /Users/fukushimatakumi/Library/Developer/Xcode/DerivedData/SugarBeat-hgoxfxbbugxkfsbmqcjlbmjeaqyg/Build/Products/Debug-iphonesimulator/PackageFrameworks -F /Users/fukushimatakumi/Library/Developer/Xcode/DerivedData/SugarBeat-hgoxfxbbugxkfsbmqcjlbmjeaqyg/Build/Products/Debug-iphonesimulator/PackageFrameworks -F /Users/fukushimatakumi/Library/Developer/Xcode/DerivedData/SugarBeat-hgoxfxbbugxkfsbmqcjlbmjeaqyg/Build/Products/Debug-iphonesimulator/PackageFrameworks -F /Users/fukushimatakumi/Library/Developer/Xcode/DerivedData/SugarBeat-hgoxfxbbugxkfsbmqcjlbmjeaqyg/Build/Products/Debug-iphonesimulator/PackageFrameworks -F /Users/fukushimatakumi/Library/Developer/Xcode/DerivedData/SugarBeat-hgoxfxbbugxkfsbmqcjlbmjeaqyg/Build/Products/Debug-iphonesimulator -c -j10 -enable-batch-mode -incremental -Xcc -ivfsstatcache -Xcc /Users/fukushimatakumi/Library/Developer/Xcode/DerivedData/SDKStatCaches.noindex/iphonesimulator18.4-22E235-71825a6d136aa4733edcbe86ece5525b.sdkstatcache -output-file-map /Users/fukushimatakumi/Library/Developer/Xcode/DerivedData/SugarBeat-hgoxfxbbugxkfsbmqcjlbmjeaqyg/Build/Intermediates.noindex/SugarBeat.build/Debug-iphonesimulator/SugarBeat.build/Objects-normal/arm64/SugarBeat-OutputFileMap.json -use-frontend-parseable-output -save-temps -no-color-diagnostics -serialize-diagnostics -emit-dependencies -emit-module -emit-module-path /Users/fukushimatakumi/Library/Developer/Xcode/DerivedData/SugarBeat-hgoxfxbbugxkfsbmqcjlbmjeaqyg/Build/Intermediates.noindex/SugarBeat.build/Debug-iphonesimulator/SugarBeat.build/Objects-normal/arm64/SugarBeat.swiftmodule -validate-clang-modules-once -clang-build-session-file /Users/fukushimatakumi/Library/Developer/Xcode/DerivedData/ModuleCache.noindex/Session.modulevalidation -Xcc -I/Users/fukushimatakumi/Library/Developer/Xcode/DerivedData/SugarBeat-hgoxfxbbugxkfsbmqcjlbmjeaqyg/Build/Intermediates.noindex/SugarBeat.build/Debug-iphonesimulator/SugarBeat.build/swift-overrides.hmap -emit-const-values -Xfrontend -const-gather-protocols-file -Xfrontend /Users/fukushimatakumi/Library/Developer/Xcode/DerivedData/SugarBeat-hgoxfxbbugxkfsbmqcjlbmjeaqyg/Build/Intermediates.noindex/SugarBeat.build/Debug-iphonesimulator/SugarBeat.build/Objects-normal/arm64/SugarBeat_const_extract_protocols.json -Xcc -iquote -Xcc /Users/fukushimatakumi/Library/Developer/Xcode/DerivedData/SugarBeat-hgoxfxbbugxkfsbmqcjlbmjeaqyg/Build/Intermediates.noindex/SugarBeat.build/Debug-iphonesimulator/SugarBeat.build/SugarBeat-generated-files.hmap -Xcc -I/Users/fukushimatakumi/Library/Developer/Xcode/DerivedData/SugarBeat-hgoxfxbbugxkfsbmqcjlbmjeaqyg/Build/Intermediates.noindex/SugarBeat.build/Debug-iphonesimulator/SugarBeat.build/SugarBeat-own-target-headers.hmap -Xcc -I/Users/fukushimatakumi/Library/Developer/Xcode/DerivedData/SugarBeat-hgoxfxbbugxkfsbmqcjlbmjeaqyg/Build/Intermediates.noindex/SugarBeat.build/Debug-iphonesimulator/SugarBeat.build/SugarBeat-all-non-framework-target-headers.hmap -Xcc -ivfsoverlay -Xcc /Users/fukushimatakumi/Library/Developer/Xcode/DerivedData/SugarBeat-hgoxfxbbugxkfsbmqcjlbmjeaqyg/Build/Intermediates.noindex/SugarBeat.build/Debug-iphonesimulator/SugarBeat-9b4bfaf8f5d669518fd7cb2cde12d7cc-VFS-iphonesimulator/all-product-headers.yaml -Xcc -iquote -Xcc /Users/fukushimatakumi/Library/Developer/Xcode/DerivedData/SugarBeat-hgoxfxbbugxkfsbmqcjlbmjeaqyg/Build/Intermediates.noindex/SugarBeat.build/Debug-iphonesimulator/SugarBeat.build/SugarBeat-project-headers.hmap -Xcc -I/Users/fukushimatakumi/Library/Developer/Xcode/DerivedData/SugarBeat-hgoxfxbbugxkfsbmqcjlbmjeaqyg/SourcePackages/checkouts/AppAuth-iOS/Sources/AppAuth -Xcc -I/Users/fukushimatakumi/Library/Developer/Xcode/DerivedData/SugarBeat-hgoxfxbbugxkfsbmqcjlbmjeaqyg/SourcePackages/checkouts/AppAuth-iOS/Sources/AppAuthCore -Xcc -I/Users/fukushimatakumi/Library/Developer/Xcode/DerivedData/SugarBeat-hgoxfxbbugxkfsbmqcjlbmjeaqyg/SourcePackages/checkouts/promises/Sources/FBLPromises/include -Xcc -I/Users/fukushimatakumi/Library/Developer/Xcode/DerivedData/SugarBeat-hgoxfxbbugxkfsbmqcjlbmjeaqyg/SourcePackages/checkouts/GoogleUtilities/GoogleUtilities/UserDefaults/Public -Xcc -I/Users/fukushimatakumi/Library/Developer/Xcode/DerivedData/SugarBeat-hgoxfxbbugxkfsbmqcjlbmjeaqyg/SourcePackages/checkouts/app-check/AppCheckCore/Sources/Public -Xcc -I/Users/fukushimatakumi/Library/Developer/Xcode/DerivedData/SugarBeat-hgoxfxbbugxkfsbmqcjlbmjeaqyg/SourcePackages/checkouts/GoogleSignIn-iOS/GoogleSignIn/Sources/Public -Xcc -I/Users/fukushimatakumi/Library/Developer/Xcode/DerivedData/SugarBeat-hgoxfxbbugxkfsbmqcjlbmjeaqyg/SourcePackages/checkouts/interop-ios-for-google-sdks/RecaptchaEnterprise/RecaptchaInterop/Public -Xcc -I/Users/fukushimatakumi/Library/Developer/Xcode/DerivedData/SugarBeat-hgoxfxbbugxkfsbmqcjlbmjeaqyg/SourcePackages/checkouts/GoogleUtilities/GoogleUtilities/Network/Public -Xcc -I/Users/fukushimatakumi/Library/Developer/Xcode/DerivedData/SugarBeat-hgoxfxbbugxkfsbmqcjlbmjeaqyg/SourcePackages/checkouts/GoogleUtilities/GoogleUtilities/Reachability/Public -Xcc -I/Users/fukushimatakumi/Library/Developer/Xcode/DerivedData/SugarBeat-hgoxfxbbugxkfsbmqcjlbmjeaqyg/SourcePackages/checkouts/GoogleUtilities/GoogleUtilities/AppDelegateSwizzler/Public -Xcc -I/Users/fukushimatakumi/Library/Developer/Xcode/DerivedData/SugarBeat-hgoxfxbbugxkfsbmqcjlbmjeaqyg/SourcePackages/checkouts/gtm-session-fetcher/Sources/Core/Public -Xcc -I/Users/fukushimatakumi/Library/Developer/Xcode/DerivedData/SugarBeat-hgoxfxbbugxkfsbmqcjlbmjeaqyg/SourcePackages/checkouts/firebase-ios-sdk/FirebaseAuth/Sources/Public -Xcc -I/Users/fukushimatakumi/Library/Developer/Xcode/DerivedData/SugarBeat-hgoxfxbbugxkfsbmqcjlbmjeaqyg/SourcePackages/checkouts/firebase-ios-sdk/FirebaseAuth/Interop/Public -Xcc -I/Users/fukushimatakumi/Library/Developer/Xcode/DerivedData/SugarBeat-hgoxfxbbugxkfsbmqcjlbmjeaqyg/SourcePackages/checkouts/GoogleUtilities/GoogleUtilities/NSData+zlib/Public -Xcc -I/Users/fukushimatakumi/Library/Developer/Xcode/DerivedData/SugarBeat-hgoxfxbbugxkfsbmqcjlbmjeaqyg/SourcePackages/checkouts/GoogleUtilities/GoogleUtilities/Environment/Public -Xcc -I/Users/fukushimatakumi/Library/Developer/Xcode/DerivedData/SugarBeat-hgoxfxbbugxkfsbmqcjlbmjeaqyg/SourcePackages/checkouts/GoogleUtilities/third_party/IsAppEncrypted/Public -Xcc -I/Users/fukushimatakumi/Library/Developer/Xcode/DerivedData/SugarBeat-hgoxfxbbugxkfsbmqcjlbmjeaqyg/SourcePackages/checkouts/GoogleUtilities/GoogleUtilities/Logger/Public -Xcc -I/Users/fukushimatakumi/Library/Developer/Xcode/DerivedData/SugarBeat-hgoxfxbbugxkfsbmqcjlbmjeaqyg/SourcePackages/checkouts/abseil-cpp-binary/absl-Wrapper/include -Xcc -I/Users/fukushimatakumi/Library/Developer/Xcode/DerivedData/SugarBeat-hgoxfxbbugxkfsbmqcjlbmjeaqyg/SourcePackages/checkouts/grpc-binary/openssl-grpc-Wrapper/include -Xcc -I/Users/fukushimatakumi/Library/Developer/Xcode/DerivedData/SugarBeat-hgoxfxbbugxkfsbmqcjlbmjeaqyg/SourcePackages/checkouts/grpc-binary/grpc-Wrapper/include -Xcc -I/Users/fukushimatakumi/Library/Developer/Xcode/DerivedData/SugarBeat-hgoxfxbbugxkfsbmqcjlbmjeaqyg/SourcePackages/checkouts/grpc-binary/grpcpp-Wrapper/include -Xcc -I/Users/fukushimatakumi/Library/Developer/Xcode/DerivedData/SugarBeat-hgoxfxbbugxkfsbmqcjlbmjeaqyg/SourcePackages/checkouts/nanopb/spm_headers -Xcc -I/Users/fukushimatakumi/Library/Developer/Xcode/DerivedData/SugarBeat-hgoxfxbbugxkfsbmqcjlbmjeaqyg/SourcePackages/checkouts/leveldb/include -Xcc -I/Users/fukushimatakumi/Library/Developer/Xcode/DerivedData/SugarBeat-hgoxfxbbugxkfsbmqcjlbmjeaqyg/SourcePackages/checkouts/firebase-ios-sdk/FirebaseCore/Extension -Xcc -I/Users/fukushimatakumi/Library/Developer/Xcode/DerivedData/SugarBeat-hgoxfxbbugxkfsbmqcjlbmjeaqyg/SourcePackages/checkouts/firebase-ios-sdk/FirebaseCore/Sources/Public -Xcc -I/Users/fukushimatakumi/Library/Developer/Xcode/DerivedData/SugarBeat-hgoxfxbbugxkfsbmqcjlbmjeaqyg/SourcePackages/checkouts/firebase-ios-sdk/CoreOnly/Sources -Xcc -I/Users/fukushimatakumi/Library/Developer/Xcode/DerivedData/SugarBeat-hgoxfxbbugxkfsbmqcjlbmjeaqyg/SourcePackages/checkouts/firebase-ios-sdk/FirebaseAppCheck/Interop/Public -Xcc -I/Users/fukushimatakumi/Library/Developer/Xcode/DerivedData/SugarBeat-hgoxfxbbugxkfsbmqcjlbmjeaqyg/SourcePackages/checkouts/firebase-ios-sdk/FirebaseFirestoreInternal -Xcc -I/Users/fukushimatakumi/Library/Developer/Xcode/DerivedData/SugarBeat-hgoxfxbbugxkfsbmqcjlbmjeaqyg/SourcePackages/checkouts/firebase-ios-sdk/SwiftPM-PlatformExclude/FirebaseFirestoreWrap/include -Xcc -I/Users/fukushimatakumi/Library/Developer/Xcode/DerivedData/SugarBeat-hgoxfxbbugxkfsbmqcjlbmjeaqyg/SourcePackages/checkouts/swift-package-manager-google-user-messaging-platform/UserMessagingPlatformTarget/include -Xcc -I/Users/fukushimatakumi/Library/Developer/Xcode/DerivedData/SugarBeat-hgoxfxbbugxkfsbmqcjlbmjeaqyg/Build/Products/Debug-iphonesimulator/include -Xcc -I/Users/fukushimatakumi/Library/Developer/Xcode/DerivedData/SugarBeat-hgoxfxbbugxkfsbmqcjlbmjeaqyg/Build/Intermediates.noindex/SugarBeat.build/Debug-iphonesimulator/SugarBeat.build/DerivedSources-normal/arm64 -Xcc -I/Users/fukushimatakumi/Library/Developer/Xcode/DerivedData/SugarBeat-hgoxfxbbugxkfsbmqcjlbmjeaqyg/Build/Intermediates.noindex/SugarBeat.build/Debug-iphonesimulator/SugarBeat.build/DerivedSources/arm64 -Xcc -I/Users/fukushimatakumi/Library/Developer/Xcode/DerivedData/SugarBeat-hgoxfxbbugxkfsbmqcjlbmjeaqyg/Build/Intermediates.noindex/SugarBeat.build/Debug-iphonesimulator/SugarBeat.build/DerivedSources -Xcc -DDEBUG\=1 -emit-objc-header -emit-objc-header-path /Users/fukushimatakumi/Library/Developer/Xcode/DerivedData/SugarBeat-hgoxfxbbugxkfsbmqcjlbmjeaqyg/Build/Intermediates.noindex/SugarBeat.build/Debug-iphonesimulator/SugarBeat.build/Objects-normal/arm64/SugarBeat-Swift.h -working-directory /Users/fukushimatakumi/develop/sugarbeat/sugarbeat-front -experimental-emit-module-separately -disable-cmo

PrecompileModule /Users/fukushimatakumi/Library/Developer/Xcode/DerivedData/SugarBeat-hgoxfxbbugxkfsbmqcjlbmjeaqyg/Build/Intermediates.noindex/ExplicitPrecompiledModules/FileProvider-5UP785WNOOJGDPGMT0XP8HJ9.scan
    cd /Users/fukushimatakumi/develop/sugarbeat/sugarbeat-front
    builtin-precompileModule /Users/fukushimatakumi/Library/Developer/Xcode/DerivedData/SugarBeat-hgoxfxbbugxkfsbmqcjlbmjeaqyg/Build/Intermediates.noindex/ExplicitPrecompiledModules/FileProvider-5UP785WNOOJGDPGMT0XP8HJ9.scan

SwiftMergeGeneratedHeaders /Users/fukushimatakumi/Library/Developer/Xcode/DerivedData/SugarBeat-hgoxfxbbugxkfsbmqcjlbmjeaqyg/Build/Intermediates.noindex/SugarBeat.build/Debug-iphonesimulator/SugarBeat.build/DerivedSources/SugarBeat-Swift.h /Users/fukushimatakumi/Library/Developer/Xcode/DerivedData/SugarBeat-hgoxfxbbugxkfsbmqcjlbmjeaqyg/Build/Intermediates.noindex/SugarBeat.build/Debug-iphonesimulator/SugarBeat.build/Objects-normal/arm64/SugarBeat-Swift.h (in target 'SugarBeat' from project 'SugarBeat')
    cd /Users/fukushimatakumi/develop/sugarbeat/sugarbeat-front
    builtin-swiftHeaderTool -arch arm64 /Users/fukushimatakumi/Library/Developer/Xcode/DerivedData/SugarBeat-hgoxfxbbugxkfsbmqcjlbmjeaqyg/Build/Intermediates.noindex/SugarBeat.build/Debug-iphonesimulator/SugarBeat.build/Objects-normal/arm64/SugarBeat-Swift.h -o /Users/fukushimatakumi/Library/Developer/Xcode/DerivedData/SugarBeat-hgoxfxbbugxkfsbmqcjlbmjeaqyg/Build/Intermediates.noindex/SugarBeat.build/Debug-iphonesimulator/SugarBeat.build/DerivedSources/SugarBeat-Swift.h

Copy /Users/fukushimatakumi/Library/Developer/Xcode/DerivedData/SugarBeat-hgoxfxbbugxkfsbmqcjlbmjeaqyg/Build/Products/Debug-iphonesimulator/SugarBeat.swiftmodule/arm64-apple-ios-simulator.swiftmodule /Users/fukushimatakumi/Library/Developer/Xcode/DerivedData/SugarBeat-hgoxfxbbugxkfsbmqcjlbmjeaqyg/Build/Intermediates.noindex/SugarBeat.build/Debug-iphonesimulator/SugarBeat.build/Objects-normal/arm64/SugarBeat.swiftmodule (in target 'SugarBeat' from project 'SugarBeat')
    cd /Users/fukushimatakumi/develop/sugarbeat/sugarbeat-front
    builtin-copy -exclude .DS_Store -exclude CVS -exclude .svn -exclude .git -exclude .hg -resolve-src-symlinks -rename /Users/fukushimatakumi/Library/Developer/Xcode/DerivedData/SugarBeat-hgoxfxbbugxkfsbmqcjlbmjeaqyg/Build/Intermediates.noindex/SugarBeat.build/Debug-iphonesimulator/SugarBeat.build/Objects-normal/arm64/SugarBeat.swiftmodule /Users/fukushimatakumi/Library/Developer/Xcode/DerivedData/SugarBeat-hgoxfxbbugxkfsbmqcjlbmjeaqyg/Build/Products/Debug-iphonesimulator/SugarBeat.swiftmodule/arm64-apple-ios-simulator.swiftmodule

Copy /Users/fukushimatakumi/Library/Developer/Xcode/DerivedData/SugarBeat-hgoxfxbbugxkfsbmqcjlbmjeaqyg/Build/Products/Debug-iphonesimulator/SugarBeat.swiftmodule/arm64-apple-ios-simulator.swiftdoc /Users/fukushimatakumi/Library/Developer/Xcode/DerivedData/SugarBeat-hgoxfxbbugxkfsbmqcjlbmjeaqyg/Build/Intermediates.noindex/SugarBeat.build/Debug-iphonesimulator/SugarBeat.build/Objects-normal/arm64/SugarBeat.swiftdoc (in target 'SugarBeat' from project 'SugarBeat')
    cd /Users/fukushimatakumi/develop/sugarbeat/sugarbeat-front
    builtin-copy -exclude .DS_Store -exclude CVS -exclude .svn -exclude .git -exclude .hg -resolve-src-symlinks -rename /Users/fukushimatakumi/Library/Developer/Xcode/DerivedData/SugarBeat-hgoxfxbbugxkfsbmqcjlbmjeaqyg/Build/Intermediates.noindex/SugarBeat.build/Debug-iphonesimulator/SugarBeat.build/Objects-normal/arm64/SugarBeat.swiftdoc /Users/fukushimatakumi/Library/Developer/Xcode/DerivedData/SugarBeat-hgoxfxbbugxkfsbmqcjlbmjeaqyg/Build/Products/Debug-iphonesimulator/SugarBeat.swiftmodule/arm64-apple-ios-simulator.swiftdoc

Copy /Users/fukushimatakumi/Library/Developer/Xcode/DerivedData/SugarBeat-hgoxfxbbugxkfsbmqcjlbmjeaqyg/Build/Products/Debug-iphonesimulator/SugarBeat.swiftmodule/arm64-apple-ios-simulator.abi.json /Users/fukushimatakumi/Library/Developer/Xcode/DerivedData/SugarBeat-hgoxfxbbugxkfsbmqcjlbmjeaqyg/Build/Intermediates.noindex/SugarBeat.build/Debug-iphonesimulator/SugarBeat.build/Objects-normal/arm64/SugarBeat.abi.json (in target 'SugarBeat' from project 'SugarBeat')
    cd /Users/fukushimatakumi/develop/sugarbeat/sugarbeat-front
    builtin-copy -exclude .DS_Store -exclude CVS -exclude .svn -exclude .git -exclude .hg -resolve-src-symlinks -rename /Users/fukushimatakumi/Library/Developer/Xcode/DerivedData/SugarBeat-hgoxfxbbugxkfsbmqcjlbmjeaqyg/Build/Intermediates.noindex/SugarBeat.build/Debug-iphonesimulator/SugarBeat.build/Objects-normal/arm64/SugarBeat.abi.json /Users/fukushimatakumi/Library/Developer/Xcode/DerivedData/SugarBeat-hgoxfxbbugxkfsbmqcjlbmjeaqyg/Build/Products/Debug-iphonesimulator/SugarBeat.swiftmodule/arm64-apple-ios-simulator.abi.json

Copy /Users/fukushimatakumi/Library/Developer/Xcode/DerivedData/SugarBeat-hgoxfxbbugxkfsbmqcjlbmjeaqyg/Build/Products/Debug-iphonesimulator/SugarBeat.swiftmodule/Project/arm64-apple-ios-simulator.swiftsourceinfo /Users/fukushimatakumi/Library/Developer/Xcode/DerivedData/SugarBeat-hgoxfxbbugxkfsbmqcjlbmjeaqyg/Build/Intermediates.noindex/SugarBeat.build/Debug-iphonesimulator/SugarBeat.build/Objects-normal/arm64/SugarBeat.swiftsourceinfo (in target 'SugarBeat' from project 'SugarBeat')
    cd /Users/fukushimatakumi/develop/sugarbeat/sugarbeat-front
    builtin-copy -exclude .DS_Store -exclude CVS -exclude .svn -exclude .git -exclude .hg -resolve-src-symlinks -rename /Users/fukushimatakumi/Library/Developer/Xcode/DerivedData/SugarBeat-hgoxfxbbugxkfsbmqcjlbmjeaqyg/Build/Intermediates.noindex/SugarBeat.build/Debug-iphonesimulator/SugarBeat.build/Objects-normal/arm64/SugarBeat.swiftsourceinfo /Users/fukushimatakumi/Library/Developer/Xcode/DerivedData/SugarBeat-hgoxfxbbugxkfsbmqcjlbmjeaqyg/Build/Products/Debug-iphonesimulator/SugarBeat.swiftmodule/Project/arm64-apple-ios-simulator.swiftsourceinfo

PrecompileModule /Users/fukushimatakumi/Library/Developer/Xcode/DerivedData/SugarBeat-hgoxfxbbugxkfsbmqcjlbmjeaqyg/Build/Intermediates.noindex/ExplicitPrecompiledModules/OpenGLES-2MZYA5GM0M9LTIVU5P2TNGNK2.scan
    cd /Users/fukushimatakumi/develop/sugarbeat/sugarbeat-front
    builtin-precompileModule /Users/fukushimatakumi/Library/Developer/Xcode/DerivedData/SugarBeat-hgoxfxbbugxkfsbmqcjlbmjeaqyg/Build/Intermediates.noindex/ExplicitPrecompiledModules/OpenGLES-2MZYA5GM0M9LTIVU5P2TNGNK2.scan

PrecompileModule /Users/fukushimatakumi/Library/Developer/Xcode/DerivedData/SugarBeat-hgoxfxbbugxkfsbmqcjlbmjeaqyg/Build/Intermediates.noindex/ExplicitPrecompiledModules/AppAuthCore-8P2FB451XKCGQ9GX4R13FDSVJ.scan
    cd /Users/fukushimatakumi/develop/sugarbeat/sugarbeat-front
    builtin-precompileModule /Users/fukushimatakumi/Library/Developer/Xcode/DerivedData/SugarBeat-hgoxfxbbugxkfsbmqcjlbmjeaqyg/Build/Intermediates.noindex/ExplicitPrecompiledModules/AppAuthCore-8P2FB451XKCGQ9GX4R13FDSVJ.scan

warning: Skipping duplicate build file in Compile Sources build phase: /Users/fukushimatakumi/develop/sugarbeat/sugarbeat-front/SugarBeat/Models/CreateCommentRequest.swift (in target 'SugarBeat' from project 'SugarBeat')
warning: Skipping duplicate build file in Compile Sources build phase: /Users/fukushimatakumi/develop/sugarbeat/sugarbeat-front/SugarBeat/Utils/FirebaseConfig.swift (in target 'SugarBeat' from project 'SugarBeat')
warning: Skipping duplicate build file in Compile Sources build phase: /Users/fukushimatakumi/develop/sugarbeat/sugarbeat-front/SugarBeat/Services/FirebaseStorageManager.swift (in target 'SugarBeat' from project 'SugarBeat')
warning: Skipping duplicate build file in Compile Sources build phase: /Users/fukushimatakumi/develop/sugarbeat/sugarbeat-front/SugarBeat/Services/FirestoreBlockManager.swift (in target 'SugarBeat' from project 'SugarBeat')
warning: Skipping duplicate build file in Compile Sources build phase: /Users/fukushimatakumi/develop/sugarbeat/sugarbeat-front/SugarBeat/Services/FirestoreCacheManager.swift (in target 'SugarBeat' from project 'SugarBeat')
warning: Skipping duplicate build file in Compile Sources build phase: /Users/fukushimatakumi/develop/sugarbeat/sugarbeat-front/SugarBeat/Services/FirestoreCommentManager.swift (in target 'SugarBeat' from project 'SugarBeat')
warning: Skipping duplicate build file in Compile Sources build phase: /Users/fukushimatakumi/develop/sugarbeat/sugarbeat-front/SugarBeat/Services/FirestoreFollowManager.swift (in target 'SugarBeat' from project 'SugarBeat')
warning: Skipping duplicate build file in Compile Sources build phase: /Users/fukushimatakumi/develop/sugarbeat/sugarbeat-front/SugarBeat/Services/FirestoreLikeManager.swift (in target 'SugarBeat' from project 'SugarBeat')
warning: Skipping duplicate build file in Compile Sources build phase: /Users/fukushimatakumi/develop/sugarbeat/sugarbeat-front/SugarBeat/Services/FirestoreListenerManager.swift (in target 'SugarBeat' from project 'SugarBeat')
warning: Skipping duplicate build file in Compile Sources build phase: /Users/fukushimatakumi/develop/sugarbeat/sugarbeat-front/SugarBeat/Services/FirestoreNotificationManager.swift (in target 'SugarBeat' from project 'SugarBeat')
warning: Skipping duplicate build file in Compile Sources build phase: /Users/fukushimatakumi/develop/sugarbeat/sugarbeat-front/SugarBeat/Services/FirestorePostManager.swift (in target 'SugarBeat' from project 'SugarBeat')
warning: Skipping duplicate build file in Compile Sources build phase: /Users/fukushimatakumi/develop/sugarbeat/sugarbeat-front/SugarBeat/Services/FirestoreReportManager.swift (in target 'SugarBeat' from project 'SugarBeat')
warning: Skipping duplicate build file in Compile Sources build phase: /Users/fukushimatakumi/develop/sugarbeat/sugarbeat-front/SugarBeat/Services/FirestoreUnreadManager.swift (in target 'SugarBeat' from project 'SugarBeat')
warning: Skipping duplicate build file in Compile Sources build phase: /Users/fukushimatakumi/develop/sugarbeat/sugarbeat-front/SugarBeat/Services/FirestoreUserManager.swift (in target 'SugarBeat' from project 'SugarBeat')
warning: Skipping duplicate build file in Compile Sources build phase: /Users/fukushimatakumi/develop/sugarbeat/sugarbeat-front/SugarBeat/Models/Report.swift (in target 'SugarBeat' from project 'SugarBeat')
** BUILD FAILED **


The following build commands failed:
	SwiftCompile normal arm64 Compiling\ FirestoreUnreadManager.swift,\ FirestoreUserManager.swift,\ Report.swift,\ EditableImagePicker.swift,\ FeedViewModel.swift,\ FollowListView.swift,\ FollowingFeedView.swift /Users/fukushimatakumi/develop/sugarbeat/sugarbeat-front/SugarBeat/Services/FirestoreUnreadManager.swift /Users/fukushimatakumi/develop/sugarbeat/sugarbeat-front/SugarBeat/Services/FirestoreUserManager.swift /Users/fukushimatakumi/develop/sugarbeat/sugarbeat-front/SugarBeat/Models/Report.swift /Users/fukushimatakumi/develop/sugarbeat/sugarbeat-front/SugarBeat/Utils/EditableImagePicker.swift /Users/fukushimatakumi/develop/sugarbeat/sugarbeat-front/SugarBeat/ViewModels/FeedViewModel.swift /Users/fukushimatakumi/develop/sugarbeat/sugarbeat-front/SugarBeat/Views/FollowListView.swift /Users/fukushimatakumi/develop/sugarbeat/sugarbeat-front/SugarBeat/Views/FollowingFeedView.swift (in target 'SugarBeat' from project 'SugarBeat')
	SwiftCompile normal arm64 /Users/fukushimatakumi/develop/sugarbeat/sugarbeat-front/SugarBeat/Views/FollowingFeedView.swift (in target 'SugarBeat' from project 'SugarBeat')
	Building workspace SugarBeat with scheme SugarBeat
(3 failures)
